============================= test session starts ==============================
platform darwin -- Python 3.10.16, pytest-8.3.5, pluggy-1.5.0 -- /Users/yanbin/miniconda/envs/paper-checker-llm/bin/python
cachedir: .pytest_cache
rootdir: /Volumes/extern-1t-x5/workspace/01-repo/03-personal-repo/paper-checker-llm/backend
collecting ... 测试文件路径: /Volumes/extern-1t-x5/workspace/01-repo/03-personal-repo/paper-checker-llm/backend/test/docs/test.docx
文件是否存在: True

主题颜色:
  accent1: #4472C4
  accent2: #ED7D31
  accent3: #A5A5A5
  accent4: #FFC000
  accent5: #5B9BD5
  accent6: #70AD47
  dark1: #000000
  dark2: #1F497D
  light1: #FFFFFF
  light2: #EEECE1
  hyperlink: #0000FF
  followedHyperlink: #800080
  dk2: #44546A
  lt2: #E7E6E6
  hlink: #0563C1
  folHlink: #954F72
  phClr: #808080

样式定义:
  Normal: 字体=Times New Roman, 字号=12.0, 颜色=None
  Heading 1: 字体=None, 字号=15.0, 颜色=None
    继承自: Normal
  Heading 2: 字体=None, 字号=14.0, 颜色=None
    继承自: Normal
  Heading 3: 字体=None, 字号=None, 颜色=None
    继承自: Normal
  Heading 4: 字体=None, 字号=None, 颜色=None
    继承自: Normal
  Heading 5: 字体=None, 字号=None, 颜色=None
    继承自: Normal
  Heading 6: 字体=None, 字号=None, 颜色=None
    继承自: Normal
  Default Paragraph Font: 字体=None, 字号=None, 颜色=None
  Normal Table: 字体=None, 字号=None, 颜色=None
  No List: 字体=None, 字号=None, 颜色=None
  封面学号: 字体=宋体, 字号=None, 颜色=None
    继承自: Normal
  封面空行: 字体=宋体, 字号=None, 颜色=None
    继承自: Normal
  封面类型: 字体=宋体, 字号=22.0, 颜色=None
    继承自: Normal
  封面标题（中）: 字体=黑体, 字号=18.0, 颜色=None
    继承自: Normal
  封面标题（英）: 字体=None, 字号=16.0, 颜色=None
    继承自: Normal
  封面姓名: 字体=楷体, 字号=18.0, 颜色=None
    继承自: Normal
  封面日期: 字体=宋体, 字号=14.0, 颜色=None
    继承自: Normal
  封面信息: 字体=None, 字号=15.0, 颜色=None
    继承自: Normal
  声明标题: 字体=黑体, 字号=18.0, 颜色=None
    继承自: Normal
  声明正文: 字体=None, 字号=14.0, 颜色=None
    继承自: Normal
  Header: 字体=None, 字号=10.5, 颜色=None
    继承自: Normal
  页眉 字符: 字体=Times New Roman, 字号=None, 颜色=None
    继承自: Default Paragraph Font
  Footer: 字体=None, 字号=10.5, 颜色=None
    继承自: Normal
  页脚 字符: 字体=Times New Roman, 字号=None, 颜色=None
    继承自: Default Paragraph Font
  摘要目录标题: 字体=None, 字号=16.0, 颜色=None
    继承自: Normal
  关键词: 字体=None, 字号=None, 颜色=None
    继承自: Normal
  page number: 字体=None, 字号=None, 颜色=None
    继承自: Default Paragraph Font
  标题 1 字符: 字体=Times New Roman, 字号=15.0, 颜色=None
    继承自: Default Paragraph Font
  标题 2 字符: 字体=Times New Roman, 字号=14.0, 颜色=None
    继承自: Default Paragraph Font
  标题 3 字符: 字体=Times New Roman, 字号=12.0, 颜色=None
    继承自: Default Paragraph Font
  标题 5 字符: 字体=Times New Roman, 字号=12.0, 颜色=None
    继承自: Default Paragraph Font
  标题 6 字符: 字体=Times New Roman, 字号=12.0, 颜色=None
    继承自: Default Paragraph Font
  Title: 字体=None, 字号=16.0, 颜色=None
    继承自: Normal
  标题 字符: 字体=None, 字号=16.0, 颜色=None
    继承自: Default Paragraph Font
  附录正文: 字体=None, 字号=10.5, 颜色=None
    继承自: Normal
  toc 1: 字体=None, 字号=14.0, 颜色=None
    继承自: Normal
  toc 2: 字体=None, 字号=None, 颜色=None
    继承自: Normal
  toc 3: 字体=None, 字号=None, 颜色=None
    继承自: Normal
  toc 4: 字体=None, 字号=9.0, 颜色=None
    继承自: Normal
  toc 5: 字体=None, 字号=9.0, 颜色=None
    继承自: Normal
  toc 6: 字体=None, 字号=9.0, 颜色=None
    继承自: Normal
  toc 7: 字体=None, 字号=9.0, 颜色=None
    继承自: Normal
  toc 8: 字体=None, 字号=9.0, 颜色=None
    继承自: Normal
  toc 9: 字体=None, 字号=9.0, 颜色=None
    继承自: Normal
  Hyperlink: 字体=None, 字号=None, 颜色=0563C1
    继承自: Default Paragraph Font
  Caption: 字体=None, 字号=None, 颜色=None
    继承自: Normal
  Subtitle: 字体=None, 字号=16.0, 颜色=None
    继承自: Normal
  副标题 字符: 字体=None, 字号=16.0, 颜色=None
    继承自: Default Paragraph Font
  图表资料来源: 字体=None, 字号=9.0, 颜色=None
    继承自: Normal
  Table Grid: 字体=None, 字号=None, 颜色=None
    继承自: Normal Table
  图表正文: 字体=None, 字号=10.5, 颜色=None
    继承自: Normal
  图表单位: 字体=None, 字号=10.5, 颜色=None
    继承自: Normal
  标题 4 字符: 字体=Times New Roman, 字号=12.0, 颜色=None
    继承自: Default Paragraph Font
  List Paragraph: 字体=None, 字号=None, 颜色=None
    继承自: Normal
  endnote text: 字体=None, 字号=10.5, 颜色=None
    继承自: Normal
  尾注文本 字符: 字体=Times New Roman, 字号=None, 颜色=None
    继承自: Default Paragraph Font
  endnote reference: 字体=None, 字号=None, 颜色=None
    继承自: Default Paragraph Font
  当前列表1: 字体=None, 字号=None, 颜色=None
  table of figures: 字体=None, 字号=None, 颜色=None
    继承自: 附录正文
  Unresolved Mention: 字体=None, 字号=None, 颜色=605E5C
    继承自: Default Paragraph Font
  Placeholder Text: 字体=None, 字号=None, 颜色=808080
    继承自: Default Paragraph Font
  公式: 字体=Cambria Math, 字号=None, 颜色=None
    继承自: Normal
  正文-缩进: 字体=None, 字号=None, 颜色=None
    继承自: Normal
  Revision: 字体=Times New Roman, 字号=12.0, 颜色=None
  annotation reference: 字体=None, 字号=8.0, 颜色=None
    继承自: Default Paragraph Font
  annotation text: 字体=None, 字号=10.0, 颜色=None
    继承自: Normal
  批注文字 字符: 字体=Times New Roman, 字号=10.0, 颜色=None
    继承自: Default Paragraph Font
  annotation subject: 字体=None, 字号=None, 颜色=None
    继承自: annotation text
  批注主题 字符: 字体=Times New Roman, 字号=10.0, 颜色=None
    继承自: 批注文字 字符
  footnote text: 字体=None, 字号=9.0, 颜色=None
    继承自: Normal
  脚注文本 字符: 字体=Times New Roman, 字号=9.0, 颜色=None
    继承自: Default Paragraph Font
  footnote reference: 字体=None, 字号=None, 颜色=None
    继承自: Default Paragraph Font
  当前列表2: 字体=None, 字号=None, 颜色=None
  附录正文-缩进: 字体=None, 字号=None, 颜色=None
    继承自: 附录正文
  Normal (Web): 字体=宋体, 字号=None, 颜色=None
    继承自: Normal
  HTML Preformatted: 字体=宋体, 字号=None, 颜色=None
    继承自: Normal
  HTML 预设格式 字符: 字体=宋体, 字号=12.0, 颜色=None
    继承自: Default Paragraph Font
  Grid Table 4 Accent 1: 字体=None, 字号=None, 颜色=None
    继承自: Normal Table
  Plain Table 3: 字体=None, 字号=None, 颜色=None
    继承自: Normal Table
  Strong: 字体=None, 字号=None, 颜色=None
    继承自: Default Paragraph Font
  EndNote Bibliography Title: 字体=None, 字号=None, 颜色=None
    继承自: Normal
  EndNote Bibliography Title 字符: 字体=Times New Roman, 字号=12.0, 颜色=None
    继承自: Default Paragraph Font
  EndNote Bibliography: 字体=None, 字号=None, 颜色=None
    继承自: Normal
  EndNote Bibliography 字符: 字体=Times New Roman, 字号=12.0, 颜色=None
    继承自: Default Paragraph Font
  Plain Table 2: 字体=None, 字号=None, 颜色=None
    继承自: Normal Table
  Plain Table 4: 字体=Times New Roman, 字号=None, 颜色=None
    继承自: Normal Table
  Plain Table 5: 字体=None, 字号=None, 颜色=None
    继承自: Normal Table
  List Table 1 Light Accent 3: 字体=None, 字号=None, 颜色=None
    继承自: Normal Table
  Grid Table Light: 字体=None, 字号=None, 颜色=None
    继承自: Normal Table
  Plain Table 1: 字体=None, 字号=None, 颜色=None
    继承自: Normal Table
  List Table 6 Colorful: 字体=None, 字号=None, 颜色=000000
    继承自: Normal Table
  List Table 1 Light: 字体=None, 字号=None, 颜色=None
    继承自: Normal Table
  List Table 6 Colorful Accent 3: 字体=None, 字号=None, 颜色=7B7B7B
    继承自: Normal Table
  样式1-无间隔线1: 字体=Times New Roman, 字号=None, 颜色=None
    继承自: Normal Table
  样式1-无间隔线2: 字体=Times New Roman, 字号=None, 颜色=None
    继承自: Normal Table
  List Table 6 Colorful Accent 1: 字体=None, 字号=None, 颜色=2F5496
    继承自: Normal Table
  List Table 2: 字体=None, 字号=None, 颜色=None
    继承自: Normal Table
  当前列表3: 字体=None, 字号=None, 颜色=None
  Body Text 3: 字体=None, 字号=15.0, 颜色=None
    继承自: Normal
  正文文本 3 字符: 字体=Times New Roman, 字号=15.0, 颜色=None
    继承自: Default Paragraph Font
  厦大表名: 字体=None, 字号=None, 颜色=000000
    继承自: Normal
  厦大表正文: 字体=None, 字号=10.5, 颜色=000000
    继承自: Normal
  厦大表注: 字体=None, 字号=9.0, 颜色=000000
    继承自: Normal
  无格式表格 31: 字体=Times New Roman, 字号=10.0, 颜色=None
    继承自: Normal Table
  样式2-有间隔线: 字体=Times New Roman, 字号=None, 颜色=None
    继承自: Normal Table

段落格式示例:

段落 1: 学校编码：10384...
  样式链: 封面学号 -> Normal
  字体: 宋体
  字号: 12.0
  颜色: None
  Run 1: 学校编码：10384...
    字体: None
    字号: None
    颜色: None
    粗体: None
    斜体: None

段落 2: 学    号：17920221155513...
  样式链: 封面学号 -> Normal
  字体: 宋体
  字号: 12.0
  颜色: None
  Run 1: 学    号：...
    字体: None
    字号: None
    颜色: None
    粗体: None
    斜体: None
  Run 2: 17920221155513...
    字体: None
    字号: None
    颜色: None
    粗体: None
    斜体: None

完整分析结果已保存到 /Volumes/extern-1t-x5/workspace/01-repo/03-personal-repo/paper-checker-llm/backend/test/doc_format_analysis.json
collected 3 items

test/test_app.py::test_health_check PASSED
test/test_app.py::test_upload_no_file PASSED
test/test_app.py::test_paper_parser_file 
测试文件路径: /Volumes/extern-1t-x5/workspace/01-repo/03-personal-repo/paper-checker-llm/backend/test/docs/test.docx
文件是否存在: True
文档段落数量: 1255
文档表格数量: 26

文档格式分析结果:

文档样式定义:
段落样式: Normal
  字体名称: Times New Roman
  字体大小: 152400
  字体大小(pt): 12.0
  字体颜色: 未设置
段落样式: Heading 1
  字体名称: 未设置
  字体大小: 190500
  字体大小(pt): 15.0
  字体颜色: 未设置
段落样式: Heading 2
  字体名称: 未设置
  字体大小: 177800
  字体大小(pt): 14.0
  字体颜色: 未设置
段落样式: Heading 3
  字体名称: 未设置
  字体大小: 未设置
  字体颜色: 未设置
段落样式: Heading 4
  字体名称: 未设置
  字体大小: 未设置
  字体颜色: 未设置
段落样式: Heading 5
  字体名称: 未设置
  字体大小: 未设置
  字体颜色: 未设置
段落样式: Heading 6
  字体名称: 未设置
  字体大小: 未设置
  字体颜色: 未设置
段落样式: 封面学号
  字体名称: 宋体
  字体大小: 未设置
  字体颜色: 未设置
段落样式: 封面空行
  字体名称: 宋体
  字体大小: 未设置
  字体颜色: 未设置
段落样式: 封面类型
  字体名称: 宋体
  字体大小: 279400
  字体大小(pt): 22.0
  字体颜色: 未设置
段落样式: 封面标题（中）
  字体名称: 黑体
  字体大小: 228600
  字体大小(pt): 18.0
  字体颜色: 未设置
段落样式: 封面标题（英）
  字体名称: 未设置
  字体大小: 203200
  字体大小(pt): 16.0
  字体颜色: 未设置
段落样式: 封面姓名
  字体名称: 楷体
  字体大小: 228600
  字体大小(pt): 18.0
  字体颜色: 未设置
段落样式: 封面日期
  字体名称: 宋体
  字体大小: 177800
  字体大小(pt): 14.0
  字体颜色: 未设置
段落样式: 封面信息
  字体名称: 未设置
  字体大小: 190500
  字体大小(pt): 15.0
  字体颜色: 未设置
段落样式: 声明标题
  字体名称: 黑体
  字体大小: 228600
  字体大小(pt): 18.0
  字体颜色: 未设置
段落样式: 声明正文
  字体名称: 未设置
  字体大小: 177800
  字体大小(pt): 14.0
  字体颜色: 未设置
段落样式: Header
  字体名称: 未设置
  字体大小: 133350
  字体大小(pt): 10.5
  字体颜色: 未设置
段落样式: Footer
  字体名称: 未设置
  字体大小: 133350
  字体大小(pt): 10.5
  字体颜色: 未设置
段落样式: 摘要目录标题
  字体名称: 未设置
  字体大小: 203200
  字体大小(pt): 16.0
  字体颜色: 未设置
段落样式: 关键词
  字体名称: 未设置
  字体大小: 未设置
  字体颜色: 未设置
段落样式: Title
  字体名称: 未设置
  字体大小: 203200
  字体大小(pt): 16.0
  字体颜色: 未设置
段落样式: 附录正文
  字体名称: 未设置
  字体大小: 133350
  字体大小(pt): 10.5
  字体颜色: 未设置
段落样式: toc 1
  字体名称: 未设置
  字体大小: 177800
  字体大小(pt): 14.0
  字体颜色: 未设置
段落样式: toc 2
  字体名称: 未设置
  字体大小: 未设置
  字体颜色: 未设置
段落样式: toc 3
  字体名称: 未设置
  字体大小: 未设置
  字体颜色: 未设置
段落样式: toc 4
  字体名称: 未设置
  字体大小: 114300
  字体大小(pt): 9.0
  字体颜色: 未设置
段落样式: toc 5
  字体名称: 未设置
  字体大小: 114300
  字体大小(pt): 9.0
  字体颜色: 未设置
段落样式: toc 6
  字体名称: 未设置
  字体大小: 114300
  字体大小(pt): 9.0
  字体颜色: 未设置
段落样式: toc 7
  字体名称: 未设置
  字体大小: 114300
  字体大小(pt): 9.0
  字体颜色: 未设置
段落样式: toc 8
  字体名称: 未设置
  字体大小: 114300
  字体大小(pt): 9.0
  字体颜色: 未设置
段落样式: toc 9
  字体名称: 未设置
  字体大小: 114300
  字体大小(pt): 9.0
  字体颜色: 未设置
段落样式: Caption
  字体名称: 未设置
  字体大小: 未设置
  字体颜色: 未设置
段落样式: Subtitle
  字体名称: 未设置
  字体大小: 203200
  字体大小(pt): 16.0
  字体颜色: 未设置
段落样式: 图表资料来源
  字体名称: 未设置
  字体大小: 114300
  字体大小(pt): 9.0
  字体颜色: 未设置
段落样式: 图表正文
  字体名称: 未设置
  字体大小: 133350
  字体大小(pt): 10.5
  字体颜色: 未设置
段落样式: 图表单位
  字体名称: 未设置
  字体大小: 133350
  字体大小(pt): 10.5
  字体颜色: 未设置
段落样式: List Paragraph
  字体名称: 未设置
  字体大小: 未设置
  字体颜色: 未设置
段落样式: endnote text
  字体名称: 未设置
  字体大小: 133350
  字体大小(pt): 10.5
  字体颜色: 未设置
段落样式: table of figures
  字体名称: 未设置
  字体大小: 未设置
  字体颜色: 未设置
段落样式: 公式
  字体名称: Cambria Math
  字体大小: 未设置
  字体颜色: 未设置
段落样式: 正文-缩进
  字体名称: 未设置
  字体大小: 未设置
  字体颜色: 未设置
段落样式: Revision
  字体名称: Times New Roman
  字体大小: 152400
  字体大小(pt): 12.0
  字体颜色: 未设置
段落样式: annotation text
  字体名称: 未设置
  字体大小: 127000
  字体大小(pt): 10.0
  字体颜色: 未设置
段落样式: annotation subject
  字体名称: 未设置
  字体大小: 未设置
  字体颜色: 未设置
段落样式: footnote text
  字体名称: 未设置
  字体大小: 114300
  字体大小(pt): 9.0
  字体颜色: 未设置
段落样式: 附录正文-缩进
  字体名称: 未设置
  字体大小: 未设置
  字体颜色: 未设置
段落样式: Normal (Web)
  字体名称: 宋体
  字体大小: 未设置
  字体颜色: 未设置
段落样式: HTML Preformatted
  字体名称: 宋体
  字体大小: 未设置
  字体颜色: 未设置
段落样式: EndNote Bibliography Title
  字体名称: 未设置
  字体大小: 未设置
  字体颜色: 未设置
段落样式: EndNote Bibliography
  字体名称: 未设置
  字体大小: 未设置
  字体颜色: 未设置
段落样式: Body Text 3
  字体名称: 未设置
  字体大小: 190500
  字体大小(pt): 15.0
  字体颜色: 未设置
段落样式: 厦大表名
  字体名称: 未设置
  字体大小: 未设置
  字体颜色: 000000
段落样式: 厦大表正文
  字体名称: 未设置
  字体大小: 133350
  字体大小(pt): 10.5
  字体颜色: 000000
段落样式: 厦大表注
  字体名称: 未设置
  字体大小: 114300
  字体大小(pt): 9.0
  字体颜色: 000000

段落 1:
文本内容: 学校编码：10384
段落样式: 封面学号
从样式获取的格式:
  样式字体: 宋体
  样式字号: 未设置
  样式颜色: 未设置
对齐方式: 未设置
左缩进: 未设置
右缩进: 未设置
首行缩进: 未设置
行间距: 未设置
从XML读取的格式:
  运行 1: '学校编码：10384'
    字体: 未设置
    大小: 未设置
    粗体: 未设置
    斜体: 未设置
    下划线: 未设置
    标准颜色: 未设置

段落 2:
文本内容: 学    号：17920221155513
段落样式: 封面学号
从样式获取的格式:
  样式字体: 宋体
  样式字号: 未设置
  样式颜色: 未设置
对齐方式: 未设置
左缩进: 未设置
右缩进: 未设置
首行缩进: 未设置
行间距: 未设置
从XML读取的格式:
  运行 1: '学    号：'
    字体: 未设置
    大小: 未设置
    粗体: 未设置
    斜体: 未设置
    下划线: 未设置
    标准颜色: 未设置
  运行 2: '17920221155513'
    字体: 未设置
    大小: 未设置
    粗体: 未设置
    斜体: 未设置
    下划线: 未设置
    标准颜色: 未设置

段落 9:
文本内容: 硕　士　学　位　论　文
段落样式: 封面类型
从样式获取的格式:
  样式字体: 宋体
  样式字号: 279400
  样式字号(pt): 22.0
  样式颜色: 未设置
对齐方式: 未设置
左缩进: 未设置
右缩进: 未设置
首行缩进: 未设置
行间距: 未设置
从XML读取的格式:
  运行 1: '硕'
    字体: 未设置
    大小: 未设置
    粗体: 未设置
    斜体: 未设置
    下划线: 未设置
    标准颜色: 未设置
  运行 2: '　'
    字体: 未设置
    大小: 未设置
    粗体: 未设置
    斜体: 未设置
    下划线: 未设置
    标准颜色: 未设置
  运行 3: '士'
    字体: 未设置
    大小: 未设置
    粗体: 未设置
    斜体: 未设置
    下划线: 未设置
    标准颜色: 未设置
  运行 4: '　'
    字体: 未设置
    大小: 未设置
    粗体: 未设置
    斜体: 未设置
    下划线: 未设置
    标准颜色: 未设置
  运行 5: '学'
    字体: 未设置
    大小: 未设置
    粗体: 未设置
    斜体: 未设置
    下划线: 未设置
    标准颜色: 未设置
  运行 6: '　'
    字体: 未设置
    大小: 未设置
    粗体: 未设置
    斜体: 未设置
    下划线: 未设置
    标准颜色: 未设置
  运行 7: '位'
    字体: 未设置
    大小: 未设置
    粗体: 未设置
    斜体: 未设置
    下划线: 未设置
    标准颜色: 未设置
  运行 8: '　'
    字体: 未设置
    大小: 未设置
    粗体: 未设置
    斜体: 未设置
    下划线: 未设置
    标准颜色: 未设置
  运行 9: '论'
    字体: 未设置
    大小: 未设置
    粗体: 未设置
    斜体: 未设置
    下划线: 未设置
    标准颜色: 未设置
  运行 10: '　'
    字体: 未设置
    大小: 未设置
    粗体: 未设置
    斜体: 未设置
    下划线: 未设置
    标准颜色: 未设置
  运行 11: '文'
    字体: 未设置
    大小: 未设置
    粗体: 未设置
    斜体: 未设置
    下划线: 未设置
    标准颜色: 未设置

段落 11:
文本内容: Y医疗器械公司营销策略研究
段落样式: Body Text 3
从样式获取的格式:
  样式字体: 未设置
  样式字号: 190500
  样式字号(pt): 15.0
  样式颜色: 未设置
对齐方式: 未设置
左缩进: 未设置
右缩进: 未设置
首行缩进: 未设置
行间距: 381000
从XML读取的格式:
  XML字号: 22.0pt
  运行 1: 'Y'
    字体: 未设置
    大小: 279400
    大小(pt): 22.0
    粗体: 未设置
    斜体: 未设置
    下划线: 未设置
    标准颜色: 未设置
  运行 2: '医疗器械公司营销策略研究'
    字体: 黑体
    大小: 279400
    大小(pt): 22.0
    粗体: 未设置
    斜体: 未设置
    下划线: 未设置
    标准颜色: 未设置

段落 12:
文本内容: Research on the Marketing Strategy of 
段落样式: 封面标题（英）
从样式获取的格式:
  样式字体: 未设置
  样式字号: 203200
  样式字号(pt): 16.0
  样式颜色: 未设置
对齐方式: 未设置
左缩进: 未设置
右缩进: 未设置
首行缩进: 未设置
行间距: 未设置
从XML读取的格式:
  运行 1: 'Research on '
    字体: 未设置
    大小: 未设置
    粗体: 未设置
    斜体: 未设置
    下划线: 未设置
    标准颜色: 未设置
  运行 2: 'the '
    字体: 未设置
    大小: 未设置
    粗体: 未设置
    斜体: 未设置
    下划线: 未设置
    标准颜色: 未设置
  运行 3: 'Marketing Strategy'
    字体: 未设置
    大小: 未设置
    粗体: 未设置
    斜体: 未设置
    下划线: 未设置
    标准颜色: 未设置
  运行 4: ' '
    字体: 未设置
    大小: 未设置
    粗体: 未设置
    斜体: 未设置
    下划线: 未设置
    标准颜色: 未设置
  运行 5: 'of'
    字体: 未设置
    大小: 未设置
    粗体: 未设置
    斜体: 未设置
    下划线: 未设置
    标准颜色: 未设置
  运行 6: ' '
    字体: 未设置
    大小: 未设置
    粗体: 未设置
    斜体: 未设置
    下划线: 未设置
    标准颜色: 未设置

段落 13:
文本内容: Y Medical Devices Company
段落样式: 封面标题（英）
从样式获取的格式:
  样式字体: 未设置
  样式字号: 203200
  样式字号(pt): 16.0
  样式颜色: 未设置
对齐方式: 未设置
左缩进: 未设置
右缩进: 未设置
首行缩进: 未设置
行间距: 未设置
从XML读取的格式:
  运行 1: 'Y Medical '
    字体: 未设置
    大小: 未设置
    粗体: 未设置
    斜体: 未设置
    下划线: 未设置
    标准颜色: 未设置
  运行 2: 'Devices C'
    字体: 未设置
    大小: 未设置
    粗体: 未设置
    斜体: 未设置
    下划线: 未设置
    标准颜色: 未设置
  运行 3: 'ompany'
    字体: 未设置
    大小: 未设置
    粗体: 未设置
    斜体: 未设置
    下划线: 未设置
    标准颜色: 未设置

段落 17:
文本内容: 林振伟
段落样式: 封面姓名
从样式获取的格式:
  样式字体: 楷体
  样式字号: 228600
  样式字号(pt): 18.0
  样式颜色: 未设置
对齐方式: 未设置
左缩进: 未设置
右缩进: 未设置
首行缩进: 未设置
行间距: 未设置
从XML读取的格式:
  运行 1: '林振伟'
    字体: 楷体_GB2312
    大小: 未设置
    粗体: 未设置
    斜体: 未设置
    下划线: 未设置
    标准颜色: 未设置

段落 19:
文本内容: 指导教师姓名：吴  隆  增  教授
段落样式: 封面信息
从样式获取的格式:
  样式字体: 未设置
  样式字号: 190500
  样式字号(pt): 15.0
  样式颜色: 未设置
对齐方式: 未设置
左缩进: 未设置
右缩进: 未设置
首行缩进: 未设置
行间距: 未设置
从XML读取的格式:
  运行 1: '指导教师姓名：'
    字体: 楷体_GB2312
    大小: 未设置
    粗体: 未设置
    斜体: 未设置
    下划线: 未设置
    标准颜色: 未设置
  运行 2: '吴'
    字体: 楷体_GB2312
    大小: 未设置
    粗体: 未设置
    斜体: 未设置
    下划线: 未设置
    标准颜色: 未设置
  运行 3: ' '
    字体: 楷体_GB2312
    大小: 未设置
    粗体: 未设置
    斜体: 未设置
    下划线: 未设置
    标准颜色: 未设置
  运行 4: ' '
    字体: 楷体_GB2312
    大小: 未设置
    粗体: 未设置
    斜体: 未设置
    下划线: 未设置
    标准颜色: 未设置
  运行 5: '隆'
    字体: 楷体_GB2312
    大小: 未设置
    粗体: 未设置
    斜体: 未设置
    下划线: 未设置
    标准颜色: 未设置
  运行 6: ' '
    字体: 楷体_GB2312
    大小: 未设置
    粗体: 未设置
    斜体: 未设置
    下划线: 未设置
    标准颜色: 未设置
  运行 7: ' '
    字体: 楷体_GB2312
    大小: 未设置
    粗体: 未设置
    斜体: 未设置
    下划线: 未设置
    标准颜色: 未设置
  运行 8: '增'
    字体: 楷体_GB2312
    大小: 未设置
    粗体: 未设置
    斜体: 未设置
    下划线: 未设置
    标准颜色: 未设置
  运行 9: ' '
    字体: 楷体_GB2312
    大小: 未设置
    粗体: 未设置
    斜体: 未设置
    下划线: 未设置
    标准颜色: 未设置
  运行 10: ' '
    字体: 楷体_GB2312
    大小: 未设置
    粗体: 未设置
    斜体: 未设置
    下划线: 未设置
    标准颜色: 未设置
  运行 11: '教授'
    字体: 楷体_GB2312
    大小: 未设置
    粗体: 未设置
    斜体: 未设置
    下划线: 未设置
    标准颜色: 未设置

段落 20:
文本内容: 专 业 名 称：工商管理（MBA）
段落样式: 封面信息
从样式获取的格式:
  样式字体: 未设置
  样式字号: 190500
  样式字号(pt): 15.0
  样式颜色: 未设置
对齐方式: 未设置
左缩进: 未设置
右缩进: 未设置
首行缩进: 未设置
行间距: 未设置
从XML读取的格式:
  运行 1: '专'
    字体: 楷体_GB2312
    大小: 未设置
    粗体: 未设置
    斜体: 未设置
    下划线: 未设置
    标准颜色: 未设置
  运行 2: ' '
    字体: 楷体_GB2312
    大小: 未设置
    粗体: 未设置
    斜体: 未设置
    下划线: 未设置
    标准颜色: 未设置
  运行 3: '业 名'
    字体: 楷体_GB2312
    大小: 未设置
    粗体: 未设置
    斜体: 未设置
    下划线: 未设置
    标准颜色: 未设置
  运行 4: ' '
    字体: 楷体_GB2312
    大小: 未设置
    粗体: 未设置
    斜体: 未设置
    下划线: 未设置
    标准颜色: 未设置
  运行 5: '称：工商管理'
    字体: 楷体_GB2312
    大小: 未设置
    粗体: 未设置
    斜体: 未设置
    下划线: 未设置
    标准颜色: 未设置
  运行 6: '（'
    字体: 未设置
    大小: 未设置
    粗体: 未设置
    斜体: 未设置
    下划线: 未设置
    标准颜色: 未设置
  运行 7: 'MBA'
    字体: 未设置
    大小: 未设置
    粗体: 未设置
    斜体: 未设置
    下划线: 未设置
    标准颜色: 未设置
  运行 8: '）'
    字体: 未设置
    大小: 未设置
    粗体: 未设置
    斜体: 未设置
    下划线: 未设置
    标准颜色: 未设置

段落 21:
文本内容: 论文提交日期： 2024年 9  月
段落样式: 封面信息
从样式获取的格式:
  样式字体: 未设置
  样式字号: 190500
  样式字号(pt): 15.0
  样式颜色: 未设置
对齐方式: 未设置
左缩进: 未设置
右缩进: 未设置
首行缩进: 未设置
行间距: 未设置
从XML读取的格式:
  运行 1: '论文提交日期： '
    字体: 楷体_GB2312
    大小: 未设置
    粗体: 未设置
    斜体: 未设置
    下划线: 未设置
    标准颜色: 未设置
  运行 2: '2024'
    字体: 楷体_GB2312
    大小: 未设置
    粗体: 未设置
    斜体: 未设置
    下划线: 未设置
    标准颜色: 未设置
  运行 3: '年 '
    字体: 楷体_GB2312
    大小: 未设置
    粗体: 未设置
    斜体: 未设置
    下划线: 未设置
    标准颜色: 未设置
  运行 4: '9'
    字体: 楷体_GB2312
    大小: 未设置
    粗体: 未设置
    斜体: 未设置
    下划线: 未设置
    标准颜色: 未设置
  运行 5: '  月'
    字体: 楷体_GB2312
    大小: 未设置
    粗体: 未设置
    斜体: 未设置
    下划线: 未设置
    标准颜色: 未设置

段落 22:
文本内容: 论文答辩日期： 2024年 11 月
段落样式: 封面信息
从样式获取的格式:
  样式字体: 未设置
  样式字号: 190500
  样式字号(pt): 15.0
  样式颜色: 未设置
对齐方式: 未设置
左缩进: 未设置
右缩进: 未设置
首行缩进: 未设置
行间距: 未设置
从XML读取的格式:
  运行 1: '论文答辩日期： '
    字体: 楷体_GB2312
    大小: 未设置
    粗体: 未设置
    斜体: 未设置
    下划线: 未设置
    标准颜色: 未设置
  运行 2: '2024'
    字体: 楷体_GB2312
    大小: 未设置
    粗体: 未设置
    斜体: 未设置
    下划线: 未设置
    标准颜色: 未设置
  运行 3: '年 '
    字体: 楷体_GB2312
    大小: 未设置
    粗体: 未设置
    斜体: 未设置
    下划线: 未设置
    标准颜色: 未设置
  运行 4: '11'
    字体: 楷体_GB2312
    大小: 未设置
    粗体: 未设置
    斜体: 未设置
    下划线: 未设置
    标准颜色: 未设置
  运行 5: ' 月'
    字体: 楷体_GB2312
    大小: 未设置
    粗体: 未设置
    斜体: 未设置
    下划线: 未设置
    标准颜色: 未设置

段落 23:
文本内容: 学位授予日期： 2024年 12 月
段落样式: 封面信息
从样式获取的格式:
  样式字体: 未设置
  样式字号: 190500
  样式字号(pt): 15.0
  样式颜色: 未设置
对齐方式: 未设置
左缩进: 未设置
右缩进: 未设置
首行缩进: 未设置
行间距: 未设置
从XML读取的格式:
  运行 1: '学位授予日期： '
    字体: 楷体_GB2312
    大小: 未设置
    粗体: 未设置
    斜体: 未设置
    下划线: 未设置
    标准颜色: 未设置
  运行 2: '2024'
    字体: 楷体_GB2312
    大小: 未设置
    粗体: 未设置
    斜体: 未设置
    下划线: 未设置
    标准颜色: 未设置
  运行 3: '年 '
    字体: 楷体_GB2312
    大小: 未设置
    粗体: 未设置
    斜体: 未设置
    下划线: 未设置
    标准颜色: 未设置
  运行 4: '12'
    字体: 楷体_GB2312
    大小: 未设置
    粗体: 未设置
    斜体: 未设置
    下划线: 未设置
    标准颜色: 未设置
  运行 5: ' 月'
    字体: 楷体_GB2312
    大小: 未设置
    粗体: 未设置
    斜体: 未设置
    下划线: 未设置
    标准颜色: 未设置

段落 28:
文本内容: 2024年12月
段落样式: 封面日期
从样式获取的格式:
  样式字体: 宋体
  样式字号: 177800
  样式字号(pt): 14.0
  样式颜色: 未设置
对齐方式: 未设置
左缩进: 未设置
右缩进: 未设置
首行缩进: 未设置
行间距: 未设置
从XML读取的格式:
  运行 1: '20'
    字体: 未设置
    大小: 未设置
    粗体: 未设置
    斜体: 未设置
    下划线: 未设置
    标准颜色: 未设置
  运行 2: '2'
    字体: 未设置
    大小: 未设置
    粗体: 未设置
    斜体: 未设置
    下划线: 未设置
    标准颜色: 未设置
  运行 3: '4'
    字体: 未设置
    大小: 未设置
    粗体: 未设置
    斜体: 未设置
    下划线: 未设置
    标准颜色: 未设置
  运行 4: '年'
    字体: 未设置
    大小: 未设置
    粗体: 未设置
    斜体: 未设置
    下划线: 未设置
    标准颜色: 未设置
  运行 5: '12'
    字体: 未设置
    大小: 未设置
    粗体: 未设置
    斜体: 未设置
    下划线: 未设置
    标准颜色: 未设置
  运行 6: '月'
    字体: 未设置
    大小: 未设置
    粗体: 未设置
    斜体: 未设置
    下划线: 未设置
    标准颜色: 未设置

段落 31:
文本内容: 厦门大学学位论文原创性声明
段落样式: 声明标题
从样式获取的格式:
  样式字体: 黑体
  样式字号: 228600
  样式字号(pt): 18.0
  样式颜色: 未设置
对齐方式: 未设置
左缩进: 未设置
右缩进: 未设置
首行缩进: 未设置
行间距: 未设置
从XML读取的格式:
  运行 1: '厦门大学学位论文原创性声明'
    字体: 未设置
    大小: 未设置
    粗体: 未设置
    斜体: 未设置
    下划线: 未设置
    标准颜色: 未设置

段落 33:
文本内容: 本人呈交的学位论文是本人在导师指导下，独立完成的研究成果。本人在论文写作中参考其他个人或集体已经发表的研究成果，均在文中以适当方式明确标明，并符合法律规范和《厦门大学研究生学术活动规范（试行）》。
段落样式: 声明正文
从样式获取的格式:
  样式字体: 未设置
  样式字号: 177800
  样式字号(pt): 14.0
  样式颜色: 未设置
对齐方式: 未设置
左缩进: 未设置
右缩进: 未设置
首行缩进: 355600
行间距: 未设置
从XML读取的格式:
  运行 1: '本人呈交的学位论文是本人在导师指导下'
    字体: 未设置
    大小: 未设置
    粗体: 未设置
    斜体: 未设置
    下划线: 未设置
    标准颜色: 未设置
  运行 2: '，'
    字体: 未设置
    大小: 未设置
    粗体: 未设置
    斜体: 未设置
    下划线: 未设置
    标准颜色: 未设置
  运行 3: '独立完成的研究成果。本人在论文写作中参考其他个人或集体已经发表的研究成果，均在文中以适当方式明确标明，并符合法律规范和《厦门大学研究生学术活动规范（试行）》。'
    字体: 未设置
    大小: 未设置
    粗体: 未设置
    斜体: 未设置
    下划线: 未设置
    标准颜色: 未设置

段落 34:
文本内容: 另外，该学位论文为（                            ）课题（组）的研究成果，获得（               ）课题（组）经费或实验室的资助，在（               ）实验室完成。（请在以上括号内填写课题或课题组负责人或实验室名称，未有此项声明内容的，可以不作特别声明。）
段落样式: 声明正文
从样式获取的格式:
  样式字体: 未设置
  样式字号: 177800
  样式字号(pt): 14.0
  样式颜色: 未设置
对齐方式: 未设置
左缩进: 未设置
右缩进: 未设置
首行缩进: 355600
行间距: 未设置
从XML读取的格式:
  运行 1: ''
    字体: 未设置
    大小: 未设置
    粗体: 未设置
    斜体: 未设置
    下划线: 未设置
    标准颜色: 未设置
  运行 2: '另外，该学位论文为（'
    字体: 未设置
    大小: 未设置
    粗体: 未设置
    斜体: 未设置
    下划线: 未设置
    标准颜色: 未设置
  运行 3: '                            '
    字体: 未设置
    大小: 未设置
    粗体: 未设置
    斜体: 未设置
    下划线: 未设置
    标准颜色: 未设置
  运行 4: '）课题（组）的研究成果，获得（'
    字体: 未设置
    大小: 未设置
    粗体: 未设置
    斜体: 未设置
    下划线: 未设置
    标准颜色: 未设置
  运行 5: '               '
    字体: 未设置
    大小: 未设置
    粗体: 未设置
    斜体: 未设置
    下划线: 未设置
    标准颜色: 未设置
  运行 6: '）课题（组）经费或实验室的资助，在（'
    字体: 未设置
    大小: 未设置
    粗体: 未设置
    斜体: 未设置
    下划线: 未设置
    标准颜色: 未设置
  运行 7: '               '
    字体: 未设置
    大小: 未设置
    粗体: 未设置
    斜体: 未设置
    下划线: 未设置
    标准颜色: 未设置
  运行 8: '）实验室完成。（请在以上括号内填写课题或课题组负责人或实验室名称，未有此项声明内容的，可以不作特别声明。）'
    字体: 未设置
    大小: 未设置
    粗体: 未设置
    斜体: 未设置
    下划线: 未设置
    标准颜色: 未设置

段落 35:
文本内容: 本人声明该学位论文不存在剽窃、抄袭等学术不端行为，并愿意承担因学术不端行为所带来的一切后果和法律责任。
段落样式: 声明正文
从样式获取的格式:
  样式字体: 未设置
  样式字号: 177800
  样式字号(pt): 14.0
  样式颜色: 未设置
对齐方式: 未设置
左缩进: 未设置
右缩进: 未设置
首行缩进: 355600
行间距: 未设置
从XML读取的格式:
  运行 1: '本人声明该学位论文不存在剽窃、抄袭等学术不端行为，并愿意承担因学术不端行为所带来的一切后果和法律责任。'
    字体: 未设置
    大小: 未设置
    粗体: 未设置
    斜体: 未设置
    下划线: 未设置
    标准颜色: 未设置

段落 37:
文本内容: 声明人  （签名）：
段落样式: 声明正文
从样式获取的格式:
  样式字体: 未设置
  样式字号: 177800
  样式字号(pt): 14.0
  样式颜色: 未设置
对齐方式: 未设置
左缩进: 未设置
右缩进: 未设置
首行缩进: 2741930
行间距: 未设置
从XML读取的格式:
  运行 1: '声明人'
    字体: 未设置
    大小: 未设置
    粗体: 未设置
    斜体: 未设置
    下划线: 未设置
    标准颜色: 未设置
  运行 2: '  '
    字体: 未设置
    大小: 未设置
    粗体: 未设置
    斜体: 未设置
    下划线: 未设置
    标准颜色: 未设置
  运行 3: '（签名）：'
    字体: 未设置
    大小: 未设置
    粗体: 未设置
    斜体: 未设置
    下划线: 未设置
    标准颜色: 未设置

段落 38:
文本内容: 指导教师（签名）：
段落样式: 声明正文
从样式获取的格式:
  样式字体: 未设置
  样式字号: 177800
  样式字号(pt): 14.0
  样式颜色: 未设置
对齐方式: 未设置
左缩进: 未设置
右缩进: 未设置
首行缩进: 2741930
行间距: 未设置
从XML读取的格式:
  运行 1: '指导教师（签名）：'
    字体: 未设置
    大小: 未设置
    粗体: 未设置
    斜体: 未设置
    下划线: 未设置
    标准颜色: 未设置

段落 40:
文本内容:           年   月   日
段落样式: 声明正文
从样式获取的格式:
  样式字体: 未设置
  样式字号: 177800
  样式字号(pt): 14.0
  样式颜色: 未设置
对齐方式: 未设置
左缩进: 未设置
右缩进: 未设置
首行缩进: 2171065
行间距: 未设置
从XML读取的格式:
  运行 1: '          '
    字体: 未设置
    大小: 未设置
    粗体: 未设置
    斜体: 未设置
    下划线: 未设置
    标准颜色: 未设置
  运行 2: '年'
    字体: 未设置
    大小: 未设置
    粗体: 未设置
    斜体: 未设置
    下划线: 未设置
    标准颜色: 未设置
  运行 3: '   '
    字体: 未设置
    大小: 未设置
    粗体: 未设置
    斜体: 未设置
    下划线: 未设置
    标准颜色: 未设置
  运行 4: '月'
    字体: 未设置
    大小: 未设置
    粗体: 未设置
    斜体: 未设置
    下划线: 未设置
    标准颜色: 未设置
  运行 5: '   '
    字体: 未设置
    大小: 未设置
    粗体: 未设置
    斜体: 未设置
    下划线: 未设置
    标准颜色: 未设置
  运行 6: '日'
    字体: 未设置
    大小: 未设置
    粗体: 未设置
    斜体: 未设置
    下划线: 未设置
    标准颜色: 未设置

段落 44:
文本内容: 厦门大学学位论文著作权使用声明
段落样式: 声明标题
从样式获取的格式:
  样式字体: 黑体
  样式字号: 228600
  样式字号(pt): 18.0
  样式颜色: 未设置
对齐方式: 未设置
左缩进: 未设置
右缩进: 未设置
首行缩进: 未设置
行间距: 未设置
从XML读取的格式:
  运行 1: '厦门大学学位论文著作权使用声明'
    字体: 未设置
    大小: 未设置
    粗体: 未设置
    斜体: 未设置
    下划线: 未设置
    标准颜色: 未设置

段落 46:
文本内容: 本人同意厦门大学根据《中华人民共和国学位条例暂行实施办法》等规定保留和使用此学位论文，并向主管部门或其指定机构送交学位论文（包括纸质版和电子版），允许学位论文进入厦门大学图书馆及其数据库被查阅、借阅。本人同意厦门大学将学位论文加入全国博士、硕士学位论文共建单位数据库进行检索，将学位论文的标题和摘要汇编出版，采用影印、缩印或者其它方式合理复制学位论文。
段落样式: 声明正文
从样式获取的格式:
  样式字体: 未设置
  样式字号: 177800
  样式字号(pt): 14.0
  样式颜色: 未设置
对齐方式: 未设置
左缩进: 未设置
右缩进: 未设置
首行缩进: 355600
行间距: 未设置
从XML读取的格式:
  运行 1: '本人同意厦门大学根据《中华人民共和国学位条例暂行实施办法》等规定保留和使用此学位论文，并向主管部门或其指定机构送交学位论文（包括纸质版和电子版），允许学位论文进入厦门大学图书馆及其数据库被查阅、借阅。本人同意厦门大学将学位论文加入全国博士、硕士学位论文共建单位数据库进行检索，将学位论文的标题和摘要汇编出版，采用影印、缩印或者其它方式合理复制学位论文。'
    字体: 未设置
    大小: 未设置
    粗体: 未设置
    斜体: 未设置
    下划线: 未设置
    标准颜色: 未设置

段落 47:
文本内容: 本学位论文属于：
段落样式: 声明正文
从样式获取的格式:
  样式字体: 未设置
  样式字号: 177800
  样式字号(pt): 14.0
  样式颜色: 未设置
对齐方式: 未设置
左缩进: 未设置
右缩进: 未设置
首行缩进: 355600
行间距: 未设置
从XML读取的格式:
  运行 1: '本学位论文属于：'
    字体: 未设置
    大小: 未设置
    粗体: 未设置
    斜体: 未设置
    下划线: 未设置
    标准颜色: 未设置

段落 48:
文本内容: （      ）1.经厦门大学保密委员会审查核定的涉密学位论文，于　　 年　 月 　日解密，解密后适用上述授权。
段落样式: 声明正文
从样式获取的格式:
  样式字体: 未设置
  样式字号: 177800
  样式字号(pt): 14.0
  样式颜色: 未设置
对齐方式: 未设置
左缩进: 未设置
右缩进: 未设置
首行缩进: 355600
行间距: 未设置
从XML读取的格式:
  运行 1: '（'
    字体: 未设置
    大小: 未设置
    粗体: 未设置
    斜体: 未设置
    下划线: 未设置
    标准颜色: 未设置
  运行 2: '     '
    字体: 未设置
    大小: 未设置
    粗体: 未设置
    斜体: 未设置
    下划线: 未设置
    标准颜色: 未设置
  运行 3: ' '
    字体: 未设置
    大小: 未设置
    粗体: 未设置
    斜体: 未设置
    下划线: 未设置
    标准颜色: 未设置
  运行 4: '）'
    字体: 未设置
    大小: 未设置
    粗体: 未设置
    斜体: 未设置
    下划线: 未设置
    标准颜色: 未设置
  运行 5: '1.'
    字体: 未设置
    大小: 未设置
    粗体: 未设置
    斜体: 未设置
    下划线: 未设置
    标准颜色: 未设置
  运行 6: '经厦门大学保密委员会审查核定的涉密学位论文，于　　'
    字体: 未设置
    大小: 未设置
    粗体: 未设置
    斜体: 未设置
    下划线: 未设置
    标准颜色: 未设置
  运行 7: ' '
    字体: 未设置
    大小: 未设置
    粗体: 未设置
    斜体: 未设置
    下划线: 未设置
    标准颜色: 未设置
  运行 8: '年　'
    字体: 未设置
    大小: 未设置
    粗体: 未设置
    斜体: 未设置
    下划线: 未设置
    标准颜色: 未设置
  运行 9: ' '
    字体: 未设置
    大小: 未设置
    粗体: 未设置
    斜体: 未设置
    下划线: 未设置
    标准颜色: 未设置
  运行 10: '月'
    字体: 未设置
    大小: 未设置
    粗体: 未设置
    斜体: 未设置
    下划线: 未设置
    标准颜色: 未设置
  运行 11: ' '
    字体: 未设置
    大小: 未设置
    粗体: 未设置
    斜体: 未设置
    下划线: 未设置
    标准颜色: 未设置
  运行 12: '　日解密，解密后适用上述授权。'
    字体: 未设置
    大小: 未设置
    粗体: 未设置
    斜体: 未设置
    下划线: 未设置
    标准颜色: 未设置

段落 49:
文本内容: （      ）2.不涉密，适用上述授权。
段落样式: 声明正文
从样式获取的格式:
  样式字体: 未设置
  样式字号: 177800
  样式字号(pt): 14.0
  样式颜色: 未设置
对齐方式: 未设置
左缩进: 未设置
右缩进: 未设置
首行缩进: 355600
行间距: 未设置
从XML读取的格式:
  运行 1: '（'
    字体: 未设置
    大小: 未设置
    粗体: 未设置
    斜体: 未设置
    下划线: 未设置
    标准颜色: 未设置
  运行 2: '   '
    字体: 未设置
    大小: 未设置
    粗体: 未设置
    斜体: 未设置
    下划线: 未设置
    标准颜色: 未设置
  运行 3: ' '
    字体: 未设置
    大小: 未设置
    粗体: 未设置
    斜体: 未设置
    下划线: 未设置
    标准颜色: 未设置
  运行 4: '  '
    字体: 未设置
    大小: 未设置
    粗体: 未设置
    斜体: 未设置
    下划线: 未设置
    标准颜色: 未设置
  运行 5: '）'
    字体: 未设置
    大小: 未设置
    粗体: 未设置
    斜体: 未设置
    下划线: 未设置
    标准颜色: 未设置
  运行 6: '2.'
    字体: 未设置
    大小: 未设置
    粗体: 未设置
    斜体: 未设置
    下划线: 未设置
    标准颜色: 未设置
  运行 7: '不涉密，适用上述授权。'
    字体: 未设置
    大小: 未设置
    粗体: 未设置
    斜体: 未设置
    下划线: 未设置
    标准颜色: 未设置

段落 50:
文本内容: （请在以上相应括号内打“√”或填上相应内容。涉密学位论文应是已经厦门大学保密委员会审定过的学位论文，未经厦门大学保密委员会审定的学位论文均为公开学位论文。此声明栏不填写的，默认为公开学位论文，均适用上述授权。）
段落样式: 声明正文
从样式获取的格式:
  样式字体: 未设置
  样式字号: 177800
  样式字号(pt): 14.0
  样式颜色: 未设置
对齐方式: 未设置
左缩进: 未设置
右缩进: 未设置
首行缩进: 355600
行间距: 未设置
从XML读取的格式:
  运行 1: '（请在以上相应括号内打“√”或填上相应内容。涉密学位论文应是已经厦门大学保密委员会审定过的学位论文，未经厦门大学保密委员会审定的学位论文均为公开学位论文。此声明栏不填写的，默认为公开学位论文，均适用上述授权。）'
    字体: 未设置
    大小: 未设置
    粗体: 未设置
    斜体: 未设置
    下划线: 未设置
    标准颜色: 未设置

段落 53:
文本内容:                              声明人（签名）：
段落样式: 声明正文
从样式获取的格式:
  样式字体: 未设置
  样式字号: 177800
  样式字号(pt): 14.0
  样式颜色: 未设置
对齐方式: 未设置
左缩进: 未设置
右缩进: 未设置
首行缩进: 355600
行间距: 未设置
从XML读取的格式:
  运行 1: '                             '
    字体: 未设置
    大小: 未设置
    粗体: 未设置
    斜体: 未设置
    下划线: 未设置
    标准颜色: 未设置
  运行 2: '声明人（签名）：'
    字体: 未设置
    大小: 未设置
    粗体: 未设置
    斜体: 未设置
    下划线: 未设置
    标准颜色: 未设置

段落 54:
文本内容: 年     月     日
段落样式: 声明正文
从样式获取的格式:
  样式字体: 未设置
  样式字号: 177800
  样式字号(pt): 14.0
  样式颜色: 未设置
对齐方式: 未设置
左缩进: 未设置
右缩进: 未设置
首行缩进: 3111500
行间距: 未设置
从XML读取的格式:
  运行 1: '年'
    字体: 未设置
    大小: 未设置
    粗体: 未设置
    斜体: 未设置
    下划线: 未设置
    标准颜色: 未设置
  运行 2: '  '
    字体: 未设置
    大小: 未设置
    粗体: 未设置
    斜体: 未设置
    下划线: 未设置
    标准颜色: 未设置
  运行 3: '  '
    字体: 未设置
    大小: 未设置
    粗体: 未设置
    斜体: 未设置
    下划线: 未设置
    标准颜色: 未设置
  运行 4: ' '
    字体: 未设置
    大小: 未设置
    粗体: 未设置
    斜体: 未设置
    下划线: 未设置
    标准颜色: 未设置
  运行 5: '月'
    字体: 未设置
    大小: 未设置
    粗体: 未设置
    斜体: 未设置
    下划线: 未设置
    标准颜色: 未设置
  运行 6: '  '
    字体: 未设置
    大小: 未设置
    粗体: 未设置
    斜体: 未设置
    下划线: 未设置
    标准颜色: 未设置
  运行 7: '  '
    字体: 未设置
    大小: 未设置
    粗体: 未设置
    斜体: 未设置
    下划线: 未设置
    标准颜色: 未设置
  运行 8: ' '
    字体: 未设置
    大小: 未设置
    粗体: 未设置
    斜体: 未设置
    下划线: 未设置
    标准颜色: 未设置
  运行 9: '日'
    字体: 未设置
    大小: 未设置
    粗体: 未设置
    斜体: 未设置
    下划线: 未设置
    标准颜色: 未设置

段落 56:
文本内容: 摘　要
段落样式: 摘要目录标题
从样式获取的格式:
  样式字体: 未设置
  样式字号: 203200
  样式字号(pt): 16.0
  样式颜色: 未设置
对齐方式: 未设置
左缩进: 未设置
右缩进: 未设置
首行缩进: 未设置
行间距: 未设置
从XML读取的格式:
  运行 1: '摘　要'
    字体: 未设置
    大小: 未设置
    粗体: 未设置
    斜体: 未设置
    下划线: 未设置
    标准颜色: 未设置

段落 57:
文本内容: 随着中国经济的快速增长和居民生活水平的提高，医疗服务行业迎来了迅猛的发展势头，为医疗设备销售行业带来了前所未有的机遇。然而近年来国家医疗改革政策持续调整，尤其是对国内医疗设备生产商的鼓励和扶持，给医疗设备代理企业带来了前所未有的挑战和生存发展问题。医疗设备代理企业需要思考如何在当前环境下提升销售业绩，确保企业持续盈利等发展问题。这些问题涉及对市场趋势的把握、营销策略的创新、产品质量的提升、服务体系的完善，以及对政策变化的快速响应。企业必须制定有效的营销战略和策略，以应对行业变革，克服困难和挑战，抓住发展机遇。
段落样式: 正文-缩进
从样式获取的格式:
  样式字体: 未设置
  样式字号: 未设置
  样式颜色: 未设置
对齐方式: 未设置
左缩进: 未设置
右缩进: 未设置
首行缩进: 未设置
行间距: 未设置
从XML读取的格式:
  运行 1: '随着中国经济的快速增长和居民生活水平的提高，医疗服务行业迎来了迅猛的发展势头，为医疗设备销售行业带来了前所未有的机遇。然而近年来国家医疗改革政策持续调整，尤其是对国内医疗设备生产商的鼓励和扶持，给医疗设备代理企业带来了前所未有的挑战和生存发展问题。医疗设备代理企业需要思考如何在当前环境下提升销售业绩，确保企业持续盈利等'
    字体: 未设置
    大小: 未设置
    粗体: 未设置
    斜体: 未设置
    下划线: 未设置
    标准颜色: 未设置
  运行 2: '发展'
    字体: 未设置
    大小: 未设置
    粗体: 未设置
    斜体: 未设置
    下划线: 未设置
    标准颜色: 未设置
  运行 3: '问题。这些问题涉及对市场'
    字体: 未设置
    大小: 未设置
    粗体: 未设置
    斜体: 未设置
    下划线: 未设置
    标准颜色: 未设置
  运行 4: '趋势'
    字体: 未设置
    大小: 未设置
    粗体: 未设置
    斜体: 未设置
    下划线: 未设置
    标准颜色: 未设置
  运行 5: '的把握、营销策略的创新、产品质量的提升、服务体系的完善，以及对政策变化的快速响应。企业必须制定有效的'
    字体: 未设置
    大小: 未设置
    粗体: 未设置
    斜体: 未设置
    下划线: 未设置
    标准颜色: 未设置
  运行 6: '营销'
    字体: 未设置
    大小: 未设置
    粗体: 未设置
    斜体: 未设置
    下划线: 未设置
    标准颜色: 未设置
  运行 7: '战略'
    字体: 未设置
    大小: 未设置
    粗体: 未设置
    斜体: 未设置
    下划线: 未设置
    标准颜色: 未设置
  运行 8: '和策略'
    字体: 未设置
    大小: 未设置
    粗体: 未设置
    斜体: 未设置
    下划线: 未设置
    标准颜色: 未设置
  运行 9: '，以应对行业变革，克服困难和'
    字体: 未设置
    大小: 未设置
    粗体: 未设置
    斜体: 未设置
    下划线: 未设置
    标准颜色: 未设置
  运行 10: '挑战，'
    字体: 未设置
    大小: 未设置
    粗体: 未设置
    斜体: 未设置
    下划线: 未设置
    标准颜色: 未设置
  运行 11: '抓住发展机遇'
    字体: 未设置
    大小: 未设置
    粗体: 未设置
    斜体: 未设置
    下划线: 未设置
    标准颜色: 未设置
  运行 12: '。'
    字体: 未设置
    大小: 未设置
    粗体: 未设置
    斜体: 未设置
    下划线: 未设置
    标准颜色: 未设置

段落 58:
文本内容: 本文简要梳理了医疗器械营销的国内外研究现状，以及相关的营销理论。分析了Y公司发展的现状和在国内市场营销策略存在的问题。应用PEST分析模型、五种力量模型分析，对Y公司内部和外部环境进行综合分析；应用态势分析法分析Y公司内部优势和劣势，以及外部的威胁和机会，确立Y公司的市场营销战略；运用STP理论对Y公司以及产品的目标市场进行细分、选择和定位，并根据战略目标，找到适合Y公司的营销策略。利用7Ps营销理论对Y公司的产品、价格、渠道、促销、人员、有形展示和过程管理等7方面的营销策略进行优化，并对策略总体实施与落实，提出不同层面的保障措施，为Y公司今后可持续性发展提供建议和决策依据。
段落样式: 正文-缩进
从样式获取的格式:
  样式字体: 未设置
  样式字号: 未设置
  样式颜色: 未设置
对齐方式: 未设置
左缩进: 未设置
右缩进: 未设置
首行缩进: 未设置
行间距: 未设置
从XML读取的格式:
  运行 1: '本文简要梳理了医疗器械营销的国内外研究现状，以及相关的营销理论。分析'
    字体: 未设置
    大小: 未设置
    粗体: 未设置
    斜体: 未设置
    下划线: 未设置
    标准颜色: 未设置
  运行 2: '了'
    字体: 未设置
    大小: 未设置
    粗体: 未设置
    斜体: 未设置
    下划线: 未设置
    标准颜色: 未设置
  运行 3: 'Y'
    字体: 未设置
    大小: 未设置
    粗体: 未设置
    斜体: 未设置
    下划线: 未设置
    标准颜色: 未设置
  运行 4: '公司发展'
    字体: 未设置
    大小: 未设置
    粗体: 未设置
    斜体: 未设置
    下划线: 未设置
    标准颜色: 未设置
  运行 5: '的'
    字体: 未设置
    大小: 未设置
    粗体: 未设置
    斜体: 未设置
    下划线: 未设置
    标准颜色: 未设置
  运行 6: '现状和'
    字体: 未设置
    大小: 未设置
    粗体: 未设置
    斜体: 未设置
    下划线: 未设置
    标准颜色: 未设置
  运行 7: '在国内'
    字体: 未设置
    大小: 未设置
    粗体: 未设置
    斜体: 未设置
    下划线: 未设置
    标准颜色: 未设置
  运行 8: '市场营销策略存在的问题。'
    字体: 未设置
    大小: 未设置
    粗体: 未设置
    斜体: 未设置
    下划线: 未设置
    标准颜色: 未设置
  运行 9: '应'
    字体: 未设置
    大小: 未设置
    粗体: 未设置
    斜体: 未设置
    下划线: 未设置
    标准颜色: 未设置
  运行 10: '用'
    字体: 未设置
    大小: 未设置
    粗体: 未设置
    斜体: 未设置
    下划线: 未设置
    标准颜色: 未设置
  运行 11: 'PEST'
    字体: 未设置
    大小: 未设置
    粗体: 未设置
    斜体: 未设置
    下划线: 未设置
    标准颜色: 未设置
  运行 12: '分析'
    字体: 未设置
    大小: 未设置
    粗体: 未设置
    斜体: 未设置
    下划线: 未设置
    标准颜色: 未设置
  运行 13: '模型'
    字体: 未设置
    大小: 未设置
    粗体: 未设置
    斜体: 未设置
    下划线: 未设置
    标准颜色: 未设置
  运行 14: '、'
    字体: 未设置
    大小: 未设置
    粗体: 未设置
    斜体: 未设置
    下划线: 未设置
    标准颜色: 未设置
  运行 15: '五种力量模型分析'
    字体: 未设置
    大小: 未设置
    粗体: 未设置
    斜体: 未设置
    下划线: 未设置
    标准颜色: 未设置
  运行 16: '，'
    字体: 未设置
    大小: 未设置
    粗体: 未设置
    斜体: 未设置
    下划线: 未设置
    标准颜色: 未设置
  运行 17: '对'
    字体: 未设置
    大小: 未设置
    粗体: 未设置
    斜体: 未设置
    下划线: 未设置
    标准颜色: 未设置
  运行 18: 'Y'
    字体: 未设置
    大小: 未设置
    粗体: 未设置
    斜体: 未设置
    下划线: 未设置
    标准颜色: 未设置
  运行 19: '公司内'
    字体: 未设置
    大小: 未设置
    粗体: 未设置
    斜体: 未设置
    下划线: 未设置
    标准颜色: 未设置
  运行 20: '部和'
    字体: 未设置
    大小: 未设置
    粗体: 未设置
    斜体: 未设置
    下划线: 未设置
    标准颜色: 未设置
  运行 21: '外部环境'
    字体: 未设置
    大小: 未设置
    粗体: 未设置
    斜体: 未设置
    下划线: 未设置
    标准颜色: 未设置
  运行 22: '进行'
    字体: 未设置
    大小: 未设置
    粗体: 未设置
    斜体: 未设置
    下划线: 未设置
    标准颜色: 未设置
  运行 23: '综合'
    字体: 未设置
    大小: 未设置
    粗体: 未设置
    斜体: 未设置
    下划线: 未设置
    标准颜色: 未设置
  运行 24: '分析；'
    字体: 未设置
    大小: 未设置
    粗体: 未设置
    斜体: 未设置
    下划线: 未设置
    标准颜色: 未设置
  运行 25: '应用'
    字体: 未设置
    大小: 未设置
    粗体: 未设置
    斜体: 未设置
    下划线: 未设置
    标准颜色: 未设置
  运行 26: '态势分析法'
    字体: 未设置
    大小: 未设置
    粗体: 未设置
    斜体: 未设置
    下划线: 未设置
    标准颜色: 未设置
  运行 27: '分析'
    字体: 未设置
    大小: 未设置
    粗体: 未设置
    斜体: 未设置
    下划线: 未设置
    标准颜色: 未设置
  运行 28: 'Y'
    字体: 未设置
    大小: 未设置
    粗体: 未设置
    斜体: 未设置
    下划线: 未设置
    标准颜色: 未设置
  运行 29: '公司内部'
    字体: 未设置
    大小: 未设置
    粗体: 未设置
    斜体: 未设置
    下划线: 未设置
    标准颜色: 未设置
  运行 30: '优势和'
    字体: 未设置
    大小: 未设置
    粗体: 未设置
    斜体: 未设置
    下划线: 未设置
    标准颜色: 未设置
  运行 31: '劣势'
    字体: 未设置
    大小: 未设置
    粗体: 未设置
    斜体: 未设置
    下划线: 未设置
    标准颜色: 未设置
  运行 32: '，以及'
    字体: 未设置
    大小: 未设置
    粗体: 未设置
    斜体: 未设置
    下划线: 未设置
    标准颜色: 未设置
  运行 33: '外部的'
    字体: 未设置
    大小: 未设置
    粗体: 未设置
    斜体: 未设置
    下划线: 未设置
    标准颜色: 未设置
  运行 34: '威胁'
    字体: 未设置
    大小: 未设置
    粗体: 未设置
    斜体: 未设置
    下划线: 未设置
    标准颜色: 未设置
  运行 35: '和'
    字体: 未设置
    大小: 未设置
    粗体: 未设置
    斜体: 未设置
    下划线: 未设置
    标准颜色: 未设置
  运行 36: '机会'
    字体: 未设置
    大小: 未设置
    粗体: 未设置
    斜体: 未设置
    下划线: 未设置
    标准颜色: 未设置
  运行 37: '，确立'
    字体: 未设置
    大小: 未设置
    粗体: 未设置
    斜体: 未设置
    下划线: 未设置
    标准颜色: 未设置
  运行 38: 'Y'
    字体: 未设置
    大小: 未设置
    粗体: 未设置
    斜体: 未设置
    下划线: 未设置
    标准颜色: 未设置
  运行 39: '公司的'
    字体: 未设置
    大小: 未设置
    粗体: 未设置
    斜体: 未设置
    下划线: 未设置
    标准颜色: 未设置
  运行 40: '市场'
    字体: 未设置
    大小: 未设置
    粗体: 未设置
    斜体: 未设置
    下划线: 未设置
    标准颜色: 未设置
  运行 41: '营销战略'
    字体: 未设置
    大小: 未设置
    粗体: 未设置
    斜体: 未设置
    下划线: 未设置
    标准颜色: 未设置
  运行 42: '；'
    字体: 未设置
    大小: 未设置
    粗体: 未设置
    斜体: 未设置
    下划线: 未设置
    标准颜色: 未设置
  运行 43: '运用'
    字体: 未设置
    大小: 未设置
    粗体: 未设置
    斜体: 未设置
    下划线: 未设置
    标准颜色: 未设置
  运行 44: 'STP'
    字体: 未设置
    大小: 未设置
    粗体: 未设置
    斜体: 未设置
    下划线: 未设置
    标准颜色: 未设置
  运行 45: '理论对'
    字体: 未设置
    大小: 未设置
    粗体: 未设置
    斜体: 未设置
    下划线: 未设置
    标准颜色: 未设置
  运行 46: 'Y'
    字体: 未设置
    大小: 未设置
    粗体: 未设置
    斜体: 未设置
    下划线: 未设置
    标准颜色: 未设置
  运行 47: '公司以及产品的目标市场进行细分、选择和定位，并根据战略目标，找到适合'
    字体: 未设置
    大小: 未设置
    粗体: 未设置
    斜体: 未设置
    下划线: 未设置
    标准颜色: 未设置
  运行 48: 'Y'
    字体: 未设置
    大小: 未设置
    粗体: 未设置
    斜体: 未设置
    下划线: 未设置
    标准颜色: 未设置
  运行 49: '公司的营销'
    字体: 未设置
    大小: 未设置
    粗体: 未设置
    斜体: 未设置
    下划线: 未设置
    标准颜色: 未设置
  运行 50: '策略'
    字体: 未设置
    大小: 未设置
    粗体: 未设置
    斜体: 未设置
    下划线: 未设置
    标准颜色: 未设置
  运行 51: '。'
    字体: 未设置
    大小: 未设置
    粗体: 未设置
    斜体: 未设置
    下划线: 未设置
    标准颜色: 未设置
  运行 52: '利用'
    字体: 未设置
    大小: 未设置
    粗体: 未设置
    斜体: 未设置
    下划线: 未设置
    标准颜色: 未设置
  运行 53: '7P'
    字体: 未设置
    大小: 未设置
    粗体: 未设置
    斜体: 未设置
    下划线: 未设置
    标准颜色: 未设置
  运行 54: 's'
    字体: 未设置
    大小: 未设置
    粗体: 未设置
    斜体: 未设置
    下划线: 未设置
    标准颜色: 未设置
  运行 55: '营销理论'
    字体: 未设置
    大小: 未设置
    粗体: 未设置
    斜体: 未设置
    下划线: 未设置
    标准颜色: 未设置
  运行 56: '对'
    字体: 未设置
    大小: 未设置
    粗体: 未设置
    斜体: 未设置
    下划线: 未设置
    标准颜色: 未设置
  运行 57: 'Y'
    字体: 未设置
    大小: 未设置
    粗体: 未设置
    斜体: 未设置
    下划线: 未设置
    标准颜色: 未设置
  运行 58: '公司的产品、价格、渠道'
    字体: 未设置
    大小: 未设置
    粗体: 未设置
    斜体: 未设置
    下划线: 未设置
    标准颜色: 未设置
  运行 59: '、'
    字体: 未设置
    大小: 未设置
    粗体: 未设置
    斜体: 未设置
    下划线: 未设置
    标准颜色: 未设置
  运行 60: '促销'
    字体: 未设置
    大小: 未设置
    粗体: 未设置
    斜体: 未设置
    下划线: 未设置
    标准颜色: 未设置
  运行 61: '、人员、有形展示和过程管理'
    字体: 未设置
    大小: 未设置
    粗体: 未设置
    斜体: 未设置
    下划线: 未设置
    标准颜色: 未设置
  运行 62: '等'
    字体: 未设置
    大小: 未设置
    粗体: 未设置
    斜体: 未设置
    下划线: 未设置
    标准颜色: 未设置
  运行 63: '7'
    字体: 未设置
    大小: 未设置
    粗体: 未设置
    斜体: 未设置
    下划线: 未设置
    标准颜色: 未设置
  运行 64: '方面'
    字体: 未设置
    大小: 未设置
    粗体: 未设置
    斜体: 未设置
    下划线: 未设置
    标准颜色: 未设置
  运行 65: '的营销'
    字体: 未设置
    大小: 未设置
    粗体: 未设置
    斜体: 未设置
    下划线: 未设置
    标准颜色: 未设置
  运行 66: '策略'
    字体: 未设置
    大小: 未设置
    粗体: 未设置
    斜体: 未设置
    下划线: 未设置
    标准颜色: 未设置
  运行 67: '进行优化，'
    字体: 未设置
    大小: 未设置
    粗体: 未设置
    斜体: 未设置
    下划线: 未设置
    标准颜色: 未设置
  运行 68: '并对'
    字体: 未设置
    大小: 未设置
    粗体: 未设置
    斜体: 未设置
    下划线: 未设置
    标准颜色: 未设置
  运行 69: '策略总体实施与'
    字体: 未设置
    大小: 未设置
    粗体: 未设置
    斜体: 未设置
    下划线: 未设置
    标准颜色: 未设置
  运行 70: '落实，提'
    字体: 未设置
    大小: 未设置
    粗体: 未设置
    斜体: 未设置
    下划线: 未设置
    标准颜色: 未设置
  运行 71: '出'
    字体: 未设置
    大小: 未设置
    粗体: 未设置
    斜体: 未设置
    下划线: 未设置
    标准颜色: 未设置
  运行 72: '不同层面'
    字体: 未设置
    大小: 未设置
    粗体: 未设置
    斜体: 未设置
    下划线: 未设置
    标准颜色: 未设置
  运行 73: '的'
    字体: 未设置
    大小: 未设置
    粗体: 未设置
    斜体: 未设置
    下划线: 未设置
    标准颜色: 未设置
  运行 74: '保障措施'
    字体: 未设置
    大小: 未设置
    粗体: 未设置
    斜体: 未设置
    下划线: 未设置
    标准颜色: 未设置
  运行 75: '，为'
    字体: 未设置
    大小: 未设置
    粗体: 未设置
    斜体: 未设置
    下划线: 未设置
    标准颜色: 未设置
  运行 76: 'Y'
    字体: 未设置
    大小: 未设置
    粗体: 未设置
    斜体: 未设置
    下划线: 未设置
    标准颜色: 未设置
  运行 77: '公司今后'
    字体: 未设置
    大小: 未设置
    粗体: 未设置
    斜体: 未设置
    下划线: 未设置
    标准颜色: 未设置
  运行 78: '可'
    字体: 未设置
    大小: 未设置
    粗体: 未设置
    斜体: 未设置
    下划线: 未设置
    标准颜色: 未设置
  运行 79: '持续性发展提供建议和决策依据。'
    字体: 未设置
    大小: 未设置
    粗体: 未设置
    斜体: 未设置
    下划线: 未设置
    标准颜色: 未设置

段落 59:
文本内容: 本文以Y公司为研究对象，以其在中国华南区的营销策略作为分析内容。通过系统分析，找到其市场营销中存在的问题，并给出了合适的营销策略作为解决方案，帮助Y公司优化营销方案，提升企业销售业绩。同时对7Ps理论起到具体深化的作用，使得7Ps营销理论的研究内容更加丰富。
段落样式: 正文-缩进
从样式获取的格式:
  样式字体: 未设置
  样式字号: 未设置
  样式颜色: 未设置
对齐方式: 未设置
左缩进: 未设置
右缩进: 未设置
首行缩进: 未设置
行间距: 未设置
从XML读取的格式:
  运行 1: '本文以'
    字体: 未设置
    大小: 未设置
    粗体: 未设置
    斜体: 未设置
    下划线: 未设置
    标准颜色: 未设置
  运行 2: 'Y'
    字体: 未设置
    大小: 未设置
    粗体: 未设置
    斜体: 未设置
    下划线: 未设置
    标准颜色: 未设置
  运行 3: '公司为研究对象，以其在中国华南区的营销策略作为分析内容。通过系统分析，'
    字体: 未设置
    大小: 未设置
    粗体: 未设置
    斜体: 未设置
    下划线: 未设置
    标准颜色: 未设置
  运行 4: '找到其'
    字体: 未设置
    大小: 未设置
    粗体: 未设置
    斜体: 未设置
    下划线: 未设置
    标准颜色: 未设置
  运行 5: '市场营销中存在的问题，'
    字体: 未设置
    大小: 未设置
    粗体: 未设置
    斜体: 未设置
    下划线: 未设置
    标准颜色: 未设置
  运行 6: '并给出了'
    字体: 未设置
    大小: 未设置
    粗体: 未设置
    斜体: 未设置
    下划线: 未设置
    标准颜色: 未设置
  运行 7: '合适的营销策略作为解决方案，帮助'
    字体: 未设置
    大小: 未设置
    粗体: 未设置
    斜体: 未设置
    下划线: 未设置
    标准颜色: 未设置
  运行 8: 'Y'
    字体: 未设置
    大小: 未设置
    粗体: 未设置
    斜体: 未设置
    下划线: 未设置
    标准颜色: 未设置
  运行 9: '公司优化'
    字体: 未设置
    大小: 未设置
    粗体: 未设置
    斜体: 未设置
    下划线: 未设置
    标准颜色: 未设置
  运行 10: '营销'
    字体: 未设置
    大小: 未设置
    粗体: 未设置
    斜体: 未设置
    下划线: 未设置
    标准颜色: 未设置
  运行 11: '方案'
    字体: 未设置
    大小: 未设置
    粗体: 未设置
    斜体: 未设置
    下划线: 未设置
    标准颜色: 未设置
  运行 12: '，提升企业销售业绩'
    字体: 未设置
    大小: 未设置
    粗体: 未设置
    斜体: 未设置
    下划线: 未设置
    标准颜色: 未设置
  运行 13: '。同时'
    字体: 未设置
    大小: 未设置
    粗体: 未设置
    斜体: 未设置
    下划线: 未设置
    标准颜色: 未设置
  运行 14: '对'
    字体: 未设置
    大小: 未设置
    粗体: 未设置
    斜体: 未设置
    下划线: 未设置
    标准颜色: 未设置
  运行 15: '7Ps'
    字体: 未设置
    大小: 未设置
    粗体: 未设置
    斜体: 未设置
    下划线: 未设置
    标准颜色: 未设置
  运行 16: '理论起到具体深化的作用，使得'
    字体: 未设置
    大小: 未设置
    粗体: 未设置
    斜体: 未设置
    下划线: 未设置
    标准颜色: 未设置
  运行 17: '7Ps'
    字体: 未设置
    大小: 未设置
    粗体: 未设置
    斜体: 未设置
    下划线: 未设置
    标准颜色: 未设置
  运行 18: '营销理论的研究内容更加丰富。'
    字体: 未设置
    大小: 未设置
    粗体: 未设置
    斜体: 未设置
    下划线: 未设置
    标准颜色: 未设置

段落 61:
文本内容: 关键词：医疗器械；营销策略；7Ps营销理论
段落样式: 关键词
从样式获取的格式:
  样式字体: 未设置
  样式字号: 未设置
  样式颜色: 未设置
对齐方式: 未设置
左缩进: 未设置
右缩进: 未设置
首行缩进: 未设置
行间距: 未设置
从XML读取的格式:
  运行 1: '关键词：'
    字体: 未设置
    大小: 未设置
    粗体: True
    斜体: 未设置
    下划线: 未设置
    标准颜色: 未设置
  运行 2: '医疗器械'
    字体: 未设置
    大小: 未设置
    粗体: 未设置
    斜体: 未设置
    下划线: 未设置
    标准颜色: 未设置
  运行 3: '；营销策略'
    字体: 未设置
    大小: 未设置
    粗体: 未设置
    斜体: 未设置
    下划线: 未设置
    标准颜色: 未设置
  运行 4: '；'
    字体: 未设置
    大小: 未设置
    粗体: 未设置
    斜体: 未设置
    下划线: 未设置
    标准颜色: 未设置
  运行 5: '7'
    字体: 未设置
    大小: 未设置
    粗体: 未设置
    斜体: 未设置
    下划线: 未设置
    标准颜色: 未设置
  运行 6: 'Ps'
    字体: 未设置
    大小: 未设置
    粗体: 未设置
    斜体: 未设置
    下划线: 未设置
    标准颜色: 未设置
  运行 7: '营销理论'
    字体: 未设置
    大小: 未设置
    粗体: 未设置
    斜体: 未设置
    下划线: 未设置
    标准颜色: 未设置

段落 64:
文本内容: Abstract
段落样式: 摘要目录标题
从样式获取的格式:
  样式字体: 未设置
  样式字号: 203200
  样式字号(pt): 16.0
  样式颜色: 未设置
对齐方式: 未设置
左缩进: 未设置
右缩进: 未设置
首行缩进: 未设置
行间距: 未设置
从XML读取的格式:
  运行 1: 'Abstract'
    字体: 未设置
    大小: 未设置
    粗体: 未设置
    斜体: 未设置
    下划线: 未设置
    标准颜色: 未设置

段落 65:
文本内容: With the rapid growth of China's economy and the improvement of residents' living standards, the medical service industry has ushered in a rapid development momentum, bringing unprecedented opportunities for the medical equipment sales industry. However, in recent years, the national healthcare reform policy has been continuously adjusted, which has brought unprecedented challenges and survival and development issues to medical equipment agency enterprises. Medical equipment agency enterprises need to think about how to improve sales performance in the current environment, to ensure the continued profitability of the enterprise and other development issues. These issues involve the grasp of market trends, marketing strategy innovation, product quality improvement, service system improvement, as well as rapid response to policy changes. Enterprises must develop effective marketing strategies and tactics to cope with industry changes, overcome difficulties and challenges, and seize development opportunities.
段落样式: 正文-缩进
从样式获取的格式:
  样式字体: 未设置
  样式字号: 未设置
  样式颜色: 未设置
对齐方式: 未设置
左缩进: 未设置
右缩进: 未设置
首行缩进: 未设置
行间距: 未设置
从XML读取的格式:
  运行 1: 'With the rapid growth of China's economy and the improvement of residents' living standards, the medical service industry has ushered in a rapid development momentum, bringing unprecedented opportunities for the medical equipment sales industry. However, in recent years, the national healthcare reform policy has been continuously adjusted, which has brought unprecedented challenges and survival and development issues to medical equipment agency enterprises. Medical equipment agency enterprises need to think about how to improve sales performance in the current environment, to ensure the continued profitability of the enterprise and other development issues. These issues involve the grasp of market trends, marketing strategy innovation, product quality improvement, service system improvement, as well as rapid response to policy changes. Enterprises must develop effective marketing strategies and tactics to cope with industry changes, overcome difficulties and challenges, and seize development opportunities.'
    字体: 未设置
    大小: 未设置
    粗体: 未设置
    斜体: 未设置
    下划线: 未设置
    标准颜色: 未设置

段落 66:
文本内容: This thesis briefly summarizes the status of domestic and international research on medical device marketing, as well as related marketing theories. It analyzes the current situation of Company Y's development and the problems of its marketing strategy in China. It applies the STP theory to segment, select, and locate the target markets of Company Y as well as its products, based on the strategic objectives, it finds the suitable Company Y's marketing strategy. Using the 7Ps marketing theory to optimize the marketing strategy of Company Y in seven aspects, and to propose different levels of safeguards for the overall implementation and execution of the strategy.
段落样式: 正文-缩进
从样式获取的格式:
  样式字体: 未设置
  样式字号: 未设置
  样式颜色: 未设置
对齐方式: 未设置
左缩进: 未设置
右缩进: 未设置
首行缩进: 未设置
行间距: 未设置
从XML读取的格式:
  运行 1: 'This thesis briefly summarizes the '
    字体: 未设置
    大小: 未设置
    粗体: 未设置
    斜体: 未设置
    下划线: 未设置
    标准颜色: 未设置
  运行 2: 'status'
    字体: 未设置
    大小: 未设置
    粗体: 未设置
    斜体: 未设置
    下划线: 未设置
    标准颜色: 未设置
  运行 3: ' of domestic and international research on medical device marketing, as well as related marketing theories. It analyzes the current situation of Company Y's development and the problems of its marketing strategy in China.'
    字体: 未设置
    大小: 未设置
    粗体: 未设置
    斜体: 未设置
    下划线: 未设置
    标准颜色: 未设置
  运行 4: ' '
    字体: 未设置
    大小: 未设置
    粗体: 未设置
    斜体: 未设置
    下划线: 未设置
    标准颜色: 未设置
  运行 5: 'It applies the STP theory to segment, select, and locate the target markets of Company Y as well as its products, based on the strategic objectives, it finds the suitable Company Y's marketing strategy. Using the 7Ps marketing theory to optimize the marketing strategy of Company Y in seven aspects'
    字体: 未设置
    大小: 未设置
    粗体: 未设置
    斜体: 未设置
    下划线: 未设置
    标准颜色: 未设置
  运行 6: ', '
    字体: 未设置
    大小: 未设置
    粗体: 未设置
    斜体: 未设置
    下划线: 未设置
    标准颜色: 未设置
  运行 7: 'and to propose different levels of safeguards for the overall implementation and execution of the strategy'
    字体: 未设置
    大小: 未设置
    粗体: 未设置
    斜体: 未设置
    下划线: 未设置
    标准颜色: 未设置
  运行 8: '.'
    字体: 未设置
    大小: 未设置
    粗体: 未设置
    斜体: 未设置
    下划线: 未设置
    标准颜色: 未设置

段落 67:
文本内容: This thesis analyzes Company Y's marketing in South China, identifies issues, and suggests strategies to boost sales and refine marketing. It also deepens the application of the 7Ps marketing theory.
段落样式: 正文-缩进
从样式获取的格式:
  样式字体: 未设置
  样式字号: 未设置
  样式颜色: 未设置
对齐方式: 未设置
左缩进: 未设置
右缩进: 未设置
首行缩进: 未设置
行间距: 未设置
从XML读取的格式:
  运行 1: 'This thesis analyzes Company Y's marketing in South China, identifies issues, and suggests strategies to boost sales and refine marketing. It also deepens the application of the 7Ps marketing theory.'
    字体: 未设置
    大小: 未设置
    粗体: 未设置
    斜体: 未设置
    下划线: 未设置
    标准颜色: 未设置

段落 69:
文本内容: Keywords: Medical Devices; Marketing Strategy; 7Ps Marketing Theory
段落样式: 关键词
从样式获取的格式:
  样式字体: 未设置
  样式字号: 未设置
  样式颜色: 未设置
对齐方式: 未设置
左缩进: 未设置
右缩进: 未设置
首行缩进: 未设置
行间距: 未设置
从XML读取的格式:
  运行 1: 'Keywords:'
    字体: 未设置
    大小: 未设置
    粗体: True
    斜体: 未设置
    下划线: 未设置
    标准颜色: 未设置
  运行 2: ' '
    字体: 未设置
    大小: 未设置
    粗体: 未设置
    斜体: 未设置
    下划线: 未设置
    标准颜色: 未设置
  运行 3: 'Medical Devices'
    字体: 未设置
    大小: 未设置
    粗体: 未设置
    斜体: 未设置
    下划线: 未设置
    标准颜色: 未设置
  运行 4: ';'
    字体: 未设置
    大小: 未设置
    粗体: 未设置
    斜体: 未设置
    下划线: 未设置
    标准颜色: 未设置
  运行 5: ' '
    字体: 未设置
    大小: 未设置
    粗体: 未设置
    斜体: 未设置
    下划线: 未设置
    标准颜色: 未设置
  运行 6: 'Marketing Strategy'
    字体: 未设置
    大小: 未设置
    粗体: 未设置
    斜体: 未设置
    下划线: 未设置
    标准颜色: 未设置
  运行 7: '; 7P'
    字体: 未设置
    大小: 未设置
    粗体: 未设置
    斜体: 未设置
    下划线: 未设置
    标准颜色: 未设置
  运行 8: 's '
    字体: 未设置
    大小: 未设置
    粗体: 未设置
    斜体: 未设置
    下划线: 未设置
    标准颜色: 未设置
  运行 9: 'M'
    字体: 未设置
    大小: 未设置
    粗体: 未设置
    斜体: 未设置
    下划线: 未设置
    标准颜色: 未设置
  运行 10: 'arketing '
    字体: 未设置
    大小: 未设置
    粗体: 未设置
    斜体: 未设置
    下划线: 未设置
    标准颜色: 未设置
  运行 11: 'T'
    字体: 未设置
    大小: 未设置
    粗体: 未设置
    斜体: 未设置
    下划线: 未设置
    标准颜色: 未设置
  运行 12: 'heory'
    字体: 未设置
    大小: 未设置
    粗体: 未设置
    斜体: 未设置
    下划线: 未设置
    标准颜色: 未设置

段落 71:
文本内容: 目　录
段落样式: 摘要目录标题
从样式获取的格式:
  样式字体: 未设置
  样式字号: 203200
  样式字号(pt): 16.0
  样式颜色: 未设置
对齐方式: 未设置
左缩进: 未设置
右缩进: 未设置
首行缩进: 未设置
行间距: 未设置
从XML读取的格式:
  运行 1: '目　录'
    字体: 未设置
    大小: 未设置
    粗体: 未设置
    斜体: 未设置
    下划线: 未设置
    标准颜色: 未设置

段落 72:
文本内容:  第一章　绪论	1
段落样式: toc 1
从样式获取的格式:
  样式字体: 未设置
  样式字号: 177800
  样式字号(pt): 14.0
  样式颜色: 未设置
对齐方式: 未设置
左缩进: 未设置
右缩进: 未设置
首行缩进: 未设置
行间距: 未设置
从XML读取的格式:
  XML字号: 11.0pt
  运行 1: ''
    字体: 未设置
    大小: 未设置
    粗体: 未设置
    斜体: 未设置
    下划线: 未设置
    标准颜色: 未设置
  运行 2: ''
    字体: 未设置
    大小: 未设置
    粗体: 未设置
    斜体: 未设置
    下划线: 未设置
    标准颜色: 未设置
  运行 3: ''
    字体: 未设置
    大小: 未设置
    粗体: 未设置
    斜体: 未设置
    下划线: 未设置
    标准颜色: 未设置
  运行 4: ''
    字体: 未设置
    大小: 未设置
    粗体: 未设置
    斜体: 未设置
    下划线: 未设置
    标准颜色: 未设置
  运行 5: ''
    字体: 未设置
    大小: 未设置
    粗体: 未设置
    斜体: 未设置
    下划线: 未设置
    标准颜色: 未设置
  运行 6: ''
    字体: 未设置
    大小: 未设置
    粗体: 未设置
    斜体: 未设置
    下划线: 未设置
    标准颜色: 未设置
  运行 7: ''
    字体: 未设置
    大小: 未设置
    粗体: 未设置
    斜体: 未设置
    下划线: 未设置
    标准颜色: 未设置

段落 73:
文本内容: 第一节 研究背景	1
段落样式: toc 2
从样式获取的格式:
  样式字体: 未设置
  样式字号: 未设置
  样式颜色: 未设置
对齐方式: 未设置
左缩进: 267970
右缩进: 未设置
首行缩进: 未设置
行间距: 未设置
从XML读取的格式:
  XML字号: 11.0pt
  该段落没有格式化运行文本

段落 74:
文本内容: 第二节 研究目的与意义	3
段落样式: toc 2
从样式获取的格式:
  样式字体: 未设置
  样式字号: 未设置
  样式颜色: 未设置
对齐方式: 未设置
左缩进: 267970
右缩进: 未设置
首行缩进: 未设置
行间距: 未设置
从XML读取的格式:
  XML字号: 11.0pt
  该段落没有格式化运行文本

段落 75:
文本内容: 一、 研究目的	3
段落样式: toc 3
从样式获取的格式:
  样式字体: 未设置
  样式字号: 未设置
  样式颜色: 未设置
对齐方式: 未设置
左缩进: 420370
右缩进: 未设置
首行缩进: 未设置
行间距: 未设置
从XML读取的格式:
  XML字号: 11.0pt
  该段落没有格式化运行文本

段落 76:
文本内容: 二、 研究意义	4
段落样式: toc 3
从样式获取的格式:
  样式字体: 未设置
  样式字号: 未设置
  样式颜色: 未设置
对齐方式: 未设置
左缩进: 420370
右缩进: 未设置
首行缩进: 未设置
行间距: 未设置
从XML读取的格式:
  XML字号: 11.0pt
  该段落没有格式化运行文本

段落 77:
文本内容: 第三节 研究内容与方法	4
段落样式: toc 2
从样式获取的格式:
  样式字体: 未设置
  样式字号: 未设置
  样式颜色: 未设置
对齐方式: 未设置
左缩进: 267970
右缩进: 未设置
首行缩进: 未设置
行间距: 未设置
从XML读取的格式:
  XML字号: 11.0pt
  该段落没有格式化运行文本

段落 78:
文本内容: 一、 研究内容	4
段落样式: toc 3
从样式获取的格式:
  样式字体: 未设置
  样式字号: 未设置
  样式颜色: 未设置
对齐方式: 未设置
左缩进: 420370
右缩进: 未设置
首行缩进: 未设置
行间距: 未设置
从XML读取的格式:
  XML字号: 11.0pt
  该段落没有格式化运行文本

段落 79:
文本内容: 二、 研究技术路线	5
段落样式: toc 3
从样式获取的格式:
  样式字体: 未设置
  样式字号: 未设置
  样式颜色: 未设置
对齐方式: 未设置
左缩进: 420370
右缩进: 未设置
首行缩进: 未设置
行间距: 未设置
从XML读取的格式:
  XML字号: 11.0pt
  该段落没有格式化运行文本

段落 80:
文本内容: 三、 研究方法	6
段落样式: toc 3
从样式获取的格式:
  样式字体: 未设置
  样式字号: 未设置
  样式颜色: 未设置
对齐方式: 未设置
左缩进: 420370
右缩进: 未设置
首行缩进: 未设置
行间距: 未设置
从XML读取的格式:
  XML字号: 11.0pt
  该段落没有格式化运行文本

段落 81:
文本内容: 第四节 研究创新点	7
段落样式: toc 2
从样式获取的格式:
  样式字体: 未设置
  样式字号: 未设置
  样式颜色: 未设置
对齐方式: 未设置
左缩进: 267970
右缩进: 未设置
首行缩进: 未设置
行间距: 未设置
从XML读取的格式:
  XML字号: 11.0pt
  该段落没有格式化运行文本

段落 82:
文本内容:  第二章　理论基础与文献综述	9
段落样式: toc 1
从样式获取的格式:
  样式字体: 未设置
  样式字号: 177800
  样式字号(pt): 14.0
  样式颜色: 未设置
对齐方式: 未设置
左缩进: 未设置
右缩进: 未设置
首行缩进: 未设置
行间距: 未设置
从XML读取的格式:
  XML字号: 11.0pt
  该段落没有格式化运行文本

段落 83:
文本内容: 第一节 市场营销相关理论	9
段落样式: toc 2
从样式获取的格式:
  样式字体: 未设置
  样式字号: 未设置
  样式颜色: 未设置
对齐方式: 未设置
左缩进: 267970
右缩进: 未设置
首行缩进: 未设置
行间距: 未设置
从XML读取的格式:
  XML字号: 11.0pt
  该段落没有格式化运行文本

段落 84:
文本内容: 一、 市场营销概念及发展	9
段落样式: toc 3
从样式获取的格式:
  样式字体: 未设置
  样式字号: 未设置
  样式颜色: 未设置
对齐方式: 未设置
左缩进: 420370
右缩进: 未设置
首行缩进: 未设置
行间距: 未设置
从XML读取的格式:
  XML字号: 11.0pt
  该段落没有格式化运行文本

段落 85:
文本内容: 二、 STP理论	11
段落样式: toc 3
从样式获取的格式:
  样式字体: 未设置
  样式字号: 未设置
  样式颜色: 未设置
对齐方式: 未设置
左缩进: 420370
右缩进: 未设置
首行缩进: 未设置
行间距: 未设置
从XML读取的格式:
  XML字号: 11.0pt
  该段落没有格式化运行文本

段落 86:
文本内容: 三、 7Ps营销理论	12
段落样式: toc 3
从样式获取的格式:
  样式字体: 未设置
  样式字号: 未设置
  样式颜色: 未设置
对齐方式: 未设置
左缩进: 420370
右缩进: 未设置
首行缩进: 未设置
行间距: 未设置
从XML读取的格式:
  XML字号: 11.0pt
  该段落没有格式化运行文本

段落 87:
文本内容: 四、 4Cs营销理论	13
段落样式: toc 3
从样式获取的格式:
  样式字体: 未设置
  样式字号: 未设置
  样式颜色: 未设置
对齐方式: 未设置
左缩进: 420370
右缩进: 未设置
首行缩进: 未设置
行间距: 未设置
从XML读取的格式:
  XML字号: 11.0pt
  该段落没有格式化运行文本

段落 88:
文本内容: 第二节 相关分析工具	14
段落样式: toc 2
从样式获取的格式:
  样式字体: 未设置
  样式字号: 未设置
  样式颜色: 未设置
对齐方式: 未设置
左缩进: 267970
右缩进: 未设置
首行缩进: 未设置
行间距: 未设置
从XML读取的格式:
  XML字号: 11.0pt
  该段落没有格式化运行文本

段落 89:
文本内容: 一、 PEST分析模型	14
段落样式: toc 3
从样式获取的格式:
  样式字体: 未设置
  样式字号: 未设置
  样式颜色: 未设置
对齐方式: 未设置
左缩进: 420370
右缩进: 未设置
首行缩进: 未设置
行间距: 未设置
从XML读取的格式:
  XML字号: 11.0pt
  该段落没有格式化运行文本

段落 90:
文本内容: 二、 五种力量分析模型	16
段落样式: toc 3
从样式获取的格式:
  样式字体: 未设置
  样式字号: 未设置
  样式颜色: 未设置
对齐方式: 未设置
左缩进: 420370
右缩进: 未设置
首行缩进: 未设置
行间距: 未设置
从XML读取的格式:
  XML字号: 11.0pt
  该段落没有格式化运行文本

段落 91:
文本内容: 三、 态势分析法	17
段落样式: toc 3
从样式获取的格式:
  样式字体: 未设置
  样式字号: 未设置
  样式颜色: 未设置
对齐方式: 未设置
左缩进: 420370
右缩进: 未设置
首行缩进: 未设置
行间距: 未设置
从XML读取的格式:
  XML字号: 11.0pt
  该段落没有格式化运行文本

段落 92:
文本内容: 第三节 文献综述	18
段落样式: toc 2
从样式获取的格式:
  样式字体: 未设置
  样式字号: 未设置
  样式颜色: 未设置
对齐方式: 未设置
左缩进: 267970
右缩进: 未设置
首行缩进: 未设置
行间距: 未设置
从XML读取的格式:
  XML字号: 11.0pt
  该段落没有格式化运行文本

段落 93:
文本内容: 一、 营销策略相关研究	18
段落样式: toc 3
从样式获取的格式:
  样式字体: 未设置
  样式字号: 未设置
  样式颜色: 未设置
对齐方式: 未设置
左缩进: 420370
右缩进: 未设置
首行缩进: 未设置
行间距: 未设置
从XML读取的格式:
  XML字号: 11.0pt
  该段落没有格式化运行文本

段落 94:
文本内容: 二、 医疗器械营销策略的相关研究	20
段落样式: toc 3
从样式获取的格式:
  样式字体: 未设置
  样式字号: 未设置
  样式颜色: 未设置
对齐方式: 未设置
左缩进: 420370
右缩进: 未设置
首行缩进: 未设置
行间距: 未设置
从XML读取的格式:
  XML字号: 11.0pt
  该段落没有格式化运行文本

段落 95:
文本内容: 三、 文献述评	24
段落样式: toc 3
从样式获取的格式:
  样式字体: 未设置
  样式字号: 未设置
  样式颜色: 未设置
对齐方式: 未设置
左缩进: 420370
右缩进: 未设置
首行缩进: 未设置
行间距: 未设置
从XML读取的格式:
  XML字号: 11.0pt
  该段落没有格式化运行文本

段落 96:
文本内容:  第三章　Y公司营销外部环境分析	26
段落样式: toc 1
从样式获取的格式:
  样式字体: 未设置
  样式字号: 177800
  样式字号(pt): 14.0
  样式颜色: 未设置
对齐方式: 未设置
左缩进: 未设置
右缩进: 未设置
首行缩进: 未设置
行间距: 未设置
从XML读取的格式:
  XML字号: 11.0pt
  该段落没有格式化运行文本

段落 97:
文本内容: 第一节 Y公司基本情况介绍	26
段落样式: toc 2
从样式获取的格式:
  样式字体: 未设置
  样式字号: 未设置
  样式颜色: 未设置
对齐方式: 未设置
左缩进: 267970
右缩进: 未设置
首行缩进: 未设置
行间距: 未设置
从XML读取的格式:
  XML字号: 11.0pt
  该段落没有格式化运行文本

段落 98:
文本内容: 一、 Y公司简介	26
段落样式: toc 3
从样式获取的格式:
  样式字体: 未设置
  样式字号: 未设置
  样式颜色: 未设置
对齐方式: 未设置
左缩进: 420370
右缩进: 未设置
首行缩进: 未设置
行间距: 未设置
从XML读取的格式:
  XML字号: 11.0pt
  该段落没有格式化运行文本

段落 99:
文本内容: 二、 Y公司组织架构	26
段落样式: toc 3
从样式获取的格式:
  样式字体: 未设置
  样式字号: 未设置
  样式颜色: 未设置
对齐方式: 未设置
左缩进: 420370
右缩进: 未设置
首行缩进: 未设置
行间距: 未设置
从XML读取的格式:
  XML字号: 11.0pt
  该段落没有格式化运行文本

段落 100:
文本内容: 第二节 Y公司宏观环境分析	28
段落样式: toc 2
从样式获取的格式:
  样式字体: 未设置
  样式字号: 未设置
  样式颜色: 未设置
对齐方式: 未设置
左缩进: 267970
右缩进: 未设置
首行缩进: 未设置
行间距: 未设置
从XML读取的格式:
  XML字号: 11.0pt
  该段落没有格式化运行文本

段落 101:
文本内容: 一、 政治环境分析	28
段落样式: toc 3
从样式获取的格式:
  样式字体: 未设置
  样式字号: 未设置
  样式颜色: 未设置
对齐方式: 未设置
左缩进: 420370
右缩进: 未设置
首行缩进: 未设置
行间距: 未设置
从XML读取的格式:
  XML字号: 11.0pt
  该段落没有格式化运行文本

段落 102:
文本内容: 二、 经济环境分析	31
段落样式: toc 3
从样式获取的格式:
  样式字体: 未设置
  样式字号: 未设置
  样式颜色: 未设置
对齐方式: 未设置
左缩进: 420370
右缩进: 未设置
首行缩进: 未设置
行间距: 未设置
从XML读取的格式:
  XML字号: 11.0pt
  该段落没有格式化运行文本

段落 103:
文本内容: 三、 社会环境分析	34
段落样式: toc 3
从样式获取的格式:
  样式字体: 未设置
  样式字号: 未设置
  样式颜色: 未设置
对齐方式: 未设置
左缩进: 420370
右缩进: 未设置
首行缩进: 未设置
行间距: 未设置
从XML读取的格式:
  XML字号: 11.0pt
  该段落没有格式化运行文本

段落 104:
文本内容: 四、 技术环境分析	39
段落样式: toc 3
从样式获取的格式:
  样式字体: 未设置
  样式字号: 未设置
  样式颜色: 未设置
对齐方式: 未设置
左缩进: 420370
右缩进: 未设置
首行缩进: 未设置
行间距: 未设置
从XML读取的格式:
  XML字号: 11.0pt
  该段落没有格式化运行文本

段落 105:
文本内容: 第三节 Y公司竞争环境分析	42
段落样式: toc 2
从样式获取的格式:
  样式字体: 未设置
  样式字号: 未设置
  样式颜色: 未设置
对齐方式: 未设置
左缩进: 267970
右缩进: 未设置
首行缩进: 未设置
行间距: 未设置
从XML读取的格式:
  XML字号: 11.0pt
  该段落没有格式化运行文本

段落 106:
文本内容: 一、 竞争者的竞争能力	42
段落样式: toc 3
从样式获取的格式:
  样式字体: 未设置
  样式字号: 未设置
  样式颜色: 未设置
对齐方式: 未设置
左缩进: 420370
右缩进: 未设置
首行缩进: 未设置
行间距: 未设置
从XML读取的格式:
  XML字号: 11.0pt
  该段落没有格式化运行文本

段落 107:
文本内容: 二、 购买者的议价能力	48
段落样式: toc 3
从样式获取的格式:
  样式字体: 未设置
  样式字号: 未设置
  样式颜色: 未设置
对齐方式: 未设置
左缩进: 420370
右缩进: 未设置
首行缩进: 未设置
行间距: 未设置
从XML读取的格式:
  XML字号: 11.0pt
  该段落没有格式化运行文本

段落 108:
文本内容: 三、 潜在者进入的能力	49
段落样式: toc 3
从样式获取的格式:
  样式字体: 未设置
  样式字号: 未设置
  样式颜色: 未设置
对齐方式: 未设置
左缩进: 420370
右缩进: 未设置
首行缩进: 未设置
行间距: 未设置
从XML读取的格式:
  XML字号: 11.0pt
  该段落没有格式化运行文本

段落 109:
文本内容: 四、 替代品的替代能力	51
段落样式: toc 3
从样式获取的格式:
  样式字体: 未设置
  样式字号: 未设置
  样式颜色: 未设置
对齐方式: 未设置
左缩进: 420370
右缩进: 未设置
首行缩进: 未设置
行间距: 未设置
从XML读取的格式:
  XML字号: 11.0pt
  该段落没有格式化运行文本

段落 110:
文本内容: 五、 供应商的议价能力	51
段落样式: toc 3
从样式获取的格式:
  样式字体: 未设置
  样式字号: 未设置
  样式颜色: 未设置
对齐方式: 未设置
左缩进: 420370
右缩进: 未设置
首行缩进: 未设置
行间距: 未设置
从XML读取的格式:
  XML字号: 11.0pt
  该段落没有格式化运行文本

段落 111:
文本内容: 第四节 Y公司态势分析	52
段落样式: toc 2
从样式获取的格式:
  样式字体: 未设置
  样式字号: 未设置
  样式颜色: 未设置
对齐方式: 未设置
左缩进: 267970
右缩进: 未设置
首行缩进: 未设置
行间距: 未设置
从XML读取的格式:
  XML字号: 11.0pt
  该段落没有格式化运行文本

段落 112:
文本内容: 一、 Y公司优势分析	52
段落样式: toc 3
从样式获取的格式:
  样式字体: 未设置
  样式字号: 未设置
  样式颜色: 未设置
对齐方式: 未设置
左缩进: 420370
右缩进: 未设置
首行缩进: 未设置
行间距: 未设置
从XML读取的格式:
  XML字号: 11.0pt
  该段落没有格式化运行文本

段落 113:
文本内容: 二、 Y公司劣势分析	54
段落样式: toc 3
从样式获取的格式:
  样式字体: 未设置
  样式字号: 未设置
  样式颜色: 未设置
对齐方式: 未设置
左缩进: 420370
右缩进: 未设置
首行缩进: 未设置
行间距: 未设置
从XML读取的格式:
  XML字号: 11.0pt
  该段落没有格式化运行文本

段落 114:
文本内容: 三、 Y公司机会分析	56
段落样式: toc 3
从样式获取的格式:
  样式字体: 未设置
  样式字号: 未设置
  样式颜色: 未设置
对齐方式: 未设置
左缩进: 420370
右缩进: 未设置
首行缩进: 未设置
行间距: 未设置
从XML读取的格式:
  XML字号: 11.0pt
  该段落没有格式化运行文本

段落 115:
文本内容: 四、 Y公司威胁分析	57
段落样式: toc 3
从样式获取的格式:
  样式字体: 未设置
  样式字号: 未设置
  样式颜色: 未设置
对齐方式: 未设置
左缩进: 420370
右缩进: 未设置
首行缩进: 未设置
行间距: 未设置
从XML读取的格式:
  XML字号: 11.0pt
  该段落没有格式化运行文本

段落 116:
文本内容:  第四章　Y公司营销现状及问题分析	59
段落样式: toc 1
从样式获取的格式:
  样式字体: 未设置
  样式字号: 177800
  样式字号(pt): 14.0
  样式颜色: 未设置
对齐方式: 未设置
左缩进: 未设置
右缩进: 未设置
首行缩进: 未设置
行间距: 未设置
从XML读取的格式:
  XML字号: 11.0pt
  该段落没有格式化运行文本

段落 117:
文本内容: 第一节 Y公司代理眼科产品介绍	59
段落样式: toc 2
从样式获取的格式:
  样式字体: 未设置
  样式字号: 未设置
  样式颜色: 未设置
对齐方式: 未设置
左缩进: 267970
右缩进: 未设置
首行缩进: 未设置
行间距: 未设置
从XML读取的格式:
  XML字号: 11.0pt
  该段落没有格式化运行文本

段落 118:
文本内容: 一、 眼视光产品介绍	59
段落样式: toc 3
从样式获取的格式:
  样式字体: 未设置
  样式字号: 未设置
  样式颜色: 未设置
对齐方式: 未设置
左缩进: 420370
右缩进: 未设置
首行缩进: 未设置
行间距: 未设置
从XML读取的格式:
  XML字号: 11.0pt
  该段落没有格式化运行文本

段落 119:
文本内容: 二、 白内障产品介绍	59
段落样式: toc 3
从样式获取的格式:
  样式字体: 未设置
  样式字号: 未设置
  样式颜色: 未设置
对齐方式: 未设置
左缩进: 420370
右缩进: 未设置
首行缩进: 未设置
行间距: 未设置
从XML读取的格式:
  XML字号: 11.0pt
  该段落没有格式化运行文本

段落 120:
文本内容: 三、 眼底病产品介绍	61
段落样式: toc 3
从样式获取的格式:
  样式字体: 未设置
  样式字号: 未设置
  样式颜色: 未设置
对齐方式: 未设置
左缩进: 420370
右缩进: 未设置
首行缩进: 未设置
行间距: 未设置
从XML读取的格式:
  XML字号: 11.0pt
  该段落没有格式化运行文本

段落 121:
文本内容: 第二节 Y公司市场营销现状分析	62
段落样式: toc 2
从样式获取的格式:
  样式字体: 未设置
  样式字号: 未设置
  样式颜色: 未设置
对齐方式: 未设置
左缩进: 267970
右缩进: 未设置
首行缩进: 未设置
行间距: 未设置
从XML读取的格式:
  XML字号: 11.0pt
  该段落没有格式化运行文本

段落 122:
文本内容: 一、 Y公司营销绩效分析	62
段落样式: toc 3
从样式获取的格式:
  样式字体: 未设置
  样式字号: 未设置
  样式颜色: 未设置
对齐方式: 未设置
左缩进: 420370
右缩进: 未设置
首行缩进: 未设置
行间距: 未设置
从XML读取的格式:
  XML字号: 11.0pt
  该段落没有格式化运行文本

段落 123:
文本内容: 二、 Y公司营销策略现状	66
段落样式: toc 3
从样式获取的格式:
  样式字体: 未设置
  样式字号: 未设置
  样式颜色: 未设置
对齐方式: 未设置
左缩进: 420370
右缩进: 未设置
首行缩进: 未设置
行间距: 未设置
从XML读取的格式:
  XML字号: 11.0pt
  该段落没有格式化运行文本

段落 124:
文本内容: 第三节 策略问题的调研与分析	70
段落样式: toc 2
从样式获取的格式:
  样式字体: 未设置
  样式字号: 未设置
  样式颜色: 未设置
对齐方式: 未设置
左缩进: 267970
右缩进: 未设置
首行缩进: 未设置
行间距: 未设置
从XML读取的格式:
  XML字号: 11.0pt
  该段落没有格式化运行文本

段落 125:
文本内容: 一、 访谈调研与分析	70
段落样式: toc 3
从样式获取的格式:
  样式字体: 未设置
  样式字号: 未设置
  样式颜色: 未设置
对齐方式: 未设置
左缩进: 420370
右缩进: 未设置
首行缩进: 未设置
行间距: 未设置
从XML读取的格式:
  XML字号: 11.0pt
  该段落没有格式化运行文本

段落 126:
文本内容: 二、 问卷调查和分析	72
段落样式: toc 3
从样式获取的格式:
  样式字体: 未设置
  样式字号: 未设置
  样式颜色: 未设置
对齐方式: 未设置
左缩进: 420370
右缩进: 未设置
首行缩进: 未设置
行间距: 未设置
从XML读取的格式:
  XML字号: 11.0pt
  该段落没有格式化运行文本

段落 127:
文本内容: 第四节 Y公司营销策略的问题	76
段落样式: toc 2
从样式获取的格式:
  样式字体: 未设置
  样式字号: 未设置
  样式颜色: 未设置
对齐方式: 未设置
左缩进: 267970
右缩进: 未设置
首行缩进: 未设置
行间距: 未设置
从XML读取的格式:
  XML字号: 11.0pt
  该段落没有格式化运行文本

段落 128:
文本内容: 一、 品牌定位问题	76
段落样式: toc 3
从样式获取的格式:
  样式字体: 未设置
  样式字号: 未设置
  样式颜色: 未设置
对齐方式: 未设置
左缩进: 420370
右缩进: 未设置
首行缩进: 未设置
行间距: 未设置
从XML读取的格式:
  XML字号: 11.0pt
  该段落没有格式化运行文本

段落 129:
文本内容: 二、 产品结构问题	77
段落样式: toc 3
从样式获取的格式:
  样式字体: 未设置
  样式字号: 未设置
  样式颜色: 未设置
对齐方式: 未设置
左缩进: 420370
右缩进: 未设置
首行缩进: 未设置
行间距: 未设置
从XML读取的格式:
  XML字号: 11.0pt
  该段落没有格式化运行文本

段落 130:
文本内容: 三、 市场定价问题	78
段落样式: toc 3
从样式获取的格式:
  样式字体: 未设置
  样式字号: 未设置
  样式颜色: 未设置
对齐方式: 未设置
左缩进: 420370
右缩进: 未设置
首行缩进: 未设置
行间距: 未设置
从XML读取的格式:
  XML字号: 11.0pt
  该段落没有格式化运行文本

段落 131:
文本内容: 四、 推广促销问题	79
段落样式: toc 3
从样式获取的格式:
  样式字体: 未设置
  样式字号: 未设置
  样式颜色: 未设置
对齐方式: 未设置
左缩进: 420370
右缩进: 未设置
首行缩进: 未设置
行间距: 未设置
从XML读取的格式:
  XML字号: 11.0pt
  该段落没有格式化运行文本

段落 132:
文本内容: 五、 营销渠道问题	80
段落样式: toc 3
从样式获取的格式:
  样式字体: 未设置
  样式字号: 未设置
  样式颜色: 未设置
对齐方式: 未设置
左缩进: 420370
右缩进: 未设置
首行缩进: 未设置
行间距: 未设置
从XML读取的格式:
  XML字号: 11.0pt
  该段落没有格式化运行文本

段落 133:
文本内容: 六、 专业人员问题	80
段落样式: toc 3
从样式获取的格式:
  样式字体: 未设置
  样式字号: 未设置
  样式颜色: 未设置
对齐方式: 未设置
左缩进: 420370
右缩进: 未设置
首行缩进: 未设置
行间距: 未设置
从XML读取的格式:
  XML字号: 11.0pt
  该段落没有格式化运行文本

段落 134:
文本内容: 七、 过程管理问题	81
段落样式: toc 3
从样式获取的格式:
  样式字体: 未设置
  样式字号: 未设置
  样式颜色: 未设置
对齐方式: 未设置
左缩进: 420370
右缩进: 未设置
首行缩进: 未设置
行间距: 未设置
从XML读取的格式:
  XML字号: 11.0pt
  该段落没有格式化运行文本

段落 135:
文本内容: 第五节 Y公司策略问题的成因	82
段落样式: toc 2
从样式获取的格式:
  样式字体: 未设置
  样式字号: 未设置
  样式颜色: 未设置
对齐方式: 未设置
左缩进: 267970
右缩进: 未设置
首行缩进: 未设置
行间距: 未设置
从XML读取的格式:
  XML字号: 11.0pt
  该段落没有格式化运行文本

段落 136:
文本内容: 一、 市场调研不足	82
段落样式: toc 3
从样式获取的格式:
  样式字体: 未设置
  样式字号: 未设置
  样式颜色: 未设置
对齐方式: 未设置
左缩进: 420370
右缩进: 未设置
首行缩进: 未设置
行间距: 未设置
从XML读取的格式:
  XML字号: 11.0pt
  该段落没有格式化运行文本

段落 137:
文本内容: 二、 供应链不完善	83
段落样式: toc 3
从样式获取的格式:
  样式字体: 未设置
  样式字号: 未设置
  样式颜色: 未设置
对齐方式: 未设置
左缩进: 420370
右缩进: 未设置
首行缩进: 未设置
行间距: 未设置
从XML读取的格式:
  XML字号: 11.0pt
  该段落没有格式化运行文本

段落 138:
文本内容: 三、 成本限制定价	83
段落样式: toc 3
从样式获取的格式:
  样式字体: 未设置
  样式字号: 未设置
  样式颜色: 未设置
对齐方式: 未设置
左缩进: 420370
右缩进: 未设置
首行缩进: 未设置
行间距: 未设置
从XML读取的格式:
  XML字号: 11.0pt
  该段落没有格式化运行文本

段落 139:
文本内容: 四、 促销意识薄弱	84
段落样式: toc 3
从样式获取的格式:
  样式字体: 未设置
  样式字号: 未设置
  样式颜色: 未设置
对齐方式: 未设置
左缩进: 420370
右缩进: 未设置
首行缩进: 未设置
行间距: 未设置
从XML读取的格式:
  XML字号: 11.0pt
  该段落没有格式化运行文本

段落 140:
文本内容: 五、 营销渠道不足	84
段落样式: toc 3
从样式获取的格式:
  样式字体: 未设置
  样式字号: 未设置
  样式颜色: 未设置
对齐方式: 未设置
左缩进: 420370
右缩进: 未设置
首行缩进: 未设置
行间距: 未设置
从XML读取的格式:
  XML字号: 11.0pt
  该段落没有格式化运行文本

段落 141:
文本内容: 六、 缺少专业人才	85
段落样式: toc 3
从样式获取的格式:
  样式字体: 未设置
  样式字号: 未设置
  样式颜色: 未设置
对齐方式: 未设置
左缩进: 420370
右缩进: 未设置
首行缩进: 未设置
行间距: 未设置
从XML读取的格式:
  XML字号: 11.0pt
  该段落没有格式化运行文本

段落 142:
文本内容: 七、 缺乏管理制度	85
段落样式: toc 3
从样式获取的格式:
  样式字体: 未设置
  样式字号: 未设置
  样式颜色: 未设置
对齐方式: 未设置
左缩进: 420370
右缩进: 未设置
首行缩进: 未设置
行间距: 未设置
从XML读取的格式:
  XML字号: 11.0pt
  该段落没有格式化运行文本

段落 143:
文本内容:  第五章　Y公司市场营销策略优化	87
段落样式: toc 1
从样式获取的格式:
  样式字体: 未设置
  样式字号: 177800
  样式字号(pt): 14.0
  样式颜色: 未设置
对齐方式: 未设置
左缩进: 未设置
右缩进: 未设置
首行缩进: 未设置
行间距: 未设置
从XML读取的格式:
  XML字号: 11.0pt
  该段落没有格式化运行文本

段落 144:
文本内容: 第一节 基于STP理论的策略优化	87
段落样式: toc 2
从样式获取的格式:
  样式字体: 未设置
  样式字号: 未设置
  样式颜色: 未设置
对齐方式: 未设置
左缩进: 267970
右缩进: 未设置
首行缩进: 未设置
行间距: 未设置
从XML读取的格式:
  XML字号: 11.0pt
  该段落没有格式化运行文本

段落 145:
文本内容: 一、 市场细分	87
段落样式: toc 3
从样式获取的格式:
  样式字体: 未设置
  样式字号: 未设置
  样式颜色: 未设置
对齐方式: 未设置
左缩进: 420370
右缩进: 未设置
首行缩进: 未设置
行间距: 未设置
从XML读取的格式:
  XML字号: 11.0pt
  该段落没有格式化运行文本

段落 146:
文本内容: 二、 目标市场	90
段落样式: toc 3
从样式获取的格式:
  样式字体: 未设置
  样式字号: 未设置
  样式颜色: 未设置
对齐方式: 未设置
左缩进: 420370
右缩进: 未设置
首行缩进: 未设置
行间距: 未设置
从XML读取的格式:
  XML字号: 11.0pt
  该段落没有格式化运行文本

段落 147:
文本内容: 三、 市场定位	91
段落样式: toc 3
从样式获取的格式:
  样式字体: 未设置
  样式字号: 未设置
  样式颜色: 未设置
对齐方式: 未设置
左缩进: 420370
右缩进: 未设置
首行缩进: 未设置
行间距: 未设置
从XML读取的格式:
  XML字号: 11.0pt
  该段落没有格式化运行文本

段落 148:
文本内容: 第二节 基于7Ps理论的策略优化	93
段落样式: toc 2
从样式获取的格式:
  样式字体: 未设置
  样式字号: 未设置
  样式颜色: 未设置
对齐方式: 未设置
左缩进: 267970
右缩进: 未设置
首行缩进: 未设置
行间距: 未设置
从XML读取的格式:
  XML字号: 11.0pt
  该段落没有格式化运行文本

段落 149:
文本内容: 一、 产品策略	93
段落样式: toc 3
从样式获取的格式:
  样式字体: 未设置
  样式字号: 未设置
  样式颜色: 未设置
对齐方式: 未设置
左缩进: 420370
右缩进: 未设置
首行缩进: 未设置
行间距: 未设置
从XML读取的格式:
  XML字号: 11.0pt
  该段落没有格式化运行文本

段落 150:
文本内容: 二、 价格策略	95
段落样式: toc 3
从样式获取的格式:
  样式字体: 未设置
  样式字号: 未设置
  样式颜色: 未设置
对齐方式: 未设置
左缩进: 420370
右缩进: 未设置
首行缩进: 未设置
行间距: 未设置
从XML读取的格式:
  XML字号: 11.0pt
  该段落没有格式化运行文本

段落 151:
文本内容: 三、 渠道策略	97
段落样式: toc 3
从样式获取的格式:
  样式字体: 未设置
  样式字号: 未设置
  样式颜色: 未设置
对齐方式: 未设置
左缩进: 420370
右缩进: 未设置
首行缩进: 未设置
行间距: 未设置
从XML读取的格式:
  XML字号: 11.0pt
  该段落没有格式化运行文本

段落 152:
文本内容: 四、 促销策略	100
段落样式: toc 3
从样式获取的格式:
  样式字体: 未设置
  样式字号: 未设置
  样式颜色: 未设置
对齐方式: 未设置
左缩进: 420370
右缩进: 未设置
首行缩进: 未设置
行间距: 未设置
从XML读取的格式:
  XML字号: 11.0pt
  该段落没有格式化运行文本

段落 153:
文本内容: 五、 人员策略	102
段落样式: toc 3
从样式获取的格式:
  样式字体: 未设置
  样式字号: 未设置
  样式颜色: 未设置
对齐方式: 未设置
左缩进: 420370
右缩进: 未设置
首行缩进: 未设置
行间距: 未设置
从XML读取的格式:
  XML字号: 11.0pt
  该段落没有格式化运行文本

段落 154:
文本内容: 六、 有形展示策略	104
段落样式: toc 3
从样式获取的格式:
  样式字体: 未设置
  样式字号: 未设置
  样式颜色: 未设置
对齐方式: 未设置
左缩进: 420370
右缩进: 未设置
首行缩进: 未设置
行间距: 未设置
从XML读取的格式:
  XML字号: 11.0pt
  该段落没有格式化运行文本

段落 155:
文本内容: 七、 过程管理策略	105
段落样式: toc 3
从样式获取的格式:
  样式字体: 未设置
  样式字号: 未设置
  样式颜色: 未设置
对齐方式: 未设置
左缩进: 420370
右缩进: 未设置
首行缩进: 未设置
行间距: 未设置
从XML读取的格式:
  XML字号: 11.0pt
  该段落没有格式化运行文本

段落 156:
文本内容: 第三节 基于4Cs理论的策略创新	106
段落样式: toc 2
从样式获取的格式:
  样式字体: 未设置
  样式字号: 未设置
  样式颜色: 未设置
对齐方式: 未设置
左缩进: 267970
右缩进: 未设置
首行缩进: 未设置
行间距: 未设置
从XML读取的格式:
  XML字号: 11.0pt
  该段落没有格式化运行文本

段落 157:
文本内容: 一、 消费者策略	106
段落样式: toc 3
从样式获取的格式:
  样式字体: 未设置
  样式字号: 未设置
  样式颜色: 未设置
对齐方式: 未设置
左缩进: 420370
右缩进: 未设置
首行缩进: 未设置
行间距: 未设置
从XML读取的格式:
  XML字号: 11.0pt
  该段落没有格式化运行文本

段落 158:
文本内容: 二、 成本策略	108
段落样式: toc 3
从样式获取的格式:
  样式字体: 未设置
  样式字号: 未设置
  样式颜色: 未设置
对齐方式: 未设置
左缩进: 420370
右缩进: 未设置
首行缩进: 未设置
行间距: 未设置
从XML读取的格式:
  XML字号: 11.0pt
  该段落没有格式化运行文本

段落 159:
文本内容: 三、 便利策略	109
段落样式: toc 3
从样式获取的格式:
  样式字体: 未设置
  样式字号: 未设置
  样式颜色: 未设置
对齐方式: 未设置
左缩进: 420370
右缩进: 未设置
首行缩进: 未设置
行间距: 未设置
从XML读取的格式:
  XML字号: 11.0pt
  该段落没有格式化运行文本

段落 160:
文本内容: 四、 沟通策略	110
段落样式: toc 3
从样式获取的格式:
  样式字体: 未设置
  样式字号: 未设置
  样式颜色: 未设置
对齐方式: 未设置
左缩进: 420370
右缩进: 未设置
首行缩进: 未设置
行间距: 未设置
从XML读取的格式:
  XML字号: 11.0pt
  该段落没有格式化运行文本

段落 161:
文本内容:  第六章 Y公司营销策略优化的保障措施	112
段落样式: toc 1
从样式获取的格式:
  样式字体: 未设置
  样式字号: 177800
  样式字号(pt): 14.0
  样式颜色: 未设置
对齐方式: 未设置
左缩进: 未设置
右缩进: 未设置
首行缩进: 未设置
行间距: 未设置
从XML读取的格式:
  XML字号: 11.0pt
  该段落没有格式化运行文本

段落 162:
文本内容: 第一节 组织结构层面的保障	112
段落样式: toc 2
从样式获取的格式:
  样式字体: 未设置
  样式字号: 未设置
  样式颜色: 未设置
对齐方式: 未设置
左缩进: 267970
右缩进: 未设置
首行缩进: 未设置
行间距: 未设置
从XML读取的格式:
  XML字号: 11.0pt
  该段落没有格式化运行文本

段落 163:
文本内容: 第二节 人力资源层面的保障	113
段落样式: toc 2
从样式获取的格式:
  样式字体: 未设置
  样式字号: 未设置
  样式颜色: 未设置
对齐方式: 未设置
左缩进: 267970
右缩进: 未设置
首行缩进: 未设置
行间距: 未设置
从XML读取的格式:
  XML字号: 11.0pt
  该段落没有格式化运行文本

段落 164:
文本内容: 第三节 信息技术层面的保障	116
段落样式: toc 2
从样式获取的格式:
  样式字体: 未设置
  样式字号: 未设置
  样式颜色: 未设置
对齐方式: 未设置
左缩进: 267970
右缩进: 未设置
首行缩进: 未设置
行间距: 未设置
从XML读取的格式:
  XML字号: 11.0pt
  该段落没有格式化运行文本

段落 165:
文本内容: 第四节 财务管理层面的保障	117
段落样式: toc 2
从样式获取的格式:
  样式字体: 未设置
  样式字号: 未设置
  样式颜色: 未设置
对齐方式: 未设置
左缩进: 267970
右缩进: 未设置
首行缩进: 未设置
行间距: 未设置
从XML读取的格式:
  XML字号: 11.0pt
  该段落没有格式化运行文本

段落 166:
文本内容: 第五节 管理制度层面的保障	119
段落样式: toc 2
从样式获取的格式:
  样式字体: 未设置
  样式字号: 未设置
  样式颜色: 未设置
对齐方式: 未设置
左缩进: 267970
右缩进: 未设置
首行缩进: 未设置
行间距: 未设置
从XML读取的格式:
  XML字号: 11.0pt
  该段落没有格式化运行文本

段落 167:
文本内容:  第七章 结论与展望	121
段落样式: toc 1
从样式获取的格式:
  样式字体: 未设置
  样式字号: 177800
  样式字号(pt): 14.0
  样式颜色: 未设置
对齐方式: 未设置
左缩进: 未设置
右缩进: 未设置
首行缩进: 未设置
行间距: 未设置
从XML读取的格式:
  XML字号: 11.0pt
  该段落没有格式化运行文本

段落 168:
文本内容: 第一节 研究结论	121
段落样式: toc 2
从样式获取的格式:
  样式字体: 未设置
  样式字号: 未设置
  样式颜色: 未设置
对齐方式: 未设置
左缩进: 267970
右缩进: 未设置
首行缩进: 未设置
行间距: 未设置
从XML读取的格式:
  XML字号: 11.0pt
  该段落没有格式化运行文本

段落 169:
文本内容: 第二节 研究不足与展望	122
段落样式: toc 2
从样式获取的格式:
  样式字体: 未设置
  样式字号: 未设置
  样式颜色: 未设置
对齐方式: 未设置
左缩进: 267970
右缩进: 未设置
首行缩进: 未设置
行间距: 未设置
从XML读取的格式:
  XML字号: 11.0pt
  该段落没有格式化运行文本

段落 170:
文本内容:  附　录	123
段落样式: toc 1
从样式获取的格式:
  样式字体: 未设置
  样式字号: 177800
  样式字号(pt): 14.0
  样式颜色: 未设置
对齐方式: 未设置
左缩进: 未设置
右缩进: 未设置
首行缩进: 未设置
行间距: 未设置
从XML读取的格式:
  XML字号: 11.0pt
  该段落没有格式化运行文本

段落 171:
文本内容:  参考文献	128
段落样式: toc 1
从样式获取的格式:
  样式字体: 未设置
  样式字号: 177800
  样式字号(pt): 14.0
  样式颜色: 未设置
对齐方式: 未设置
左缩进: 未设置
右缩进: 未设置
首行缩进: 未设置
行间距: 未设置
从XML读取的格式:
  XML字号: 11.0pt
  该段落没有格式化运行文本

段落 172:
文本内容:  致　谢	131
段落样式: toc 1
从样式获取的格式:
  样式字体: 未设置
  样式字号: 177800
  样式字号(pt): 14.0
  样式颜色: 未设置
对齐方式: 未设置
左缩进: 未设置
右缩进: 未设置
首行缩进: 未设置
行间距: 未设置
从XML读取的格式:
  XML字号: 11.0pt
  该段落没有格式化运行文本

段落 175:
文本内容: Contents
段落样式: 摘要目录标题
从样式获取的格式:
  样式字体: 未设置
  样式字号: 203200
  样式字号(pt): 16.0
  样式颜色: 未设置
对齐方式: 未设置
左缩进: 未设置
右缩进: 未设置
首行缩进: 未设置
行间距: 未设置
从XML读取的格式:
  运行 1: 'Contents'
    字体: 未设置
    大小: 未设置
    粗体: 未设置
    斜体: 未设置
    下划线: 未设置
    标准颜色: 未设置

段落 176:
文本内容: Chapter 1 Introduction	1
段落样式: toc 1
从样式获取的格式:
  样式字体: 未设置
  样式字号: 177800
  样式字号(pt): 14.0
  样式颜色: 未设置
对齐方式: 未设置
左缩进: 未设置
右缩进: 未设置
首行缩进: 未设置
行间距: 未设置
从XML读取的格式:
  XML字号: 11.0pt
  运行 1: ''
    字体: 未设置
    大小: 152400
    大小(pt): 12.0
    粗体: False
    斜体: 未设置
    下划线: 未设置
    标准颜色: 未设置
  运行 2: ''
    字体: 未设置
    大小: 未设置
    粗体: 未设置
    斜体: 未设置
    下划线: 未设置
    标准颜色: 未设置
  运行 3: ''
    字体: 未设置
    大小: 152400
    大小(pt): 12.0
    粗体: False
    斜体: 未设置
    下划线: 未设置
    标准颜色: 未设置

段落 177:
文本内容: Section 1 Research Background	1
段落样式: toc 2
从样式获取的格式:
  样式字体: 未设置
  样式字号: 未设置
  样式颜色: 未设置
对齐方式: 未设置
左缩进: 267970
右缩进: 未设置
首行缩进: 未设置
行间距: 未设置
从XML读取的格式:
  XML字号: 11.0pt
  该段落没有格式化运行文本

段落 178:
文本内容: Section 2 Research Objectives and Significance	3
段落样式: toc 2
从样式获取的格式:
  样式字体: 未设置
  样式字号: 未设置
  样式颜色: 未设置
对齐方式: 未设置
左缩进: 267970
右缩进: 未设置
首行缩进: 未设置
行间距: 未设置
从XML读取的格式:
  XML字号: 11.0pt
  该段落没有格式化运行文本

段落 179:
文本内容: 1. Research Purpose	3
段落样式: toc 3
从样式获取的格式:
  样式字体: 未设置
  样式字号: 未设置
  样式颜色: 未设置
对齐方式: 未设置
左缩进: 420370
右缩进: 未设置
首行缩进: 未设置
行间距: 未设置
从XML读取的格式:
  XML字号: 11.0pt
  该段落没有格式化运行文本

段落 180:
文本内容: 2. Research Significance	4
段落样式: toc 3
从样式获取的格式:
  样式字体: 未设置
  样式字号: 未设置
  样式颜色: 未设置
对齐方式: 未设置
左缩进: 420370
右缩进: 未设置
首行缩进: 未设置
行间距: 未设置
从XML读取的格式:
  XML字号: 11.0pt
  该段落没有格式化运行文本

段落 181:
文本内容: Section 3 Research Content and Method	4
段落样式: toc 2
从样式获取的格式:
  样式字体: 未设置
  样式字号: 未设置
  样式颜色: 未设置
对齐方式: 未设置
左缩进: 267970
右缩进: 未设置
首行缩进: 未设置
行间距: 未设置
从XML读取的格式:
  XML字号: 11.0pt
  该段落没有格式化运行文本

段落 182:
文本内容: 1. Research Content	4
段落样式: toc 3
从样式获取的格式:
  样式字体: 未设置
  样式字号: 未设置
  样式颜色: 未设置
对齐方式: 未设置
左缩进: 420370
右缩进: 未设置
首行缩进: 未设置
行间距: 未设置
从XML读取的格式:
  XML字号: 11.0pt
  该段落没有格式化运行文本

段落 183:
文本内容: 2. Research Technical Route	5
段落样式: toc 3
从样式获取的格式:
  样式字体: 未设置
  样式字号: 未设置
  样式颜色: 未设置
对齐方式: 未设置
左缩进: 420370
右缩进: 未设置
首行缩进: 未设置
行间距: 未设置
从XML读取的格式:
  XML字号: 11.0pt
  该段落没有格式化运行文本

段落 184:
文本内容: 3. Research Method	6
段落样式: toc 3
从样式获取的格式:
  样式字体: 未设置
  样式字号: 未设置
  样式颜色: 未设置
对齐方式: 未设置
左缩进: 420370
右缩进: 未设置
首行缩进: 未设置
行间距: 未设置
从XML读取的格式:
  XML字号: 11.0pt
  该段落没有格式化运行文本

段落 185:
文本内容: Section 4 Research Innovations	7
段落样式: toc 2
从样式获取的格式:
  样式字体: 未设置
  样式字号: 未设置
  样式颜色: 未设置
对齐方式: 未设置
左缩进: 267970
右缩进: 未设置
首行缩进: 未设置
行间距: 未设置
从XML读取的格式:
  XML字号: 11.0pt
  该段落没有格式化运行文本

段落 186:
文本内容: Chapter 2 Overview of Theory and Literature	9
段落样式: toc 1
从样式获取的格式:
  样式字体: 未设置
  样式字号: 177800
  样式字号(pt): 14.0
  样式颜色: 未设置
对齐方式: 未设置
左缩进: 未设置
右缩进: 未设置
首行缩进: 未设置
行间距: 未设置
从XML读取的格式:
  XML字号: 11.0pt
  该段落没有格式化运行文本

段落 187:
文本内容: Section 1 Marketing Theory	9
段落样式: toc 2
从样式获取的格式:
  样式字体: 未设置
  样式字号: 未设置
  样式颜色: 未设置
对齐方式: 未设置
左缩进: 267970
右缩进: 未设置
首行缩进: 未设置
行间距: 未设置
从XML读取的格式:
  XML字号: 11.0pt
  该段落没有格式化运行文本

段落 188:
文本内容: 1. Marketing Concept and Development	9
段落样式: toc 3
从样式获取的格式:
  样式字体: 未设置
  样式字号: 未设置
  样式颜色: 未设置
对齐方式: 未设置
左缩进: 420370
右缩进: 未设置
首行缩进: 未设置
行间距: 未设置
从XML读取的格式:
  XML字号: 11.0pt
  该段落没有格式化运行文本

段落 189:
文本内容: 2. STP Theory	11
段落样式: toc 3
从样式获取的格式:
  样式字体: 未设置
  样式字号: 未设置
  样式颜色: 未设置
对齐方式: 未设置
左缩进: 420370
右缩进: 未设置
首行缩进: 未设置
行间距: 未设置
从XML读取的格式:
  XML字号: 11.0pt
  该段落没有格式化运行文本

段落 190:
文本内容: 3. The Marketing Theory of 7Ps	12
段落样式: toc 3
从样式获取的格式:
  样式字体: 未设置
  样式字号: 未设置
  样式颜色: 未设置
对齐方式: 未设置
左缩进: 420370
右缩进: 未设置
首行缩进: 未设置
行间距: 未设置
从XML读取的格式:
  XML字号: 11.0pt
  该段落没有格式化运行文本

段落 191:
文本内容: 4. The Marketing Theory of 4Cs	13
段落样式: toc 3
从样式获取的格式:
  样式字体: 未设置
  样式字号: 未设置
  样式颜色: 未设置
对齐方式: 未设置
左缩进: 420370
右缩进: 未设置
首行缩进: 未设置
行间距: 未设置
从XML读取的格式:
  XML字号: 11.0pt
  该段落没有格式化运行文本

段落 192:
文本内容: Section 2 Analytical Tools	14
段落样式: toc 2
从样式获取的格式:
  样式字体: 未设置
  样式字号: 未设置
  样式颜色: 未设置
对齐方式: 未设置
左缩进: 267970
右缩进: 未设置
首行缩进: 未设置
行间距: 未设置
从XML读取的格式:
  XML字号: 11.0pt
  该段落没有格式化运行文本

段落 193:
文本内容: 1. PEST Analysis	14
段落样式: toc 3
从样式获取的格式:
  样式字体: 未设置
  样式字号: 未设置
  样式颜色: 未设置
对齐方式: 未设置
左缩进: 420370
右缩进: 未设置
首行缩进: 未设置
行间距: 未设置
从XML读取的格式:
  XML字号: 11.0pt
  该段落没有格式化运行文本

段落 194:
文本内容: 2. Five Forces Model	16
段落样式: toc 3
从样式获取的格式:
  样式字体: 未设置
  样式字号: 未设置
  样式颜色: 未设置
对齐方式: 未设置
左缩进: 420370
右缩进: 未设置
首行缩进: 未设置
行间距: 未设置
从XML读取的格式:
  XML字号: 11.0pt
  该段落没有格式化运行文本

段落 195:
文本内容: 3. SWOT Analysis	17
段落样式: toc 3
从样式获取的格式:
  样式字体: 未设置
  样式字号: 未设置
  样式颜色: 未设置
对齐方式: 未设置
左缩进: 420370
右缩进: 未设置
首行缩进: 未设置
行间距: 未设置
从XML读取的格式:
  XML字号: 11.0pt
  该段落没有格式化运行文本

段落 196:
文本内容: Section 3 Literature Review	18
段落样式: toc 2
从样式获取的格式:
  样式字体: 未设置
  样式字号: 未设置
  样式颜色: 未设置
对齐方式: 未设置
左缩进: 267970
右缩进: 未设置
首行缩进: 未设置
行间距: 未设置
从XML读取的格式:
  XML字号: 11.0pt
  该段落没有格式化运行文本

段落 197:
文本内容: 1. Research on Marketing Strategies	18
段落样式: toc 3
从样式获取的格式:
  样式字体: 未设置
  样式字号: 未设置
  样式颜色: 未设置
对齐方式: 未设置
左缩进: 420370
右缩进: 未设置
首行缩进: 未设置
行间距: 未设置
从XML读取的格式:
  XML字号: 11.0pt
  该段落没有格式化运行文本

段落 198:
文本内容: 2. Research on Marketing Strategies for Medical Devices	20
段落样式: toc 3
从样式获取的格式:
  样式字体: 未设置
  样式字号: 未设置
  样式颜色: 未设置
对齐方式: 未设置
左缩进: 420370
右缩进: 未设置
首行缩进: 未设置
行间距: 未设置
从XML读取的格式:
  XML字号: 11.0pt
  该段落没有格式化运行文本

段落 199:
文本内容: 3. Review of Literature	24
段落样式: toc 3
从样式获取的格式:
  样式字体: 未设置
  样式字号: 未设置
  样式颜色: 未设置
对齐方式: 未设置
左缩进: 420370
右缩进: 未设置
首行缩进: 未设置
行间距: 未设置
从XML读取的格式:
  XML字号: 11.0pt
  该段落没有格式化运行文本

段落 200:
文本内容: Chapter 3 Y Company's External Environment Analysis	26
段落样式: toc 1
从样式获取的格式:
  样式字体: 未设置
  样式字号: 177800
  样式字号(pt): 14.0
  样式颜色: 未设置
对齐方式: 未设置
左缩进: 未设置
右缩进: 未设置
首行缩进: 未设置
行间距: 未设置
从XML读取的格式:
  XML字号: 11.0pt
  该段落没有格式化运行文本

段落 201:
文本内容: Section 1 Y Company Overview	26
段落样式: toc 2
从样式获取的格式:
  样式字体: 未设置
  样式字号: 未设置
  样式颜色: 未设置
对齐方式: 未设置
左缩进: 267970
右缩进: 未设置
首行缩进: 未设置
行间距: 未设置
从XML读取的格式:
  XML字号: 11.0pt
  该段落没有格式化运行文本

段落 202:
文本内容: 1. Y Company Profile	26
段落样式: toc 3
从样式获取的格式:
  样式字体: 未设置
  样式字号: 未设置
  样式颜色: 未设置
对齐方式: 未设置
左缩进: 420370
右缩进: 未设置
首行缩进: 未设置
行间距: 未设置
从XML读取的格式:
  XML字号: 11.0pt
  该段落没有格式化运行文本

段落 203:
文本内容: 2. Y Company Organization Structure	26
段落样式: toc 3
从样式获取的格式:
  样式字体: 未设置
  样式字号: 未设置
  样式颜色: 未设置
对齐方式: 未设置
左缩进: 420370
右缩进: 未设置
首行缩进: 未设置
行间距: 未设置
从XML读取的格式:
  XML字号: 11.0pt
  该段落没有格式化运行文本

段落 204:
文本内容: Section 2 External Environment Analysis	28
段落样式: toc 2
从样式获取的格式:
  样式字体: 未设置
  样式字号: 未设置
  样式颜色: 未设置
对齐方式: 未设置
左缩进: 267970
右缩进: 未设置
首行缩进: 未设置
行间距: 未设置
从XML读取的格式:
  XML字号: 11.0pt
  该段落没有格式化运行文本

段落 205:
文本内容: 1. Political Environment Analysis	28
段落样式: toc 3
从样式获取的格式:
  样式字体: 未设置
  样式字号: 未设置
  样式颜色: 未设置
对齐方式: 未设置
左缩进: 420370
右缩进: 未设置
首行缩进: 未设置
行间距: 未设置
从XML读取的格式:
  XML字号: 11.0pt
  该段落没有格式化运行文本

段落 206:
文本内容: 2. Economic Environment Analysis	31
段落样式: toc 3
从样式获取的格式:
  样式字体: 未设置
  样式字号: 未设置
  样式颜色: 未设置
对齐方式: 未设置
左缩进: 420370
右缩进: 未设置
首行缩进: 未设置
行间距: 未设置
从XML读取的格式:
  XML字号: 11.0pt
  该段落没有格式化运行文本

段落 207:
文本内容: 3. Social Environment Analysis	34
段落样式: toc 3
从样式获取的格式:
  样式字体: 未设置
  样式字号: 未设置
  样式颜色: 未设置
对齐方式: 未设置
左缩进: 420370
右缩进: 未设置
首行缩进: 未设置
行间距: 未设置
从XML读取的格式:
  XML字号: 11.0pt
  该段落没有格式化运行文本

段落 208:
文本内容: 4. Technical Environment Analysis	39
段落样式: toc 3
从样式获取的格式:
  样式字体: 未设置
  样式字号: 未设置
  样式颜色: 未设置
对齐方式: 未设置
左缩进: 420370
右缩进: 未设置
首行缩进: 未设置
行间距: 未设置
从XML读取的格式:
  XML字号: 11.0pt
  该段落没有格式化运行文本

段落 209:
文本内容: Section 3 Competitive Environment Analysis	42
段落样式: toc 2
从样式获取的格式:
  样式字体: 未设置
  样式字号: 未设置
  样式颜色: 未设置
对齐方式: 未设置
左缩进: 267970
右缩进: 未设置
首行缩进: 未设置
行间距: 未设置
从XML读取的格式:
  XML字号: 11.0pt
  该段落没有格式化运行文本

段落 210:
文本内容: 1. Competitor Competitiveness	42
段落样式: toc 3
从样式获取的格式:
  样式字体: 未设置
  样式字号: 未设置
  样式颜色: 未设置
对齐方式: 未设置
左缩进: 420370
右缩进: 未设置
首行缩进: 未设置
行间距: 未设置
从XML读取的格式:
  XML字号: 11.0pt
  该段落没有格式化运行文本

段落 211:
文本内容: 2. Buyer Bargaining Power	48
段落样式: toc 3
从样式获取的格式:
  样式字体: 未设置
  样式字号: 未设置
  样式颜色: 未设置
对齐方式: 未设置
左缩进: 420370
右缩进: 未设置
首行缩进: 未设置
行间距: 未设置
从XML读取的格式:
  XML字号: 11.0pt
  该段落没有格式化运行文本

段落 212:
文本内容: 3. Potential Entrant Entry Power	49
段落样式: toc 3
从样式获取的格式:
  样式字体: 未设置
  样式字号: 未设置
  样式颜色: 未设置
对齐方式: 未设置
左缩进: 420370
右缩进: 未设置
首行缩进: 未设置
行间距: 未设置
从XML读取的格式:
  XML字号: 11.0pt
  该段落没有格式化运行文本

段落 213:
文本内容: 4. Substitute Threat Level	51
段落样式: toc 3
从样式获取的格式:
  样式字体: 未设置
  样式字号: 未设置
  样式颜色: 未设置
对齐方式: 未设置
左缩进: 420370
右缩进: 未设置
首行缩进: 未设置
行间距: 未设置
从XML读取的格式:
  XML字号: 11.0pt
  该段落没有格式化运行文本

段落 214:
文本内容: 5. Supplier Bargaining Power	51
段落样式: toc 3
从样式获取的格式:
  样式字体: 未设置
  样式字号: 未设置
  样式颜色: 未设置
对齐方式: 未设置
左缩进: 420370
右缩进: 未设置
首行缩进: 未设置
行间距: 未设置
从XML读取的格式:
  XML字号: 11.0pt
  该段落没有格式化运行文本

段落 215:
文本内容: Section 4 SWOT Analytical Method	52
段落样式: toc 2
从样式获取的格式:
  样式字体: 未设置
  样式字号: 未设置
  样式颜色: 未设置
对齐方式: 未设置
左缩进: 267970
右缩进: 未设置
首行缩进: 未设置
行间距: 未设置
从XML读取的格式:
  XML字号: 11.0pt
  该段落没有格式化运行文本

段落 216:
文本内容: 1. Advantage Analysis	52
段落样式: toc 3
从样式获取的格式:
  样式字体: 未设置
  样式字号: 未设置
  样式颜色: 未设置
对齐方式: 未设置
左缩进: 420370
右缩进: 未设置
首行缩进: 未设置
行间距: 未设置
从XML读取的格式:
  XML字号: 11.0pt
  该段落没有格式化运行文本

段落 217:
文本内容: 2. Disadvantage Analysis	54
段落样式: toc 3
从样式获取的格式:
  样式字体: 未设置
  样式字号: 未设置
  样式颜色: 未设置
对齐方式: 未设置
左缩进: 420370
右缩进: 未设置
首行缩进: 未设置
行间距: 未设置
从XML读取的格式:
  XML字号: 11.0pt
  该段落没有格式化运行文本

段落 218:
文本内容: 3. Opportunity Analysis	56
段落样式: toc 3
从样式获取的格式:
  样式字体: 未设置
  样式字号: 未设置
  样式颜色: 未设置
对齐方式: 未设置
左缩进: 420370
右缩进: 未设置
首行缩进: 未设置
行间距: 未设置
从XML读取的格式:
  XML字号: 11.0pt
  该段落没有格式化运行文本

段落 219:
文本内容: 4. Threat Analysis	57
段落样式: toc 3
从样式获取的格式:
  样式字体: 未设置
  样式字号: 未设置
  样式颜色: 未设置
对齐方式: 未设置
左缩进: 420370
右缩进: 未设置
首行缩进: 未设置
行间距: 未设置
从XML读取的格式:
  XML字号: 11.0pt
  该段落没有格式化运行文本

段落 220:
文本内容: Chapter 4 Y Company's Marketing Status and Problems	59
段落样式: toc 1
从样式获取的格式:
  样式字体: 未设置
  样式字号: 177800
  样式字号(pt): 14.0
  样式颜色: 未设置
对齐方式: 未设置
左缩进: 未设置
右缩进: 未设置
首行缩进: 未设置
行间距: 未设置
从XML读取的格式:
  XML字号: 11.0pt
  该段落没有格式化运行文本

段落 221:
文本内容: Section 1 Y Company Products	59
段落样式: toc 2
从样式获取的格式:
  样式字体: 未设置
  样式字号: 未设置
  样式颜色: 未设置
对齐方式: 未设置
左缩进: 267970
右缩进: 未设置
首行缩进: 未设置
行间距: 未设置
从XML读取的格式:
  XML字号: 11.0pt
  该段落没有格式化运行文本

段落 222:
文本内容: 1. Optometry Product Introduction	59
段落样式: toc 3
从样式获取的格式:
  样式字体: 未设置
  样式字号: 未设置
  样式颜色: 未设置
对齐方式: 未设置
左缩进: 420370
右缩进: 未设置
首行缩进: 未设置
行间距: 未设置
从XML读取的格式:
  XML字号: 11.0pt
  该段落没有格式化运行文本

段落 223:
文本内容: 2. Cataract Product Introduction	59
段落样式: toc 3
从样式获取的格式:
  样式字体: 未设置
  样式字号: 未设置
  样式颜色: 未设置
对齐方式: 未设置
左缩进: 420370
右缩进: 未设置
首行缩进: 未设置
行间距: 未设置
从XML读取的格式:
  XML字号: 11.0pt
  该段落没有格式化运行文本

段落 224:
文本内容: 3. Fundus Disease Product Introduction	61
段落样式: toc 3
从样式获取的格式:
  样式字体: 未设置
  样式字号: 未设置
  样式颜色: 未设置
对齐方式: 未设置
左缩进: 420370
右缩进: 未设置
首行缩进: 未设置
行间距: 未设置
从XML读取的格式:
  XML字号: 11.0pt
  该段落没有格式化运行文本

段落 225:
文本内容: Section 2 Analysis of the Current Marketing Status	62
段落样式: toc 2
从样式获取的格式:
  样式字体: 未设置
  样式字号: 未设置
  样式颜色: 未设置
对齐方式: 未设置
左缩进: 267970
右缩进: 未设置
首行缩进: 未设置
行间距: 未设置
从XML读取的格式:
  XML字号: 11.0pt
  该段落没有格式化运行文本

段落 226:
文本内容: 1. Analysis of Marketing Performance	62
段落样式: toc 3
从样式获取的格式:
  样式字体: 未设置
  样式字号: 未设置
  样式颜色: 未设置
对齐方式: 未设置
左缩进: 420370
右缩进: 未设置
首行缩进: 未设置
行间距: 未设置
从XML读取的格式:
  XML字号: 11.0pt
  该段落没有格式化运行文本

段落 227:
文本内容: 2. Current Status of Marketing Strategy	66
段落样式: toc 3
从样式获取的格式:
  样式字体: 未设置
  样式字号: 未设置
  样式颜色: 未设置
对齐方式: 未设置
左缩进: 420370
右缩进: 未设置
首行缩进: 未设置
行间距: 未设置
从XML读取的格式:
  XML字号: 11.0pt
  该段落没有格式化运行文本

段落 228:
文本内容: Section 3 Research and Analysis of Marketing Strategy Issues	70
段落样式: toc 2
从样式获取的格式:
  样式字体: 未设置
  样式字号: 未设置
  样式颜色: 未设置
对齐方式: 未设置
左缩进: 267970
右缩进: 未设置
首行缩进: 未设置
行间距: 未设置
从XML读取的格式:
  XML字号: 11.0pt
  该段落没有格式化运行文本

段落 229:
文本内容: 1. Interview Research and Analysis	70
段落样式: toc 3
从样式获取的格式:
  样式字体: 未设置
  样式字号: 未设置
  样式颜色: 未设置
对齐方式: 未设置
左缩进: 420370
右缩进: 未设置
首行缩进: 未设置
行间距: 未设置
从XML读取的格式:
  XML字号: 11.0pt
  该段落没有格式化运行文本

段落 230:
文本内容: 2. Questionnaire Research and Analysis	72
段落样式: toc 3
从样式获取的格式:
  样式字体: 未设置
  样式字号: 未设置
  样式颜色: 未设置
对齐方式: 未设置
左缩进: 420370
右缩进: 未设置
首行缩进: 未设置
行间距: 未设置
从XML读取的格式:
  XML字号: 11.0pt
  该段落没有格式化运行文本

段落 231:
文本内容: Section 4 Problems Existing in Marketing Strategy	76
段落样式: toc 2
从样式获取的格式:
  样式字体: 未设置
  样式字号: 未设置
  样式颜色: 未设置
对齐方式: 未设置
左缩进: 267970
右缩进: 未设置
首行缩进: 未设置
行间距: 未设置
从XML读取的格式:
  XML字号: 11.0pt
  该段落没有格式化运行文本

段落 232:
文本内容: 1. Brand Positioning Issues	76
段落样式: toc 3
从样式获取的格式:
  样式字体: 未设置
  样式字号: 未设置
  样式颜色: 未设置
对齐方式: 未设置
左缩进: 420370
右缩进: 未设置
首行缩进: 未设置
行间距: 未设置
从XML读取的格式:
  XML字号: 11.0pt
  该段落没有格式化运行文本

段落 233:
文本内容: 2. Product Structure Issues	77
段落样式: toc 3
从样式获取的格式:
  样式字体: 未设置
  样式字号: 未设置
  样式颜色: 未设置
对齐方式: 未设置
左缩进: 420370
右缩进: 未设置
首行缩进: 未设置
行间距: 未设置
从XML读取的格式:
  XML字号: 11.0pt
  该段落没有格式化运行文本

段落 234:
文本内容: 3. Market Pricing Issues	78
段落样式: toc 3
从样式获取的格式:
  样式字体: 未设置
  样式字号: 未设置
  样式颜色: 未设置
对齐方式: 未设置
左缩进: 420370
右缩进: 未设置
首行缩进: 未设置
行间距: 未设置
从XML读取的格式:
  XML字号: 11.0pt
  该段落没有格式化运行文本

段落 235:
文本内容: 4. Promotional Issues	79
段落样式: toc 3
从样式获取的格式:
  样式字体: 未设置
  样式字号: 未设置
  样式颜色: 未设置
对齐方式: 未设置
左缩进: 420370
右缩进: 未设置
首行缩进: 未设置
行间距: 未设置
从XML读取的格式:
  XML字号: 11.0pt
  该段落没有格式化运行文本

段落 236:
文本内容: 5. Marketing Channel Issues	80
段落样式: toc 3
从样式获取的格式:
  样式字体: 未设置
  样式字号: 未设置
  样式颜色: 未设置
对齐方式: 未设置
左缩进: 420370
右缩进: 未设置
首行缩进: 未设置
行间距: 未设置
从XML读取的格式:
  XML字号: 11.0pt
  该段落没有格式化运行文本

段落 237:
文本内容: 6. Personnel Issues	80
段落样式: toc 3
从样式获取的格式:
  样式字体: 未设置
  样式字号: 未设置
  样式颜色: 未设置
对齐方式: 未设置
左缩进: 420370
右缩进: 未设置
首行缩进: 未设置
行间距: 未设置
从XML读取的格式:
  XML字号: 11.0pt
  该段落没有格式化运行文本

段落 238:
文本内容: 7. Process Management Issues	81
段落样式: toc 3
从样式获取的格式:
  样式字体: 未设置
  样式字号: 未设置
  样式颜色: 未设置
对齐方式: 未设置
左缩进: 420370
右缩进: 未设置
首行缩进: 未设置
行间距: 未设置
从XML读取的格式:
  XML字号: 11.0pt
  该段落没有格式化运行文本

段落 239:
文本内容: Section 5 Causes of Marketing Strategy Problems	82
段落样式: toc 2
从样式获取的格式:
  样式字体: 未设置
  样式字号: 未设置
  样式颜色: 未设置
对齐方式: 未设置
左缩进: 267970
右缩进: 未设置
首行缩进: 未设置
行间距: 未设置
从XML读取的格式:
  XML字号: 11.0pt
  该段落没有格式化运行文本

段落 240:
文本内容: 1. Insufficient Market Research	82
段落样式: toc 3
从样式获取的格式:
  样式字体: 未设置
  样式字号: 未设置
  样式颜色: 未设置
对齐方式: 未设置
左缩进: 420370
右缩进: 未设置
首行缩进: 未设置
行间距: 未设置
从XML读取的格式:
  XML字号: 11.0pt
  该段落没有格式化运行文本

段落 241:
文本内容: 2. Inadequate Supply Chain	83
段落样式: toc 3
从样式获取的格式:
  样式字体: 未设置
  样式字号: 未设置
  样式颜色: 未设置
对齐方式: 未设置
左缩进: 420370
右缩进: 未设置
首行缩进: 未设置
行间距: 未设置
从XML读取的格式:
  XML字号: 11.0pt
  该段落没有格式化运行文本

段落 242:
文本内容: 3. Cost-driven Pricing	83
段落样式: toc 3
从样式获取的格式:
  样式字体: 未设置
  样式字号: 未设置
  样式颜色: 未设置
对齐方式: 未设置
左缩进: 420370
右缩进: 未设置
首行缩进: 未设置
行间距: 未设置
从XML读取的格式:
  XML字号: 11.0pt
  该段落没有格式化运行文本

段落 243:
文本内容: 4. Weak Promotional Awareness	84
段落样式: toc 3
从样式获取的格式:
  样式字体: 未设置
  样式字号: 未设置
  样式颜色: 未设置
对齐方式: 未设置
左缩进: 420370
右缩进: 未设置
首行缩进: 未设置
行间距: 未设置
从XML读取的格式:
  XML字号: 11.0pt
  该段落没有格式化运行文本

段落 244:
文本内容: 5. Limited Marketing Channels	84
段落样式: toc 3
从样式获取的格式:
  样式字体: 未设置
  样式字号: 未设置
  样式颜色: 未设置
对齐方式: 未设置
左缩进: 420370
右缩进: 未设置
首行缩进: 未设置
行间距: 未设置
从XML读取的格式:
  XML字号: 11.0pt
  该段落没有格式化运行文本

段落 245:
文本内容: 6. Shortage of Professional Talents	85
段落样式: toc 3
从样式获取的格式:
  样式字体: 未设置
  样式字号: 未设置
  样式颜色: 未设置
对齐方式: 未设置
左缩进: 420370
右缩进: 未设置
首行缩进: 未设置
行间距: 未设置
从XML读取的格式:
  XML字号: 11.0pt
  该段落没有格式化运行文本

段落 246:
文本内容: 7. Absence of Standardized Management	85
段落样式: toc 3
从样式获取的格式:
  样式字体: 未设置
  样式字号: 未设置
  样式颜色: 未设置
对齐方式: 未设置
左缩进: 420370
右缩进: 未设置
首行缩进: 未设置
行间距: 未设置
从XML读取的格式:
  XML字号: 11.0pt
  该段落没有格式化运行文本

段落 247:
文本内容: Chapter 5 Y Company's Marketing Strategy Optimization	87
段落样式: toc 1
从样式获取的格式:
  样式字体: 未设置
  样式字号: 177800
  样式字号(pt): 14.0
  样式颜色: 未设置
对齐方式: 未设置
左缩进: 未设置
右缩进: 未设置
首行缩进: 未设置
行间距: 未设置
从XML读取的格式:
  XML字号: 11.0pt
  该段落没有格式化运行文本

段落 248:
文本内容: Section 1 Optimization of Marketing Strategy Based on STP	87
段落样式: toc 2
从样式获取的格式:
  样式字体: 未设置
  样式字号: 未设置
  样式颜色: 未设置
对齐方式: 未设置
左缩进: 267970
右缩进: 未设置
首行缩进: 未设置
行间距: 未设置
从XML读取的格式:
  XML字号: 11.0pt
  该段落没有格式化运行文本

段落 249:
文本内容: 1. Market Segmentation	87
段落样式: toc 3
从样式获取的格式:
  样式字体: 未设置
  样式字号: 未设置
  样式颜色: 未设置
对齐方式: 未设置
左缩进: 420370
右缩进: 未设置
首行缩进: 未设置
行间距: 未设置
从XML读取的格式:
  XML字号: 11.0pt
  该段落没有格式化运行文本

段落 250:
文本内容: 2. Target Market	90
段落样式: toc 3
从样式获取的格式:
  样式字体: 未设置
  样式字号: 未设置
  样式颜色: 未设置
对齐方式: 未设置
左缩进: 420370
右缩进: 未设置
首行缩进: 未设置
行间距: 未设置
从XML读取的格式:
  XML字号: 11.0pt
  该段落没有格式化运行文本

段落 251:
文本内容: 3. Market Positioning	91
段落样式: toc 3
从样式获取的格式:
  样式字体: 未设置
  样式字号: 未设置
  样式颜色: 未设置
对齐方式: 未设置
左缩进: 420370
右缩进: 未设置
首行缩进: 未设置
行间距: 未设置
从XML读取的格式:
  XML字号: 11.0pt
  该段落没有格式化运行文本

段落 252:
文本内容: Section 2 Optimization of Marketing Strategy Based on 7Ps	93
段落样式: toc 2
从样式获取的格式:
  样式字体: 未设置
  样式字号: 未设置
  样式颜色: 未设置
对齐方式: 未设置
左缩进: 267970
右缩进: 未设置
首行缩进: 未设置
行间距: 未设置
从XML读取的格式:
  XML字号: 11.0pt
  该段落没有格式化运行文本

段落 253:
文本内容: 1. Product Strategy	93
段落样式: toc 3
从样式获取的格式:
  样式字体: 未设置
  样式字号: 未设置
  样式颜色: 未设置
对齐方式: 未设置
左缩进: 420370
右缩进: 未设置
首行缩进: 未设置
行间距: 未设置
从XML读取的格式:
  XML字号: 11.0pt
  该段落没有格式化运行文本

段落 254:
文本内容: 2. Price Strategy	95
段落样式: toc 3
从样式获取的格式:
  样式字体: 未设置
  样式字号: 未设置
  样式颜色: 未设置
对齐方式: 未设置
左缩进: 420370
右缩进: 未设置
首行缩进: 未设置
行间距: 未设置
从XML读取的格式:
  XML字号: 11.0pt
  该段落没有格式化运行文本

段落 255:
文本内容: 3. Channel Strategy	97
段落样式: toc 3
从样式获取的格式:
  样式字体: 未设置
  样式字号: 未设置
  样式颜色: 未设置
对齐方式: 未设置
左缩进: 420370
右缩进: 未设置
首行缩进: 未设置
行间距: 未设置
从XML读取的格式:
  XML字号: 11.0pt
  该段落没有格式化运行文本

段落 256:
文本内容: 4. Promotion Strategy	100
段落样式: toc 3
从样式获取的格式:
  样式字体: 未设置
  样式字号: 未设置
  样式颜色: 未设置
对齐方式: 未设置
左缩进: 420370
右缩进: 未设置
首行缩进: 未设置
行间距: 未设置
从XML读取的格式:
  XML字号: 11.0pt
  该段落没有格式化运行文本

段落 257:
文本内容: 5. Personnel Strategy	102
段落样式: toc 3
从样式获取的格式:
  样式字体: 未设置
  样式字号: 未设置
  样式颜色: 未设置
对齐方式: 未设置
左缩进: 420370
右缩进: 未设置
首行缩进: 未设置
行间距: 未设置
从XML读取的格式:
  XML字号: 11.0pt
  该段落没有格式化运行文本

段落 258:
文本内容: 6. Tangible Display Strategy	104
段落样式: toc 3
从样式获取的格式:
  样式字体: 未设置
  样式字号: 未设置
  样式颜色: 未设置
对齐方式: 未设置
左缩进: 420370
右缩进: 未设置
首行缩进: 未设置
行间距: 未设置
从XML读取的格式:
  XML字号: 11.0pt
  该段落没有格式化运行文本

段落 259:
文本内容: 7. Process Management Strategy	105
段落样式: toc 3
从样式获取的格式:
  样式字体: 未设置
  样式字号: 未设置
  样式颜色: 未设置
对齐方式: 未设置
左缩进: 420370
右缩进: 未设置
首行缩进: 未设置
行间距: 未设置
从XML读取的格式:
  XML字号: 11.0pt
  该段落没有格式化运行文本

段落 260:
文本内容: Section 3 Innovation of Marketing Strategy Based on 4Cs	106
段落样式: toc 2
从样式获取的格式:
  样式字体: 未设置
  样式字号: 未设置
  样式颜色: 未设置
对齐方式: 未设置
左缩进: 267970
右缩进: 未设置
首行缩进: 未设置
行间距: 未设置
从XML读取的格式:
  XML字号: 11.0pt
  该段落没有格式化运行文本

段落 261:
文本内容: 1. Consumer Strategy	106
段落样式: toc 3
从样式获取的格式:
  样式字体: 未设置
  样式字号: 未设置
  样式颜色: 未设置
对齐方式: 未设置
左缩进: 420370
右缩进: 未设置
首行缩进: 未设置
行间距: 未设置
从XML读取的格式:
  XML字号: 11.0pt
  该段落没有格式化运行文本

段落 262:
文本内容: 2. Cost Strategy	108
段落样式: toc 3
从样式获取的格式:
  样式字体: 未设置
  样式字号: 未设置
  样式颜色: 未设置
对齐方式: 未设置
左缩进: 420370
右缩进: 未设置
首行缩进: 未设置
行间距: 未设置
从XML读取的格式:
  XML字号: 11.0pt
  该段落没有格式化运行文本

段落 263:
文本内容: 3. Convenience Strategy	109
段落样式: toc 3
从样式获取的格式:
  样式字体: 未设置
  样式字号: 未设置
  样式颜色: 未设置
对齐方式: 未设置
左缩进: 420370
右缩进: 未设置
首行缩进: 未设置
行间距: 未设置
从XML读取的格式:
  XML字号: 11.0pt
  该段落没有格式化运行文本

段落 264:
文本内容: 4. Communication Strategies	110
段落样式: toc 3
从样式获取的格式:
  样式字体: 未设置
  样式字号: 未设置
  样式颜色: 未设置
对齐方式: 未设置
左缩进: 420370
右缩进: 未设置
首行缩进: 未设置
行间距: 未设置
从XML读取的格式:
  XML字号: 11.0pt
  该段落没有格式化运行文本

段落 265:
文本内容: Chapter 6 Guarantees for Strategy Implementation	112
段落样式: toc 1
从样式获取的格式:
  样式字体: 未设置
  样式字号: 177800
  样式字号(pt): 14.0
  样式颜色: 未设置
对齐方式: 未设置
左缩进: 未设置
右缩进: 未设置
首行缩进: 未设置
行间距: 未设置
从XML读取的格式:
  XML字号: 11.0pt
  该段落没有格式化运行文本

段落 266:
文本内容: Section 1 Organizational Guarantee	112
段落样式: toc 2
从样式获取的格式:
  样式字体: 未设置
  样式字号: 未设置
  样式颜色: 未设置
对齐方式: 未设置
左缩进: 267970
右缩进: 未设置
首行缩进: 未设置
行间距: 未设置
从XML读取的格式:
  XML字号: 11.0pt
  该段落没有格式化运行文本

段落 267:
文本内容: Section 2 Human Resources Guarantee	113
段落样式: toc 2
从样式获取的格式:
  样式字体: 未设置
  样式字号: 未设置
  样式颜色: 未设置
对齐方式: 未设置
左缩进: 267970
右缩进: 未设置
首行缩进: 未设置
行间距: 未设置
从XML读取的格式:
  XML字号: 11.0pt
  该段落没有格式化运行文本

段落 268:
文本内容: Section 3 Information Technology Guarantee	116
段落样式: toc 2
从样式获取的格式:
  样式字体: 未设置
  样式字号: 未设置
  样式颜色: 未设置
对齐方式: 未设置
左缩进: 267970
右缩进: 未设置
首行缩进: 未设置
行间距: 未设置
从XML读取的格式:
  XML字号: 11.0pt
  该段落没有格式化运行文本

段落 269:
文本内容: Section 4 Financial Management Guarantee	117
段落样式: toc 2
从样式获取的格式:
  样式字体: 未设置
  样式字号: 未设置
  样式颜色: 未设置
对齐方式: 未设置
左缩进: 267970
右缩进: 未设置
首行缩进: 未设置
行间距: 未设置
从XML读取的格式:
  XML字号: 11.0pt
  该段落没有格式化运行文本

段落 270:
文本内容: Section 5 Management System Guarantee	119
段落样式: toc 2
从样式获取的格式:
  样式字体: 未设置
  样式字号: 未设置
  样式颜色: 未设置
对齐方式: 未设置
左缩进: 267970
右缩进: 未设置
首行缩进: 未设置
行间距: 未设置
从XML读取的格式:
  XML字号: 11.0pt
  该段落没有格式化运行文本

段落 271:
文本内容: Chapter 7 Conclusion and Outlook	121
段落样式: toc 1
从样式获取的格式:
  样式字体: 未设置
  样式字号: 177800
  样式字号(pt): 14.0
  样式颜色: 未设置
对齐方式: 未设置
左缩进: 未设置
右缩进: 未设置
首行缩进: 未设置
行间距: 未设置
从XML读取的格式:
  XML字号: 11.0pt
  该段落没有格式化运行文本

段落 272:
文本内容: Section 1 Conclusion	121
段落样式: toc 2
从样式获取的格式:
  样式字体: 未设置
  样式字号: 未设置
  样式颜色: 未设置
对齐方式: 未设置
左缩进: 267970
右缩进: 未设置
首行缩进: 未设置
行间距: 未设置
从XML读取的格式:
  XML字号: 11.0pt
  该段落没有格式化运行文本

段落 273:
文本内容: Section 2 Deficiencies and Outlook	122
段落样式: toc 2
从样式获取的格式:
  样式字体: 未设置
  样式字号: 未设置
  样式颜色: 未设置
对齐方式: 未设置
左缩进: 267970
右缩进: 未设置
首行缩进: 未设置
行间距: 未设置
从XML读取的格式:
  XML字号: 11.0pt
  该段落没有格式化运行文本

段落 274:
文本内容: Appendix	123
段落样式: toc 1
从样式获取的格式:
  样式字体: 未设置
  样式字号: 177800
  样式字号(pt): 14.0
  样式颜色: 未设置
对齐方式: 未设置
左缩进: 未设置
右缩进: 未设置
首行缩进: 未设置
行间距: 未设置
从XML读取的格式:
  XML字号: 11.0pt
  该段落没有格式化运行文本

段落 275:
文本内容: References	128
段落样式: toc 1
从样式获取的格式:
  样式字体: 未设置
  样式字号: 177800
  样式字号(pt): 14.0
  样式颜色: 未设置
对齐方式: 未设置
左缩进: 未设置
右缩进: 未设置
首行缩进: 未设置
行间距: 未设置
从XML读取的格式:
  XML字号: 11.0pt
  该段落没有格式化运行文本

段落 276:
文本内容: Acknowledgments	131
段落样式: toc 1
从样式获取的格式:
  样式字体: 未设置
  样式字号: 177800
  样式字号(pt): 14.0
  样式颜色: 未设置
对齐方式: 未设置
左缩进: 未设置
右缩进: 未设置
首行缩进: 未设置
行间距: 未设置
从XML读取的格式:
  XML字号: 11.0pt
  该段落没有格式化运行文本

段落 278:
文本内容: 第一章　绪论
段落样式: Heading 1
从样式获取的格式:
  样式字体: 未设置
  样式字号: 190500
  样式字号(pt): 15.0
  样式颜色: 未设置
对齐方式: 未设置
左缩进: 未设置
右缩进: 未设置
首行缩进: 未设置
行间距: 未设置
从XML读取的格式:
  运行 1: '第一章'
    字体: 未设置
    大小: 未设置
    粗体: 未设置
    斜体: 未设置
    下划线: 未设置
    标准颜色: 未设置
  运行 2: '　'
    字体: 未设置
    大小: 未设置
    粗体: 未设置
    斜体: 未设置
    下划线: 未设置
    标准颜色: 未设置
  运行 3: '绪论'
    字体: 未设置
    大小: 未设置
    粗体: 未设置
    斜体: 未设置
    下划线: 未设置
    标准颜色: 未设置
  运行 4: ''
    字体: 未设置
    大小: 未设置
    粗体: 未设置
    斜体: 未设置
    下划线: 未设置
    标准颜色: 未设置
  运行 5: ''
    字体: 未设置
    大小: 未设置
    粗体: 未设置
    斜体: 未设置
    下划线: 未设置
    标准颜色: 未设置
  运行 6: ''
    字体: 未设置
    大小: 未设置
    粗体: 未设置
    斜体: 未设置
    下划线: 未设置
    标准颜色: 未设置
  运行 7: ''
    字体: 未设置
    大小: 未设置
    粗体: 未设置
    斜体: 未设置
    下划线: 未设置
    标准颜色: 未设置
  运行 8: ''
    字体: 未设置
    大小: 未设置
    粗体: 未设置
    斜体: 未设置
    下划线: 未设置
    标准颜色: 未设置
  运行 9: ''
    字体: 未设置
    大小: 未设置
    粗体: 未设置
    斜体: 未设置
    下划线: 未设置
    标准颜色: 未设置
  运行 10: ''
    字体: 未设置
    大小: 未设置
    粗体: 未设置
    斜体: 未设置
    下划线: 未设置
    标准颜色: 未设置
  运行 11: ''
    字体: 未设置
    大小: 未设置
    粗体: 未设置
    斜体: 未设置
    下划线: 未设置
    标准颜色: 未设置
  运行 12: ''
    字体: 未设置
    大小: 未设置
    粗体: 未设置
    斜体: 未设置
    下划线: 未设置
    标准颜色: 未设置

段落 279:
文本内容: 本章内容主要有四个部分：研究背景、研究目的与意义、研究内容与方法和研究创新点。在目的与意义章节，本文不仅阐释了其理论价值，也强调了其在实践中的应用重要性。技术路线部分则通过清晰的逻辑，展示了研究的整体框架和步骤。研究方法章节详细介绍了本文所采用的三种主要研究方法：文献综述、访谈和问卷调查。最后本文依托4Cs营销理论，指出了研究的创新之处。
段落样式: 正文-缩进
从样式获取的格式:
  样式字体: 未设置
  样式字号: 未设置
  样式颜色: 未设置
对齐方式: 未设置
左缩进: 未设置
右缩进: 未设置
首行缩进: 未设置
行间距: 未设置
从XML读取的格式:
  运行 1: '本章内容'
    字体: 未设置
    大小: 未设置
    粗体: 未设置
    斜体: 未设置
    下划线: 未设置
    标准颜色: 未设置
  运行 2: '主要有'
    字体: 未设置
    大小: 未设置
    粗体: 未设置
    斜体: 未设置
    下划线: 未设置
    标准颜色: 未设置
  运行 3: '四个部分：研究背景、研究目的与意义、研究内容与方法'
    字体: 未设置
    大小: 未设置
    粗体: 未设置
    斜体: 未设置
    下划线: 未设置
    标准颜色: 未设置
  运行 4: '和'
    字体: 未设置
    大小: 未设置
    粗体: 未设置
    斜体: 未设置
    下划线: 未设置
    标准颜色: 未设置
  运行 5: '研究创新点。在目的与意义'
    字体: 未设置
    大小: 未设置
    粗体: 未设置
    斜体: 未设置
    下划线: 未设置
    标准颜色: 未设置
  运行 6: '章节'
    字体: 未设置
    大小: 未设置
    粗体: 未设置
    斜体: 未设置
    下划线: 未设置
    标准颜色: 未设置
  运行 7: '，本文不仅阐释了其理论价值，也强调了其在实践中的应用重要性。技术路线部分则通过清晰的逻辑，展示了研究的整体框架和步骤。研究方法章节详细介绍了本文所采用的三种主要研究'
    字体: 未设置
    大小: 未设置
    粗体: 未设置
    斜体: 未设置
    下划线: 未设置
    标准颜色: 未设置
  运行 8: '方法'
    字体: 未设置
    大小: 未设置
    粗体: 未设置
    斜体: 未设置
    下划线: 未设置
    标准颜色: 未设置
  运行 9: '：文献综述、访谈和问卷调查。最后本文依托'
    字体: 未设置
    大小: 未设置
    粗体: 未设置
    斜体: 未设置
    下划线: 未设置
    标准颜色: 未设置
  运行 10: '4Cs'
    字体: 未设置
    大小: 未设置
    粗体: 未设置
    斜体: 未设置
    下划线: 未设置
    标准颜色: 未设置
  运行 11: '营销理论，指出了研究的创新之处。'
    字体: 未设置
    大小: 未设置
    粗体: 未设置
    斜体: 未设置
    下划线: 未设置
    标准颜色: 未设置

段落 280:
文本内容: 研究背景
段落样式: Heading 2
从样式获取的格式:
  样式字体: 未设置
  样式字号: 177800
  样式字号(pt): 14.0
  样式颜色: 未设置
对齐方式: 未设置
左缩进: 未设置
右缩进: 未设置
首行缩进: 未设置
行间距: 未设置
从XML读取的格式:
  运行 1: '研究背景'
    字体: 未设置
    大小: 未设置
    粗体: 未设置
    斜体: 未设置
    下划线: 未设置
    标准颜色: 未设置
  运行 2: ''
    字体: 未设置
    大小: 未设置
    粗体: 未设置
    斜体: 未设置
    下划线: 未设置
    标准颜色: 未设置
  运行 3: ''
    字体: 未设置
    大小: 未设置
    粗体: 未设置
    斜体: 未设置
    下划线: 未设置
    标准颜色: 未设置
  运行 4: ''
    字体: 未设置
    大小: 未设置
    粗体: 未设置
    斜体: 未设置
    下划线: 未设置
    标准颜色: 未设置
  运行 5: ''
    字体: 未设置
    大小: 未设置
    粗体: 未设置
    斜体: 未设置
    下划线: 未设置
    标准颜色: 未设置
  运行 6: ''
    字体: 未设置
    大小: 未设置
    粗体: 未设置
    斜体: 未设置
    下划线: 未设置
    标准颜色: 未设置
  运行 7: ''
    字体: 未设置
    大小: 未设置
    粗体: 未设置
    斜体: 未设置
    下划线: 未设置
    标准颜色: 未设置
  运行 8: ''
    字体: 未设置
    大小: 未设置
    粗体: 未设置
    斜体: 未设置
    下划线: 未设置
    标准颜色: 未设置
  运行 9: ''
    字体: 未设置
    大小: 未设置
    粗体: 未设置
    斜体: 未设置
    下划线: 未设置
    标准颜色: 未设置
  运行 10: ''
    字体: 未设置
    大小: 未设置
    粗体: 未设置
    斜体: 未设置
    下划线: 未设置
    标准颜色: 未设置
  运行 11: ''
    字体: 未设置
    大小: 未设置
    粗体: 未设置
    斜体: 未设置
    下划线: 未设置
    标准颜色: 未设置
  运行 12: ''
    字体: 未设置
    大小: 未设置
    粗体: 未设置
    斜体: 未设置
    下划线: 未设置
    标准颜色: 未设置
  运行 13: ''
    字体: 未设置
    大小: 未设置
    粗体: 未设置
    斜体: 未设置
    下划线: 未设置
    标准颜色: 未设置
  运行 14: ''
    字体: 未设置
    大小: 未设置
    粗体: 未设置
    斜体: 未设置
    下划线: 未设置
    标准颜色: 未设置
  运行 15: ''
    字体: 未设置
    大小: 未设置
    粗体: 未设置
    斜体: 未设置
    下划线: 未设置
    标准颜色: 未设置
  运行 16: ''
    字体: 未设置
    大小: 未设置
    粗体: 未设置
    斜体: 未设置
    下划线: 未设置
    标准颜色: 未设置
  运行 17: ''
    字体: 未设置
    大小: 未设置
    粗体: 未设置
    斜体: 未设置
    下划线: 未设置
    标准颜色: 未设置
  运行 18: ''
    字体: 未设置
    大小: 未设置
    粗体: 未设置
    斜体: 未设置
    下划线: 未设置
    标准颜色: 未设置
  运行 19: ''
    字体: 未设置
    大小: 未设置
    粗体: 未设置
    斜体: 未设置
    下划线: 未设置
    标准颜色: 未设置
  运行 20: ''
    字体: 未设置
    大小: 未设置
    粗体: 未设置
    斜体: 未设置
    下划线: 未设置
    标准颜色: 未设置
  运行 21: ''
    字体: 未设置
    大小: 未设置
    粗体: 未设置
    斜体: 未设置
    下划线: 未设置
    标准颜色: 未设置
  运行 22: ''
    字体: 未设置
    大小: 未设置
    粗体: 未设置
    斜体: 未设置
    下划线: 未设置
    标准颜色: 未设置
  运行 23: ''
    字体: 未设置
    大小: 未设置
    粗体: 未设置
    斜体: 未设置
    下划线: 未设置
    标准颜色: 未设置
  运行 24: ''
    字体: 未设置
    大小: 未设置
    粗体: 未设置
    斜体: 未设置
    下划线: 未设置
    标准颜色: 未设置
  运行 25: ''
    字体: 未设置
    大小: 未设置
    粗体: 未设置
    斜体: 未设置
    下划线: 未设置
    标准颜色: 未设置
  运行 26: ''
    字体: 未设置
    大小: 未设置
    粗体: 未设置
    斜体: 未设置
    下划线: 未设置
    标准颜色: 未设置
  运行 27: ''
    字体: 未设置
    大小: 未设置
    粗体: 未设置
    斜体: 未设置
    下划线: 未设置
    标准颜色: 未设置
  运行 28: ''
    字体: 未设置
    大小: 未设置
    粗体: 未设置
    斜体: 未设置
    下划线: 未设置
    标准颜色: 未设置
  运行 29: ''
    字体: 未设置
    大小: 未设置
    粗体: 未设置
    斜体: 未设置
    下划线: 未设置
    标准颜色: 未设置

段落 281:
文本内容: 随着全球经济持续增长，医疗保健水平的显著提升以及人口数量持续攀升，社会面临的老龄化挑战日益凸显。据全球知名医疗器械市场研究公司EvaluateMedtech分析，全球医疗器械2017年的销售额达到了4,050亿美元，同比增长4.6%；预计销售额在2024年将达到5,945亿美元，2017-2024年间复合增长率为5.6%。中国眼科医疗器械市场将在未来几年保持较高的增长率，预计到2025年市场规模将达到283亿元人民币，2026年到2030年市场将维持12%的增速，预计2030年市场规模接近500亿元人民币。全球的眼科器械市场集中度较高，眼科巨头的竞争优势明显。爱尔康、博士伦、蔡司、强生、拓普康、尼德克等巨头产品线布局全面完善，竞争优势明显，占据了绝大部分市场份额。根据EvaluateMedtech统计，预计到2024年，排名前十位的公司将占据全球市场份额的96.1%左右。
段落样式: 正文-缩进
从样式获取的格式:
  样式字体: 未设置
  样式字号: 未设置
  样式颜色: 未设置
对齐方式: 未设置
左缩进: 未设置
右缩进: 未设置
首行缩进: 未设置
行间距: 未设置
从XML读取的格式:
  运行 1: '随着'
    字体: 未设置
    大小: 未设置
    粗体: 未设置
    斜体: 未设置
    下划线: 未设置
    标准颜色: 未设置
  运行 2: '全球经济持续增长，医疗保健水平的显著提升'
    字体: 未设置
    大小: 未设置
    粗体: 未设置
    斜体: 未设置
    下划线: 未设置
    标准颜色: 未设置
  运行 3: '以及'
    字体: 未设置
    大小: 未设置
    粗体: 未设置
    斜体: 未设置
    下划线: 未设置
    标准颜色: 未设置
  运行 4: '人口数量持续攀升'
    字体: 未设置
    大小: 未设置
    粗体: 未设置
    斜体: 未设置
    下划线: 未设置
    标准颜色: 未设置
  运行 5: '，社会面临的老龄化挑战日益凸显。'
    字体: 未设置
    大小: 未设置
    粗体: 未设置
    斜体: 未设置
    下划线: 未设置
    标准颜色: 未设置
  运行 6: '据全球知名医疗器械市场研究公司'
    字体: 未设置
    大小: 未设置
    粗体: 未设置
    斜体: 未设置
    下划线: 未设置
    标准颜色: 未设置
  运行 7: 'EvaluateMedtech'
    字体: 未设置
    大小: 未设置
    粗体: 未设置
    斜体: 未设置
    下划线: 未设置
    标准颜色: 未设置
  运行 8: '分析，'
    字体: 未设置
    大小: 未设置
    粗体: 未设置
    斜体: 未设置
    下划线: 未设置
    标准颜色: 未设置
  运行 9: '全球医疗器械'
    字体: 未设置
    大小: 未设置
    粗体: 未设置
    斜体: 未设置
    下划线: 未设置
    标准颜色: 未设置
  运行 10: '2017'
    字体: 未设置
    大小: 未设置
    粗体: 未设置
    斜体: 未设置
    下划线: 未设置
    标准颜色: 未设置
  运行 11: '年'
    字体: 未设置
    大小: 未设置
    粗体: 未设置
    斜体: 未设置
    下划线: 未设置
    标准颜色: 未设置
  运行 12: '的销售额达到了'
    字体: 未设置
    大小: 未设置
    粗体: 未设置
    斜体: 未设置
    下划线: 未设置
    标准颜色: 未设置
  运行 13: '4,050'
    字体: 未设置
    大小: 未设置
    粗体: 未设置
    斜体: 未设置
    下划线: 未设置
    标准颜色: 未设置
  运行 14: '亿美元'
    字体: 未设置
    大小: 未设置
    粗体: 未设置
    斜体: 未设置
    下划线: 未设置
    标准颜色: 未设置
  运行 15: '，'
    字体: 未设置
    大小: 未设置
    粗体: 未设置
    斜体: 未设置
    下划线: 未设置
    标准颜色: 未设置
  运行 16: '同比增长'
    字体: 未设置
    大小: 未设置
    粗体: 未设置
    斜体: 未设置
    下划线: 未设置
    标准颜色: 未设置
  运行 17: '4.6%'
    字体: 未设置
    大小: 未设置
    粗体: 未设置
    斜体: 未设置
    下划线: 未设置
    标准颜色: 未设置
  运行 18: '；预计销售额'
    字体: 未设置
    大小: 未设置
    粗体: 未设置
    斜体: 未设置
    下划线: 未设置
    标准颜色: 未设置
  运行 19: '在'
    字体: 未设置
    大小: 未设置
    粗体: 未设置
    斜体: 未设置
    下划线: 未设置
    标准颜色: 未设置
  运行 20: '2024'
    字体: 未设置
    大小: 未设置
    粗体: 未设置
    斜体: 未设置
    下划线: 未设置
    标准颜色: 未设置
  运行 21: '年'
    字体: 未设置
    大小: 未设置
    粗体: 未设置
    斜体: 未设置
    下划线: 未设置
    标准颜色: 未设置
  运行 22: '将达到'
    字体: 未设置
    大小: 未设置
    粗体: 未设置
    斜体: 未设置
    下划线: 未设置
    标准颜色: 未设置
  运行 23: '5,945'
    字体: 未设置
    大小: 未设置
    粗体: 未设置
    斜体: 未设置
    下划线: 未设置
    标准颜色: 未设置
  运行 24: '亿美元，'
    字体: 未设置
    大小: 未设置
    粗体: 未设置
    斜体: 未设置
    下划线: 未设置
    标准颜色: 未设置
  运行 25: '2017-2024'
    字体: 未设置
    大小: 未设置
    粗体: 未设置
    斜体: 未设置
    下划线: 未设置
    标准颜色: 未设置
  运行 26: '年间复合增长率为'
    字体: 未设置
    大小: 未设置
    粗体: 未设置
    斜体: 未设置
    下划线: 未设置
    标准颜色: 未设置
  运行 27: '5.6%'
    字体: 未设置
    大小: 未设置
    粗体: 未设置
    斜体: 未设置
    下划线: 未设置
    标准颜色: 未设置
  运行 28: ''
    字体: 未设置
    大小: 未设置
    粗体: 未设置
    斜体: 未设置
    下划线: 未设置
    标准颜色: 未设置
  运行 29: '。'
    字体: 未设置
    大小: 未设置
    粗体: 未设置
    斜体: 未设置
    下划线: 未设置
    标准颜色: 未设置
  运行 30: '中国'
    字体: 未设置
    大小: 未设置
    粗体: 未设置
    斜体: 未设置
    下划线: 未设置
    标准颜色: 未设置
  运行 31: '眼科医疗器械市场将在未来几年保持较高的增'
    字体: 未设置
    大小: 未设置
    粗体: 未设置
    斜体: 未设置
    下划线: 未设置
    标准颜色: 未设置
  运行 32: '长率，预计到'
    字体: 未设置
    大小: 未设置
    粗体: 未设置
    斜体: 未设置
    下划线: 未设置
    标准颜色: 未设置
  运行 33: '2025'
    字体: 未设置
    大小: 未设置
    粗体: 未设置
    斜体: 未设置
    下划线: 未设置
    标准颜色: 未设置
  运行 34: '年市场规模将达到'
    字体: 未设置
    大小: 未设置
    粗体: 未设置
    斜体: 未设置
    下划线: 未设置
    标准颜色: 未设置
  运行 35: '283'
    字体: 未设置
    大小: 未设置
    粗体: 未设置
    斜体: 未设置
    下划线: 未设置
    标准颜色: 未设置
  运行 36: '亿元人民币，'
    字体: 未设置
    大小: 未设置
    粗体: 未设置
    斜体: 未设置
    下划线: 未设置
    标准颜色: 未设置
  运行 37: '2026'
    字体: 未设置
    大小: 未设置
    粗体: 未设置
    斜体: 未设置
    下划线: 未设置
    标准颜色: 未设置
  运行 38: '年到'
    字体: 未设置
    大小: 未设置
    粗体: 未设置
    斜体: 未设置
    下划线: 未设置
    标准颜色: 未设置
  运行 39: '2030'
    字体: 未设置
    大小: 未设置
    粗体: 未设置
    斜体: 未设置
    下划线: 未设置
    标准颜色: 未设置
  运行 40: '年市场将维'
    字体: 未设置
    大小: 未设置
    粗体: 未设置
    斜体: 未设置
    下划线: 未设置
    标准颜色: 未设置
  运行 41: '持'
    字体: 未设置
    大小: 未设置
    粗体: 未设置
    斜体: 未设置
    下划线: 未设置
    标准颜色: 未设置
  运行 42: '12%'
    字体: 未设置
    大小: 未设置
    粗体: 未设置
    斜体: 未设置
    下划线: 未设置
    标准颜色: 未设置
  运行 43: '的增速，预计'
    字体: 未设置
    大小: 未设置
    粗体: 未设置
    斜体: 未设置
    下划线: 未设置
    标准颜色: 未设置
  运行 44: '2030'
    字体: 未设置
    大小: 未设置
    粗体: 未设置
    斜体: 未设置
    下划线: 未设置
    标准颜色: 未设置
  运行 45: '年市场规模接近'
    字体: 未设置
    大小: 未设置
    粗体: 未设置
    斜体: 未设置
    下划线: 未设置
    标准颜色: 未设置
  运行 46: '500'
    字体: 未设置
    大小: 未设置
    粗体: 未设置
    斜体: 未设置
    下划线: 未设置
    标准颜色: 未设置
  运行 47: '亿元人民币'
    字体: 未设置
    大小: 未设置
    粗体: 未设置
    斜体: 未设置
    下划线: 未设置
    标准颜色: 未设置
  运行 48: '。'
    字体: 未设置
    大小: 未设置
    粗体: 未设置
    斜体: 未设置
    下划线: 未设置
    标准颜色: 未设置
  运行 49: '全球的眼科器械市场集中度较高，眼科巨头的竞争优势明'
    字体: 未设置
    大小: 未设置
    粗体: 未设置
    斜体: 未设置
    下划线: 未设置
    标准颜色: 未设置
  运行 50: '显。'
    字体: 未设置
    大小: 未设置
    粗体: 未设置
    斜体: 未设置
    下划线: 未设置
    标准颜色: 未设置
  运行 51: '爱尔康、'
    字体: 未设置
    大小: 未设置
    粗体: 未设置
    斜体: 未设置
    下划线: 未设置
    标准颜色: 未设置
  运行 52: '博士伦、蔡司、强生、拓普康、尼德克等巨头产品线布局全面完善，竞争优势明显，'
    字体: 未设置
    大小: 未设置
    粗体: 未设置
    斜体: 未设置
    下划线: 未设置
    标准颜色: 未设置
  运行 53: '占据了绝大部分市场份额。根据'
    字体: 未设置
    大小: 未设置
    粗体: 未设置
    斜体: 未设置
    下划线: 未设置
    标准颜色: 未设置
  运行 54: 'EvaluateMedtech'
    字体: 未设置
    大小: 未设置
    粗体: 未设置
    斜体: 未设置
    下划线: 未设置
    标准颜色: 未设置
  运行 55: '统计，预计到'
    字体: 未设置
    大小: 未设置
    粗体: 未设置
    斜体: 未设置
    下划线: 未设置
    标准颜色: 未设置
  运行 56: '2'
    字体: 未设置
    大小: 未设置
    粗体: 未设置
    斜体: 未设置
    下划线: 未设置
    标准颜色: 未设置
  运行 57: '024'
    字体: 未设置
    大小: 未设置
    粗体: 未设置
    斜体: 未设置
    下划线: 未设置
    标准颜色: 未设置
  运行 58: '年，排名前'
    字体: 未设置
    大小: 未设置
    粗体: 未设置
    斜体: 未设置
    下划线: 未设置
    标准颜色: 未设置
  运行 59: '十位的公司将占据全球市场份额的'
    字体: 未设置
    大小: 未设置
    粗体: 未设置
    斜体: 未设置
    下划线: 未设置
    标准颜色: 未设置
  运行 60: '9'
    字体: 未设置
    大小: 未设置
    粗体: 未设置
    斜体: 未设置
    下划线: 未设置
    标准颜色: 未设置
  运行 61: '6.1%'
    字体: 未设置
    大小: 未设置
    粗体: 未设置
    斜体: 未设置
    下划线: 未设置
    标准颜色: 未设置
  运行 62: '左右。'
    字体: 未设置
    大小: 未设置
    粗体: 未设置
    斜体: 未设置
    下划线: 未设置
    标准颜色: 未设置

段落 282:
文本内容: 眼科全称是“眼病专科”，是研究发生在视觉系统，包括眼球及相关组织的有关疾病的学科，主要研究疾病的发生、发展以及防治。眼科疾病种类繁多，可分为致盲类疾病和非致盲类疾病。非致盲类疾病虽然不致盲，但也会影响人们的日常生活。目前我国最常见的五种眼科疾病是：屈光不正、干眼症、白内障、青光眼、年龄相关性黄斑病变等。眼科大多数疾病都需要采用医疗设备进行诊断和手术治疗，临床医师对于眼科医疗器械的依赖度高，需求量大。除此以外，国内实施的分级诊疗制度以及医师诊疗能力的不断提升，增加了一线大城市以外的医疗机构对于眼科器械设备的需求。
段落样式: 正文-缩进
从样式获取的格式:
  样式字体: 未设置
  样式字号: 未设置
  样式颜色: 未设置
对齐方式: 未设置
左缩进: 未设置
右缩进: 未设置
首行缩进: 未设置
行间距: 未设置
从XML读取的格式:
  运行 1: '眼科全称是“眼病专科”，是研究发生在视觉系统，包括眼球及相关组织的有关疾病的学科，主要研究疾病的发生、发展以及防治。眼科疾病种类繁多，可分为致盲类疾病'
    字体: 未设置
    大小: 未设置
    粗体: 未设置
    斜体: 未设置
    下划线: 未设置
    标准颜色: 未设置
  运行 2: ''
    字体: 未设置
    大小: 未设置
    粗体: 未设置
    斜体: 未设置
    下划线: 未设置
    标准颜色: 未设置
  运行 3: '和非致盲类疾病'
    字体: 未设置
    大小: 未设置
    粗体: 未设置
    斜体: 未设置
    下划线: 未设置
    标准颜色: 未设置
  运行 4: ''
    字体: 未设置
    大小: 未设置
    粗体: 未设置
    斜体: 未设置
    下划线: 未设置
    标准颜色: 未设置
  运行 5: '。非致盲类疾病虽然不致盲，但也会影响人们的日常生活。目前我国最常见的五种眼科疾病是：屈光不正、干眼症、白内障、青光眼、年龄相关性黄斑病变等。眼科大多数疾病'
    字体: 未设置
    大小: 未设置
    粗体: 未设置
    斜体: 未设置
    下划线: 未设置
    标准颜色: 未设置
  运行 6: '都'
    字体: 未设置
    大小: 未设置
    粗体: 未设置
    斜体: 未设置
    下划线: 未设置
    标准颜色: 未设置
  运行 7: '需要采用'
    字体: 未设置
    大小: 未设置
    粗体: 未设置
    斜体: 未设置
    下划线: 未设置
    标准颜色: 未设置
  运行 8: '医疗'
    字体: 未设置
    大小: 未设置
    粗体: 未设置
    斜体: 未设置
    下划线: 未设置
    标准颜色: 未设置
  运行 9: '设备进行诊断和手术治疗，'
    字体: 未设置
    大小: 未设置
    粗体: 未设置
    斜体: 未设置
    下划线: 未设置
    标准颜色: 未设置
  运行 10: '临床医师对于眼科医疗器械的依赖度高'
    字体: 未设置
    大小: 未设置
    粗体: 未设置
    斜体: 未设置
    下划线: 未设置
    标准颜色: 未设置
  运行 11: '，'
    字体: 未设置
    大小: 未设置
    粗体: 未设置
    斜体: 未设置
    下划线: 未设置
    标准颜色: 未设置
  运行 12: '需求'
    字体: 未设置
    大小: 未设置
    粗体: 未设置
    斜体: 未设置
    下划线: 未设置
    标准颜色: 未设置
  运行 13: '量'
    字体: 未设置
    大小: 未设置
    粗体: 未设置
    斜体: 未设置
    下划线: 未设置
    标准颜色: 未设置
  运行 14: '大。除此以外，国内实施的分级诊疗制度以及医师诊疗能力的不断提升，增加了一线大城市以外的医疗机构对于眼科器械'
    字体: 未设置
    大小: 未设置
    粗体: 未设置
    斜体: 未设置
    下划线: 未设置
    标准颜色: 未设置
  运行 15: '设备'
    字体: 未设置
    大小: 未设置
    粗体: 未设置
    斜体: 未设置
    下划线: 未设置
    标准颜色: 未设置
  运行 16: '的需求。'
    字体: 未设置
    大小: 未设置
    粗体: 未设置
    斜体: 未设置
    下划线: 未设置
    标准颜色: 未设置

段落 283:
文本内容: 近年来，国家越来越重视眼健康行业，使得眼健康事业成为国家的战略发展目标。《“十三五”全国眼健康规划（2016-2020）》发布以来，国家把眼健康提到战略高度。《“十四五”全国眼健康规划（2021-2025）》的正式出台，标志着我国眼睛健康事业正式步入高质量发展新阶段[]。国家把眼底疾病提到战略层面，青少年近视防控再一次成为关注热点。表 1-1列出了近年国内眼科相关重点政策。
段落样式: 正文-缩进
从样式获取的格式:
  样式字体: 未设置
  样式字号: 未设置
  样式颜色: 未设置
对齐方式: 未设置
左缩进: 未设置
右缩进: 未设置
首行缩进: 未设置
行间距: 未设置
从XML读取的格式:
  运行 1: '近年来，国家越来越重视眼健康'
    字体: 未设置
    大小: 未设置
    粗体: 未设置
    斜体: 未设置
    下划线: 未设置
    标准颜色: 未设置
  运行 2: '行业'
    字体: 未设置
    大小: 未设置
    粗体: 未设置
    斜体: 未设置
    下划线: 未设置
    标准颜色: 未设置
  运行 3: '，'
    字体: 未设置
    大小: 未设置
    粗体: 未设置
    斜体: 未设置
    下划线: 未设置
    标准颜色: 未设置
  运行 4: '使得'
    字体: 未设置
    大小: 未设置
    粗体: 未设置
    斜体: 未设置
    下划线: 未设置
    标准颜色: 未设置
  运行 5: '眼健康事业'
    字体: 未设置
    大小: 未设置
    粗体: 未设置
    斜体: 未设置
    下划线: 未设置
    标准颜色: 未设置
  运行 6: '成'
    字体: 未设置
    大小: 未设置
    粗体: 未设置
    斜体: 未设置
    下划线: 未设置
    标准颜色: 未设置
  运行 7: '为国家'
    字体: 未设置
    大小: 未设置
    粗体: 未设置
    斜体: 未设置
    下划线: 未设置
    标准颜色: 未设置
  运行 8: '的'
    字体: 未设置
    大小: 未设置
    粗体: 未设置
    斜体: 未设置
    下划线: 未设置
    标准颜色: 未设置
  运行 9: '战略'
    字体: 未设置
    大小: 未设置
    粗体: 未设置
    斜体: 未设置
    下划线: 未设置
    标准颜色: 未设置
  运行 10: '发展'
    字体: 未设置
    大小: 未设置
    粗体: 未设置
    斜体: 未设置
    下划线: 未设置
    标准颜色: 未设置
  运行 11: '目标。'
    字体: 未设置
    大小: 未设置
    粗体: 未设置
    斜体: 未设置
    下划线: 未设置
    标准颜色: 未设置
  运行 12: '《“十三五”全国眼健康规划'
    字体: 未设置
    大小: 未设置
    粗体: 未设置
    斜体: 未设置
    下划线: 未设置
    标准颜色: 未设置
  运行 13: '（'
    字体: 未设置
    大小: 未设置
    粗体: 未设置
    斜体: 未设置
    下划线: 未设置
    标准颜色: 未设置
  运行 14: '2'
    字体: 未设置
    大小: 未设置
    粗体: 未设置
    斜体: 未设置
    下划线: 未设置
    标准颜色: 未设置
  运行 15: '016-2020'
    字体: 未设置
    大小: 未设置
    粗体: 未设置
    斜体: 未设置
    下划线: 未设置
    标准颜色: 未设置
  运行 16: '）'
    字体: 未设置
    大小: 未设置
    粗体: 未设置
    斜体: 未设置
    下划线: 未设置
    标准颜色: 未设置
  运行 17: '》'
    字体: 未设置
    大小: 未设置
    粗体: 未设置
    斜体: 未设置
    下划线: 未设置
    标准颜色: 未设置
  运行 18: '发布'
    字体: 未设置
    大小: 未设置
    粗体: 未设置
    斜体: 未设置
    下划线: 未设置
    标准颜色: 未设置
  运行 19: '以来，国家'
    字体: 未设置
    大小: 未设置
    粗体: 未设置
    斜体: 未设置
    下划线: 未设置
    标准颜色: 未设置
  运行 20: '把'
    字体: 未设置
    大小: 未设置
    粗体: 未设置
    斜体: 未设置
    下划线: 未设置
    标准颜色: 未设置
  运行 21: '眼健康'
    字体: 未设置
    大小: 未设置
    粗体: 未设置
    斜体: 未设置
    下划线: 未设置
    标准颜色: 未设置
  运行 22: '提到'
    字体: 未设置
    大小: 未设置
    粗体: 未设置
    斜体: 未设置
    下划线: 未设置
    标准颜色: 未设置
  运行 23: '战略'
    字体: 未设置
    大小: 未设置
    粗体: 未设置
    斜体: 未设置
    下划线: 未设置
    标准颜色: 未设置
  运行 24: '高度。'
    字体: 未设置
    大小: 未设置
    粗体: 未设置
    斜体: 未设置
    下划线: 未设置
    标准颜色: 未设置
  运行 25: '《“十四五”全国眼健康规划'
    字体: 未设置
    大小: 未设置
    粗体: 未设置
    斜体: 未设置
    下划线: 未设置
    标准颜色: 未设置
  运行 26: '（'
    字体: 未设置
    大小: 未设置
    粗体: 未设置
    斜体: 未设置
    下划线: 未设置
    标准颜色: 未设置
  运行 27: '2'
    字体: 未设置
    大小: 未设置
    粗体: 未设置
    斜体: 未设置
    下划线: 未设置
    标准颜色: 未设置
  运行 28: '021-2025'
    字体: 未设置
    大小: 未设置
    粗体: 未设置
    斜体: 未设置
    下划线: 未设置
    标准颜色: 未设置
  运行 29: '）'
    字体: 未设置
    大小: 未设置
    粗体: 未设置
    斜体: 未设置
    下划线: 未设置
    标准颜色: 未设置
  运行 30: '》'
    字体: 未设置
    大小: 未设置
    粗体: 未设置
    斜体: 未设置
    下划线: 未设置
    标准颜色: 未设置
  运行 31: ''
    字体: 未设置
    大小: 未设置
    粗体: 未设置
    斜体: 未设置
    下划线: 未设置
    标准颜色: 未设置
  运行 32: '的'
    字体: 未设置
    大小: 未设置
    粗体: 未设置
    斜体: 未设置
    下划线: 未设置
    标准颜色: 未设置
  运行 33: '正式'
    字体: 未设置
    大小: 未设置
    粗体: 未设置
    斜体: 未设置
    下划线: 未设置
    标准颜色: 未设置
  运行 34: '出台'
    字体: 未设置
    大小: 未设置
    粗体: 未设置
    斜体: 未设置
    下划线: 未设置
    标准颜色: 未设置
  运行 35: '，'
    字体: 未设置
    大小: 未设置
    粗体: 未设置
    斜体: 未设置
    下划线: 未设置
    标准颜色: 未设置
  运行 36: '标志着'
    字体: 未设置
    大小: 未设置
    粗体: 未设置
    斜体: 未设置
    下划线: 未设置
    标准颜色: 未设置
  运行 37: '我国'
    字体: 未设置
    大小: 未设置
    粗体: 未设置
    斜体: 未设置
    下划线: 未设置
    标准颜色: 未设置
  运行 38: '眼睛'
    字体: 未设置
    大小: 未设置
    粗体: 未设置
    斜体: 未设置
    下划线: 未设置
    标准颜色: 未设置
  运行 39: '健康事业正式步入'
    字体: 未设置
    大小: 未设置
    粗体: 未设置
    斜体: 未设置
    下划线: 未设置
    标准颜色: 未设置
  运行 40: '高质量发展新'
    字体: 未设置
    大小: 未设置
    粗体: 未设置
    斜体: 未设置
    下划线: 未设置
    标准颜色: 未设置
  运行 41: '阶段'
    字体: 未设置
    大小: 未设置
    粗体: 未设置
    斜体: 未设置
    下划线: 未设置
    标准颜色: 未设置
  运行 42: '['
    字体: 未设置
    大小: 未设置
    粗体: 未设置
    斜体: 未设置
    下划线: 未设置
    标准颜色: 未设置
  运行 43: ''
    字体: 未设置
    大小: 未设置
    粗体: 未设置
    斜体: 未设置
    下划线: 未设置
    标准颜色: 未设置
  运行 44: ']'
    字体: 未设置
    大小: 未设置
    粗体: 未设置
    斜体: 未设置
    下划线: 未设置
    标准颜色: 未设置
  运行 45: '。'
    字体: 未设置
    大小: 未设置
    粗体: 未设置
    斜体: 未设置
    下划线: 未设置
    标准颜色: 未设置
  运行 46: '国家把'
    字体: 未设置
    大小: 未设置
    粗体: 未设置
    斜体: 未设置
    下划线: 未设置
    标准颜色: 未设置
  运行 47: '眼底疾病提'
    字体: 未设置
    大小: 未设置
    粗体: 未设置
    斜体: 未设置
    下划线: 未设置
    标准颜色: 未设置
  运行 48: '到'
    字体: 未设置
    大小: 未设置
    粗体: 未设置
    斜体: 未设置
    下划线: 未设置
    标准颜色: 未设置
  运行 49: '战略'
    字体: 未设置
    大小: 未设置
    粗体: 未设置
    斜体: 未设置
    下划线: 未设置
    标准颜色: 未设置
  运行 50: '层面'
    字体: 未设置
    大小: 未设置
    粗体: 未设置
    斜体: 未设置
    下划线: 未设置
    标准颜色: 未设置
  运行 51: '，青少年近视防控再'
    字体: 未设置
    大小: 未设置
    粗体: 未设置
    斜体: 未设置
    下划线: 未设置
    标准颜色: 未设置
  运行 52: '一'
    字体: 未设置
    大小: 未设置
    粗体: 未设置
    斜体: 未设置
    下划线: 未设置
    标准颜色: 未设置
  运行 53: '次成为'
    字体: 未设置
    大小: 未设置
    粗体: 未设置
    斜体: 未设置
    下划线: 未设置
    标准颜色: 未设置
  运行 54: '关注'
    字体: 未设置
    大小: 未设置
    粗体: 未设置
    斜体: 未设置
    下划线: 未设置
    标准颜色: 未设置
  运行 55: '热点'
    字体: 未设置
    大小: 未设置
    粗体: 未设置
    斜体: 未设置
    下划线: 未设置
    标准颜色: 未设置
  运行 56: '。'
    字体: 未设置
    大小: 未设置
    粗体: 未设置
    斜体: 未设置
    下划线: 未设置
    标准颜色: 未设置
  运行 57: ''
    字体: 未设置
    大小: 未设置
    粗体: 未设置
    斜体: 未设置
    下划线: 未设置
    标准颜色: 未设置
  运行 58: ''
    字体: 未设置
    大小: 未设置
    粗体: 未设置
    斜体: 未设置
    下划线: 未设置
    标准颜色: 未设置
  运行 59: ''
    字体: 未设置
    大小: 未设置
    粗体: 未设置
    斜体: 未设置
    下划线: 未设置
    标准颜色: 未设置
  运行 60: ''
    字体: 未设置
    大小: 未设置
    粗体: 未设置
    斜体: 未设置
    下划线: 未设置
    标准颜色: 未设置
  运行 61: ''
    字体: 未设置
    大小: 未设置
    粗体: 未设置
    斜体: 未设置
    下划线: 未设置
    标准颜色: 未设置
  运行 62: '表'
    字体: 未设置
    大小: 未设置
    粗体: 未设置
    斜体: 未设置
    下划线: 未设置
    标准颜色: 未设置
  运行 63: ' '
    字体: 未设置
    大小: 未设置
    粗体: 未设置
    斜体: 未设置
    下划线: 未设置
    标准颜色: 未设置
  运行 64: '1'
    字体: 未设置
    大小: 未设置
    粗体: 未设置
    斜体: 未设置
    下划线: 未设置
    标准颜色: 未设置
  运行 65: '-'
    字体: 未设置
    大小: 未设置
    粗体: 未设置
    斜体: 未设置
    下划线: 未设置
    标准颜色: 未设置
  运行 66: '1'
    字体: 未设置
    大小: 未设置
    粗体: 未设置
    斜体: 未设置
    下划线: 未设置
    标准颜色: 未设置
  运行 67: ''
    字体: 未设置
    大小: 未设置
    粗体: 未设置
    斜体: 未设置
    下划线: 未设置
    标准颜色: 未设置
  运行 68: '列出了近年国内眼科相关重点政策。'
    字体: 未设置
    大小: 未设置
    粗体: 未设置
    斜体: 未设置
    下划线: 未设置
    标准颜色: 未设置

段落 285:
文本内容: 表 1-1　近年国内眼科部分重点政策
段落样式: Caption
从样式获取的格式:
  样式字体: 未设置
  样式字号: 未设置
  样式颜色: 未设置
对齐方式: 未设置
左缩进: 未设置
右缩进: 未设置
首行缩进: 未设置
行间距: 未设置
从XML读取的格式:
  运行 1: '表'
    字体: 未设置
    大小: 未设置
    粗体: 未设置
    斜体: 未设置
    下划线: 未设置
    标准颜色: 未设置
  运行 2: ' '
    字体: 未设置
    大小: 未设置
    粗体: 未设置
    斜体: 未设置
    下划线: 未设置
    标准颜色: 未设置
  运行 3: ''
    字体: 未设置
    大小: 未设置
    粗体: 未设置
    斜体: 未设置
    下划线: 未设置
    标准颜色: 未设置
  运行 4: ''
    字体: 未设置
    大小: 未设置
    粗体: 未设置
    斜体: 未设置
    下划线: 未设置
    标准颜色: 未设置
  运行 5: ''
    字体: 未设置
    大小: 未设置
    粗体: 未设置
    斜体: 未设置
    下划线: 未设置
    标准颜色: 未设置
  运行 6: ''
    字体: 未设置
    大小: 未设置
    粗体: 未设置
    斜体: 未设置
    下划线: 未设置
    标准颜色: 未设置
  运行 7: ''
    字体: 未设置
    大小: 未设置
    粗体: 未设置
    斜体: 未设置
    下划线: 未设置
    标准颜色: 未设置
  运行 8: '1'
    字体: 未设置
    大小: 未设置
    粗体: 未设置
    斜体: 未设置
    下划线: 未设置
    标准颜色: 未设置
  运行 9: ''
    字体: 未设置
    大小: 未设置
    粗体: 未设置
    斜体: 未设置
    下划线: 未设置
    标准颜色: 未设置
  运行 10: '-'
    字体: 未设置
    大小: 未设置
    粗体: 未设置
    斜体: 未设置
    下划线: 未设置
    标准颜色: 未设置
  运行 11: ''
    字体: 未设置
    大小: 未设置
    粗体: 未设置
    斜体: 未设置
    下划线: 未设置
    标准颜色: 未设置
  运行 12: ''
    字体: 未设置
    大小: 未设置
    粗体: 未设置
    斜体: 未设置
    下划线: 未设置
    标准颜色: 未设置
  运行 13: ''
    字体: 未设置
    大小: 未设置
    粗体: 未设置
    斜体: 未设置
    下划线: 未设置
    标准颜色: 未设置
  运行 14: ''
    字体: 未设置
    大小: 未设置
    粗体: 未设置
    斜体: 未设置
    下划线: 未设置
    标准颜色: 未设置
  运行 15: ''
    字体: 未设置
    大小: 未设置
    粗体: 未设置
    斜体: 未设置
    下划线: 未设置
    标准颜色: 未设置
  运行 16: ''
    字体: 未设置
    大小: 未设置
    粗体: 未设置
    斜体: 未设置
    下划线: 未设置
    标准颜色: 未设置
  运行 17: ''
    字体: 未设置
    大小: 未设置
    粗体: 未设置
    斜体: 未设置
    下划线: 未设置
    标准颜色: 未设置
  运行 18: '1'
    字体: 未设置
    大小: 未设置
    粗体: 未设置
    斜体: 未设置
    下划线: 未设置
    标准颜色: 未设置
  运行 19: ''
    字体: 未设置
    大小: 未设置
    粗体: 未设置
    斜体: 未设置
    下划线: 未设置
    标准颜色: 未设置
  运行 20: '　'
    字体: 未设置
    大小: 未设置
    粗体: 未设置
    斜体: 未设置
    下划线: 未设置
    标准颜色: 未设置
  运行 21: '近年国内眼科'
    字体: 未设置
    大小: 未设置
    粗体: 未设置
    斜体: 未设置
    下划线: 未设置
    标准颜色: 未设置
  运行 22: '部分'
    字体: 未设置
    大小: 未设置
    粗体: 未设置
    斜体: 未设置
    下划线: 未设置
    标准颜色: 未设置
  运行 23: '重点政策'
    字体: 未设置
    大小: 未设置
    粗体: 未设置
    斜体: 未设置
    下划线: 未设置
    标准颜色: 未设置

段落 286:
文本内容: 资料来源：作者整理，公开资料，2024.
段落样式: 图表资料来源
从样式获取的格式:
  样式字体: 未设置
  样式字号: 114300
  样式字号(pt): 9.0
  样式颜色: 未设置
对齐方式: 未设置
左缩进: 未设置
右缩进: 未设置
首行缩进: 未设置
行间距: 未设置
从XML读取的格式:
  运行 1: '资料来源：'
    字体: 未设置
    大小: 未设置
    粗体: 未设置
    斜体: 未设置
    下划线: 未设置
    标准颜色: 未设置
  运行 2: '作者整理，'
    字体: 未设置
    大小: 未设置
    粗体: 未设置
    斜体: 未设置
    下划线: 未设置
    标准颜色: 未设置
  运行 3: '公开'
    字体: 未设置
    大小: 未设置
    粗体: 未设置
    斜体: 未设置
    下划线: 未设置
    标准颜色: 未设置
  运行 4: '资料，'
    字体: 未设置
    大小: 未设置
    粗体: 未设置
    斜体: 未设置
    下划线: 未设置
    标准颜色: 未设置
  运行 5: '20'
    字体: 未设置
    大小: 未设置
    粗体: 未设置
    斜体: 未设置
    下划线: 未设置
    标准颜色: 未设置
  运行 6: '2'
    字体: 未设置
    大小: 未设置
    粗体: 未设置
    斜体: 未设置
    下划线: 未设置
    标准颜色: 未设置
  运行 7: '4'
    字体: 未设置
    大小: 未设置
    粗体: 未设置
    斜体: 未设置
    下划线: 未设置
    标准颜色: 未设置
  运行 8: '.'
    字体: 未设置
    大小: 未设置
    粗体: 未设置
    斜体: 未设置
    下划线: 未设置
    标准颜色: 未设置

段落 288:
文本内容: 国内的医疗器械市场现状，正如廖道峰（2019）所描述的：当前国内大中型医院在医疗设备采购上，约有90%选择了进口设备。这一数据反映出国产医疗设备在市场竞争中所面临的严峻现实[]。在国内的眼科医疗器械市场，特别是中高端的眼科器械设备长期都被国外品牌垄断，在一定程度上导致眼科疾病的治疗费用持续处于高位，阻碍了眼科疾病治疗率的提升。前瞻产业研究院的数据分析显示，国内眼科医疗器械市场主要集中于几家大型的国际医疗器械企业，2020年进口品牌占据我国眼科医疗器械市场80%以上的份额。根据Frost & Sullivan的数据，2023年我国眼科医疗器械市场规模将超200亿元，这其中不包括隐形眼镜、角膜塑形镜等。在200亿的规模中，眼科诊断和治疗类设备占比最大，约50.3%左右，眼科耗材占比约为44.5%，眼科技术服务占比约为5.2%。
段落样式: 正文-缩进
从样式获取的格式:
  样式字体: 未设置
  样式字号: 未设置
  样式颜色: 未设置
对齐方式: 未设置
左缩进: 未设置
右缩进: 未设置
首行缩进: 未设置
行间距: 未设置
从XML读取的格式:
  运行 1: '国内的医疗器械市场'
    字体: 未设置
    大小: 未设置
    粗体: 未设置
    斜体: 未设置
    下划线: 未设置
    标准颜色: 未设置
  运行 2: '现状'
    字体: 未设置
    大小: 未设置
    粗体: 未设置
    斜体: 未设置
    下划线: 未设置
    标准颜色: 未设置
  运行 3: '，'
    字体: 未设置
    大小: 未设置
    粗体: 未设置
    斜体: 未设置
    下划线: 未设置
    标准颜色: 未设置
  运行 4: '正'
    字体: 未设置
    大小: 未设置
    粗体: 未设置
    斜体: 未设置
    下划线: 未设置
    标准颜色: 未设置
  运行 5: '如'
    字体: 未设置
    大小: 未设置
    粗体: 未设置
    斜体: 未设置
    下划线: 未设置
    标准颜色: 未设置
  运行 6: '廖道峰'
    字体: 未设置
    大小: 未设置
    粗体: 未设置
    斜体: 未设置
    下划线: 未设置
    标准颜色: 未设置
  运行 7: '（'
    字体: 未设置
    大小: 未设置
    粗体: 未设置
    斜体: 未设置
    下划线: 未设置
    标准颜色: 未设置
  运行 8: '2019'
    字体: 未设置
    大小: 未设置
    粗体: 未设置
    斜体: 未设置
    下划线: 未设置
    标准颜色: 未设置
  运行 9: '）'
    字体: 未设置
    大小: 未设置
    粗体: 未设置
    斜体: 未设置
    下划线: 未设置
    标准颜色: 未设置
  运行 10: '所'
    字体: 未设置
    大小: 未设置
    粗体: 未设置
    斜体: 未设置
    下划线: 未设置
    标准颜色: 未设置
  运行 11: '描述的'
    字体: 未设置
    大小: 未设置
    粗体: 未设置
    斜体: 未设置
    下划线: 未设置
    标准颜色: 未设置
  运行 12: '：当前国内大中型医院在医疗设备采购上，约有'
    字体: 未设置
    大小: 未设置
    粗体: 未设置
    斜体: 未设置
    下划线: 未设置
    标准颜色: 未设置
  运行 13: '90%'
    字体: 未设置
    大小: 未设置
    粗体: 未设置
    斜体: 未设置
    下划线: 未设置
    标准颜色: 未设置
  运行 14: '选择了进口设备。这一数据反映出国产医疗设备在市场竞争中所面临的严峻现实'
    字体: 未设置
    大小: 未设置
    粗体: 未设置
    斜体: 未设置
    下划线: 未设置
    标准颜色: 未设置
  运行 15: '['
    字体: 未设置
    大小: 未设置
    粗体: 未设置
    斜体: 未设置
    下划线: 未设置
    标准颜色: 未设置
  运行 16: ''
    字体: 未设置
    大小: 未设置
    粗体: 未设置
    斜体: 未设置
    下划线: 未设置
    标准颜色: 未设置
  运行 17: ']'
    字体: 未设置
    大小: 未设置
    粗体: 未设置
    斜体: 未设置
    下划线: 未设置
    标准颜色: 未设置
  运行 18: '。'
    字体: 未设置
    大小: 未设置
    粗体: 未设置
    斜体: 未设置
    下划线: 未设置
    标准颜色: 未设置
  运行 19: '在国内的眼科医疗器械市场，特别是中高端的眼科器械设备长期都被国外品牌垄断，在一定程度上导致眼科疾病的治疗费用持续处于高位，阻碍了眼科疾病治疗率的提升。前瞻产业研究院的数据分析显示，国内眼'
    字体: 未设置
    大小: 未设置
    粗体: 未设置
    斜体: 未设置
    下划线: 未设置
    标准颜色: 未设置
  运行 20: '科医疗器械市场主要集中于几家大型的国际医疗器械企业，'
    字体: 未设置
    大小: 未设置
    粗体: 未设置
    斜体: 未设置
    下划线: 未设置
    标准颜色: 未设置
  运行 21: '2'
    字体: 未设置
    大小: 未设置
    粗体: 未设置
    斜体: 未设置
    下划线: 未设置
    标准颜色: 未设置
  运行 22: '020'
    字体: 未设置
    大小: 未设置
    粗体: 未设置
    斜体: 未设置
    下划线: 未设置
    标准颜色: 未设置
  运行 23: '年进口品牌占据我国眼科医疗器械市场'
    字体: 未设置
    大小: 未设置
    粗体: 未设置
    斜体: 未设置
    下划线: 未设置
    标准颜色: 未设置
  运行 24: '8'
    字体: 未设置
    大小: 未设置
    粗体: 未设置
    斜体: 未设置
    下划线: 未设置
    标准颜色: 未设置
  运行 25: '0%'
    字体: 未设置
    大小: 未设置
    粗体: 未设置
    斜体: 未设置
    下划线: 未设置
    标准颜色: 未设置
  运行 26: '以上的份额。根据'
    字体: 未设置
    大小: 未设置
    粗体: 未设置
    斜体: 未设置
    下划线: 未设置
    标准颜色: 未设置
  运行 27: 'F'
    字体: 未设置
    大小: 未设置
    粗体: 未设置
    斜体: 未设置
    下划线: 未设置
    标准颜色: 未设置
  运行 28: 'rost'
    字体: 未设置
    大小: 未设置
    粗体: 未设置
    斜体: 未设置
    下划线: 未设置
    标准颜色: 未设置
  运行 29: ' & Sullivan'
    字体: 未设置
    大小: 未设置
    粗体: 未设置
    斜体: 未设置
    下划线: 未设置
    标准颜色: 未设置
  运行 30: '的数据，'
    字体: 未设置
    大小: 未设置
    粗体: 未设置
    斜体: 未设置
    下划线: 未设置
    标准颜色: 未设置
  运行 31: '2'
    字体: 未设置
    大小: 未设置
    粗体: 未设置
    斜体: 未设置
    下划线: 未设置
    标准颜色: 未设置
  运行 32: '023'
    字体: 未设置
    大小: 未设置
    粗体: 未设置
    斜体: 未设置
    下划线: 未设置
    标准颜色: 未设置
  运行 33: '年我国眼科医疗器械市场规模将超'
    字体: 未设置
    大小: 未设置
    粗体: 未设置
    斜体: 未设置
    下划线: 未设置
    标准颜色: 未设置
  运行 34: '2'
    字体: 未设置
    大小: 未设置
    粗体: 未设置
    斜体: 未设置
    下划线: 未设置
    标准颜色: 未设置
  运行 35: '00'
    字体: 未设置
    大小: 未设置
    粗体: 未设置
    斜体: 未设置
    下划线: 未设置
    标准颜色: 未设置
  运行 36: '亿元，这其中不包括隐形眼镜、角膜塑形镜'
    字体: 未设置
    大小: 未设置
    粗体: 未设置
    斜体: 未设置
    下划线: 未设置
    标准颜色: 未设置
  运行 37: ''
    字体: 未设置
    大小: 未设置
    粗体: 未设置
    斜体: 未设置
    下划线: 未设置
    标准颜色: 未设置
  运行 38: '等。在'
    字体: 未设置
    大小: 未设置
    粗体: 未设置
    斜体: 未设置
    下划线: 未设置
    标准颜色: 未设置
  运行 39: '2'
    字体: 未设置
    大小: 未设置
    粗体: 未设置
    斜体: 未设置
    下划线: 未设置
    标准颜色: 未设置
  运行 40: '00'
    字体: 未设置
    大小: 未设置
    粗体: 未设置
    斜体: 未设置
    下划线: 未设置
    标准颜色: 未设置
  运行 41: '亿的规模中，眼科诊断和治疗类设备占比最大，约'
    字体: 未设置
    大小: 未设置
    粗体: 未设置
    斜体: 未设置
    下划线: 未设置
    标准颜色: 未设置
  运行 42: '5'
    字体: 未设置
    大小: 未设置
    粗体: 未设置
    斜体: 未设置
    下划线: 未设置
    标准颜色: 未设置
  运行 43: '0.3%'
    字体: 未设置
    大小: 未设置
    粗体: 未设置
    斜体: 未设置
    下划线: 未设置
    标准颜色: 未设置
  运行 44: '左右，眼科耗材占比约为'
    字体: 未设置
    大小: 未设置
    粗体: 未设置
    斜体: 未设置
    下划线: 未设置
    标准颜色: 未设置
  运行 45: '4'
    字体: 未设置
    大小: 未设置
    粗体: 未设置
    斜体: 未设置
    下划线: 未设置
    标准颜色: 未设置
  运行 46: '4.5%'
    字体: 未设置
    大小: 未设置
    粗体: 未设置
    斜体: 未设置
    下划线: 未设置
    标准颜色: 未设置
  运行 47: '，眼科技术服务占比约为'
    字体: 未设置
    大小: 未设置
    粗体: 未设置
    斜体: 未设置
    下划线: 未设置
    标准颜色: 未设置
  运行 48: '5'
    字体: 未设置
    大小: 未设置
    粗体: 未设置
    斜体: 未设置
    下划线: 未设置
    标准颜色: 未设置
  运行 49: '.2%'
    字体: 未设置
    大小: 未设置
    粗体: 未设置
    斜体: 未设置
    下划线: 未设置
    标准颜色: 未设置
  运行 50: '。'
    字体: 未设置
    大小: 未设置
    粗体: 未设置
    斜体: 未设置
    下划线: 未设置
    标准颜色: 未设置

段落 289:
文本内容: 眼科医疗器械领域，作为国家政策、社会大众以及资本市场共同关注的焦点，正迎来新的发展机遇。高雅的文章《新医改背景下我国医疗器械行业发展的思考》于2022年发表，她在文中指出新一轮的医疗改革政策，使中国医疗器械产业迎来空前的发展机遇。但同时医疗器械行业面临诸多挑战，尤其是医疗设备的快速更新换代和医疗服务的快速发展，使得许多医院目前的医疗器械设备无法满足医疗服务需求，急需更新迭代。对于医疗器械的经销商来说，这些需求预示着一个巨大的发展机会[]。
段落样式: 正文-缩进
从样式获取的格式:
  样式字体: 未设置
  样式字号: 未设置
  样式颜色: 未设置
对齐方式: 未设置
左缩进: 未设置
右缩进: 未设置
首行缩进: 未设置
行间距: 未设置
从XML读取的格式:
  运行 1: '眼科医疗器械领域，作为国家政策、社会大众以及资本市场共同关注的焦点，正迎来新的发展机遇。'
    字体: 未设置
    大小: 未设置
    粗体: 未设置
    斜体: 未设置
    下划线: 未设置
    标准颜色: 未设置
  运行 2: '高雅的文章'
    字体: 未设置
    大小: 未设置
    粗体: 未设置
    斜体: 未设置
    下划线: 未设置
    标准颜色: 未设置
  运行 3: '《新医改背景下我国医疗器械行业发展的思考》'
    字体: 未设置
    大小: 未设置
    粗体: 未设置
    斜体: 未设置
    下划线: 未设置
    标准颜色: 未设置
  运行 4: '于'
    字体: 未设置
    大小: 未设置
    粗体: 未设置
    斜体: 未设置
    下划线: 未设置
    标准颜色: 未设置
  运行 5: '2022'
    字体: 未设置
    大小: 未设置
    粗体: 未设置
    斜体: 未设置
    下划线: 未设置
    标准颜色: 未设置
  运行 6: '年发表'
    字体: 未设置
    大小: 未设置
    粗体: 未设置
    斜体: 未设置
    下划线: 未设置
    标准颜色: 未设置
  运行 7: '，'
    字体: 未设置
    大小: 未设置
    粗体: 未设置
    斜体: 未设置
    下划线: 未设置
    标准颜色: 未设置
  运行 8: '她'
    字体: 未设置
    大小: 未设置
    粗体: 未设置
    斜体: 未设置
    下划线: 未设置
    标准颜色: 未设置
  运行 9: '在文中'
    字体: 未设置
    大小: 未设置
    粗体: 未设置
    斜体: 未设置
    下划线: 未设置
    标准颜色: 未设置
  运行 10: '指出新一轮'
    字体: 未设置
    大小: 未设置
    粗体: 未设置
    斜体: 未设置
    下划线: 未设置
    标准颜色: 未设置
  运行 11: '的'
    字体: 未设置
    大小: 未设置
    粗体: 未设置
    斜体: 未设置
    下划线: 未设置
    标准颜色: 未设置
  运行 12: '医疗改革政策'
    字体: 未设置
    大小: 未设置
    粗体: 未设置
    斜体: 未设置
    下划线: 未设置
    标准颜色: 未设置
  运行 13: '，使'
    字体: 未设置
    大小: 未设置
    粗体: 未设置
    斜体: 未设置
    下划线: 未设置
    标准颜色: 未设置
  运行 14: '中国医疗器械产业迎来空前的发展机遇。'
    字体: 未设置
    大小: 未设置
    粗体: 未设置
    斜体: 未设置
    下划线: 未设置
    标准颜色: 未设置
  运行 15: '但'
    字体: 未设置
    大小: 未设置
    粗体: 未设置
    斜体: 未设置
    下划线: 未设置
    标准颜色: 未设置
  运行 16: '同时医疗器械'
    字体: 未设置
    大小: 未设置
    粗体: 未设置
    斜体: 未设置
    下划线: 未设置
    标准颜色: 未设置
  运行 17: '行业'
    字体: 未设置
    大小: 未设置
    粗体: 未设置
    斜体: 未设置
    下划线: 未设置
    标准颜色: 未设置
  运行 18: '面临诸多挑战'
    字体: 未设置
    大小: 未设置
    粗体: 未设置
    斜体: 未设置
    下划线: 未设置
    标准颜色: 未设置
  运行 19: '，尤其是医疗设备的快速更新换代'
    字体: 未设置
    大小: 未设置
    粗体: 未设置
    斜体: 未设置
    下划线: 未设置
    标准颜色: 未设置
  运行 20: '和医疗服务的快速发展，使得许多'
    字体: 未设置
    大小: 未设置
    粗体: 未设置
    斜体: 未设置
    下划线: 未设置
    标准颜色: 未设置
  运行 21: '医院'
    字体: 未设置
    大小: 未设置
    粗体: 未设置
    斜体: 未设置
    下划线: 未设置
    标准颜色: 未设置
  运行 22: '目前的医疗'
    字体: 未设置
    大小: 未设置
    粗体: 未设置
    斜体: 未设置
    下划线: 未设置
    标准颜色: 未设置
  运行 23: '器械设备'
    字体: 未设置
    大小: 未设置
    粗体: 未设置
    斜体: 未设置
    下划线: 未设置
    标准颜色: 未设置
  运行 24: '无法满足医疗服务需求'
    字体: 未设置
    大小: 未设置
    粗体: 未设置
    斜体: 未设置
    下划线: 未设置
    标准颜色: 未设置
  运行 25: '，'
    字体: 未设置
    大小: 未设置
    粗体: 未设置
    斜体: 未设置
    下划线: 未设置
    标准颜色: 未设置
  运行 26: '急需更新迭代。'
    字体: 未设置
    大小: 未设置
    粗体: 未设置
    斜体: 未设置
    下划线: 未设置
    标准颜色: 未设置
  运行 27: '对于医疗器械的经销商来说，'
    字体: 未设置
    大小: 未设置
    粗体: 未设置
    斜体: 未设置
    下划线: 未设置
    标准颜色: 未设置
  运行 28: '这些需求'
    字体: 未设置
    大小: 未设置
    粗体: 未设置
    斜体: 未设置
    下划线: 未设置
    标准颜色: 未设置
  运行 29: '预示着一个'
    字体: 未设置
    大小: 未设置
    粗体: 未设置
    斜体: 未设置
    下划线: 未设置
    标准颜色: 未设置
  运行 30: '巨大'
    字体: 未设置
    大小: 未设置
    粗体: 未设置
    斜体: 未设置
    下划线: 未设置
    标准颜色: 未设置
  运行 31: '的'
    字体: 未设置
    大小: 未设置
    粗体: 未设置
    斜体: 未设置
    下划线: 未设置
    标准颜色: 未设置
  运行 32: '发展'
    字体: 未设置
    大小: 未设置
    粗体: 未设置
    斜体: 未设置
    下划线: 未设置
    标准颜色: 未设置
  运行 33: '机会'
    字体: 未设置
    大小: 未设置
    粗体: 未设置
    斜体: 未设置
    下划线: 未设置
    标准颜色: 未设置
  运行 34: '['
    字体: 未设置
    大小: 未设置
    粗体: 未设置
    斜体: 未设置
    下划线: 未设置
    标准颜色: 未设置
  运行 35: ''
    字体: 未设置
    大小: 未设置
    粗体: 未设置
    斜体: 未设置
    下划线: 未设置
    标准颜色: 未设置
  运行 36: ']'
    字体: 未设置
    大小: 未设置
    粗体: 未设置
    斜体: 未设置
    下划线: 未设置
    标准颜色: 未设置
  运行 37: '。'
    字体: 未设置
    大小: 未设置
    粗体: 未设置
    斜体: 未设置
    下划线: 未设置
    标准颜色: 未设置

段落 290:
文本内容: 国家在加强眼科政策扶持的同时，也在出台新政策，如《政府采购进口产品审核指导标准》（2021年版），明确规定政府采购眼科设备时必须有一定比例的国产设备。这些政策促进了国产创新企业的崛起和国产替代产品的加速研发。2015年至2022年间，约46%的融资事件集中在眼科器械研发领域，显示了风险投资和私募股权对眼科医疗器械行业的关注和支持。资本的注入正推动着眼科医疗器械行业的创新和成长，同时也预示着市场将面临更加激烈的竞争。
段落样式: 正文-缩进
从样式获取的格式:
  样式字体: 未设置
  样式字号: 未设置
  样式颜色: 未设置
对齐方式: 未设置
左缩进: 未设置
右缩进: 未设置
首行缩进: 未设置
行间距: 未设置
从XML读取的格式:
  运行 1: '国家在加强眼科政策扶持的同时，也在出台新政策，如《政府采购进口产品审核指导标准》'
    字体: 未设置
    大小: 未设置
    粗体: 未设置
    斜体: 未设置
    下划线: 未设置
    标准颜色: 未设置
  运行 2: '（'
    字体: 未设置
    大小: 未设置
    粗体: 未设置
    斜体: 未设置
    下划线: 未设置
    标准颜色: 未设置
  运行 3: '2021'
    字体: 未设置
    大小: 未设置
    粗体: 未设置
    斜体: 未设置
    下划线: 未设置
    标准颜色: 未设置
  运行 4: '年版'
    字体: 未设置
    大小: 未设置
    粗体: 未设置
    斜体: 未设置
    下划线: 未设置
    标准颜色: 未设置
  运行 5: '）'
    字体: 未设置
    大小: 未设置
    粗体: 未设置
    斜体: 未设置
    下划线: 未设置
    标准颜色: 未设置
  运行 6: '，明确规定政府采购眼科设备时必须有一定比例的国产设备。这些政策促进了国产创新企业的崛起和国产替代产品'
    字体: 未设置
    大小: 未设置
    粗体: 未设置
    斜体: 未设置
    下划线: 未设置
    标准颜色: 未设置
  运行 7: '的加速'
    字体: 未设置
    大小: 未设置
    粗体: 未设置
    斜体: 未设置
    下划线: 未设置
    标准颜色: 未设置
  运行 8: '研发。'
    字体: 未设置
    大小: 未设置
    粗体: 未设置
    斜体: 未设置
    下划线: 未设置
    标准颜色: 未设置
  运行 9: '2015'
    字体: 未设置
    大小: 未设置
    粗体: 未设置
    斜体: 未设置
    下划线: 未设置
    标准颜色: 未设置
  运行 10: '年至'
    字体: 未设置
    大小: 未设置
    粗体: 未设置
    斜体: 未设置
    下划线: 未设置
    标准颜色: 未设置
  运行 11: '2022'
    字体: 未设置
    大小: 未设置
    粗体: 未设置
    斜体: 未设置
    下划线: 未设置
    标准颜色: 未设置
  运行 12: '年间，约'
    字体: 未设置
    大小: 未设置
    粗体: 未设置
    斜体: 未设置
    下划线: 未设置
    标准颜色: 未设置
  运行 13: '46%'
    字体: 未设置
    大小: 未设置
    粗体: 未设置
    斜体: 未设置
    下划线: 未设置
    标准颜色: 未设置
  运行 14: '的融资事件集中在眼科器械研发领域，显示了风险投资和私募股权对眼科医疗器械行业的关注和支持。资本的注入正推动着眼科医疗器械行业的创新和成长，同时也预示着市场将面临更加激烈的竞争'
    字体: 未设置
    大小: 未设置
    粗体: 未设置
    斜体: 未设置
    下划线: 未设置
    标准颜色: 未设置
  运行 15: '。'
    字体: 未设置
    大小: 未设置
    粗体: 未设置
    斜体: 未设置
    下划线: 未设置
    标准颜色: 未设置

段落 291:
文本内容: 研究目的与意义
段落样式: Heading 2
从样式获取的格式:
  样式字体: 未设置
  样式字号: 177800
  样式字号(pt): 14.0
  样式颜色: 未设置
对齐方式: 未设置
左缩进: 未设置
右缩进: 未设置
首行缩进: 未设置
行间距: 未设置
从XML读取的格式:
  运行 1: '研究目的与意义'
    字体: 未设置
    大小: 未设置
    粗体: 未设置
    斜体: 未设置
    下划线: 未设置
    标准颜色: 未设置
  运行 2: ''
    字体: 未设置
    大小: 未设置
    粗体: 未设置
    斜体: 未设置
    下划线: 未设置
    标准颜色: 未设置
  运行 3: ''
    字体: 未设置
    大小: 未设置
    粗体: 未设置
    斜体: 未设置
    下划线: 未设置
    标准颜色: 未设置
  运行 4: ''
    字体: 未设置
    大小: 未设置
    粗体: 未设置
    斜体: 未设置
    下划线: 未设置
    标准颜色: 未设置
  运行 5: ''
    字体: 未设置
    大小: 未设置
    粗体: 未设置
    斜体: 未设置
    下划线: 未设置
    标准颜色: 未设置
  运行 6: ''
    字体: 未设置
    大小: 未设置
    粗体: 未设置
    斜体: 未设置
    下划线: 未设置
    标准颜色: 未设置
  运行 7: ''
    字体: 未设置
    大小: 未设置
    粗体: 未设置
    斜体: 未设置
    下划线: 未设置
    标准颜色: 未设置
  运行 8: ''
    字体: 未设置
    大小: 未设置
    粗体: 未设置
    斜体: 未设置
    下划线: 未设置
    标准颜色: 未设置
  运行 9: ''
    字体: 未设置
    大小: 未设置
    粗体: 未设置
    斜体: 未设置
    下划线: 未设置
    标准颜色: 未设置
  运行 10: ''
    字体: 未设置
    大小: 未设置
    粗体: 未设置
    斜体: 未设置
    下划线: 未设置
    标准颜色: 未设置
  运行 11: ''
    字体: 未设置
    大小: 未设置
    粗体: 未设置
    斜体: 未设置
    下划线: 未设置
    标准颜色: 未设置
  运行 12: ''
    字体: 未设置
    大小: 未设置
    粗体: 未设置
    斜体: 未设置
    下划线: 未设置
    标准颜色: 未设置
  运行 13: ''
    字体: 未设置
    大小: 未设置
    粗体: 未设置
    斜体: 未设置
    下划线: 未设置
    标准颜色: 未设置
  运行 14: ''
    字体: 未设置
    大小: 未设置
    粗体: 未设置
    斜体: 未设置
    下划线: 未设置
    标准颜色: 未设置
  运行 15: ''
    字体: 未设置
    大小: 未设置
    粗体: 未设置
    斜体: 未设置
    下划线: 未设置
    标准颜色: 未设置
  运行 16: ''
    字体: 未设置
    大小: 未设置
    粗体: 未设置
    斜体: 未设置
    下划线: 未设置
    标准颜色: 未设置
  运行 17: ''
    字体: 未设置
    大小: 未设置
    粗体: 未设置
    斜体: 未设置
    下划线: 未设置
    标准颜色: 未设置
  运行 18: ''
    字体: 未设置
    大小: 未设置
    粗体: 未设置
    斜体: 未设置
    下划线: 未设置
    标准颜色: 未设置
  运行 19: ''
    字体: 未设置
    大小: 未设置
    粗体: 未设置
    斜体: 未设置
    下划线: 未设置
    标准颜色: 未设置
  运行 20: ''
    字体: 未设置
    大小: 未设置
    粗体: 未设置
    斜体: 未设置
    下划线: 未设置
    标准颜色: 未设置
  运行 21: ''
    字体: 未设置
    大小: 未设置
    粗体: 未设置
    斜体: 未设置
    下划线: 未设置
    标准颜色: 未设置
  运行 22: ''
    字体: 未设置
    大小: 未设置
    粗体: 未设置
    斜体: 未设置
    下划线: 未设置
    标准颜色: 未设置
  运行 23: ''
    字体: 未设置
    大小: 未设置
    粗体: 未设置
    斜体: 未设置
    下划线: 未设置
    标准颜色: 未设置
  运行 24: ''
    字体: 未设置
    大小: 未设置
    粗体: 未设置
    斜体: 未设置
    下划线: 未设置
    标准颜色: 未设置
  运行 25: ''
    字体: 未设置
    大小: 未设置
    粗体: 未设置
    斜体: 未设置
    下划线: 未设置
    标准颜色: 未设置
  运行 26: ''
    字体: 未设置
    大小: 未设置
    粗体: 未设置
    斜体: 未设置
    下划线: 未设置
    标准颜色: 未设置
  运行 27: ''
    字体: 未设置
    大小: 未设置
    粗体: 未设置
    斜体: 未设置
    下划线: 未设置
    标准颜色: 未设置
  运行 28: ''
    字体: 未设置
    大小: 未设置
    粗体: 未设置
    斜体: 未设置
    下划线: 未设置
    标准颜色: 未设置
  运行 29: ''
    字体: 未设置
    大小: 未设置
    粗体: 未设置
    斜体: 未设置
    下划线: 未设置
    标准颜色: 未设置

段落 292:
文本内容: 研究目的
段落样式: Heading 3
从样式获取的格式:
  样式字体: 未设置
  样式字号: 未设置
  样式颜色: 未设置
对齐方式: 未设置
左缩进: 未设置
右缩进: 未设置
首行缩进: 未设置
行间距: 未设置
从XML读取的格式:
  运行 1: '研究目的'
    字体: 未设置
    大小: 未设置
    粗体: 未设置
    斜体: 未设置
    下划线: 未设置
    标准颜色: 未设置
  运行 2: ''
    字体: 未设置
    大小: 未设置
    粗体: 未设置
    斜体: 未设置
    下划线: 未设置
    标准颜色: 未设置
  运行 3: ''
    字体: 未设置
    大小: 未设置
    粗体: 未设置
    斜体: 未设置
    下划线: 未设置
    标准颜色: 未设置
  运行 4: ''
    字体: 未设置
    大小: 未设置
    粗体: 未设置
    斜体: 未设置
    下划线: 未设置
    标准颜色: 未设置
  运行 5: ''
    字体: 未设置
    大小: 未设置
    粗体: 未设置
    斜体: 未设置
    下划线: 未设置
    标准颜色: 未设置
  运行 6: ''
    字体: 未设置
    大小: 未设置
    粗体: 未设置
    斜体: 未设置
    下划线: 未设置
    标准颜色: 未设置
  运行 7: ''
    字体: 未设置
    大小: 未设置
    粗体: 未设置
    斜体: 未设置
    下划线: 未设置
    标准颜色: 未设置
  运行 8: ''
    字体: 未设置
    大小: 未设置
    粗体: 未设置
    斜体: 未设置
    下划线: 未设置
    标准颜色: 未设置
  运行 9: ''
    字体: 未设置
    大小: 未设置
    粗体: 未设置
    斜体: 未设置
    下划线: 未设置
    标准颜色: 未设置
  运行 10: ''
    字体: 未设置
    大小: 未设置
    粗体: 未设置
    斜体: 未设置
    下划线: 未设置
    标准颜色: 未设置

段落 293:
文本内容: 本文选择Y公司为研究对象，该公司成立于2015年12月，是尼德克眼科产品公司的授权代理商，主要负责中国华南地区，主要包括广东省、广西壮族自治区、福建省、湖南省及海南省等地区销售和服务。在此区域内，Y公司可以向医疗机构（医院或眼科诊所、验配中心）使用尼德克商标销售尼德克公司的产品。同时尼德克公司许可Y公司向尼德克产品的用户进行产品培训及提供售后服务（保修期内及期满后）。Y公司本身不具备生产和研发能力，公司主要靠代理尼德克公司产品在授权区域内销售获取利润，但最近几年增长放缓，现有的市场营销策略方案已经跟不上公司的发展，若没有及时调整市场营销策略恐会被市场淘汰出局。本文的研究通过综合运用营销策略相关理论，基于我国眼科器械发展的行业大环境，系统全面地分析Y医疗器械公司目前的经营状况，找寻并发掘公司市场营销过程中遇到的核心问题，结合现状给出合适的市场营销策略建议及保障措施。
段落样式: 正文-缩进
从样式获取的格式:
  样式字体: 未设置
  样式字号: 未设置
  样式颜色: 未设置
对齐方式: 未设置
左缩进: 未设置
右缩进: 未设置
首行缩进: 未设置
行间距: 未设置
从XML读取的格式:
  运行 1: '本文选择'
    字体: 未设置
    大小: 未设置
    粗体: 未设置
    斜体: 未设置
    下划线: 未设置
    标准颜色: 未设置
  运行 2: 'Y'
    字体: 未设置
    大小: 未设置
    粗体: 未设置
    斜体: 未设置
    下划线: 未设置
    标准颜色: 未设置
  运行 3: '公司'
    字体: 未设置
    大小: 未设置
    粗体: 未设置
    斜体: 未设置
    下划线: 未设置
    标准颜色: 未设置
  运行 4: '为研究对象，该公司'
    字体: 未设置
    大小: 未设置
    粗体: 未设置
    斜体: 未设置
    下划线: 未设置
    标准颜色: 未设置
  运行 5: '成立于'
    字体: 未设置
    大小: 未设置
    粗体: 未设置
    斜体: 未设置
    下划线: 未设置
    标准颜色: 未设置
  运行 6: '2015'
    字体: 未设置
    大小: 未设置
    粗体: 未设置
    斜体: 未设置
    下划线: 未设置
    标准颜色: 未设置
  运行 7: '年'
    字体: 未设置
    大小: 未设置
    粗体: 未设置
    斜体: 未设置
    下划线: 未设置
    标准颜色: 未设置
  运行 8: '12'
    字体: 未设置
    大小: 未设置
    粗体: 未设置
    斜体: 未设置
    下划线: 未设置
    标准颜色: 未设置
  运行 9: '月，是'
    字体: 未设置
    大小: 未设置
    粗体: 未设置
    斜体: 未设置
    下划线: 未设置
    标准颜色: 未设置
  运行 10: '尼德克'
    字体: 未设置
    大小: 未设置
    粗体: 未设置
    斜体: 未设置
    下划线: 未设置
    标准颜色: 未设置
  运行 11: '眼科产品'
    字体: 未设置
    大小: 未设置
    粗体: 未设置
    斜体: 未设置
    下划线: 未设置
    标准颜色: 未设置
  运行 12: '公司的'
    字体: 未设置
    大小: 未设置
    粗体: 未设置
    斜体: 未设置
    下划线: 未设置
    标准颜色: 未设置
  运行 13: '授权代理商'
    字体: 未设置
    大小: 未设置
    粗体: 未设置
    斜体: 未设置
    下划线: 未设置
    标准颜色: 未设置
  运行 14: '，'
    字体: 未设置
    大小: 未设置
    粗体: 未设置
    斜体: 未设置
    下划线: 未设置
    标准颜色: 未设置
  运行 15: '主要负责'
    字体: 未设置
    大小: 未设置
    粗体: 未设置
    斜体: 未设置
    下划线: 未设置
    标准颜色: 未设置
  运行 16: '中国华南地区，主要包括广东省、广西壮族自治区、福建省、湖南省及海南省等地区'
    字体: 未设置
    大小: 未设置
    粗体: 未设置
    斜体: 未设置
    下划线: 未设置
    标准颜色: 未设置
  运行 17: '销售和服务'
    字体: 未设置
    大小: 未设置
    粗体: 未设置
    斜体: 未设置
    下划线: 未设置
    标准颜色: 未设置
  运行 18: '。在此区域内，'
    字体: 未设置
    大小: 未设置
    粗体: 未设置
    斜体: 未设置
    下划线: 未设置
    标准颜色: 未设置
  运行 19: 'Y'
    字体: 未设置
    大小: 未设置
    粗体: 未设置
    斜体: 未设置
    下划线: 未设置
    标准颜色: 未设置
  运行 20: '公司可以向医疗机构'
    字体: 未设置
    大小: 未设置
    粗体: 未设置
    斜体: 未设置
    下划线: 未设置
    标准颜色: 未设置
  运行 21: '（'
    字体: 未设置
    大小: 未设置
    粗体: 未设置
    斜体: 未设置
    下划线: 未设置
    标准颜色: 未设置
  运行 22: '医院或眼科诊所、验配中心'
    字体: 未设置
    大小: 未设置
    粗体: 未设置
    斜体: 未设置
    下划线: 未设置
    标准颜色: 未设置
  运行 23: '）'
    字体: 未设置
    大小: 未设置
    粗体: 未设置
    斜体: 未设置
    下划线: 未设置
    标准颜色: 未设置
  运行 24: '使用'
    字体: 未设置
    大小: 未设置
    粗体: 未设置
    斜体: 未设置
    下划线: 未设置
    标准颜色: 未设置
  运行 25: '尼德克'
    字体: 未设置
    大小: 未设置
    粗体: 未设置
    斜体: 未设置
    下划线: 未设置
    标准颜色: 未设置
  运行 26: '商标销售'
    字体: 未设置
    大小: 未设置
    粗体: 未设置
    斜体: 未设置
    下划线: 未设置
    标准颜色: 未设置
  运行 27: '尼德克'
    字体: 未设置
    大小: 未设置
    粗体: 未设置
    斜体: 未设置
    下划线: 未设置
    标准颜色: 未设置
  运行 28: '公司的产品。同时'
    字体: 未设置
    大小: 未设置
    粗体: 未设置
    斜体: 未设置
    下划线: 未设置
    标准颜色: 未设置
  运行 29: '尼德克'
    字体: 未设置
    大小: 未设置
    粗体: 未设置
    斜体: 未设置
    下划线: 未设置
    标准颜色: 未设置
  运行 30: '公司许可'
    字体: 未设置
    大小: 未设置
    粗体: 未设置
    斜体: 未设置
    下划线: 未设置
    标准颜色: 未设置
  运行 31: 'Y'
    字体: 未设置
    大小: 未设置
    粗体: 未设置
    斜体: 未设置
    下划线: 未设置
    标准颜色: 未设置
  运行 32: '公司向'
    字体: 未设置
    大小: 未设置
    粗体: 未设置
    斜体: 未设置
    下划线: 未设置
    标准颜色: 未设置
  运行 33: '尼德克'
    字体: 未设置
    大小: 未设置
    粗体: 未设置
    斜体: 未设置
    下划线: 未设置
    标准颜色: 未设置
  运行 34: '产品的用户进行产品培训及提供售后服务'
    字体: 未设置
    大小: 未设置
    粗体: 未设置
    斜体: 未设置
    下划线: 未设置
    标准颜色: 未设置
  运行 35: '（'
    字体: 未设置
    大小: 未设置
    粗体: 未设置
    斜体: 未设置
    下划线: 未设置
    标准颜色: 未设置
  运行 36: '保修期内及'
    字体: 未设置
    大小: 未设置
    粗体: 未设置
    斜体: 未设置
    下划线: 未设置
    标准颜色: 未设置
  运行 37: '期满后'
    字体: 未设置
    大小: 未设置
    粗体: 未设置
    斜体: 未设置
    下划线: 未设置
    标准颜色: 未设置
  运行 38: '）'
    字体: 未设置
    大小: 未设置
    粗体: 未设置
    斜体: 未设置
    下划线: 未设置
    标准颜色: 未设置
  运行 39: '。'
    字体: 未设置
    大小: 未设置
    粗体: 未设置
    斜体: 未设置
    下划线: 未设置
    标准颜色: 未设置
  运行 40: 'Y'
    字体: 未设置
    大小: 未设置
    粗体: 未设置
    斜体: 未设置
    下划线: 未设置
    标准颜色: 未设置
  运行 41: '公司本身不具备生产和研发能力，公司主要'
    字体: 未设置
    大小: 未设置
    粗体: 未设置
    斜体: 未设置
    下划线: 未设置
    标准颜色: 未设置
  运行 42: '靠'
    字体: 未设置
    大小: 未设置
    粗体: 未设置
    斜体: 未设置
    下划线: 未设置
    标准颜色: 未设置
  运行 43: '代理'
    字体: 未设置
    大小: 未设置
    粗体: 未设置
    斜体: 未设置
    下划线: 未设置
    标准颜色: 未设置
  运行 44: '尼德克'
    字体: 未设置
    大小: 未设置
    粗体: 未设置
    斜体: 未设置
    下划线: 未设置
    标准颜色: 未设置
  运行 45: '公司产品在授权区域内销售获取利润，但'
    字体: 未设置
    大小: 未设置
    粗体: 未设置
    斜体: 未设置
    下划线: 未设置
    标准颜色: 未设置
  运行 46: '最'
    字体: 未设置
    大小: 未设置
    粗体: 未设置
    斜体: 未设置
    下划线: 未设置
    标准颜色: 未设置
  运行 47: '近几年增长放缓，现有的市场营销策略方案已经'
    字体: 未设置
    大小: 未设置
    粗体: 未设置
    斜体: 未设置
    下划线: 未设置
    标准颜色: 未设置
  运行 48: '跟不上公司的发展，若没有及时调整市场营销策略恐会被市场淘汰出局。本文'
    字体: 未设置
    大小: 未设置
    粗体: 未设置
    斜体: 未设置
    下划线: 未设置
    标准颜色: 未设置
  运行 49: '的'
    字体: 未设置
    大小: 未设置
    粗体: 未设置
    斜体: 未设置
    下划线: 未设置
    标准颜色: 未设置
  运行 50: '研究'
    字体: 未设置
    大小: 未设置
    粗体: 未设置
    斜体: 未设置
    下划线: 未设置
    标准颜色: 未设置
  运行 51: '通过综合'
    字体: 未设置
    大小: 未设置
    粗体: 未设置
    斜体: 未设置
    下划线: 未设置
    标准颜色: 未设置
  运行 52: '运用营销'
    字体: 未设置
    大小: 未设置
    粗体: 未设置
    斜体: 未设置
    下划线: 未设置
    标准颜色: 未设置
  运行 53: '策略'
    字体: 未设置
    大小: 未设置
    粗体: 未设置
    斜体: 未设置
    下划线: 未设置
    标准颜色: 未设置
  运行 54: '相关理论，'
    字体: 未设置
    大小: 未设置
    粗体: 未设置
    斜体: 未设置
    下划线: 未设置
    标准颜色: 未设置
  运行 55: '基于'
    字体: 未设置
    大小: 未设置
    粗体: 未设置
    斜体: 未设置
    下划线: 未设置
    标准颜色: 未设置
  运行 56: '我国眼科器械发展的行业大环境，系统'
    字体: 未设置
    大小: 未设置
    粗体: 未设置
    斜体: 未设置
    下划线: 未设置
    标准颜色: 未设置
  运行 57: '全面'
    字体: 未设置
    大小: 未设置
    粗体: 未设置
    斜体: 未设置
    下划线: 未设置
    标准颜色: 未设置
  运行 58: '地'
    字体: 未设置
    大小: 未设置
    粗体: 未设置
    斜体: 未设置
    下划线: 未设置
    标准颜色: 未设置
  运行 59: '分析'
    字体: 未设置
    大小: 未设置
    粗体: 未设置
    斜体: 未设置
    下划线: 未设置
    标准颜色: 未设置
  运行 60: 'Y'
    字体: 未设置
    大小: 未设置
    粗体: 未设置
    斜体: 未设置
    下划线: 未设置
    标准颜色: 未设置
  运行 61: '医疗器械'
    字体: 未设置
    大小: 未设置
    粗体: 未设置
    斜体: 未设置
    下划线: 未设置
    标准颜色: 未设置
  运行 62: '公司目前的'
    字体: 未设置
    大小: 未设置
    粗体: 未设置
    斜体: 未设置
    下划线: 未设置
    标准颜色: 未设置
  运行 63: '经营状况'
    字体: 未设置
    大小: 未设置
    粗体: 未设置
    斜体: 未设置
    下划线: 未设置
    标准颜色: 未设置
  运行 64: '，找寻并发掘公司市场营销过程中遇到的'
    字体: 未设置
    大小: 未设置
    粗体: 未设置
    斜体: 未设置
    下划线: 未设置
    标准颜色: 未设置
  运行 65: '核心'
    字体: 未设置
    大小: 未设置
    粗体: 未设置
    斜体: 未设置
    下划线: 未设置
    标准颜色: 未设置
  运行 66: '问题，结合现状给出合适的市场营销策略建议及保障措施。'
    字体: 未设置
    大小: 未设置
    粗体: 未设置
    斜体: 未设置
    下划线: 未设置
    标准颜色: 未设置

段落 294:
文本内容: 研究意义
段落样式: Heading 3
从样式获取的格式:
  样式字体: 未设置
  样式字号: 未设置
  样式颜色: 未设置
对齐方式: 未设置
左缩进: 未设置
右缩进: 未设置
首行缩进: 未设置
行间距: 未设置
从XML读取的格式:
  运行 1: '研究意义'
    字体: 未设置
    大小: 未设置
    粗体: 未设置
    斜体: 未设置
    下划线: 未设置
    标准颜色: 未设置
  运行 2: ''
    字体: 未设置
    大小: 未设置
    粗体: 未设置
    斜体: 未设置
    下划线: 未设置
    标准颜色: 未设置
  运行 3: ''
    字体: 未设置
    大小: 未设置
    粗体: 未设置
    斜体: 未设置
    下划线: 未设置
    标准颜色: 未设置
  运行 4: ''
    字体: 未设置
    大小: 未设置
    粗体: 未设置
    斜体: 未设置
    下划线: 未设置
    标准颜色: 未设置
  运行 5: ''
    字体: 未设置
    大小: 未设置
    粗体: 未设置
    斜体: 未设置
    下划线: 未设置
    标准颜色: 未设置
  运行 6: ''
    字体: 未设置
    大小: 未设置
    粗体: 未设置
    斜体: 未设置
    下划线: 未设置
    标准颜色: 未设置
  运行 7: ''
    字体: 未设置
    大小: 未设置
    粗体: 未设置
    斜体: 未设置
    下划线: 未设置
    标准颜色: 未设置
  运行 8: ''
    字体: 未设置
    大小: 未设置
    粗体: 未设置
    斜体: 未设置
    下划线: 未设置
    标准颜色: 未设置
  运行 9: ''
    字体: 未设置
    大小: 未设置
    粗体: 未设置
    斜体: 未设置
    下划线: 未设置
    标准颜色: 未设置
  运行 10: ''
    字体: 未设置
    大小: 未设置
    粗体: 未设置
    斜体: 未设置
    下划线: 未设置
    标准颜色: 未设置
  运行 11: ''
    字体: 未设置
    大小: 未设置
    粗体: 未设置
    斜体: 未设置
    下划线: 未设置
    标准颜色: 未设置
  运行 12: ''
    字体: 未设置
    大小: 未设置
    粗体: 未设置
    斜体: 未设置
    下划线: 未设置
    标准颜色: 未设置
  运行 13: ''
    字体: 未设置
    大小: 未设置
    粗体: 未设置
    斜体: 未设置
    下划线: 未设置
    标准颜色: 未设置
  运行 14: ''
    字体: 未设置
    大小: 未设置
    粗体: 未设置
    斜体: 未设置
    下划线: 未设置
    标准颜色: 未设置
  运行 15: ''
    字体: 未设置
    大小: 未设置
    粗体: 未设置
    斜体: 未设置
    下划线: 未设置
    标准颜色: 未设置
  运行 16: ''
    字体: 未设置
    大小: 未设置
    粗体: 未设置
    斜体: 未设置
    下划线: 未设置
    标准颜色: 未设置
  运行 17: ''
    字体: 未设置
    大小: 未设置
    粗体: 未设置
    斜体: 未设置
    下划线: 未设置
    标准颜色: 未设置
  运行 18: ''
    字体: 未设置
    大小: 未设置
    粗体: 未设置
    斜体: 未设置
    下划线: 未设置
    标准颜色: 未设置
  运行 19: ''
    字体: 未设置
    大小: 未设置
    粗体: 未设置
    斜体: 未设置
    下划线: 未设置
    标准颜色: 未设置
  运行 20: ''
    字体: 未设置
    大小: 未设置
    粗体: 未设置
    斜体: 未设置
    下划线: 未设置
    标准颜色: 未设置
  运行 21: ''
    字体: 未设置
    大小: 未设置
    粗体: 未设置
    斜体: 未设置
    下划线: 未设置
    标准颜色: 未设置
  运行 22: ''
    字体: 未设置
    大小: 未设置
    粗体: 未设置
    斜体: 未设置
    下划线: 未设置
    标准颜色: 未设置
  运行 23: ''
    字体: 未设置
    大小: 未设置
    粗体: 未设置
    斜体: 未设置
    下划线: 未设置
    标准颜色: 未设置
  运行 24: ''
    字体: 未设置
    大小: 未设置
    粗体: 未设置
    斜体: 未设置
    下划线: 未设置
    标准颜色: 未设置
  运行 25: ''
    字体: 未设置
    大小: 未设置
    粗体: 未设置
    斜体: 未设置
    下划线: 未设置
    标准颜色: 未设置
  运行 26: ''
    字体: 未设置
    大小: 未设置
    粗体: 未设置
    斜体: 未设置
    下划线: 未设置
    标准颜色: 未设置
  运行 27: ''
    字体: 未设置
    大小: 未设置
    粗体: 未设置
    斜体: 未设置
    下划线: 未设置
    标准颜色: 未设置
  运行 28: ''
    字体: 未设置
    大小: 未设置
    粗体: 未设置
    斜体: 未设置
    下划线: 未设置
    标准颜色: 未设置
  运行 29: ''
    字体: 未设置
    大小: 未设置
    粗体: 未设置
    斜体: 未设置
    下划线: 未设置
    标准颜色: 未设置
  运行 30: ''
    字体: 未设置
    大小: 未设置
    粗体: 未设置
    斜体: 未设置
    下划线: 未设置
    标准颜色: 未设置

段落 295:
文本内容: 研究理论意义
段落样式: Heading 4
从样式获取的格式:
  样式字体: 未设置
  样式字号: 未设置
  样式颜色: 未设置
对齐方式: 未设置
左缩进: 未设置
右缩进: 未设置
首行缩进: 未设置
行间距: 未设置
从XML读取的格式:
  运行 1: '研究'
    字体: 未设置
    大小: 未设置
    粗体: 未设置
    斜体: 未设置
    下划线: 未设置
    标准颜色: 未设置
  运行 2: '理论意义'
    字体: 未设置
    大小: 未设置
    粗体: 未设置
    斜体: 未设置
    下划线: 未设置
    标准颜色: 未设置

段落 296:
文本内容: 国内目前对于在大、中型医疗器械厂商和代理经营企业营销策略研究较多，但对眼科医疗器械公司，特别是中、小型企业的市场营销策略研究较少。本文的理论意义是，运用PEST分析方法、五种力量分析模型、SWOT等方法和STP、7Ps、4Cs等市场营销理论，对中、小型医疗器械代理企业的营销策略进行系统分析，对7Ps理论起到具体深化的作用，使得7Ps营销理论的研究内容更加丰富。
段落样式: 正文-缩进
从样式获取的格式:
  样式字体: 未设置
  样式字号: 未设置
  样式颜色: 未设置
对齐方式: 未设置
左缩进: 未设置
右缩进: 未设置
首行缩进: 未设置
行间距: 未设置
从XML读取的格式:
  运行 1: '国内'
    字体: 未设置
    大小: 未设置
    粗体: 未设置
    斜体: 未设置
    下划线: 未设置
    标准颜色: 未设置
  运行 2: '目前对于'
    字体: 未设置
    大小: 未设置
    粗体: 未设置
    斜体: 未设置
    下划线: 未设置
    标准颜色: 未设置
  运行 3: '在'
    字体: 未设置
    大小: 未设置
    粗体: 未设置
    斜体: 未设置
    下划线: 未设置
    标准颜色: 未设置
  运行 4: '大、中型医疗器械厂商和代理经营企业'
    字体: 未设置
    大小: 未设置
    粗体: 未设置
    斜体: 未设置
    下划线: 未设置
    标准颜色: 未设置
  运行 5: '营销策略研究'
    字体: 未设置
    大小: 未设置
    粗体: 未设置
    斜体: 未设置
    下划线: 未设置
    标准颜色: 未设置
  运行 6: '较多，'
    字体: 未设置
    大小: 未设置
    粗体: 未设置
    斜体: 未设置
    下划线: 未设置
    标准颜色: 未设置
  运行 7: '但'
    字体: 未设置
    大小: 未设置
    粗体: 未设置
    斜体: 未设置
    下划线: 未设置
    标准颜色: 未设置
  运行 8: '对'
    字体: 未设置
    大小: 未设置
    粗体: 未设置
    斜体: 未设置
    下划线: 未设置
    标准颜色: 未设置
  运行 9: '眼科医疗器械'
    字体: 未设置
    大小: 未设置
    粗体: 未设置
    斜体: 未设置
    下划线: 未设置
    标准颜色: 未设置
  运行 10: '公司'
    字体: 未设置
    大小: 未设置
    粗体: 未设置
    斜体: 未设置
    下划线: 未设置
    标准颜色: 未设置
  运行 11: '，特别是中'
    字体: 未设置
    大小: 未设置
    粗体: 未设置
    斜体: 未设置
    下划线: 未设置
    标准颜色: 未设置
  运行 12: '、'
    字体: 未设置
    大小: 未设置
    粗体: 未设置
    斜体: 未设置
    下划线: 未设置
    标准颜色: 未设置
  运行 13: '小型企业的'
    字体: 未设置
    大小: 未设置
    粗体: 未设置
    斜体: 未设置
    下划线: 未设置
    标准颜色: 未设置
  运行 14: '市场营销策略研究'
    字体: 未设置
    大小: 未设置
    粗体: 未设置
    斜体: 未设置
    下划线: 未设置
    标准颜色: 未设置
  运行 15: '较少'
    字体: 未设置
    大小: 未设置
    粗体: 未设置
    斜体: 未设置
    下划线: 未设置
    标准颜色: 未设置
  运行 16: '。'
    字体: 未设置
    大小: 未设置
    粗体: 未设置
    斜体: 未设置
    下划线: 未设置
    标准颜色: 未设置
  运行 17: '本文的理论意义是，运用'
    字体: 未设置
    大小: 未设置
    粗体: 未设置
    斜体: 未设置
    下划线: 未设置
    标准颜色: 未设置
  运行 18: 'PEST'
    字体: 未设置
    大小: 未设置
    粗体: 未设置
    斜体: 未设置
    下划线: 未设置
    标准颜色: 未设置
  运行 19: '分析方法、'
    字体: 未设置
    大小: 未设置
    粗体: 未设置
    斜体: 未设置
    下划线: 未设置
    标准颜色: 未设置
  运行 20: '五种力量分析'
    字体: 未设置
    大小: 未设置
    粗体: 未设置
    斜体: 未设置
    下划线: 未设置
    标准颜色: 未设置
  运行 21: '模型、'
    字体: 未设置
    大小: 未设置
    粗体: 未设置
    斜体: 未设置
    下划线: 未设置
    标准颜色: 未设置
  运行 22: 'SWOT'
    字体: 未设置
    大小: 未设置
    粗体: 未设置
    斜体: 未设置
    下划线: 未设置
    标准颜色: 未设置
  运行 23: '等'
    字体: 未设置
    大小: 未设置
    粗体: 未设置
    斜体: 未设置
    下划线: 未设置
    标准颜色: 未设置
  运行 24: '方法'
    字体: 未设置
    大小: 未设置
    粗体: 未设置
    斜体: 未设置
    下划线: 未设置
    标准颜色: 未设置
  运行 25: '和'
    字体: 未设置
    大小: 未设置
    粗体: 未设置
    斜体: 未设置
    下划线: 未设置
    标准颜色: 未设置
  运行 26: 'STP'
    字体: 未设置
    大小: 未设置
    粗体: 未设置
    斜体: 未设置
    下划线: 未设置
    标准颜色: 未设置
  运行 27: '、'
    字体: 未设置
    大小: 未设置
    粗体: 未设置
    斜体: 未设置
    下划线: 未设置
    标准颜色: 未设置
  运行 28: '7'
    字体: 未设置
    大小: 未设置
    粗体: 未设置
    斜体: 未设置
    下划线: 未设置
    标准颜色: 未设置
  运行 29: 'P'
    字体: 未设置
    大小: 未设置
    粗体: 未设置
    斜体: 未设置
    下划线: 未设置
    标准颜色: 未设置
  运行 30: 's'
    字体: 未设置
    大小: 未设置
    粗体: 未设置
    斜体: 未设置
    下划线: 未设置
    标准颜色: 未设置
  运行 31: '、'
    字体: 未设置
    大小: 未设置
    粗体: 未设置
    斜体: 未设置
    下划线: 未设置
    标准颜色: 未设置
  运行 32: '4C'
    字体: 未设置
    大小: 未设置
    粗体: 未设置
    斜体: 未设置
    下划线: 未设置
    标准颜色: 未设置
  运行 33: 's'
    字体: 未设置
    大小: 未设置
    粗体: 未设置
    斜体: 未设置
    下划线: 未设置
    标准颜色: 未设置
  运行 34: '等'
    字体: 未设置
    大小: 未设置
    粗体: 未设置
    斜体: 未设置
    下划线: 未设置
    标准颜色: 未设置
  运行 35: '市场'
    字体: 未设置
    大小: 未设置
    粗体: 未设置
    斜体: 未设置
    下划线: 未设置
    标准颜色: 未设置
  运行 36: '营销'
    字体: 未设置
    大小: 未设置
    粗体: 未设置
    斜体: 未设置
    下划线: 未设置
    标准颜色: 未设置
  运行 37: '理论，'
    字体: 未设置
    大小: 未设置
    粗体: 未设置
    斜体: 未设置
    下划线: 未设置
    标准颜色: 未设置
  运行 38: '对'
    字体: 未设置
    大小: 未设置
    粗体: 未设置
    斜体: 未设置
    下划线: 未设置
    标准颜色: 未设置
  运行 39: '中'
    字体: 未设置
    大小: 未设置
    粗体: 未设置
    斜体: 未设置
    下划线: 未设置
    标准颜色: 未设置
  运行 40: '、'
    字体: 未设置
    大小: 未设置
    粗体: 未设置
    斜体: 未设置
    下划线: 未设置
    标准颜色: 未设置
  运行 41: '小型'
    字体: 未设置
    大小: 未设置
    粗体: 未设置
    斜体: 未设置
    下划线: 未设置
    标准颜色: 未设置
  运行 42: '医疗'
    字体: 未设置
    大小: 未设置
    粗体: 未设置
    斜体: 未设置
    下划线: 未设置
    标准颜色: 未设置
  运行 43: '器械'
    字体: 未设置
    大小: 未设置
    粗体: 未设置
    斜体: 未设置
    下划线: 未设置
    标准颜色: 未设置
  运行 44: '代理企业的'
    字体: 未设置
    大小: 未设置
    粗体: 未设置
    斜体: 未设置
    下划线: 未设置
    标准颜色: 未设置
  运行 45: '营销策略'
    字体: 未设置
    大小: 未设置
    粗体: 未设置
    斜体: 未设置
    下划线: 未设置
    标准颜色: 未设置
  运行 46: '进行系统分析'
    字体: 未设置
    大小: 未设置
    粗体: 未设置
    斜体: 未设置
    下划线: 未设置
    标准颜色: 未设置
  运行 47: '，'
    字体: 未设置
    大小: 未设置
    粗体: 未设置
    斜体: 未设置
    下划线: 未设置
    标准颜色: 未设置
  运行 48: '对'
    字体: 未设置
    大小: 未设置
    粗体: 未设置
    斜体: 未设置
    下划线: 未设置
    标准颜色: 未设置
  运行 49: '7'
    字体: 未设置
    大小: 未设置
    粗体: 未设置
    斜体: 未设置
    下划线: 未设置
    标准颜色: 未设置
  运行 50: 'P'
    字体: 未设置
    大小: 未设置
    粗体: 未设置
    斜体: 未设置
    下划线: 未设置
    标准颜色: 未设置
  运行 51: 's'
    字体: 未设置
    大小: 未设置
    粗体: 未设置
    斜体: 未设置
    下划线: 未设置
    标准颜色: 未设置
  运行 52: '理论起到具体深化的作用，使得'
    字体: 未设置
    大小: 未设置
    粗体: 未设置
    斜体: 未设置
    下划线: 未设置
    标准颜色: 未设置
  运行 53: '7'
    字体: 未设置
    大小: 未设置
    粗体: 未设置
    斜体: 未设置
    下划线: 未设置
    标准颜色: 未设置
  运行 54: 'P'
    字体: 未设置
    大小: 未设置
    粗体: 未设置
    斜体: 未设置
    下划线: 未设置
    标准颜色: 未设置
  运行 55: 's'
    字体: 未设置
    大小: 未设置
    粗体: 未设置
    斜体: 未设置
    下划线: 未设置
    标准颜色: 未设置
  运行 56: '营销'
    字体: 未设置
    大小: 未设置
    粗体: 未设置
    斜体: 未设置
    下划线: 未设置
    标准颜色: 未设置
  运行 57: '理论'
    字体: 未设置
    大小: 未设置
    粗体: 未设置
    斜体: 未设置
    下划线: 未设置
    标准颜色: 未设置
  运行 58: '的研究内容'
    字体: 未设置
    大小: 未设置
    粗体: 未设置
    斜体: 未设置
    下划线: 未设置
    标准颜色: 未设置
  运行 59: '更加丰富'
    字体: 未设置
    大小: 未设置
    粗体: 未设置
    斜体: 未设置
    下划线: 未设置
    标准颜色: 未设置
  运行 60: '。'
    字体: 未设置
    大小: 未设置
    粗体: 未设置
    斜体: 未设置
    下划线: 未设置
    标准颜色: 未设置

段落 297:
文本内容: 研究实际意义
段落样式: Heading 4
从样式获取的格式:
  样式字体: 未设置
  样式字号: 未设置
  样式颜色: 未设置
对齐方式: 未设置
左缩进: 未设置
右缩进: 未设置
首行缩进: 未设置
行间距: 未设置
从XML读取的格式:
  运行 1: '研究'
    字体: 未设置
    大小: 未设置
    粗体: 未设置
    斜体: 未设置
    下划线: 未设置
    标准颜色: 未设置
  运行 2: '实际意义'
    字体: 未设置
    大小: 未设置
    粗体: 未设置
    斜体: 未设置
    下划线: 未设置
    标准颜色: 未设置

段落 298:
文本内容: 本文的现实意义是，通过系统分析Y公司内部和外环境，从经营实际出发，探寻和发现Y医疗器械公司在营销策略方面存在的问题及成因，设计出具体的优化方案和保障措施，提升公司业绩，改善公司业绩增长缓慢的现状。同时可以给相同规模的医疗器械经营企业，提供切实可行的优化建议和决策依据。
段落样式: 正文-缩进
从样式获取的格式:
  样式字体: 未设置
  样式字号: 未设置
  样式颜色: 未设置
对齐方式: 未设置
左缩进: 未设置
右缩进: 未设置
首行缩进: 未设置
行间距: 未设置
从XML读取的格式:
  运行 1: '本文'
    字体: 未设置
    大小: 未设置
    粗体: 未设置
    斜体: 未设置
    下划线: 未设置
    标准颜色: 未设置
  运行 2: '的现实意义是'
    字体: 未设置
    大小: 未设置
    粗体: 未设置
    斜体: 未设置
    下划线: 未设置
    标准颜色: 未设置
  运行 3: '，通过'
    字体: 未设置
    大小: 未设置
    粗体: 未设置
    斜体: 未设置
    下划线: 未设置
    标准颜色: 未设置
  运行 4: '系统'
    字体: 未设置
    大小: 未设置
    粗体: 未设置
    斜体: 未设置
    下划线: 未设置
    标准颜色: 未设置
  运行 5: '分析'
    字体: 未设置
    大小: 未设置
    粗体: 未设置
    斜体: 未设置
    下划线: 未设置
    标准颜色: 未设置
  运行 6: 'Y'
    字体: 未设置
    大小: 未设置
    粗体: 未设置
    斜体: 未设置
    下划线: 未设置
    标准颜色: 未设置
  运行 7: '公司'
    字体: 未设置
    大小: 未设置
    粗体: 未设置
    斜体: 未设置
    下划线: 未设置
    标准颜色: 未设置
  运行 8: '内'
    字体: 未设置
    大小: 未设置
    粗体: 未设置
    斜体: 未设置
    下划线: 未设置
    标准颜色: 未设置
  运行 9: '部和'
    字体: 未设置
    大小: 未设置
    粗体: 未设置
    斜体: 未设置
    下划线: 未设置
    标准颜色: 未设置
  运行 10: '外环境'
    字体: 未设置
    大小: 未设置
    粗体: 未设置
    斜体: 未设置
    下划线: 未设置
    标准颜色: 未设置
  运行 11: '，'
    字体: 未设置
    大小: 未设置
    粗体: 未设置
    斜体: 未设置
    下划线: 未设置
    标准颜色: 未设置
  运行 12: '从经营实际出发，探寻和发现'
    字体: 未设置
    大小: 未设置
    粗体: 未设置
    斜体: 未设置
    下划线: 未设置
    标准颜色: 未设置
  运行 13: 'Y'
    字体: 未设置
    大小: 未设置
    粗体: 未设置
    斜体: 未设置
    下划线: 未设置
    标准颜色: 未设置
  运行 14: '医疗器械'
    字体: 未设置
    大小: 未设置
    粗体: 未设置
    斜体: 未设置
    下划线: 未设置
    标准颜色: 未设置
  运行 15: '公司在营销策略'
    字体: 未设置
    大小: 未设置
    粗体: 未设置
    斜体: 未设置
    下划线: 未设置
    标准颜色: 未设置
  运行 16: '方面'
    字体: 未设置
    大小: 未设置
    粗体: 未设置
    斜体: 未设置
    下划线: 未设置
    标准颜色: 未设置
  运行 17: '存在'
    字体: 未设置
    大小: 未设置
    粗体: 未设置
    斜体: 未设置
    下划线: 未设置
    标准颜色: 未设置
  运行 18: '的'
    字体: 未设置
    大小: 未设置
    粗体: 未设置
    斜体: 未设置
    下划线: 未设置
    标准颜色: 未设置
  运行 19: '问题'
    字体: 未设置
    大小: 未设置
    粗体: 未设置
    斜体: 未设置
    下划线: 未设置
    标准颜色: 未设置
  运行 20: '及成因，'
    字体: 未设置
    大小: 未设置
    粗体: 未设置
    斜体: 未设置
    下划线: 未设置
    标准颜色: 未设置
  运行 21: '设计出'
    字体: 未设置
    大小: 未设置
    粗体: 未设置
    斜体: 未设置
    下划线: 未设置
    标准颜色: 未设置
  运行 22: '具体'
    字体: 未设置
    大小: 未设置
    粗体: 未设置
    斜体: 未设置
    下划线: 未设置
    标准颜色: 未设置
  运行 23: '的优化方案和保障措施，提升公司业绩，改善公司业绩增长缓慢的现状。同时可以给相同规模的医疗器械经营企业，提供切实可行的'
    字体: 未设置
    大小: 未设置
    粗体: 未设置
    斜体: 未设置
    下划线: 未设置
    标准颜色: 未设置
  运行 24: '优化'
    字体: 未设置
    大小: 未设置
    粗体: 未设置
    斜体: 未设置
    下划线: 未设置
    标准颜色: 未设置
  运行 25: '建议和决策依据。'
    字体: 未设置
    大小: 未设置
    粗体: 未设置
    斜体: 未设置
    下划线: 未设置
    标准颜色: 未设置

段落 299:
文本内容: 研究内容与方法
段落样式: Heading 2
从样式获取的格式:
  样式字体: 未设置
  样式字号: 177800
  样式字号(pt): 14.0
  样式颜色: 未设置
对齐方式: 未设置
左缩进: 未设置
右缩进: 未设置
首行缩进: 未设置
行间距: 未设置
从XML读取的格式:
  运行 1: '研究内容与方法'
    字体: 未设置
    大小: 未设置
    粗体: 未设置
    斜体: 未设置
    下划线: 未设置
    标准颜色: 未设置
  运行 2: ''
    字体: 未设置
    大小: 未设置
    粗体: 未设置
    斜体: 未设置
    下划线: 未设置
    标准颜色: 未设置
  运行 3: ''
    字体: 未设置
    大小: 未设置
    粗体: 未设置
    斜体: 未设置
    下划线: 未设置
    标准颜色: 未设置
  运行 4: ''
    字体: 未设置
    大小: 未设置
    粗体: 未设置
    斜体: 未设置
    下划线: 未设置
    标准颜色: 未设置
  运行 5: ''
    字体: 未设置
    大小: 未设置
    粗体: 未设置
    斜体: 未设置
    下划线: 未设置
    标准颜色: 未设置
  运行 6: ''
    字体: 未设置
    大小: 未设置
    粗体: 未设置
    斜体: 未设置
    下划线: 未设置
    标准颜色: 未设置
  运行 7: ''
    字体: 未设置
    大小: 未设置
    粗体: 未设置
    斜体: 未设置
    下划线: 未设置
    标准颜色: 未设置
  运行 8: ''
    字体: 未设置
    大小: 未设置
    粗体: 未设置
    斜体: 未设置
    下划线: 未设置
    标准颜色: 未设置
  运行 9: ''
    字体: 未设置
    大小: 未设置
    粗体: 未设置
    斜体: 未设置
    下划线: 未设置
    标准颜色: 未设置
  运行 10: ''
    字体: 未设置
    大小: 未设置
    粗体: 未设置
    斜体: 未设置
    下划线: 未设置
    标准颜色: 未设置

段落 300:
文本内容: 研究内容
段落样式: Heading 3
从样式获取的格式:
  样式字体: 未设置
  样式字号: 未设置
  样式颜色: 未设置
对齐方式: 未设置
左缩进: 未设置
右缩进: 未设置
首行缩进: 未设置
行间距: 未设置
从XML读取的格式:
  运行 1: '研究内容'
    字体: 未设置
    大小: 未设置
    粗体: 未设置
    斜体: 未设置
    下划线: 未设置
    标准颜色: 未设置
  运行 2: ''
    字体: 未设置
    大小: 未设置
    粗体: 未设置
    斜体: 未设置
    下划线: 未设置
    标准颜色: 未设置
  运行 3: ''
    字体: 未设置
    大小: 未设置
    粗体: 未设置
    斜体: 未设置
    下划线: 未设置
    标准颜色: 未设置
  运行 4: ''
    字体: 未设置
    大小: 未设置
    粗体: 未设置
    斜体: 未设置
    下划线: 未设置
    标准颜色: 未设置
  运行 5: ''
    字体: 未设置
    大小: 未设置
    粗体: 未设置
    斜体: 未设置
    下划线: 未设置
    标准颜色: 未设置
  运行 6: ''
    字体: 未设置
    大小: 未设置
    粗体: 未设置
    斜体: 未设置
    下划线: 未设置
    标准颜色: 未设置
  运行 7: ''
    字体: 未设置
    大小: 未设置
    粗体: 未设置
    斜体: 未设置
    下划线: 未设置
    标准颜色: 未设置
  运行 8: ''
    字体: 未设置
    大小: 未设置
    粗体: 未设置
    斜体: 未设置
    下划线: 未设置
    标准颜色: 未设置
  运行 9: ''
    字体: 未设置
    大小: 未设置
    粗体: 未设置
    斜体: 未设置
    下划线: 未设置
    标准颜色: 未设置
  运行 10: ''
    字体: 未设置
    大小: 未设置
    粗体: 未设置
    斜体: 未设置
    下划线: 未设置
    标准颜色: 未设置
  运行 11: ''
    字体: 未设置
    大小: 未设置
    粗体: 未设置
    斜体: 未设置
    下划线: 未设置
    标准颜色: 未设置
  运行 12: ''
    字体: 未设置
    大小: 未设置
    粗体: 未设置
    斜体: 未设置
    下划线: 未设置
    标准颜色: 未设置
  运行 13: ''
    字体: 未设置
    大小: 未设置
    粗体: 未设置
    斜体: 未设置
    下划线: 未设置
    标准颜色: 未设置
  运行 14: ''
    字体: 未设置
    大小: 未设置
    粗体: 未设置
    斜体: 未设置
    下划线: 未设置
    标准颜色: 未设置
  运行 15: ''
    字体: 未设置
    大小: 未设置
    粗体: 未设置
    斜体: 未设置
    下划线: 未设置
    标准颜色: 未设置
  运行 16: ''
    字体: 未设置
    大小: 未设置
    粗体: 未设置
    斜体: 未设置
    下划线: 未设置
    标准颜色: 未设置
  运行 17: ''
    字体: 未设置
    大小: 未设置
    粗体: 未设置
    斜体: 未设置
    下划线: 未设置
    标准颜色: 未设置
  运行 18: ''
    字体: 未设置
    大小: 未设置
    粗体: 未设置
    斜体: 未设置
    下划线: 未设置
    标准颜色: 未设置
  运行 19: ''
    字体: 未设置
    大小: 未设置
    粗体: 未设置
    斜体: 未设置
    下划线: 未设置
    标准颜色: 未设置
  运行 20: ''
    字体: 未设置
    大小: 未设置
    粗体: 未设置
    斜体: 未设置
    下划线: 未设置
    标准颜色: 未设置
  运行 21: ''
    字体: 未设置
    大小: 未设置
    粗体: 未设置
    斜体: 未设置
    下划线: 未设置
    标准颜色: 未设置
  运行 22: ''
    字体: 未设置
    大小: 未设置
    粗体: 未设置
    斜体: 未设置
    下划线: 未设置
    标准颜色: 未设置
  运行 23: ''
    字体: 未设置
    大小: 未设置
    粗体: 未设置
    斜体: 未设置
    下划线: 未设置
    标准颜色: 未设置
  运行 24: ''
    字体: 未设置
    大小: 未设置
    粗体: 未设置
    斜体: 未设置
    下划线: 未设置
    标准颜色: 未设置
  运行 25: ''
    字体: 未设置
    大小: 未设置
    粗体: 未设置
    斜体: 未设置
    下划线: 未设置
    标准颜色: 未设置
  运行 26: ''
    字体: 未设置
    大小: 未设置
    粗体: 未设置
    斜体: 未设置
    下划线: 未设置
    标准颜色: 未设置
  运行 27: ''
    字体: 未设置
    大小: 未设置
    粗体: 未设置
    斜体: 未设置
    下划线: 未设置
    标准颜色: 未设置
  运行 28: ''
    字体: 未设置
    大小: 未设置
    粗体: 未设置
    斜体: 未设置
    下划线: 未设置
    标准颜色: 未设置
  运行 29: ''
    字体: 未设置
    大小: 未设置
    粗体: 未设置
    斜体: 未设置
    下划线: 未设置
    标准颜色: 未设置
  运行 30: ''
    字体: 未设置
    大小: 未设置
    粗体: 未设置
    斜体: 未设置
    下划线: 未设置
    标准颜色: 未设置

段落 301:
文本内容: 本文主要研究内容：
段落样式: 正文-缩进
从样式获取的格式:
  样式字体: 未设置
  样式字号: 未设置
  样式颜色: 未设置
对齐方式: 未设置
左缩进: 未设置
右缩进: 未设置
首行缩进: 未设置
行间距: 未设置
从XML读取的格式:
  运行 1: '本文'
    字体: 未设置
    大小: 未设置
    粗体: 未设置
    斜体: 未设置
    下划线: 未设置
    标准颜色: 未设置
  运行 2: '主要研究'
    字体: 未设置
    大小: 未设置
    粗体: 未设置
    斜体: 未设置
    下划线: 未设置
    标准颜色: 未设置
  运行 3: '内容：'
    字体: 未设置
    大小: 未设置
    粗体: 未设置
    斜体: 未设置
    下划线: 未设置
    标准颜色: 未设置

段落 302:
文本内容: 第一章，绪论。介绍本文研究的背景、意义、内容和方法等。
段落样式: 正文-缩进
从样式获取的格式:
  样式字体: 未设置
  样式字号: 未设置
  样式颜色: 未设置
对齐方式: 未设置
左缩进: 未设置
右缩进: 未设置
首行缩进: 未设置
行间距: 未设置
从XML读取的格式:
  运行 1: '第一章'
    字体: 未设置
    大小: 未设置
    粗体: 未设置
    斜体: 未设置
    下划线: 未设置
    标准颜色: 未设置
  运行 2: '，'
    字体: 未设置
    大小: 未设置
    粗体: 未设置
    斜体: 未设置
    下划线: 未设置
    标准颜色: 未设置
  运行 3: '绪论'
    字体: 未设置
    大小: 未设置
    粗体: 未设置
    斜体: 未设置
    下划线: 未设置
    标准颜色: 未设置
  运行 4: '。'
    字体: 未设置
    大小: 未设置
    粗体: 未设置
    斜体: 未设置
    下划线: 未设置
    标准颜色: 未设置
  运行 5: '介绍'
    字体: 未设置
    大小: 未设置
    粗体: 未设置
    斜体: 未设置
    下划线: 未设置
    标准颜色: 未设置
  运行 6: '本'
    字体: 未设置
    大小: 未设置
    粗体: 未设置
    斜体: 未设置
    下划线: 未设置
    标准颜色: 未设置
  运行 7: '文'
    字体: 未设置
    大小: 未设置
    粗体: 未设置
    斜体: 未设置
    下划线: 未设置
    标准颜色: 未设置
  运行 8: '研究的'
    字体: 未设置
    大小: 未设置
    粗体: 未设置
    斜体: 未设置
    下划线: 未设置
    标准颜色: 未设置
  运行 9: '背景、意义、内容'
    字体: 未设置
    大小: 未设置
    粗体: 未设置
    斜体: 未设置
    下划线: 未设置
    标准颜色: 未设置
  运行 10: '和'
    字体: 未设置
    大小: 未设置
    粗体: 未设置
    斜体: 未设置
    下划线: 未设置
    标准颜色: 未设置
  运行 11: '方法等'
    字体: 未设置
    大小: 未设置
    粗体: 未设置
    斜体: 未设置
    下划线: 未设置
    标准颜色: 未设置
  运行 12: '。'
    字体: 未设置
    大小: 未设置
    粗体: 未设置
    斜体: 未设置
    下划线: 未设置
    标准颜色: 未设置

段落 303:
文本内容: 第二章，理论和文献综述。对文中的营销理论的概念和分析工具进行详细介绍。主要营销理论有：STP营销理论、7Ps营销理论、4Cs营销理论等。分析工具有PEST分析模型、五种力量分析模型、SWOT矩阵等。阐述了国内外医疗器械市场营销的相关策略。
段落样式: 正文-缩进
从样式获取的格式:
  样式字体: 未设置
  样式字号: 未设置
  样式颜色: 未设置
对齐方式: 未设置
左缩进: 未设置
右缩进: 未设置
首行缩进: 未设置
行间距: 未设置
从XML读取的格式:
  运行 1: '第二章'
    字体: 未设置
    大小: 未设置
    粗体: 未设置
    斜体: 未设置
    下划线: 未设置
    标准颜色: 未设置
  运行 2: '，'
    字体: 未设置
    大小: 未设置
    粗体: 未设置
    斜体: 未设置
    下划线: 未设置
    标准颜色: 未设置
  运行 3: '理论'
    字体: 未设置
    大小: 未设置
    粗体: 未设置
    斜体: 未设置
    下划线: 未设置
    标准颜色: 未设置
  运行 4: '和'
    字体: 未设置
    大小: 未设置
    粗体: 未设置
    斜体: 未设置
    下划线: 未设置
    标准颜色: 未设置
  运行 5: '文献综述'
    字体: 未设置
    大小: 未设置
    粗体: 未设置
    斜体: 未设置
    下划线: 未设置
    标准颜色: 未设置
  运行 6: '。'
    字体: 未设置
    大小: 未设置
    粗体: 未设置
    斜体: 未设置
    下划线: 未设置
    标准颜色: 未设置
  运行 7: '对'
    字体: 未设置
    大小: 未设置
    粗体: 未设置
    斜体: 未设置
    下划线: 未设置
    标准颜色: 未设置
  运行 8: '文'
    字体: 未设置
    大小: 未设置
    粗体: 未设置
    斜体: 未设置
    下划线: 未设置
    标准颜色: 未设置
  运行 9: '中'
    字体: 未设置
    大小: 未设置
    粗体: 未设置
    斜体: 未设置
    下划线: 未设置
    标准颜色: 未设置
  运行 10: '的营销理论'
    字体: 未设置
    大小: 未设置
    粗体: 未设置
    斜体: 未设置
    下划线: 未设置
    标准颜色: 未设置
  运行 11: '的'
    字体: 未设置
    大小: 未设置
    粗体: 未设置
    斜体: 未设置
    下划线: 未设置
    标准颜色: 未设置
  运行 12: '概念和分析工具'
    字体: 未设置
    大小: 未设置
    粗体: 未设置
    斜体: 未设置
    下划线: 未设置
    标准颜色: 未设置
  运行 13: '进行详细介绍'
    字体: 未设置
    大小: 未设置
    粗体: 未设置
    斜体: 未设置
    下划线: 未设置
    标准颜色: 未设置
  运行 14: '。主要营销理论'
    字体: 未设置
    大小: 未设置
    粗体: 未设置
    斜体: 未设置
    下划线: 未设置
    标准颜色: 未设置
  运行 15: '有：'
    字体: 未设置
    大小: 未设置
    粗体: 未设置
    斜体: 未设置
    下划线: 未设置
    标准颜色: 未设置
  运行 16: 'STP'
    字体: 未设置
    大小: 未设置
    粗体: 未设置
    斜体: 未设置
    下划线: 未设置
    标准颜色: 未设置
  运行 17: '营销理论、'
    字体: 未设置
    大小: 未设置
    粗体: 未设置
    斜体: 未设置
    下划线: 未设置
    标准颜色: 未设置
  运行 18: '7'
    字体: 未设置
    大小: 未设置
    粗体: 未设置
    斜体: 未设置
    下划线: 未设置
    标准颜色: 未设置
  运行 19: 'P'
    字体: 未设置
    大小: 未设置
    粗体: 未设置
    斜体: 未设置
    下划线: 未设置
    标准颜色: 未设置
  运行 20: 's'
    字体: 未设置
    大小: 未设置
    粗体: 未设置
    斜体: 未设置
    下划线: 未设置
    标准颜色: 未设置
  运行 21: '营销理论'
    字体: 未设置
    大小: 未设置
    粗体: 未设置
    斜体: 未设置
    下划线: 未设置
    标准颜色: 未设置
  运行 22: '、'
    字体: 未设置
    大小: 未设置
    粗体: 未设置
    斜体: 未设置
    下划线: 未设置
    标准颜色: 未设置
  运行 23: '4C'
    字体: 未设置
    大小: 未设置
    粗体: 未设置
    斜体: 未设置
    下划线: 未设置
    标准颜色: 未设置
  运行 24: 's'
    字体: 未设置
    大小: 未设置
    粗体: 未设置
    斜体: 未设置
    下划线: 未设置
    标准颜色: 未设置
  运行 25: '营销理论'
    字体: 未设置
    大小: 未设置
    粗体: 未设置
    斜体: 未设置
    下划线: 未设置
    标准颜色: 未设置
  运行 26: '等。'
    字体: 未设置
    大小: 未设置
    粗体: 未设置
    斜体: 未设置
    下划线: 未设置
    标准颜色: 未设置
  运行 27: '分析工具有'
    字体: 未设置
    大小: 未设置
    粗体: 未设置
    斜体: 未设置
    下划线: 未设置
    标准颜色: 未设置
  运行 28: 'PEST'
    字体: 未设置
    大小: 未设置
    粗体: 未设置
    斜体: 未设置
    下划线: 未设置
    标准颜色: 未设置
  运行 29: '分析模型、'
    字体: 未设置
    大小: 未设置
    粗体: 未设置
    斜体: 未设置
    下划线: 未设置
    标准颜色: 未设置
  运行 30: '五种力量分析模型'
    字体: 未设置
    大小: 未设置
    粗体: 未设置
    斜体: 未设置
    下划线: 未设置
    标准颜色: 未设置
  运行 31: '、'
    字体: 未设置
    大小: 未设置
    粗体: 未设置
    斜体: 未设置
    下划线: 未设置
    标准颜色: 未设置
  运行 32: 'SWOT'
    字体: 未设置
    大小: 未设置
    粗体: 未设置
    斜体: 未设置
    下划线: 未设置
    标准颜色: 未设置
  运行 33: '矩阵等。阐述了国内外医疗器械市场营销的相关策略'
    字体: 未设置
    大小: 未设置
    粗体: 未设置
    斜体: 未设置
    下划线: 未设置
    标准颜色: 未设置
  运行 34: '。'
    字体: 未设置
    大小: 未设置
    粗体: 未设置
    斜体: 未设置
    下划线: 未设置
    标准颜色: 未设置

段落 304:
文本内容: 第三章，Y公司外部营销环境分析。介绍Y公司基本情况和组织结构。通过PEST分析评估宏观环境，利用五种力量分析模型考察行业竞争态势，进而构建SWOT矩阵以识别公司内外部的优势、劣势、机会和威胁。
段落样式: 正文-缩进
从样式获取的格式:
  样式字体: 未设置
  样式字号: 未设置
  样式颜色: 未设置
对齐方式: 未设置
左缩进: 未设置
右缩进: 未设置
首行缩进: 未设置
行间距: 未设置
从XML读取的格式:
  运行 1: '第三章'
    字体: 未设置
    大小: 未设置
    粗体: 未设置
    斜体: 未设置
    下划线: 未设置
    标准颜色: 未设置
  运行 2: '，'
    字体: 未设置
    大小: 未设置
    粗体: 未设置
    斜体: 未设置
    下划线: 未设置
    标准颜色: 未设置
  运行 3: 'Y'
    字体: 未设置
    大小: 未设置
    粗体: 未设置
    斜体: 未设置
    下划线: 未设置
    标准颜色: 未设置
  运行 4: '公司'
    字体: 未设置
    大小: 未设置
    粗体: 未设置
    斜体: 未设置
    下划线: 未设置
    标准颜色: 未设置
  运行 5: '外部'
    字体: 未设置
    大小: 未设置
    粗体: 未设置
    斜体: 未设置
    下划线: 未设置
    标准颜色: 未设置
  运行 6: '营销环境'
    字体: 未设置
    大小: 未设置
    粗体: 未设置
    斜体: 未设置
    下划线: 未设置
    标准颜色: 未设置
  运行 7: '分析'
    字体: 未设置
    大小: 未设置
    粗体: 未设置
    斜体: 未设置
    下划线: 未设置
    标准颜色: 未设置
  运行 8: '。'
    字体: 未设置
    大小: 未设置
    粗体: 未设置
    斜体: 未设置
    下划线: 未设置
    标准颜色: 未设置
  运行 9: '介绍'
    字体: 未设置
    大小: 未设置
    粗体: 未设置
    斜体: 未设置
    下划线: 未设置
    标准颜色: 未设置
  运行 10: 'Y'
    字体: 未设置
    大小: 未设置
    粗体: 未设置
    斜体: 未设置
    下划线: 未设置
    标准颜色: 未设置
  运行 11: '公司基本情况'
    字体: 未设置
    大小: 未设置
    粗体: 未设置
    斜体: 未设置
    下划线: 未设置
    标准颜色: 未设置
  运行 12: '和'
    字体: 未设置
    大小: 未设置
    粗体: 未设置
    斜体: 未设置
    下划线: 未设置
    标准颜色: 未设置
  运行 13: '组织结构'
    字体: 未设置
    大小: 未设置
    粗体: 未设置
    斜体: 未设置
    下划线: 未设置
    标准颜色: 未设置
  运行 14: '。'
    字体: 未设置
    大小: 未设置
    粗体: 未设置
    斜体: 未设置
    下划线: 未设置
    标准颜色: 未设置
  运行 15: '通过'
    字体: 未设置
    大小: 未设置
    粗体: 未设置
    斜体: 未设置
    下划线: 未设置
    标准颜色: 未设置
  运行 16: 'PEST'
    字体: 未设置
    大小: 未设置
    粗体: 未设置
    斜体: 未设置
    下划线: 未设置
    标准颜色: 未设置
  运行 17: '分析评估宏观环境，利用'
    字体: 未设置
    大小: 未设置
    粗体: 未设置
    斜体: 未设置
    下划线: 未设置
    标准颜色: 未设置
  运行 18: '五种力量分析模型'
    字体: 未设置
    大小: 未设置
    粗体: 未设置
    斜体: 未设置
    下划线: 未设置
    标准颜色: 未设置
  运行 19: '考察行业竞争态势，进而构建'
    字体: 未设置
    大小: 未设置
    粗体: 未设置
    斜体: 未设置
    下划线: 未设置
    标准颜色: 未设置
  运行 20: 'SWOT'
    字体: 未设置
    大小: 未设置
    粗体: 未设置
    斜体: 未设置
    下划线: 未设置
    标准颜色: 未设置
  运行 21: '矩阵以识别公司内外部的优势、劣势、机会和威胁。'
    字体: 未设置
    大小: 未设置
    粗体: 未设置
    斜体: 未设置
    下划线: 未设置
    标准颜色: 未设置

段落 305:
文本内容: 第四章，Y公司营销现状及成因分析。介绍Y公司代理眼科产品类别和主要工作原理等。通过访谈和问卷深入分析提炼出公司营销策略存在主要问题，并剖析导致问题的根本原因。
段落样式: 正文-缩进
从样式获取的格式:
  样式字体: 未设置
  样式字号: 未设置
  样式颜色: 未设置
对齐方式: 未设置
左缩进: 未设置
右缩进: 未设置
首行缩进: 未设置
行间距: 未设置
从XML读取的格式:
  运行 1: '第四章'
    字体: 未设置
    大小: 未设置
    粗体: 未设置
    斜体: 未设置
    下划线: 未设置
    标准颜色: 未设置
  运行 2: '，'
    字体: 未设置
    大小: 未设置
    粗体: 未设置
    斜体: 未设置
    下划线: 未设置
    标准颜色: 未设置
  运行 3: 'Y'
    字体: 未设置
    大小: 未设置
    粗体: 未设置
    斜体: 未设置
    下划线: 未设置
    标准颜色: 未设置
  运行 4: '公司营销'
    字体: 未设置
    大小: 未设置
    粗体: 未设置
    斜体: 未设置
    下划线: 未设置
    标准颜色: 未设置
  运行 5: '现状及'
    字体: 未设置
    大小: 未设置
    粗体: 未设置
    斜体: 未设置
    下划线: 未设置
    标准颜色: 未设置
  运行 6: '成因'
    字体: 未设置
    大小: 未设置
    粗体: 未设置
    斜体: 未设置
    下划线: 未设置
    标准颜色: 未设置
  运行 7: '分析'
    字体: 未设置
    大小: 未设置
    粗体: 未设置
    斜体: 未设置
    下划线: 未设置
    标准颜色: 未设置
  运行 8: '。'
    字体: 未设置
    大小: 未设置
    粗体: 未设置
    斜体: 未设置
    下划线: 未设置
    标准颜色: 未设置
  运行 9: '介绍'
    字体: 未设置
    大小: 未设置
    粗体: 未设置
    斜体: 未设置
    下划线: 未设置
    标准颜色: 未设置
  运行 10: 'Y'
    字体: 未设置
    大小: 未设置
    粗体: 未设置
    斜体: 未设置
    下划线: 未设置
    标准颜色: 未设置
  运行 11: '公司'
    字体: 未设置
    大小: 未设置
    粗体: 未设置
    斜体: 未设置
    下划线: 未设置
    标准颜色: 未设置
  运行 12: '代理眼科'
    字体: 未设置
    大小: 未设置
    粗体: 未设置
    斜体: 未设置
    下划线: 未设置
    标准颜色: 未设置
  运行 13: '产品类别和主要工作原理等。'
    字体: 未设置
    大小: 未设置
    粗体: 未设置
    斜体: 未设置
    下划线: 未设置
    标准颜色: 未设置
  运行 14: '通过访谈'
    字体: 未设置
    大小: 未设置
    粗体: 未设置
    斜体: 未设置
    下划线: 未设置
    标准颜色: 未设置
  运行 15: '和'
    字体: 未设置
    大小: 未设置
    粗体: 未设置
    斜体: 未设置
    下划线: 未设置
    标准颜色: 未设置
  运行 16: '问卷深入分析'
    字体: 未设置
    大小: 未设置
    粗体: 未设置
    斜体: 未设置
    下划线: 未设置
    标准颜色: 未设置
  运行 17: '提炼出'
    字体: 未设置
    大小: 未设置
    粗体: 未设置
    斜体: 未设置
    下划线: 未设置
    标准颜色: 未设置
  运行 18: '公司营销策略存在'
    字体: 未设置
    大小: 未设置
    粗体: 未设置
    斜体: 未设置
    下划线: 未设置
    标准颜色: 未设置
  运行 19: '主要问题，并剖析导致问题的根本原因。'
    字体: 未设置
    大小: 未设置
    粗体: 未设置
    斜体: 未设置
    下划线: 未设置
    标准颜色: 未设置

段落 306:
文本内容: 第五章，Y公司营销策略优化方案。对Y公司产品的目标市场，利用STP理论进行重新细分、选择和定位，并根据战略目标，找到适合Y公司情况的优化营销策略。利用7Ps、4Cs营销理论针对Y公司的市场营销策略等进行优化，并对该营销策略总体的实施与控制，总结出一系列具体的优化方案。
段落样式: 正文-缩进
从样式获取的格式:
  样式字体: 未设置
  样式字号: 未设置
  样式颜色: 未设置
对齐方式: 未设置
左缩进: 未设置
右缩进: 未设置
首行缩进: 未设置
行间距: 未设置
从XML读取的格式:
  运行 1: '第五章'
    字体: 未设置
    大小: 未设置
    粗体: 未设置
    斜体: 未设置
    下划线: 未设置
    标准颜色: 未设置
  运行 2: '，'
    字体: 未设置
    大小: 未设置
    粗体: 未设置
    斜体: 未设置
    下划线: 未设置
    标准颜色: 未设置
  运行 3: 'Y'
    字体: 未设置
    大小: 未设置
    粗体: 未设置
    斜体: 未设置
    下划线: 未设置
    标准颜色: 未设置
  运行 4: '公司营销'
    字体: 未设置
    大小: 未设置
    粗体: 未设置
    斜体: 未设置
    下划线: 未设置
    标准颜色: 未设置
  运行 5: '策略'
    字体: 未设置
    大小: 未设置
    粗体: 未设置
    斜体: 未设置
    下划线: 未设置
    标准颜色: 未设置
  运行 6: '优化'
    字体: 未设置
    大小: 未设置
    粗体: 未设置
    斜体: 未设置
    下划线: 未设置
    标准颜色: 未设置
  运行 7: '方案'
    字体: 未设置
    大小: 未设置
    粗体: 未设置
    斜体: 未设置
    下划线: 未设置
    标准颜色: 未设置
  运行 8: '。'
    字体: 未设置
    大小: 未设置
    粗体: 未设置
    斜体: 未设置
    下划线: 未设置
    标准颜色: 未设置
  运行 9: '对'
    字体: 未设置
    大小: 未设置
    粗体: 未设置
    斜体: 未设置
    下划线: 未设置
    标准颜色: 未设置
  运行 10: 'Y'
    字体: 未设置
    大小: 未设置
    粗体: 未设置
    斜体: 未设置
    下划线: 未设置
    标准颜色: 未设置
  运行 11: '公司产品的目标市场'
    字体: 未设置
    大小: 未设置
    粗体: 未设置
    斜体: 未设置
    下划线: 未设置
    标准颜色: 未设置
  运行 12: '，利用'
    字体: 未设置
    大小: 未设置
    粗体: 未设置
    斜体: 未设置
    下划线: 未设置
    标准颜色: 未设置
  运行 13: 'STP'
    字体: 未设置
    大小: 未设置
    粗体: 未设置
    斜体: 未设置
    下划线: 未设置
    标准颜色: 未设置
  运行 14: '理论进行重新'
    字体: 未设置
    大小: 未设置
    粗体: 未设置
    斜体: 未设置
    下划线: 未设置
    标准颜色: 未设置
  运行 15: '细分、选择和定位，并根据战略目标，找到适合'
    字体: 未设置
    大小: 未设置
    粗体: 未设置
    斜体: 未设置
    下划线: 未设置
    标准颜色: 未设置
  运行 16: 'Y'
    字体: 未设置
    大小: 未设置
    粗体: 未设置
    斜体: 未设置
    下划线: 未设置
    标准颜色: 未设置
  运行 17: '公司情况的优化营销策略。'
    字体: 未设置
    大小: 未设置
    粗体: 未设置
    斜体: 未设置
    下划线: 未设置
    标准颜色: 未设置
  运行 18: '利用'
    字体: 未设置
    大小: 未设置
    粗体: 未设置
    斜体: 未设置
    下划线: 未设置
    标准颜色: 未设置
  运行 19: '7P'
    字体: 未设置
    大小: 未设置
    粗体: 未设置
    斜体: 未设置
    下划线: 未设置
    标准颜色: 未设置
  运行 20: 's'
    字体: 未设置
    大小: 未设置
    粗体: 未设置
    斜体: 未设置
    下划线: 未设置
    标准颜色: 未设置
  运行 21: '、'
    字体: 未设置
    大小: 未设置
    粗体: 未设置
    斜体: 未设置
    下划线: 未设置
    标准颜色: 未设置
  运行 22: '4'
    字体: 未设置
    大小: 未设置
    粗体: 未设置
    斜体: 未设置
    下划线: 未设置
    标准颜色: 未设置
  运行 23: 'C'
    字体: 未设置
    大小: 未设置
    粗体: 未设置
    斜体: 未设置
    下划线: 未设置
    标准颜色: 未设置
  运行 24: 's'
    字体: 未设置
    大小: 未设置
    粗体: 未设置
    斜体: 未设置
    下划线: 未设置
    标准颜色: 未设置
  运行 25: '营销理论'
    字体: 未设置
    大小: 未设置
    粗体: 未设置
    斜体: 未设置
    下划线: 未设置
    标准颜色: 未设置
  运行 26: '针对'
    字体: 未设置
    大小: 未设置
    粗体: 未设置
    斜体: 未设置
    下划线: 未设置
    标准颜色: 未设置
  运行 27: 'Y'
    字体: 未设置
    大小: 未设置
    粗体: 未设置
    斜体: 未设置
    下划线: 未设置
    标准颜色: 未设置
  运行 28: '公司的'
    字体: 未设置
    大小: 未设置
    粗体: 未设置
    斜体: 未设置
    下划线: 未设置
    标准颜色: 未设置
  运行 29: '市场营销'
    字体: 未设置
    大小: 未设置
    粗体: 未设置
    斜体: 未设置
    下划线: 未设置
    标准颜色: 未设置
  运行 30: '策略'
    字体: 未设置
    大小: 未设置
    粗体: 未设置
    斜体: 未设置
    下划线: 未设置
    标准颜色: 未设置
  运行 31: '等进行优化，'
    字体: 未设置
    大小: 未设置
    粗体: 未设置
    斜体: 未设置
    下划线: 未设置
    标准颜色: 未设置
  运行 32: '并对该营销策略总体的实施与控制'
    字体: 未设置
    大小: 未设置
    粗体: 未设置
    斜体: 未设置
    下划线: 未设置
    标准颜色: 未设置
  运行 33: '，'
    字体: 未设置
    大小: 未设置
    粗体: 未设置
    斜体: 未设置
    下划线: 未设置
    标准颜色: 未设置
  运行 34: '总结出一系列具体的优化'
    字体: 未设置
    大小: 未设置
    粗体: 未设置
    斜体: 未设置
    下划线: 未设置
    标准颜色: 未设置
  运行 35: '方案。'
    字体: 未设置
    大小: 未设置
    粗体: 未设置
    斜体: 未设置
    下划线: 未设置
    标准颜色: 未设置

段落 307:
文本内容: 第六章，Y公司营销策略优化的保障措施。提出组织结构、人力资源、信息技术、财务管理和管理制度等五个层面的保障措施，确保优化营销策略顺利落地实施。
段落样式: 正文-缩进
从样式获取的格式:
  样式字体: 未设置
  样式字号: 未设置
  样式颜色: 未设置
对齐方式: 未设置
左缩进: 未设置
右缩进: 未设置
首行缩进: 未设置
行间距: 未设置
从XML读取的格式:
  运行 1: '第六章'
    字体: 未设置
    大小: 未设置
    粗体: 未设置
    斜体: 未设置
    下划线: 未设置
    标准颜色: 未设置
  运行 2: '，'
    字体: 未设置
    大小: 未设置
    粗体: 未设置
    斜体: 未设置
    下划线: 未设置
    标准颜色: 未设置
  运行 3: 'Y'
    字体: 未设置
    大小: 未设置
    粗体: 未设置
    斜体: 未设置
    下划线: 未设置
    标准颜色: 未设置
  运行 4: '公司营销策略优化的保障措施。'
    字体: 未设置
    大小: 未设置
    粗体: 未设置
    斜体: 未设置
    下划线: 未设置
    标准颜色: 未设置
  运行 5: '提出'
    字体: 未设置
    大小: 未设置
    粗体: 未设置
    斜体: 未设置
    下划线: 未设置
    标准颜色: 未设置
  运行 6: '组织结构、人力资源、信息技术、财务管理和管理制度等五个层面的保障措施，'
    字体: 未设置
    大小: 未设置
    粗体: 未设置
    斜体: 未设置
    下划线: 未设置
    标准颜色: 未设置
  运行 7: '确保'
    字体: 未设置
    大小: 未设置
    粗体: 未设置
    斜体: 未设置
    下划线: 未设置
    标准颜色: 未设置
  运行 8: '优化营销策略顺利落地实施'
    字体: 未设置
    大小: 未设置
    粗体: 未设置
    斜体: 未设置
    下划线: 未设置
    标准颜色: 未设置
  运行 9: '。'
    字体: 未设置
    大小: 未设置
    粗体: 未设置
    斜体: 未设置
    下划线: 未设置
    标准颜色: 未设置

段落 308:
文本内容: 第七章，结论与展望。总结全文结论，并阐述研究不足地方，以及对未来展望。
段落样式: 正文-缩进
从样式获取的格式:
  样式字体: 未设置
  样式字号: 未设置
  样式颜色: 未设置
对齐方式: 未设置
左缩进: 未设置
右缩进: 未设置
首行缩进: 未设置
行间距: 未设置
从XML读取的格式:
  运行 1: '第七章'
    字体: 未设置
    大小: 未设置
    粗体: 未设置
    斜体: 未设置
    下划线: 未设置
    标准颜色: 未设置
  运行 2: '，'
    字体: 未设置
    大小: 未设置
    粗体: 未设置
    斜体: 未设置
    下划线: 未设置
    标准颜色: 未设置
  运行 3: '结论与展望'
    字体: 未设置
    大小: 未设置
    粗体: 未设置
    斜体: 未设置
    下划线: 未设置
    标准颜色: 未设置
  运行 4: '。'
    字体: 未设置
    大小: 未设置
    粗体: 未设置
    斜体: 未设置
    下划线: 未设置
    标准颜色: 未设置
  运行 5: '总结全文结论，'
    字体: 未设置
    大小: 未设置
    粗体: 未设置
    斜体: 未设置
    下划线: 未设置
    标准颜色: 未设置
  运行 6: '并'
    字体: 未设置
    大小: 未设置
    粗体: 未设置
    斜体: 未设置
    下划线: 未设置
    标准颜色: 未设置
  运行 7: '阐述研究不足地方，以及'
    字体: 未设置
    大小: 未设置
    粗体: 未设置
    斜体: 未设置
    下划线: 未设置
    标准颜色: 未设置
  运行 8: '对'
    字体: 未设置
    大小: 未设置
    粗体: 未设置
    斜体: 未设置
    下划线: 未设置
    标准颜色: 未设置
  运行 9: '未来展望。'
    字体: 未设置
    大小: 未设置
    粗体: 未设置
    斜体: 未设置
    下划线: 未设置
    标准颜色: 未设置

段落 309:
文本内容: 研究技术路线
段落样式: Heading 3
从样式获取的格式:
  样式字体: 未设置
  样式字号: 未设置
  样式颜色: 未设置
对齐方式: 未设置
左缩进: 未设置
右缩进: 未设置
首行缩进: 未设置
行间距: 未设置
从XML读取的格式:
  运行 1: '研究技术路线'
    字体: 未设置
    大小: 未设置
    粗体: 未设置
    斜体: 未设置
    下划线: 未设置
    标准颜色: 未设置
  运行 2: ''
    字体: 未设置
    大小: 未设置
    粗体: 未设置
    斜体: 未设置
    下划线: 未设置
    标准颜色: 未设置
  运行 3: ''
    字体: 未设置
    大小: 未设置
    粗体: 未设置
    斜体: 未设置
    下划线: 未设置
    标准颜色: 未设置
  运行 4: ''
    字体: 未设置
    大小: 未设置
    粗体: 未设置
    斜体: 未设置
    下划线: 未设置
    标准颜色: 未设置
  运行 5: ''
    字体: 未设置
    大小: 未设置
    粗体: 未设置
    斜体: 未设置
    下划线: 未设置
    标准颜色: 未设置
  运行 6: ''
    字体: 未设置
    大小: 未设置
    粗体: 未设置
    斜体: 未设置
    下划线: 未设置
    标准颜色: 未设置
  运行 7: ''
    字体: 未设置
    大小: 未设置
    粗体: 未设置
    斜体: 未设置
    下划线: 未设置
    标准颜色: 未设置
  运行 8: ''
    字体: 未设置
    大小: 未设置
    粗体: 未设置
    斜体: 未设置
    下划线: 未设置
    标准颜色: 未设置
  运行 9: ''
    字体: 未设置
    大小: 未设置
    粗体: 未设置
    斜体: 未设置
    下划线: 未设置
    标准颜色: 未设置
  运行 10: ''
    字体: 未设置
    大小: 未设置
    粗体: 未设置
    斜体: 未设置
    下划线: 未设置
    标准颜色: 未设置
  运行 11: ''
    字体: 未设置
    大小: 未设置
    粗体: 未设置
    斜体: 未设置
    下划线: 未设置
    标准颜色: 未设置
  运行 12: ''
    字体: 未设置
    大小: 未设置
    粗体: 未设置
    斜体: 未设置
    下划线: 未设置
    标准颜色: 未设置
  运行 13: ''
    字体: 未设置
    大小: 未设置
    粗体: 未设置
    斜体: 未设置
    下划线: 未设置
    标准颜色: 未设置
  运行 14: ''
    字体: 未设置
    大小: 未设置
    粗体: 未设置
    斜体: 未设置
    下划线: 未设置
    标准颜色: 未设置
  运行 15: ''
    字体: 未设置
    大小: 未设置
    粗体: 未设置
    斜体: 未设置
    下划线: 未设置
    标准颜色: 未设置
  运行 16: ''
    字体: 未设置
    大小: 未设置
    粗体: 未设置
    斜体: 未设置
    下划线: 未设置
    标准颜色: 未设置
  运行 17: ''
    字体: 未设置
    大小: 未设置
    粗体: 未设置
    斜体: 未设置
    下划线: 未设置
    标准颜色: 未设置
  运行 18: ''
    字体: 未设置
    大小: 未设置
    粗体: 未设置
    斜体: 未设置
    下划线: 未设置
    标准颜色: 未设置
  运行 19: ''
    字体: 未设置
    大小: 未设置
    粗体: 未设置
    斜体: 未设置
    下划线: 未设置
    标准颜色: 未设置
  运行 20: ''
    字体: 未设置
    大小: 未设置
    粗体: 未设置
    斜体: 未设置
    下划线: 未设置
    标准颜色: 未设置
  运行 21: ''
    字体: 未设置
    大小: 未设置
    粗体: 未设置
    斜体: 未设置
    下划线: 未设置
    标准颜色: 未设置
  运行 22: ''
    字体: 未设置
    大小: 未设置
    粗体: 未设置
    斜体: 未设置
    下划线: 未设置
    标准颜色: 未设置
  运行 23: ''
    字体: 未设置
    大小: 未设置
    粗体: 未设置
    斜体: 未设置
    下划线: 未设置
    标准颜色: 未设置
  运行 24: ''
    字体: 未设置
    大小: 未设置
    粗体: 未设置
    斜体: 未设置
    下划线: 未设置
    标准颜色: 未设置
  运行 25: ''
    字体: 未设置
    大小: 未设置
    粗体: 未设置
    斜体: 未设置
    下划线: 未设置
    标准颜色: 未设置
  运行 26: ''
    字体: 未设置
    大小: 未设置
    粗体: 未设置
    斜体: 未设置
    下划线: 未设置
    标准颜色: 未设置
  运行 27: ''
    字体: 未设置
    大小: 未设置
    粗体: 未设置
    斜体: 未设置
    下划线: 未设置
    标准颜色: 未设置
  运行 28: ''
    字体: 未设置
    大小: 未设置
    粗体: 未设置
    斜体: 未设置
    下划线: 未设置
    标准颜色: 未设置

段落 310:
文本内容: 本文的研究技术路线如图 1-1所示：
段落样式: 正文-缩进
从样式获取的格式:
  样式字体: 未设置
  样式字号: 未设置
  样式颜色: 未设置
对齐方式: 未设置
左缩进: 未设置
右缩进: 未设置
首行缩进: 未设置
行间距: 未设置
从XML读取的格式:
  运行 1: '本文的研究技术路线如'
    字体: 未设置
    大小: 未设置
    粗体: 未设置
    斜体: 未设置
    下划线: 未设置
    标准颜色: 未设置
  运行 2: ''
    字体: 未设置
    大小: 未设置
    粗体: 未设置
    斜体: 未设置
    下划线: 未设置
    标准颜色: 未设置
  运行 3: ''
    字体: 未设置
    大小: 未设置
    粗体: 未设置
    斜体: 未设置
    下划线: 未设置
    标准颜色: 未设置
  运行 4: ''
    字体: 未设置
    大小: 未设置
    粗体: 未设置
    斜体: 未设置
    下划线: 未设置
    标准颜色: 未设置
  运行 5: ''
    字体: 未设置
    大小: 未设置
    粗体: 未设置
    斜体: 未设置
    下划线: 未设置
    标准颜色: 未设置
  运行 6: ''
    字体: 未设置
    大小: 未设置
    粗体: 未设置
    斜体: 未设置
    下划线: 未设置
    标准颜色: 未设置
  运行 7: '图'
    字体: 未设置
    大小: 未设置
    粗体: 未设置
    斜体: 未设置
    下划线: 未设置
    标准颜色: 未设置
  运行 8: ' '
    字体: 未设置
    大小: 未设置
    粗体: 未设置
    斜体: 未设置
    下划线: 未设置
    标准颜色: 未设置
  运行 9: '1'
    字体: 未设置
    大小: 未设置
    粗体: 未设置
    斜体: 未设置
    下划线: 未设置
    标准颜色: 未设置
  运行 10: '-'
    字体: 未设置
    大小: 未设置
    粗体: 未设置
    斜体: 未设置
    下划线: 未设置
    标准颜色: 未设置
  运行 11: '1'
    字体: 未设置
    大小: 未设置
    粗体: 未设置
    斜体: 未设置
    下划线: 未设置
    标准颜色: 未设置
  运行 12: ''
    字体: 未设置
    大小: 未设置
    粗体: 未设置
    斜体: 未设置
    下划线: 未设置
    标准颜色: 未设置
  运行 13: '所示：'
    字体: 未设置
    大小: 未设置
    粗体: 未设置
    斜体: 未设置
    下划线: 未设置
    标准颜色: 未设置

段落 312:
文本内容: 图 1-1　论文研究技术路线
段落样式: Caption
从样式获取的格式:
  样式字体: 未设置
  样式字号: 未设置
  样式颜色: 未设置
对齐方式: 未设置
左缩进: 未设置
右缩进: 未设置
首行缩进: 未设置
行间距: 未设置
从XML读取的格式:
  运行 1: '图'
    字体: 未设置
    大小: 未设置
    粗体: 未设置
    斜体: 未设置
    下划线: 未设置
    标准颜色: 未设置
  运行 2: ' '
    字体: 未设置
    大小: 未设置
    粗体: 未设置
    斜体: 未设置
    下划线: 未设置
    标准颜色: 未设置
  运行 3: ''
    字体: 未设置
    大小: 未设置
    粗体: 未设置
    斜体: 未设置
    下划线: 未设置
    标准颜色: 未设置
  运行 4: ''
    字体: 未设置
    大小: 未设置
    粗体: 未设置
    斜体: 未设置
    下划线: 未设置
    标准颜色: 未设置
  运行 5: ''
    字体: 未设置
    大小: 未设置
    粗体: 未设置
    斜体: 未设置
    下划线: 未设置
    标准颜色: 未设置
  运行 6: ''
    字体: 未设置
    大小: 未设置
    粗体: 未设置
    斜体: 未设置
    下划线: 未设置
    标准颜色: 未设置
  运行 7: ''
    字体: 未设置
    大小: 未设置
    粗体: 未设置
    斜体: 未设置
    下划线: 未设置
    标准颜色: 未设置
  运行 8: '1'
    字体: 未设置
    大小: 未设置
    粗体: 未设置
    斜体: 未设置
    下划线: 未设置
    标准颜色: 未设置
  运行 9: ''
    字体: 未设置
    大小: 未设置
    粗体: 未设置
    斜体: 未设置
    下划线: 未设置
    标准颜色: 未设置
  运行 10: '-'
    字体: 未设置
    大小: 未设置
    粗体: 未设置
    斜体: 未设置
    下划线: 未设置
    标准颜色: 未设置
  运行 11: ''
    字体: 未设置
    大小: 未设置
    粗体: 未设置
    斜体: 未设置
    下划线: 未设置
    标准颜色: 未设置
  运行 12: ''
    字体: 未设置
    大小: 未设置
    粗体: 未设置
    斜体: 未设置
    下划线: 未设置
    标准颜色: 未设置
  运行 13: ''
    字体: 未设置
    大小: 未设置
    粗体: 未设置
    斜体: 未设置
    下划线: 未设置
    标准颜色: 未设置
  运行 14: ''
    字体: 未设置
    大小: 未设置
    粗体: 未设置
    斜体: 未设置
    下划线: 未设置
    标准颜色: 未设置
  运行 15: ''
    字体: 未设置
    大小: 未设置
    粗体: 未设置
    斜体: 未设置
    下划线: 未设置
    标准颜色: 未设置
  运行 16: ''
    字体: 未设置
    大小: 未设置
    粗体: 未设置
    斜体: 未设置
    下划线: 未设置
    标准颜色: 未设置
  运行 17: ''
    字体: 未设置
    大小: 未设置
    粗体: 未设置
    斜体: 未设置
    下划线: 未设置
    标准颜色: 未设置
  运行 18: '1'
    字体: 未设置
    大小: 未设置
    粗体: 未设置
    斜体: 未设置
    下划线: 未设置
    标准颜色: 未设置
  运行 19: ''
    字体: 未设置
    大小: 未设置
    粗体: 未设置
    斜体: 未设置
    下划线: 未设置
    标准颜色: 未设置
  运行 20: '　'
    字体: 未设置
    大小: 未设置
    粗体: 未设置
    斜体: 未设置
    下划线: 未设置
    标准颜色: 未设置
  运行 21: '论文研究技术路线'
    字体: 未设置
    大小: 未设置
    粗体: 未设置
    斜体: 未设置
    下划线: 未设置
    标准颜色: 未设置

段落 313:
文本内容: 资料来源：作者整理，本文技术路线，2024.
段落样式: 图表资料来源
从样式获取的格式:
  样式字体: 未设置
  样式字号: 114300
  样式字号(pt): 9.0
  样式颜色: 未设置
对齐方式: 未设置
左缩进: 未设置
右缩进: 未设置
首行缩进: 未设置
行间距: 未设置
从XML读取的格式:
  运行 1: '资料来源：作者整理，'
    字体: 未设置
    大小: 未设置
    粗体: 未设置
    斜体: 未设置
    下划线: 未设置
    标准颜色: 未设置
  运行 2: '本文'
    字体: 未设置
    大小: 未设置
    粗体: 未设置
    斜体: 未设置
    下划线: 未设置
    标准颜色: 未设置
  运行 3: '技术路线'
    字体: 未设置
    大小: 未设置
    粗体: 未设置
    斜体: 未设置
    下划线: 未设置
    标准颜色: 未设置
  运行 4: '，'
    字体: 未设置
    大小: 未设置
    粗体: 未设置
    斜体: 未设置
    下划线: 未设置
    标准颜色: 未设置
  运行 5: '2'
    字体: 未设置
    大小: 未设置
    粗体: 未设置
    斜体: 未设置
    下划线: 未设置
    标准颜色: 未设置
  运行 6: '02'
    字体: 未设置
    大小: 未设置
    粗体: 未设置
    斜体: 未设置
    下划线: 未设置
    标准颜色: 未设置
  运行 7: '4'
    字体: 未设置
    大小: 未设置
    粗体: 未设置
    斜体: 未设置
    下划线: 未设置
    标准颜色: 未设置
  运行 8: '.'
    字体: 未设置
    大小: 未设置
    粗体: 未设置
    斜体: 未设置
    下划线: 未设置
    标准颜色: 未设置

段落 315:
文本内容: 研究方法
段落样式: Heading 3
从样式获取的格式:
  样式字体: 未设置
  样式字号: 未设置
  样式颜色: 未设置
对齐方式: 未设置
左缩进: 未设置
右缩进: 未设置
首行缩进: 未设置
行间距: 未设置
从XML读取的格式:
  运行 1: '研究方法'
    字体: 未设置
    大小: 未设置
    粗体: 未设置
    斜体: 未设置
    下划线: 未设置
    标准颜色: 未设置
  运行 2: ''
    字体: 未设置
    大小: 未设置
    粗体: 未设置
    斜体: 未设置
    下划线: 未设置
    标准颜色: 未设置
  运行 3: ''
    字体: 未设置
    大小: 未设置
    粗体: 未设置
    斜体: 未设置
    下划线: 未设置
    标准颜色: 未设置
  运行 4: ''
    字体: 未设置
    大小: 未设置
    粗体: 未设置
    斜体: 未设置
    下划线: 未设置
    标准颜色: 未设置
  运行 5: ''
    字体: 未设置
    大小: 未设置
    粗体: 未设置
    斜体: 未设置
    下划线: 未设置
    标准颜色: 未设置
  运行 6: ''
    字体: 未设置
    大小: 未设置
    粗体: 未设置
    斜体: 未设置
    下划线: 未设置
    标准颜色: 未设置
  运行 7: ''
    字体: 未设置
    大小: 未设置
    粗体: 未设置
    斜体: 未设置
    下划线: 未设置
    标准颜色: 未设置
  运行 8: ''
    字体: 未设置
    大小: 未设置
    粗体: 未设置
    斜体: 未设置
    下划线: 未设置
    标准颜色: 未设置
  运行 9: ''
    字体: 未设置
    大小: 未设置
    粗体: 未设置
    斜体: 未设置
    下划线: 未设置
    标准颜色: 未设置
  运行 10: ''
    字体: 未设置
    大小: 未设置
    粗体: 未设置
    斜体: 未设置
    下划线: 未设置
    标准颜色: 未设置
  运行 11: ''
    字体: 未设置
    大小: 未设置
    粗体: 未设置
    斜体: 未设置
    下划线: 未设置
    标准颜色: 未设置
  运行 12: ''
    字体: 未设置
    大小: 未设置
    粗体: 未设置
    斜体: 未设置
    下划线: 未设置
    标准颜色: 未设置
  运行 13: ''
    字体: 未设置
    大小: 未设置
    粗体: 未设置
    斜体: 未设置
    下划线: 未设置
    标准颜色: 未设置
  运行 14: ''
    字体: 未设置
    大小: 未设置
    粗体: 未设置
    斜体: 未设置
    下划线: 未设置
    标准颜色: 未设置
  运行 15: ''
    字体: 未设置
    大小: 未设置
    粗体: 未设置
    斜体: 未设置
    下划线: 未设置
    标准颜色: 未设置
  运行 16: ''
    字体: 未设置
    大小: 未设置
    粗体: 未设置
    斜体: 未设置
    下划线: 未设置
    标准颜色: 未设置
  运行 17: ''
    字体: 未设置
    大小: 未设置
    粗体: 未设置
    斜体: 未设置
    下划线: 未设置
    标准颜色: 未设置
  运行 18: ''
    字体: 未设置
    大小: 未设置
    粗体: 未设置
    斜体: 未设置
    下划线: 未设置
    标准颜色: 未设置
  运行 19: ''
    字体: 未设置
    大小: 未设置
    粗体: 未设置
    斜体: 未设置
    下划线: 未设置
    标准颜色: 未设置
  运行 20: ''
    字体: 未设置
    大小: 未设置
    粗体: 未设置
    斜体: 未设置
    下划线: 未设置
    标准颜色: 未设置
  运行 21: ''
    字体: 未设置
    大小: 未设置
    粗体: 未设置
    斜体: 未设置
    下划线: 未设置
    标准颜色: 未设置
  运行 22: ''
    字体: 未设置
    大小: 未设置
    粗体: 未设置
    斜体: 未设置
    下划线: 未设置
    标准颜色: 未设置
  运行 23: ''
    字体: 未设置
    大小: 未设置
    粗体: 未设置
    斜体: 未设置
    下划线: 未设置
    标准颜色: 未设置
  运行 24: ''
    字体: 未设置
    大小: 未设置
    粗体: 未设置
    斜体: 未设置
    下划线: 未设置
    标准颜色: 未设置
  运行 25: ''
    字体: 未设置
    大小: 未设置
    粗体: 未设置
    斜体: 未设置
    下划线: 未设置
    标准颜色: 未设置
  运行 26: ''
    字体: 未设置
    大小: 未设置
    粗体: 未设置
    斜体: 未设置
    下划线: 未设置
    标准颜色: 未设置
  运行 27: ''
    字体: 未设置
    大小: 未设置
    粗体: 未设置
    斜体: 未设置
    下划线: 未设置
    标准颜色: 未设置
  运行 28: ''
    字体: 未设置
    大小: 未设置
    粗体: 未设置
    斜体: 未设置
    下划线: 未设置
    标准颜色: 未设置

段落 316:
文本内容: 文献研究法
段落样式: Heading 4
从样式获取的格式:
  样式字体: 未设置
  样式字号: 未设置
  样式颜色: 未设置
对齐方式: 未设置
左缩进: 未设置
右缩进: 未设置
首行缩进: 未设置
行间距: 未设置
从XML读取的格式:
  运行 1: '文献研究法'
    字体: 未设置
    大小: 未设置
    粗体: 未设置
    斜体: 未设置
    下划线: 未设置
    标准颜色: 未设置

段落 317:
文本内容: 笔者通过中国知网、万方数据库等多方渠道，查阅大量市场营销理论、营销策略、医疗器械行业营销策略、眼科行业营销策略研究数据的书籍、期刊、论文等，掌握本研究所需要的理论和分析模型。本研究中所用到的医疗行业、眼科行业数据来自国内外知名机构发布的研究文献，以及各民营医院集团的招股书。文中涉及的Y公司信息数据，是来源于笔者就职的企业，主要通过查阅Y公司内部信息，并做分析处理得到的。
段落样式: 正文-缩进
从样式获取的格式:
  样式字体: 未设置
  样式字号: 未设置
  样式颜色: 未设置
对齐方式: 未设置
左缩进: 未设置
右缩进: 未设置
首行缩进: 未设置
行间距: 未设置
从XML读取的格式:
  运行 1: '笔者'
    字体: 未设置
    大小: 未设置
    粗体: 未设置
    斜体: 未设置
    下划线: 未设置
    标准颜色: 未设置
  运行 2: '通过'
    字体: 未设置
    大小: 未设置
    粗体: 未设置
    斜体: 未设置
    下划线: 未设置
    标准颜色: 未设置
  运行 3: '中国'
    字体: 未设置
    大小: 未设置
    粗体: 未设置
    斜体: 未设置
    下划线: 未设置
    标准颜色: 未设置
  运行 4: '知网、万方'
    字体: 未设置
    大小: 未设置
    粗体: 未设置
    斜体: 未设置
    下划线: 未设置
    标准颜色: 未设置
  运行 5: '数据库'
    字体: 未设置
    大小: 未设置
    粗体: 未设置
    斜体: 未设置
    下划线: 未设置
    标准颜色: 未设置
  运行 6: '等'
    字体: 未设置
    大小: 未设置
    粗体: 未设置
    斜体: 未设置
    下划线: 未设置
    标准颜色: 未设置
  运行 7: '多方'
    字体: 未设置
    大小: 未设置
    粗体: 未设置
    斜体: 未设置
    下划线: 未设置
    标准颜色: 未设置
  运行 8: '渠道，'
    字体: 未设置
    大小: 未设置
    粗体: 未设置
    斜体: 未设置
    下划线: 未设置
    标准颜色: 未设置
  运行 9: '查阅'
    字体: 未设置
    大小: 未设置
    粗体: 未设置
    斜体: 未设置
    下划线: 未设置
    标准颜色: 未设置
  运行 10: '大量市场营销理论、营销策略、医疗器械'
    字体: 未设置
    大小: 未设置
    粗体: 未设置
    斜体: 未设置
    下划线: 未设置
    标准颜色: 未设置
  运行 11: '行业'
    字体: 未设置
    大小: 未设置
    粗体: 未设置
    斜体: 未设置
    下划线: 未设置
    标准颜色: 未设置
  运行 12: '营销策略'
    字体: 未设置
    大小: 未设置
    粗体: 未设置
    斜体: 未设置
    下划线: 未设置
    标准颜色: 未设置
  运行 13: '、眼科行业'
    字体: 未设置
    大小: 未设置
    粗体: 未设置
    斜体: 未设置
    下划线: 未设置
    标准颜色: 未设置
  运行 14: '营销'
    字体: 未设置
    大小: 未设置
    粗体: 未设置
    斜体: 未设置
    下划线: 未设置
    标准颜色: 未设置
  运行 15: '策略'
    字体: 未设置
    大小: 未设置
    粗体: 未设置
    斜体: 未设置
    下划线: 未设置
    标准颜色: 未设置
  运行 16: '研究数据的书籍、期刊、论文等，掌握本研究所需要的理论和分析模型。本研究中所用到的医疗行业、眼科行业数据来自国内外知名机构发布的'
    字体: 未设置
    大小: 未设置
    粗体: 未设置
    斜体: 未设置
    下划线: 未设置
    标准颜色: 未设置
  运行 17: '研究文献，以及各民营医院集团的招股书'
    字体: 未设置
    大小: 未设置
    粗体: 未设置
    斜体: 未设置
    下划线: 未设置
    标准颜色: 未设置
  运行 18: '。'
    字体: 未设置
    大小: 未设置
    粗体: 未设置
    斜体: 未设置
    下划线: 未设置
    标准颜色: 未设置
  运行 19: '文中涉及的'
    字体: 未设置
    大小: 未设置
    粗体: 未设置
    斜体: 未设置
    下划线: 未设置
    标准颜色: 未设置
  运行 20: 'Y'
    字体: 未设置
    大小: 未设置
    粗体: 未设置
    斜体: 未设置
    下划线: 未设置
    标准颜色: 未设置
  运行 21: '公司信息数据，是来源于'
    字体: 未设置
    大小: 未设置
    粗体: 未设置
    斜体: 未设置
    下划线: 未设置
    标准颜色: 未设置
  运行 22: '笔者'
    字体: 未设置
    大小: 未设置
    粗体: 未设置
    斜体: 未设置
    下划线: 未设置
    标准颜色: 未设置
  运行 23: '就职的企业，'
    字体: 未设置
    大小: 未设置
    粗体: 未设置
    斜体: 未设置
    下划线: 未设置
    标准颜色: 未设置
  运行 24: '主要通过'
    字体: 未设置
    大小: 未设置
    粗体: 未设置
    斜体: 未设置
    下划线: 未设置
    标准颜色: 未设置
  运行 25: '查阅'
    字体: 未设置
    大小: 未设置
    粗体: 未设置
    斜体: 未设置
    下划线: 未设置
    标准颜色: 未设置
  运行 26: 'Y'
    字体: 未设置
    大小: 未设置
    粗体: 未设置
    斜体: 未设置
    下划线: 未设置
    标准颜色: 未设置
  运行 27: '公司内部信息，并做'
    字体: 未设置
    大小: 未设置
    粗体: 未设置
    斜体: 未设置
    下划线: 未设置
    标准颜色: 未设置
  运行 28: '分析'
    字体: 未设置
    大小: 未设置
    粗体: 未设置
    斜体: 未设置
    下划线: 未设置
    标准颜色: 未设置
  运行 29: '处理得到的。'
    字体: 未设置
    大小: 未设置
    粗体: 未设置
    斜体: 未设置
    下划线: 未设置
    标准颜色: 未设置

段落 318:
文本内容: 访谈调查法
段落样式: Heading 4
从样式获取的格式:
  样式字体: 未设置
  样式字号: 未设置
  样式颜色: 未设置
对齐方式: 未设置
左缩进: 未设置
右缩进: 未设置
首行缩进: 未设置
行间距: 未设置
从XML读取的格式:
  运行 1: '访谈调'
    字体: 未设置
    大小: 未设置
    粗体: 未设置
    斜体: 未设置
    下划线: 未设置
    标准颜色: 未设置
  运行 2: '查'
    字体: 未设置
    大小: 未设置
    粗体: 未设置
    斜体: 未设置
    下划线: 未设置
    标准颜色: 未设置
  运行 3: '法'
    字体: 未设置
    大小: 未设置
    粗体: 未设置
    斜体: 未设置
    下划线: 未设置
    标准颜色: 未设置

段落 319:
文本内容: 通过对Y公司各省区经理、资深销售人员、市场部人员等进行对话交流，详细听取各级人员对于公司营销过程中遇到的问题、以及需要改进之处的真实表述。了解他们对Y公司目前的营销策略的看法，同他们的访谈结果得到客观的结论数据，再由多个个体的结论找出共性的看法和结论。
段落样式: 正文-缩进
从样式获取的格式:
  样式字体: 未设置
  样式字号: 未设置
  样式颜色: 未设置
对齐方式: 未设置
左缩进: 未设置
右缩进: 未设置
首行缩进: 未设置
行间距: 未设置
从XML读取的格式:
  运行 1: '通过对'
    字体: 未设置
    大小: 未设置
    粗体: 未设置
    斜体: 未设置
    下划线: 未设置
    标准颜色: 未设置
  运行 2: 'Y'
    字体: 未设置
    大小: 未设置
    粗体: 未设置
    斜体: 未设置
    下划线: 未设置
    标准颜色: 未设置
  运行 3: '公司各省区经理、资深销售人员、市场部人员'
    字体: 未设置
    大小: 未设置
    粗体: 未设置
    斜体: 未设置
    下划线: 未设置
    标准颜色: 未设置
  运行 4: '等进行对话交流，详细听取各级人员对于'
    字体: 未设置
    大小: 未设置
    粗体: 未设置
    斜体: 未设置
    下划线: 未设置
    标准颜色: 未设置
  运行 5: '公司'
    字体: 未设置
    大小: 未设置
    粗体: 未设置
    斜体: 未设置
    下划线: 未设置
    标准颜色: 未设置
  运行 6: '营销过程中遇到的问题、以及需要改进之处的真实表述。'
    字体: 未设置
    大小: 未设置
    粗体: 未设置
    斜体: 未设置
    下划线: 未设置
    标准颜色: 未设置
  运行 7: '了解他们对'
    字体: 未设置
    大小: 未设置
    粗体: 未设置
    斜体: 未设置
    下划线: 未设置
    标准颜色: 未设置
  运行 8: 'Y'
    字体: 未设置
    大小: 未设置
    粗体: 未设置
    斜体: 未设置
    下划线: 未设置
    标准颜色: 未设置
  运行 9: '公司目前的营销策略的看法，同他们的访谈结果得到'
    字体: 未设置
    大小: 未设置
    粗体: 未设置
    斜体: 未设置
    下划线: 未设置
    标准颜色: 未设置
  运行 10: '客观'
    字体: 未设置
    大小: 未设置
    粗体: 未设置
    斜体: 未设置
    下划线: 未设置
    标准颜色: 未设置
  运行 11: '的结论'
    字体: 未设置
    大小: 未设置
    粗体: 未设置
    斜体: 未设置
    下划线: 未设置
    标准颜色: 未设置
  运行 12: '数据'
    字体: 未设置
    大小: 未设置
    粗体: 未设置
    斜体: 未设置
    下划线: 未设置
    标准颜色: 未设置
  运行 13: '，再由多个个体的结论找出共性的看法和结论。'
    字体: 未设置
    大小: 未设置
    粗体: 未设置
    斜体: 未设置
    下划线: 未设置
    标准颜色: 未设置

段落 320:
文本内容: 问卷调查法
段落样式: Heading 4
从样式获取的格式:
  样式字体: 未设置
  样式字号: 未设置
  样式颜色: 未设置
对齐方式: 未设置
左缩进: 未设置
右缩进: 未设置
首行缩进: 未设置
行间距: 未设置
从XML读取的格式:
  运行 1: '问卷'
    字体: 未设置
    大小: 未设置
    粗体: 未设置
    斜体: 未设置
    下划线: 未设置
    标准颜色: 未设置
  运行 2: '调'
    字体: 未设置
    大小: 未设置
    粗体: 未设置
    斜体: 未设置
    下划线: 未设置
    标准颜色: 未设置
  运行 3: '查'
    字体: 未设置
    大小: 未设置
    粗体: 未设置
    斜体: 未设置
    下划线: 未设置
    标准颜色: 未设置
  运行 4: '法'
    字体: 未设置
    大小: 未设置
    粗体: 未设置
    斜体: 未设置
    下划线: 未设置
    标准颜色: 未设置

段落 321:
文本内容: 通过对市面上不同的人群：公立医疗机构设备科、临床科室主任、采购办；民营医疗机构临床主任、医院院长、医院CEO等发放问卷。通过匿名调研问卷可以客观的获得客户对于Y公司产品的了解程度、对价格的接受程度以及对售后服务的满意度。通过对调查数据的分析整理，得到本研究所需的数据，进而分析Y公司在市场营销过程中存在的问题，并制定出适合市场实际情况的营销策略。
段落样式: 正文-缩进
从样式获取的格式:
  样式字体: 未设置
  样式字号: 未设置
  样式颜色: 未设置
对齐方式: 未设置
左缩进: 未设置
右缩进: 未设置
首行缩进: 未设置
行间距: 未设置
从XML读取的格式:
  运行 1: '通过对市面上不同的人群：公立医疗机构设备科、临床科室主任、采购办；民营医疗机构临床主任、医院院长、医院'
    字体: 未设置
    大小: 未设置
    粗体: 未设置
    斜体: 未设置
    下划线: 未设置
    标准颜色: 未设置
  运行 2: 'CEO'
    字体: 未设置
    大小: 未设置
    粗体: 未设置
    斜体: 未设置
    下划线: 未设置
    标准颜色: 未设置
  运行 3: '等发放问卷'
    字体: 未设置
    大小: 未设置
    粗体: 未设置
    斜体: 未设置
    下划线: 未设置
    标准颜色: 未设置
  运行 4: '。'
    字体: 未设置
    大小: 未设置
    粗体: 未设置
    斜体: 未设置
    下划线: 未设置
    标准颜色: 未设置
  运行 5: '通过匿名'
    字体: 未设置
    大小: 未设置
    粗体: 未设置
    斜体: 未设置
    下划线: 未设置
    标准颜色: 未设置
  运行 6: '调研'
    字体: 未设置
    大小: 未设置
    粗体: 未设置
    斜体: 未设置
    下划线: 未设置
    标准颜色: 未设置
  运行 7: '问卷可以客观的获得客户对于'
    字体: 未设置
    大小: 未设置
    粗体: 未设置
    斜体: 未设置
    下划线: 未设置
    标准颜色: 未设置
  运行 8: 'Y'
    字体: 未设置
    大小: 未设置
    粗体: 未设置
    斜体: 未设置
    下划线: 未设置
    标准颜色: 未设置
  运行 9: '公司产品的了解程度、对价格的接受程度以及对售后服务的满意度。通过对调查数据的分析整理，得到本研究所需的数据，进而分析'
    字体: 未设置
    大小: 未设置
    粗体: 未设置
    斜体: 未设置
    下划线: 未设置
    标准颜色: 未设置
  运行 10: 'Y'
    字体: 未设置
    大小: 未设置
    粗体: 未设置
    斜体: 未设置
    下划线: 未设置
    标准颜色: 未设置
  运行 11: '公司在市场营销过程中存在的问题，并制定出适合市场实际情况的营销策略。'
    字体: 未设置
    大小: 未设置
    粗体: 未设置
    斜体: 未设置
    下划线: 未设置
    标准颜色: 未设置

段落 322:
文本内容: 研究创新点
段落样式: Heading 2
从样式获取的格式:
  样式字体: 未设置
  样式字号: 177800
  样式字号(pt): 14.0
  样式颜色: 未设置
对齐方式: 未设置
左缩进: 未设置
右缩进: 未设置
首行缩进: 未设置
行间距: 未设置
从XML读取的格式:
  运行 1: '研究创新点'
    字体: 未设置
    大小: 未设置
    粗体: 未设置
    斜体: 未设置
    下划线: 未设置
    标准颜色: 未设置
  运行 2: ''
    字体: 未设置
    大小: 未设置
    粗体: 未设置
    斜体: 未设置
    下划线: 未设置
    标准颜色: 未设置
  运行 3: ''
    字体: 未设置
    大小: 未设置
    粗体: 未设置
    斜体: 未设置
    下划线: 未设置
    标准颜色: 未设置
  运行 4: ''
    字体: 未设置
    大小: 未设置
    粗体: 未设置
    斜体: 未设置
    下划线: 未设置
    标准颜色: 未设置
  运行 5: ''
    字体: 未设置
    大小: 未设置
    粗体: 未设置
    斜体: 未设置
    下划线: 未设置
    标准颜色: 未设置
  运行 6: ''
    字体: 未设置
    大小: 未设置
    粗体: 未设置
    斜体: 未设置
    下划线: 未设置
    标准颜色: 未设置
  运行 7: ''
    字体: 未设置
    大小: 未设置
    粗体: 未设置
    斜体: 未设置
    下划线: 未设置
    标准颜色: 未设置
  运行 8: ''
    字体: 未设置
    大小: 未设置
    粗体: 未设置
    斜体: 未设置
    下划线: 未设置
    标准颜色: 未设置
  运行 9: ''
    字体: 未设置
    大小: 未设置
    粗体: 未设置
    斜体: 未设置
    下划线: 未设置
    标准颜色: 未设置
  运行 10: ''
    字体: 未设置
    大小: 未设置
    粗体: 未设置
    斜体: 未设置
    下划线: 未设置
    标准颜色: 未设置

段落 323:
文本内容: 目前进口眼科设备，在中国市场面临国产化替代的威胁和挑战。针对Y公司眼科医疗设备在华南市场的营销策略，本文提出了以下创新点：
段落样式: 正文-缩进
从样式获取的格式:
  样式字体: 未设置
  样式字号: 未设置
  样式颜色: 未设置
对齐方式: 未设置
左缩进: 未设置
右缩进: 未设置
首行缩进: 未设置
行间距: 未设置
从XML读取的格式:
  运行 1: '目前'
    字体: 未设置
    大小: 未设置
    粗体: 未设置
    斜体: 未设置
    下划线: 未设置
    标准颜色: 未设置
  运行 2: '进口眼科'
    字体: 未设置
    大小: 未设置
    粗体: 未设置
    斜体: 未设置
    下划线: 未设置
    标准颜色: 未设置
  运行 3: '设备'
    字体: 未设置
    大小: 未设置
    粗体: 未设置
    斜体: 未设置
    下划线: 未设置
    标准颜色: 未设置
  运行 4: '，'
    字体: 未设置
    大小: 未设置
    粗体: 未设置
    斜体: 未设置
    下划线: 未设置
    标准颜色: 未设置
  运行 5: '在中国市场面临'
    字体: 未设置
    大小: 未设置
    粗体: 未设置
    斜体: 未设置
    下划线: 未设置
    标准颜色: 未设置
  运行 6: '国产化替代的'
    字体: 未设置
    大小: 未设置
    粗体: 未设置
    斜体: 未设置
    下划线: 未设置
    标准颜色: 未设置
  运行 7: '威胁和'
    字体: 未设置
    大小: 未设置
    粗体: 未设置
    斜体: 未设置
    下划线: 未设置
    标准颜色: 未设置
  运行 8: '挑战。针对'
    字体: 未设置
    大小: 未设置
    粗体: 未设置
    斜体: 未设置
    下划线: 未设置
    标准颜色: 未设置
  运行 9: 'Y'
    字体: 未设置
    大小: 未设置
    粗体: 未设置
    斜体: 未设置
    下划线: 未设置
    标准颜色: 未设置
  运行 10: '公司'
    字体: 未设置
    大小: 未设置
    粗体: 未设置
    斜体: 未设置
    下划线: 未设置
    标准颜色: 未设置
  运行 11: '眼科'
    字体: 未设置
    大小: 未设置
    粗体: 未设置
    斜体: 未设置
    下划线: 未设置
    标准颜色: 未设置
  运行 12: '医疗设备在'
    字体: 未设置
    大小: 未设置
    粗体: 未设置
    斜体: 未设置
    下划线: 未设置
    标准颜色: 未设置
  运行 13: '华南'
    字体: 未设置
    大小: 未设置
    粗体: 未设置
    斜体: 未设置
    下划线: 未设置
    标准颜色: 未设置
  运行 14: '市场的营销策略，本文提出了以下创新点：'
    字体: 未设置
    大小: 未设置
    粗体: 未设置
    斜体: 未设置
    下划线: 未设置
    标准颜色: 未设置

段落 324:
文本内容: 1. 双边市场营销策略：结合7Ps（产品、价格、渠道、推广、人员、过程管理、有形展示）和4Cs（顾客、成本、便利性、沟通）营销策略，设计了双边市场营销策略。此策略的创新在于引入推广中“参与者”的变量，让Y公司在推广过程中，以客户为中心，更加关注客户的满意度等因素，对目前的营销策略改进优化。
段落样式: 正文-缩进
从样式获取的格式:
  样式字体: 未设置
  样式字号: 未设置
  样式颜色: 未设置
对齐方式: 未设置
左缩进: 未设置
右缩进: 未设置
首行缩进: 未设置
行间距: 未设置
从XML读取的格式:
  运行 1: '1. '
    字体: 未设置
    大小: 未设置
    粗体: 未设置
    斜体: 未设置
    下划线: 未设置
    标准颜色: 未设置
  运行 2: '双边市场营销策略：结合'
    字体: 未设置
    大小: 未设置
    粗体: 未设置
    斜体: 未设置
    下划线: 未设置
    标准颜色: 未设置
  运行 3: '7Ps'
    字体: 未设置
    大小: 未设置
    粗体: 未设置
    斜体: 未设置
    下划线: 未设置
    标准颜色: 未设置
  运行 4: '（'
    字体: 未设置
    大小: 未设置
    粗体: 未设置
    斜体: 未设置
    下划线: 未设置
    标准颜色: 未设置
  运行 5: '产品、价格、'
    字体: 未设置
    大小: 未设置
    粗体: 未设置
    斜体: 未设置
    下划线: 未设置
    标准颜色: 未设置
  运行 6: '渠道'
    字体: 未设置
    大小: 未设置
    粗体: 未设置
    斜体: 未设置
    下划线: 未设置
    标准颜色: 未设置
  运行 7: '、推广、人员、'
    字体: 未设置
    大小: 未设置
    粗体: 未设置
    斜体: 未设置
    下划线: 未设置
    标准颜色: 未设置
  运行 8: '过程管理'
    字体: 未设置
    大小: 未设置
    粗体: 未设置
    斜体: 未设置
    下划线: 未设置
    标准颜色: 未设置
  运行 9: '、'
    字体: 未设置
    大小: 未设置
    粗体: 未设置
    斜体: 未设置
    下划线: 未设置
    标准颜色: 未设置
  运行 10: '有形展示'
    字体: 未设置
    大小: 未设置
    粗体: 未设置
    斜体: 未设置
    下划线: 未设置
    标准颜色: 未设置
  运行 11: '）'
    字体: 未设置
    大小: 未设置
    粗体: 未设置
    斜体: 未设置
    下划线: 未设置
    标准颜色: 未设置
  运行 12: '和'
    字体: 未设置
    大小: 未设置
    粗体: 未设置
    斜体: 未设置
    下划线: 未设置
    标准颜色: 未设置
  运行 13: '4Cs'
    字体: 未设置
    大小: 未设置
    粗体: 未设置
    斜体: 未设置
    下划线: 未设置
    标准颜色: 未设置
  运行 14: '（'
    字体: 未设置
    大小: 未设置
    粗体: 未设置
    斜体: 未设置
    下划线: 未设置
    标准颜色: 未设置
  运行 15: '顾客、成本、便利性、沟通'
    字体: 未设置
    大小: 未设置
    粗体: 未设置
    斜体: 未设置
    下划线: 未设置
    标准颜色: 未设置
  运行 16: '）'
    字体: 未设置
    大小: 未设置
    粗体: 未设置
    斜体: 未设置
    下划线: 未设置
    标准颜色: 未设置
  运行 17: '营销'
    字体: 未设置
    大小: 未设置
    粗体: 未设置
    斜体: 未设置
    下划线: 未设置
    标准颜色: 未设置
  运行 18: '策略'
    字体: 未设置
    大小: 未设置
    粗体: 未设置
    斜体: 未设置
    下划线: 未设置
    标准颜色: 未设置
  运行 19: '，'
    字体: 未设置
    大小: 未设置
    粗体: 未设置
    斜体: 未设置
    下划线: 未设置
    标准颜色: 未设置
  运行 20: '设计了'
    字体: 未设置
    大小: 未设置
    粗体: 未设置
    斜体: 未设置
    下划线: 未设置
    标准颜色: 未设置
  运行 21: '双'
    字体: 未设置
    大小: 未设置
    粗体: 未设置
    斜体: 未设置
    下划线: 未设置
    标准颜色: 未设置
  运行 22: '边市场'
    字体: 未设置
    大小: 未设置
    粗体: 未设置
    斜体: 未设置
    下划线: 未设置
    标准颜色: 未设置
  运行 23: '营销'
    字体: 未设置
    大小: 未设置
    粗体: 未设置
    斜体: 未设置
    下划线: 未设置
    标准颜色: 未设置
  运行 24: '策略。'
    字体: 未设置
    大小: 未设置
    粗体: 未设置
    斜体: 未设置
    下划线: 未设置
    标准颜色: 未设置
  运行 25: '此策略'
    字体: 未设置
    大小: 未设置
    粗体: 未设置
    斜体: 未设置
    下划线: 未设置
    标准颜色: 未设置
  运行 26: '的创新在于'
    字体: 未设置
    大小: 未设置
    粗体: 未设置
    斜体: 未设置
    下划线: 未设置
    标准颜色: 未设置
  运行 27: '引入推广'
    字体: 未设置
    大小: 未设置
    粗体: 未设置
    斜体: 未设置
    下划线: 未设置
    标准颜色: 未设置
  运行 28: '中'
    字体: 未设置
    大小: 未设置
    粗体: 未设置
    斜体: 未设置
    下划线: 未设置
    标准颜色: 未设置
  运行 29: '“'
    字体: 未设置
    大小: 未设置
    粗体: 未设置
    斜体: 未设置
    下划线: 未设置
    标准颜色: 未设置
  运行 30: '参与者'
    字体: 未设置
    大小: 未设置
    粗体: 未设置
    斜体: 未设置
    下划线: 未设置
    标准颜色: 未设置
  运行 31: '”'
    字体: 未设置
    大小: 未设置
    粗体: 未设置
    斜体: 未设置
    下划线: 未设置
    标准颜色: 未设置
  运行 32: '的变量，'
    字体: 未设置
    大小: 未设置
    粗体: 未设置
    斜体: 未设置
    下划线: 未设置
    标准颜色: 未设置
  运行 33: '让'
    字体: 未设置
    大小: 未设置
    粗体: 未设置
    斜体: 未设置
    下划线: 未设置
    标准颜色: 未设置
  运行 34: 'Y'
    字体: 未设置
    大小: 未设置
    粗体: 未设置
    斜体: 未设置
    下划线: 未设置
    标准颜色: 未设置
  运行 35: '公司'
    字体: 未设置
    大小: 未设置
    粗体: 未设置
    斜体: 未设置
    下划线: 未设置
    标准颜色: 未设置
  运行 36: '在推广过程中，以客户为中心，更加关注客户的满意度等因素，对目前的'
    字体: 未设置
    大小: 未设置
    粗体: 未设置
    斜体: 未设置
    下划线: 未设置
    标准颜色: 未设置
  运行 37: '营销策略'
    字体: 未设置
    大小: 未设置
    粗体: 未设置
    斜体: 未设置
    下划线: 未设置
    标准颜色: 未设置
  运行 38: '改进优化。'
    字体: 未设置
    大小: 未设置
    粗体: 未设置
    斜体: 未设置
    下划线: 未设置
    标准颜色: 未设置

段落 325:
文本内容: 2. 营销模式融合线上线下：提出融合线上与线下，多元化和智能化的市场推广策略，打破了传统医疗设备只有线下的营销模式。随着4.0工业时代的到来，医疗互联网+、AI、VR等技术应用逐渐增多。Y医疗器械公司可通过这些技术的应用，将部分线下营销活动转移到线上开展，有效增加对客户的影响力。
段落样式: 正文-缩进
从样式获取的格式:
  样式字体: 未设置
  样式字号: 未设置
  样式颜色: 未设置
对齐方式: 未设置
左缩进: 未设置
右缩进: 未设置
首行缩进: 未设置
行间距: 未设置
从XML读取的格式:
  运行 1: '2. '
    字体: 未设置
    大小: 未设置
    粗体: 未设置
    斜体: 未设置
    下划线: 未设置
    标准颜色: 未设置
  运行 2: '营销模式融合线上线下'
    字体: 未设置
    大小: 未设置
    粗体: 未设置
    斜体: 未设置
    下划线: 未设置
    标准颜色: 未设置
  运行 3: '：提出'
    字体: 未设置
    大小: 未设置
    粗体: 未设置
    斜体: 未设置
    下划线: 未设置
    标准颜色: 未设置
  运行 4: '融合'
    字体: 未设置
    大小: 未设置
    粗体: 未设置
    斜体: 未设置
    下划线: 未设置
    标准颜色: 未设置
  运行 5: '线上与线下'
    字体: 未设置
    大小: 未设置
    粗体: 未设置
    斜体: 未设置
    下划线: 未设置
    标准颜色: 未设置
  运行 6: '，'
    字体: 未设置
    大小: 未设置
    粗体: 未设置
    斜体: 未设置
    下划线: 未设置
    标准颜色: 未设置
  运行 7: '多元化'
    字体: 未设置
    大小: 未设置
    粗体: 未设置
    斜体: 未设置
    下划线: 未设置
    标准颜色: 未设置
  运行 8: '和'
    字体: 未设置
    大小: 未设置
    粗体: 未设置
    斜体: 未设置
    下划线: 未设置
    标准颜色: 未设置
  运行 9: '智能化'
    字体: 未设置
    大小: 未设置
    粗体: 未设置
    斜体: 未设置
    下划线: 未设置
    标准颜色: 未设置
  运行 10: '的'
    字体: 未设置
    大小: 未设置
    粗体: 未设置
    斜体: 未设置
    下划线: 未设置
    标准颜色: 未设置
  运行 11: '市场推广策略'
    字体: 未设置
    大小: 未设置
    粗体: 未设置
    斜体: 未设置
    下划线: 未设置
    标准颜色: 未设置
  运行 12: '，打破了传统'
    字体: 未设置
    大小: 未设置
    粗体: 未设置
    斜体: 未设置
    下划线: 未设置
    标准颜色: 未设置
  运行 13: '医疗设备'
    字体: 未设置
    大小: 未设置
    粗体: 未设置
    斜体: 未设置
    下划线: 未设置
    标准颜色: 未设置
  运行 14: '只有线下的'
    字体: 未设置
    大小: 未设置
    粗体: 未设置
    斜体: 未设置
    下划线: 未设置
    标准颜色: 未设置
  运行 15: '营销模式'
    字体: 未设置
    大小: 未设置
    粗体: 未设置
    斜体: 未设置
    下划线: 未设置
    标准颜色: 未设置
  运行 16: '。随着'
    字体: 未设置
    大小: 未设置
    粗体: 未设置
    斜体: 未设置
    下划线: 未设置
    标准颜色: 未设置
  运行 17: '4.0'
    字体: 未设置
    大小: 未设置
    粗体: 未设置
    斜体: 未设置
    下划线: 未设置
    标准颜色: 未设置
  运行 18: '工业'
    字体: 未设置
    大小: 未设置
    粗体: 未设置
    斜体: 未设置
    下划线: 未设置
    标准颜色: 未设置
  运行 19: '时代的到来，'
    字体: 未设置
    大小: 未设置
    粗体: 未设置
    斜体: 未设置
    下划线: 未设置
    标准颜色: 未设置
  运行 20: '医疗互联网'
    字体: 未设置
    大小: 未设置
    粗体: 未设置
    斜体: 未设置
    下划线: 未设置
    标准颜色: 未设置
  运行 21: '+'
    字体: 未设置
    大小: 未设置
    粗体: 未设置
    斜体: 未设置
    下划线: 未设置
    标准颜色: 未设置
  运行 22: '、'
    字体: 未设置
    大小: 未设置
    粗体: 未设置
    斜体: 未设置
    下划线: 未设置
    标准颜色: 未设置
  运行 23: 'AI'
    字体: 未设置
    大小: 未设置
    粗体: 未设置
    斜体: 未设置
    下划线: 未设置
    标准颜色: 未设置
  运行 24: '、'
    字体: 未设置
    大小: 未设置
    粗体: 未设置
    斜体: 未设置
    下划线: 未设置
    标准颜色: 未设置
  运行 25: 'VR'
    字体: 未设置
    大小: 未设置
    粗体: 未设置
    斜体: 未设置
    下划线: 未设置
    标准颜色: 未设置
  运行 26: '等技术应用'
    字体: 未设置
    大小: 未设置
    粗体: 未设置
    斜体: 未设置
    下划线: 未设置
    标准颜色: 未设置
  运行 27: '逐渐增多'
    字体: 未设置
    大小: 未设置
    粗体: 未设置
    斜体: 未设置
    下划线: 未设置
    标准颜色: 未设置
  运行 28: '。'
    字体: 未设置
    大小: 未设置
    粗体: 未设置
    斜体: 未设置
    下划线: 未设置
    标准颜色: 未设置
  运行 29: 'Y'
    字体: 未设置
    大小: 未设置
    粗体: 未设置
    斜体: 未设置
    下划线: 未设置
    标准颜色: 未设置
  运行 30: '医疗器械'
    字体: 未设置
    大小: 未设置
    粗体: 未设置
    斜体: 未设置
    下划线: 未设置
    标准颜色: 未设置
  运行 31: '公司可'
    字体: 未设置
    大小: 未设置
    粗体: 未设置
    斜体: 未设置
    下划线: 未设置
    标准颜色: 未设置
  运行 32: '通过这些技术'
    字体: 未设置
    大小: 未设置
    粗体: 未设置
    斜体: 未设置
    下划线: 未设置
    标准颜色: 未设置
  运行 33: '的应用'
    字体: 未设置
    大小: 未设置
    粗体: 未设置
    斜体: 未设置
    下划线: 未设置
    标准颜色: 未设置
  运行 34: '，'
    字体: 未设置
    大小: 未设置
    粗体: 未设置
    斜体: 未设置
    下划线: 未设置
    标准颜色: 未设置
  运行 35: '将部分'
    字体: 未设置
    大小: 未设置
    粗体: 未设置
    斜体: 未设置
    下划线: 未设置
    标准颜色: 未设置
  运行 36: '线下营销'
    字体: 未设置
    大小: 未设置
    粗体: 未设置
    斜体: 未设置
    下划线: 未设置
    标准颜色: 未设置
  运行 37: '活动'
    字体: 未设置
    大小: 未设置
    粗体: 未设置
    斜体: 未设置
    下划线: 未设置
    标准颜色: 未设置
  运行 38: '转移到线上'
    字体: 未设置
    大小: 未设置
    粗体: 未设置
    斜体: 未设置
    下划线: 未设置
    标准颜色: 未设置
  运行 39: '开展'
    字体: 未设置
    大小: 未设置
    粗体: 未设置
    斜体: 未设置
    下划线: 未设置
    标准颜色: 未设置
  运行 40: '，'
    字体: 未设置
    大小: 未设置
    粗体: 未设置
    斜体: 未设置
    下划线: 未设置
    标准颜色: 未设置
  运行 41: '有效增加对'
    字体: 未设置
    大小: 未设置
    粗体: 未设置
    斜体: 未设置
    下划线: 未设置
    标准颜色: 未设置
  运行 42: '客户'
    字体: 未设置
    大小: 未设置
    粗体: 未设置
    斜体: 未设置
    下划线: 未设置
    标准颜色: 未设置
  运行 43: '的'
    字体: 未设置
    大小: 未设置
    粗体: 未设置
    斜体: 未设置
    下划线: 未设置
    标准颜色: 未设置
  运行 44: '影响力。'
    字体: 未设置
    大小: 未设置
    粗体: 未设置
    斜体: 未设置
    下划线: 未设置
    标准颜色: 未设置

段落 326:
文本内容: 3. 整体营销模式创新：基于民营医疗集团新开医院等特殊项目，提出了眼科医疗设备整体组合营销模式，通过对营销团队人员结构的重组、人力资源的优化，公司在此类项目谈判中更具竞争优势。该营销模式创新，从个人聚焦到团队聚焦，实现从单产品销售到整体多产品解决方案突破，为不同医院机构实现个性化定制方案，更适合新时代的市场需求。
段落样式: 正文-缩进
从样式获取的格式:
  样式字体: 未设置
  样式字号: 未设置
  样式颜色: 未设置
对齐方式: 未设置
左缩进: 未设置
右缩进: 未设置
首行缩进: 未设置
行间距: 未设置
从XML读取的格式:
  运行 1: '3. '
    字体: 未设置
    大小: 未设置
    粗体: 未设置
    斜体: 未设置
    下划线: 未设置
    标准颜色: 未设置
  运行 2: '整体营销模式创新：'
    字体: 未设置
    大小: 未设置
    粗体: 未设置
    斜体: 未设置
    下划线: 未设置
    标准颜色: 未设置
  运行 3: '基于民营医疗集团新开医院等特殊项目，提出了'
    字体: 未设置
    大小: 未设置
    粗体: 未设置
    斜体: 未设置
    下划线: 未设置
    标准颜色: 未设置
  运行 4: '眼科'
    字体: 未设置
    大小: 未设置
    粗体: 未设置
    斜体: 未设置
    下划线: 未设置
    标准颜色: 未设置
  运行 5: '医疗设备'
    字体: 未设置
    大小: 未设置
    粗体: 未设置
    斜体: 未设置
    下划线: 未设置
    标准颜色: 未设置
  运行 6: '整体组合'
    字体: 未设置
    大小: 未设置
    粗体: 未设置
    斜体: 未设置
    下划线: 未设置
    标准颜色: 未设置
  运行 7: '营销模式，'
    字体: 未设置
    大小: 未设置
    粗体: 未设置
    斜体: 未设置
    下划线: 未设置
    标准颜色: 未设置
  运行 8: '通过对'
    字体: 未设置
    大小: 未设置
    粗体: 未设置
    斜体: 未设置
    下划线: 未设置
    标准颜色: 未设置
  运行 9: '营销'
    字体: 未设置
    大小: 未设置
    粗体: 未设置
    斜体: 未设置
    下划线: 未设置
    标准颜色: 未设置
  运行 10: '团队'
    字体: 未设置
    大小: 未设置
    粗体: 未设置
    斜体: 未设置
    下划线: 未设置
    标准颜色: 未设置
  运行 11: '人员'
    字体: 未设置
    大小: 未设置
    粗体: 未设置
    斜体: 未设置
    下划线: 未设置
    标准颜色: 未设置
  运行 12: '结构'
    字体: 未设置
    大小: 未设置
    粗体: 未设置
    斜体: 未设置
    下划线: 未设置
    标准颜色: 未设置
  运行 13: '的重组'
    字体: 未设置
    大小: 未设置
    粗体: 未设置
    斜体: 未设置
    下划线: 未设置
    标准颜色: 未设置
  运行 14: '、人力资源'
    字体: 未设置
    大小: 未设置
    粗体: 未设置
    斜体: 未设置
    下划线: 未设置
    标准颜色: 未设置
  运行 15: '的'
    字体: 未设置
    大小: 未设置
    粗体: 未设置
    斜体: 未设置
    下划线: 未设置
    标准颜色: 未设置
  运行 16: '优化，'
    字体: 未设置
    大小: 未设置
    粗体: 未设置
    斜体: 未设置
    下划线: 未设置
    标准颜色: 未设置
  运行 17: '公司在此类项目谈判中更具竞争优势'
    字体: 未设置
    大小: 未设置
    粗体: 未设置
    斜体: 未设置
    下划线: 未设置
    标准颜色: 未设置
  运行 18: '。'
    字体: 未设置
    大小: 未设置
    粗体: 未设置
    斜体: 未设置
    下划线: 未设置
    标准颜色: 未设置
  运行 19: '该'
    字体: 未设置
    大小: 未设置
    粗体: 未设置
    斜体: 未设置
    下划线: 未设置
    标准颜色: 未设置
  运行 20: '营销模式创新，'
    字体: 未设置
    大小: 未设置
    粗体: 未设置
    斜体: 未设置
    下划线: 未设置
    标准颜色: 未设置
  运行 21: '从'
    字体: 未设置
    大小: 未设置
    粗体: 未设置
    斜体: 未设置
    下划线: 未设置
    标准颜色: 未设置
  运行 22: '个人'
    字体: 未设置
    大小: 未设置
    粗体: 未设置
    斜体: 未设置
    下划线: 未设置
    标准颜色: 未设置
  运行 23: '聚焦到'
    字体: 未设置
    大小: 未设置
    粗体: 未设置
    斜体: 未设置
    下划线: 未设置
    标准颜色: 未设置
  运行 24: '团队'
    字体: 未设置
    大小: 未设置
    粗体: 未设置
    斜体: 未设置
    下划线: 未设置
    标准颜色: 未设置
  运行 25: '聚焦，'
    字体: 未设置
    大小: 未设置
    粗体: 未设置
    斜体: 未设置
    下划线: 未设置
    标准颜色: 未设置
  运行 26: '实'
    字体: 未设置
    大小: 未设置
    粗体: 未设置
    斜体: 未设置
    下划线: 未设置
    标准颜色: 未设置
  运行 27: '现从单'
    字体: 未设置
    大小: 未设置
    粗体: 未设置
    斜体: 未设置
    下划线: 未设置
    标准颜色: 未设置
  运行 28: '产品'
    字体: 未设置
    大小: 未设置
    粗体: 未设置
    斜体: 未设置
    下划线: 未设置
    标准颜色: 未设置
  运行 29: '销售'
    字体: 未设置
    大小: 未设置
    粗体: 未设置
    斜体: 未设置
    下划线: 未设置
    标准颜色: 未设置
  运行 30: '到'
    字体: 未设置
    大小: 未设置
    粗体: 未设置
    斜体: 未设置
    下划线: 未设置
    标准颜色: 未设置
  运行 31: '整体多产品'
    字体: 未设置
    大小: 未设置
    粗体: 未设置
    斜体: 未设置
    下划线: 未设置
    标准颜色: 未设置
  运行 32: '解决方案'
    字体: 未设置
    大小: 未设置
    粗体: 未设置
    斜体: 未设置
    下划线: 未设置
    标准颜色: 未设置
  运行 33: '突破'
    字体: 未设置
    大小: 未设置
    粗体: 未设置
    斜体: 未设置
    下划线: 未设置
    标准颜色: 未设置
  运行 34: '，'
    字体: 未设置
    大小: 未设置
    粗体: 未设置
    斜体: 未设置
    下划线: 未设置
    标准颜色: 未设置
  运行 35: '为不同医院机构实现个性化定制'
    字体: 未设置
    大小: 未设置
    粗体: 未设置
    斜体: 未设置
    下划线: 未设置
    标准颜色: 未设置
  运行 36: '方案'
    字体: 未设置
    大小: 未设置
    粗体: 未设置
    斜体: 未设置
    下划线: 未设置
    标准颜色: 未设置
  运行 37: '，'
    字体: 未设置
    大小: 未设置
    粗体: 未设置
    斜体: 未设置
    下划线: 未设置
    标准颜色: 未设置
  运行 38: '更'
    字体: 未设置
    大小: 未设置
    粗体: 未设置
    斜体: 未设置
    下划线: 未设置
    标准颜色: 未设置
  运行 39: '适合'
    字体: 未设置
    大小: 未设置
    粗体: 未设置
    斜体: 未设置
    下划线: 未设置
    标准颜色: 未设置
  运行 40: '新时代的'
    字体: 未设置
    大小: 未设置
    粗体: 未设置
    斜体: 未设置
    下划线: 未设置
    标准颜色: 未设置
  运行 41: '市场'
    字体: 未设置
    大小: 未设置
    粗体: 未设置
    斜体: 未设置
    下划线: 未设置
    标准颜色: 未设置
  运行 42: '需求。'
    字体: 未设置
    大小: 未设置
    粗体: 未设置
    斜体: 未设置
    下划线: 未设置
    标准颜色: 未设置

段落 327:
文本内容: 这些创新点体现了对传统医疗设备营销策略的深入思考和适应新时代市场需求的能力，旨在提高Y公司在竞争激烈的市场中的竞争力和市场份额。
段落样式: 正文-缩进
从样式获取的格式:
  样式字体: 未设置
  样式字号: 未设置
  样式颜色: 未设置
对齐方式: 未设置
左缩进: 未设置
右缩进: 未设置
首行缩进: 未设置
行间距: 未设置
从XML读取的格式:
  运行 1: '这些创新点体现了对传统医疗设备营销策略的深入思考和适应新时代市场需求的能力，旨在提高'
    字体: 未设置
    大小: 未设置
    粗体: 未设置
    斜体: 未设置
    下划线: 未设置
    标准颜色: 未设置
  运行 2: 'Y'
    字体: 未设置
    大小: 未设置
    粗体: 未设置
    斜体: 未设置
    下划线: 未设置
    标准颜色: 未设置
  运行 3: '公司在竞争激烈的市场中的竞争力和市场份额。'
    字体: 未设置
    大小: 未设置
    粗体: 未设置
    斜体: 未设置
    下划线: 未设置
    标准颜色: 未设置

段落 328:
文本内容: 第二章　理论基础与文献综述
段落样式: Heading 1
从样式获取的格式:
  样式字体: 未设置
  样式字号: 190500
  样式字号(pt): 15.0
  样式颜色: 未设置
对齐方式: 未设置
左缩进: 未设置
右缩进: 未设置
首行缩进: 未设置
行间距: 未设置
从XML读取的格式:
  运行 1: '第二章'
    字体: 未设置
    大小: 未设置
    粗体: 未设置
    斜体: 未设置
    下划线: 未设置
    标准颜色: 未设置
  运行 2: '　'
    字体: 未设置
    大小: 未设置
    粗体: 未设置
    斜体: 未设置
    下划线: 未设置
    标准颜色: 未设置
  运行 3: '理论基础与文献综述'
    字体: 未设置
    大小: 未设置
    粗体: 未设置
    斜体: 未设置
    下划线: 未设置
    标准颜色: 未设置
  运行 4: ''
    字体: 未设置
    大小: 未设置
    粗体: 未设置
    斜体: 未设置
    下划线: 未设置
    标准颜色: 未设置
  运行 5: ''
    字体: 未设置
    大小: 未设置
    粗体: 未设置
    斜体: 未设置
    下划线: 未设置
    标准颜色: 未设置
  运行 6: ''
    字体: 未设置
    大小: 未设置
    粗体: 未设置
    斜体: 未设置
    下划线: 未设置
    标准颜色: 未设置
  运行 7: ''
    字体: 未设置
    大小: 未设置
    粗体: 未设置
    斜体: 未设置
    下划线: 未设置
    标准颜色: 未设置
  运行 8: ''
    字体: 未设置
    大小: 未设置
    粗体: 未设置
    斜体: 未设置
    下划线: 未设置
    标准颜色: 未设置
  运行 9: ''
    字体: 未设置
    大小: 未设置
    粗体: 未设置
    斜体: 未设置
    下划线: 未设置
    标准颜色: 未设置
  运行 10: ''
    字体: 未设置
    大小: 未设置
    粗体: 未设置
    斜体: 未设置
    下划线: 未设置
    标准颜色: 未设置
  运行 11: ''
    字体: 未设置
    大小: 未设置
    粗体: 未设置
    斜体: 未设置
    下划线: 未设置
    标准颜色: 未设置
  运行 12: ''
    字体: 未设置
    大小: 未设置
    粗体: 未设置
    斜体: 未设置
    下划线: 未设置
    标准颜色: 未设置

段落 329:
文本内容: 本章内容分为三个部分：市场营销理论概述、分析工具介绍和文献综述。首先，市场营销理论部分详细阐述了市场营销的基本概念，并追溯了营销理论的历史演变，同时重点介绍了本文所应用的STP、7Ps和4Cs等营销理论。其次，分析工具部分深入探讨了PEST分析、波特的五种力量模型和态势分析法等关键工具。最后，在文献综述部分，本文不仅回顾了市场营销领域的研究文献，还特别聚焦于医疗器械行业相关的文献资源，以期为本研究提供坚实的理论基础和研究背景。
段落样式: 正文-缩进
从样式获取的格式:
  样式字体: 未设置
  样式字号: 未设置
  样式颜色: 未设置
对齐方式: 未设置
左缩进: 未设置
右缩进: 未设置
首行缩进: 未设置
行间距: 未设置
从XML读取的格式:
  运行 1: '本章内容分为三个部分：市场营销理论概述、分析工具介绍和文献综述。'
    字体: 未设置
    大小: 未设置
    粗体: 未设置
    斜体: 未设置
    下划线: 未设置
    标准颜色: 未设置
  运行 2: '首先，'
    字体: 未设置
    大小: 未设置
    粗体: 未设置
    斜体: 未设置
    下划线: 未设置
    标准颜色: 未设置
  运行 3: '市场营销理论部分详细阐述了市场营销的基本概念，并追溯了营销理论的历史演变，同时重点介绍了本文所'
    字体: 未设置
    大小: 未设置
    粗体: 未设置
    斜体: 未设置
    下划线: 未设置
    标准颜色: 未设置
  运行 4: '应用'
    字体: 未设置
    大小: 未设置
    粗体: 未设置
    斜体: 未设置
    下划线: 未设置
    标准颜色: 未设置
  运行 5: '的'
    字体: 未设置
    大小: 未设置
    粗体: 未设置
    斜体: 未设置
    下划线: 未设置
    标准颜色: 未设置
  运行 6: 'STP'
    字体: 未设置
    大小: 未设置
    粗体: 未设置
    斜体: 未设置
    下划线: 未设置
    标准颜色: 未设置
  运行 7: '、'
    字体: 未设置
    大小: 未设置
    粗体: 未设置
    斜体: 未设置
    下划线: 未设置
    标准颜色: 未设置
  运行 8: '7Ps'
    字体: 未设置
    大小: 未设置
    粗体: 未设置
    斜体: 未设置
    下划线: 未设置
    标准颜色: 未设置
  运行 9: '和'
    字体: 未设置
    大小: 未设置
    粗体: 未设置
    斜体: 未设置
    下划线: 未设置
    标准颜色: 未设置
  运行 10: '4Cs'
    字体: 未设置
    大小: 未设置
    粗体: 未设置
    斜体: 未设置
    下划线: 未设置
    标准颜色: 未设置
  运行 11: '等营销理论。'
    字体: 未设置
    大小: 未设置
    粗体: 未设置
    斜体: 未设置
    下划线: 未设置
    标准颜色: 未设置
  运行 12: '其次，'
    字体: 未设置
    大小: 未设置
    粗体: 未设置
    斜体: 未设置
    下划线: 未设置
    标准颜色: 未设置
  运行 13: '分析工具部分深入探讨了'
    字体: 未设置
    大小: 未设置
    粗体: 未设置
    斜体: 未设置
    下划线: 未设置
    标准颜色: 未设置
  运行 14: 'PEST'
    字体: 未设置
    大小: 未设置
    粗体: 未设置
    斜体: 未设置
    下划线: 未设置
    标准颜色: 未设置
  运行 15: '分析、波特的五种力量模型和'
    字体: 未设置
    大小: 未设置
    粗体: 未设置
    斜体: 未设置
    下划线: 未设置
    标准颜色: 未设置
  运行 16: '态势'
    字体: 未设置
    大小: 未设置
    粗体: 未设置
    斜体: 未设置
    下划线: 未设置
    标准颜色: 未设置
  运行 17: '分析法等关键工具。'
    字体: 未设置
    大小: 未设置
    粗体: 未设置
    斜体: 未设置
    下划线: 未设置
    标准颜色: 未设置
  运行 18: '最后，'
    字体: 未设置
    大小: 未设置
    粗体: 未设置
    斜体: 未设置
    下划线: 未设置
    标准颜色: 未设置
  运行 19: '在文献综述部分，本文不仅回顾了市场营销领域的研究文献，还特别聚焦于医疗器械行业相关的文献资源，以期为本研究提供坚实的理论基础和研究背景。'
    字体: 未设置
    大小: 未设置
    粗体: 未设置
    斜体: 未设置
    下划线: 未设置
    标准颜色: 未设置

段落 330:
文本内容: 市场营销相关理论
段落样式: Heading 2
从样式获取的格式:
  样式字体: 未设置
  样式字号: 177800
  样式字号(pt): 14.0
  样式颜色: 未设置
对齐方式: 未设置
左缩进: 未设置
右缩进: 未设置
首行缩进: 未设置
行间距: 未设置
从XML读取的格式:
  运行 1: '市场营销相关理论'
    字体: 未设置
    大小: 未设置
    粗体: 未设置
    斜体: 未设置
    下划线: 未设置
    标准颜色: 未设置
  运行 2: ''
    字体: 未设置
    大小: 未设置
    粗体: 未设置
    斜体: 未设置
    下划线: 未设置
    标准颜色: 未设置
  运行 3: ''
    字体: 未设置
    大小: 未设置
    粗体: 未设置
    斜体: 未设置
    下划线: 未设置
    标准颜色: 未设置
  运行 4: ''
    字体: 未设置
    大小: 未设置
    粗体: 未设置
    斜体: 未设置
    下划线: 未设置
    标准颜色: 未设置
  运行 5: ''
    字体: 未设置
    大小: 未设置
    粗体: 未设置
    斜体: 未设置
    下划线: 未设置
    标准颜色: 未设置
  运行 6: ''
    字体: 未设置
    大小: 未设置
    粗体: 未设置
    斜体: 未设置
    下划线: 未设置
    标准颜色: 未设置
  运行 7: ''
    字体: 未设置
    大小: 未设置
    粗体: 未设置
    斜体: 未设置
    下划线: 未设置
    标准颜色: 未设置

段落 331:
文本内容: 市场营销概念及发展
段落样式: Heading 3
从样式获取的格式:
  样式字体: 未设置
  样式字号: 未设置
  样式颜色: 未设置
对齐方式: 未设置
左缩进: 未设置
右缩进: 未设置
首行缩进: 未设置
行间距: 未设置
从XML读取的格式:
  运行 1: '市场营销概念及发展'
    字体: 未设置
    大小: 未设置
    粗体: 未设置
    斜体: 未设置
    下划线: 未设置
    标准颜色: 未设置
  运行 2: ''
    字体: 未设置
    大小: 未设置
    粗体: 未设置
    斜体: 未设置
    下划线: 未设置
    标准颜色: 未设置
  运行 3: ''
    字体: 未设置
    大小: 未设置
    粗体: 未设置
    斜体: 未设置
    下划线: 未设置
    标准颜色: 未设置
  运行 4: ''
    字体: 未设置
    大小: 未设置
    粗体: 未设置
    斜体: 未设置
    下划线: 未设置
    标准颜色: 未设置
  运行 5: ''
    字体: 未设置
    大小: 未设置
    粗体: 未设置
    斜体: 未设置
    下划线: 未设置
    标准颜色: 未设置
  运行 6: ''
    字体: 未设置
    大小: 未设置
    粗体: 未设置
    斜体: 未设置
    下划线: 未设置
    标准颜色: 未设置
  运行 7: ''
    字体: 未设置
    大小: 未设置
    粗体: 未设置
    斜体: 未设置
    下划线: 未设置
    标准颜色: 未设置
  运行 8: ''
    字体: 未设置
    大小: 未设置
    粗体: 未设置
    斜体: 未设置
    下划线: 未设置
    标准颜色: 未设置

段落 332:
文本内容: 市场营销的概念
段落样式: Heading 4
从样式获取的格式:
  样式字体: 未设置
  样式字号: 未设置
  样式颜色: 未设置
对齐方式: 未设置
左缩进: 未设置
右缩进: 未设置
首行缩进: 未设置
行间距: 未设置
从XML读取的格式:
  运行 1: '市场'
    字体: 未设置
    大小: 未设置
    粗体: 未设置
    斜体: 未设置
    下划线: 未设置
    标准颜色: 未设置
  运行 2: '营销'
    字体: 未设置
    大小: 未设置
    粗体: 未设置
    斜体: 未设置
    下划线: 未设置
    标准颜色: 未设置
  运行 3: '的'
    字体: 未设置
    大小: 未设置
    粗体: 未设置
    斜体: 未设置
    下划线: 未设置
    标准颜色: 未设置
  运行 4: '概念'
    字体: 未设置
    大小: 未设置
    粗体: 未设置
    斜体: 未设置
    下划线: 未设置
    标准颜色: 未设置

段落 333:
文本内容: 在国内外的文献中，关于营销的定义有几十种，这里不能一一列举，但总体可以将其分为三大来：第一类定义观点是，“营销是指通过营销渠道将生产厂家与市场联系起来的过程”；第二类定义观点是，“营销是一种商业理念或者商业哲学”；第三类定义强调，“营销是一种导向，是商业哲学和商业实务的结合”[]。
段落样式: 正文-缩进
从样式获取的格式:
  样式字体: 未设置
  样式字号: 未设置
  样式颜色: 未设置
对齐方式: 未设置
左缩进: 未设置
右缩进: 未设置
首行缩进: 未设置
行间距: 未设置
从XML读取的格式:
  运行 1: '在国内外的文献中，关于营销的定义有几十种，这里不能一一列举，但总体可以将其分为三大来：第一类定义观点是，“营销是指通过营销渠道将生产厂家与市场联系起来的过程”；第二类定义观点是，“营销是一种商业理念或者商业哲学”；'
    字体: 未设置
    大小: 未设置
    粗体: 未设置
    斜体: 未设置
    下划线: 未设置
    标准颜色: 未设置
  运行 2: '第三类定义强调，“营销是一种导向，是商业哲学和商业实务的结合”'
    字体: 未设置
    大小: 未设置
    粗体: 未设置
    斜体: 未设置
    下划线: 未设置
    标准颜色: 未设置
  运行 3: '['
    字体: 未设置
    大小: 未设置
    粗体: 未设置
    斜体: 未设置
    下划线: 未设置
    标准颜色: 未设置
  运行 4: ''
    字体: 未设置
    大小: 未设置
    粗体: 未设置
    斜体: 未设置
    下划线: 未设置
    标准颜色: 未设置
  运行 5: ']'
    字体: 未设置
    大小: 未设置
    粗体: 未设置
    斜体: 未设置
    下划线: 未设置
    标准颜色: 未设置
  运行 6: '。'
    字体: 未设置
    大小: 未设置
    粗体: 未设置
    斜体: 未设置
    下划线: 未设置
    标准颜色: 未设置

段落 334:
文本内容: 2004年8月，AMA夏季营销教学者研讨会在美国波士顿召开， AMA对在会上对市场营销做出了新的定义，来自中国人民大学商学院的郭国庆教授建议，将这次的新定义完整地表述为：市场营销既是一种组织职能，也是为了组织自身及利益相关者的利益而创造、传播、传递客户价值，管理客户关系的一系列过程[]。服务营销北欧学派的Gronroos将服务营销定义为“市场营销理论体系的一个分支，专门研究服务市场营销的普遍规律和策略技巧”，认为其与产品营销最显著的区别是，其商品交换对象“不是有形的产品，而是无形的难以储存的异质服务”[]。营销是价值的交换过程，既可以由个人完成，也可以由团体完成；消费者的需求和愿望的满足和营销有关；对产品、定价、渠道和促销等做出决策是营销的基本要求，所有利益相关都受营销的影响；营销帮助利益相关者双方创造价值[]。
段落样式: 正文-缩进
从样式获取的格式:
  样式字体: 未设置
  样式字号: 未设置
  样式颜色: 未设置
对齐方式: 未设置
左缩进: 未设置
右缩进: 未设置
首行缩进: 未设置
行间距: 未设置
从XML读取的格式:
  运行 1: '2004'
    字体: 未设置
    大小: 未设置
    粗体: 未设置
    斜体: 未设置
    下划线: 未设置
    标准颜色: 未设置
  运行 2: '年'
    字体: 未设置
    大小: 未设置
    粗体: 未设置
    斜体: 未设置
    下划线: 未设置
    标准颜色: 未设置
  运行 3: '8'
    字体: 未设置
    大小: 未设置
    粗体: 未设置
    斜体: 未设置
    下划线: 未设置
    标准颜色: 未设置
  运行 4: '月，'
    字体: 未设置
    大小: 未设置
    粗体: 未设置
    斜体: 未设置
    下划线: 未设置
    标准颜色: 未设置
  运行 5: 'AMA'
    字体: 未设置
    大小: 未设置
    粗体: 未设置
    斜体: 未设置
    下划线: 未设置
    标准颜色: 未设置
  运行 6: ''
    字体: 未设置
    大小: 未设置
    粗体: 未设置
    斜体: 未设置
    下划线: 未设置
    标准颜色: 未设置
  运行 7: '夏季营销教学者研讨会'
    字体: 未设置
    大小: 未设置
    粗体: 未设置
    斜体: 未设置
    下划线: 未设置
    标准颜色: 未设置
  运行 8: '在美国波士顿召开，'
    字体: 未设置
    大小: 未设置
    粗体: 未设置
    斜体: 未设置
    下划线: 未设置
    标准颜色: 未设置
  运行 9: ' '
    字体: 未设置
    大小: 未设置
    粗体: 未设置
    斜体: 未设置
    下划线: 未设置
    标准颜色: 未设置
  运行 10: 'A'
    字体: 未设置
    大小: 未设置
    粗体: 未设置
    斜体: 未设置
    下划线: 未设置
    标准颜色: 未设置
  运行 11: 'MA'
    字体: 未设置
    大小: 未设置
    粗体: 未设置
    斜体: 未设置
    下划线: 未设置
    标准颜色: 未设置
  运行 12: '对'
    字体: 未设置
    大小: 未设置
    粗体: 未设置
    斜体: 未设置
    下划线: 未设置
    标准颜色: 未设置
  运行 13: '在会上对'
    字体: 未设置
    大小: 未设置
    粗体: 未设置
    斜体: 未设置
    下划线: 未设置
    标准颜色: 未设置
  运行 14: '市场营销做出了新的定义，'
    字体: 未设置
    大小: 未设置
    粗体: 未设置
    斜体: 未设置
    下划线: 未设置
    标准颜色: 未设置
  运行 15: '来自'
    字体: 未设置
    大小: 未设置
    粗体: 未设置
    斜体: 未设置
    下划线: 未设置
    标准颜色: 未设置
  运行 16: '中国人民大学商学院'
    字体: 未设置
    大小: 未设置
    粗体: 未设置
    斜体: 未设置
    下划线: 未设置
    标准颜色: 未设置
  运行 17: '的'
    字体: 未设置
    大小: 未设置
    粗体: 未设置
    斜体: 未设置
    下划线: 未设置
    标准颜色: 未设置
  运行 18: '郭国庆教授建议'
    字体: 未设置
    大小: 未设置
    粗体: 未设置
    斜体: 未设置
    下划线: 未设置
    标准颜色: 未设置
  运行 19: '，'
    字体: 未设置
    大小: 未设置
    粗体: 未设置
    斜体: 未设置
    下划线: 未设置
    标准颜色: 未设置
  运行 20: '将这次的新定义完整地表述为：市场营销既是一种组织职能，也是为了组织自身及利益'
    字体: 未设置
    大小: 未设置
    粗体: 未设置
    斜体: 未设置
    下划线: 未设置
    标准颜色: 未设置
  运行 21: '相关者的利益而创造、传播、传递客户价值，管理客户关系的一系列过程'
    字体: 未设置
    大小: 未设置
    粗体: 未设置
    斜体: 未设置
    下划线: 未设置
    标准颜色: 未设置
  运行 22: '['
    字体: 未设置
    大小: 未设置
    粗体: 未设置
    斜体: 未设置
    下划线: 未设置
    标准颜色: 未设置
  运行 23: ''
    字体: 未设置
    大小: 未设置
    粗体: 未设置
    斜体: 未设置
    下划线: 未设置
    标准颜色: 未设置
  运行 24: ']'
    字体: 未设置
    大小: 未设置
    粗体: 未设置
    斜体: 未设置
    下划线: 未设置
    标准颜色: 未设置
  运行 25: '。'
    字体: 未设置
    大小: 未设置
    粗体: 未设置
    斜体: 未设置
    下划线: 未设置
    标准颜色: 未设置
  运行 26: '服务'
    字体: 未设置
    大小: 未设置
    粗体: 未设置
    斜体: 未设置
    下划线: 未设置
    标准颜色: 未设置
  运行 27: '营销北欧学派的'
    字体: 未设置
    大小: 未设置
    粗体: 未设置
    斜体: 未设置
    下划线: 未设置
    标准颜色: 未设置
  运行 28: 'Gronroos'
    字体: 未设置
    大小: 未设置
    粗体: 未设置
    斜体: 未设置
    下划线: 未设置
    标准颜色: 未设置
  运行 29: '将服务营销定义为“市场营销理论体系的一个分支，专门研究服务市场营销的普遍规律和策略技巧”，认为其与产品营销最显著的区别是，'
    字体: 未设置
    大小: 未设置
    粗体: 未设置
    斜体: 未设置
    下划线: 未设置
    标准颜色: 未设置
  运行 30: '其商品交换对象“不是有形的产品，而是无形的难以储存的异质服务”'
    字体: 未设置
    大小: 未设置
    粗体: 未设置
    斜体: 未设置
    下划线: 未设置
    标准颜色: 未设置
  运行 31: '['
    字体: 未设置
    大小: 未设置
    粗体: 未设置
    斜体: 未设置
    下划线: 未设置
    标准颜色: 未设置
  运行 32: ''
    字体: 未设置
    大小: 未设置
    粗体: 未设置
    斜体: 未设置
    下划线: 未设置
    标准颜色: 未设置
  运行 33: ']'
    字体: 未设置
    大小: 未设置
    粗体: 未设置
    斜体: 未设置
    下划线: 未设置
    标准颜色: 未设置
  运行 34: '。'
    字体: 未设置
    大小: 未设置
    粗体: 未设置
    斜体: 未设置
    下划线: 未设置
    标准颜色: 未设置
  运行 35: '营销'
    字体: 未设置
    大小: 未设置
    粗体: 未设置
    斜体: 未设置
    下划线: 未设置
    标准颜色: 未设置
  运行 36: '是'
    字体: 未设置
    大小: 未设置
    粗体: 未设置
    斜体: 未设置
    下划线: 未设置
    标准颜色: 未设置
  运行 37: '价值的交换过程'
    字体: 未设置
    大小: 未设置
    粗体: 未设置
    斜体: 未设置
    下划线: 未设置
    标准颜色: 未设置
  运行 38: '，既可以由'
    字体: 未设置
    大小: 未设置
    粗体: 未设置
    斜体: 未设置
    下划线: 未设置
    标准颜色: 未设置
  运行 39: '个人'
    字体: 未设置
    大小: 未设置
    粗体: 未设置
    斜体: 未设置
    下划线: 未设置
    标准颜色: 未设置
  运行 40: '完成，也可以由'
    字体: 未设置
    大小: 未设置
    粗体: 未设置
    斜体: 未设置
    下划线: 未设置
    标准颜色: 未设置
  运行 41: '团体'
    字体: 未设置
    大小: 未设置
    粗体: 未设置
    斜体: 未设置
    下划线: 未设置
    标准颜色: 未设置
  运行 42: '完成'
    字体: 未设置
    大小: 未设置
    粗体: 未设置
    斜体: 未设置
    下划线: 未设置
    标准颜色: 未设置
  运行 43: '；消费者的需求和愿望'
    字体: 未设置
    大小: 未设置
    粗体: 未设置
    斜体: 未设置
    下划线: 未设置
    标准颜色: 未设置
  运行 44: '的满足和营销有关'
    字体: 未设置
    大小: 未设置
    粗体: 未设置
    斜体: 未设置
    下划线: 未设置
    标准颜色: 未设置
  运行 45: '；'
    字体: 未设置
    大小: 未设置
    粗体: 未设置
    斜体: 未设置
    下划线: 未设置
    标准颜色: 未设置
  运行 46: '对'
    字体: 未设置
    大小: 未设置
    粗体: 未设置
    斜体: 未设置
    下划线: 未设置
    标准颜色: 未设置
  运行 47: '产品、定价、渠道和'
    字体: 未设置
    大小: 未设置
    粗体: 未设置
    斜体: 未设置
    下划线: 未设置
    标准颜色: 未设置
  运行 48: '促销等'
    字体: 未设置
    大小: 未设置
    粗体: 未设置
    斜体: 未设置
    下划线: 未设置
    标准颜色: 未设置
  运行 49: '做出'
    字体: 未设置
    大小: 未设置
    粗体: 未设置
    斜体: 未设置
    下划线: 未设置
    标准颜色: 未设置
  运行 50: '决策是营销的基本要求'
    字体: 未设置
    大小: 未设置
    粗体: 未设置
    斜体: 未设置
    下划线: 未设置
    标准颜色: 未设置
  运行 51: '，'
    字体: 未设置
    大小: 未设置
    粗体: 未设置
    斜体: 未设置
    下划线: 未设置
    标准颜色: 未设置
  运行 52: '所有利益相关'
    字体: 未设置
    大小: 未设置
    粗体: 未设置
    斜体: 未设置
    下划线: 未设置
    标准颜色: 未设置
  运行 53: '都受营销的影响'
    字体: 未设置
    大小: 未设置
    粗体: 未设置
    斜体: 未设置
    下划线: 未设置
    标准颜色: 未设置
  运行 54: '；营销'
    字体: 未设置
    大小: 未设置
    粗体: 未设置
    斜体: 未设置
    下划线: 未设置
    标准颜色: 未设置
  运行 55: '帮助利益相关者双方'
    字体: 未设置
    大小: 未设置
    粗体: 未设置
    斜体: 未设置
    下划线: 未设置
    标准颜色: 未设置
  运行 56: '创造'
    字体: 未设置
    大小: 未设置
    粗体: 未设置
    斜体: 未设置
    下划线: 未设置
    标准颜色: 未设置
  运行 57: '价值'
    字体: 未设置
    大小: 未设置
    粗体: 未设置
    斜体: 未设置
    下划线: 未设置
    标准颜色: 未设置
  运行 58: '['
    字体: 未设置
    大小: 未设置
    粗体: 未设置
    斜体: 未设置
    下划线: 未设置
    标准颜色: 未设置
  运行 59: ''
    字体: 未设置
    大小: 未设置
    粗体: 未设置
    斜体: 未设置
    下划线: 未设置
    标准颜色: 未设置
  运行 60: ']'
    字体: 未设置
    大小: 未设置
    粗体: 未设置
    斜体: 未设置
    下划线: 未设置
    标准颜色: 未设置
  运行 61: '。'
    字体: 未设置
    大小: 未设置
    粗体: 未设置
    斜体: 未设置
    下划线: 未设置
    标准颜色: 未设置

段落 335:
文本内容: 市场营销组合概念
段落样式: Heading 4
从样式获取的格式:
  样式字体: 未设置
  样式字号: 未设置
  样式颜色: 未设置
对齐方式: 未设置
左缩进: 未设置
右缩进: 未设置
首行缩进: 未设置
行间距: 未设置
从XML读取的格式:
  运行 1: '市场'
    字体: 未设置
    大小: 未设置
    粗体: 未设置
    斜体: 未设置
    下划线: 未设置
    标准颜色: 未设置
  运行 2: '营销'
    字体: 未设置
    大小: 未设置
    粗体: 未设置
    斜体: 未设置
    下划线: 未设置
    标准颜色: 未设置
  运行 3: '组合概念'
    字体: 未设置
    大小: 未设置
    粗体: 未设置
    斜体: 未设置
    下划线: 未设置
    标准颜色: 未设置

段落 336:
文本内容: 杰出学者菲利普·科特勒在1967年，出版了他的学术著作《营销管理：分析、规划与控制》。在此著作中，科特勒将营销视为一种组织和管理行为，他认为营销涵盖了企业在市场上的所有经营活动，是一项全面性的活动。营销的目的在在满足消费者需求的同时达成企业的商业目标。4Ps营销理论在书中被首次详细阐述，该理论有四个要素，即产品、价格、促销、渠道[]。这四个词的英文首字母都是P，加上策略（Strategy），简称“4Ps”。
段落样式: 正文-缩进
从样式获取的格式:
  样式字体: 未设置
  样式字号: 未设置
  样式颜色: 未设置
对齐方式: 未设置
左缩进: 未设置
右缩进: 未设置
首行缩进: 未设置
行间距: 未设置
从XML读取的格式:
  运行 1: '杰出学者菲利普·科特勒'
    字体: 未设置
    大小: 未设置
    粗体: 未设置
    斜体: 未设置
    下划线: 未设置
    标准颜色: 未设置
  运行 2: '在'
    字体: 未设置
    大小: 未设置
    粗体: 未设置
    斜体: 未设置
    下划线: 未设置
    标准颜色: 未设置
  运行 3: '1967'
    字体: 未设置
    大小: 未设置
    粗体: 未设置
    斜体: 未设置
    下划线: 未设置
    标准颜色: 未设置
  运行 4: '年'
    字体: 未设置
    大小: 未设置
    粗体: 未设置
    斜体: 未设置
    下划线: 未设置
    标准颜色: 未设置
  运行 5: '，出版了'
    字体: 未设置
    大小: 未设置
    粗体: 未设置
    斜体: 未设置
    下划线: 未设置
    标准颜色: 未设置
  运行 6: '他的'
    字体: 未设置
    大小: 未设置
    粗体: 未设置
    斜体: 未设置
    下划线: 未设置
    标准颜色: 未设置
  运行 7: '学术著作《营销管理：分析、规划与控制》。'
    字体: 未设置
    大小: 未设置
    粗体: 未设置
    斜体: 未设置
    下划线: 未设置
    标准颜色: 未设置
  运行 8: '在此著作中，'
    字体: 未设置
    大小: 未设置
    粗体: 未设置
    斜体: 未设置
    下划线: 未设置
    标准颜色: 未设置
  运行 9: '科特勒将营销视为一种组织和管理行为，他认为营销涵盖了企业在市场上的所有经营活动，是一项全面性的活动。'
    字体: 未设置
    大小: 未设置
    粗体: 未设置
    斜体: 未设置
    下划线: 未设置
    标准颜色: 未设置
  运行 10: '营销的目的'
    字体: 未设置
    大小: 未设置
    粗体: 未设置
    斜体: 未设置
    下划线: 未设置
    标准颜色: 未设置
  运行 11: '在在满足消费者需求的同时达成企业的商业目标。'
    字体: 未设置
    大小: 未设置
    粗体: 未设置
    斜体: 未设置
    下划线: 未设置
    标准颜色: 未设置
  运行 12: '4P'
    字体: 未设置
    大小: 未设置
    粗体: 未设置
    斜体: 未设置
    下划线: 未设置
    标准颜色: 未设置
  运行 13: 's'
    字体: 未设置
    大小: 未设置
    粗体: 未设置
    斜体: 未设置
    下划线: 未设置
    标准颜色: 未设置
  运行 14: '营销理论'
    字体: 未设置
    大小: 未设置
    粗体: 未设置
    斜体: 未设置
    下划线: 未设置
    标准颜色: 未设置
  运行 15: '在书中被'
    字体: 未设置
    大小: 未设置
    粗体: 未设置
    斜体: 未设置
    下划线: 未设置
    标准颜色: 未设置
  运行 16: '首次详细阐述，该'
    字体: 未设置
    大小: 未设置
    粗体: 未设置
    斜体: 未设置
    下划线: 未设置
    标准颜色: 未设置
  运行 17: '理论'
    字体: 未设置
    大小: 未设置
    粗体: 未设置
    斜体: 未设置
    下划线: 未设置
    标准颜色: 未设置
  运行 18: '有四个要素'
    字体: 未设置
    大小: 未设置
    粗体: 未设置
    斜体: 未设置
    下划线: 未设置
    标准颜色: 未设置
  运行 19: '，'
    字体: 未设置
    大小: 未设置
    粗体: 未设置
    斜体: 未设置
    下划线: 未设置
    标准颜色: 未设置
  运行 20: '即'
    字体: 未设置
    大小: 未设置
    粗体: 未设置
    斜体: 未设置
    下划线: 未设置
    标准颜色: 未设置
  运行 21: '产品、价格'
    字体: 未设置
    大小: 未设置
    粗体: 未设置
    斜体: 未设置
    下划线: 未设置
    标准颜色: 未设置
  运行 22: '、'
    字体: 未设置
    大小: 未设置
    粗体: 未设置
    斜体: 未设置
    下划线: 未设置
    标准颜色: 未设置
  运行 23: '促销、渠道'
    字体: 未设置
    大小: 未设置
    粗体: 未设置
    斜体: 未设置
    下划线: 未设置
    标准颜色: 未设置
  运行 24: '['
    字体: 未设置
    大小: 未设置
    粗体: 未设置
    斜体: 未设置
    下划线: 未设置
    标准颜色: 未设置
  运行 25: ''
    字体: 未设置
    大小: 未设置
    粗体: 未设置
    斜体: 未设置
    下划线: 未设置
    标准颜色: 未设置
  运行 26: ']'
    字体: 未设置
    大小: 未设置
    粗体: 未设置
    斜体: 未设置
    下划线: 未设置
    标准颜色: 未设置
  运行 27: '。这四个词的英文'
    字体: 未设置
    大小: 未设置
    粗体: 未设置
    斜体: 未设置
    下划线: 未设置
    标准颜色: 未设置
  运行 28: '首字母'
    字体: 未设置
    大小: 未设置
    粗体: 未设置
    斜体: 未设置
    下划线: 未设置
    标准颜色: 未设置
  运行 29: '都是'
    字体: 未设置
    大小: 未设置
    粗体: 未设置
    斜体: 未设置
    下划线: 未设置
    标准颜色: 未设置
  运行 30: 'P'
    字体: 未设置
    大小: 未设置
    粗体: 未设置
    斜体: 未设置
    下划线: 未设置
    标准颜色: 未设置
  运行 31: '，'
    字体: 未设置
    大小: 未设置
    粗体: 未设置
    斜体: 未设置
    下划线: 未设置
    标准颜色: 未设置
  运行 32: '加上策略'
    字体: 未设置
    大小: 未设置
    粗体: 未设置
    斜体: 未设置
    下划线: 未设置
    标准颜色: 未设置
  运行 33: '（'
    字体: 未设置
    大小: 未设置
    粗体: 未设置
    斜体: 未设置
    下划线: 未设置
    标准颜色: 未设置
  运行 34: 'S'
    字体: 未设置
    大小: 未设置
    粗体: 未设置
    斜体: 未设置
    下划线: 未设置
    标准颜色: 未设置
  运行 35: 'trategy'
    字体: 未设置
    大小: 未设置
    粗体: 未设置
    斜体: 未设置
    下划线: 未设置
    标准颜色: 未设置
  运行 36: '）'
    字体: 未设置
    大小: 未设置
    粗体: 未设置
    斜体: 未设置
    下划线: 未设置
    标准颜色: 未设置
  运行 37: '，简称“'
    字体: 未设置
    大小: 未设置
    粗体: 未设置
    斜体: 未设置
    下划线: 未设置
    标准颜色: 未设置
  运行 38: '4Ps'
    字体: 未设置
    大小: 未设置
    粗体: 未设置
    斜体: 未设置
    下划线: 未设置
    标准颜色: 未设置
  运行 39: '”。'
    字体: 未设置
    大小: 未设置
    粗体: 未设置
    斜体: 未设置
    下划线: 未设置
    标准颜色: 未设置

段落 337:
文本内容: 产品策略涵盖企业提供的所有无形服务和有形商品，不仅包括产品的外观、规格和品牌，还涉及其用途等要素。精心设计的产品策略有助于引导消费者的购买决策。价格策略涉及对商品和服务定价的艺术和科学，企业通过选择合适的定价方法，如撇脂定价和浮动定价，能够显著影响企业销量业绩和盈利能力。促销策略通过向目标受众传递产品的关键信息，激发他们对品牌产品的兴趣，这通常涉及到直销、广告、促销活动和品牌公关等手段的综合运用。渠道策略则关注于如何高效地将产品分发到消费者手中，其核心目标是减少产品与消费者之间的距离，提高消费者选择本公司产品的可能性。
段落样式: 正文-缩进
从样式获取的格式:
  样式字体: 未设置
  样式字号: 未设置
  样式颜色: 未设置
对齐方式: 未设置
左缩进: 未设置
右缩进: 未设置
首行缩进: 未设置
行间距: 未设置
从XML读取的格式:
  运行 1: '产品策略涵盖企业提供的所有'
    字体: 未设置
    大小: 未设置
    粗体: 未设置
    斜体: 未设置
    下划线: 未设置
    标准颜色: 未设置
  运行 2: '无形'
    字体: 未设置
    大小: 未设置
    粗体: 未设置
    斜体: 未设置
    下划线: 未设置
    标准颜色: 未设置
  运行 3: '服务'
    字体: 未设置
    大小: 未设置
    粗体: 未设置
    斜体: 未设置
    下划线: 未设置
    标准颜色: 未设置
  运行 4: '和'
    字体: 未设置
    大小: 未设置
    粗体: 未设置
    斜体: 未设置
    下划线: 未设置
    标准颜色: 未设置
  运行 5: '有形'
    字体: 未设置
    大小: 未设置
    粗体: 未设置
    斜体: 未设置
    下划线: 未设置
    标准颜色: 未设置
  运行 6: '商品，不仅包括产品的外观、规格和品牌，还涉及其用途等要素。精心设计的产品策略有助于引导消费者的购买决策。价格策略涉及对商品和服务定价的艺术和科学，企业通过选择合适的定价方法'
    字体: 未设置
    大小: 未设置
    粗体: 未设置
    斜体: 未设置
    下划线: 未设置
    标准颜色: 未设置
  运行 7: '，'
    字体: 未设置
    大小: 未设置
    粗体: 未设置
    斜体: 未设置
    下划线: 未设置
    标准颜色: 未设置
  运行 8: '如'
    字体: 未设置
    大小: 未设置
    粗体: 未设置
    斜体: 未设置
    下划线: 未设置
    标准颜色: 未设置
  运行 9: '撇脂'
    字体: 未设置
    大小: 未设置
    粗体: 未设置
    斜体: 未设置
    下划线: 未设置
    标准颜色: 未设置
  运行 10: '定价'
    字体: 未设置
    大小: 未设置
    粗体: 未设置
    斜体: 未设置
    下划线: 未设置
    标准颜色: 未设置
  运行 11: '和浮动定价'
    字体: 未设置
    大小: 未设置
    粗体: 未设置
    斜体: 未设置
    下划线: 未设置
    标准颜色: 未设置
  运行 12: '，能够显著影响'
    字体: 未设置
    大小: 未设置
    粗体: 未设置
    斜体: 未设置
    下划线: 未设置
    标准颜色: 未设置
  运行 13: '企业'
    字体: 未设置
    大小: 未设置
    粗体: 未设置
    斜体: 未设置
    下划线: 未设置
    标准颜色: 未设置
  运行 14: '销量'
    字体: 未设置
    大小: 未设置
    粗体: 未设置
    斜体: 未设置
    下划线: 未设置
    标准颜色: 未设置
  运行 15: '业绩'
    字体: 未设置
    大小: 未设置
    粗体: 未设置
    斜体: 未设置
    下划线: 未设置
    标准颜色: 未设置
  运行 16: '和盈利能力。'
    字体: 未设置
    大小: 未设置
    粗体: 未设置
    斜体: 未设置
    下划线: 未设置
    标准颜色: 未设置
  运行 17: '促销'
    字体: 未设置
    大小: 未设置
    粗体: 未设置
    斜体: 未设置
    下划线: 未设置
    标准颜色: 未设置
  运行 18: '策略通过向目标受众传递产品的关键信息，激发他们对品牌产品的兴趣，这通常涉及到直销、广告、促销活动和品牌公关等手段的综合运用。渠道策略则关注于如何高效地将产品分发到消费者手中，其核心目标是减少产品与消费者之间的距离，提高消费者选择本公司产品的可能性。'
    字体: 未设置
    大小: 未设置
    粗体: 未设置
    斜体: 未设置
    下划线: 未设置
    标准颜色: 未设置

段落 338:
文本内容: 市场营销组合理论的发展
段落样式: Heading 4
从样式获取的格式:
  样式字体: 未设置
  样式字号: 未设置
  样式颜色: 未设置
对齐方式: 未设置
左缩进: 未设置
右缩进: 未设置
首行缩进: 未设置
行间距: 未设置
从XML读取的格式:
  运行 1: '市场'
    字体: 未设置
    大小: 未设置
    粗体: 未设置
    斜体: 未设置
    下划线: 未设置
    标准颜色: 未设置
  运行 2: '营销组合理论的发展'
    字体: 未设置
    大小: 未设置
    粗体: 未设置
    斜体: 未设置
    下划线: 未设置
    标准颜色: 未设置

段落 339:
文本内容: 4Ps市场营销组合
段落样式: Heading 5
从样式获取的格式:
  样式字体: 未设置
  样式字号: 未设置
  样式颜色: 未设置
对齐方式: 未设置
左缩进: 未设置
右缩进: 未设置
首行缩进: 304800
行间距: 未设置
从XML读取的格式:
  运行 1: '4P'
    字体: 未设置
    大小: 未设置
    粗体: 未设置
    斜体: 未设置
    下划线: 未设置
    标准颜色: 未设置
  运行 2: 's'
    字体: 未设置
    大小: 未设置
    粗体: 未设置
    斜体: 未设置
    下划线: 未设置
    标准颜色: 未设置
  运行 3: '市场营销组合'
    字体: 未设置
    大小: 未设置
    粗体: 未设置
    斜体: 未设置
    下划线: 未设置
    标准颜色: 未设置

段落 340:
文本内容: 营销组合概念是哈佛大学的尼尔·鲍顿教授在1953年首次提出，他同时确定此概念的十二个要素。1960年，基于尼尔·鲍顿的实践经验，罗姆·麦卡锡提出4Ps营销组合理论，即产品、价格、渠道、促销。4Ps是对市场营销组合的简称，市场营销战略的核心部分就是营销组合，其包含了企业为实现市场推广所采取的一系列行动。在目标市场的选择上，企业要综合考虑外部环境、竞争态势、顾客需求以及企业自身的资源，并合理运用这些要素，实现企业的战略目标[]。
段落样式: 正文-缩进
从样式获取的格式:
  样式字体: 未设置
  样式字号: 未设置
  样式颜色: 未设置
对齐方式: 未设置
左缩进: 未设置
右缩进: 未设置
首行缩进: 未设置
行间距: 未设置
从XML读取的格式:
  运行 1: '营销组合概念'
    字体: 未设置
    大小: 未设置
    粗体: 未设置
    斜体: 未设置
    下划线: 未设置
    标准颜色: 未设置
  运行 2: '是'
    字体: 未设置
    大小: 未设置
    粗体: 未设置
    斜体: 未设置
    下划线: 未设置
    标准颜色: 未设置
  运行 3: '哈佛'
    字体: 未设置
    大小: 未设置
    粗体: 未设置
    斜体: 未设置
    下划线: 未设置
    标准颜色: 未设置
  运行 4: '大学'
    字体: 未设置
    大小: 未设置
    粗体: 未设置
    斜体: 未设置
    下划线: 未设置
    标准颜色: 未设置
  运行 5: '的尼尔·鲍顿教授'
    字体: 未设置
    大小: 未设置
    粗体: 未设置
    斜体: 未设置
    下划线: 未设置
    标准颜色: 未设置
  运行 6: '在'
    字体: 未设置
    大小: 未设置
    粗体: 未设置
    斜体: 未设置
    下划线: 未设置
    标准颜色: 未设置
  运行 7: '1953'
    字体: 未设置
    大小: 未设置
    粗体: 未设置
    斜体: 未设置
    下划线: 未设置
    标准颜色: 未设置
  运行 8: '年'
    字体: 未设置
    大小: 未设置
    粗体: 未设置
    斜体: 未设置
    下划线: 未设置
    标准颜色: 未设置
  运行 9: '首次'
    字体: 未设置
    大小: 未设置
    粗体: 未设置
    斜体: 未设置
    下划线: 未设置
    标准颜色: 未设置
  运行 10: '提出'
    字体: 未设置
    大小: 未设置
    粗体: 未设置
    斜体: 未设置
    下划线: 未设置
    标准颜色: 未设置
  运行 11: '，'
    字体: 未设置
    大小: 未设置
    粗体: 未设置
    斜体: 未设置
    下划线: 未设置
    标准颜色: 未设置
  运行 12: '他同时确定此概念的'
    字体: 未设置
    大小: 未设置
    粗体: 未设置
    斜体: 未设置
    下划线: 未设置
    标准颜色: 未设置
  运行 13: '十二个要素'
    字体: 未设置
    大小: 未设置
    粗体: 未设置
    斜体: 未设置
    下划线: 未设置
    标准颜色: 未设置
  运行 14: '。'
    字体: 未设置
    大小: 未设置
    粗体: 未设置
    斜体: 未设置
    下划线: 未设置
    标准颜色: 未设置
  运行 15: '1'
    字体: 未设置
    大小: 未设置
    粗体: 未设置
    斜体: 未设置
    下划线: 未设置
    标准颜色: 未设置
  运行 16: '960'
    字体: 未设置
    大小: 未设置
    粗体: 未设置
    斜体: 未设置
    下划线: 未设置
    标准颜色: 未设置
  运行 17: '年'
    字体: 未设置
    大小: 未设置
    粗体: 未设置
    斜体: 未设置
    下划线: 未设置
    标准颜色: 未设置
  运行 18: '，'
    字体: 未设置
    大小: 未设置
    粗体: 未设置
    斜体: 未设置
    下划线: 未设置
    标准颜色: 未设置
  运行 19: '基于尼尔·鲍顿的实践经验，罗姆·麦卡锡提出'
    字体: 未设置
    大小: 未设置
    粗体: 未设置
    斜体: 未设置
    下划线: 未设置
    标准颜色: 未设置
  运行 20: '4Ps'
    字体: 未设置
    大小: 未设置
    粗体: 未设置
    斜体: 未设置
    下划线: 未设置
    标准颜色: 未设置
  运行 21: '营销组合理论，即产品、价格、渠道、促销。'
    字体: 未设置
    大小: 未设置
    粗体: 未设置
    斜体: 未设置
    下划线: 未设置
    标准颜色: 未设置
  运行 22: '4Ps'
    字体: 未设置
    大小: 未设置
    粗体: 未设置
    斜体: 未设置
    下划线: 未设置
    标准颜色: 未设置
  运行 23: '是对市场营销组合的简称，'
    字体: 未设置
    大小: 未设置
    粗体: 未设置
    斜体: 未设置
    下划线: 未设置
    标准颜色: 未设置
  运行 24: '市场营销战略的核心部分'
    字体: 未设置
    大小: 未设置
    粗体: 未设置
    斜体: 未设置
    下划线: 未设置
    标准颜色: 未设置
  运行 25: '就是营销组合'
    字体: 未设置
    大小: 未设置
    粗体: 未设置
    斜体: 未设置
    下划线: 未设置
    标准颜色: 未设置
  运行 26: '，'
    字体: 未设置
    大小: 未设置
    粗体: 未设置
    斜体: 未设置
    下划线: 未设置
    标准颜色: 未设置
  运行 27: '其包含'
    字体: 未设置
    大小: 未设置
    粗体: 未设置
    斜体: 未设置
    下划线: 未设置
    标准颜色: 未设置
  运行 28: '了企业为实现市场推广所采取的一系列行动。'
    字体: 未设置
    大小: 未设置
    粗体: 未设置
    斜体: 未设置
    下划线: 未设置
    标准颜色: 未设置
  运行 29: '在'
    字体: 未设置
    大小: 未设置
    粗体: 未设置
    斜体: 未设置
    下划线: 未设置
    标准颜色: 未设置
  运行 30: '目标市场'
    字体: 未设置
    大小: 未设置
    粗体: 未设置
    斜体: 未设置
    下划线: 未设置
    标准颜色: 未设置
  运行 31: '的选择上'
    字体: 未设置
    大小: 未设置
    粗体: 未设置
    斜体: 未设置
    下划线: 未设置
    标准颜色: 未设置
  运行 32: '，'
    字体: 未设置
    大小: 未设置
    粗体: 未设置
    斜体: 未设置
    下划线: 未设置
    标准颜色: 未设置
  运行 33: '企业要'
    字体: 未设置
    大小: 未设置
    粗体: 未设置
    斜体: 未设置
    下划线: 未设置
    标准颜色: 未设置
  运行 34: '综合考虑外部环境、竞争态势、顾客需求以及企业自身的资源，'
    字体: 未设置
    大小: 未设置
    粗体: 未设置
    斜体: 未设置
    下划线: 未设置
    标准颜色: 未设置
  运行 35: '并'
    字体: 未设置
    大小: 未设置
    粗体: 未设置
    斜体: 未设置
    下划线: 未设置
    标准颜色: 未设置
  运行 36: '合理运用这些要素，实现企业的战略'
    字体: 未设置
    大小: 未设置
    粗体: 未设置
    斜体: 未设置
    下划线: 未设置
    标准颜色: 未设置
  运行 37: '目'
    字体: 未设置
    大小: 未设置
    粗体: 未设置
    斜体: 未设置
    下划线: 未设置
    标准颜色: 未设置
  运行 38: '标'
    字体: 未设置
    大小: 未设置
    粗体: 未设置
    斜体: 未设置
    下划线: 未设置
    标准颜色: 未设置
  运行 39: '['
    字体: 未设置
    大小: 未设置
    粗体: 未设置
    斜体: 未设置
    下划线: 未设置
    标准颜色: 未设置
  运行 40: ''
    字体: 未设置
    大小: 未设置
    粗体: 未设置
    斜体: 未设置
    下划线: 未设置
    标准颜色: 未设置
  运行 41: ']'
    字体: 未设置
    大小: 未设置
    粗体: 未设置
    斜体: 未设置
    下划线: 未设置
    标准颜色: 未设置
  运行 42: '。'
    字体: 未设置
    大小: 未设置
    粗体: 未设置
    斜体: 未设置
    下划线: 未设置
    标准颜色: 未设置

段落 341:
文本内容: 在此基础上，菲利普·科特勒添加了公共关系（Public）与政治（Politics），形成了6Ps，该营销组合理论主要应用于实行贸易保护主义的特定市场。菲利普·科特勒在6Ps理论基础上，进一步扩展了营销组合，提出新的4P，即调研（Probing）、分区（Partitioning）或细分（Segmentation）、优先（Prioritizing）或目标选定（Targeting）、定位（Positioning），形成了10Ps模型。6Ps被他定义为战术层面的营销组合，而新的4P被定义为战略营销组合。菲利普·科特勒（Philip Kotler）认为，在制定战术性营销组合策略前，必须先制定战略营销策略，确保战略层面的规划完善后，才能有效地开展战术性的营销活动安排[]。
段落样式: Normal
从样式获取的格式:
  样式字体: Times New Roman
  样式字号: 152400
  样式字号(pt): 12.0
  样式颜色: 未设置
对齐方式: 未设置
左缩进: 未设置
右缩进: 未设置
首行缩进: 304800
行间距: 未设置
从XML读取的格式:
  运行 1: '在此基础上，菲利普'
    字体: 未设置
    大小: 未设置
    粗体: 未设置
    斜体: 未设置
    下划线: 未设置
    标准颜色: 未设置
  运行 2: '·'
    字体: 未设置
    大小: 未设置
    粗体: 未设置
    斜体: 未设置
    下划线: 未设置
    标准颜色: 未设置
  运行 3: '科特勒添加了公共关系'
    字体: 未设置
    大小: 未设置
    粗体: 未设置
    斜体: 未设置
    下划线: 未设置
    标准颜色: 未设置
  运行 4: '（'
    字体: 未设置
    大小: 未设置
    粗体: 未设置
    斜体: 未设置
    下划线: 未设置
    标准颜色: 未设置
  运行 5: 'Public'
    字体: 未设置
    大小: 未设置
    粗体: 未设置
    斜体: 未设置
    下划线: 未设置
    标准颜色: 未设置
  运行 6: '）'
    字体: 未设置
    大小: 未设置
    粗体: 未设置
    斜体: 未设置
    下划线: 未设置
    标准颜色: 未设置
  运行 7: '与政治'
    字体: 未设置
    大小: 未设置
    粗体: 未设置
    斜体: 未设置
    下划线: 未设置
    标准颜色: 未设置
  运行 8: '（'
    字体: 未设置
    大小: 未设置
    粗体: 未设置
    斜体: 未设置
    下划线: 未设置
    标准颜色: 未设置
  运行 9: 'Politics'
    字体: 未设置
    大小: 未设置
    粗体: 未设置
    斜体: 未设置
    下划线: 未设置
    标准颜色: 未设置
  运行 10: '）'
    字体: 未设置
    大小: 未设置
    粗体: 未设置
    斜体: 未设置
    下划线: 未设置
    标准颜色: 未设置
  运行 11: '，形成了'
    字体: 未设置
    大小: 未设置
    粗体: 未设置
    斜体: 未设置
    下划线: 未设置
    标准颜色: 未设置
  运行 12: '6Ps'
    字体: 未设置
    大小: 未设置
    粗体: 未设置
    斜体: 未设置
    下划线: 未设置
    标准颜色: 未设置
  运行 13: '，该营销'
    字体: 未设置
    大小: 未设置
    粗体: 未设置
    斜体: 未设置
    下划线: 未设置
    标准颜色: 未设置
  运行 14: '组合'
    字体: 未设置
    大小: 未设置
    粗体: 未设置
    斜体: 未设置
    下划线: 未设置
    标准颜色: 未设置
  运行 15: '理论'
    字体: 未设置
    大小: 未设置
    粗体: 未设置
    斜体: 未设置
    下划线: 未设置
    标准颜色: 未设置
  运行 16: '主要应用于实行贸易保护主义的特定'
    字体: 未设置
    大小: 未设置
    粗体: 未设置
    斜体: 未设置
    下划线: 未设置
    标准颜色: 未设置
  运行 17: '市场。'
    字体: 未设置
    大小: 未设置
    粗体: 未设置
    斜体: 未设置
    下划线: 未设置
    标准颜色: 未设置
  运行 18: '菲利普·科特勒在'
    字体: 未设置
    大小: 未设置
    粗体: 未设置
    斜体: 未设置
    下划线: 未设置
    标准颜色: 未设置
  运行 19: '6Ps'
    字体: 未设置
    大小: 未设置
    粗体: 未设置
    斜体: 未设置
    下划线: 未设置
    标准颜色: 未设置
  运行 20: '理论基础上，进一步扩展了营销组合，提出新的'
    字体: 未设置
    大小: 未设置
    粗体: 未设置
    斜体: 未设置
    下划线: 未设置
    标准颜色: 未设置
  运行 21: '4P'
    字体: 未设置
    大小: 未设置
    粗体: 未设置
    斜体: 未设置
    下划线: 未设置
    标准颜色: 未设置
  运行 22: '，即调研（'
    字体: 未设置
    大小: 未设置
    粗体: 未设置
    斜体: 未设置
    下划线: 未设置
    标准颜色: 未设置
  运行 23: 'Probing'
    字体: 未设置
    大小: 未设置
    粗体: 未设置
    斜体: 未设置
    下划线: 未设置
    标准颜色: 未设置
  运行 24: '）、分区（'
    字体: 未设置
    大小: 未设置
    粗体: 未设置
    斜体: 未设置
    下划线: 未设置
    标准颜色: 未设置
  运行 25: 'Partitioning'
    字体: 未设置
    大小: 未设置
    粗体: 未设置
    斜体: 未设置
    下划线: 未设置
    标准颜色: 未设置
  运行 26: '）或细分（'
    字体: 未设置
    大小: 未设置
    粗体: 未设置
    斜体: 未设置
    下划线: 未设置
    标准颜色: 未设置
  运行 27: 'Segmentation'
    字体: 未设置
    大小: 未设置
    粗体: 未设置
    斜体: 未设置
    下划线: 未设置
    标准颜色: 未设置
  运行 28: '）、优先（'
    字体: 未设置
    大小: 未设置
    粗体: 未设置
    斜体: 未设置
    下划线: 未设置
    标准颜色: 未设置
  运行 29: 'Prioritizing'
    字体: 未设置
    大小: 未设置
    粗体: 未设置
    斜体: 未设置
    下划线: 未设置
    标准颜色: 未设置
  运行 30: '）或目标选定（'
    字体: 未设置
    大小: 未设置
    粗体: 未设置
    斜体: 未设置
    下划线: 未设置
    标准颜色: 未设置
  运行 31: 'Targeting'
    字体: 未设置
    大小: 未设置
    粗体: 未设置
    斜体: 未设置
    下划线: 未设置
    标准颜色: 未设置
  运行 32: '）、定位（'
    字体: 未设置
    大小: 未设置
    粗体: 未设置
    斜体: 未设置
    下划线: 未设置
    标准颜色: 未设置
  运行 33: 'Positioning'
    字体: 未设置
    大小: 未设置
    粗体: 未设置
    斜体: 未设置
    下划线: 未设置
    标准颜色: 未设置
  运行 34: '），形成了'
    字体: 未设置
    大小: 未设置
    粗体: 未设置
    斜体: 未设置
    下划线: 未设置
    标准颜色: 未设置
  运行 35: '10Ps'
    字体: 未设置
    大小: 未设置
    粗体: 未设置
    斜体: 未设置
    下划线: 未设置
    标准颜色: 未设置
  运行 36: '模型。'
    字体: 未设置
    大小: 未设置
    粗体: 未设置
    斜体: 未设置
    下划线: 未设置
    标准颜色: 未设置
  运行 37: '6Ps'
    字体: 未设置
    大小: 未设置
    粗体: 未设置
    斜体: 未设置
    下划线: 未设置
    标准颜色: 未设置
  运行 38: '被他定义为战术层面的营'
    字体: 未设置
    大小: 未设置
    粗体: 未设置
    斜体: 未设置
    下划线: 未设置
    标准颜色: 未设置
  运行 39: '销组合，而新的'
    字体: 未设置
    大小: 未设置
    粗体: 未设置
    斜体: 未设置
    下划线: 未设置
    标准颜色: 未设置
  运行 40: '4P'
    字体: 未设置
    大小: 未设置
    粗体: 未设置
    斜体: 未设置
    下划线: 未设置
    标准颜色: 未设置
  运行 41: '被定义为战略营销组合。菲利普·科特勒（'
    字体: 未设置
    大小: 未设置
    粗体: 未设置
    斜体: 未设置
    下划线: 未设置
    标准颜色: 未设置
  运行 42: 'Philip Kotler'
    字体: 未设置
    大小: 未设置
    粗体: 未设置
    斜体: 未设置
    下划线: 未设置
    标准颜色: 未设置
  运行 43: '）认为，在制定战术性营销组合策略前，必须先制定战略营销策略，确保战略层面的规划完善后，才能有效地开展战术性的营销活动安排'
    字体: 未设置
    大小: 未设置
    粗体: 未设置
    斜体: 未设置
    下划线: 未设置
    标准颜色: 未设置
  运行 44: '['
    字体: 未设置
    大小: 未设置
    粗体: 未设置
    斜体: 未设置
    下划线: 未设置
    标准颜色: 未设置
  运行 45: ''
    字体: 未设置
    大小: 未设置
    粗体: 未设置
    斜体: 未设置
    下划线: 未设置
    标准颜色: 未设置
  运行 46: ']'
    字体: 未设置
    大小: 未设置
    粗体: 未设置
    斜体: 未设置
    下划线: 未设置
    标准颜色: 未设置
  运行 47: '。'
    字体: 未设置
    大小: 未设置
    粗体: 未设置
    斜体: 未设置
    下划线: 未设置
    标准颜色: 未设置

段落 342:
文本内容: 4R营销策略组合
段落样式: Heading 5
从样式获取的格式:
  样式字体: 未设置
  样式字号: 未设置
  样式颜色: 未设置
对齐方式: 未设置
左缩进: 未设置
右缩进: 未设置
首行缩进: 304800
行间距: 未设置
从XML读取的格式:
  运行 1: '4R'
    字体: 未设置
    大小: 未设置
    粗体: 未设置
    斜体: 未设置
    下划线: 未设置
    标准颜色: 未设置
  运行 2: '营销策略组合'
    字体: 未设置
    大小: 未设置
    粗体: 未设置
    斜体: 未设置
    下划线: 未设置
    标准颜色: 未设置

段落 343:
文本内容: 美国著名学者唐·舒尔茨在上世纪90年代初期，因提出4R营销策略理论，而被学界广泛的关注。相关性（Relevance）、反应性（Response）、关系性（Relationship）和回报性（Return）等四个新要素在4R营销理论中被重新定义。产品和市场细分是传统营销的主要纬度，通过定价、分销和促销策略来促成交易。而4R营销将关系引入市场活动中，成为第三个维度。4R则从哲学层面，为市场营销构建了一个新的哲学框架，完全不同于4P和4C的功能层面框架。以关系营销为基础的4R策略，在市场竞争激烈的环境中，注重企业利益的同时，也着眼于满足用户的需求。这种策略旨在建立和维护用户的忠诚度，追求与用户之间长期互惠的关系。它通过满足用户当前的需求来实现利润回报，并进一步通过预见和创造新的需求，加强了与用户之间的紧密联系[]。
段落样式: 正文-缩进
从样式获取的格式:
  样式字体: 未设置
  样式字号: 未设置
  样式颜色: 未设置
对齐方式: 未设置
左缩进: 未设置
右缩进: 未设置
首行缩进: 未设置
行间距: 未设置
从XML读取的格式:
  运行 1: '美国'
    字体: 未设置
    大小: 未设置
    粗体: 未设置
    斜体: 未设置
    下划线: 未设置
    标准颜色: 未设置
  运行 2: '著名'
    字体: 未设置
    大小: 未设置
    粗体: 未设置
    斜体: 未设置
    下划线: 未设置
    标准颜色: 未设置
  运行 3: '学者唐'
    字体: 未设置
    大小: 未设置
    粗体: 未设置
    斜体: 未设置
    下划线: 未设置
    标准颜色: 未设置
  运行 4: '·'
    字体: 未设置
    大小: 未设置
    粗体: 未设置
    斜体: 未设置
    下划线: 未设置
    标准颜色: 未设置
  运行 5: '舒尔茨'
    字体: 未设置
    大小: 未设置
    粗体: 未设置
    斜体: 未设置
    下划线: 未设置
    标准颜色: 未设置
  运行 6: '在上'
    字体: 未设置
    大小: 未设置
    粗体: 未设置
    斜体: 未设置
    下划线: 未设置
    标准颜色: 未设置
  运行 7: '世纪'
    字体: 未设置
    大小: 未设置
    粗体: 未设置
    斜体: 未设置
    下划线: 未设置
    标准颜色: 未设置
  运行 8: '90'
    字体: 未设置
    大小: 未设置
    粗体: 未设置
    斜体: 未设置
    下划线: 未设置
    标准颜色: 未设置
  运行 9: '年代初期，因'
    字体: 未设置
    大小: 未设置
    粗体: 未设置
    斜体: 未设置
    下划线: 未设置
    标准颜色: 未设置
  运行 10: '提出'
    字体: 未设置
    大小: 未设置
    粗体: 未设置
    斜体: 未设置
    下划线: 未设置
    标准颜色: 未设置
  运行 11: '4R'
    字体: 未设置
    大小: 未设置
    粗体: 未设置
    斜体: 未设置
    下划线: 未设置
    标准颜色: 未设置
  运行 12: '营销策略理论，而被学界'
    字体: 未设置
    大小: 未设置
    粗体: 未设置
    斜体: 未设置
    下划线: 未设置
    标准颜色: 未设置
  运行 13: '广泛的关注。'
    字体: 未设置
    大小: 未设置
    粗体: 未设置
    斜体: 未设置
    下划线: 未设置
    标准颜色: 未设置
  运行 14: '相关性（'
    字体: 未设置
    大小: 未设置
    粗体: 未设置
    斜体: 未设置
    下划线: 未设置
    标准颜色: 未设置
  运行 15: 'Relevance'
    字体: 未设置
    大小: 未设置
    粗体: 未设置
    斜体: 未设置
    下划线: 未设置
    标准颜色: 未设置
  运行 16: '）、反应性（'
    字体: 未设置
    大小: 未设置
    粗体: 未设置
    斜体: 未设置
    下划线: 未设置
    标准颜色: 未设置
  运行 17: 'Response'
    字体: 未设置
    大小: 未设置
    粗体: 未设置
    斜体: 未设置
    下划线: 未设置
    标准颜色: 未设置
  运行 18: '）、关系性（'
    字体: 未设置
    大小: 未设置
    粗体: 未设置
    斜体: 未设置
    下划线: 未设置
    标准颜色: 未设置
  运行 19: 'Relationship'
    字体: 未设置
    大小: 未设置
    粗体: 未设置
    斜体: 未设置
    下划线: 未设置
    标准颜色: 未设置
  运行 20: '）和回报性（'
    字体: 未设置
    大小: 未设置
    粗体: 未设置
    斜体: 未设置
    下划线: 未设置
    标准颜色: 未设置
  运行 21: 'Return'
    字体: 未设置
    大小: 未设置
    粗体: 未设置
    斜体: 未设置
    下划线: 未设置
    标准颜色: 未设置
  运行 22: '）'
    字体: 未设置
    大小: 未设置
    粗体: 未设置
    斜体: 未设置
    下划线: 未设置
    标准颜色: 未设置
  运行 23: '等'
    字体: 未设置
    大小: 未设置
    粗体: 未设置
    斜体: 未设置
    下划线: 未设置
    标准颜色: 未设置
  运行 24: '四个新要素'
    字体: 未设置
    大小: 未设置
    粗体: 未设置
    斜体: 未设置
    下划线: 未设置
    标准颜色: 未设置
  运行 25: '在'
    字体: 未设置
    大小: 未设置
    粗体: 未设置
    斜体: 未设置
    下划线: 未设置
    标准颜色: 未设置
  运行 26: '4R'
    字体: 未设置
    大小: 未设置
    粗体: 未设置
    斜体: 未设置
    下划线: 未设置
    标准颜色: 未设置
  运行 27: '营销理论中被重新定义。'
    字体: 未设置
    大小: 未设置
    粗体: 未设置
    斜体: 未设置
    下划线: 未设置
    标准颜色: 未设置
  运行 28: '产品和市场细分'
    字体: 未设置
    大小: 未设置
    粗体: 未设置
    斜体: 未设置
    下划线: 未设置
    标准颜色: 未设置
  运行 29: '是'
    字体: 未设置
    大小: 未设置
    粗体: 未设置
    斜体: 未设置
    下划线: 未设置
    标准颜色: 未设置
  运行 30: '传统营销'
    字体: 未设置
    大小: 未设置
    粗体: 未设置
    斜体: 未设置
    下划线: 未设置
    标准颜色: 未设置
  运行 31: '的'
    字体: 未设置
    大小: 未设置
    粗体: 未设置
    斜体: 未设置
    下划线: 未设置
    标准颜色: 未设置
  运行 32: '主要'
    字体: 未设置
    大小: 未设置
    粗体: 未设置
    斜体: 未设置
    下划线: 未设置
    标准颜色: 未设置
  运行 33: '纬度'
    字体: 未设置
    大小: 未设置
    粗体: 未设置
    斜体: 未设置
    下划线: 未设置
    标准颜色: 未设置
  运行 34: '，通过定价、分销和促销策略来促成交易。'
    字体: 未设置
    大小: 未设置
    粗体: 未设置
    斜体: 未设置
    下划线: 未设置
    标准颜色: 未设置
  运行 35: '而'
    字体: 未设置
    大小: 未设置
    粗体: 未设置
    斜体: 未设置
    下划线: 未设置
    标准颜色: 未设置
  运行 36: '4R'
    字体: 未设置
    大小: 未设置
    粗体: 未设置
    斜体: 未设置
    下划线: 未设置
    标准颜色: 未设置
  运行 37: '营销'
    字体: 未设置
    大小: 未设置
    粗体: 未设置
    斜体: 未设置
    下划线: 未设置
    标准颜色: 未设置
  运行 38: '将关系引入市场活动'
    字体: 未设置
    大小: 未设置
    粗体: 未设置
    斜体: 未设置
    下划线: 未设置
    标准颜色: 未设置
  运行 39: '中，成为'
    字体: 未设置
    大小: 未设置
    粗体: 未设置
    斜体: 未设置
    下划线: 未设置
    标准颜色: 未设置
  运行 40: '第三'
    字体: 未设置
    大小: 未设置
    粗体: 未设置
    斜体: 未设置
    下划线: 未设置
    标准颜色: 未设置
  运行 41: '个'
    字体: 未设置
    大小: 未设置
    粗体: 未设置
    斜体: 未设置
    下划线: 未设置
    标准颜色: 未设置
  运行 42: '维度'
    字体: 未设置
    大小: 未设置
    粗体: 未设置
    斜体: 未设置
    下划线: 未设置
    标准颜色: 未设置
  运行 43: '。'
    字体: 未设置
    大小: 未设置
    粗体: 未设置
    斜体: 未设置
    下划线: 未设置
    标准颜色: 未设置
  运行 44: '4R'
    字体: 未设置
    大小: 未设置
    粗体: 未设置
    斜体: 未设置
    下划线: 未设置
    标准颜色: 未设置
  运行 45: '则从'
    字体: 未设置
    大小: 未设置
    粗体: 未设置
    斜体: 未设置
    下划线: 未设置
    标准颜色: 未设置
  运行 46: '哲学'
    字体: 未设置
    大小: 未设置
    粗体: 未设置
    斜体: 未设置
    下划线: 未设置
    标准颜色: 未设置
  运行 47: '层面，为'
    字体: 未设置
    大小: 未设置
    粗体: 未设置
    斜体: 未设置
    下划线: 未设置
    标准颜色: 未设置
  运行 48: '市场'
    字体: 未设置
    大小: 未设置
    粗体: 未设置
    斜体: 未设置
    下划线: 未设置
    标准颜色: 未设置
  运行 49: '营销构建了'
    字体: 未设置
    大小: 未设置
    粗体: 未设置
    斜体: 未设置
    下划线: 未设置
    标准颜色: 未设置
  运行 50: '一个'
    字体: 未设置
    大小: 未设置
    粗体: 未设置
    斜体: 未设置
    下划线: 未设置
    标准颜色: 未设置
  运行 51: '新的'
    字体: 未设置
    大小: 未设置
    粗体: 未设置
    斜体: 未设置
    下划线: 未设置
    标准颜色: 未设置
  运行 52: '哲学'
    字体: 未设置
    大小: 未设置
    粗体: 未设置
    斜体: 未设置
    下划线: 未设置
    标准颜色: 未设置
  运行 53: '框架，'
    字体: 未设置
    大小: 未设置
    粗体: 未设置
    斜体: 未设置
    下划线: 未设置
    标准颜色: 未设置
  运行 54: '完全不同于'
    字体: 未设置
    大小: 未设置
    粗体: 未设置
    斜体: 未设置
    下划线: 未设置
    标准颜色: 未设置
  运行 55: '4P'
    字体: 未设置
    大小: 未设置
    粗体: 未设置
    斜体: 未设置
    下划线: 未设置
    标准颜色: 未设置
  运行 56: '和'
    字体: 未设置
    大小: 未设置
    粗体: 未设置
    斜体: 未设置
    下划线: 未设置
    标准颜色: 未设置
  运行 57: '4C'
    字体: 未设置
    大小: 未设置
    粗体: 未设置
    斜体: 未设置
    下划线: 未设置
    标准颜色: 未设置
  运行 58: '的功能层面'
    字体: 未设置
    大小: 未设置
    粗体: 未设置
    斜体: 未设置
    下划线: 未设置
    标准颜色: 未设置
  运行 59: '框架'
    字体: 未设置
    大小: 未设置
    粗体: 未设置
    斜体: 未设置
    下划线: 未设置
    标准颜色: 未设置
  运行 60: '。'
    字体: 未设置
    大小: 未设置
    粗体: 未设置
    斜体: 未设置
    下划线: 未设置
    标准颜色: 未设置
  运行 61: '以关系营销为基础的'
    字体: 未设置
    大小: 未设置
    粗体: 未设置
    斜体: 未设置
    下划线: 未设置
    标准颜色: 未设置
  运行 62: '4R'
    字体: 未设置
    大小: 未设置
    粗体: 未设置
    斜体: 未设置
    下划线: 未设置
    标准颜色: 未设置
  运行 63: '策略，在市场竞争激烈的环境中，注重企业利益的同时，也着眼于满足用户的需求。这种策略旨在建立和维护用户的忠诚度，追求与用户之间长期互惠的关系。它通过满足用户当前的需求来实现利润回报，并进一步通过预见和创造新的需求，加强了与用户之间的紧密联'
    字体: 未设置
    大小: 未设置
    粗体: 未设置
    斜体: 未设置
    下划线: 未设置
    标准颜色: 未设置
  运行 64: '系'
    字体: 未设置
    大小: 未设置
    粗体: 未设置
    斜体: 未设置
    下划线: 未设置
    标准颜色: 未设置
  运行 65: '['
    字体: 未设置
    大小: 未设置
    粗体: 未设置
    斜体: 未设置
    下划线: 未设置
    标准颜色: 未设置
  运行 66: ''
    字体: 未设置
    大小: 未设置
    粗体: 未设置
    斜体: 未设置
    下划线: 未设置
    标准颜色: 未设置
  运行 67: ']'
    字体: 未设置
    大小: 未设置
    粗体: 未设置
    斜体: 未设置
    下划线: 未设置
    标准颜色: 未设置
  运行 68: '。'
    字体: 未设置
    大小: 未设置
    粗体: 未设置
    斜体: 未设置
    下划线: 未设置
    标准颜色: 未设置

段落 344:
文本内容: 全面营销
段落样式: Heading 5
从样式获取的格式:
  样式字体: 未设置
  样式字号: 未设置
  样式颜色: 未设置
对齐方式: 未设置
左缩进: 未设置
右缩进: 未设置
首行缩进: 304800
行间距: 未设置
从XML读取的格式:
  运行 1: '全面营销'
    字体: 未设置
    大小: 未设置
    粗体: 未设置
    斜体: 未设置
    下划线: 未设置
    标准颜色: 未设置

段落 345:
文本内容: 菲利普·科特勒首次在《营销管理》第12版中引入了全面营销理念，这一理念主张营销活动应全面渗透企业的各个层面，并以全局视角进行整合。它涵盖整合营销、关系营销、内部营销和社会责任营销等关键领域，目的在于提升市场活动的协同效应和战略深度。科特勒的全面营销观念适应了数字时代营销实践的新要求，为企业提供了一个更为宽广和深入的营销模式。
段落样式: Normal
从样式获取的格式:
  样式字体: Times New Roman
  样式字号: 152400
  样式字号(pt): 12.0
  样式颜色: 未设置
对齐方式: 未设置
左缩进: 未设置
右缩进: 未设置
首行缩进: 304800
行间距: 未设置
从XML读取的格式:
  运行 1: '菲利普·科特勒首次在《营销管理》第'
    字体: 未设置
    大小: 未设置
    粗体: 未设置
    斜体: 未设置
    下划线: 未设置
    标准颜色: 未设置
  运行 2: '12'
    字体: 未设置
    大小: 未设置
    粗体: 未设置
    斜体: 未设置
    下划线: 未设置
    标准颜色: 未设置
  运行 3: '版中引入了全面营销理念，这一理念主张营销活动应全面渗透企业的各个层面，并以全局视角进行整合。它涵盖整合营销、关系营销、内部营销和社会责任营销等关键领域，目的在于提升市场活动的协同效应和战略深度。科特勒的全面营销观念适应了数字时代营销实践的新要求，为企业提供了一个更为宽广和深入的营销模式。'
    字体: 未设置
    大小: 未设置
    粗体: 未设置
    斜体: 未设置
    下划线: 未设置
    标准颜色: 未设置

段落 346:
文本内容: 在《营销管理》的第13版中，“全面营销”的概念被进一步强化和提升。科特勒扩展了12版中“社会责任营销”的概念，将其发展成“绩效营销”，企业应从“绩效营销”的技术层面上来分析营销策略的实际效果。强调营销活动应从社会责任和财务绩效两方面双重评估其有效性和责任性，“全面营销”的提出，不但是对“社会营销”观念的完善和补充，而且是推动可持续发展的营销理念[]。
段落样式: Normal
从样式获取的格式:
  样式字体: Times New Roman
  样式字号: 152400
  样式字号(pt): 12.0
  样式颜色: 未设置
对齐方式: 未设置
左缩进: 未设置
右缩进: 未设置
首行缩进: 304800
行间距: 未设置
从XML读取的格式:
  运行 1: '在《营销管理》的第'
    字体: 未设置
    大小: 未设置
    粗体: 未设置
    斜体: 未设置
    下划线: 未设置
    标准颜色: 未设置
  运行 2: '13'
    字体: 未设置
    大小: 未设置
    粗体: 未设置
    斜体: 未设置
    下划线: 未设置
    标准颜色: 未设置
  运行 3: '版中，'
    字体: 未设置
    大小: 未设置
    粗体: 未设置
    斜体: 未设置
    下划线: 未设置
    标准颜色: 未设置
  运行 4: '“'
    字体: 未设置
    大小: 未设置
    粗体: 未设置
    斜体: 未设置
    下划线: 未设置
    标准颜色: 未设置
  运行 5: '全面营销'
    字体: 未设置
    大小: 未设置
    粗体: 未设置
    斜体: 未设置
    下划线: 未设置
    标准颜色: 未设置
  运行 6: '”'
    字体: 未设置
    大小: 未设置
    粗体: 未设置
    斜体: 未设置
    下划线: 未设置
    标准颜色: 未设置
  运行 7: '的概念被进一步强化'
    字体: 未设置
    大小: 未设置
    粗体: 未设置
    斜体: 未设置
    下划线: 未设置
    标准颜色: 未设置
  运行 8: '和提升'
    字体: 未设置
    大小: 未设置
    粗体: 未设置
    斜体: 未设置
    下划线: 未设置
    标准颜色: 未设置
  运行 9: '。科特勒扩展了'
    字体: 未设置
    大小: 未设置
    粗体: 未设置
    斜体: 未设置
    下划线: 未设置
    标准颜色: 未设置
  运行 10: '12'
    字体: 未设置
    大小: 未设置
    粗体: 未设置
    斜体: 未设置
    下划线: 未设置
    标准颜色: 未设置
  运行 11: '版中'
    字体: 未设置
    大小: 未设置
    粗体: 未设置
    斜体: 未设置
    下划线: 未设置
    标准颜色: 未设置
  运行 12: '“'
    字体: 未设置
    大小: 未设置
    粗体: 未设置
    斜体: 未设置
    下划线: 未设置
    标准颜色: 未设置
  运行 13: '社会责任营销'
    字体: 未设置
    大小: 未设置
    粗体: 未设置
    斜体: 未设置
    下划线: 未设置
    标准颜色: 未设置
  运行 14: '”'
    字体: 未设置
    大小: 未设置
    粗体: 未设置
    斜体: 未设置
    下划线: 未设置
    标准颜色: 未设置
  运行 15: '的'
    字体: 未设置
    大小: 未设置
    粗体: 未设置
    斜体: 未设置
    下划线: 未设置
    标准颜色: 未设置
  运行 16: '概念'
    字体: 未设置
    大小: 未设置
    粗体: 未设置
    斜体: 未设置
    下划线: 未设置
    标准颜色: 未设置
  运行 17: '，'
    字体: 未设置
    大小: 未设置
    粗体: 未设置
    斜体: 未设置
    下划线: 未设置
    标准颜色: 未设置
  运行 18: '将其发展成'
    字体: 未设置
    大小: 未设置
    粗体: 未设置
    斜体: 未设置
    下划线: 未设置
    标准颜色: 未设置
  运行 19: '“'
    字体: 未设置
    大小: 未设置
    粗体: 未设置
    斜体: 未设置
    下划线: 未设置
    标准颜色: 未设置
  运行 20: '绩效营销'
    字体: 未设置
    大小: 未设置
    粗体: 未设置
    斜体: 未设置
    下划线: 未设置
    标准颜色: 未设置
  运行 21: '”'
    字体: 未设置
    大小: 未设置
    粗体: 未设置
    斜体: 未设置
    下划线: 未设置
    标准颜色: 未设置
  运行 22: '，'
    字体: 未设置
    大小: 未设置
    粗体: 未设置
    斜体: 未设置
    下划线: 未设置
    标准颜色: 未设置
  运行 23: '企业应从“'
    字体: 未设置
    大小: 未设置
    粗体: 未设置
    斜体: 未设置
    下划线: 未设置
    标准颜色: 未设置
  运行 24: '绩效营销'
    字体: 未设置
    大小: 未设置
    粗体: 未设置
    斜体: 未设置
    下划线: 未设置
    标准颜色: 未设置
  运行 25: '”'
    字体: 未设置
    大小: 未设置
    粗体: 未设置
    斜体: 未设置
    下划线: 未设置
    标准颜色: 未设置
  运行 26: '的技术层面上来分析营销策略的实际效果。'
    字体: 未设置
    大小: 未设置
    粗体: 未设置
    斜体: 未设置
    下划线: 未设置
    标准颜色: 未设置
  运行 27: '强调营销活动应从社会责任和财务绩效两方面双重评估'
    字体: 未设置
    大小: 未设置
    粗体: 未设置
    斜体: 未设置
    下划线: 未设置
    标准颜色: 未设置
  运行 28: '其有效性和责任性，'
    字体: 未设置
    大小: 未设置
    粗体: 未设置
    斜体: 未设置
    下划线: 未设置
    标准颜色: 未设置
  运行 29: '“'
    字体: 未设置
    大小: 未设置
    粗体: 未设置
    斜体: 未设置
    下划线: 未设置
    标准颜色: 未设置
  运行 30: '全面营销'
    字体: 未设置
    大小: 未设置
    粗体: 未设置
    斜体: 未设置
    下划线: 未设置
    标准颜色: 未设置
  运行 31: '”'
    字体: 未设置
    大小: 未设置
    粗体: 未设置
    斜体: 未设置
    下划线: 未设置
    标准颜色: 未设置
  运行 32: '的提出，'
    字体: 未设置
    大小: 未设置
    粗体: 未设置
    斜体: 未设置
    下划线: 未设置
    标准颜色: 未设置
  运行 33: '不但'
    字体: 未设置
    大小: 未设置
    粗体: 未设置
    斜体: 未设置
    下划线: 未设置
    标准颜色: 未设置
  运行 34: '是对'
    字体: 未设置
    大小: 未设置
    粗体: 未设置
    斜体: 未设置
    下划线: 未设置
    标准颜色: 未设置
  运行 35: '“'
    字体: 未设置
    大小: 未设置
    粗体: 未设置
    斜体: 未设置
    下划线: 未设置
    标准颜色: 未设置
  运行 36: '社会营销'
    字体: 未设置
    大小: 未设置
    粗体: 未设置
    斜体: 未设置
    下划线: 未设置
    标准颜色: 未设置
  运行 37: '”观'
    字体: 未设置
    大小: 未设置
    粗体: 未设置
    斜体: 未设置
    下划线: 未设置
    标准颜色: 未设置
  运行 38: '念的'
    字体: 未设置
    大小: 未设置
    粗体: 未设置
    斜体: 未设置
    下划线: 未设置
    标准颜色: 未设置
  运行 39: '完善'
    字体: 未设置
    大小: 未设置
    粗体: 未设置
    斜体: 未设置
    下划线: 未设置
    标准颜色: 未设置
  运行 40: '和'
    字体: 未设置
    大小: 未设置
    粗体: 未设置
    斜体: 未设置
    下划线: 未设置
    标准颜色: 未设置
  运行 41: '补充'
    字体: 未设置
    大小: 未设置
    粗体: 未设置
    斜体: 未设置
    下划线: 未设置
    标准颜色: 未设置
  运行 42: '，'
    字体: 未设置
    大小: 未设置
    粗体: 未设置
    斜体: 未设置
    下划线: 未设置
    标准颜色: 未设置
  运行 43: '而且是'
    字体: 未设置
    大小: 未设置
    粗体: 未设置
    斜体: 未设置
    下划线: 未设置
    标准颜色: 未设置
  运行 44: '推动可持续发展的营销理念'
    字体: 未设置
    大小: 未设置
    粗体: 未设置
    斜体: 未设置
    下划线: 未设置
    标准颜色: 未设置
  运行 45: '['
    字体: 未设置
    大小: 未设置
    粗体: 未设置
    斜体: 未设置
    下划线: 未设置
    标准颜色: 未设置
  运行 46: ''
    字体: 未设置
    大小: 未设置
    粗体: 未设置
    斜体: 未设置
    下划线: 未设置
    标准颜色: 未设置
  运行 47: ']'
    字体: 未设置
    大小: 未设置
    粗体: 未设置
    斜体: 未设置
    下划线: 未设置
    标准颜色: 未设置
  运行 48: '。'
    字体: 未设置
    大小: 未设置
    粗体: 未设置
    斜体: 未设置
    下划线: 未设置
    标准颜色: 未设置

段落 347:
文本内容: STP理论
段落样式: Heading 3
从样式获取的格式:
  样式字体: 未设置
  样式字号: 未设置
  样式颜色: 未设置
对齐方式: 未设置
左缩进: 未设置
右缩进: 未设置
首行缩进: 未设置
行间距: 未设置
从XML读取的格式:
  运行 1: 'STP'
    字体: 未设置
    大小: 未设置
    粗体: 未设置
    斜体: 未设置
    下划线: 未设置
    标准颜色: 未设置
  运行 2: '理论'
    字体: 未设置
    大小: 未设置
    粗体: 未设置
    斜体: 未设置
    下划线: 未设置
    标准颜色: 未设置
  运行 3: ''
    字体: 未设置
    大小: 未设置
    粗体: 未设置
    斜体: 未设置
    下划线: 未设置
    标准颜色: 未设置
  运行 4: ''
    字体: 未设置
    大小: 未设置
    粗体: 未设置
    斜体: 未设置
    下划线: 未设置
    标准颜色: 未设置
  运行 5: ''
    字体: 未设置
    大小: 未设置
    粗体: 未设置
    斜体: 未设置
    下划线: 未设置
    标准颜色: 未设置
  运行 6: ''
    字体: 未设置
    大小: 未设置
    粗体: 未设置
    斜体: 未设置
    下划线: 未设置
    标准颜色: 未设置
  运行 7: ''
    字体: 未设置
    大小: 未设置
    粗体: 未设置
    斜体: 未设置
    下划线: 未设置
    标准颜色: 未设置
  运行 8: ''
    字体: 未设置
    大小: 未设置
    粗体: 未设置
    斜体: 未设置
    下划线: 未设置
    标准颜色: 未设置
  运行 9: ''
    字体: 未设置
    大小: 未设置
    粗体: 未设置
    斜体: 未设置
    下划线: 未设置
    标准颜色: 未设置
  运行 10: ''
    字体: 未设置
    大小: 未设置
    粗体: 未设置
    斜体: 未设置
    下划线: 未设置
    标准颜色: 未设置

段落 348:
文本内容: 市场细分的概念是1956年由著名营销学者温德尔·史密斯提出。菲利普·科特勒随后对这一理念进行了深入研究并加以完善，发展成STP理论。目标市场理论即STP理论，由三个关键要素组成：市场细分（Segmenting）、目标市场选择（Targeting）和市场定位（Positioning），是战略性营销的核心内容[]。
段落样式: Normal
从样式获取的格式:
  样式字体: Times New Roman
  样式字号: 152400
  样式字号(pt): 12.0
  样式颜色: 未设置
对齐方式: 未设置
左缩进: 未设置
右缩进: 未设置
首行缩进: 304800
行间距: 未设置
从XML读取的格式:
  运行 1: '市场细分的概念'
    字体: 未设置
    大小: 未设置
    粗体: 未设置
    斜体: 未设置
    下划线: 未设置
    标准颜色: 未设置
  运行 2: '是'
    字体: 未设置
    大小: 未设置
    粗体: 未设置
    斜体: 未设置
    下划线: 未设置
    标准颜色: 未设置
  运行 3: '1956'
    字体: 未设置
    大小: 未设置
    粗体: 未设置
    斜体: 未设置
    下划线: 未设置
    标准颜色: 未设置
  运行 4: '年'
    字体: 未设置
    大小: 未设置
    粗体: 未设置
    斜体: 未设置
    下划线: 未设置
    标准颜色: 未设置
  运行 5: '由'
    字体: 未设置
    大小: 未设置
    粗体: 未设置
    斜体: 未设置
    下划线: 未设置
    标准颜色: 未设置
  运行 6: '著名'
    字体: 未设置
    大小: 未设置
    粗体: 未设置
    斜体: 未设置
    下划线: 未设置
    标准颜色: 未设置
  运行 7: '营销学者温德尔·史密斯提出。菲利普·科特勒'
    字体: 未设置
    大小: 未设置
    粗体: 未设置
    斜体: 未设置
    下划线: 未设置
    标准颜色: 未设置
  运行 8: '随后'
    字体: 未设置
    大小: 未设置
    粗体: 未设置
    斜体: 未设置
    下划线: 未设置
    标准颜色: 未设置
  运行 9: '对这一理念进行了深入研究并加以完善，发展'
    字体: 未设置
    大小: 未设置
    粗体: 未设置
    斜体: 未设置
    下划线: 未设置
    标准颜色: 未设置
  运行 10: '成'
    字体: 未设置
    大小: 未设置
    粗体: 未设置
    斜体: 未设置
    下划线: 未设置
    标准颜色: 未设置
  运行 11: 'STP'
    字体: 未设置
    大小: 未设置
    粗体: 未设置
    斜体: 未设置
    下划线: 未设置
    标准颜色: 未设置
  运行 12: '理论'
    字体: 未设置
    大小: 未设置
    粗体: 未设置
    斜体: 未设置
    下划线: 未设置
    标准颜色: 未设置
  运行 13: '。目标市场'
    字体: 未设置
    大小: 未设置
    粗体: 未设置
    斜体: 未设置
    下划线: 未设置
    标准颜色: 未设置
  运行 14: '理论'
    字体: 未设置
    大小: 未设置
    粗体: 未设置
    斜体: 未设置
    下划线: 未设置
    标准颜色: 未设置
  运行 15: '即'
    字体: 未设置
    大小: 未设置
    粗体: 未设置
    斜体: 未设置
    下划线: 未设置
    标准颜色: 未设置
  运行 16: 'STP'
    字体: 未设置
    大小: 未设置
    粗体: 未设置
    斜体: 未设置
    下划线: 未设置
    标准颜色: 未设置
  运行 17: '理论'
    字体: 未设置
    大小: 未设置
    粗体: 未设置
    斜体: 未设置
    下划线: 未设置
    标准颜色: 未设置
  运行 18: '，由三个关键要素组成：市场细分（'
    字体: 未设置
    大小: 未设置
    粗体: 未设置
    斜体: 未设置
    下划线: 未设置
    标准颜色: 未设置
  运行 19: 'Segmenting'
    字体: 未设置
    大小: 未设置
    粗体: 未设置
    斜体: 未设置
    下划线: 未设置
    标准颜色: 未设置
  运行 20: '）、目标市场选择（'
    字体: 未设置
    大小: 未设置
    粗体: 未设置
    斜体: 未设置
    下划线: 未设置
    标准颜色: 未设置
  运行 21: 'Targeting'
    字体: 未设置
    大小: 未设置
    粗体: 未设置
    斜体: 未设置
    下划线: 未设置
    标准颜色: 未设置
  运行 22: '）和市场定位（'
    字体: 未设置
    大小: 未设置
    粗体: 未设置
    斜体: 未设置
    下划线: 未设置
    标准颜色: 未设置
  运行 23: 'Positioning'
    字体: 未设置
    大小: 未设置
    粗体: 未设置
    斜体: 未设置
    下划线: 未设置
    标准颜色: 未设置
  运行 24: '），'
    字体: 未设置
    大小: 未设置
    粗体: 未设置
    斜体: 未设置
    下划线: 未设置
    标准颜色: 未设置
  运行 25: '是'
    字体: 未设置
    大小: 未设置
    粗体: 未设置
    斜体: 未设置
    下划线: 未设置
    标准颜色: 未设置
  运行 26: '战略性营销的'
    字体: 未设置
    大小: 未设置
    粗体: 未设置
    斜体: 未设置
    下划线: 未设置
    标准颜色: 未设置
  运行 27: '核心内容'
    字体: 未设置
    大小: 未设置
    粗体: 未设置
    斜体: 未设置
    下划线: 未设置
    标准颜色: 未设置
  运行 28: '['
    字体: 未设置
    大小: 未设置
    粗体: 未设置
    斜体: 未设置
    下划线: 未设置
    标准颜色: 未设置
  运行 29: ''
    字体: 未设置
    大小: 未设置
    粗体: 未设置
    斜体: 未设置
    下划线: 未设置
    标准颜色: 未设置
  运行 30: ']'
    字体: 未设置
    大小: 未设置
    粗体: 未设置
    斜体: 未设置
    下划线: 未设置
    标准颜色: 未设置
  运行 31: '。'
    字体: 未设置
    大小: 未设置
    粗体: 未设置
    斜体: 未设置
    下划线: 未设置
    标准颜色: 未设置

段落 349:
文本内容: 市场细分（Segmenting）。市场细分是指企业根据消费者的不同需求和欲望、购买行为和购买习惯等方面的差异，将一个广阔的市场整体划分为若干具有共同特征的子市场的过程，市场细分是确定目标市场前提。常见的市场细分方法有四种：消费行为细分法、人文因素细分法、地理因素细分法、利益因素细分法。
段落样式: Normal
从样式获取的格式:
  样式字体: Times New Roman
  样式字号: 152400
  样式字号(pt): 12.0
  样式颜色: 未设置
对齐方式: 未设置
左缩进: 未设置
右缩进: 未设置
首行缩进: 304800
行间距: 未设置
从XML读取的格式:
  运行 1: '市场细分'
    字体: 未设置
    大小: 未设置
    粗体: 未设置
    斜体: 未设置
    下划线: 未设置
    标准颜色: 未设置
  运行 2: '（'
    字体: 未设置
    大小: 未设置
    粗体: 未设置
    斜体: 未设置
    下划线: 未设置
    标准颜色: 未设置
  运行 3: 'Segmenting'
    字体: 未设置
    大小: 未设置
    粗体: 未设置
    斜体: 未设置
    下划线: 未设置
    标准颜色: 未设置
  运行 4: '）'
    字体: 未设置
    大小: 未设置
    粗体: 未设置
    斜体: 未设置
    下划线: 未设置
    标准颜色: 未设置
  运行 5: '。'
    字体: 未设置
    大小: 未设置
    粗体: 未设置
    斜体: 未设置
    下划线: 未设置
    标准颜色: 未设置
  运行 6: '市场细分'
    字体: 未设置
    大小: 未设置
    粗体: 未设置
    斜体: 未设置
    下划线: 未设置
    标准颜色: 未设置
  运行 7: '是指企业'
    字体: 未设置
    大小: 未设置
    粗体: 未设置
    斜体: 未设置
    下划线: 未设置
    标准颜色: 未设置
  运行 8: '根据消费者的不同需求和欲望、购买行为和购买习惯等方面的差异，将一个广阔的市场整体划分为若干具有共同特征的子市场的过程'
    字体: 未设置
    大小: 未设置
    粗体: 未设置
    斜体: 未设置
    下划线: 未设置
    标准颜色: 未设置
  运行 9: '，'
    字体: 未设置
    大小: 未设置
    粗体: 未设置
    斜体: 未设置
    下划线: 未设置
    标准颜色: 未设置
  运行 10: '市场细分'
    字体: 未设置
    大小: 未设置
    粗体: 未设置
    斜体: 未设置
    下划线: 未设置
    标准颜色: 未设置
  运行 11: '是'
    字体: 未设置
    大小: 未设置
    粗体: 未设置
    斜体: 未设置
    下划线: 未设置
    标准颜色: 未设置
  运行 12: '确定'
    字体: 未设置
    大小: 未设置
    粗体: 未设置
    斜体: 未设置
    下划线: 未设置
    标准颜色: 未设置
  运行 13: '目标市场'
    字体: 未设置
    大小: 未设置
    粗体: 未设置
    斜体: 未设置
    下划线: 未设置
    标准颜色: 未设置
  运行 14: '前提'
    字体: 未设置
    大小: 未设置
    粗体: 未设置
    斜体: 未设置
    下划线: 未设置
    标准颜色: 未设置
  运行 15: '。常见的市场细'
    字体: 未设置
    大小: 未设置
    粗体: 未设置
    斜体: 未设置
    下划线: 未设置
    标准颜色: 未设置
  运行 16: '分方法有四种：消费行为细分法'
    字体: 未设置
    大小: 未设置
    粗体: 未设置
    斜体: 未设置
    下划线: 未设置
    标准颜色: 未设置
  运行 17: ''
    字体: 未设置
    大小: 未设置
    粗体: 未设置
    斜体: 未设置
    下划线: 未设置
    标准颜色: 未设置
  运行 18: '、'
    字体: 未设置
    大小: 未设置
    粗体: 未设置
    斜体: 未设置
    下划线: 未设置
    标准颜色: 未设置
  运行 19: '人文因素细分法'
    字体: 未设置
    大小: 未设置
    粗体: 未设置
    斜体: 未设置
    下划线: 未设置
    标准颜色: 未设置
  运行 20: ''
    字体: 未设置
    大小: 未设置
    粗体: 未设置
    斜体: 未设置
    下划线: 未设置
    标准颜色: 未设置
  运行 21: '、'
    字体: 未设置
    大小: 未设置
    粗体: 未设置
    斜体: 未设置
    下划线: 未设置
    标准颜色: 未设置
  运行 22: '地理因素细分法'
    字体: 未设置
    大小: 未设置
    粗体: 未设置
    斜体: 未设置
    下划线: 未设置
    标准颜色: 未设置
  运行 23: ''
    字体: 未设置
    大小: 未设置
    粗体: 未设置
    斜体: 未设置
    下划线: 未设置
    标准颜色: 未设置
  运行 24: '、利益因素细分法'
    字体: 未设置
    大小: 未设置
    粗体: 未设置
    斜体: 未设置
    下划线: 未设置
    标准颜色: 未设置
  运行 25: ''
    字体: 未设置
    大小: 未设置
    粗体: 未设置
    斜体: 未设置
    下划线: 未设置
    标准颜色: 未设置
  运行 26: '。'
    字体: 未设置
    大小: 未设置
    粗体: 未设置
    斜体: 未设置
    下划线: 未设置
    标准颜色: 未设置

段落 350:
文本内容: 确定目标市场（Targeting）。企业以细分市场所展现的吸引力大小为依据，经过综合分析和评估，决定进入最合适的市场。在明确了特定的细分市场后，企业将筛选出目标客户群体，这有助于企业迅速识别并抓住商业机会。
段落样式: Normal
从样式获取的格式:
  样式字体: Times New Roman
  样式字号: 152400
  样式字号(pt): 12.0
  样式颜色: 未设置
对齐方式: 未设置
左缩进: 未设置
右缩进: 未设置
首行缩进: 304800
行间距: 未设置
从XML读取的格式:
  运行 1: '确定目标市场'
    字体: 未设置
    大小: 未设置
    粗体: 未设置
    斜体: 未设置
    下划线: 未设置
    标准颜色: 未设置
  运行 2: '（'
    字体: 未设置
    大小: 未设置
    粗体: 未设置
    斜体: 未设置
    下划线: 未设置
    标准颜色: 未设置
  运行 3: 'Targeting'
    字体: 未设置
    大小: 未设置
    粗体: 未设置
    斜体: 未设置
    下划线: 未设置
    标准颜色: 未设置
  运行 4: '）'
    字体: 未设置
    大小: 未设置
    粗体: 未设置
    斜体: 未设置
    下划线: 未设置
    标准颜色: 未设置
  运行 5: '。'
    字体: 未设置
    大小: 未设置
    粗体: 未设置
    斜体: 未设置
    下划线: 未设置
    标准颜色: 未设置
  运行 6: '企业'
    字体: 未设置
    大小: 未设置
    粗体: 未设置
    斜体: 未设置
    下划线: 未设置
    标准颜色: 未设置
  运行 7: '以'
    字体: 未设置
    大小: 未设置
    粗体: 未设置
    斜体: 未设置
    下划线: 未设置
    标准颜色: 未设置
  运行 8: '细分市场所展现的吸引力'
    字体: 未设置
    大小: 未设置
    粗体: 未设置
    斜体: 未设置
    下划线: 未设置
    标准颜色: 未设置
  运行 9: '大小为依据'
    字体: 未设置
    大小: 未设置
    粗体: 未设置
    斜体: 未设置
    下划线: 未设置
    标准颜色: 未设置
  运行 10: '，经过综合'
    字体: 未设置
    大小: 未设置
    粗体: 未设置
    斜体: 未设置
    下划线: 未设置
    标准颜色: 未设置
  运行 11: '分析'
    字体: 未设置
    大小: 未设置
    粗体: 未设置
    斜体: 未设置
    下划线: 未设置
    标准颜色: 未设置
  运行 12: '和评估，决定进入'
    字体: 未设置
    大小: 未设置
    粗体: 未设置
    斜体: 未设置
    下划线: 未设置
    标准颜色: 未设置
  运行 13: '最合适的'
    字体: 未设置
    大小: 未设置
    粗体: 未设置
    斜体: 未设置
    下划线: 未设置
    标准颜色: 未设置
  运行 14: '市场。在明确了特定的细分市场后，企业将筛选出目标客户群体'
    字体: 未设置
    大小: 未设置
    粗体: 未设置
    斜体: 未设置
    下划线: 未设置
    标准颜色: 未设置
  运行 15: '，这有助于企业迅速'
    字体: 未设置
    大小: 未设置
    粗体: 未设置
    斜体: 未设置
    下划线: 未设置
    标准颜色: 未设置
  运行 16: '识别并'
    字体: 未设置
    大小: 未设置
    粗体: 未设置
    斜体: 未设置
    下划线: 未设置
    标准颜色: 未设置
  运行 17: '抓住商业机会。'
    字体: 未设置
    大小: 未设置
    粗体: 未设置
    斜体: 未设置
    下划线: 未设置
    标准颜色: 未设置

段落 351:
文本内容: 定位（Positioning），市场定位是一种战略行为，企业通过评估自身的优势和市场的竞争格局，明确其产品或服务在目标消费者心中所占据的独特地位。通过精心策划的市场营销沟通，企业旨在客户心目中建立一种独特的品牌形象，这不仅帮助产品在众多竞争品牌中被区分开来，而且确保企业能够在市场竞争中获得优势。
段落样式: 正文-缩进
从样式获取的格式:
  样式字体: 未设置
  样式字号: 未设置
  样式颜色: 未设置
对齐方式: 未设置
左缩进: 未设置
右缩进: 未设置
首行缩进: 未设置
行间距: 未设置
从XML读取的格式:
  运行 1: '定位'
    字体: 未设置
    大小: 未设置
    粗体: 未设置
    斜体: 未设置
    下划线: 未设置
    标准颜色: 未设置
  运行 2: '（'
    字体: 未设置
    大小: 未设置
    粗体: 未设置
    斜体: 未设置
    下划线: 未设置
    标准颜色: 未设置
  运行 3: 'Positioning'
    字体: 未设置
    大小: 未设置
    粗体: 未设置
    斜体: 未设置
    下划线: 未设置
    标准颜色: 未设置
  运行 4: '）'
    字体: 未设置
    大小: 未设置
    粗体: 未设置
    斜体: 未设置
    下划线: 未设置
    标准颜色: 未设置
  运行 5: '，'
    字体: 未设置
    大小: 未设置
    粗体: 未设置
    斜体: 未设置
    下划线: 未设置
    标准颜色: 未设置
  运行 6: '市场定位是一种战略行为，企业通过评估自身的优势和市场的竞争格局，明确其产品或服务在目标消费者心中所占据的独特地位。通过精心策划的市场营销沟通，企业旨在客户心目中建立一种独特的品牌形象，这不仅帮助产品在众多竞争品牌中被区分开来，而且确保企业能够在市场竞争中获得优势。'
    字体: 未设置
    大小: 未设置
    粗体: 未设置
    斜体: 未设置
    下划线: 未设置
    标准颜色: 未设置

段落 352:
文本内容: 通过运用市场细分战略，企业可以更快的发掘市场机会，调配企业优势资源开拓目标市场；更快地根据目标市场的特点和变化，及时的调整营销策略，从而保持在市场竞争的持续优势。
段落样式: Normal
从样式获取的格式:
  样式字体: Times New Roman
  样式字号: 152400
  样式字号(pt): 12.0
  样式颜色: 未设置
对齐方式: 未设置
左缩进: 未设置
右缩进: 未设置
首行缩进: 304800
行间距: 未设置
从XML读取的格式:
  运行 1: '通过'
    字体: 未设置
    大小: 未设置
    粗体: 未设置
    斜体: 未设置
    下划线: 未设置
    标准颜色: 未设置
  运行 2: '运用'
    字体: 未设置
    大小: 未设置
    粗体: 未设置
    斜体: 未设置
    下划线: 未设置
    标准颜色: 未设置
  运行 3: '市场细分'
    字体: 未设置
    大小: 未设置
    粗体: 未设置
    斜体: 未设置
    下划线: 未设置
    标准颜色: 未设置
  运行 4: '战略，'
    字体: 未设置
    大小: 未设置
    粗体: 未设置
    斜体: 未设置
    下划线: 未设置
    标准颜色: 未设置
  运行 5: '企业可以更快的发掘市场机会，调配企业优势资源开拓目标市场'
    字体: 未设置
    大小: 未设置
    粗体: 未设置
    斜体: 未设置
    下划线: 未设置
    标准颜色: 未设置
  运行 6: '；更快地'
    字体: 未设置
    大小: 未设置
    粗体: 未设置
    斜体: 未设置
    下划线: 未设置
    标准颜色: 未设置
  运行 7: '根据目标市场的特点和变化，及时的调整营销策略，从而保持在市场竞争的持续优势。'
    字体: 未设置
    大小: 未设置
    粗体: 未设置
    斜体: 未设置
    下划线: 未设置
    标准颜色: 未设置

段落 353:
文本内容: 7Ps营销理论
段落样式: Heading 3
从样式获取的格式:
  样式字体: 未设置
  样式字号: 未设置
  样式颜色: 未设置
对齐方式: 未设置
左缩进: 未设置
右缩进: 未设置
首行缩进: 未设置
行间距: 未设置
从XML读取的格式:
  运行 1: '7'
    字体: 未设置
    大小: 未设置
    粗体: 未设置
    斜体: 未设置
    下划线: 未设置
    标准颜色: 未设置
  运行 2: 'Ps'
    字体: 未设置
    大小: 未设置
    粗体: 未设置
    斜体: 未设置
    下划线: 未设置
    标准颜色: 未设置
  运行 3: '营销理论'
    字体: 未设置
    大小: 未设置
    粗体: 未设置
    斜体: 未设置
    下划线: 未设置
    标准颜色: 未设置
  运行 4: ''
    字体: 未设置
    大小: 未设置
    粗体: 未设置
    斜体: 未设置
    下划线: 未设置
    标准颜色: 未设置
  运行 5: ''
    字体: 未设置
    大小: 未设置
    粗体: 未设置
    斜体: 未设置
    下划线: 未设置
    标准颜色: 未设置
  运行 6: ''
    字体: 未设置
    大小: 未设置
    粗体: 未设置
    斜体: 未设置
    下划线: 未设置
    标准颜色: 未设置
  运行 7: ''
    字体: 未设置
    大小: 未设置
    粗体: 未设置
    斜体: 未设置
    下划线: 未设置
    标准颜色: 未设置
  运行 8: ''
    字体: 未设置
    大小: 未设置
    粗体: 未设置
    斜体: 未设置
    下划线: 未设置
    标准颜色: 未设置
  运行 9: ''
    字体: 未设置
    大小: 未设置
    粗体: 未设置
    斜体: 未设置
    下划线: 未设置
    标准颜色: 未设置
  运行 10: ''
    字体: 未设置
    大小: 未设置
    粗体: 未设置
    斜体: 未设置
    下划线: 未设置
    标准颜色: 未设置
  运行 11: ''
    字体: 未设置
    大小: 未设置
    粗体: 未设置
    斜体: 未设置
    下划线: 未设置
    标准颜色: 未设置

段落 354:
文本内容: 1960年，美国学者杰罗姆·麦卡锡在《基础营销》著作中，将营销要素提炼为四个，即产品、定价、渠道、促销，这一概念后来被称为“4Ps”理论[]。1967年，菲利普·科特勒在其发布《营销管理：分析、规划与控制》著作中，进一步巩固了以4Ps为基石的营销组合策略框架。具体来说分别是：产品（Product），强调产品功能的重要性，需要突出产品特性，实用性及其独特卖点；价格（Price），产品定价和成本以及企业利润息息相关，与企业商誉紧密相连，根据不同市场定位来制定价格策略；渠道（Place），渠道分销是企业与消费者重要媒介，企业需要培养合作伙伴并构建广泛的销售网络，缩短供应商与消费者的距离，提高客户获得产品的便捷性；促销（Promotion），促销是一个广泛的概念，包括品牌推广、广告、公关等多种形式的活动。Marius（2018）及其同事的研究发现，及时且准确的信息刺激是引导消费者购买意愿和态度变化的关键因素，这种变化进而会影响消费者的消费行为。基于这一发现，他们提出了一套综合的推广促销组合策略，涵盖了广告、个人销售、推广销售以及公共关系等多个方面，以增强营销活动的效果。这一策略强调了在市场营销中利用多元化的传播手段来吸引和影响消费者的购买决策[]。
段落样式: Normal
从样式获取的格式:
  样式字体: Times New Roman
  样式字号: 152400
  样式字号(pt): 12.0
  样式颜色: 未设置
对齐方式: 未设置
左缩进: 未设置
右缩进: 未设置
首行缩进: 304800
行间距: 未设置
从XML读取的格式:
  运行 1: '1960'
    字体: 未设置
    大小: 未设置
    粗体: 未设置
    斜体: 未设置
    下划线: 未设置
    标准颜色: 未设置
  运行 2: '年，'
    字体: 未设置
    大小: 未设置
    粗体: 未设置
    斜体: 未设置
    下划线: 未设置
    标准颜色: 未设置
  运行 3: '美国学者杰罗姆·麦卡锡'
    字体: 未设置
    大小: 未设置
    粗体: 未设置
    斜体: 未设置
    下划线: 未设置
    标准颜色: 未设置
  运行 4: '在'
    字体: 未设置
    大小: 未设置
    粗体: 未设置
    斜体: 未设置
    下划线: 未设置
    标准颜色: 未设置
  运行 5: '《基础营销》'
    字体: 未设置
    大小: 未设置
    粗体: 未设置
    斜体: 未设置
    下划线: 未设置
    标准颜色: 未设置
  运行 6: '著作中，将'
    字体: 未设置
    大小: 未设置
    粗体: 未设置
    斜体: 未设置
    下划线: 未设置
    标准颜色: 未设置
  运行 7: '营销要素'
    字体: 未设置
    大小: 未设置
    粗体: 未设置
    斜体: 未设置
    下划线: 未设置
    标准颜色: 未设置
  运行 8: '提炼'
    字体: 未设置
    大小: 未设置
    粗体: 未设置
    斜体: 未设置
    下划线: 未设置
    标准颜色: 未设置
  运行 9: '为四个'
    字体: 未设置
    大小: 未设置
    粗体: 未设置
    斜体: 未设置
    下划线: 未设置
    标准颜色: 未设置
  运行 10: '，即'
    字体: 未设置
    大小: 未设置
    粗体: 未设置
    斜体: 未设置
    下划线: 未设置
    标准颜色: 未设置
  运行 11: '产品、定价、'
    字体: 未设置
    大小: 未设置
    粗体: 未设置
    斜体: 未设置
    下划线: 未设置
    标准颜色: 未设置
  运行 12: '渠道'
    字体: 未设置
    大小: 未设置
    粗体: 未设置
    斜体: 未设置
    下划线: 未设置
    标准颜色: 未设置
  运行 13: '、促销，这一概念后来被称为'
    字体: 未设置
    大小: 未设置
    粗体: 未设置
    斜体: 未设置
    下划线: 未设置
    标准颜色: 未设置
  运行 14: '“'
    字体: 未设置
    大小: 未设置
    粗体: 未设置
    斜体: 未设置
    下划线: 未设置
    标准颜色: 未设置
  运行 15: '4P'
    字体: 未设置
    大小: 未设置
    粗体: 未设置
    斜体: 未设置
    下划线: 未设置
    标准颜色: 未设置
  运行 16: 's'
    字体: 未设置
    大小: 未设置
    粗体: 未设置
    斜体: 未设置
    下划线: 未设置
    标准颜色: 未设置
  运行 17: '”理'
    字体: 未设置
    大小: 未设置
    粗体: 未设置
    斜体: 未设置
    下划线: 未设置
    标准颜色: 未设置
  运行 18: '论'
    字体: 未设置
    大小: 未设置
    粗体: 未设置
    斜体: 未设置
    下划线: 未设置
    标准颜色: 未设置
  运行 19: '['
    字体: 未设置
    大小: 未设置
    粗体: 未设置
    斜体: 未设置
    下划线: 未设置
    标准颜色: 未设置
  运行 20: ''
    字体: 未设置
    大小: 未设置
    粗体: 未设置
    斜体: 未设置
    下划线: 未设置
    标准颜色: 未设置
  运行 21: ']'
    字体: 未设置
    大小: 未设置
    粗体: 未设置
    斜体: 未设置
    下划线: 未设置
    标准颜色: 未设置
  运行 22: '。'
    字体: 未设置
    大小: 未设置
    粗体: 未设置
    斜体: 未设置
    下划线: 未设置
    标准颜色: 未设置
  运行 23: '1967'
    字体: 未设置
    大小: 未设置
    粗体: 未设置
    斜体: 未设置
    下划线: 未设置
    标准颜色: 未设置
  运行 24: '年，'
    字体: 未设置
    大小: 未设置
    粗体: 未设置
    斜体: 未设置
    下划线: 未设置
    标准颜色: 未设置
  运行 25: '菲利普·科特勒'
    字体: 未设置
    大小: 未设置
    粗体: 未设置
    斜体: 未设置
    下划线: 未设置
    标准颜色: 未设置
  运行 26: '在其'
    字体: 未设置
    大小: 未设置
    粗体: 未设置
    斜体: 未设置
    下划线: 未设置
    标准颜色: 未设置
  运行 27: '发布'
    字体: 未设置
    大小: 未设置
    粗体: 未设置
    斜体: 未设置
    下划线: 未设置
    标准颜色: 未设置
  运行 28: '《营销管理：分析、规划与控制》'
    字体: 未设置
    大小: 未设置
    粗体: 未设置
    斜体: 未设置
    下划线: 未设置
    标准颜色: 未设置
  运行 29: '著作中'
    字体: 未设置
    大小: 未设置
    粗体: 未设置
    斜体: 未设置
    下划线: 未设置
    标准颜色: 未设置
  运行 30: '，进一步巩固了以'
    字体: 未设置
    大小: 未设置
    粗体: 未设置
    斜体: 未设置
    下划线: 未设置
    标准颜色: 未设置
  运行 31: '4Ps'
    字体: 未设置
    大小: 未设置
    粗体: 未设置
    斜体: 未设置
    下划线: 未设置
    标准颜色: 未设置
  运行 32: '为基石的营销'
    字体: 未设置
    大小: 未设置
    粗体: 未设置
    斜体: 未设置
    下划线: 未设置
    标准颜色: 未设置
  运行 33: '组合'
    字体: 未设置
    大小: 未设置
    粗体: 未设置
    斜体: 未设置
    下划线: 未设置
    标准颜色: 未设置
  运行 34: '策略框架。具体来说'
    字体: 未设置
    大小: 未设置
    粗体: 未设置
    斜体: 未设置
    下划线: 未设置
    标准颜色: 未设置
  运行 35: '分别是'
    字体: 未设置
    大小: 未设置
    粗体: 未设置
    斜体: 未设置
    下划线: 未设置
    标准颜色: 未设置
  运行 36: '：产品（'
    字体: 未设置
    大小: 未设置
    粗体: 未设置
    斜体: 未设置
    下划线: 未设置
    标准颜色: 未设置
  运行 37: 'Product'
    字体: 未设置
    大小: 未设置
    粗体: 未设置
    斜体: 未设置
    下划线: 未设置
    标准颜色: 未设置
  运行 38: '）'
    字体: 未设置
    大小: 未设置
    粗体: 未设置
    斜体: 未设置
    下划线: 未设置
    标准颜色: 未设置
  运行 39: '，'
    字体: 未设置
    大小: 未设置
    粗体: 未设置
    斜体: 未设置
    下划线: 未设置
    标准颜色: 未设置
  运行 40: '强调'
    字体: 未设置
    大小: 未设置
    粗体: 未设置
    斜体: 未设置
    下划线: 未设置
    标准颜色: 未设置
  运行 41: '产品功能的重要性'
    字体: 未设置
    大小: 未设置
    粗体: 未设置
    斜体: 未设置
    下划线: 未设置
    标准颜色: 未设置
  运行 42: '，'
    字体: 未设置
    大小: 未设置
    粗体: 未设置
    斜体: 未设置
    下划线: 未设置
    标准颜色: 未设置
  运行 43: '需要'
    字体: 未设置
    大小: 未设置
    粗体: 未设置
    斜体: 未设置
    下划线: 未设置
    标准颜色: 未设置
  运行 44: '突出产品特性，实用性'
    字体: 未设置
    大小: 未设置
    粗体: 未设置
    斜体: 未设置
    下划线: 未设置
    标准颜色: 未设置
  运行 45: '及其'
    字体: 未设置
    大小: 未设置
    粗体: 未设置
    斜体: 未设置
    下划线: 未设置
    标准颜色: 未设置
  运行 46: '独特卖点'
    字体: 未设置
    大小: 未设置
    粗体: 未设置
    斜体: 未设置
    下划线: 未设置
    标准颜色: 未设置
  运行 47: '；'
    字体: 未设置
    大小: 未设置
    粗体: 未设置
    斜体: 未设置
    下划线: 未设置
    标准颜色: 未设置
  运行 48: '价格（'
    字体: 未设置
    大小: 未设置
    粗体: 未设置
    斜体: 未设置
    下划线: 未设置
    标准颜色: 未设置
  运行 49: 'Price'
    字体: 未设置
    大小: 未设置
    粗体: 未设置
    斜体: 未设置
    下划线: 未设置
    标准颜色: 未设置
  运行 50: '）'
    字体: 未设置
    大小: 未设置
    粗体: 未设置
    斜体: 未设置
    下划线: 未设置
    标准颜色: 未设置
  运行 51: '，'
    字体: 未设置
    大小: 未设置
    粗体: 未设置
    斜体: 未设置
    下划线: 未设置
    标准颜色: 未设置
  运行 52: '产品定价和'
    字体: 未设置
    大小: 未设置
    粗体: 未设置
    斜体: 未设置
    下划线: 未设置
    标准颜色: 未设置
  运行 53: '成本'
    字体: 未设置
    大小: 未设置
    粗体: 未设置
    斜体: 未设置
    下划线: 未设置
    标准颜色: 未设置
  运行 54: '以及企业'
    字体: 未设置
    大小: 未设置
    粗体: 未设置
    斜体: 未设置
    下划线: 未设置
    标准颜色: 未设置
  运行 55: '利润'
    字体: 未设置
    大小: 未设置
    粗体: 未设置
    斜体: 未设置
    下划线: 未设置
    标准颜色: 未设置
  运行 56: '息息相关'
    字体: 未设置
    大小: 未设置
    粗体: 未设置
    斜体: 未设置
    下划线: 未设置
    标准颜色: 未设置
  运行 57: '，'
    字体: 未设置
    大小: 未设置
    粗体: 未设置
    斜体: 未设置
    下划线: 未设置
    标准颜色: 未设置
  运行 58: '与'
    字体: 未设置
    大小: 未设置
    粗体: 未设置
    斜体: 未设置
    下划线: 未设置
    标准颜色: 未设置
  运行 59: '企业'
    字体: 未设置
    大小: 未设置
    粗体: 未设置
    斜体: 未设置
    下划线: 未设置
    标准颜色: 未设置
  运行 60: '商誉'
    字体: 未设置
    大小: 未设置
    粗体: 未设置
    斜体: 未设置
    下划线: 未设置
    标准颜色: 未设置
  运行 61: '紧密相连，'
    字体: 未设置
    大小: 未设置
    粗体: 未设置
    斜体: 未设置
    下划线: 未设置
    标准颜色: 未设置
  运行 62: '根据'
    字体: 未设置
    大小: 未设置
    粗体: 未设置
    斜体: 未设置
    下划线: 未设置
    标准颜色: 未设置
  运行 63: '不同市场定位'
    字体: 未设置
    大小: 未设置
    粗体: 未设置
    斜体: 未设置
    下划线: 未设置
    标准颜色: 未设置
  运行 64: '来制定价格策略'
    字体: 未设置
    大小: 未设置
    粗体: 未设置
    斜体: 未设置
    下划线: 未设置
    标准颜色: 未设置
  运行 65: '；'
    字体: 未设置
    大小: 未设置
    粗体: 未设置
    斜体: 未设置
    下划线: 未设置
    标准颜色: 未设置
  运行 66: '渠道（'
    字体: 未设置
    大小: 未设置
    粗体: 未设置
    斜体: 未设置
    下划线: 未设置
    标准颜色: 未设置
  运行 67: 'Place'
    字体: 未设置
    大小: 未设置
    粗体: 未设置
    斜体: 未设置
    下划线: 未设置
    标准颜色: 未设置
  运行 68: '）'
    字体: 未设置
    大小: 未设置
    粗体: 未设置
    斜体: 未设置
    下划线: 未设置
    标准颜色: 未设置
  运行 69: '，'
    字体: 未设置
    大小: 未设置
    粗体: 未设置
    斜体: 未设置
    下划线: 未设置
    标准颜色: 未设置
  运行 70: '渠道'
    字体: 未设置
    大小: 未设置
    粗体: 未设置
    斜体: 未设置
    下划线: 未设置
    标准颜色: 未设置
  运行 71: '分销是'
    字体: 未设置
    大小: 未设置
    粗体: 未设置
    斜体: 未设置
    下划线: 未设置
    标准颜色: 未设置
  运行 72: '企业与消费者'
    字体: 未设置
    大小: 未设置
    粗体: 未设置
    斜体: 未设置
    下划线: 未设置
    标准颜色: 未设置
  运行 73: '重要媒介'
    字体: 未设置
    大小: 未设置
    粗体: 未设置
    斜体: 未设置
    下划线: 未设置
    标准颜色: 未设置
  运行 74: '，企业需要培养合作伙'
    字体: 未设置
    大小: 未设置
    粗体: 未设置
    斜体: 未设置
    下划线: 未设置
    标准颜色: 未设置
  运行 75: '伴并构建广泛的销售网络，'
    字体: 未设置
    大小: 未设置
    粗体: 未设置
    斜体: 未设置
    下划线: 未设置
    标准颜色: 未设置
  运行 76: '缩短供应商与消费者的距离，'
    字体: 未设置
    大小: 未设置
    粗体: 未设置
    斜体: 未设置
    下划线: 未设置
    标准颜色: 未设置
  运行 77: '提高'
    字体: 未设置
    大小: 未设置
    粗体: 未设置
    斜体: 未设置
    下划线: 未设置
    标准颜色: 未设置
  运行 78: '客户获得产品的'
    字体: 未设置
    大小: 未设置
    粗体: 未设置
    斜体: 未设置
    下划线: 未设置
    标准颜色: 未设置
  运行 79: '便捷性'
    字体: 未设置
    大小: 未设置
    粗体: 未设置
    斜体: 未设置
    下划线: 未设置
    标准颜色: 未设置
  运行 80: '；'
    字体: 未设置
    大小: 未设置
    粗体: 未设置
    斜体: 未设置
    下划线: 未设置
    标准颜色: 未设置
  运行 81: '促销（'
    字体: 未设置
    大小: 未设置
    粗体: 未设置
    斜体: 未设置
    下划线: 未设置
    标准颜色: 未设置
  运行 82: 'Promotion'
    字体: 未设置
    大小: 未设置
    粗体: 未设置
    斜体: 未设置
    下划线: 未设置
    标准颜色: 未设置
  运行 83: '）'
    字体: 未设置
    大小: 未设置
    粗体: 未设置
    斜体: 未设置
    下划线: 未设置
    标准颜色: 未设置
  运行 84: '，'
    字体: 未设置
    大小: 未设置
    粗体: 未设置
    斜体: 未设置
    下划线: 未设置
    标准颜色: 未设置
  运行 85: '促销是一个广泛的概念，包括品牌推广、广告、公关等多种形式'
    字体: 未设置
    大小: 未设置
    粗体: 未设置
    斜体: 未设置
    下划线: 未设置
    标准颜色: 未设置
  运行 86: '的'
    字体: 未设置
    大小: 未设置
    粗体: 未设置
    斜体: 未设置
    下划线: 未设置
    标准颜色: 未设置
  运行 87: '活动'
    字体: 未设置
    大小: 未设置
    粗体: 未设置
    斜体: 未设置
    下划线: 未设置
    标准颜色: 未设置
  运行 88: '。'
    字体: 未设置
    大小: 未设置
    粗体: 未设置
    斜体: 未设置
    下划线: 未设置
    标准颜色: 未设置
  运行 89: 'Marius'
    字体: 未设置
    大小: 未设置
    粗体: 未设置
    斜体: 未设置
    下划线: 未设置
    标准颜色: 未设置
  运行 90: '（'
    字体: 未设置
    大小: 未设置
    粗体: 未设置
    斜体: 未设置
    下划线: 未设置
    标准颜色: 未设置
  运行 91: '2018'
    字体: 未设置
    大小: 未设置
    粗体: 未设置
    斜体: 未设置
    下划线: 未设置
    标准颜色: 未设置
  运行 92: '）'
    字体: 未设置
    大小: 未设置
    粗体: 未设置
    斜体: 未设置
    下划线: 未设置
    标准颜色: 未设置
  运行 93: '及其同事的研究发现，及时且准确的信息刺激是引导消费者购买意愿和态度变化的关键因素，这种变化进而会影响消费者的消费行为。基于这一发现，他们提出了一套综合的推广促销组合策略，涵盖了广告、个人销售、推广销售以及公共关系等多个方面，以增强营销活动的效果。这一策略'
    字体: 未设置
    大小: 未设置
    粗体: 未设置
    斜体: 未设置
    下划线: 未设置
    标准颜色: 未设置
  运行 94: '强调了在市场营销中利用多元化的传播手段来吸引和影响消费者的购买决策'
    字体: 未设置
    大小: 未设置
    粗体: 未设置
    斜体: 未设置
    下划线: 未设置
    标准颜色: 未设置
  运行 95: '['
    字体: 未设置
    大小: 未设置
    粗体: 未设置
    斜体: 未设置
    下划线: 未设置
    标准颜色: 未设置
  运行 96: ''
    字体: 未设置
    大小: 未设置
    粗体: 未设置
    斜体: 未设置
    下划线: 未设置
    标准颜色: 未设置
  运行 97: ']'
    字体: 未设置
    大小: 未设置
    粗体: 未设置
    斜体: 未设置
    下划线: 未设置
    标准颜色: 未设置
  运行 98: '。'
    字体: 未设置
    大小: 未设置
    粗体: 未设置
    斜体: 未设置
    下划线: 未设置
    标准颜色: 未设置

段落 355:
文本内容: 7Ps理论源自于4Ps理论。三个以服务为核心的“P”在1981年被布姆斯和比特纳引入到4Ps营销理论上，形成了7Ps营销理论。这个三个“P”分别是：参与者（Participant）、过程管理（Process Management）、有形展示（Physical Evidence）。参与者（Participant）：参与者是指包含公司员工和顾客，一切参与到服务传递和接受的所有人员。在现代市场营销中，服务人员的综合素质直接影响顾客对服务质量的感知和偏好。特别是在服务行业，员工的专业水平和服务质量的一致性对顾客体验至关重要；有形展示（Physical Evidence）：指的是服务或产品的实体展示，它使服务更加具体化，更容易被顾客理解和感知。有形展示的重要性在为顾客提供了可感知的物理载体，帮助他们评估服务质量。将无形的服务转化为有形的展示是优质服务的关键；过程管理（Process Management）：指的是顾客在获得产品或接受服务前所经历的整个流程。例如，顾客在享受服务前可能需要排队等待，这个过程的效率和时间管理对顾客的整体体验至关重要[]。
段落样式: 正文-缩进
从样式获取的格式:
  样式字体: 未设置
  样式字号: 未设置
  样式颜色: 未设置
对齐方式: 未设置
左缩进: 未设置
右缩进: 未设置
首行缩进: 未设置
行间距: 未设置
从XML读取的格式:
  运行 1: '7Ps'
    字体: 未设置
    大小: 未设置
    粗体: 未设置
    斜体: 未设置
    下划线: 未设置
    标准颜色: 未设置
  运行 2: '理论源自于'
    字体: 未设置
    大小: 未设置
    粗体: 未设置
    斜体: 未设置
    下划线: 未设置
    标准颜色: 未设置
  运行 3: '4Ps'
    字体: 未设置
    大小: 未设置
    粗体: 未设置
    斜体: 未设置
    下划线: 未设置
    标准颜色: 未设置
  运行 4: '理论'
    字体: 未设置
    大小: 未设置
    粗体: 未设置
    斜体: 未设置
    下划线: 未设置
    标准颜色: 未设置
  运行 5: '。'
    字体: 未设置
    大小: 未设置
    粗体: 未设置
    斜体: 未设置
    下划线: 未设置
    标准颜色: 未设置
  运行 6: '三个以服务为核心的“'
    字体: 未设置
    大小: 未设置
    粗体: 未设置
    斜体: 未设置
    下划线: 未设置
    标准颜色: 未设置
  运行 7: 'P'
    字体: 未设置
    大小: 未设置
    粗体: 未设置
    斜体: 未设置
    下划线: 未设置
    标准颜色: 未设置
  运行 8: '”在'
    字体: 未设置
    大小: 未设置
    粗体: 未设置
    斜体: 未设置
    下划线: 未设置
    标准颜色: 未设置
  运行 9: '1981'
    字体: 未设置
    大小: 未设置
    粗体: 未设置
    斜体: 未设置
    下划线: 未设置
    标准颜色: 未设置
  运行 10: '年被布姆斯和比特纳'
    字体: 未设置
    大小: 未设置
    粗体: 未设置
    斜体: 未设置
    下划线: 未设置
    标准颜色: 未设置
  运行 11: '引入到'
    字体: 未设置
    大小: 未设置
    粗体: 未设置
    斜体: 未设置
    下划线: 未设置
    标准颜色: 未设置
  运行 12: '4Ps'
    字体: 未设置
    大小: 未设置
    粗体: 未设置
    斜体: 未设置
    下划线: 未设置
    标准颜色: 未设置
  运行 13: '营销理论上，形成了'
    字体: 未设置
    大小: 未设置
    粗体: 未设置
    斜体: 未设置
    下划线: 未设置
    标准颜色: 未设置
  运行 14: '7'
    字体: 未设置
    大小: 未设置
    粗体: 未设置
    斜体: 未设置
    下划线: 未设置
    标准颜色: 未设置
  运行 15: 'P'
    字体: 未设置
    大小: 未设置
    粗体: 未设置
    斜体: 未设置
    下划线: 未设置
    标准颜色: 未设置
  运行 16: 's'
    字体: 未设置
    大小: 未设置
    粗体: 未设置
    斜体: 未设置
    下划线: 未设置
    标准颜色: 未设置
  运行 17: '营销理论。这个三个“'
    字体: 未设置
    大小: 未设置
    粗体: 未设置
    斜体: 未设置
    下划线: 未设置
    标准颜色: 未设置
  运行 18: 'P'
    字体: 未设置
    大小: 未设置
    粗体: 未设置
    斜体: 未设置
    下划线: 未设置
    标准颜色: 未设置
  运行 19: '”分别是：参与者（'
    字体: 未设置
    大小: 未设置
    粗体: 未设置
    斜体: 未设置
    下划线: 未设置
    标准颜色: 未设置
  运行 20: 'Participant'
    字体: 未设置
    大小: 未设置
    粗体: 未设置
    斜体: 未设置
    下划线: 未设置
    标准颜色: 未设置
  运行 21: '）、过程管理（'
    字体: 未设置
    大小: 未设置
    粗体: 未设置
    斜体: 未设置
    下划线: 未设置
    标准颜色: 未设置
  运行 22: 'Process Management'
    字体: 未设置
    大小: 未设置
    粗体: 未设置
    斜体: 未设置
    下划线: 未设置
    标准颜色: 未设置
  运行 23: '）、有形展示（'
    字体: 未设置
    大小: 未设置
    粗体: 未设置
    斜体: 未设置
    下划线: 未设置
    标准颜色: 未设置
  运行 24: 'Physical Evidence'
    字体: 未设置
    大小: 未设置
    粗体: 未设置
    斜体: 未设置
    下划线: 未设置
    标准颜色: 未设置
  运行 25: '）。'
    字体: 未设置
    大小: 未设置
    粗体: 未设置
    斜体: 未设置
    下划线: 未设置
    标准颜色: 未设置
  运行 26: '参与者（'
    字体: 未设置
    大小: 未设置
    粗体: 未设置
    斜体: 未设置
    下划线: 未设置
    标准颜色: 未设置
  运行 27: 'Participant'
    字体: 未设置
    大小: 未设置
    粗体: 未设置
    斜体: 未设置
    下划线: 未设置
    标准颜色: 未设置
  运行 28: '）：'
    字体: 未设置
    大小: 未设置
    粗体: 未设置
    斜体: 未设置
    下划线: 未设置
    标准颜色: 未设置
  运行 29: '参与者是指包含公司员工和顾客，一切参与到'
    字体: 未设置
    大小: 未设置
    粗体: 未设置
    斜体: 未设置
    下划线: 未设置
    标准颜色: 未设置
  运行 30: '服务传递和接受的所有人员。在'
    字体: 未设置
    大小: 未设置
    粗体: 未设置
    斜体: 未设置
    下划线: 未设置
    标准颜色: 未设置
  运行 31: '现代市场'
    字体: 未设置
    大小: 未设置
    粗体: 未设置
    斜体: 未设置
    下划线: 未设置
    标准颜色: 未设置
  运行 32: '营销中，服务人员'
    字体: 未设置
    大小: 未设置
    粗体: 未设置
    斜体: 未设置
    下划线: 未设置
    标准颜色: 未设置
  运行 33: '的综合素质'
    字体: 未设置
    大小: 未设置
    粗体: 未设置
    斜体: 未设置
    下划线: 未设置
    标准颜色: 未设置
  运行 34: '直接影响顾客对服务质量的感知和偏好。特别是在服务'
    字体: 未设置
    大小: 未设置
    粗体: 未设置
    斜体: 未设置
    下划线: 未设置
    标准颜色: 未设置
  运行 35: '行'
    字体: 未设置
    大小: 未设置
    粗体: 未设置
    斜体: 未设置
    下划线: 未设置
    标准颜色: 未设置
  运行 36: '业，员工的专业水平和服务质量的一致性对顾客体验至关重要'
    字体: 未设置
    大小: 未设置
    粗体: 未设置
    斜体: 未设置
    下划线: 未设置
    标准颜色: 未设置
  运行 37: '；'
    字体: 未设置
    大小: 未设置
    粗体: 未设置
    斜体: 未设置
    下划线: 未设置
    标准颜色: 未设置
  运行 38: '有形'
    字体: 未设置
    大小: 未设置
    粗体: 未设置
    斜体: 未设置
    下划线: 未设置
    标准颜色: 未设置
  运行 39: '展示'
    字体: 未设置
    大小: 未设置
    粗体: 未设置
    斜体: 未设置
    下划线: 未设置
    标准颜色: 未设置
  运行 40: '（'
    字体: 未设置
    大小: 未设置
    粗体: 未设置
    斜体: 未设置
    下划线: 未设置
    标准颜色: 未设置
  运行 41: 'Physical Evidence'
    字体: 未设置
    大小: 未设置
    粗体: 未设置
    斜体: 未设置
    下划线: 未设置
    标准颜色: 未设置
  运行 42: '）：'
    字体: 未设置
    大小: 未设置
    粗体: 未设置
    斜体: 未设置
    下划线: 未设置
    标准颜色: 未设置
  运行 43: '指的是服务或产品的实体展示，它使服务更加具体化，'
    字体: 未设置
    大小: 未设置
    粗体: 未设置
    斜体: 未设置
    下划线: 未设置
    标准颜色: 未设置
  运行 44: '更容易被'
    字体: 未设置
    大小: 未设置
    粗体: 未设置
    斜体: 未设置
    下划线: 未设置
    标准颜色: 未设置
  运行 45: '顾客理解和感知。有形'
    字体: 未设置
    大小: 未设置
    粗体: 未设置
    斜体: 未设置
    下划线: 未设置
    标准颜色: 未设置
  运行 46: '展示'
    字体: 未设置
    大小: 未设置
    粗体: 未设置
    斜体: 未设置
    下划线: 未设置
    标准颜色: 未设置
  运行 47: '的重要性在为顾客提供了可感知的'
    字体: 未设置
    大小: 未设置
    粗体: 未设置
    斜体: 未设置
    下划线: 未设置
    标准颜色: 未设置
  运行 48: '物理载体'
    字体: 未设置
    大小: 未设置
    粗体: 未设置
    斜体: 未设置
    下划线: 未设置
    标准颜色: 未设置
  运行 49: '，帮助他们评估服务质量。将无形的服务转化为有形的展示是优质服务的关键'
    字体: 未设置
    大小: 未设置
    粗体: 未设置
    斜体: 未设置
    下划线: 未设置
    标准颜色: 未设置
  运行 50: '；'
    字体: 未设置
    大小: 未设置
    粗体: 未设置
    斜体: 未设置
    下划线: 未设置
    标准颜色: 未设置
  运行 51: '过程管理（'
    字体: 未设置
    大小: 未设置
    粗体: 未设置
    斜体: 未设置
    下划线: 未设置
    标准颜色: 未设置
  运行 52: 'Process Management'
    字体: 未设置
    大小: 未设置
    粗体: 未设置
    斜体: 未设置
    下划线: 未设置
    标准颜色: 未设置
  运行 53: '）：'
    字体: 未设置
    大小: 未设置
    粗体: 未设置
    斜体: 未设置
    下划线: 未设置
    标准颜色: 未设置
  运行 54: '指的是顾客在'
    字体: 未设置
    大小: 未设置
    粗体: 未设置
    斜体: 未设置
    下划线: 未设置
    标准颜色: 未设置
  运行 55: '获得产品或'
    字体: 未设置
    大小: 未设置
    粗体: 未设置
    斜体: 未设置
    下划线: 未设置
    标准颜色: 未设置
  运行 56: '接受服务前所经历的整个流程。例如，顾客在享受服务前可能需要排队等待，这个过程的效率和时间管理对顾客的整体体验至关重要'
    字体: 未设置
    大小: 未设置
    粗体: 未设置
    斜体: 未设置
    下划线: 未设置
    标准颜色: 未设置
  运行 57: '['
    字体: 未设置
    大小: 未设置
    粗体: 未设置
    斜体: 未设置
    下划线: 未设置
    标准颜色: 未设置
  运行 58: ''
    字体: 未设置
    大小: 未设置
    粗体: 未设置
    斜体: 未设置
    下划线: 未设置
    标准颜色: 未设置
  运行 59: ']'
    字体: 未设置
    大小: 未设置
    粗体: 未设置
    斜体: 未设置
    下划线: 未设置
    标准颜色: 未设置
  运行 60: '。'
    字体: 未设置
    大小: 未设置
    粗体: 未设置
    斜体: 未设置
    下划线: 未设置
    标准颜色: 未设置

段落 356:
文本内容: 4Cs营销理论
段落样式: Heading 3
从样式获取的格式:
  样式字体: 未设置
  样式字号: 未设置
  样式颜色: 未设置
对齐方式: 未设置
左缩进: 未设置
右缩进: 未设置
首行缩进: 未设置
行间距: 未设置
从XML读取的格式:
  运行 1: '4C'
    字体: 未设置
    大小: 未设置
    粗体: 未设置
    斜体: 未设置
    下划线: 未设置
    标准颜色: 未设置
  运行 2: 's'
    字体: 未设置
    大小: 未设置
    粗体: 未设置
    斜体: 未设置
    下划线: 未设置
    标准颜色: 未设置
  运行 3: '营销理论'
    字体: 未设置
    大小: 未设置
    粗体: 未设置
    斜体: 未设置
    下划线: 未设置
    标准颜色: 未设置
  运行 4: ''
    字体: 未设置
    大小: 未设置
    粗体: 未设置
    斜体: 未设置
    下划线: 未设置
    标准颜色: 未设置
  运行 5: ''
    字体: 未设置
    大小: 未设置
    粗体: 未设置
    斜体: 未设置
    下划线: 未设置
    标准颜色: 未设置
  运行 6: ''
    字体: 未设置
    大小: 未设置
    粗体: 未设置
    斜体: 未设置
    下划线: 未设置
    标准颜色: 未设置
  运行 7: ''
    字体: 未设置
    大小: 未设置
    粗体: 未设置
    斜体: 未设置
    下划线: 未设置
    标准颜色: 未设置
  运行 8: ''
    字体: 未设置
    大小: 未设置
    粗体: 未设置
    斜体: 未设置
    下划线: 未设置
    标准颜色: 未设置
  运行 9: ''
    字体: 未设置
    大小: 未设置
    粗体: 未设置
    斜体: 未设置
    下划线: 未设置
    标准颜色: 未设置
  运行 10: ''
    字体: 未设置
    大小: 未设置
    粗体: 未设置
    斜体: 未设置
    下划线: 未设置
    标准颜色: 未设置
  运行 11: ''
    字体: 未设置
    大小: 未设置
    粗体: 未设置
    斜体: 未设置
    下划线: 未设置
    标准颜色: 未设置

段落 357:
文本内容: 除了4Ps理论以外，美国著名市场营销专家罗伯特·劳特伯恩在20世纪90年代，创新性地提出了4Cs营销理论，这一理论是对企业营销策略的市场营销组合的重新构想。4Cs营销组合包括：顾客（Customer）、成本（Cost）、便利（Convenience）、沟通（Communication）。即针对产品策略，提出将焦点从产品本身转移到消费者身上，强调理解并满足消费者的具体需求和欲望，以此作为产品开发和市场定位的出发点。针对价格策略，提出不仅考虑产品的成本和企业的利润，更重视消费者为获取产品或服务所承担的成本，包括金钱成本、时间成本和精力成本，以及消费者对价格的感知价值。并强调为消费者提供便捷的购买渠道和方式，使消费者能够轻松地获取产品，从而提高购买意愿和顾客满意度。将单向的促销活动转变为双向的沟通过程，通过有效的信息交流，了解消费者的反馈和建议，建立并维护与消费者之间的长期关系。4Cs营销理论强调应关注客户的满意度，充分考虑到客户获得产品或服务的便利性[]。
段落样式: 正文-缩进
从样式获取的格式:
  样式字体: 未设置
  样式字号: 未设置
  样式颜色: 未设置
对齐方式: 未设置
左缩进: 未设置
右缩进: 未设置
首行缩进: 未设置
行间距: 未设置
从XML读取的格式:
  运行 1: '除了'
    字体: 未设置
    大小: 未设置
    粗体: 未设置
    斜体: 未设置
    下划线: 未设置
    标准颜色: 未设置
  运行 2: '4Ps'
    字体: 未设置
    大小: 未设置
    粗体: 未设置
    斜体: 未设置
    下划线: 未设置
    标准颜色: 未设置
  运行 3: '理论以外，'
    字体: 未设置
    大小: 未设置
    粗体: 未设置
    斜体: 未设置
    下划线: 未设置
    标准颜色: 未设置
  运行 4: '美国'
    字体: 未设置
    大小: 未设置
    粗体: 未设置
    斜体: 未设置
    下划线: 未设置
    标准颜色: 未设置
  运行 5: '著名'
    字体: 未设置
    大小: 未设置
    粗体: 未设置
    斜体: 未设置
    下划线: 未设置
    标准颜色: 未设置
  运行 6: '市场营销专家罗伯特·劳特伯恩'
    字体: 未设置
    大小: 未设置
    粗体: 未设置
    斜体: 未设置
    下划线: 未设置
    标准颜色: 未设置
  运行 7: '在'
    字体: 未设置
    大小: 未设置
    粗体: 未设置
    斜体: 未设置
    下划线: 未设置
    标准颜色: 未设置
  运行 8: '20'
    字体: 未设置
    大小: 未设置
    粗体: 未设置
    斜体: 未设置
    下划线: 未设置
    标准颜色: 未设置
  运行 9: '世纪'
    字体: 未设置
    大小: 未设置
    粗体: 未设置
    斜体: 未设置
    下划线: 未设置
    标准颜色: 未设置
  运行 10: '90'
    字体: 未设置
    大小: 未设置
    粗体: 未设置
    斜体: 未设置
    下划线: 未设置
    标准颜色: 未设置
  运行 11: '年代，'
    字体: 未设置
    大小: 未设置
    粗体: 未设置
    斜体: 未设置
    下划线: 未设置
    标准颜色: 未设置
  运行 12: '创新性地提出了'
    字体: 未设置
    大小: 未设置
    粗体: 未设置
    斜体: 未设置
    下划线: 未设置
    标准颜色: 未设置
  运行 13: '4C'
    字体: 未设置
    大小: 未设置
    粗体: 未设置
    斜体: 未设置
    下划线: 未设置
    标准颜色: 未设置
  运行 14: 's'
    字体: 未设置
    大小: 未设置
    粗体: 未设置
    斜体: 未设置
    下划线: 未设置
    标准颜色: 未设置
  运行 15: '营销'
    字体: 未设置
    大小: 未设置
    粗体: 未设置
    斜体: 未设置
    下划线: 未设置
    标准颜色: 未设置
  运行 16: '理论'
    字体: 未设置
    大小: 未设置
    粗体: 未设置
    斜体: 未设置
    下划线: 未设置
    标准颜色: 未设置
  运行 17: '，'
    字体: 未设置
    大小: 未设置
    粗体: 未设置
    斜体: 未设置
    下划线: 未设置
    标准颜色: 未设置
  运行 18: '这一理论是对企业营销策略的市场营销组合的重新构想'
    字体: 未设置
    大小: 未设置
    粗体: 未设置
    斜体: 未设置
    下划线: 未设置
    标准颜色: 未设置
  运行 19: '。'
    字体: 未设置
    大小: 未设置
    粗体: 未设置
    斜体: 未设置
    下划线: 未设置
    标准颜色: 未设置
  运行 20: '4C'
    字体: 未设置
    大小: 未设置
    粗体: 未设置
    斜体: 未设置
    下划线: 未设置
    标准颜色: 未设置
  运行 21: 's'
    字体: 未设置
    大小: 未设置
    粗体: 未设置
    斜体: 未设置
    下划线: 未设置
    标准颜色: 未设置
  运行 22: '营销'
    字体: 未设置
    大小: 未设置
    粗体: 未设置
    斜体: 未设置
    下划线: 未设置
    标准颜色: 未设置
  运行 23: '组合'
    字体: 未设置
    大小: 未设置
    粗体: 未设置
    斜体: 未设置
    下划线: 未设置
    标准颜色: 未设置
  运行 24: '包括'
    字体: 未设置
    大小: 未设置
    粗体: 未设置
    斜体: 未设置
    下划线: 未设置
    标准颜色: 未设置
  运行 25: '：顾客'
    字体: 未设置
    大小: 未设置
    粗体: 未设置
    斜体: 未设置
    下划线: 未设置
    标准颜色: 未设置
  运行 26: '（'
    字体: 未设置
    大小: 未设置
    粗体: 未设置
    斜体: 未设置
    下划线: 未设置
    标准颜色: 未设置
  运行 27: 'C'
    字体: 未设置
    大小: 未设置
    粗体: 未设置
    斜体: 未设置
    下划线: 未设置
    标准颜色: 未设置
  运行 28: 'ustomer'
    字体: 未设置
    大小: 未设置
    粗体: 未设置
    斜体: 未设置
    下划线: 未设置
    标准颜色: 未设置
  运行 29: '）'
    字体: 未设置
    大小: 未设置
    粗体: 未设置
    斜体: 未设置
    下划线: 未设置
    标准颜色: 未设置
  运行 30: '、成本'
    字体: 未设置
    大小: 未设置
    粗体: 未设置
    斜体: 未设置
    下划线: 未设置
    标准颜色: 未设置
  运行 31: '（'
    字体: 未设置
    大小: 未设置
    粗体: 未设置
    斜体: 未设置
    下划线: 未设置
    标准颜色: 未设置
  运行 32: 'C'
    字体: 未设置
    大小: 未设置
    粗体: 未设置
    斜体: 未设置
    下划线: 未设置
    标准颜色: 未设置
  运行 33: 'ost'
    字体: 未设置
    大小: 未设置
    粗体: 未设置
    斜体: 未设置
    下划线: 未设置
    标准颜色: 未设置
  运行 34: '）'
    字体: 未设置
    大小: 未设置
    粗体: 未设置
    斜体: 未设置
    下划线: 未设置
    标准颜色: 未设置
  运行 35: '、便利'
    字体: 未设置
    大小: 未设置
    粗体: 未设置
    斜体: 未设置
    下划线: 未设置
    标准颜色: 未设置
  运行 36: '（'
    字体: 未设置
    大小: 未设置
    粗体: 未设置
    斜体: 未设置
    下划线: 未设置
    标准颜色: 未设置
  运行 37: 'C'
    字体: 未设置
    大小: 未设置
    粗体: 未设置
    斜体: 未设置
    下划线: 未设置
    标准颜色: 未设置
  运行 38: 'onvenience'
    字体: 未设置
    大小: 未设置
    粗体: 未设置
    斜体: 未设置
    下划线: 未设置
    标准颜色: 未设置
  运行 39: '）'
    字体: 未设置
    大小: 未设置
    粗体: 未设置
    斜体: 未设置
    下划线: 未设置
    标准颜色: 未设置
  运行 40: '、沟通'
    字体: 未设置
    大小: 未设置
    粗体: 未设置
    斜体: 未设置
    下划线: 未设置
    标准颜色: 未设置
  运行 41: '（'
    字体: 未设置
    大小: 未设置
    粗体: 未设置
    斜体: 未设置
    下划线: 未设置
    标准颜色: 未设置
  运行 42: 'C'
    字体: 未设置
    大小: 未设置
    粗体: 未设置
    斜体: 未设置
    下划线: 未设置
    标准颜色: 未设置
  运行 43: 'ommunication'
    字体: 未设置
    大小: 未设置
    粗体: 未设置
    斜体: 未设置
    下划线: 未设置
    标准颜色: 未设置
  运行 44: '）'
    字体: 未设置
    大小: 未设置
    粗体: 未设置
    斜体: 未设置
    下划线: 未设置
    标准颜色: 未设置
  运行 45: '。'
    字体: 未设置
    大小: 未设置
    粗体: 未设置
    斜体: 未设置
    下划线: 未设置
    标准颜色: 未设置
  运行 46: '即针对产品策略，提出'
    字体: 未设置
    大小: 未设置
    粗体: 未设置
    斜体: 未设置
    下划线: 未设置
    标准颜色: 未设置
  运行 47: '将焦点从产品本身转移到消费者身上，强调理解并满足消费者的具体需求和欲望，以此作为产品开发和市场定位的出发点。'
    字体: 未设置
    大小: 未设置
    粗体: 未设置
    斜体: 未设置
    下划线: 未设置
    标准颜色: 未设置
  运行 48: '针对价格策略，提出'
    字体: 未设置
    大小: 未设置
    粗体: 未设置
    斜体: 未设置
    下划线: 未设置
    标准颜色: 未设置
  运行 49: '不仅考虑产品的成本和企业的利润，更重视消费者为获取产品或服务所承担的成本，包括金钱成本、时间成本和精力成本，以及消费者对价格的感知价值。'
    字体: 未设置
    大小: 未设置
    粗体: 未设置
    斜体: 未设置
    下划线: 未设置
    标准颜色: 未设置
  运行 50: '并'
    字体: 未设置
    大小: 未设置
    粗体: 未设置
    斜体: 未设置
    下划线: 未设置
    标准颜色: 未设置
  运行 51: '强调为消费者提供便捷的购买渠道和方式，'
    字体: 未设置
    大小: 未设置
    粗体: 未设置
    斜体: 未设置
    下划线: 未设置
    标准颜色: 未设置
  运行 52: '使消费者能够轻松地获取产品，从而提高购买意愿和顾客满意度。将单向的促销活动转变为双向的沟通过程，通过有效的信息交流，了解消费者的反馈和建议，建立并维护与消费者之间的长期关系。'
    字体: 未设置
    大小: 未设置
    粗体: 未设置
    斜体: 未设置
    下划线: 未设置
    标准颜色: 未设置
  运行 53: '4Cs'
    字体: 未设置
    大小: 未设置
    粗体: 未设置
    斜体: 未设置
    下划线: 未设置
    标准颜色: 未设置
  运行 54: '营销理论'
    字体: 未设置
    大小: 未设置
    粗体: 未设置
    斜体: 未设置
    下划线: 未设置
    标准颜色: 未设置
  运行 55: '强调应关注客户的'
    字体: 未设置
    大小: 未设置
    粗体: 未设置
    斜体: 未设置
    下划线: 未设置
    标准颜色: 未设置
  运行 56: '满意度，充分'
    字体: 未设置
    大小: 未设置
    粗体: 未设置
    斜体: 未设置
    下划线: 未设置
    标准颜色: 未设置
  运行 57: '考虑'
    字体: 未设置
    大小: 未设置
    粗体: 未设置
    斜体: 未设置
    下划线: 未设置
    标准颜色: 未设置
  运行 58: '到客户'
    字体: 未设置
    大小: 未设置
    粗体: 未设置
    斜体: 未设置
    下划线: 未设置
    标准颜色: 未设置
  运行 59: '获得产品或服务的'
    字体: 未设置
    大小: 未设置
    粗体: 未设置
    斜体: 未设置
    下划线: 未设置
    标准颜色: 未设置
  运行 60: '便'
    字体: 未设置
    大小: 未设置
    粗体: 未设置
    斜体: 未设置
    下划线: 未设置
    标准颜色: 未设置
  运行 61: '利性'
    字体: 未设置
    大小: 未设置
    粗体: 未设置
    斜体: 未设置
    下划线: 未设置
    标准颜色: 未设置
  运行 62: '['
    字体: 未设置
    大小: 未设置
    粗体: 未设置
    斜体: 未设置
    下划线: 未设置
    标准颜色: 未设置
  运行 63: ''
    字体: 未设置
    大小: 未设置
    粗体: 未设置
    斜体: 未设置
    下划线: 未设置
    标准颜色: 未设置
  运行 64: ']'
    字体: 未设置
    大小: 未设置
    粗体: 未设置
    斜体: 未设置
    下划线: 未设置
    标准颜色: 未设置
  运行 65: '。'
    字体: 未设置
    大小: 未设置
    粗体: 未设置
    斜体: 未设置
    下划线: 未设置
    标准颜色: 未设置

段落 358:
文本内容: 从20世纪90年代起，随着电子商务的兴起，全球市场见证了用户个性化需求的增长。企业必须与潜在客户进行沟通交流，以了解他们现在的需求和未来的需求。罗伯特·劳特伯恩提出的4Cs理论，强调在产品和服务的开发设计上，企业应优先考虑客户目前的需求和深层次需求。此外，企业需要考虑用户为满足需求所愿意承担的总体成本，并从用户的角度出发，简化消费过程环节，并提供便利。同时保持与用户有畅通沟通渠道，关注他们的声音。
段落样式: 正文-缩进
从样式获取的格式:
  样式字体: 未设置
  样式字号: 未设置
  样式颜色: 未设置
对齐方式: 未设置
左缩进: 未设置
右缩进: 未设置
首行缩进: 未设置
行间距: 未设置
从XML读取的格式:
  运行 1: '从'
    字体: 未设置
    大小: 未设置
    粗体: 未设置
    斜体: 未设置
    下划线: 未设置
    标准颜色: 未设置
  运行 2: '20'
    字体: 未设置
    大小: 未设置
    粗体: 未设置
    斜体: 未设置
    下划线: 未设置
    标准颜色: 未设置
  运行 3: '世纪'
    字体: 未设置
    大小: 未设置
    粗体: 未设置
    斜体: 未设置
    下划线: 未设置
    标准颜色: 未设置
  运行 4: '90'
    字体: 未设置
    大小: 未设置
    粗体: 未设置
    斜体: 未设置
    下划线: 未设置
    标准颜色: 未设置
  运行 5: '年代起，随着电子商务的兴起，全球市场见证了用户个性化需求的增长。企业必须与潜在客户进行'
    字体: 未设置
    大小: 未设置
    粗体: 未设置
    斜体: 未设置
    下划线: 未设置
    标准颜色: 未设置
  运行 6: '沟通'
    字体: 未设置
    大小: 未设置
    粗体: 未设置
    斜体: 未设置
    下划线: 未设置
    标准颜色: 未设置
  运行 7: '交流，以'
    字体: 未设置
    大小: 未设置
    粗体: 未设置
    斜体: 未设置
    下划线: 未设置
    标准颜色: 未设置
  运行 8: '了解'
    字体: 未设置
    大小: 未设置
    粗体: 未设置
    斜体: 未设置
    下划线: 未设置
    标准颜色: 未设置
  运行 9: '他们'
    字体: 未设置
    大小: 未设置
    粗体: 未设置
    斜体: 未设置
    下划线: 未设置
    标准颜色: 未设置
  运行 10: '现在'
    字体: 未设置
    大小: 未设置
    粗体: 未设置
    斜体: 未设置
    下划线: 未设置
    标准颜色: 未设置
  运行 11: '的需求和'
    字体: 未设置
    大小: 未设置
    粗体: 未设置
    斜体: 未设置
    下划线: 未设置
    标准颜色: 未设置
  运行 12: '未来的需求'
    字体: 未设置
    大小: 未设置
    粗体: 未设置
    斜体: 未设置
    下划线: 未设置
    标准颜色: 未设置
  运行 13: '。罗伯特·劳特伯恩提出的'
    字体: 未设置
    大小: 未设置
    粗体: 未设置
    斜体: 未设置
    下划线: 未设置
    标准颜色: 未设置
  运行 14: '4C'
    字体: 未设置
    大小: 未设置
    粗体: 未设置
    斜体: 未设置
    下划线: 未设置
    标准颜色: 未设置
  运行 15: 's'
    字体: 未设置
    大小: 未设置
    粗体: 未设置
    斜体: 未设置
    下划线: 未设置
    标准颜色: 未设置
  运行 16: '理论'
    字体: 未设置
    大小: 未设置
    粗体: 未设置
    斜体: 未设置
    下划线: 未设置
    标准颜色: 未设置
  运行 17: '，'
    字体: 未设置
    大小: 未设置
    粗体: 未设置
    斜体: 未设置
    下划线: 未设置
    标准颜色: 未设置
  运行 18: '强调在产品和服务的'
    字体: 未设置
    大小: 未设置
    粗体: 未设置
    斜体: 未设置
    下划线: 未设置
    标准颜色: 未设置
  运行 19: '开发'
    字体: 未设置
    大小: 未设置
    粗体: 未设置
    斜体: 未设置
    下划线: 未设置
    标准颜色: 未设置
  运行 20: '设计上，企业应优先考虑'
    字体: 未设置
    大小: 未设置
    粗体: 未设置
    斜体: 未设置
    下划线: 未设置
    标准颜色: 未设置
  运行 21: '客户目前'
    字体: 未设置
    大小: 未设置
    粗体: 未设置
    斜体: 未设置
    下划线: 未设置
    标准颜色: 未设置
  运行 22: '的需求和深层次'
    字体: 未设置
    大小: 未设置
    粗体: 未设置
    斜体: 未设置
    下划线: 未设置
    标准颜色: 未设置
  运行 23: '需求'
    字体: 未设置
    大小: 未设置
    粗体: 未设置
    斜体: 未设置
    下划线: 未设置
    标准颜色: 未设置
  运行 24: '。此外'
    字体: 未设置
    大小: 未设置
    粗体: 未设置
    斜体: 未设置
    下划线: 未设置
    标准颜色: 未设置
  运行 25: '，'
    字体: 未设置
    大小: 未设置
    粗体: 未设置
    斜体: 未设置
    下划线: 未设置
    标准颜色: 未设置
  运行 26: '企业需要考虑用户为满足需求所愿意承担的总体成本，并从用户'
    字体: 未设置
    大小: 未设置
    粗体: 未设置
    斜体: 未设置
    下划线: 未设置
    标准颜色: 未设置
  运行 27: '的角度'
    字体: 未设置
    大小: 未设置
    粗体: 未设置
    斜体: 未设置
    下划线: 未设置
    标准颜色: 未设置
  运行 28: '出发，简化'
    字体: 未设置
    大小: 未设置
    粗体: 未设置
    斜体: 未设置
    下划线: 未设置
    标准颜色: 未设置
  运行 29: '消费'
    字体: 未设置
    大小: 未设置
    粗体: 未设置
    斜体: 未设置
    下划线: 未设置
    标准颜色: 未设置
  运行 30: '过程环节，'
    字体: 未设置
    大小: 未设置
    粗体: 未设置
    斜体: 未设置
    下划线: 未设置
    标准颜色: 未设置
  运行 31: '并'
    字体: 未设置
    大小: 未设置
    粗体: 未设置
    斜体: 未设置
    下划线: 未设置
    标准颜色: 未设置
  运行 32: '提供便利。同时保持与用户'
    字体: 未设置
    大小: 未设置
    粗体: 未设置
    斜体: 未设置
    下划线: 未设置
    标准颜色: 未设置
  运行 33: '有畅通'
    字体: 未设置
    大小: 未设置
    粗体: 未设置
    斜体: 未设置
    下划线: 未设置
    标准颜色: 未设置
  运行 34: '沟通渠道，关注他们的声音。'
    字体: 未设置
    大小: 未设置
    粗体: 未设置
    斜体: 未设置
    下划线: 未设置
    标准颜色: 未设置

段落 359:
文本内容: 4Cs市场营销组合的核心是客户，企业的营销策略应以客户需求和追求为导向。企业的市场营销活动应聚焦于满足客户的个性化需求，通过有效的沟通和便利的服务流程，建立起与客户之间的紧密联系。
段落样式: 正文-缩进
从样式获取的格式:
  样式字体: 未设置
  样式字号: 未设置
  样式颜色: 未设置
对齐方式: 未设置
左缩进: 未设置
右缩进: 未设置
首行缩进: 未设置
行间距: 未设置
从XML读取的格式:
  运行 1: '4C'
    字体: 未设置
    大小: 未设置
    粗体: 未设置
    斜体: 未设置
    下划线: 未设置
    标准颜色: 未设置
  运行 2: 's'
    字体: 未设置
    大小: 未设置
    粗体: 未设置
    斜体: 未设置
    下划线: 未设置
    标准颜色: 未设置
  运行 3: '市场营销组合的核心是'
    字体: 未设置
    大小: 未设置
    粗体: 未设置
    斜体: 未设置
    下划线: 未设置
    标准颜色: 未设置
  运行 4: '客户'
    字体: 未设置
    大小: 未设置
    粗体: 未设置
    斜体: 未设置
    下划线: 未设置
    标准颜色: 未设置
  运行 5: '，企业的营销策略应以'
    字体: 未设置
    大小: 未设置
    粗体: 未设置
    斜体: 未设置
    下划线: 未设置
    标准颜色: 未设置
  运行 6: '客户'
    字体: 未设置
    大小: 未设置
    粗体: 未设置
    斜体: 未设置
    下划线: 未设置
    标准颜色: 未设置
  运行 7: '需求和追求为导向。企业的市场营销活动应聚焦于满足'
    字体: 未设置
    大小: 未设置
    粗体: 未设置
    斜体: 未设置
    下划线: 未设置
    标准颜色: 未设置
  运行 8: '客户'
    字体: 未设置
    大小: 未设置
    粗体: 未设置
    斜体: 未设置
    下划线: 未设置
    标准颜色: 未设置
  运行 9: '的个性化需求，通过有效的沟通和便利的服务'
    字体: 未设置
    大小: 未设置
    粗体: 未设置
    斜体: 未设置
    下划线: 未设置
    标准颜色: 未设置
  运行 10: '流程'
    字体: 未设置
    大小: 未设置
    粗体: 未设置
    斜体: 未设置
    下划线: 未设置
    标准颜色: 未设置
  运行 11: '，建立起与'
    字体: 未设置
    大小: 未设置
    粗体: 未设置
    斜体: 未设置
    下划线: 未设置
    标准颜色: 未设置
  运行 12: '客户'
    字体: 未设置
    大小: 未设置
    粗体: 未设置
    斜体: 未设置
    下划线: 未设置
    标准颜色: 未设置
  运行 13: '之间的紧密联系。'
    字体: 未设置
    大小: 未设置
    粗体: 未设置
    斜体: 未设置
    下划线: 未设置
    标准颜色: 未设置

段落 360:
文本内容: 相关分析工具
段落样式: Heading 2
从样式获取的格式:
  样式字体: 未设置
  样式字号: 177800
  样式字号(pt): 14.0
  样式颜色: 未设置
对齐方式: 未设置
左缩进: 未设置
右缩进: 未设置
首行缩进: 未设置
行间距: 未设置
从XML读取的格式:
  运行 1: '相关分析工具'
    字体: 未设置
    大小: 未设置
    粗体: 未设置
    斜体: 未设置
    下划线: 未设置
    标准颜色: 未设置
  运行 2: ''
    字体: 未设置
    大小: 未设置
    粗体: 未设置
    斜体: 未设置
    下划线: 未设置
    标准颜色: 未设置
  运行 3: ''
    字体: 未设置
    大小: 未设置
    粗体: 未设置
    斜体: 未设置
    下划线: 未设置
    标准颜色: 未设置
  运行 4: ''
    字体: 未设置
    大小: 未设置
    粗体: 未设置
    斜体: 未设置
    下划线: 未设置
    标准颜色: 未设置
  运行 5: ''
    字体: 未设置
    大小: 未设置
    粗体: 未设置
    斜体: 未设置
    下划线: 未设置
    标准颜色: 未设置
  运行 6: ''
    字体: 未设置
    大小: 未设置
    粗体: 未设置
    斜体: 未设置
    下划线: 未设置
    标准颜色: 未设置
  运行 7: ''
    字体: 未设置
    大小: 未设置
    粗体: 未设置
    斜体: 未设置
    下划线: 未设置
    标准颜色: 未设置

段落 361:
文本内容: PEST分析模型
段落样式: Heading 3
从样式获取的格式:
  样式字体: 未设置
  样式字号: 未设置
  样式颜色: 未设置
对齐方式: 未设置
左缩进: 未设置
右缩进: 未设置
首行缩进: 未设置
行间距: 未设置
从XML读取的格式:
  运行 1: 'PEST'
    字体: 未设置
    大小: 未设置
    粗体: 未设置
    斜体: 未设置
    下划线: 未设置
    标准颜色: 未设置
  运行 2: '分析模型'
    字体: 未设置
    大小: 未设置
    粗体: 未设置
    斜体: 未设置
    下划线: 未设置
    标准颜色: 未设置
  运行 3: ''
    字体: 未设置
    大小: 未设置
    粗体: 未设置
    斜体: 未设置
    下划线: 未设置
    标准颜色: 未设置
  运行 4: ''
    字体: 未设置
    大小: 未设置
    粗体: 未设置
    斜体: 未设置
    下划线: 未设置
    标准颜色: 未设置
  运行 5: ''
    字体: 未设置
    大小: 未设置
    粗体: 未设置
    斜体: 未设置
    下划线: 未设置
    标准颜色: 未设置
  运行 6: ''
    字体: 未设置
    大小: 未设置
    粗体: 未设置
    斜体: 未设置
    下划线: 未设置
    标准颜色: 未设置
  运行 7: ''
    字体: 未设置
    大小: 未设置
    粗体: 未设置
    斜体: 未设置
    下划线: 未设置
    标准颜色: 未设置
  运行 8: ''
    字体: 未设置
    大小: 未设置
    粗体: 未设置
    斜体: 未设置
    下划线: 未设置
    标准颜色: 未设置
  运行 9: ''
    字体: 未设置
    大小: 未设置
    粗体: 未设置
    斜体: 未设置
    下划线: 未设置
    标准颜色: 未设置

段落 362:
文本内容: PEST分析模型是一种战略规划工具，P（Politics）是政治，E（economy）是经济，S（society）是社会，T（technology）是技术，主要用于分析对企业或行业产生影响的宏观环境。不同行业或企业根据自身情况和需求，分析的重点可能有所不同，但PEST分析模型提供了一个通用框架来识别和分析这些宏观力量[]。宏观环境因素有可能给企业带来新机遇，也有可能给企业带来威胁，因此企业需要利用PEST分析法对其目前的客观环境进行正确的评估分析，及时调整策略以应对不断变化的市场环境，如图 2-1所示。 
段落样式: 正文-缩进
从样式获取的格式:
  样式字体: 未设置
  样式字号: 未设置
  样式颜色: 未设置
对齐方式: 未设置
左缩进: 未设置
右缩进: 未设置
首行缩进: 未设置
行间距: 未设置
从XML读取的格式:
  运行 1: 'PEST'
    字体: 未设置
    大小: 未设置
    粗体: 未设置
    斜体: 未设置
    下划线: 未设置
    标准颜色: 未设置
  运行 2: '分析'
    字体: 未设置
    大小: 未设置
    粗体: 未设置
    斜体: 未设置
    下划线: 未设置
    标准颜色: 未设置
  运行 3: '模型'
    字体: 未设置
    大小: 未设置
    粗体: 未设置
    斜体: 未设置
    下划线: 未设置
    标准颜色: 未设置
  运行 4: '是一种战略规划工具，'
    字体: 未设置
    大小: 未设置
    粗体: 未设置
    斜体: 未设置
    下划线: 未设置
    标准颜色: 未设置
  运行 5: 'P'
    字体: 未设置
    大小: 未设置
    粗体: 未设置
    斜体: 未设置
    下划线: 未设置
    标准颜色: 未设置
  运行 6: '（'
    字体: 未设置
    大小: 未设置
    粗体: 未设置
    斜体: 未设置
    下划线: 未设置
    标准颜色: 未设置
  运行 7: 'P'
    字体: 未设置
    大小: 未设置
    粗体: 未设置
    斜体: 未设置
    下划线: 未设置
    标准颜色: 未设置
  运行 8: 'olitics'
    字体: 未设置
    大小: 未设置
    粗体: 未设置
    斜体: 未设置
    下划线: 未设置
    标准颜色: 未设置
  运行 9: '）'
    字体: 未设置
    大小: 未设置
    粗体: 未设置
    斜体: 未设置
    下划线: 未设置
    标准颜色: 未设置
  运行 10: '是政治，'
    字体: 未设置
    大小: 未设置
    粗体: 未设置
    斜体: 未设置
    下划线: 未设置
    标准颜色: 未设置
  运行 11: 'E'
    字体: 未设置
    大小: 未设置
    粗体: 未设置
    斜体: 未设置
    下划线: 未设置
    标准颜色: 未设置
  运行 12: '（'
    字体: 未设置
    大小: 未设置
    粗体: 未设置
    斜体: 未设置
    下划线: 未设置
    标准颜色: 未设置
  运行 13: 'economy'
    字体: 未设置
    大小: 未设置
    粗体: 未设置
    斜体: 未设置
    下划线: 未设置
    标准颜色: 未设置
  运行 14: '）'
    字体: 未设置
    大小: 未设置
    粗体: 未设置
    斜体: 未设置
    下划线: 未设置
    标准颜色: 未设置
  运行 15: '是经济，'
    字体: 未设置
    大小: 未设置
    粗体: 未设置
    斜体: 未设置
    下划线: 未设置
    标准颜色: 未设置
  运行 16: 'S'
    字体: 未设置
    大小: 未设置
    粗体: 未设置
    斜体: 未设置
    下划线: 未设置
    标准颜色: 未设置
  运行 17: '（'
    字体: 未设置
    大小: 未设置
    粗体: 未设置
    斜体: 未设置
    下划线: 未设置
    标准颜色: 未设置
  运行 18: 'society'
    字体: 未设置
    大小: 未设置
    粗体: 未设置
    斜体: 未设置
    下划线: 未设置
    标准颜色: 未设置
  运行 19: '）'
    字体: 未设置
    大小: 未设置
    粗体: 未设置
    斜体: 未设置
    下划线: 未设置
    标准颜色: 未设置
  运行 20: '是社会，'
    字体: 未设置
    大小: 未设置
    粗体: 未设置
    斜体: 未设置
    下划线: 未设置
    标准颜色: 未设置
  运行 21: 'T'
    字体: 未设置
    大小: 未设置
    粗体: 未设置
    斜体: 未设置
    下划线: 未设置
    标准颜色: 未设置
  运行 22: '（'
    字体: 未设置
    大小: 未设置
    粗体: 未设置
    斜体: 未设置
    下划线: 未设置
    标准颜色: 未设置
  运行 23: 'technology'
    字体: 未设置
    大小: 未设置
    粗体: 未设置
    斜体: 未设置
    下划线: 未设置
    标准颜色: 未设置
  运行 24: '）'
    字体: 未设置
    大小: 未设置
    粗体: 未设置
    斜体: 未设置
    下划线: 未设置
    标准颜色: 未设置
  运行 25: '是技术'
    字体: 未设置
    大小: 未设置
    粗体: 未设置
    斜体: 未设置
    下划线: 未设置
    标准颜色: 未设置
  运行 26: '，主要'
    字体: 未设置
    大小: 未设置
    粗体: 未设置
    斜体: 未设置
    下划线: 未设置
    标准颜色: 未设置
  运行 27: '用于'
    字体: 未设置
    大小: 未设置
    粗体: 未设置
    斜体: 未设置
    下划线: 未设置
    标准颜色: 未设置
  运行 28: '分析'
    字体: 未设置
    大小: 未设置
    粗体: 未设置
    斜体: 未设置
    下划线: 未设置
    标准颜色: 未设置
  运行 29: '对'
    字体: 未设置
    大小: 未设置
    粗体: 未设置
    斜体: 未设置
    下划线: 未设置
    标准颜色: 未设置
  运行 30: '企业或行业'
    字体: 未设置
    大小: 未设置
    粗体: 未设置
    斜体: 未设置
    下划线: 未设置
    标准颜色: 未设置
  运行 31: '产生影响的宏观环境。不同行业'
    字体: 未设置
    大小: 未设置
    粗体: 未设置
    斜体: 未设置
    下划线: 未设置
    标准颜色: 未设置
  运行 32: '或'
    字体: 未设置
    大小: 未设置
    粗体: 未设置
    斜体: 未设置
    下划线: 未设置
    标准颜色: 未设置
  运行 33: '企业根据自身情况和需求，分析的重点可能有所不同，但'
    字体: 未设置
    大小: 未设置
    粗体: 未设置
    斜体: 未设置
    下划线: 未设置
    标准颜色: 未设置
  运行 34: 'PEST'
    字体: 未设置
    大小: 未设置
    粗体: 未设置
    斜体: 未设置
    下划线: 未设置
    标准颜色: 未设置
  运行 35: '分析'
    字体: 未设置
    大小: 未设置
    粗体: 未设置
    斜体: 未设置
    下划线: 未设置
    标准颜色: 未设置
  运行 36: '模型'
    字体: 未设置
    大小: 未设置
    粗体: 未设置
    斜体: 未设置
    下划线: 未设置
    标准颜色: 未设置
  运行 37: '提供了一个通用框架来识别和'
    字体: 未设置
    大小: 未设置
    粗体: 未设置
    斜体: 未设置
    下划线: 未设置
    标准颜色: 未设置
  运行 38: '分析'
    字体: 未设置
    大小: 未设置
    粗体: 未设置
    斜体: 未设置
    下划线: 未设置
    标准颜色: 未设置
  运行 39: '这些宏观'
    字体: 未设置
    大小: 未设置
    粗体: 未设置
    斜体: 未设置
    下划线: 未设置
    标准颜色: 未设置
  运行 40: '力量'
    字体: 未设置
    大小: 未设置
    粗体: 未设置
    斜体: 未设置
    下划线: 未设置
    标准颜色: 未设置
  运行 41: '['
    字体: 未设置
    大小: 未设置
    粗体: 未设置
    斜体: 未设置
    下划线: 未设置
    标准颜色: 未设置
  运行 42: ''
    字体: 未设置
    大小: 未设置
    粗体: 未设置
    斜体: 未设置
    下划线: 未设置
    标准颜色: 未设置
  运行 43: ']'
    字体: 未设置
    大小: 未设置
    粗体: 未设置
    斜体: 未设置
    下划线: 未设置
    标准颜色: 未设置
  运行 44: '。'
    字体: 未设置
    大小: 未设置
    粗体: 未设置
    斜体: 未设置
    下划线: 未设置
    标准颜色: 未设置
  运行 45: '宏观环境因素'
    字体: 未设置
    大小: 未设置
    粗体: 未设置
    斜体: 未设置
    下划线: 未设置
    标准颜色: 未设置
  运行 46: '有可能给'
    字体: 未设置
    大小: 未设置
    粗体: 未设置
    斜体: 未设置
    下划线: 未设置
    标准颜色: 未设置
  运行 47: '企业'
    字体: 未设置
    大小: 未设置
    粗体: 未设置
    斜体: 未设置
    下划线: 未设置
    标准颜色: 未设置
  运行 48: '带来'
    字体: 未设置
    大小: 未设置
    粗体: 未设置
    斜体: 未设置
    下划线: 未设置
    标准颜色: 未设置
  运行 49: '新'
    字体: 未设置
    大小: 未设置
    粗体: 未设置
    斜体: 未设置
    下划线: 未设置
    标准颜色: 未设置
  运行 50: '机遇，也有可能'
    字体: 未设置
    大小: 未设置
    粗体: 未设置
    斜体: 未设置
    下划线: 未设置
    标准颜色: 未设置
  运行 51: '给企业带来'
    字体: 未设置
    大小: 未设置
    粗体: 未设置
    斜体: 未设置
    下划线: 未设置
    标准颜色: 未设置
  运行 52: '威胁，因此企业需要利用'
    字体: 未设置
    大小: 未设置
    粗体: 未设置
    斜体: 未设置
    下划线: 未设置
    标准颜色: 未设置
  运行 53: 'PEST'
    字体: 未设置
    大小: 未设置
    粗体: 未设置
    斜体: 未设置
    下划线: 未设置
    标准颜色: 未设置
  运行 54: '分析法对其'
    字体: 未设置
    大小: 未设置
    粗体: 未设置
    斜体: 未设置
    下划线: 未设置
    标准颜色: 未设置
  运行 55: '目前'
    字体: 未设置
    大小: 未设置
    粗体: 未设置
    斜体: 未设置
    下划线: 未设置
    标准颜色: 未设置
  运行 56: '的客观环境进行正确的评估'
    字体: 未设置
    大小: 未设置
    粗体: 未设置
    斜体: 未设置
    下划线: 未设置
    标准颜色: 未设置
  运行 57: '分析'
    字体: 未设置
    大小: 未设置
    粗体: 未设置
    斜体: 未设置
    下划线: 未设置
    标准颜色: 未设置
  运行 58: '，'
    字体: 未设置
    大小: 未设置
    粗体: 未设置
    斜体: 未设置
    下划线: 未设置
    标准颜色: 未设置
  运行 59: '及时调整策略'
    字体: 未设置
    大小: 未设置
    粗体: 未设置
    斜体: 未设置
    下划线: 未设置
    标准颜色: 未设置
  运行 60: '以应对'
    字体: 未设置
    大小: 未设置
    粗体: 未设置
    斜体: 未设置
    下划线: 未设置
    标准颜色: 未设置
  运行 61: '不断变化的'
    字体: 未设置
    大小: 未设置
    粗体: 未设置
    斜体: 未设置
    下划线: 未设置
    标准颜色: 未设置
  运行 62: '市场环境'
    字体: 未设置
    大小: 未设置
    粗体: 未设置
    斜体: 未设置
    下划线: 未设置
    标准颜色: 未设置
  运行 63: '，'
    字体: 未设置
    大小: 未设置
    粗体: 未设置
    斜体: 未设置
    下划线: 未设置
    标准颜色: 未设置
  运行 64: '如'
    字体: 未设置
    大小: 未设置
    粗体: 未设置
    斜体: 未设置
    下划线: 未设置
    标准颜色: 未设置
  运行 65: ''
    字体: 未设置
    大小: 未设置
    粗体: 未设置
    斜体: 未设置
    下划线: 未设置
    标准颜色: 未设置
  运行 66: ''
    字体: 未设置
    大小: 未设置
    粗体: 未设置
    斜体: 未设置
    下划线: 未设置
    标准颜色: 未设置
  运行 67: ''
    字体: 未设置
    大小: 未设置
    粗体: 未设置
    斜体: 未设置
    下划线: 未设置
    标准颜色: 未设置
  运行 68: ''
    字体: 未设置
    大小: 未设置
    粗体: 未设置
    斜体: 未设置
    下划线: 未设置
    标准颜色: 未设置
  运行 69: ''
    字体: 未设置
    大小: 未设置
    粗体: 未设置
    斜体: 未设置
    下划线: 未设置
    标准颜色: 未设置
  运行 70: '图'
    字体: 未设置
    大小: 未设置
    粗体: 未设置
    斜体: 未设置
    下划线: 未设置
    标准颜色: 未设置
  运行 71: ' '
    字体: 未设置
    大小: 未设置
    粗体: 未设置
    斜体: 未设置
    下划线: 未设置
    标准颜色: 未设置
  运行 72: '2'
    字体: 未设置
    大小: 未设置
    粗体: 未设置
    斜体: 未设置
    下划线: 未设置
    标准颜色: 未设置
  运行 73: '-'
    字体: 未设置
    大小: 未设置
    粗体: 未设置
    斜体: 未设置
    下划线: 未设置
    标准颜色: 未设置
  运行 74: '1'
    字体: 未设置
    大小: 未设置
    粗体: 未设置
    斜体: 未设置
    下划线: 未设置
    标准颜色: 未设置
  运行 75: ''
    字体: 未设置
    大小: 未设置
    粗体: 未设置
    斜体: 未设置
    下划线: 未设置
    标准颜色: 未设置
  运行 76: '所示'
    字体: 未设置
    大小: 未设置
    粗体: 未设置
    斜体: 未设置
    下划线: 未设置
    标准颜色: 未设置
  运行 77: '。'
    字体: 未设置
    大小: 未设置
    粗体: 未设置
    斜体: 未设置
    下划线: 未设置
    标准颜色: 未设置
  运行 78: ' '
    字体: 未设置
    大小: 未设置
    粗体: 未设置
    斜体: 未设置
    下划线: 未设置
    标准颜色: 未设置

段落 363:
文本内容: 政治因素（Political）涉及多个方面，包括国家政权环境稳定性、政府政策的变化、市场道德标准、经济政策、文化与宗教等多方面因素。这里强调的是企业受到当地的政府条例、法律法规、教育水平等影响因素，而这些因素对企业的经营，以及消费者消费行为都会造成一定的影响。政治因素对医疗器械行业影响较大，特别是对眼科器械销售行业具有深远影响。政府的采购政策、法规标准、医疗保健政策、带量集采、知识产权保护、政治稳定性以及国际贸易政策等方面，均能显著影响企业的市场定位、产品定价、技术升级和全球竞争力。政治法律环境通常会随着整个社会的发展而变化，因此，企业必须密切关注这些政治动态，灵活调整战略，对政府政策的长期性和短期性做出预判，提前做出必要的准备，确保在不断变化的政策环境中保持竞争力和可持续发展。
段落样式: 正文-缩进
从样式获取的格式:
  样式字体: 未设置
  样式字号: 未设置
  样式颜色: 未设置
对齐方式: 未设置
左缩进: 未设置
右缩进: 未设置
首行缩进: 未设置
行间距: 未设置
从XML读取的格式:
  运行 1: '政治因素（'
    字体: 未设置
    大小: 未设置
    粗体: 未设置
    斜体: 未设置
    下划线: 未设置
    标准颜色: 未设置
  运行 2: 'Political'
    字体: 未设置
    大小: 未设置
    粗体: 未设置
    斜体: 未设置
    下划线: 未设置
    标准颜色: 未设置
  运行 3: '）涉及多个方面，包括国家政权环境稳定性、政府政策的变化、市场道德标准、经济政策、文化与宗教等多方面因素。这里强调的是企业受到当地的政府条例、法律法规'
    字体: 未设置
    大小: 未设置
    粗体: 未设置
    斜体: 未设置
    下划线: 未设置
    标准颜色: 未设置
  运行 4: '、教育水平'
    字体: 未设置
    大小: 未设置
    粗体: 未设置
    斜体: 未设置
    下划线: 未设置
    标准颜色: 未设置
  运行 5: '等影响因素，而这些因素对企业的经营'
    字体: 未设置
    大小: 未设置
    粗体: 未设置
    斜体: 未设置
    下划线: 未设置
    标准颜色: 未设置
  运行 6: '，以及'
    字体: 未设置
    大小: 未设置
    粗体: 未设置
    斜体: 未设置
    下划线: 未设置
    标准颜色: 未设置
  运行 7: '消费者消费行为都会造成一定的影响。'
    字体: 未设置
    大小: 未设置
    粗体: 未设置
    斜体: 未设置
    下划线: 未设置
    标准颜色: 未设置
  运行 8: '政治因素对'
    字体: 未设置
    大小: 未设置
    粗体: 未设置
    斜体: 未设置
    下划线: 未设置
    标准颜色: 未设置
  运行 9: '医疗器械行业影响较大，特别是对'
    字体: 未设置
    大小: 未设置
    粗体: 未设置
    斜体: 未设置
    下划线: 未设置
    标准颜色: 未设置
  运行 10: '眼科器械'
    字体: 未设置
    大小: 未设置
    粗体: 未设置
    斜体: 未设置
    下划线: 未设置
    标准颜色: 未设置
  运行 11: '销售行业'
    字体: 未设置
    大小: 未设置
    粗体: 未设置
    斜体: 未设置
    下划线: 未设置
    标准颜色: 未设置
  运行 12: '具有深远影响'
    字体: 未设置
    大小: 未设置
    粗体: 未设置
    斜体: 未设置
    下划线: 未设置
    标准颜色: 未设置
  运行 13: '。'
    字体: 未设置
    大小: 未设置
    粗体: 未设置
    斜体: 未设置
    下划线: 未设置
    标准颜色: 未设置
  运行 14: '政府的采购政策、法规标准、医疗保健政策、'
    字体: 未设置
    大小: 未设置
    粗体: 未设置
    斜体: 未设置
    下划线: 未设置
    标准颜色: 未设置
  运行 15: '带量集采、知识产权保护、政治稳定性以及国际贸易政策等方面，均能显著影响企业的市场定位、产品定价、技术升级和全球竞争力。'
    字体: 未设置
    大小: 未设置
    粗体: 未设置
    斜体: 未设置
    下划线: 未设置
    标准颜色: 未设置
  运行 16: '政治法律环境通常会随着整个社会的发展而变化，因此，'
    字体: 未设置
    大小: 未设置
    粗体: 未设置
    斜体: 未设置
    下划线: 未设置
    标准颜色: 未设置
  运行 17: '企业必须密切关注这些政治动态，灵活调整战略，'
    字体: 未设置
    大小: 未设置
    粗体: 未设置
    斜体: 未设置
    下划线: 未设置
    标准颜色: 未设置
  运行 18: '对政府政策的长期性和短期性'
    字体: 未设置
    大小: 未设置
    粗体: 未设置
    斜体: 未设置
    下划线: 未设置
    标准颜色: 未设置
  运行 19: '做出'
    字体: 未设置
    大小: 未设置
    粗体: 未设置
    斜体: 未设置
    下划线: 未设置
    标准颜色: 未设置
  运行 20: '预判，提前做出必要的准备，'
    字体: 未设置
    大小: 未设置
    粗体: 未设置
    斜体: 未设置
    下划线: 未设置
    标准颜色: 未设置
  运行 21: '确保在不断变化的政策环境中保持竞争力和可持续发展'
    字体: 未设置
    大小: 未设置
    粗体: 未设置
    斜体: 未设置
    下划线: 未设置
    标准颜色: 未设置
  运行 22: '。'
    字体: 未设置
    大小: 未设置
    粗体: 未设置
    斜体: 未设置
    下划线: 未设置
    标准颜色: 未设置

段落 366:
文本内容: 图 2-1    PEST分析模型
段落样式: Caption
从样式获取的格式:
  样式字体: 未设置
  样式字号: 未设置
  样式颜色: 未设置
对齐方式: 未设置
左缩进: 未设置
右缩进: 未设置
首行缩进: 未设置
行间距: 未设置
从XML读取的格式:
  运行 1: '图'
    字体: 未设置
    大小: 未设置
    粗体: 未设置
    斜体: 未设置
    下划线: 未设置
    标准颜色: 未设置
  运行 2: ' '
    字体: 未设置
    大小: 未设置
    粗体: 未设置
    斜体: 未设置
    下划线: 未设置
    标准颜色: 未设置
  运行 3: ''
    字体: 未设置
    大小: 未设置
    粗体: 未设置
    斜体: 未设置
    下划线: 未设置
    标准颜色: 未设置
  运行 4: ''
    字体: 未设置
    大小: 未设置
    粗体: 未设置
    斜体: 未设置
    下划线: 未设置
    标准颜色: 未设置
  运行 5: ''
    字体: 未设置
    大小: 未设置
    粗体: 未设置
    斜体: 未设置
    下划线: 未设置
    标准颜色: 未设置
  运行 6: ''
    字体: 未设置
    大小: 未设置
    粗体: 未设置
    斜体: 未设置
    下划线: 未设置
    标准颜色: 未设置
  运行 7: ''
    字体: 未设置
    大小: 未设置
    粗体: 未设置
    斜体: 未设置
    下划线: 未设置
    标准颜色: 未设置
  运行 8: '2'
    字体: 未设置
    大小: 未设置
    粗体: 未设置
    斜体: 未设置
    下划线: 未设置
    标准颜色: 未设置
  运行 9: ''
    字体: 未设置
    大小: 未设置
    粗体: 未设置
    斜体: 未设置
    下划线: 未设置
    标准颜色: 未设置
  运行 10: '-'
    字体: 未设置
    大小: 未设置
    粗体: 未设置
    斜体: 未设置
    下划线: 未设置
    标准颜色: 未设置
  运行 11: ''
    字体: 未设置
    大小: 未设置
    粗体: 未设置
    斜体: 未设置
    下划线: 未设置
    标准颜色: 未设置
  运行 12: ''
    字体: 未设置
    大小: 未设置
    粗体: 未设置
    斜体: 未设置
    下划线: 未设置
    标准颜色: 未设置
  运行 13: ''
    字体: 未设置
    大小: 未设置
    粗体: 未设置
    斜体: 未设置
    下划线: 未设置
    标准颜色: 未设置
  运行 14: ''
    字体: 未设置
    大小: 未设置
    粗体: 未设置
    斜体: 未设置
    下划线: 未设置
    标准颜色: 未设置
  运行 15: ''
    字体: 未设置
    大小: 未设置
    粗体: 未设置
    斜体: 未设置
    下划线: 未设置
    标准颜色: 未设置
  运行 16: ''
    字体: 未设置
    大小: 未设置
    粗体: 未设置
    斜体: 未设置
    下划线: 未设置
    标准颜色: 未设置
  运行 17: ''
    字体: 未设置
    大小: 未设置
    粗体: 未设置
    斜体: 未设置
    下划线: 未设置
    标准颜色: 未设置
  运行 18: '1'
    字体: 未设置
    大小: 未设置
    粗体: 未设置
    斜体: 未设置
    下划线: 未设置
    标准颜色: 未设置
  运行 19: ''
    字体: 未设置
    大小: 未设置
    粗体: 未设置
    斜体: 未设置
    下划线: 未设置
    标准颜色: 未设置
  运行 20: '  '
    字体: 未设置
    大小: 未设置
    粗体: 未设置
    斜体: 未设置
    下划线: 未设置
    标准颜色: 未设置
  运行 21: '  '
    字体: 未设置
    大小: 未设置
    粗体: 未设置
    斜体: 未设置
    下划线: 未设置
    标准颜色: 未设置
  运行 22: 'PEST'
    字体: 未设置
    大小: 未设置
    粗体: 未设置
    斜体: 未设置
    下划线: 未设置
    标准颜色: 未设置
  运行 23: '分析'
    字体: 未设置
    大小: 未设置
    粗体: 未设置
    斜体: 未设置
    下划线: 未设置
    标准颜色: 未设置
  运行 24: '模型'
    字体: 未设置
    大小: 未设置
    粗体: 未设置
    斜体: 未设置
    下划线: 未设置
    标准颜色: 未设置

段落 367:
文本内容: 资料来源：作者整理，公开资料，2024.
段落样式: 图表资料来源
从样式获取的格式:
  样式字体: 未设置
  样式字号: 114300
  样式字号(pt): 9.0
  样式颜色: 未设置
对齐方式: 未设置
左缩进: 未设置
右缩进: 未设置
首行缩进: 未设置
行间距: 未设置
从XML读取的格式:
  运行 1: '资料来源：'
    字体: 未设置
    大小: 未设置
    粗体: 未设置
    斜体: 未设置
    下划线: 未设置
    标准颜色: 未设置
  运行 2: '作者整理，'
    字体: 未设置
    大小: 未设置
    粗体: 未设置
    斜体: 未设置
    下划线: 未设置
    标准颜色: 未设置
  运行 3: '公开'
    字体: 未设置
    大小: 未设置
    粗体: 未设置
    斜体: 未设置
    下划线: 未设置
    标准颜色: 未设置
  运行 4: '资料'
    字体: 未设置
    大小: 未设置
    粗体: 未设置
    斜体: 未设置
    下划线: 未设置
    标准颜色: 未设置
  运行 5: '，'
    字体: 未设置
    大小: 未设置
    粗体: 未设置
    斜体: 未设置
    下划线: 未设置
    标准颜色: 未设置
  运行 6: '2'
    字体: 未设置
    大小: 未设置
    粗体: 未设置
    斜体: 未设置
    下划线: 未设置
    标准颜色: 未设置
  运行 7: '02'
    字体: 未设置
    大小: 未设置
    粗体: 未设置
    斜体: 未设置
    下划线: 未设置
    标准颜色: 未设置
  运行 8: '4'
    字体: 未设置
    大小: 未设置
    粗体: 未设置
    斜体: 未设置
    下划线: 未设置
    标准颜色: 未设置
  运行 9: '.'
    字体: 未设置
    大小: 未设置
    粗体: 未设置
    斜体: 未设置
    下划线: 未设置
    标准颜色: 未设置

段落 369:
文本内容: 经济环境（Economic）分为宏观和微观两个方面。宏观经济环境是指一个国家的人口规模、增长趋势、国民收入、国民生产总值、国家经济发展的水平和速度。微观经济环境是指企业所在地区或提供服务地区的消费者收入水平、消费者偏好、银行存款和贷款政策以及其他相关因素。这些因素的变化直接决定了当前和未来的市场规模。企业需要时刻关注这些变化，因势利导，顺势而为。
段落样式: 正文-缩进
从样式获取的格式:
  样式字体: 未设置
  样式字号: 未设置
  样式颜色: 未设置
对齐方式: 未设置
左缩进: 未设置
右缩进: 未设置
首行缩进: 未设置
行间距: 未设置
从XML读取的格式:
  运行 1: '经济环境'
    字体: 未设置
    大小: 未设置
    粗体: 未设置
    斜体: 未设置
    下划线: 未设置
    标准颜色: 未设置
  运行 2: '（'
    字体: 未设置
    大小: 未设置
    粗体: 未设置
    斜体: 未设置
    下划线: 未设置
    标准颜色: 未设置
  运行 3: 'Economic'
    字体: 未设置
    大小: 未设置
    粗体: 未设置
    斜体: 未设置
    下划线: 未设置
    标准颜色: 未设置
  运行 4: '）'
    字体: 未设置
    大小: 未设置
    粗体: 未设置
    斜体: 未设置
    下划线: 未设置
    标准颜色: 未设置
  运行 5: '分为'
    字体: 未设置
    大小: 未设置
    粗体: 未设置
    斜体: 未设置
    下划线: 未设置
    标准颜色: 未设置
  运行 6: '宏观和微观两个'
    字体: 未设置
    大小: 未设置
    粗体: 未设置
    斜体: 未设置
    下划线: 未设置
    标准颜色: 未设置
  运行 7: '方面'
    字体: 未设置
    大小: 未设置
    粗体: 未设置
    斜体: 未设置
    下划线: 未设置
    标准颜色: 未设置
  运行 8: '。'
    字体: 未设置
    大小: 未设置
    粗体: 未设置
    斜体: 未设置
    下划线: 未设置
    标准颜色: 未设置
  运行 9: '宏观经济环境是指一个国家的人口规模、增长趋势、国民收入、国民生产总值、国家经济发展的水平和速度'
    字体: 未设置
    大小: 未设置
    粗体: 未设置
    斜体: 未设置
    下划线: 未设置
    标准颜色: 未设置
  运行 10: '。'
    字体: 未设置
    大小: 未设置
    粗体: 未设置
    斜体: 未设置
    下划线: 未设置
    标准颜色: 未设置
  运行 11: '微观经济环境是指企业所在地区或提供服务地区的消费者收入水平、消费者偏好、银行存款和贷款政策以及其他相关因素。这些因素的变化直接决定了当前和未来的市场规模。'
    字体: 未设置
    大小: 未设置
    粗体: 未设置
    斜体: 未设置
    下划线: 未设置
    标准颜色: 未设置
  运行 12: '企业'
    字体: 未设置
    大小: 未设置
    粗体: 未设置
    斜体: 未设置
    下划线: 未设置
    标准颜色: 未设置
  运行 13: '需要'
    字体: 未设置
    大小: 未设置
    粗体: 未设置
    斜体: 未设置
    下划线: 未设置
    标准颜色: 未设置
  运行 14: '时刻关注'
    字体: 未设置
    大小: 未设置
    粗体: 未设置
    斜体: 未设置
    下划线: 未设置
    标准颜色: 未设置
  运行 15: '这些变化，'
    字体: 未设置
    大小: 未设置
    粗体: 未设置
    斜体: 未设置
    下划线: 未设置
    标准颜色: 未设置
  运行 16: '因势利导'
    字体: 未设置
    大小: 未设置
    粗体: 未设置
    斜体: 未设置
    下划线: 未设置
    标准颜色: 未设置
  运行 17: '，'
    字体: 未设置
    大小: 未设置
    粗体: 未设置
    斜体: 未设置
    下划线: 未设置
    标准颜色: 未设置
  运行 18: '顺势而为'
    字体: 未设置
    大小: 未设置
    粗体: 未设置
    斜体: 未设置
    下划线: 未设置
    标准颜色: 未设置
  运行 19: '。'
    字体: 未设置
    大小: 未设置
    粗体: 未设置
    斜体: 未设置
    下划线: 未设置
    标准颜色: 未设置

段落 370:
文本内容: 社会环境（Social）因素，应从社会整体价值观、社会文化水平和风俗习惯等方面分析。当地居民的生活方式、消费积极性，以及人口增长率、年龄分布、平均寿命和教育水平等，都是决定眼科器械设备市场需求和接受度的关键因素。特别是人口老龄化趋势和对医疗服务及生活品质提升的不断追求，为眼科器械设备行业带来了新的市场机遇和挑战。眼科设备销售企业需要深入理解这些社会因素，开发适应市场需求的创新产品，同时加强健康教育，提升公众对眼科健康的意识，以促进企业的可持续发展。
段落样式: 正文-缩进
从样式获取的格式:
  样式字体: 未设置
  样式字号: 未设置
  样式颜色: 未设置
对齐方式: 未设置
左缩进: 未设置
右缩进: 未设置
首行缩进: 未设置
行间距: 未设置
从XML读取的格式:
  运行 1: '社会环境'
    字体: 未设置
    大小: 未设置
    粗体: 未设置
    斜体: 未设置
    下划线: 未设置
    标准颜色: 未设置
  运行 2: '（'
    字体: 未设置
    大小: 未设置
    粗体: 未设置
    斜体: 未设置
    下划线: 未设置
    标准颜色: 未设置
  运行 3: 'Social'
    字体: 未设置
    大小: 未设置
    粗体: 未设置
    斜体: 未设置
    下划线: 未设置
    标准颜色: 未设置
  运行 4: '）'
    字体: 未设置
    大小: 未设置
    粗体: 未设置
    斜体: 未设置
    下划线: 未设置
    标准颜色: 未设置
  运行 5: '因素'
    字体: 未设置
    大小: 未设置
    粗体: 未设置
    斜体: 未设置
    下划线: 未设置
    标准颜色: 未设置
  运行 6: '，'
    字体: 未设置
    大小: 未设置
    粗体: 未设置
    斜体: 未设置
    下划线: 未设置
    标准颜色: 未设置
  运行 7: '应'
    字体: 未设置
    大小: 未设置
    粗体: 未设置
    斜体: 未设置
    下划线: 未设置
    标准颜色: 未设置
  运行 8: '从'
    字体: 未设置
    大小: 未设置
    粗体: 未设置
    斜体: 未设置
    下划线: 未设置
    标准颜色: 未设置
  运行 9: '社会整体价值观'
    字体: 未设置
    大小: 未设置
    粗体: 未设置
    斜体: 未设置
    下划线: 未设置
    标准颜色: 未设置
  运行 10: '、'
    字体: 未设置
    大小: 未设置
    粗体: 未设置
    斜体: 未设置
    下划线: 未设置
    标准颜色: 未设置
  运行 11: '社会文化水平'
    字体: 未设置
    大小: 未设置
    粗体: 未设置
    斜体: 未设置
    下划线: 未设置
    标准颜色: 未设置
  运行 12: '和风俗习惯'
    字体: 未设置
    大小: 未设置
    粗体: 未设置
    斜体: 未设置
    下划线: 未设置
    标准颜色: 未设置
  运行 13: '等方面分析'
    字体: 未设置
    大小: 未设置
    粗体: 未设置
    斜体: 未设置
    下划线: 未设置
    标准颜色: 未设置
  运行 14: '。'
    字体: 未设置
    大小: 未设置
    粗体: 未设置
    斜体: 未设置
    下划线: 未设置
    标准颜色: 未设置
  运行 15: '当地居民的生活方式、消费积极性，以及人口增长率、年龄分布、平均寿命和教育水平等，都是决定眼科'
    字体: 未设置
    大小: 未设置
    粗体: 未设置
    斜体: 未设置
    下划线: 未设置
    标准颜色: 未设置
  运行 16: '器械'
    字体: 未设置
    大小: 未设置
    粗体: 未设置
    斜体: 未设置
    下划线: 未设置
    标准颜色: 未设置
  运行 17: '设备市场需求和接受度的关键因素。特别是人口老龄化趋势和对医疗服务及生活品质提升的不断追求，为眼科'
    字体: 未设置
    大小: 未设置
    粗体: 未设置
    斜体: 未设置
    下划线: 未设置
    标准颜色: 未设置
  运行 18: '器械'
    字体: 未设置
    大小: 未设置
    粗体: 未设置
    斜体: 未设置
    下划线: 未设置
    标准颜色: 未设置
  运行 19: '设备行业带'
    字体: 未设置
    大小: 未设置
    粗体: 未设置
    斜体: 未设置
    下划线: 未设置
    标准颜色: 未设置
  运行 20: '来了新的市场机遇和挑战。眼科设备'
    字体: 未设置
    大小: 未设置
    粗体: 未设置
    斜体: 未设置
    下划线: 未设置
    标准颜色: 未设置
  运行 21: '销售'
    字体: 未设置
    大小: 未设置
    粗体: 未设置
    斜体: 未设置
    下划线: 未设置
    标准颜色: 未设置
  运行 22: '企业需要深入理解这些社会因素，开发适应市场需求的创新产品，同时加强健康教育，提升公众对眼科健康的意识，以促进企业的可持续发展。'
    字体: 未设置
    大小: 未设置
    粗体: 未设置
    斜体: 未设置
    下划线: 未设置
    标准颜色: 未设置

段落 371:
文本内容: 技术环境因素（Technological），从设备技术变革速度、设备生命周期等方面考虑分析。技术环境因素对眼科设备器械行业至关重要，它涉及到技术变革的速度、产品生命周期以及新技术的出现等多个方面。技术的进步和创新是企业生存和发展的核心。无论是国际企业还是本土公司，都在积极寻求延长现有产品的生命周期，并通过持续的研发投入，探索和开发更先进的医疗技术和产品。这些不断的技术创新不仅为企业带来竞争优势，也为整个行业带来新的活力和变革，推动着眼科设备行业向更高效、更精准的方向发展。
段落样式: 正文-缩进
从样式获取的格式:
  样式字体: 未设置
  样式字号: 未设置
  样式颜色: 未设置
对齐方式: 未设置
左缩进: 未设置
右缩进: 未设置
首行缩进: 未设置
行间距: 未设置
从XML读取的格式:
  运行 1: '技术环境因素'
    字体: 未设置
    大小: 未设置
    粗体: 未设置
    斜体: 未设置
    下划线: 未设置
    标准颜色: 未设置
  运行 2: '（'
    字体: 未设置
    大小: 未设置
    粗体: 未设置
    斜体: 未设置
    下划线: 未设置
    标准颜色: 未设置
  运行 3: 'Technological'
    字体: 未设置
    大小: 未设置
    粗体: 未设置
    斜体: 未设置
    下划线: 未设置
    标准颜色: 未设置
  运行 4: '）'
    字体: 未设置
    大小: 未设置
    粗体: 未设置
    斜体: 未设置
    下划线: 未设置
    标准颜色: 未设置
  运行 5: '，'
    字体: 未设置
    大小: 未设置
    粗体: 未设置
    斜体: 未设置
    下划线: 未设置
    标准颜色: 未设置
  运行 6: '从'
    字体: 未设置
    大小: 未设置
    粗体: 未设置
    斜体: 未设置
    下划线: 未设置
    标准颜色: 未设置
  运行 7: '设备'
    字体: 未设置
    大小: 未设置
    粗体: 未设置
    斜体: 未设置
    下划线: 未设置
    标准颜色: 未设置
  运行 8: '技术变革速度、'
    字体: 未设置
    大小: 未设置
    粗体: 未设置
    斜体: 未设置
    下划线: 未设置
    标准颜色: 未设置
  运行 9: '设备'
    字体: 未设置
    大小: 未设置
    粗体: 未设置
    斜体: 未设置
    下划线: 未设置
    标准颜色: 未设置
  运行 10: '生命周期等方面考虑'
    字体: 未设置
    大小: 未设置
    粗体: 未设置
    斜体: 未设置
    下划线: 未设置
    标准颜色: 未设置
  运行 11: '分析'
    字体: 未设置
    大小: 未设置
    粗体: 未设置
    斜体: 未设置
    下划线: 未设置
    标准颜色: 未设置
  运行 12: '。'
    字体: 未设置
    大小: 未设置
    粗体: 未设置
    斜体: 未设置
    下划线: 未设置
    标准颜色: 未设置
  运行 13: '技术环境因素对眼科设备器械行业至关重要，它涉及到技术变革的速度、产品生命周期以及新技术的出现等多个方面。技术的进步和创新是企业生存和发展的核心。无论是国际企业还是本土公司，都在积极寻求延长现有产品的生命周期，并通过持续的研发投入，探索和开发更先进的医疗技术和产品。这些不断的技术创新不仅为企业带来竞争优势，也为整个行业带来新的活力和变革，推动着眼科设备行业向更高效、更精准的方向发展。'
    字体: 未设置
    大小: 未设置
    粗体: 未设置
    斜体: 未设置
    下划线: 未设置
    标准颜色: 未设置

段落 372:
文本内容: 五种力量分析模型
段落样式: Heading 3
从样式获取的格式:
  样式字体: 未设置
  样式字号: 未设置
  样式颜色: 未设置
对齐方式: 未设置
左缩进: 未设置
右缩进: 未设置
首行缩进: 未设置
行间距: 未设置
从XML读取的格式:
  运行 1: '五'
    字体: 未设置
    大小: 未设置
    粗体: 未设置
    斜体: 未设置
    下划线: 未设置
    标准颜色: 未设置
  运行 2: '种'
    字体: 未设置
    大小: 未设置
    粗体: 未设置
    斜体: 未设置
    下划线: 未设置
    标准颜色: 未设置
  运行 3: '力'
    字体: 未设置
    大小: 未设置
    粗体: 未设置
    斜体: 未设置
    下划线: 未设置
    标准颜色: 未设置
  运行 4: '量分析'
    字体: 未设置
    大小: 未设置
    粗体: 未设置
    斜体: 未设置
    下划线: 未设置
    标准颜色: 未设置
  运行 5: '模型'
    字体: 未设置
    大小: 未设置
    粗体: 未设置
    斜体: 未设置
    下划线: 未设置
    标准颜色: 未设置
  运行 6: ''
    字体: 未设置
    大小: 未设置
    粗体: 未设置
    斜体: 未设置
    下划线: 未设置
    标准颜色: 未设置
  运行 7: ''
    字体: 未设置
    大小: 未设置
    粗体: 未设置
    斜体: 未设置
    下划线: 未设置
    标准颜色: 未设置
  运行 8: ''
    字体: 未设置
    大小: 未设置
    粗体: 未设置
    斜体: 未设置
    下划线: 未设置
    标准颜色: 未设置
  运行 9: ''
    字体: 未设置
    大小: 未设置
    粗体: 未设置
    斜体: 未设置
    下划线: 未设置
    标准颜色: 未设置
  运行 10: ''
    字体: 未设置
    大小: 未设置
    粗体: 未设置
    斜体: 未设置
    下划线: 未设置
    标准颜色: 未设置
  运行 11: ''
    字体: 未设置
    大小: 未设置
    粗体: 未设置
    斜体: 未设置
    下划线: 未设置
    标准颜色: 未设置
  运行 12: ''
    字体: 未设置
    大小: 未设置
    粗体: 未设置
    斜体: 未设置
    下划线: 未设置
    标准颜色: 未设置
  运行 13: ''
    字体: 未设置
    大小: 未设置
    粗体: 未设置
    斜体: 未设置
    下划线: 未设置
    标准颜色: 未设置

段落 373:
文本内容: 20世纪80年代，迈克尔·波特教授提了的一套分析工具，即五种力量分析模型。专注于中观和微观环境分析，通过评估行业内的竞争结构和企业间的互动，帮助企业明确自身的综合竞争能力如图 2-2所示。
段落样式: 正文-缩进
从样式获取的格式:
  样式字体: 未设置
  样式字号: 未设置
  样式颜色: 未设置
对齐方式: 未设置
左缩进: 未设置
右缩进: 未设置
首行缩进: 未设置
行间距: 未设置
从XML读取的格式:
  运行 1: '20'
    字体: 未设置
    大小: 未设置
    粗体: 未设置
    斜体: 未设置
    下划线: 未设置
    标准颜色: 未设置
  运行 2: '世纪'
    字体: 未设置
    大小: 未设置
    粗体: 未设置
    斜体: 未设置
    下划线: 未设置
    标准颜色: 未设置
  运行 3: '80'
    字体: 未设置
    大小: 未设置
    粗体: 未设置
    斜体: 未设置
    下划线: 未设置
    标准颜色: 未设置
  运行 4: '年代，'
    字体: 未设置
    大小: 未设置
    粗体: 未设置
    斜体: 未设置
    下划线: 未设置
    标准颜色: 未设置
  运行 5: '迈克尔'
    字体: 未设置
    大小: 未设置
    粗体: 未设置
    斜体: 未设置
    下划线: 未设置
    标准颜色: 未设置
  运行 6: '·'
    字体: 未设置
    大小: 未设置
    粗体: 未设置
    斜体: 未设置
    下划线: 未设置
    标准颜色: 未设置
  运行 7: '波特教授提'
    字体: 未设置
    大小: 未设置
    粗体: 未设置
    斜体: 未设置
    下划线: 未设置
    标准颜色: 未设置
  运行 8: '了'
    字体: 未设置
    大小: 未设置
    粗体: 未设置
    斜体: 未设置
    下划线: 未设置
    标准颜色: 未设置
  运行 9: '的'
    字体: 未设置
    大小: 未设置
    粗体: 未设置
    斜体: 未设置
    下划线: 未设置
    标准颜色: 未设置
  运行 10: '一套'
    字体: 未设置
    大小: 未设置
    粗体: 未设置
    斜体: 未设置
    下划线: 未设置
    标准颜色: 未设置
  运行 11: '分析工具，'
    字体: 未设置
    大小: 未设置
    粗体: 未设置
    斜体: 未设置
    下划线: 未设置
    标准颜色: 未设置
  运行 12: '即'
    字体: 未设置
    大小: 未设置
    粗体: 未设置
    斜体: 未设置
    下划线: 未设置
    标准颜色: 未设置
  运行 13: '五种力量分析模型'
    字体: 未设置
    大小: 未设置
    粗体: 未设置
    斜体: 未设置
    下划线: 未设置
    标准颜色: 未设置
  运行 14: '。'
    字体: 未设置
    大小: 未设置
    粗体: 未设置
    斜体: 未设置
    下划线: 未设置
    标准颜色: 未设置
  运行 15: '专注于中观和微观环境分析，通过评估行业内的竞争结构和企业间的互动，帮助企业明确自身的综合竞争能力'
    字体: 未设置
    大小: 未设置
    粗体: 未设置
    斜体: 未设置
    下划线: 未设置
    标准颜色: 未设置
  运行 16: '如'
    字体: 未设置
    大小: 未设置
    粗体: 未设置
    斜体: 未设置
    下划线: 未设置
    标准颜色: 未设置
  运行 17: ''
    字体: 未设置
    大小: 未设置
    粗体: 未设置
    斜体: 未设置
    下划线: 未设置
    标准颜色: 未设置
  运行 18: ''
    字体: 未设置
    大小: 未设置
    粗体: 未设置
    斜体: 未设置
    下划线: 未设置
    标准颜色: 未设置
  运行 19: ''
    字体: 未设置
    大小: 未设置
    粗体: 未设置
    斜体: 未设置
    下划线: 未设置
    标准颜色: 未设置
  运行 20: ''
    字体: 未设置
    大小: 未设置
    粗体: 未设置
    斜体: 未设置
    下划线: 未设置
    标准颜色: 未设置
  运行 21: ''
    字体: 未设置
    大小: 未设置
    粗体: 未设置
    斜体: 未设置
    下划线: 未设置
    标准颜色: 未设置
  运行 22: '图'
    字体: 未设置
    大小: 未设置
    粗体: 未设置
    斜体: 未设置
    下划线: 未设置
    标准颜色: 未设置
  运行 23: ' '
    字体: 未设置
    大小: 未设置
    粗体: 未设置
    斜体: 未设置
    下划线: 未设置
    标准颜色: 未设置
  运行 24: '2'
    字体: 未设置
    大小: 未设置
    粗体: 未设置
    斜体: 未设置
    下划线: 未设置
    标准颜色: 未设置
  运行 25: '-'
    字体: 未设置
    大小: 未设置
    粗体: 未设置
    斜体: 未设置
    下划线: 未设置
    标准颜色: 未设置
  运行 26: '2'
    字体: 未设置
    大小: 未设置
    粗体: 未设置
    斜体: 未设置
    下划线: 未设置
    标准颜色: 未设置
  运行 27: ''
    字体: 未设置
    大小: 未设置
    粗体: 未设置
    斜体: 未设置
    下划线: 未设置
    标准颜色: 未设置
  运行 28: '所示'
    字体: 未设置
    大小: 未设置
    粗体: 未设置
    斜体: 未设置
    下划线: 未设置
    标准颜色: 未设置
  运行 29: '。'
    字体: 未设置
    大小: 未设置
    粗体: 未设置
    斜体: 未设置
    下划线: 未设置
    标准颜色: 未设置

段落 376:
文本内容: 图 2-2    五种力量分析模型
段落样式: Caption
从样式获取的格式:
  样式字体: 未设置
  样式字号: 未设置
  样式颜色: 未设置
对齐方式: 未设置
左缩进: 未设置
右缩进: 未设置
首行缩进: 未设置
行间距: 未设置
从XML读取的格式:
  运行 1: '图'
    字体: 未设置
    大小: 未设置
    粗体: 未设置
    斜体: 未设置
    下划线: 未设置
    标准颜色: 未设置
  运行 2: ' '
    字体: 未设置
    大小: 未设置
    粗体: 未设置
    斜体: 未设置
    下划线: 未设置
    标准颜色: 未设置
  运行 3: ''
    字体: 未设置
    大小: 未设置
    粗体: 未设置
    斜体: 未设置
    下划线: 未设置
    标准颜色: 未设置
  运行 4: ''
    字体: 未设置
    大小: 未设置
    粗体: 未设置
    斜体: 未设置
    下划线: 未设置
    标准颜色: 未设置
  运行 5: ''
    字体: 未设置
    大小: 未设置
    粗体: 未设置
    斜体: 未设置
    下划线: 未设置
    标准颜色: 未设置
  运行 6: ''
    字体: 未设置
    大小: 未设置
    粗体: 未设置
    斜体: 未设置
    下划线: 未设置
    标准颜色: 未设置
  运行 7: ''
    字体: 未设置
    大小: 未设置
    粗体: 未设置
    斜体: 未设置
    下划线: 未设置
    标准颜色: 未设置
  运行 8: '2'
    字体: 未设置
    大小: 未设置
    粗体: 未设置
    斜体: 未设置
    下划线: 未设置
    标准颜色: 未设置
  运行 9: ''
    字体: 未设置
    大小: 未设置
    粗体: 未设置
    斜体: 未设置
    下划线: 未设置
    标准颜色: 未设置
  运行 10: '-'
    字体: 未设置
    大小: 未设置
    粗体: 未设置
    斜体: 未设置
    下划线: 未设置
    标准颜色: 未设置
  运行 11: ''
    字体: 未设置
    大小: 未设置
    粗体: 未设置
    斜体: 未设置
    下划线: 未设置
    标准颜色: 未设置
  运行 12: ''
    字体: 未设置
    大小: 未设置
    粗体: 未设置
    斜体: 未设置
    下划线: 未设置
    标准颜色: 未设置
  运行 13: ''
    字体: 未设置
    大小: 未设置
    粗体: 未设置
    斜体: 未设置
    下划线: 未设置
    标准颜色: 未设置
  运行 14: ''
    字体: 未设置
    大小: 未设置
    粗体: 未设置
    斜体: 未设置
    下划线: 未设置
    标准颜色: 未设置
  运行 15: ''
    字体: 未设置
    大小: 未设置
    粗体: 未设置
    斜体: 未设置
    下划线: 未设置
    标准颜色: 未设置
  运行 16: ''
    字体: 未设置
    大小: 未设置
    粗体: 未设置
    斜体: 未设置
    下划线: 未设置
    标准颜色: 未设置
  运行 17: ''
    字体: 未设置
    大小: 未设置
    粗体: 未设置
    斜体: 未设置
    下划线: 未设置
    标准颜色: 未设置
  运行 18: '2'
    字体: 未设置
    大小: 未设置
    粗体: 未设置
    斜体: 未设置
    下划线: 未设置
    标准颜色: 未设置
  运行 19: ''
    字体: 未设置
    大小: 未设置
    粗体: 未设置
    斜体: 未设置
    下划线: 未设置
    标准颜色: 未设置
  运行 20: '    '
    字体: 未设置
    大小: 未设置
    粗体: 未设置
    斜体: 未设置
    下划线: 未设置
    标准颜色: 未设置
  运行 21: '五种力量分析模型'
    字体: 未设置
    大小: 未设置
    粗体: 未设置
    斜体: 未设置
    下划线: 未设置
    标准颜色: 未设置

段落 377:
文本内容: 资料来源：作者整理，公开资料，2024.
段落样式: 图表资料来源
从样式获取的格式:
  样式字体: 未设置
  样式字号: 114300
  样式字号(pt): 9.0
  样式颜色: 未设置
对齐方式: 未设置
左缩进: 未设置
右缩进: 未设置
首行缩进: 未设置
行间距: 未设置
从XML读取的格式:
  运行 1: '资料来源：'
    字体: 未设置
    大小: 未设置
    粗体: 未设置
    斜体: 未设置
    下划线: 未设置
    标准颜色: 未设置
  运行 2: '作者整理，'
    字体: 未设置
    大小: 未设置
    粗体: 未设置
    斜体: 未设置
    下划线: 未设置
    标准颜色: 未设置
  运行 3: '公开'
    字体: 未设置
    大小: 未设置
    粗体: 未设置
    斜体: 未设置
    下划线: 未设置
    标准颜色: 未设置
  运行 4: '资料'
    字体: 未设置
    大小: 未设置
    粗体: 未设置
    斜体: 未设置
    下划线: 未设置
    标准颜色: 未设置
  运行 5: '，'
    字体: 未设置
    大小: 未设置
    粗体: 未设置
    斜体: 未设置
    下划线: 未设置
    标准颜色: 未设置
  运行 6: '2'
    字体: 未设置
    大小: 未设置
    粗体: 未设置
    斜体: 未设置
    下划线: 未设置
    标准颜色: 未设置
  运行 7: '02'
    字体: 未设置
    大小: 未设置
    粗体: 未设置
    斜体: 未设置
    下划线: 未设置
    标准颜色: 未设置
  运行 8: '4'
    字体: 未设置
    大小: 未设置
    粗体: 未设置
    斜体: 未设置
    下划线: 未设置
    标准颜色: 未设置
  运行 9: '.'
    字体: 未设置
    大小: 未设置
    粗体: 未设置
    斜体: 未设置
    下划线: 未设置
    标准颜色: 未设置

段落 379:
文本内容: 该模型涵盖了五个关键方面：现有竞争对手之间的竞争强度、新进入者的潜在威胁、替代品对行业的影响、消费者的议价能力以及供应商的影响力。与宏观环境分析的PEST模型相比，五力模型的针对性更强，任何单一力量的波动变化都有可能显著地改变企业的竞争力和营销策略，因此企业在制定营销策略是必须考虑这五种力量要素[]。
段落样式: 正文-缩进
从样式获取的格式:
  样式字体: 未设置
  样式字号: 未设置
  样式颜色: 未设置
对齐方式: 未设置
左缩进: 未设置
右缩进: 未设置
首行缩进: 未设置
行间距: 未设置
从XML读取的格式:
  运行 1: '该模型涵盖了五个关键方面：现有竞争对手之间的竞争强度、新进入者的潜在威胁、替代品对行业的影响、消费者的议价能力以及供应商的影响力。与宏观环境分析的'
    字体: 未设置
    大小: 未设置
    粗体: 未设置
    斜体: 未设置
    下划线: 未设置
    标准颜色: 未设置
  运行 2: 'PEST'
    字体: 未设置
    大小: 未设置
    粗体: 未设置
    斜体: 未设置
    下划线: 未设置
    标准颜色: 未设置
  运行 3: '模型相比，五力模型的针对性更强，'
    字体: 未设置
    大小: 未设置
    粗体: 未设置
    斜体: 未设置
    下划线: 未设置
    标准颜色: 未设置
  运行 4: '任何单一力量的波动'
    字体: 未设置
    大小: 未设置
    粗体: 未设置
    斜体: 未设置
    下划线: 未设置
    标准颜色: 未设置
  运行 5: '变化'
    字体: 未设置
    大小: 未设置
    粗体: 未设置
    斜体: 未设置
    下划线: 未设置
    标准颜色: 未设置
  运行 6: '都'
    字体: 未设置
    大小: 未设置
    粗体: 未设置
    斜体: 未设置
    下划线: 未设置
    标准颜色: 未设置
  运行 7: '有'
    字体: 未设置
    大小: 未设置
    粗体: 未设置
    斜体: 未设置
    下划线: 未设置
    标准颜色: 未设置
  运行 8: '可能显著地改变企业的竞争力和营销'
    字体: 未设置
    大小: 未设置
    粗体: 未设置
    斜体: 未设置
    下划线: 未设置
    标准颜色: 未设置
  运行 9: '策略'
    字体: 未设置
    大小: 未设置
    粗体: 未设置
    斜体: 未设置
    下划线: 未设置
    标准颜色: 未设置
  运行 10: '，'
    字体: 未设置
    大小: 未设置
    粗体: 未设置
    斜体: 未设置
    下划线: 未设置
    标准颜色: 未设置
  运行 11: '因此企业在制定营销策略是必须考虑这五种力量'
    字体: 未设置
    大小: 未设置
    粗体: 未设置
    斜体: 未设置
    下划线: 未设置
    标准颜色: 未设置
  运行 12: '要'
    字体: 未设置
    大小: 未设置
    粗体: 未设置
    斜体: 未设置
    下划线: 未设置
    标准颜色: 未设置
  运行 13: '素'
    字体: 未设置
    大小: 未设置
    粗体: 未设置
    斜体: 未设置
    下划线: 未设置
    标准颜色: 未设置
  运行 14: '['
    字体: 未设置
    大小: 未设置
    粗体: 未设置
    斜体: 未设置
    下划线: 未设置
    标准颜色: 未设置
  运行 15: ''
    字体: 未设置
    大小: 未设置
    粗体: 未设置
    斜体: 未设置
    下划线: 未设置
    标准颜色: 未设置
  运行 16: ']'
    字体: 未设置
    大小: 未设置
    粗体: 未设置
    斜体: 未设置
    下划线: 未设置
    标准颜色: 未设置
  运行 17: '。'
    字体: 未设置
    大小: 未设置
    粗体: 未设置
    斜体: 未设置
    下划线: 未设置
    标准颜色: 未设置

段落 380:
文本内容: 态势分析法
段落样式: Heading 3
从样式获取的格式:
  样式字体: 未设置
  样式字号: 未设置
  样式颜色: 未设置
对齐方式: 未设置
左缩进: 未设置
右缩进: 未设置
首行缩进: 未设置
行间距: 未设置
从XML读取的格式:
  运行 1: '态势分析法'
    字体: 未设置
    大小: 未设置
    粗体: 未设置
    斜体: 未设置
    下划线: 未设置
    标准颜色: 未设置
  运行 2: ''
    字体: 未设置
    大小: 未设置
    粗体: 未设置
    斜体: 未设置
    下划线: 未设置
    标准颜色: 未设置
  运行 3: ''
    字体: 未设置
    大小: 未设置
    粗体: 未设置
    斜体: 未设置
    下划线: 未设置
    标准颜色: 未设置
  运行 4: ''
    字体: 未设置
    大小: 未设置
    粗体: 未设置
    斜体: 未设置
    下划线: 未设置
    标准颜色: 未设置
  运行 5: ''
    字体: 未设置
    大小: 未设置
    粗体: 未设置
    斜体: 未设置
    下划线: 未设置
    标准颜色: 未设置
  运行 6: ''
    字体: 未设置
    大小: 未设置
    粗体: 未设置
    斜体: 未设置
    下划线: 未设置
    标准颜色: 未设置
  运行 7: ''
    字体: 未设置
    大小: 未设置
    粗体: 未设置
    斜体: 未设置
    下划线: 未设置
    标准颜色: 未设置
  运行 8: ''
    字体: 未设置
    大小: 未设置
    粗体: 未设置
    斜体: 未设置
    下划线: 未设置
    标准颜色: 未设置
  运行 9: ''
    字体: 未设置
    大小: 未设置
    粗体: 未设置
    斜体: 未设置
    下划线: 未设置
    标准颜色: 未设置

段落 381:
文本内容: 20世纪80年代初，海因茨·韦里克教授提出SWOT分析法，中文名称：态势分析法，它是一种战略规划工具，可以帮助企业全面评估自身的内部条件和外部环境。通过识别企业内部的优势、劣势，以及企业外部的机会和威胁，SWOT分析为企业提供了一个结构化的框架，综合归纳这些因素并形成战略组合，如图 2-3所示。
段落样式: 正文-缩进
从样式获取的格式:
  样式字体: 未设置
  样式字号: 未设置
  样式颜色: 未设置
对齐方式: 未设置
左缩进: 未设置
右缩进: 未设置
首行缩进: 未设置
行间距: 未设置
从XML读取的格式:
  运行 1: '20'
    字体: 未设置
    大小: 未设置
    粗体: 未设置
    斜体: 未设置
    下划线: 未设置
    标准颜色: 未设置
  运行 2: '世纪'
    字体: 未设置
    大小: 未设置
    粗体: 未设置
    斜体: 未设置
    下划线: 未设置
    标准颜色: 未设置
  运行 3: '80'
    字体: 未设置
    大小: 未设置
    粗体: 未设置
    斜体: 未设置
    下划线: 未设置
    标准颜色: 未设置
  运行 4: '年代初'
    字体: 未设置
    大小: 未设置
    粗体: 未设置
    斜体: 未设置
    下划线: 未设置
    标准颜色: 未设置
  运行 5: '，'
    字体: 未设置
    大小: 未设置
    粗体: 未设置
    斜体: 未设置
    下划线: 未设置
    标准颜色: 未设置
  运行 6: '海因茨·韦里克教授提出'
    字体: 未设置
    大小: 未设置
    粗体: 未设置
    斜体: 未设置
    下划线: 未设置
    标准颜色: 未设置
  运行 7: 'SWOT'
    字体: 未设置
    大小: 未设置
    粗体: 未设置
    斜体: 未设置
    下划线: 未设置
    标准颜色: 未设置
  运行 8: '分析法'
    字体: 未设置
    大小: 未设置
    粗体: 未设置
    斜体: 未设置
    下划线: 未设置
    标准颜色: 未设置
  运行 9: '，'
    字体: 未设置
    大小: 未设置
    粗体: 未设置
    斜体: 未设置
    下划线: 未设置
    标准颜色: 未设置
  运行 10: '中文名称：'
    字体: 未设置
    大小: 未设置
    粗体: 未设置
    斜体: 未设置
    下划线: 未设置
    标准颜色: 未设置
  运行 11: '态势分析法，它'
    字体: 未设置
    大小: 未设置
    粗体: 未设置
    斜体: 未设置
    下划线: 未设置
    标准颜色: 未设置
  运行 12: '是一种战略规划工具，'
    字体: 未设置
    大小: 未设置
    粗体: 未设置
    斜体: 未设置
    下划线: 未设置
    标准颜色: 未设置
  运行 13: '可以'
    字体: 未设置
    大小: 未设置
    粗体: 未设置
    斜体: 未设置
    下划线: 未设置
    标准颜色: 未设置
  运行 14: '帮助企业全面评估自身的内部条件和外部环境。通过识别企业'
    字体: 未设置
    大小: 未设置
    粗体: 未设置
    斜体: 未设置
    下划线: 未设置
    标准颜色: 未设置
  运行 15: '内部的'
    字体: 未设置
    大小: 未设置
    粗体: 未设置
    斜体: 未设置
    下划线: 未设置
    标准颜色: 未设置
  运行 16: '优势、劣势'
    字体: 未设置
    大小: 未设置
    粗体: 未设置
    斜体: 未设置
    下划线: 未设置
    标准颜色: 未设置
  运行 17: '，以及企业'
    字体: 未设置
    大小: 未设置
    粗体: 未设置
    斜体: 未设置
    下划线: 未设置
    标准颜色: 未设置
  运行 18: '外部'
    字体: 未设置
    大小: 未设置
    粗体: 未设置
    斜体: 未设置
    下划线: 未设置
    标准颜色: 未设置
  运行 19: '的'
    字体: 未设置
    大小: 未设置
    粗体: 未设置
    斜体: 未设置
    下划线: 未设置
    标准颜色: 未设置
  运行 20: '机会和威胁，'
    字体: 未设置
    大小: 未设置
    粗体: 未设置
    斜体: 未设置
    下划线: 未设置
    标准颜色: 未设置
  运行 21: 'SWOT'
    字体: 未设置
    大小: 未设置
    粗体: 未设置
    斜体: 未设置
    下划线: 未设置
    标准颜色: 未设置
  运行 22: '分析为企业提供了一个结构化的框架，综合归纳这些因素并形成战略组合'
    字体: 未设置
    大小: 未设置
    粗体: 未设置
    斜体: 未设置
    下划线: 未设置
    标准颜色: 未设置
  运行 23: '，如'
    字体: 未设置
    大小: 未设置
    粗体: 未设置
    斜体: 未设置
    下划线: 未设置
    标准颜色: 未设置
  运行 24: ''
    字体: 未设置
    大小: 未设置
    粗体: 未设置
    斜体: 未设置
    下划线: 未设置
    标准颜色: 未设置
  运行 25: ''
    字体: 未设置
    大小: 未设置
    粗体: 未设置
    斜体: 未设置
    下划线: 未设置
    标准颜色: 未设置
  运行 26: ''
    字体: 未设置
    大小: 未设置
    粗体: 未设置
    斜体: 未设置
    下划线: 未设置
    标准颜色: 未设置
  运行 27: ''
    字体: 未设置
    大小: 未设置
    粗体: 未设置
    斜体: 未设置
    下划线: 未设置
    标准颜色: 未设置
  运行 28: ''
    字体: 未设置
    大小: 未设置
    粗体: 未设置
    斜体: 未设置
    下划线: 未设置
    标准颜色: 未设置
  运行 29: '图'
    字体: 未设置
    大小: 未设置
    粗体: 未设置
    斜体: 未设置
    下划线: 未设置
    标准颜色: 未设置
  运行 30: ' '
    字体: 未设置
    大小: 未设置
    粗体: 未设置
    斜体: 未设置
    下划线: 未设置
    标准颜色: 未设置
  运行 31: '2'
    字体: 未设置
    大小: 未设置
    粗体: 未设置
    斜体: 未设置
    下划线: 未设置
    标准颜色: 未设置
  运行 32: '-'
    字体: 未设置
    大小: 未设置
    粗体: 未设置
    斜体: 未设置
    下划线: 未设置
    标准颜色: 未设置
  运行 33: '3'
    字体: 未设置
    大小: 未设置
    粗体: 未设置
    斜体: 未设置
    下划线: 未设置
    标准颜色: 未设置
  运行 34: ''
    字体: 未设置
    大小: 未设置
    粗体: 未设置
    斜体: 未设置
    下划线: 未设置
    标准颜色: 未设置
  运行 35: '所示'
    字体: 未设置
    大小: 未设置
    粗体: 未设置
    斜体: 未设置
    下划线: 未设置
    标准颜色: 未设置
  运行 36: '。'
    字体: 未设置
    大小: 未设置
    粗体: 未设置
    斜体: 未设置
    下划线: 未设置
    标准颜色: 未设置

段落 384:
文本内容: 图 2-3    态势分析法
段落样式: Caption
从样式获取的格式:
  样式字体: 未设置
  样式字号: 未设置
  样式颜色: 未设置
对齐方式: 未设置
左缩进: 未设置
右缩进: 未设置
首行缩进: 未设置
行间距: 未设置
从XML读取的格式:
  运行 1: '图'
    字体: 未设置
    大小: 未设置
    粗体: 未设置
    斜体: 未设置
    下划线: 未设置
    标准颜色: 未设置
  运行 2: ' '
    字体: 未设置
    大小: 未设置
    粗体: 未设置
    斜体: 未设置
    下划线: 未设置
    标准颜色: 未设置
  运行 3: ''
    字体: 未设置
    大小: 未设置
    粗体: 未设置
    斜体: 未设置
    下划线: 未设置
    标准颜色: 未设置
  运行 4: ''
    字体: 未设置
    大小: 未设置
    粗体: 未设置
    斜体: 未设置
    下划线: 未设置
    标准颜色: 未设置
  运行 5: ''
    字体: 未设置
    大小: 未设置
    粗体: 未设置
    斜体: 未设置
    下划线: 未设置
    标准颜色: 未设置
  运行 6: ''
    字体: 未设置
    大小: 未设置
    粗体: 未设置
    斜体: 未设置
    下划线: 未设置
    标准颜色: 未设置
  运行 7: ''
    字体: 未设置
    大小: 未设置
    粗体: 未设置
    斜体: 未设置
    下划线: 未设置
    标准颜色: 未设置
  运行 8: '2'
    字体: 未设置
    大小: 未设置
    粗体: 未设置
    斜体: 未设置
    下划线: 未设置
    标准颜色: 未设置
  运行 9: ''
    字体: 未设置
    大小: 未设置
    粗体: 未设置
    斜体: 未设置
    下划线: 未设置
    标准颜色: 未设置
  运行 10: '-'
    字体: 未设置
    大小: 未设置
    粗体: 未设置
    斜体: 未设置
    下划线: 未设置
    标准颜色: 未设置
  运行 11: ''
    字体: 未设置
    大小: 未设置
    粗体: 未设置
    斜体: 未设置
    下划线: 未设置
    标准颜色: 未设置
  运行 12: ''
    字体: 未设置
    大小: 未设置
    粗体: 未设置
    斜体: 未设置
    下划线: 未设置
    标准颜色: 未设置
  运行 13: ''
    字体: 未设置
    大小: 未设置
    粗体: 未设置
    斜体: 未设置
    下划线: 未设置
    标准颜色: 未设置
  运行 14: ''
    字体: 未设置
    大小: 未设置
    粗体: 未设置
    斜体: 未设置
    下划线: 未设置
    标准颜色: 未设置
  运行 15: ''
    字体: 未设置
    大小: 未设置
    粗体: 未设置
    斜体: 未设置
    下划线: 未设置
    标准颜色: 未设置
  运行 16: ''
    字体: 未设置
    大小: 未设置
    粗体: 未设置
    斜体: 未设置
    下划线: 未设置
    标准颜色: 未设置
  运行 17: ''
    字体: 未设置
    大小: 未设置
    粗体: 未设置
    斜体: 未设置
    下划线: 未设置
    标准颜色: 未设置
  运行 18: '3'
    字体: 未设置
    大小: 未设置
    粗体: 未设置
    斜体: 未设置
    下划线: 未设置
    标准颜色: 未设置
  运行 19: ''
    字体: 未设置
    大小: 未设置
    粗体: 未设置
    斜体: 未设置
    下划线: 未设置
    标准颜色: 未设置
  运行 20: '    '
    字体: 未设置
    大小: 未设置
    粗体: 未设置
    斜体: 未设置
    下划线: 未设置
    标准颜色: 未设置
  运行 21: '态势分析法'
    字体: 未设置
    大小: 未设置
    粗体: 未设置
    斜体: 未设置
    下划线: 未设置
    标准颜色: 未设置

段落 385:
文本内容: 资料来源：作者整理，公开资料，2024.
段落样式: 图表资料来源
从样式获取的格式:
  样式字体: 未设置
  样式字号: 114300
  样式字号(pt): 9.0
  样式颜色: 未设置
对齐方式: 未设置
左缩进: 未设置
右缩进: 未设置
首行缩进: 未设置
行间距: 未设置
从XML读取的格式:
  运行 1: '资料来源：'
    字体: 未设置
    大小: 未设置
    粗体: 未设置
    斜体: 未设置
    下划线: 未设置
    标准颜色: 未设置
  运行 2: '作者'
    字体: 未设置
    大小: 未设置
    粗体: 未设置
    斜体: 未设置
    下划线: 未设置
    标准颜色: 未设置
  运行 3: '整理，'
    字体: 未设置
    大小: 未设置
    粗体: 未设置
    斜体: 未设置
    下划线: 未设置
    标准颜色: 未设置
  运行 4: '公开资料'
    字体: 未设置
    大小: 未设置
    粗体: 未设置
    斜体: 未设置
    下划线: 未设置
    标准颜色: 未设置
  运行 5: '，'
    字体: 未设置
    大小: 未设置
    粗体: 未设置
    斜体: 未设置
    下划线: 未设置
    标准颜色: 未设置
  运行 6: '2'
    字体: 未设置
    大小: 未设置
    粗体: 未设置
    斜体: 未设置
    下划线: 未设置
    标准颜色: 未设置
  运行 7: '02'
    字体: 未设置
    大小: 未设置
    粗体: 未设置
    斜体: 未设置
    下划线: 未设置
    标准颜色: 未设置
  运行 8: '4'
    字体: 未设置
    大小: 未设置
    粗体: 未设置
    斜体: 未设置
    下划线: 未设置
    标准颜色: 未设置
  运行 9: '.'
    字体: 未设置
    大小: 未设置
    粗体: 未设置
    斜体: 未设置
    下划线: 未设置
    标准颜色: 未设置

段落 387:
文本内容: 这里S代表企业内部的优势，W代表企业内部的劣势，O代表企业外部环境中的机会，而T则代表企业外部环境中可能面临的风险与威胁[]。这种方法使企业能够清晰地了解自身的竞争地位，制定出利用优势、优化劣势、抓住机遇和应对威胁的战略规划。SWOT分析强调了战略规划的动态性和适应性，确保企业在不断变化的市场环境中能够灵活应对，并保持竞争优势。
段落样式: 正文-缩进
从样式获取的格式:
  样式字体: 未设置
  样式字号: 未设置
  样式颜色: 未设置
对齐方式: 未设置
左缩进: 未设置
右缩进: 未设置
首行缩进: 未设置
行间距: 未设置
从XML读取的格式:
  运行 1: '这里'
    字体: 未设置
    大小: 未设置
    粗体: 未设置
    斜体: 未设置
    下划线: 未设置
    标准颜色: 未设置
  运行 2: 'S'
    字体: 未设置
    大小: 未设置
    粗体: 未设置
    斜体: 未设置
    下划线: 未设置
    标准颜色: 未设置
  运行 3: '代表企业内部的'
    字体: 未设置
    大小: 未设置
    粗体: 未设置
    斜体: 未设置
    下划线: 未设置
    标准颜色: 未设置
  运行 4: '优势'
    字体: 未设置
    大小: 未设置
    粗体: 未设置
    斜体: 未设置
    下划线: 未设置
    标准颜色: 未设置
  运行 5: '，'
    字体: 未设置
    大小: 未设置
    粗体: 未设置
    斜体: 未设置
    下划线: 未设置
    标准颜色: 未设置
  运行 6: 'W'
    字体: 未设置
    大小: 未设置
    粗体: 未设置
    斜体: 未设置
    下划线: 未设置
    标准颜色: 未设置
  运行 7: '代表企业内部的'
    字体: 未设置
    大小: 未设置
    粗体: 未设置
    斜体: 未设置
    下划线: 未设置
    标准颜色: 未设置
  运行 8: '劣势'
    字体: 未设置
    大小: 未设置
    粗体: 未设置
    斜体: 未设置
    下划线: 未设置
    标准颜色: 未设置
  运行 9: '，'
    字体: 未设置
    大小: 未设置
    粗体: 未设置
    斜体: 未设置
    下划线: 未设置
    标准颜色: 未设置
  运行 10: 'O'
    字体: 未设置
    大小: 未设置
    粗体: 未设置
    斜体: 未设置
    下划线: 未设置
    标准颜色: 未设置
  运行 11: '代表企业外部环境中'
    字体: 未设置
    大小: 未设置
    粗体: 未设置
    斜体: 未设置
    下划线: 未设置
    标准颜色: 未设置
  运行 12: '的'
    字体: 未设置
    大小: 未设置
    粗体: 未设置
    斜体: 未设置
    下划线: 未设置
    标准颜色: 未设置
  运行 13: '机会'
    字体: 未设置
    大小: 未设置
    粗体: 未设置
    斜体: 未设置
    下划线: 未设置
    标准颜色: 未设置
  运行 14: '，而'
    字体: 未设置
    大小: 未设置
    粗体: 未设置
    斜体: 未设置
    下划线: 未设置
    标准颜色: 未设置
  运行 15: 'T'
    字体: 未设置
    大小: 未设置
    粗体: 未设置
    斜体: 未设置
    下划线: 未设置
    标准颜色: 未设置
  运行 16: '则代表企业外部环境中可能面临的风险'
    字体: 未设置
    大小: 未设置
    粗体: 未设置
    斜体: 未设置
    下划线: 未设置
    标准颜色: 未设置
  运行 17: '与威'
    字体: 未设置
    大小: 未设置
    粗体: 未设置
    斜体: 未设置
    下划线: 未设置
    标准颜色: 未设置
  运行 18: '胁'
    字体: 未设置
    大小: 未设置
    粗体: 未设置
    斜体: 未设置
    下划线: 未设置
    标准颜色: 未设置
  运行 19: '['
    字体: 未设置
    大小: 未设置
    粗体: 未设置
    斜体: 未设置
    下划线: 未设置
    标准颜色: 未设置
  运行 20: ''
    字体: 未设置
    大小: 未设置
    粗体: 未设置
    斜体: 未设置
    下划线: 未设置
    标准颜色: 未设置
  运行 21: ']'
    字体: 未设置
    大小: 未设置
    粗体: 未设置
    斜体: 未设置
    下划线: 未设置
    标准颜色: 未设置
  运行 22: '。'
    字体: 未设置
    大小: 未设置
    粗体: 未设置
    斜体: 未设置
    下划线: 未设置
    标准颜色: 未设置
  运行 23: '这种方法使企业能够清'
    字体: 未设置
    大小: 未设置
    粗体: 未设置
    斜体: 未设置
    下划线: 未设置
    标准颜色: 未设置
  运行 24: '晰地了解自身的竞争地位，制定出利用优势、'
    字体: 未设置
    大小: 未设置
    粗体: 未设置
    斜体: 未设置
    下划线: 未设置
    标准颜色: 未设置
  运行 25: '优化'
    字体: 未设置
    大小: 未设置
    粗体: 未设置
    斜体: 未设置
    下划线: 未设置
    标准颜色: 未设置
  运行 26: '劣势、抓住机遇和应对威胁的战略规划。'
    字体: 未设置
    大小: 未设置
    粗体: 未设置
    斜体: 未设置
    下划线: 未设置
    标准颜色: 未设置
  运行 27: 'SWOT'
    字体: 未设置
    大小: 未设置
    粗体: 未设置
    斜体: 未设置
    下划线: 未设置
    标准颜色: 未设置
  运行 28: '分析强调了战略规划的动态性和适应性，确保企业在不断变化的市场环境中能够灵活应对'
    字体: 未设置
    大小: 未设置
    粗体: 未设置
    斜体: 未设置
    下划线: 未设置
    标准颜色: 未设置
  运行 29: '，'
    字体: 未设置
    大小: 未设置
    粗体: 未设置
    斜体: 未设置
    下划线: 未设置
    标准颜色: 未设置
  运行 30: '并保持竞争'
    字体: 未设置
    大小: 未设置
    粗体: 未设置
    斜体: 未设置
    下划线: 未设置
    标准颜色: 未设置
  运行 31: '优势'
    字体: 未设置
    大小: 未设置
    粗体: 未设置
    斜体: 未设置
    下划线: 未设置
    标准颜色: 未设置
  运行 32: '。'
    字体: 未设置
    大小: 未设置
    粗体: 未设置
    斜体: 未设置
    下划线: 未设置
    标准颜色: 未设置

段落 388:
文本内容: SWOT分析模型主要有：
段落样式: 正文-缩进
从样式获取的格式:
  样式字体: 未设置
  样式字号: 未设置
  样式颜色: 未设置
对齐方式: 未设置
左缩进: 未设置
右缩进: 未设置
首行缩进: 未设置
行间距: 未设置
从XML读取的格式:
  运行 1: 'SWOT'
    字体: 未设置
    大小: 未设置
    粗体: 未设置
    斜体: 未设置
    下划线: 未设置
    标准颜色: 未设置
  运行 2: '分析模型'
    字体: 未设置
    大小: 未设置
    粗体: 未设置
    斜体: 未设置
    下划线: 未设置
    标准颜色: 未设置
  运行 3: '主要有：'
    字体: 未设置
    大小: 未设置
    粗体: 未设置
    斜体: 未设置
    下划线: 未设置
    标准颜色: 未设置

段落 389:
文本内容: 优势与劣势分析（SW）
段落样式: Heading 4
从样式获取的格式:
  样式字体: 未设置
  样式字号: 未设置
  样式颜色: 未设置
对齐方式: 未设置
左缩进: 未设置
右缩进: 未设置
首行缩进: 未设置
行间距: 未设置
从XML读取的格式:
  运行 1: '优势与劣势分析'
    字体: 未设置
    大小: 未设置
    粗体: 未设置
    斜体: 未设置
    下划线: 未设置
    标准颜色: 未设置
  运行 2: '（'
    字体: 未设置
    大小: 未设置
    粗体: 未设置
    斜体: 未设置
    下划线: 未设置
    标准颜色: 未设置
  运行 3: 'SW'
    字体: 未设置
    大小: 未设置
    粗体: 未设置
    斜体: 未设置
    下划线: 未设置
    标准颜色: 未设置
  运行 4: '）'
    字体: 未设置
    大小: 未设置
    粗体: 未设置
    斜体: 未设置
    下划线: 未设置
    标准颜色: 未设置

段落 390:
文本内容: 在进行企业优劣势分析时，应全面评估其在整个价值链中的表现，并与竞争对手细致对比。关键要素包括产品创新、工艺复杂性、销售渠道效率和价格竞争力。企业在这些领域的相对优势，尤其是行业成功的关键因素，将显著提升其综合竞争力。评估应基于用户视角，而非企业自身。
段落样式: 正文-缩进
从样式获取的格式:
  样式字体: 未设置
  样式字号: 未设置
  样式颜色: 未设置
对齐方式: 未设置
左缩进: 未设置
右缩进: 未设置
首行缩进: 未设置
行间距: 未设置
从XML读取的格式:
  运行 1: '在进行企业'
    字体: 未设置
    大小: 未设置
    粗体: 未设置
    斜体: 未设置
    下划线: 未设置
    标准颜色: 未设置
  运行 2: '优劣势'
    字体: 未设置
    大小: 未设置
    粗体: 未设置
    斜体: 未设置
    下划线: 未设置
    标准颜色: 未设置
  运行 3: '分析时，应全面评估其在整个价值链中的表现，并与竞争对手细致对比。关键要素包括产品创新、工艺复杂性、销售渠道效率和价格竞争力。企业在这些领域的相对优势，尤其是行业成功的关键因素，将显著提升其综合竞争力。评估应基于用户视角，而非企业自身。'
    字体: 未设置
    大小: 未设置
    粗体: 未设置
    斜体: 未设置
    下划线: 未设置
    标准颜色: 未设置

段落 391:
文本内容: 机会与威胁分析（OT）
段落样式: Heading 4
从样式获取的格式:
  样式字体: 未设置
  样式字号: 未设置
  样式颜色: 未设置
对齐方式: 未设置
左缩进: 未设置
右缩进: 未设置
首行缩进: 未设置
行间距: 未设置
从XML读取的格式:
  运行 1: '机会与威胁分析（'
    字体: 未设置
    大小: 未设置
    粗体: 未设置
    斜体: 未设置
    下划线: 未设置
    标准颜色: 未设置
  运行 2: 'OT'
    字体: 未设置
    大小: 未设置
    粗体: 未设置
    斜体: 未设置
    下划线: 未设置
    标准颜色: 未设置
  运行 3: '）'
    字体: 未设置
    大小: 未设置
    粗体: 未设置
    斜体: 未设置
    下划线: 未设置
    标准颜色: 未设置

段落 392:
文本内容: 环境的发展趋势分为两大类，一类表示环境威胁，一类表示环境机会。环境威胁是指环境中不利的发展趋势所形成的挑战，如果不采取果断的战略行为，将削弱公司在竞争中的地位。环境机会是指对公司的发展富有吸引力的领域，在这一领域该公司拥有竞争优势。
段落样式: 正文-缩进
从样式获取的格式:
  样式字体: 未设置
  样式字号: 未设置
  样式颜色: 未设置
对齐方式: 未设置
左缩进: 未设置
右缩进: 未设置
首行缩进: 未设置
行间距: 未设置
从XML读取的格式:
  运行 1: '环境的发展趋势分为两大类，一类表示环境威胁，一类表示环境机会。环境威胁是指环境中不利的发展趋势所形成的挑战，如果不采取果断的战略行为，将削弱公司在竞争中的地位。环境'
    字体: 未设置
    大小: 未设置
    粗体: 未设置
    斜体: 未设置
    下划线: 未设置
    标准颜色: 未设置
  运行 2: '机会是指对公司的发展富有吸引力的领域，在这一领域该公司拥有竞争优势。'
    字体: 未设置
    大小: 未设置
    粗体: 未设置
    斜体: 未设置
    下划线: 未设置
    标准颜色: 未设置

段落 393:
文本内容: 整体分析
段落样式: Heading 4
从样式获取的格式:
  样式字体: 未设置
  样式字号: 未设置
  样式颜色: 未设置
对齐方式: 未设置
左缩进: 未设置
右缩进: 未设置
首行缩进: 未设置
行间距: 未设置
从XML读取的格式:
  运行 1: '整体分析'
    字体: 未设置
    大小: 未设置
    粗体: 未设置
    斜体: 未设置
    下划线: 未设置
    标准颜色: 未设置

段落 394:
文本内容: 从整体上看，态势分析法可以分为两部分：第一部分为优势与劣势分析（SW）主要用来分析企业的内部条件；第二部分为机会和威胁分析（OT），主要用来分析企业的外部条件。整体分析法通过这两种方法结合，可以从中找出对企业有利的、值得发扬的因素，以及对企业不利的、要避开的环境，发现存在的问题，找出解决办法，并明确以后的发展方向。
段落样式: 正文-缩进
从样式获取的格式:
  样式字体: 未设置
  样式字号: 未设置
  样式颜色: 未设置
对齐方式: 未设置
左缩进: 未设置
右缩进: 未设置
首行缩进: 未设置
行间距: 未设置
从XML读取的格式:
  运行 1: '从整体上看，'
    字体: 未设置
    大小: 未设置
    粗体: 未设置
    斜体: 未设置
    下划线: 未设置
    标准颜色: 未设置
  运行 2: '态势分析法'
    字体: 未设置
    大小: 未设置
    粗体: 未设置
    斜体: 未设置
    下划线: 未设置
    标准颜色: 未设置
  运行 3: '可以分为两部分：第一部分为'
    字体: 未设置
    大小: 未设置
    粗体: 未设置
    斜体: 未设置
    下划线: 未设置
    标准颜色: 未设置
  运行 4: '优势与劣势分析（'
    字体: 未设置
    大小: 未设置
    粗体: 未设置
    斜体: 未设置
    下划线: 未设置
    标准颜色: 未设置
  运行 5: 'SW'
    字体: 未设置
    大小: 未设置
    粗体: 未设置
    斜体: 未设置
    下划线: 未设置
    标准颜色: 未设置
  运行 6: '）'
    字体: 未设置
    大小: 未设置
    粗体: 未设置
    斜体: 未设置
    下划线: 未设置
    标准颜色: 未设置
  运行 7: '主要用来分析'
    字体: 未设置
    大小: 未设置
    粗体: 未设置
    斜体: 未设置
    下划线: 未设置
    标准颜色: 未设置
  运行 8: '企业的'
    字体: 未设置
    大小: 未设置
    粗体: 未设置
    斜体: 未设置
    下划线: 未设置
    标准颜色: 未设置
  运行 9: '内部条件；第二部分为'
    字体: 未设置
    大小: 未设置
    粗体: 未设置
    斜体: 未设置
    下划线: 未设置
    标准颜色: 未设置
  运行 10: '机会和威胁分析（'
    字体: 未设置
    大小: 未设置
    粗体: 未设置
    斜体: 未设置
    下划线: 未设置
    标准颜色: 未设置
  运行 11: 'OT'
    字体: 未设置
    大小: 未设置
    粗体: 未设置
    斜体: 未设置
    下划线: 未设置
    标准颜色: 未设置
  运行 12: '）'
    字体: 未设置
    大小: 未设置
    粗体: 未设置
    斜体: 未设置
    下划线: 未设置
    标准颜色: 未设置
  运行 13: '，主要用来分析'
    字体: 未设置
    大小: 未设置
    粗体: 未设置
    斜体: 未设置
    下划线: 未设置
    标准颜色: 未设置
  运行 14: '企业的'
    字体: 未设置
    大小: 未设置
    粗体: 未设置
    斜体: 未设置
    下划线: 未设置
    标准颜色: 未设置
  运行 15: '外部条件。'
    字体: 未设置
    大小: 未设置
    粗体: 未设置
    斜体: 未设置
    下划线: 未设置
    标准颜色: 未设置
  运行 16: '整体分析法'
    字体: 未设置
    大小: 未设置
    粗体: 未设置
    斜体: 未设置
    下划线: 未设置
    标准颜色: 未设置
  运行 17: '通过'
    字体: 未设置
    大小: 未设置
    粗体: 未设置
    斜体: 未设置
    下划线: 未设置
    标准颜色: 未设置
  运行 18: '这'
    字体: 未设置
    大小: 未设置
    粗体: 未设置
    斜体: 未设置
    下划线: 未设置
    标准颜色: 未设置
  运行 19: '两种'
    字体: 未设置
    大小: 未设置
    粗体: 未设置
    斜体: 未设置
    下划线: 未设置
    标准颜色: 未设置
  运行 20: '方法'
    字体: 未设置
    大小: 未设置
    粗体: 未设置
    斜体: 未设置
    下划线: 未设置
    标准颜色: 未设置
  运行 21: '结合，'
    字体: 未设置
    大小: 未设置
    粗体: 未设置
    斜体: 未设置
    下划线: 未设置
    标准颜色: 未设置
  运行 22: '可以从中找出对'
    字体: 未设置
    大小: 未设置
    粗体: 未设置
    斜体: 未设置
    下划线: 未设置
    标准颜色: 未设置
  运行 23: '企业'
    字体: 未设置
    大小: 未设置
    粗体: 未设置
    斜体: 未设置
    下划线: 未设置
    标准颜色: 未设置
  运行 24: '有利的、值得发扬的因素，以及对'
    字体: 未设置
    大小: 未设置
    粗体: 未设置
    斜体: 未设置
    下划线: 未设置
    标准颜色: 未设置
  运行 25: '企业'
    字体: 未设置
    大小: 未设置
    粗体: 未设置
    斜体: 未设置
    下划线: 未设置
    标准颜色: 未设置
  运行 26: '不利的、要避开的'
    字体: 未设置
    大小: 未设置
    粗体: 未设置
    斜体: 未设置
    下划线: 未设置
    标准颜色: 未设置
  运行 27: '环境'
    字体: 未设置
    大小: 未设置
    粗体: 未设置
    斜体: 未设置
    下划线: 未设置
    标准颜色: 未设置
  运行 28: '，发现存在的问题，找出解决办法，并明确以后的发展方向。'
    字体: 未设置
    大小: 未设置
    粗体: 未设置
    斜体: 未设置
    下划线: 未设置
    标准颜色: 未设置

段落 395:
文本内容: 文献综述
段落样式: Heading 2
从样式获取的格式:
  样式字体: 未设置
  样式字号: 177800
  样式字号(pt): 14.0
  样式颜色: 未设置
对齐方式: 未设置
左缩进: 未设置
右缩进: 未设置
首行缩进: 未设置
行间距: 未设置
从XML读取的格式:
  运行 1: '文献综述'
    字体: 未设置
    大小: 未设置
    粗体: 未设置
    斜体: 未设置
    下划线: 未设置
    标准颜色: 未设置
  运行 2: ''
    字体: 未设置
    大小: 未设置
    粗体: 未设置
    斜体: 未设置
    下划线: 未设置
    标准颜色: 未设置
  运行 3: ''
    字体: 未设置
    大小: 未设置
    粗体: 未设置
    斜体: 未设置
    下划线: 未设置
    标准颜色: 未设置
  运行 4: ''
    字体: 未设置
    大小: 未设置
    粗体: 未设置
    斜体: 未设置
    下划线: 未设置
    标准颜色: 未设置
  运行 5: ''
    字体: 未设置
    大小: 未设置
    粗体: 未设置
    斜体: 未设置
    下划线: 未设置
    标准颜色: 未设置
  运行 6: ''
    字体: 未设置
    大小: 未设置
    粗体: 未设置
    斜体: 未设置
    下划线: 未设置
    标准颜色: 未设置

段落 396:
文本内容: 营销策略相关研究
段落样式: Heading 3
从样式获取的格式:
  样式字体: 未设置
  样式字号: 未设置
  样式颜色: 未设置
对齐方式: 未设置
左缩进: 未设置
右缩进: 未设置
首行缩进: 未设置
行间距: 未设置
从XML读取的格式:
  运行 1: '营销策略'
    字体: 未设置
    大小: 未设置
    粗体: 未设置
    斜体: 未设置
    下划线: 未设置
    标准颜色: 未设置
  运行 2: '相关'
    字体: 未设置
    大小: 未设置
    粗体: 未设置
    斜体: 未设置
    下划线: 未设置
    标准颜色: 未设置
  运行 3: '研究'
    字体: 未设置
    大小: 未设置
    粗体: 未设置
    斜体: 未设置
    下划线: 未设置
    标准颜色: 未设置
  运行 4: ''
    字体: 未设置
    大小: 未设置
    粗体: 未设置
    斜体: 未设置
    下划线: 未设置
    标准颜色: 未设置
  运行 5: ''
    字体: 未设置
    大小: 未设置
    粗体: 未设置
    斜体: 未设置
    下划线: 未设置
    标准颜色: 未设置
  运行 6: ''
    字体: 未设置
    大小: 未设置
    粗体: 未设置
    斜体: 未设置
    下划线: 未设置
    标准颜色: 未设置
  运行 7: ''
    字体: 未设置
    大小: 未设置
    粗体: 未设置
    斜体: 未设置
    下划线: 未设置
    标准颜色: 未设置
  运行 8: ''
    字体: 未设置
    大小: 未设置
    粗体: 未设置
    斜体: 未设置
    下划线: 未设置
    标准颜色: 未设置
  运行 9: ''
    字体: 未设置
    大小: 未设置
    粗体: 未设置
    斜体: 未设置
    下划线: 未设置
    标准颜色: 未设置
  运行 10: ''
    字体: 未设置
    大小: 未设置
    粗体: 未设置
    斜体: 未设置
    下划线: 未设置
    标准颜色: 未设置
  运行 11: ''
    字体: 未设置
    大小: 未设置
    粗体: 未设置
    斜体: 未设置
    下划线: 未设置
    标准颜色: 未设置
  运行 12: ''
    字体: 未设置
    大小: 未设置
    粗体: 未设置
    斜体: 未设置
    下划线: 未设置
    标准颜色: 未设置
  运行 13: ''
    字体: 未设置
    大小: 未设置
    粗体: 未设置
    斜体: 未设置
    下划线: 未设置
    标准颜色: 未设置
  运行 14: ''
    字体: 未设置
    大小: 未设置
    粗体: 未设置
    斜体: 未设置
    下划线: 未设置
    标准颜色: 未设置
  运行 15: ''
    字体: 未设置
    大小: 未设置
    粗体: 未设置
    斜体: 未设置
    下划线: 未设置
    标准颜色: 未设置
  运行 16: ''
    字体: 未设置
    大小: 未设置
    粗体: 未设置
    斜体: 未设置
    下划线: 未设置
    标准颜色: 未设置
  运行 17: ''
    字体: 未设置
    大小: 未设置
    粗体: 未设置
    斜体: 未设置
    下划线: 未设置
    标准颜色: 未设置
  运行 18: ''
    字体: 未设置
    大小: 未设置
    粗体: 未设置
    斜体: 未设置
    下划线: 未设置
    标准颜色: 未设置
  运行 19: ''
    字体: 未设置
    大小: 未设置
    粗体: 未设置
    斜体: 未设置
    下划线: 未设置
    标准颜色: 未设置
  运行 20: ''
    字体: 未设置
    大小: 未设置
    粗体: 未设置
    斜体: 未设置
    下划线: 未设置
    标准颜色: 未设置
  运行 21: ''
    字体: 未设置
    大小: 未设置
    粗体: 未设置
    斜体: 未设置
    下划线: 未设置
    标准颜色: 未设置
  运行 22: ''
    字体: 未设置
    大小: 未设置
    粗体: 未设置
    斜体: 未设置
    下划线: 未设置
    标准颜色: 未设置
  运行 23: ''
    字体: 未设置
    大小: 未设置
    粗体: 未设置
    斜体: 未设置
    下划线: 未设置
    标准颜色: 未设置
  运行 24: ''
    字体: 未设置
    大小: 未设置
    粗体: 未设置
    斜体: 未设置
    下划线: 未设置
    标准颜色: 未设置
  运行 25: ''
    字体: 未设置
    大小: 未设置
    粗体: 未设置
    斜体: 未设置
    下划线: 未设置
    标准颜色: 未设置
  运行 26: ''
    字体: 未设置
    大小: 未设置
    粗体: 未设置
    斜体: 未设置
    下划线: 未设置
    标准颜色: 未设置
  运行 27: ''
    字体: 未设置
    大小: 未设置
    粗体: 未设置
    斜体: 未设置
    下划线: 未设置
    标准颜色: 未设置
  运行 28: ''
    字体: 未设置
    大小: 未设置
    粗体: 未设置
    斜体: 未设置
    下划线: 未设置
    标准颜色: 未设置
  运行 29: ''
    字体: 未设置
    大小: 未设置
    粗体: 未设置
    斜体: 未设置
    下划线: 未设置
    标准颜色: 未设置
  运行 30: ''
    字体: 未设置
    大小: 未设置
    粗体: 未设置
    斜体: 未设置
    下划线: 未设置
    标准颜色: 未设置
  运行 31: ''
    字体: 未设置
    大小: 未设置
    粗体: 未设置
    斜体: 未设置
    下划线: 未设置
    标准颜色: 未设置

段落 397:
文本内容: 企业营销活动成功的关键在于营销策略。最著名的营销策略理论是杰罗姆·麦卡锡在1960年提出的4Ps营销理论，包括产品、价格、地点和促销。随着市场的发展，这一理论进一步演化为以消费者为中心的4Cs营销策略，包含顾客（Customer）、成本（Cost）、便利性（Convenience）、沟通（Communication）；以竞争为导向的4Rs策略，包括相关性（Relevance）、可达性（Reach）、关系（Relationship）、回报（Return）；以及以差异化为导向的4Vs策略，包括差异化（Variation）、多功能性（Versatility）、价值（Value）、活力（Vitality）。这些策略的发展表明，市场营销是一个动态演进的过程，企业想要增强自己的竞争优势和影响力，就必须持续优化资源配置，以适应营销策略的调整变化，从而提升营销资源的整体效能。在瞬息万变的市场浪潮中，企业唯有不断革新思维、顺应时势，方能稳固其成功之基[]。
段落样式: 正文-缩进
从样式获取的格式:
  样式字体: 未设置
  样式字号: 未设置
  样式颜色: 未设置
对齐方式: 未设置
左缩进: 未设置
右缩进: 未设置
首行缩进: 未设置
行间距: 未设置
从XML读取的格式:
  运行 1: '企业营销活动成功的关键'
    字体: 未设置
    大小: 未设置
    粗体: 未设置
    斜体: 未设置
    下划线: 未设置
    标准颜色: 未设置
  运行 2: '在于营销策略'
    字体: 未设置
    大小: 未设置
    粗体: 未设置
    斜体: 未设置
    下划线: 未设置
    标准颜色: 未设置
  运行 3: '。'
    字体: 未设置
    大小: 未设置
    粗体: 未设置
    斜体: 未设置
    下划线: 未设置
    标准颜色: 未设置
  运行 4: '最著名的'
    字体: 未设置
    大小: 未设置
    粗体: 未设置
    斜体: 未设置
    下划线: 未设置
    标准颜色: 未设置
  运行 5: '营销策略'
    字体: 未设置
    大小: 未设置
    粗体: 未设置
    斜体: 未设置
    下划线: 未设置
    标准颜色: 未设置
  运行 6: '理论是杰罗姆·麦卡锡在'
    字体: 未设置
    大小: 未设置
    粗体: 未设置
    斜体: 未设置
    下划线: 未设置
    标准颜色: 未设置
  运行 7: '1960'
    字体: 未设置
    大小: 未设置
    粗体: 未设置
    斜体: 未设置
    下划线: 未设置
    标准颜色: 未设置
  运行 8: '年提出的'
    字体: 未设置
    大小: 未设置
    粗体: 未设置
    斜体: 未设置
    下划线: 未设置
    标准颜色: 未设置
  运行 9: '4P'
    字体: 未设置
    大小: 未设置
    粗体: 未设置
    斜体: 未设置
    下划线: 未设置
    标准颜色: 未设置
  运行 10: 's'
    字体: 未设置
    大小: 未设置
    粗体: 未设置
    斜体: 未设置
    下划线: 未设置
    标准颜色: 未设置
  运行 11: '营销理论，包括产品'
    字体: 未设置
    大小: 未设置
    粗体: 未设置
    斜体: 未设置
    下划线: 未设置
    标准颜色: 未设置
  运行 12: '、'
    字体: 未设置
    大小: 未设置
    粗体: 未设置
    斜体: 未设置
    下划线: 未设置
    标准颜色: 未设置
  运行 13: '价格、地点和促销。随着市场的发展，这一理论进一步演化为以消费者为中心的'
    字体: 未设置
    大小: 未设置
    粗体: 未设置
    斜体: 未设置
    下划线: 未设置
    标准颜色: 未设置
  运行 14: '4Cs'
    字体: 未设置
    大小: 未设置
    粗体: 未设置
    斜体: 未设置
    下划线: 未设置
    标准颜色: 未设置
  运行 15: '营销'
    字体: 未设置
    大小: 未设置
    粗体: 未设置
    斜体: 未设置
    下划线: 未设置
    标准颜色: 未设置
  运行 16: '策略，'
    字体: 未设置
    大小: 未设置
    粗体: 未设置
    斜体: 未设置
    下划线: 未设置
    标准颜色: 未设置
  运行 17: '包含'
    字体: 未设置
    大小: 未设置
    粗体: 未设置
    斜体: 未设置
    下划线: 未设置
    标准颜色: 未设置
  运行 18: '顾客（'
    字体: 未设置
    大小: 未设置
    粗体: 未设置
    斜体: 未设置
    下划线: 未设置
    标准颜色: 未设置
  运行 19: 'Customer'
    字体: 未设置
    大小: 未设置
    粗体: 未设置
    斜体: 未设置
    下划线: 未设置
    标准颜色: 未设置
  运行 20: '）'
    字体: 未设置
    大小: 未设置
    粗体: 未设置
    斜体: 未设置
    下划线: 未设置
    标准颜色: 未设置
  运行 21: '、'
    字体: 未设置
    大小: 未设置
    粗体: 未设置
    斜体: 未设置
    下划线: 未设置
    标准颜色: 未设置
  运行 22: '成本（'
    字体: 未设置
    大小: 未设置
    粗体: 未设置
    斜体: 未设置
    下划线: 未设置
    标准颜色: 未设置
  运行 23: 'Cost'
    字体: 未设置
    大小: 未设置
    粗体: 未设置
    斜体: 未设置
    下划线: 未设置
    标准颜色: 未设置
  运行 24: '）、'
    字体: 未设置
    大小: 未设置
    粗体: 未设置
    斜体: 未设置
    下划线: 未设置
    标准颜色: 未设置
  运行 25: '便利性（'
    字体: 未设置
    大小: 未设置
    粗体: 未设置
    斜体: 未设置
    下划线: 未设置
    标准颜色: 未设置
  运行 26: 'Convenience'
    字体: 未设置
    大小: 未设置
    粗体: 未设置
    斜体: 未设置
    下划线: 未设置
    标准颜色: 未设置
  运行 27: '）、'
    字体: 未设置
    大小: 未设置
    粗体: 未设置
    斜体: 未设置
    下划线: 未设置
    标准颜色: 未设置
  运行 28: '沟通（'
    字体: 未设置
    大小: 未设置
    粗体: 未设置
    斜体: 未设置
    下划线: 未设置
    标准颜色: 未设置
  运行 29: 'Communication'
    字体: 未设置
    大小: 未设置
    粗体: 未设置
    斜体: 未设置
    下划线: 未设置
    标准颜色: 未设置
  运行 30: '）；'
    字体: 未设置
    大小: 未设置
    粗体: 未设置
    斜体: 未设置
    下划线: 未设置
    标准颜色: 未设置
  运行 31: '以竞争为导向的'
    字体: 未设置
    大小: 未设置
    粗体: 未设置
    斜体: 未设置
    下划线: 未设置
    标准颜色: 未设置
  运行 32: '4Rs'
    字体: 未设置
    大小: 未设置
    粗体: 未设置
    斜体: 未设置
    下划线: 未设置
    标准颜色: 未设置
  运行 33: '策略，包括相关性'
    字体: 未设置
    大小: 未设置
    粗体: 未设置
    斜体: 未设置
    下划线: 未设置
    标准颜色: 未设置
  运行 34: '（'
    字体: 未设置
    大小: 未设置
    粗体: 未设置
    斜体: 未设置
    下划线: 未设置
    标准颜色: 未设置
  运行 35: 'Relevance'
    字体: 未设置
    大小: 未设置
    粗体: 未设置
    斜体: 未设置
    下划线: 未设置
    标准颜色: 未设置
  运行 36: '）'
    字体: 未设置
    大小: 未设置
    粗体: 未设置
    斜体: 未设置
    下划线: 未设置
    标准颜色: 未设置
  运行 37: '、可达性'
    字体: 未设置
    大小: 未设置
    粗体: 未设置
    斜体: 未设置
    下划线: 未设置
    标准颜色: 未设置
  运行 38: '（'
    字体: 未设置
    大小: 未设置
    粗体: 未设置
    斜体: 未设置
    下划线: 未设置
    标准颜色: 未设置
  运行 39: 'R'
    字体: 未设置
    大小: 未设置
    粗体: 未设置
    斜体: 未设置
    下划线: 未设置
    标准颜色: 未设置
  运行 40: 'each'
    字体: 未设置
    大小: 未设置
    粗体: 未设置
    斜体: 未设置
    下划线: 未设置
    标准颜色: 未设置
  运行 41: '）'
    字体: 未设置
    大小: 未设置
    粗体: 未设置
    斜体: 未设置
    下划线: 未设置
    标准颜色: 未设置
  运行 42: '、关系'
    字体: 未设置
    大小: 未设置
    粗体: 未设置
    斜体: 未设置
    下划线: 未设置
    标准颜色: 未设置
  运行 43: '（'
    字体: 未设置
    大小: 未设置
    粗体: 未设置
    斜体: 未设置
    下划线: 未设置
    标准颜色: 未设置
  运行 44: 'Relationship'
    字体: 未设置
    大小: 未设置
    粗体: 未设置
    斜体: 未设置
    下划线: 未设置
    标准颜色: 未设置
  运行 45: '）'
    字体: 未设置
    大小: 未设置
    粗体: 未设置
    斜体: 未设置
    下划线: 未设置
    标准颜色: 未设置
  运行 46: '、回报'
    字体: 未设置
    大小: 未设置
    粗体: 未设置
    斜体: 未设置
    下划线: 未设置
    标准颜色: 未设置
  运行 47: '（'
    字体: 未设置
    大小: 未设置
    粗体: 未设置
    斜体: 未设置
    下划线: 未设置
    标准颜色: 未设置
  运行 48: 'Return'
    字体: 未设置
    大小: 未设置
    粗体: 未设置
    斜体: 未设置
    下划线: 未设置
    标准颜色: 未设置
  运行 49: '）'
    字体: 未设置
    大小: 未设置
    粗体: 未设置
    斜体: 未设置
    下划线: 未设置
    标准颜色: 未设置
  运行 50: '；以及以差异化为导向的'
    字体: 未设置
    大小: 未设置
    粗体: 未设置
    斜体: 未设置
    下划线: 未设置
    标准颜色: 未设置
  运行 51: '4Vs'
    字体: 未设置
    大小: 未设置
    粗体: 未设置
    斜体: 未设置
    下划线: 未设置
    标准颜色: 未设置
  运行 52: '策略，包括差异化'
    字体: 未设置
    大小: 未设置
    粗体: 未设置
    斜体: 未设置
    下划线: 未设置
    标准颜色: 未设置
  运行 53: '（'
    字体: 未设置
    大小: 未设置
    粗体: 未设置
    斜体: 未设置
    下划线: 未设置
    标准颜色: 未设置
  运行 54: 'Variation'
    字体: 未设置
    大小: 未设置
    粗体: 未设置
    斜体: 未设置
    下划线: 未设置
    标准颜色: 未设置
  运行 55: '）'
    字体: 未设置
    大小: 未设置
    粗体: 未设置
    斜体: 未设置
    下划线: 未设置
    标准颜色: 未设置
  运行 56: '、多功能性'
    字体: 未设置
    大小: 未设置
    粗体: 未设置
    斜体: 未设置
    下划线: 未设置
    标准颜色: 未设置
  运行 57: '（'
    字体: 未设置
    大小: 未设置
    粗体: 未设置
    斜体: 未设置
    下划线: 未设置
    标准颜色: 未设置
  运行 58: 'Versatility'
    字体: 未设置
    大小: 未设置
    粗体: 未设置
    斜体: 未设置
    下划线: 未设置
    标准颜色: 未设置
  运行 59: '）'
    字体: 未设置
    大小: 未设置
    粗体: 未设置
    斜体: 未设置
    下划线: 未设置
    标准颜色: 未设置
  运行 60: '、价值'
    字体: 未设置
    大小: 未设置
    粗体: 未设置
    斜体: 未设置
    下划线: 未设置
    标准颜色: 未设置
  运行 61: '（'
    字体: 未设置
    大小: 未设置
    粗体: 未设置
    斜体: 未设置
    下划线: 未设置
    标准颜色: 未设置
  运行 62: 'Value'
    字体: 未设置
    大小: 未设置
    粗体: 未设置
    斜体: 未设置
    下划线: 未设置
    标准颜色: 未设置
  运行 63: '）'
    字体: 未设置
    大小: 未设置
    粗体: 未设置
    斜体: 未设置
    下划线: 未设置
    标准颜色: 未设置
  运行 64: '、活力'
    字体: 未设置
    大小: 未设置
    粗体: 未设置
    斜体: 未设置
    下划线: 未设置
    标准颜色: 未设置
  运行 65: '（'
    字体: 未设置
    大小: 未设置
    粗体: 未设置
    斜体: 未设置
    下划线: 未设置
    标准颜色: 未设置
  运行 66: 'Vitality'
    字体: 未设置
    大小: 未设置
    粗体: 未设置
    斜体: 未设置
    下划线: 未设置
    标准颜色: 未设置
  运行 67: '）'
    字体: 未设置
    大小: 未设置
    粗体: 未设置
    斜体: 未设置
    下划线: 未设置
    标准颜色: 未设置
  运行 68: '。这些策略的发展表明，市场营销是一个动态演进的过程，'
    字体: 未设置
    大小: 未设置
    粗体: 未设置
    斜体: 未设置
    下划线: 未设置
    标准颜色: 未设置
  运行 69: '企业'
    字体: 未设置
    大小: 未设置
    粗体: 未设置
    斜体: 未设置
    下划线: 未设置
    标准颜色: 未设置
  运行 70: '想要'
    字体: 未设置
    大小: 未设置
    粗体: 未设置
    斜体: 未设置
    下划线: 未设置
    标准颜色: 未设置
  运行 71: '增强'
    字体: 未设置
    大小: 未设置
    粗体: 未设置
    斜体: 未设置
    下划线: 未设置
    标准颜色: 未设置
  运行 72: '自己的竞争优势和影响力，就必须'
    字体: 未设置
    大小: 未设置
    粗体: 未设置
    斜体: 未设置
    下划线: 未设置
    标准颜色: 未设置
  运行 73: '持续优化资源'
    字体: 未设置
    大小: 未设置
    粗体: 未设置
    斜体: 未设置
    下划线: 未设置
    标准颜色: 未设置
  运行 74: '配置'
    字体: 未设置
    大小: 未设置
    粗体: 未设置
    斜体: 未设置
    下划线: 未设置
    标准颜色: 未设置
  运行 75: '，以适应营销策略'
    字体: 未设置
    大小: 未设置
    粗体: 未设置
    斜体: 未设置
    下划线: 未设置
    标准颜色: 未设置
  运行 76: '的调整变化'
    字体: 未设置
    大小: 未设置
    粗体: 未设置
    斜体: 未设置
    下划线: 未设置
    标准颜色: 未设置
  运行 77: '，从而提升营销资源的整体效能'
    字体: 未设置
    大小: 未设置
    粗体: 未设置
    斜体: 未设置
    下划线: 未设置
    标准颜色: 未设置
  运行 78: '。'
    字体: 未设置
    大小: 未设置
    粗体: 未设置
    斜体: 未设置
    下划线: 未设置
    标准颜色: 未设置
  运行 79: '在瞬息万变的市场浪潮中，企业唯有不断革新思维、顺应时势，方能稳固其成功之基'
    字体: 未设置
    大小: 未设置
    粗体: 未设置
    斜体: 未设置
    下划线: 未设置
    标准颜色: 未设置
  运行 80: '['
    字体: 未设置
    大小: 未设置
    粗体: 未设置
    斜体: 未设置
    下划线: 未设置
    标准颜色: 未设置
  运行 81: ''
    字体: 未设置
    大小: 未设置
    粗体: 未设置
    斜体: 未设置
    下划线: 未设置
    标准颜色: 未设置
  运行 82: ']'
    字体: 未设置
    大小: 未设置
    粗体: 未设置
    斜体: 未设置
    下划线: 未设置
    标准颜色: 未设置
  运行 83: '。'
    字体: 未设置
    大小: 未设置
    粗体: 未设置
    斜体: 未设置
    下划线: 未设置
    标准颜色: 未设置

段落 398:
文本内容: 一部分学者认为，服务营销对于企业市场营销策略的制定有着重要作用。Olivier认为现代企业应该将消费者的需求和注意力作为其所有工作的核心。这强调了以客户为中心的营销理念对于企业成功的重要性。随后，Stanton和Lowenhar强调了服务营销中的一个核心概念-服务的无形性，这一特征要求企业通过增强品牌信誉和提供有形的服务质量线索来建立消费者信任。进一步地，Gronroos在他著作中深入论述了服务及服务营销的多维度概念，包括服务的设计、交付和客户互动等方面，为企业提供了一个全面的服务营销战略框架。这些学者的研究成果共同构成了现代服务营销的理论基础，指导企业如何通过重视消费者体验、有效管理服务无形性以及采用创新的服务营销手段来提升市场竞争力[]。
段落样式: 正文-缩进
从样式获取的格式:
  样式字体: 未设置
  样式字号: 未设置
  样式颜色: 未设置
对齐方式: 未设置
左缩进: 未设置
右缩进: 未设置
首行缩进: 未设置
行间距: 未设置
从XML读取的格式:
  运行 1: '一部分学者认为，'
    字体: 未设置
    大小: 未设置
    粗体: 未设置
    斜体: 未设置
    下划线: 未设置
    标准颜色: 未设置
  运行 2: '服务营销对于企业市场营销策略的制定有着重要作用。'
    字体: 未设置
    大小: 未设置
    粗体: 未设置
    斜体: 未设置
    下划线: 未设置
    标准颜色: 未设置
  运行 3: 'Olivier'
    字体: 未设置
    大小: 未设置
    粗体: 未设置
    斜体: 未设置
    下划线: 未设置
    标准颜色: 未设置
  运行 4: '认为现代企业应该将消费者的需求和注意力作为其所有工作的核心。'
    字体: 未设置
    大小: 未设置
    粗体: 未设置
    斜体: 未设置
    下划线: 未设置
    标准颜色: 未设置
  运行 5: '这强调了以客户为中心的营销理念对于企业成功的重要性。'
    字体: 未设置
    大小: 未设置
    粗体: 未设置
    斜体: 未设置
    下划线: 未设置
    标准颜色: 未设置
  运行 6: '随后，'
    字体: 未设置
    大小: 未设置
    粗体: 未设置
    斜体: 未设置
    下划线: 未设置
    标准颜色: 未设置
  运行 7: 'Stanton'
    字体: 未设置
    大小: 未设置
    粗体: 未设置
    斜体: 未设置
    下划线: 未设置
    标准颜色: 未设置
  运行 8: '和'
    字体: 未设置
    大小: 未设置
    粗体: 未设置
    斜体: 未设置
    下划线: 未设置
    标准颜色: 未设置
  运行 9: 'Lowenhar'
    字体: 未设置
    大小: 未设置
    粗体: 未设置
    斜体: 未设置
    下划线: 未设置
    标准颜色: 未设置
  运行 10: '强调了服务营销中的一个核心概念'
    字体: 未设置
    大小: 未设置
    粗体: 未设置
    斜体: 未设置
    下划线: 未设置
    标准颜色: 未设置
  运行 11: '-'
    字体: 未设置
    大小: 未设置
    粗体: 未设置
    斜体: 未设置
    下划线: 未设置
    标准颜色: 未设置
  运行 12: '服务的无形性，这一特征要求企业通过增强品牌信誉和提供有形的服务质量线索来建立消费者信任。进一步地，'
    字体: 未设置
    大小: 未设置
    粗体: 未设置
    斜体: 未设置
    下划线: 未设置
    标准颜色: 未设置
  运行 13: 'Gronroos'
    字体: 未设置
    大小: 未设置
    粗体: 未设置
    斜体: 未设置
    下划线: 未设置
    标准颜色: 未设置
  运行 14: '在他'
    字体: 未设置
    大小: 未设置
    粗体: 未设置
    斜体: 未设置
    下划线: 未设置
    标准颜色: 未设置
  运行 15: '著作中深入论述了服务及服务营销的多维度概念，包括服务的设计、交付和客户互动等方面，为企业提供了一个全面的服务营销战略框架。这些学者的研究成果共同构成了现代服务营销的理论基础，指导企业如何通过重视消费者体验、有效管理服务无形性以'
    字体: 未设置
    大小: 未设置
    粗体: 未设置
    斜体: 未设置
    下划线: 未设置
    标准颜色: 未设置
  运行 16: '及采用创新的服务营销手段来提升市场竞争力'
    字体: 未设置
    大小: 未设置
    粗体: 未设置
    斜体: 未设置
    下划线: 未设置
    标准颜色: 未设置
  运行 17: '['
    字体: 未设置
    大小: 未设置
    粗体: 未设置
    斜体: 未设置
    下划线: 未设置
    标准颜色: 未设置
  运行 18: ''
    字体: 未设置
    大小: 未设置
    粗体: 未设置
    斜体: 未设置
    下划线: 未设置
    标准颜色: 未设置
  运行 19: ']'
    字体: 未设置
    大小: 未设置
    粗体: 未设置
    斜体: 未设置
    下划线: 未设置
    标准颜色: 未设置
  运行 20: '。'
    字体: 未设置
    大小: 未设置
    粗体: 未设置
    斜体: 未设置
    下划线: 未设置
    标准颜色: 未设置

段落 399:
文本内容: 张喜林（2003）最先在教育服务行业引入服务营销理论，为教育服务的宣传和改进开辟了新的思路，提出了教育服务营销理论。田志龙（2005）认为提高客户满意和服务效率推动企业长期发展的关键因素，强调客户满意度的重要性[]。林锐等（2006）提出客户的感知度和满意度可以通过有形化手段提高。谢欢（2009）等应用服务营销理论，通过对电视和广播运营商的实证研究分析，为运营商提供了具体建议帮助其提高服务效率。杨博（2013）强调当代企业要强化服务营销意识，始终以客户需求为中心，提高客户满意度，从而最大化成本效益。董利艾（2015）运用服务质量差距模型和态势分析法，深入分析了甘肃电力的服务营销情况，并提出了完善企业服务评价体系，以及强化关系营销的优化建议[]。
段落样式: 正文-缩进
从样式获取的格式:
  样式字体: 未设置
  样式字号: 未设置
  样式颜色: 未设置
对齐方式: 未设置
左缩进: 未设置
右缩进: 未设置
首行缩进: 未设置
行间距: 未设置
从XML读取的格式:
  运行 1: '张喜林'
    字体: 未设置
    大小: 未设置
    粗体: 未设置
    斜体: 未设置
    下划线: 未设置
    标准颜色: 未设置
  运行 2: '（'
    字体: 未设置
    大小: 未设置
    粗体: 未设置
    斜体: 未设置
    下划线: 未设置
    标准颜色: 未设置
  运行 3: '2003'
    字体: 未设置
    大小: 未设置
    粗体: 未设置
    斜体: 未设置
    下划线: 未设置
    标准颜色: 未设置
  运行 4: '）'
    字体: 未设置
    大小: 未设置
    粗体: 未设置
    斜体: 未设置
    下划线: 未设置
    标准颜色: 未设置
  运行 5: '最先在教育服务行业引入服务营销理论，'
    字体: 未设置
    大小: 未设置
    粗体: 未设置
    斜体: 未设置
    下划线: 未设置
    标准颜色: 未设置
  运行 6: '为教育服务的宣传和改进开辟了新的思路'
    字体: 未设置
    大小: 未设置
    粗体: 未设置
    斜体: 未设置
    下划线: 未设置
    标准颜色: 未设置
  运行 7: '，提出了教育服务营销理论'
    字体: 未设置
    大小: 未设置
    粗体: 未设置
    斜体: 未设置
    下划线: 未设置
    标准颜色: 未设置
  运行 8: '。田志龙'
    字体: 未设置
    大小: 未设置
    粗体: 未设置
    斜体: 未设置
    下划线: 未设置
    标准颜色: 未设置
  运行 9: '（'
    字体: 未设置
    大小: 未设置
    粗体: 未设置
    斜体: 未设置
    下划线: 未设置
    标准颜色: 未设置
  运行 10: '2005'
    字体: 未设置
    大小: 未设置
    粗体: 未设置
    斜体: 未设置
    下划线: 未设置
    标准颜色: 未设置
  运行 11: '）'
    字体: 未设置
    大小: 未设置
    粗体: 未设置
    斜体: 未设置
    下划线: 未设置
    标准颜色: 未设置
  运行 12: '认为提'
    字体: 未设置
    大小: 未设置
    粗体: 未设置
    斜体: 未设置
    下划线: 未设置
    标准颜色: 未设置
  运行 13: '高'
    字体: 未设置
    大小: 未设置
    粗体: 未设置
    斜体: 未设置
    下划线: 未设置
    标准颜色: 未设置
  运行 14: '客户满意'
    字体: 未设置
    大小: 未设置
    粗体: 未设置
    斜体: 未设置
    下划线: 未设置
    标准颜色: 未设置
  运行 15: '和服务效率'
    字体: 未设置
    大小: 未设置
    粗体: 未设置
    斜体: 未设置
    下划线: 未设置
    标准颜色: 未设置
  运行 16: '推动企业长期'
    字体: 未设置
    大小: 未设置
    粗体: 未设置
    斜体: 未设置
    下划线: 未设置
    标准颜色: 未设置
  运行 17: '发展'
    字体: 未设置
    大小: 未设置
    粗体: 未设置
    斜体: 未设置
    下划线: 未设置
    标准颜色: 未设置
  运行 18: '的关键'
    字体: 未设置
    大小: 未设置
    粗体: 未设置
    斜体: 未设置
    下划线: 未设置
    标准颜色: 未设置
  运行 19: '因素，强调'
    字体: 未设置
    大小: 未设置
    粗体: 未设置
    斜体: 未设置
    下划线: 未设置
    标准颜色: 未设置
  运行 20: '客户满意度'
    字体: 未设置
    大小: 未设置
    粗体: 未设置
    斜体: 未设置
    下划线: 未设置
    标准颜色: 未设置
  运行 21: '的重要性'
    字体: 未设置
    大小: 未设置
    粗体: 未设置
    斜体: 未设置
    下划线: 未设置
    标准颜色: 未设置
  运行 22: '['
    字体: 未设置
    大小: 未设置
    粗体: 未设置
    斜体: 未设置
    下划线: 未设置
    标准颜色: 未设置
  运行 23: ''
    字体: 未设置
    大小: 未设置
    粗体: 未设置
    斜体: 未设置
    下划线: 未设置
    标准颜色: 未设置
  运行 24: ']'
    字体: 未设置
    大小: 未设置
    粗体: 未设置
    斜体: 未设置
    下划线: 未设置
    标准颜色: 未设置
  运行 25: '。林锐等'
    字体: 未设置
    大小: 未设置
    粗体: 未设置
    斜体: 未设置
    下划线: 未设置
    标准颜色: 未设置
  运行 26: '（'
    字体: 未设置
    大小: 未设置
    粗体: 未设置
    斜体: 未设置
    下划线: 未设置
    标准颜色: 未设置
  运行 27: '2006'
    字体: 未设置
    大小: 未设置
    粗体: 未设置
    斜体: 未设置
    下划线: 未设置
    标准颜色: 未设置
  运行 28: '）'
    字体: 未设置
    大小: 未设置
    粗体: 未设置
    斜体: 未设置
    下划线: 未设置
    标准颜色: 未设置
  运行 29: '提出客户的感知度和满意度可以通过有形化手段提高。'
    字体: 未设置
    大小: 未设置
    粗体: 未设置
    斜体: 未设置
    下划线: 未设置
    标准颜色: 未设置
  运行 30: '谢欢'
    字体: 未设置
    大小: 未设置
    粗体: 未设置
    斜体: 未设置
    下划线: 未设置
    标准颜色: 未设置
  运行 31: '（'
    字体: 未设置
    大小: 未设置
    粗体: 未设置
    斜体: 未设置
    下划线: 未设置
    标准颜色: 未设置
  运行 32: '2009'
    字体: 未设置
    大小: 未设置
    粗体: 未设置
    斜体: 未设置
    下划线: 未设置
    标准颜色: 未设置
  运行 33: '）'
    字体: 未设置
    大小: 未设置
    粗体: 未设置
    斜体: 未设置
    下划线: 未设置
    标准颜色: 未设置
  运行 34: '等'
    字体: 未设置
    大小: 未设置
    粗体: 未设置
    斜体: 未设置
    下划线: 未设置
    标准颜色: 未设置
  运行 35: '应用服务营销理论'
    字体: 未设置
    大小: 未设置
    粗体: 未设置
    斜体: 未设置
    下划线: 未设置
    标准颜色: 未设置
  运行 36: '，通过'
    字体: 未设置
    大小: 未设置
    粗体: 未设置
    斜体: 未设置
    下划线: 未设置
    标准颜色: 未设置
  运行 37: '对电视'
    字体: 未设置
    大小: 未设置
    粗体: 未设置
    斜体: 未设置
    下划线: 未设置
    标准颜色: 未设置
  运行 38: '和广播'
    字体: 未设置
    大小: 未设置
    粗体: 未设置
    斜体: 未设置
    下划线: 未设置
    标准颜色: 未设置
  运行 39: '运营商的实证研究'
    字体: 未设置
    大小: 未设置
    粗体: 未设置
    斜体: 未设置
    下划线: 未设置
    标准颜色: 未设置
  运行 40: '分析'
    字体: 未设置
    大小: 未设置
    粗体: 未设置
    斜体: 未设置
    下划线: 未设置
    标准颜色: 未设置
  运行 41: '，为运营商提供'
    字体: 未设置
    大小: 未设置
    粗体: 未设置
    斜体: 未设置
    下划线: 未设置
    标准颜色: 未设置
  运行 42: '了具体建议帮助其提高服务效率'
    字体: 未设置
    大小: 未设置
    粗体: 未设置
    斜体: 未设置
    下划线: 未设置
    标准颜色: 未设置
  运行 43: '。'
    字体: 未设置
    大小: 未设置
    粗体: 未设置
    斜体: 未设置
    下划线: 未设置
    标准颜色: 未设置
  运行 44: '杨博'
    字体: 未设置
    大小: 未设置
    粗体: 未设置
    斜体: 未设置
    下划线: 未设置
    标准颜色: 未设置
  运行 45: '（'
    字体: 未设置
    大小: 未设置
    粗体: 未设置
    斜体: 未设置
    下划线: 未设置
    标准颜色: 未设置
  运行 46: '2013'
    字体: 未设置
    大小: 未设置
    粗体: 未设置
    斜体: 未设置
    下划线: 未设置
    标准颜色: 未设置
  运行 47: '）'
    字体: 未设置
    大小: 未设置
    粗体: 未设置
    斜体: 未设置
    下划线: 未设置
    标准颜色: 未设置
  运行 48: '强调'
    字体: 未设置
    大小: 未设置
    粗体: 未设置
    斜体: 未设置
    下划线: 未设置
    标准颜色: 未设置
  运行 49: '当代'
    字体: 未设置
    大小: 未设置
    粗体: 未设置
    斜体: 未设置
    下划线: 未设置
    标准颜色: 未设置
  运行 50: '企业'
    字体: 未设置
    大小: 未设置
    粗体: 未设置
    斜体: 未设置
    下划线: 未设置
    标准颜色: 未设置
  运行 51: '要'
    字体: 未设置
    大小: 未设置
    粗体: 未设置
    斜体: 未设置
    下划线: 未设置
    标准颜色: 未设置
  运行 52: '强化服务营销意识'
    字体: 未设置
    大小: 未设置
    粗体: 未设置
    斜体: 未设置
    下划线: 未设置
    标准颜色: 未设置
  运行 53: '，'
    字体: 未设置
    大小: 未设置
    粗体: 未设置
    斜体: 未设置
    下划线: 未设置
    标准颜色: 未设置
  运行 54: '始终以客户需求为中心'
    字体: 未设置
    大小: 未设置
    粗体: 未设置
    斜体: 未设置
    下划线: 未设置
    标准颜色: 未设置
  运行 55: '，提高客户满意度，'
    字体: 未设置
    大小: 未设置
    粗体: 未设置
    斜体: 未设置
    下划线: 未设置
    标准颜色: 未设置
  运行 56: '从而最大化'
    字体: 未设置
    大小: 未设置
    粗体: 未设置
    斜体: 未设置
    下划线: 未设置
    标准颜色: 未设置
  运行 57: '成本效益。董利艾'
    字体: 未设置
    大小: 未设置
    粗体: 未设置
    斜体: 未设置
    下划线: 未设置
    标准颜色: 未设置
  运行 58: '（'
    字体: 未设置
    大小: 未设置
    粗体: 未设置
    斜体: 未设置
    下划线: 未设置
    标准颜色: 未设置
  运行 59: '2015'
    字体: 未设置
    大小: 未设置
    粗体: 未设置
    斜体: 未设置
    下划线: 未设置
    标准颜色: 未设置
  运行 60: '）'
    字体: 未设置
    大小: 未设置
    粗体: 未设置
    斜体: 未设置
    下划线: 未设置
    标准颜色: 未设置
  运行 61: '运用服务质量差距模型'
    字体: 未设置
    大小: 未设置
    粗体: 未设置
    斜体: 未设置
    下划线: 未设置
    标准颜色: 未设置
  运行 62: '和态势分析法，深入分析了'
    字体: 未设置
    大小: 未设置
    粗体: 未设置
    斜体: 未设置
    下划线: 未设置
    标准颜色: 未设置
  运行 63: '甘肃电力的服务营销情况'
    字体: 未设置
    大小: 未设置
    粗体: 未设置
    斜体: 未设置
    下划线: 未设置
    标准颜色: 未设置
  运行 64: '，'
    字体: 未设置
    大小: 未设置
    粗体: 未设置
    斜体: 未设置
    下划线: 未设置
    标准颜色: 未设置
  运行 65: '并'
    字体: 未设置
    大小: 未设置
    粗体: 未设置
    斜体: 未设置
    下划线: 未设置
    标准颜色: 未设置
  运行 66: '提出了'
    字体: 未设置
    大小: 未设置
    粗体: 未设置
    斜体: 未设置
    下划线: 未设置
    标准颜色: 未设置
  运行 67: '完善企业服务评价体系'
    字体: 未设置
    大小: 未设置
    粗体: 未设置
    斜体: 未设置
    下划线: 未设置
    标准颜色: 未设置
  运行 68: '，以及强化关系营销的'
    字体: 未设置
    大小: 未设置
    粗体: 未设置
    斜体: 未设置
    下划线: 未设置
    标准颜色: 未设置
  运行 69: '优化建'
    字体: 未设置
    大小: 未设置
    粗体: 未设置
    斜体: 未设置
    下划线: 未设置
    标准颜色: 未设置
  运行 70: '议'
    字体: 未设置
    大小: 未设置
    粗体: 未设置
    斜体: 未设置
    下划线: 未设置
    标准颜色: 未设置
  运行 71: '['
    字体: 未设置
    大小: 未设置
    粗体: 未设置
    斜体: 未设置
    下划线: 未设置
    标准颜色: 未设置
  运行 72: ''
    字体: 未设置
    大小: 未设置
    粗体: 未设置
    斜体: 未设置
    下划线: 未设置
    标准颜色: 未设置
  运行 73: ']'
    字体: 未设置
    大小: 未设置
    粗体: 未设置
    斜体: 未设置
    下划线: 未设置
    标准颜色: 未设置
  运行 74: '。'
    字体: 未设置
    大小: 未设置
    粗体: 未设置
    斜体: 未设置
    下划线: 未设置
    标准颜色: 未设置

段落 400:
文本内容: 另一部分学者认为，互联网营销、数据营销是市场营销策略发展的主要方向。何斌（2022）在我国企业的营销实践基础上，对现代营销理论进行了梳理整合，创新地提出了“数据营销”的策略。何斌强调了企业建立数据收集系统平台的重要性，无论是外部客户数据还是企业内部数据，都能进行深入分析研究，确保数据分析的精确性。为保障数据营销的整体质量，他还指出了对专业人才的高需求，并建议企业建立完善人才培养机制，以提高团队专业能力水平[]。
段落样式: 正文-缩进
从样式获取的格式:
  样式字体: 未设置
  样式字号: 未设置
  样式颜色: 未设置
对齐方式: 未设置
左缩进: 未设置
右缩进: 未设置
首行缩进: 未设置
行间距: 未设置
从XML读取的格式:
  运行 1: '另一部分'
    字体: 未设置
    大小: 未设置
    粗体: 未设置
    斜体: 未设置
    下划线: 未设置
    标准颜色: 未设置
  运行 2: '学者认为，互联网营销'
    字体: 未设置
    大小: 未设置
    粗体: 未设置
    斜体: 未设置
    下划线: 未设置
    标准颜色: 未设置
  运行 3: '、数据营销'
    字体: 未设置
    大小: 未设置
    粗体: 未设置
    斜体: 未设置
    下划线: 未设置
    标准颜色: 未设置
  运行 4: '是市场营销'
    字体: 未设置
    大小: 未设置
    粗体: 未设置
    斜体: 未设置
    下划线: 未设置
    标准颜色: 未设置
  运行 5: '策略'
    字体: 未设置
    大小: 未设置
    粗体: 未设置
    斜体: 未设置
    下划线: 未设置
    标准颜色: 未设置
  运行 6: '发展'
    字体: 未设置
    大小: 未设置
    粗体: 未设置
    斜体: 未设置
    下划线: 未设置
    标准颜色: 未设置
  运行 7: '的主要'
    字体: 未设置
    大小: 未设置
    粗体: 未设置
    斜体: 未设置
    下划线: 未设置
    标准颜色: 未设置
  运行 8: '方向。'
    字体: 未设置
    大小: 未设置
    粗体: 未设置
    斜体: 未设置
    下划线: 未设置
    标准颜色: 未设置
  运行 9: '何斌'
    字体: 未设置
    大小: 未设置
    粗体: 未设置
    斜体: 未设置
    下划线: 未设置
    标准颜色: 未设置
  运行 10: '（'
    字体: 未设置
    大小: 未设置
    粗体: 未设置
    斜体: 未设置
    下划线: 未设置
    标准颜色: 未设置
  运行 11: '2022'
    字体: 未设置
    大小: 未设置
    粗体: 未设置
    斜体: 未设置
    下划线: 未设置
    标准颜色: 未设置
  运行 12: '）'
    字体: 未设置
    大小: 未设置
    粗体: 未设置
    斜体: 未设置
    下划线: 未设置
    标准颜色: 未设置
  运行 13: '在我国'
    字体: 未设置
    大小: 未设置
    粗体: 未设置
    斜体: 未设置
    下划线: 未设置
    标准颜色: 未设置
  运行 14: '企业的营销实践'
    字体: 未设置
    大小: 未设置
    粗体: 未设置
    斜体: 未设置
    下划线: 未设置
    标准颜色: 未设置
  运行 15: '基础上'
    字体: 未设置
    大小: 未设置
    粗体: 未设置
    斜体: 未设置
    下划线: 未设置
    标准颜色: 未设置
  运行 16: '，'
    字体: 未设置
    大小: 未设置
    粗体: 未设置
    斜体: 未设置
    下划线: 未设置
    标准颜色: 未设置
  运行 17: '对'
    字体: 未设置
    大小: 未设置
    粗体: 未设置
    斜体: 未设置
    下划线: 未设置
    标准颜色: 未设置
  运行 18: '现代'
    字体: 未设置
    大小: 未设置
    粗体: 未设置
    斜体: 未设置
    下划线: 未设置
    标准颜色: 未设置
  运行 19: '营销理论进行了梳理'
    字体: 未设置
    大小: 未设置
    粗体: 未设置
    斜体: 未设置
    下划线: 未设置
    标准颜色: 未设置
  运行 20: '整合'
    字体: 未设置
    大小: 未设置
    粗体: 未设置
    斜体: 未设置
    下划线: 未设置
    标准颜色: 未设置
  运行 21: '，'
    字体: 未设置
    大小: 未设置
    粗体: 未设置
    斜体: 未设置
    下划线: 未设置
    标准颜色: 未设置
  运行 22: '创新地'
    字体: 未设置
    大小: 未设置
    粗体: 未设置
    斜体: 未设置
    下划线: 未设置
    标准颜色: 未设置
  运行 23: '提出了'
    字体: 未设置
    大小: 未设置
    粗体: 未设置
    斜体: 未设置
    下划线: 未设置
    标准颜色: 未设置
  运行 24: '“'
    字体: 未设置
    大小: 未设置
    粗体: 未设置
    斜体: 未设置
    下划线: 未设置
    标准颜色: 未设置
  运行 25: '数据营销'
    字体: 未设置
    大小: 未设置
    粗体: 未设置
    斜体: 未设置
    下划线: 未设置
    标准颜色: 未设置
  运行 26: '”'
    字体: 未设置
    大小: 未设置
    粗体: 未设置
    斜体: 未设置
    下划线: 未设置
    标准颜色: 未设置
  运行 27: '的策略。何斌强调'
    字体: 未设置
    大小: 未设置
    粗体: 未设置
    斜体: 未设置
    下划线: 未设置
    标准颜色: 未设置
  运行 28: '了'
    字体: 未设置
    大小: 未设置
    粗体: 未设置
    斜体: 未设置
    下划线: 未设置
    标准颜色: 未设置
  运行 29: '企业建立数据收集系统'
    字体: 未设置
    大小: 未设置
    粗体: 未设置
    斜体: 未设置
    下划线: 未设置
    标准颜色: 未设置
  运行 30: '平台的重要性，'
    字体: 未设置
    大小: 未设置
    粗体: 未设置
    斜体: 未设置
    下划线: 未设置
    标准颜色: 未设置
  运行 31: '无论是'
    字体: 未设置
    大小: 未设置
    粗体: 未设置
    斜体: 未设置
    下划线: 未设置
    标准颜色: 未设置
  运行 32: '外部'
    字体: 未设置
    大小: 未设置
    粗体: 未设置
    斜体: 未设置
    下划线: 未设置
    标准颜色: 未设置
  运行 33: '客户数据'
    字体: 未设置
    大小: 未设置
    粗体: 未设置
    斜体: 未设置
    下划线: 未设置
    标准颜色: 未设置
  运行 34: '还是'
    字体: 未设置
    大小: 未设置
    粗体: 未设置
    斜体: 未设置
    下划线: 未设置
    标准颜色: 未设置
  运行 35: '企业内部'
    字体: 未设置
    大小: 未设置
    粗体: 未设置
    斜体: 未设置
    下划线: 未设置
    标准颜色: 未设置
  运行 36: '数据'
    字体: 未设置
    大小: 未设置
    粗体: 未设置
    斜体: 未设置
    下划线: 未设置
    标准颜色: 未设置
  运行 37: '，都能进行深入'
    字体: 未设置
    大小: 未设置
    粗体: 未设置
    斜体: 未设置
    下划线: 未设置
    标准颜色: 未设置
  运行 38: '分析'
    字体: 未设置
    大小: 未设置
    粗体: 未设置
    斜体: 未设置
    下划线: 未设置
    标准颜色: 未设置
  运行 39: '研究'
    字体: 未设置
    大小: 未设置
    粗体: 未设置
    斜体: 未设置
    下划线: 未设置
    标准颜色: 未设置
  运行 40: '，确保'
    字体: 未设置
    大小: 未设置
    粗体: 未设置
    斜体: 未设置
    下划线: 未设置
    标准颜色: 未设置
  运行 41: '数据分析的'
    字体: 未设置
    大小: 未设置
    粗体: 未设置
    斜体: 未设置
    下划线: 未设置
    标准颜色: 未设置
  运行 42: '精确性'
    字体: 未设置
    大小: 未设置
    粗体: 未设置
    斜体: 未设置
    下划线: 未设置
    标准颜色: 未设置
  运行 43: '。'
    字体: 未设置
    大小: 未设置
    粗体: 未设置
    斜体: 未设置
    下划线: 未设置
    标准颜色: 未设置
  运行 44: '为保障数据营销的'
    字体: 未设置
    大小: 未设置
    粗体: 未设置
    斜体: 未设置
    下划线: 未设置
    标准颜色: 未设置
  运行 45: '整体'
    字体: 未设置
    大小: 未设置
    粗体: 未设置
    斜体: 未设置
    下划线: 未设置
    标准颜色: 未设置
  运行 46: '质量，'
    字体: 未设置
    大小: 未设置
    粗体: 未设置
    斜体: 未设置
    下划线: 未设置
    标准颜色: 未设置
  运行 47: '他还指出了对专业人才的高需求，'
    字体: 未设置
    大小: 未设置
    粗体: 未设置
    斜体: 未设置
    下划线: 未设置
    标准颜色: 未设置
  运行 48: '并建议企业建立'
    字体: 未设置
    大小: 未设置
    粗体: 未设置
    斜体: 未设置
    下划线: 未设置
    标准颜色: 未设置
  运行 49: '完善'
    字体: 未设置
    大小: 未设置
    粗体: 未设置
    斜体: 未设置
    下划线: 未设置
    标准颜色: 未设置
  运行 50: '人才培养'
    字体: 未设置
    大小: 未设置
    粗体: 未设置
    斜体: 未设置
    下划线: 未设置
    标准颜色: 未设置
  运行 51: '机制'
    字体: 未设置
    大小: 未设置
    粗体: 未设置
    斜体: 未设置
    下划线: 未设置
    标准颜色: 未设置
  运行 52: '，以提高团队专业能力'
    字体: 未设置
    大小: 未设置
    粗体: 未设置
    斜体: 未设置
    下划线: 未设置
    标准颜色: 未设置
  运行 53: '水平'
    字体: 未设置
    大小: 未设置
    粗体: 未设置
    斜体: 未设置
    下划线: 未设置
    标准颜色: 未设置
  运行 54: '['
    字体: 未设置
    大小: 未设置
    粗体: 未设置
    斜体: 未设置
    下划线: 未设置
    标准颜色: 未设置
  运行 55: ''
    字体: 未设置
    大小: 未设置
    粗体: 未设置
    斜体: 未设置
    下划线: 未设置
    标准颜色: 未设置
  运行 56: ']'
    字体: 未设置
    大小: 未设置
    粗体: 未设置
    斜体: 未设置
    下划线: 未设置
    标准颜色: 未设置
  运行 57: '。'
    字体: 未设置
    大小: 未设置
    粗体: 未设置
    斜体: 未设置
    下划线: 未设置
    标准颜色: 未设置

段落 401:
文本内容: 孙雯雯（2021）针对中国企业的营销实践进行了分析，发现营销策略侧重点不合理是许多企业的通病。并认为市场细分与大数据、互联网结合是营销策略改进的重点，这不仅可以提高客户忠诚度，而且还能提升营销价值。这些研究共同描绘了一个以数据为核心，结合互联网技术，不断创新和优化营销策略的未来市场营销图景，为企业在激烈的市场竞争中赢得优势提供了理论支持和实践指导[]。卫苗（2021）在其研究中指出，在社交化营销、平台化服务以及数字化销售等新媒体环境中，营销模式展现出多元化的趋势，这些都与品牌建设和产品生产息息相关。卫苗强调了要重视产品的核心价值，以及个性化营销策略，加强市场创新、提升服务水平质量、强化产品供应链保障，以增强新媒体营销效应[]。毕翔（2022）在其研究中同样指出，传统的营销策略已不足以应对，消费者的购买力和购物习惯都发生了显著改变的后疫情新形势下的需求，他强调直播带货和短视频销售等新兴营销形式，正逐渐成为产品销售的重要手段，新媒体的发展为营销渠道的拓展开辟了新方向和途径 []。
段落样式: 正文-缩进
从样式获取的格式:
  样式字体: 未设置
  样式字号: 未设置
  样式颜色: 未设置
对齐方式: 未设置
左缩进: 未设置
右缩进: 未设置
首行缩进: 未设置
行间距: 未设置
从XML读取的格式:
  运行 1: '孙雯雯'
    字体: 未设置
    大小: 未设置
    粗体: 未设置
    斜体: 未设置
    下划线: 未设置
    标准颜色: 未设置
  运行 2: '（'
    字体: 未设置
    大小: 未设置
    粗体: 未设置
    斜体: 未设置
    下划线: 未设置
    标准颜色: 未设置
  运行 3: '2021'
    字体: 未设置
    大小: 未设置
    粗体: 未设置
    斜体: 未设置
    下划线: 未设置
    标准颜色: 未设置
  运行 4: '）'
    字体: 未设置
    大小: 未设置
    粗体: 未设置
    斜体: 未设置
    下划线: 未设置
    标准颜色: 未设置
  运行 5: '针对中国企业的营销实践进行了分析，发现营销策略'
    字体: 未设置
    大小: 未设置
    粗体: 未设置
    斜体: 未设置
    下划线: 未设置
    标准颜色: 未设置
  运行 6: '侧重点不合理是许多企业的通病。并认为市场细分与大数据、互联网结合是营销策略改进的重点，这不仅可以提高客户忠诚度，而且还能提升营销价值。'
    字体: 未设置
    大小: 未设置
    粗体: 未设置
    斜体: 未设置
    下划线: 未设置
    标准颜色: 未设置
  运行 7: '这些研究共同描绘了一个以数据为核心，结合互联网技术，不断创新和优化营销策略的未来市场营销图景，为企业在激烈的市场竞争中赢得优势提供了理论支持和实践指导'
    字体: 未设置
    大小: 未设置
    粗体: 未设置
    斜体: 未设置
    下划线: 未设置
    标准颜色: 未设置
  运行 8: '['
    字体: 未设置
    大小: 未设置
    粗体: 未设置
    斜体: 未设置
    下划线: 未设置
    标准颜色: 未设置
  运行 9: ''
    字体: 未设置
    大小: 未设置
    粗体: 未设置
    斜体: 未设置
    下划线: 未设置
    标准颜色: 未设置
  运行 10: ']'
    字体: 未设置
    大小: 未设置
    粗体: 未设置
    斜体: 未设置
    下划线: 未设置
    标准颜色: 未设置
  运行 11: '。'
    字体: 未设置
    大小: 未设置
    粗体: 未设置
    斜体: 未设置
    下划线: 未设置
    标准颜色: 未设置
  运行 12: '卫苗'
    字体: 未设置
    大小: 未设置
    粗体: 未设置
    斜体: 未设置
    下划线: 未设置
    标准颜色: 未设置
  运行 13: '（'
    字体: 未设置
    大小: 未设置
    粗体: 未设置
    斜体: 未设置
    下划线: 未设置
    标准颜色: 未设置
  运行 14: '2021'
    字体: 未设置
    大小: 未设置
    粗体: 未设置
    斜体: 未设置
    下划线: 未设置
    标准颜色: 未设置
  运行 15: '）'
    字体: 未设置
    大小: 未设置
    粗体: 未设置
    斜体: 未设置
    下划线: 未设置
    标准颜色: 未设置
  运行 16: '在其研究中指出，在'
    字体: 未设置
    大小: 未设置
    粗体: 未设置
    斜体: 未设置
    下划线: 未设置
    标准颜色: 未设置
  运行 17: '社交化营销'
    字体: 未设置
    大小: 未设置
    粗体: 未设置
    斜体: 未设置
    下划线: 未设置
    标准颜色: 未设置
  运行 18: '、'
    字体: 未设置
    大小: 未设置
    粗体: 未设置
    斜体: 未设置
    下划线: 未设置
    标准颜色: 未设置
  运行 19: '平台化服务以及数字化销售'
    字体: 未设置
    大小: 未设置
    粗体: 未设置
    斜体: 未设置
    下划线: 未设置
    标准颜色: 未设置
  运行 20: '等'
    字体: 未设置
    大小: 未设置
    粗体: 未设置
    斜体: 未设置
    下划线: 未设置
    标准颜色: 未设置
  运行 21: '新媒体环境中'
    字体: 未设置
    大小: 未设置
    粗体: 未设置
    斜体: 未设置
    下划线: 未设置
    标准颜色: 未设置
  运行 22: '，'
    字体: 未设置
    大小: 未设置
    粗体: 未设置
    斜体: 未设置
    下划线: 未设置
    标准颜色: 未设置
  运行 23: '营销模式展现出多元化的趋势，'
    字体: 未设置
    大小: 未设置
    粗体: 未设置
    斜体: 未设置
    下划线: 未设置
    标准颜色: 未设置
  运行 24: '这些'
    字体: 未设置
    大小: 未设置
    粗体: 未设置
    斜体: 未设置
    下划线: 未设置
    标准颜色: 未设置
  运行 25: '都与'
    字体: 未设置
    大小: 未设置
    粗体: 未设置
    斜体: 未设置
    下划线: 未设置
    标准颜色: 未设置
  运行 26: '品牌建设和产品生产息息相关。'
    字体: 未设置
    大小: 未设置
    粗体: 未设置
    斜体: 未设置
    下划线: 未设置
    标准颜色: 未设置
  运行 27: '卫苗强调了'
    字体: 未设置
    大小: 未设置
    粗体: 未设置
    斜体: 未设置
    下划线: 未设置
    标准颜色: 未设置
  运行 28: '要'
    字体: 未设置
    大小: 未设置
    粗体: 未设置
    斜体: 未设置
    下划线: 未设置
    标准颜色: 未设置
  运行 29: '重视产品的核心价值，'
    字体: 未设置
    大小: 未设置
    粗体: 未设置
    斜体: 未设置
    下划线: 未设置
    标准颜色: 未设置
  运行 30: '以及'
    字体: 未设置
    大小: 未设置
    粗体: 未设置
    斜体: 未设置
    下划线: 未设置
    标准颜色: 未设置
  运行 31: '个性化营销策略'
    字体: 未设置
    大小: 未设置
    粗体: 未设置
    斜体: 未设置
    下划线: 未设置
    标准颜色: 未设置
  运行 32: '，加强'
    字体: 未设置
    大小: 未设置
    粗体: 未设置
    斜体: 未设置
    下划线: 未设置
    标准颜色: 未设置
  运行 33: '市场创新'
    字体: 未设置
    大小: 未设置
    粗体: 未设置
    斜体: 未设置
    下划线: 未设置
    标准颜色: 未设置
  运行 34: '、提升服务水平质量、强化产品供应链保障，以增强新媒体营销效应'
    字体: 未设置
    大小: 未设置
    粗体: 未设置
    斜体: 未设置
    下划线: 未设置
    标准颜色: 未设置
  运行 35: '['
    字体: 未设置
    大小: 未设置
    粗体: 未设置
    斜体: 未设置
    下划线: 未设置
    标准颜色: 未设置
  运行 36: ''
    字体: 未设置
    大小: 未设置
    粗体: 未设置
    斜体: 未设置
    下划线: 未设置
    标准颜色: 未设置
  运行 37: ']'
    字体: 未设置
    大小: 未设置
    粗体: 未设置
    斜体: 未设置
    下划线: 未设置
    标准颜色: 未设置
  运行 38: '。'
    字体: 未设置
    大小: 未设置
    粗体: 未设置
    斜体: 未设置
    下划线: 未设置
    标准颜色: 未设置
  运行 39: '毕翔（'
    字体: 未设置
    大小: 未设置
    粗体: 未设置
    斜体: 未设置
    下划线: 未设置
    标准颜色: 未设置
  运行 40: '2022'
    字体: 未设置
    大小: 未设置
    粗体: 未设置
    斜体: 未设置
    下划线: 未设置
    标准颜色: 未设置
  运行 41: '）'
    字体: 未设置
    大小: 未设置
    粗体: 未设置
    斜体: 未设置
    下划线: 未设置
    标准颜色: 未设置
  运行 42: '在其'
    字体: 未设置
    大小: 未设置
    粗体: 未设置
    斜体: 未设置
    下划线: 未设置
    标准颜色: 未设置
  运行 43: '研究中同样指出，'
    字体: 未设置
    大小: 未设置
    粗体: 未设置
    斜体: 未设置
    下划线: 未设置
    标准颜色: 未设置
  运行 44: '传统的营销策略已不足以应对'
    字体: 未设置
    大小: 未设置
    粗体: 未设置
    斜体: 未设置
    下划线: 未设置
    标准颜色: 未设置
  运行 45: '，'
    字体: 未设置
    大小: 未设置
    粗体: 未设置
    斜体: 未设置
    下划线: 未设置
    标准颜色: 未设置
  运行 46: '消费者的购买力和购物习惯'
    字体: 未设置
    大小: 未设置
    粗体: 未设置
    斜体: 未设置
    下划线: 未设置
    标准颜色: 未设置
  运行 47: '都发生'
    字体: 未设置
    大小: 未设置
    粗体: 未设置
    斜体: 未设置
    下划线: 未设置
    标准颜色: 未设置
  运行 48: '了显著'
    字体: 未设置
    大小: 未设置
    粗体: 未设置
    斜体: 未设置
    下划线: 未设置
    标准颜色: 未设置
  运行 49: '改'
    字体: 未设置
    大小: 未设置
    粗体: 未设置
    斜体: 未设置
    下划线: 未设置
    标准颜色: 未设置
  运行 50: '变'
    字体: 未设置
    大小: 未设置
    粗体: 未设置
    斜体: 未设置
    下划线: 未设置
    标准颜色: 未设置
  运行 51: '的'
    字体: 未设置
    大小: 未设置
    粗体: 未设置
    斜体: 未设置
    下划线: 未设置
    标准颜色: 未设置
  运行 52: '后疫情新形势下的需求'
    字体: 未设置
    大小: 未设置
    粗体: 未设置
    斜体: 未设置
    下划线: 未设置
    标准颜色: 未设置
  运行 53: '，'
    字体: 未设置
    大小: 未设置
    粗体: 未设置
    斜体: 未设置
    下划线: 未设置
    标准颜色: 未设置
  运行 54: '他'
    字体: 未设置
    大小: 未设置
    粗体: 未设置
    斜体: 未设置
    下划线: 未设置
    标准颜色: 未设置
  运行 55: '强调'
    字体: 未设置
    大小: 未设置
    粗体: 未设置
    斜体: 未设置
    下划线: 未设置
    标准颜色: 未设置
  运行 56: '直播'
    字体: 未设置
    大小: 未设置
    粗体: 未设置
    斜体: 未设置
    下划线: 未设置
    标准颜色: 未设置
  运行 57: '带货和短视频销售'
    字体: 未设置
    大小: 未设置
    粗体: 未设置
    斜体: 未设置
    下划线: 未设置
    标准颜色: 未设置
  运行 58: '等新兴营销形式，正逐渐成为产品'
    字体: 未设置
    大小: 未设置
    粗体: 未设置
    斜体: 未设置
    下划线: 未设置
    标准颜色: 未设置
  运行 59: '销售的重要手段，'
    字体: 未设置
    大小: 未设置
    粗体: 未设置
    斜体: 未设置
    下划线: 未设置
    标准颜色: 未设置
  运行 60: '新媒体的发展为营销渠道的拓展开辟了新方向'
    字体: 未设置
    大小: 未设置
    粗体: 未设置
    斜体: 未设置
    下划线: 未设置
    标准颜色: 未设置
  运行 61: '和途'
    字体: 未设置
    大小: 未设置
    粗体: 未设置
    斜体: 未设置
    下划线: 未设置
    标准颜色: 未设置
  运行 62: '径'
    字体: 未设置
    大小: 未设置
    粗体: 未设置
    斜体: 未设置
    下划线: 未设置
    标准颜色: 未设置
  运行 63: ' ['
    字体: 未设置
    大小: 未设置
    粗体: 未设置
    斜体: 未设置
    下划线: 未设置
    标准颜色: 未设置
  运行 64: ''
    字体: 未设置
    大小: 未设置
    粗体: 未设置
    斜体: 未设置
    下划线: 未设置
    标准颜色: 未设置
  运行 65: ']'
    字体: 未设置
    大小: 未设置
    粗体: 未设置
    斜体: 未设置
    下划线: 未设置
    标准颜色: 未设置
  运行 66: '。'
    字体: 未设置
    大小: 未设置
    粗体: 未设置
    斜体: 未设置
    下划线: 未设置
    标准颜色: 未设置

段落 402:
文本内容: 医疗器械营销策略的相关研究
段落样式: Heading 3
从样式获取的格式:
  样式字体: 未设置
  样式字号: 未设置
  样式颜色: 未设置
对齐方式: 未设置
左缩进: 未设置
右缩进: 未设置
首行缩进: 未设置
行间距: 未设置
从XML读取的格式:
  运行 1: '医疗'
    字体: 未设置
    大小: 未设置
    粗体: 未设置
    斜体: 未设置
    下划线: 未设置
    标准颜色: 未设置
  运行 2: '器械'
    字体: 未设置
    大小: 未设置
    粗体: 未设置
    斜体: 未设置
    下划线: 未设置
    标准颜色: 未设置
  运行 3: '营销策略的相关研究'
    字体: 未设置
    大小: 未设置
    粗体: 未设置
    斜体: 未设置
    下划线: 未设置
    标准颜色: 未设置
  运行 4: ''
    字体: 未设置
    大小: 未设置
    粗体: 未设置
    斜体: 未设置
    下划线: 未设置
    标准颜色: 未设置
  运行 5: ''
    字体: 未设置
    大小: 未设置
    粗体: 未设置
    斜体: 未设置
    下划线: 未设置
    标准颜色: 未设置
  运行 6: ''
    字体: 未设置
    大小: 未设置
    粗体: 未设置
    斜体: 未设置
    下划线: 未设置
    标准颜色: 未设置
  运行 7: ''
    字体: 未设置
    大小: 未设置
    粗体: 未设置
    斜体: 未设置
    下划线: 未设置
    标准颜色: 未设置
  运行 8: ''
    字体: 未设置
    大小: 未设置
    粗体: 未设置
    斜体: 未设置
    下划线: 未设置
    标准颜色: 未设置
  运行 9: ''
    字体: 未设置
    大小: 未设置
    粗体: 未设置
    斜体: 未设置
    下划线: 未设置
    标准颜色: 未设置
  运行 10: ''
    字体: 未设置
    大小: 未设置
    粗体: 未设置
    斜体: 未设置
    下划线: 未设置
    标准颜色: 未设置
  运行 11: ''
    字体: 未设置
    大小: 未设置
    粗体: 未设置
    斜体: 未设置
    下划线: 未设置
    标准颜色: 未设置
  运行 12: ''
    字体: 未设置
    大小: 未设置
    粗体: 未设置
    斜体: 未设置
    下划线: 未设置
    标准颜色: 未设置
  运行 13: ''
    字体: 未设置
    大小: 未设置
    粗体: 未设置
    斜体: 未设置
    下划线: 未设置
    标准颜色: 未设置
  运行 14: ''
    字体: 未设置
    大小: 未设置
    粗体: 未设置
    斜体: 未设置
    下划线: 未设置
    标准颜色: 未设置
  运行 15: ''
    字体: 未设置
    大小: 未设置
    粗体: 未设置
    斜体: 未设置
    下划线: 未设置
    标准颜色: 未设置
  运行 16: ''
    字体: 未设置
    大小: 未设置
    粗体: 未设置
    斜体: 未设置
    下划线: 未设置
    标准颜色: 未设置
  运行 17: ''
    字体: 未设置
    大小: 未设置
    粗体: 未设置
    斜体: 未设置
    下划线: 未设置
    标准颜色: 未设置
  运行 18: ''
    字体: 未设置
    大小: 未设置
    粗体: 未设置
    斜体: 未设置
    下划线: 未设置
    标准颜色: 未设置
  运行 19: ''
    字体: 未设置
    大小: 未设置
    粗体: 未设置
    斜体: 未设置
    下划线: 未设置
    标准颜色: 未设置
  运行 20: ''
    字体: 未设置
    大小: 未设置
    粗体: 未设置
    斜体: 未设置
    下划线: 未设置
    标准颜色: 未设置
  运行 21: ''
    字体: 未设置
    大小: 未设置
    粗体: 未设置
    斜体: 未设置
    下划线: 未设置
    标准颜色: 未设置
  运行 22: ''
    字体: 未设置
    大小: 未设置
    粗体: 未设置
    斜体: 未设置
    下划线: 未设置
    标准颜色: 未设置
  运行 23: ''
    字体: 未设置
    大小: 未设置
    粗体: 未设置
    斜体: 未设置
    下划线: 未设置
    标准颜色: 未设置
  运行 24: ''
    字体: 未设置
    大小: 未设置
    粗体: 未设置
    斜体: 未设置
    下划线: 未设置
    标准颜色: 未设置
  运行 25: ''
    字体: 未设置
    大小: 未设置
    粗体: 未设置
    斜体: 未设置
    下划线: 未设置
    标准颜色: 未设置
  运行 26: ''
    字体: 未设置
    大小: 未设置
    粗体: 未设置
    斜体: 未设置
    下划线: 未设置
    标准颜色: 未设置
  运行 27: ''
    字体: 未设置
    大小: 未设置
    粗体: 未设置
    斜体: 未设置
    下划线: 未设置
    标准颜色: 未设置
  运行 28: ''
    字体: 未设置
    大小: 未设置
    粗体: 未设置
    斜体: 未设置
    下划线: 未设置
    标准颜色: 未设置
  运行 29: ''
    字体: 未设置
    大小: 未设置
    粗体: 未设置
    斜体: 未设置
    下划线: 未设置
    标准颜色: 未设置
  运行 30: ''
    字体: 未设置
    大小: 未设置
    粗体: 未设置
    斜体: 未设置
    下划线: 未设置
    标准颜色: 未设置
  运行 31: ''
    字体: 未设置
    大小: 未设置
    粗体: 未设置
    斜体: 未设置
    下划线: 未设置
    标准颜色: 未设置
  运行 32: ''
    字体: 未设置
    大小: 未设置
    粗体: 未设置
    斜体: 未设置
    下划线: 未设置
    标准颜色: 未设置

段落 403:
文本内容: 市场营销作为一个国际性研究领域，拥有丰富的文献资源。而针对医疗器械这一特殊商品的市场营销研究，文献资料相对较为匮乏。随着医疗科技在全球范围内的持续进步，学术界开始对医疗器械的市场营销策略进行更为深入的探讨。与此同时，企业界也在加强市场营销的实践操作，并致力于更深层次的理论研究。
段落样式: 正文-缩进
从样式获取的格式:
  样式字体: 未设置
  样式字号: 未设置
  样式颜色: 未设置
对齐方式: 未设置
左缩进: 未设置
右缩进: 未设置
首行缩进: 未设置
行间距: 未设置
从XML读取的格式:
  运行 1: '市场营销作为一个国际性研究领域，拥有丰富的文献资源。'
    字体: 未设置
    大小: 未设置
    粗体: 未设置
    斜体: 未设置
    下划线: 未设置
    标准颜色: 未设置
  运行 2: '而'
    字体: 未设置
    大小: 未设置
    粗体: 未设置
    斜体: 未设置
    下划线: 未设置
    标准颜色: 未设置
  运行 3: '针对医疗器械这一特殊商品的市场营销研究，文献资料相对较为匮乏。随着医疗科技在全球范围内的持续进步，学术界开始对医疗器械的市场营销策略进行更为深入的探讨。与此同时，企业界也在加强市场营销的实践操作，并致力于更深层次的理论研究。'
    字体: 未设置
    大小: 未设置
    粗体: 未设置
    斜体: 未设置
    下划线: 未设置
    标准颜色: 未设置

段落 404:
文本内容: 市场细分与客户关系
段落样式: Heading 4
从样式获取的格式:
  样式字体: 未设置
  样式字号: 未设置
  样式颜色: 未设置
对齐方式: 未设置
左缩进: 未设置
右缩进: 未设置
首行缩进: 未设置
行间距: 未设置
从XML读取的格式:
  运行 1: '市场细分与客户关系'
    字体: 未设置
    大小: 未设置
    粗体: 未设置
    斜体: 未设置
    下划线: 未设置
    标准颜色: 未设置

段落 405:
文本内容: 一部分学者认为，医疗器械的市场营销应该加强市场细分定位与客户关系强化。Sheth和Paryatiyar（2016）在其研究中指出，医疗设备销售中建立的长期交易关系对市场健康发展至关重要。在买方市场日益占据主导的不可预测环境中，除了降低销售成本，巩固与现有客户的关系对于减少交易风险和保障企业稳定增长同样重要[]。Aaron K（2019）及其团队通过研究发现客户关系、渠道管理以及销售策略的选择等因素，对企业的增长和成功具有深远的影响。这些发现是通过对美国医疗器械厂商的营销策略研究得出的，它们不仅决定了企业如何有效地触及目标市场，还关系到如何和客户建立和维护长期关系，从而推动公司的持续发[]。
段落样式: 正文-缩进
从样式获取的格式:
  样式字体: 未设置
  样式字号: 未设置
  样式颜色: 未设置
对齐方式: 未设置
左缩进: 未设置
右缩进: 未设置
首行缩进: 未设置
行间距: 未设置
从XML读取的格式:
  运行 1: '一部分学者认为，医疗器械的市场营销应该加强'
    字体: 未设置
    大小: 未设置
    粗体: 未设置
    斜体: 未设置
    下划线: 未设置
    标准颜色: 未设置
  运行 2: '市场细分定位'
    字体: 未设置
    大小: 未设置
    粗体: 未设置
    斜体: 未设置
    下划线: 未设置
    标准颜色: 未设置
  运行 3: '与客户关系强化'
    字体: 未设置
    大小: 未设置
    粗体: 未设置
    斜体: 未设置
    下划线: 未设置
    标准颜色: 未设置
  运行 4: '。'
    字体: 未设置
    大小: 未设置
    粗体: 未设置
    斜体: 未设置
    下划线: 未设置
    标准颜色: 未设置
  运行 5: 'Sheth'
    字体: 未设置
    大小: 未设置
    粗体: 未设置
    斜体: 未设置
    下划线: 未设置
    标准颜色: 未设置
  运行 6: '和'
    字体: 未设置
    大小: 未设置
    粗体: 未设置
    斜体: 未设置
    下划线: 未设置
    标准颜色: 未设置
  运行 7: 'Paryatiyar'
    字体: 未设置
    大小: 未设置
    粗体: 未设置
    斜体: 未设置
    下划线: 未设置
    标准颜色: 未设置
  运行 8: '（'
    字体: 未设置
    大小: 未设置
    粗体: 未设置
    斜体: 未设置
    下划线: 未设置
    标准颜色: 未设置
  运行 9: '2016'
    字体: 未设置
    大小: 未设置
    粗体: 未设置
    斜体: 未设置
    下划线: 未设置
    标准颜色: 未设置
  运行 10: '）'
    字体: 未设置
    大小: 未设置
    粗体: 未设置
    斜体: 未设置
    下划线: 未设置
    标准颜色: 未设置
  运行 11: '在其研究中指出，医疗设备销售中建立的长期交易关系对市场健康发展至关重要。在买方市场日益占据主导的不可预测环境中，除了降低销售成本，巩固与现有客户的关系对于减少交易风险和保障企业稳定增长同样'
    字体: 未设置
    大小: 未设置
    粗体: 未设置
    斜体: 未设置
    下划线: 未设置
    标准颜色: 未设置
  运行 12: '重要'
    字体: 未设置
    大小: 未设置
    粗体: 未设置
    斜体: 未设置
    下划线: 未设置
    标准颜色: 未设置
  运行 13: '['
    字体: 未设置
    大小: 未设置
    粗体: 未设置
    斜体: 未设置
    下划线: 未设置
    标准颜色: 未设置
  运行 14: ''
    字体: 未设置
    大小: 未设置
    粗体: 未设置
    斜体: 未设置
    下划线: 未设置
    标准颜色: 未设置
  运行 15: ']'
    字体: 未设置
    大小: 未设置
    粗体: 未设置
    斜体: 未设置
    下划线: 未设置
    标准颜色: 未设置
  运行 16: '。'
    字体: 未设置
    大小: 未设置
    粗体: 未设置
    斜体: 未设置
    下划线: 未设置
    标准颜色: 未设置
  运行 17: 'Aaron K'
    字体: 未设置
    大小: 未设置
    粗体: 未设置
    斜体: 未设置
    下划线: 未设置
    标准颜色: 未设置
  运行 18: '（'
    字体: 未设置
    大小: 未设置
    粗体: 未设置
    斜体: 未设置
    下划线: 未设置
    标准颜色: 未设置
  运行 19: '2019'
    字体: 未设置
    大小: 未设置
    粗体: 未设置
    斜体: 未设置
    下划线: 未设置
    标准颜色: 未设置
  运行 20: '）及其团队通过研究发现'
    字体: 未设置
    大小: 未设置
    粗体: 未设置
    斜体: 未设置
    下划线: 未设置
    标准颜色: 未设置
  运行 21: '客户关系'
    字体: 未设置
    大小: 未设置
    粗体: 未设置
    斜体: 未设置
    下划线: 未设置
    标准颜色: 未设置
  运行 22: '、'
    字体: 未设置
    大小: 未设置
    粗体: 未设置
    斜体: 未设置
    下划线: 未设置
    标准颜色: 未设置
  运行 23: '渠道管理以及销售策略的选择等因素，对企业的增长和成功具有深远的影响。这些'
    字体: 未设置
    大小: 未设置
    粗体: 未设置
    斜体: 未设置
    下划线: 未设置
    标准颜色: 未设置
  运行 24: '发现是通过对美国医疗器械厂商的营销策略研究得出的，它们'
    字体: 未设置
    大小: 未设置
    粗体: 未设置
    斜体: 未设置
    下划线: 未设置
    标准颜色: 未设置
  运行 25: '不仅决定了企业如何有效地触及目标市场，还'
    字体: 未设置
    大小: 未设置
    粗体: 未设置
    斜体: 未设置
    下划线: 未设置
    标准颜色: 未设置
  运行 26: '关系到如何'
    字体: 未设置
    大小: 未设置
    粗体: 未设置
    斜体: 未设置
    下划线: 未设置
    标准颜色: 未设置
  运行 27: '和客户'
    字体: 未设置
    大小: 未设置
    粗体: 未设置
    斜体: 未设置
    下划线: 未设置
    标准颜色: 未设置
  运行 28: '建立和维护长期关系，'
    字体: 未设置
    大小: 未设置
    粗体: 未设置
    斜体: 未设置
    下划线: 未设置
    标准颜色: 未设置
  运行 29: '从'
    字体: 未设置
    大小: 未设置
    粗体: 未设置
    斜体: 未设置
    下划线: 未设置
    标准颜色: 未设置
  运行 30: '而推动公司的持续发'
    字体: 未设置
    大小: 未设置
    粗体: 未设置
    斜体: 未设置
    下划线: 未设置
    标准颜色: 未设置
  运行 31: '['
    字体: 未设置
    大小: 未设置
    粗体: 未设置
    斜体: 未设置
    下划线: 未设置
    标准颜色: 未设置
  运行 32: ''
    字体: 未设置
    大小: 未设置
    粗体: 未设置
    斜体: 未设置
    下划线: 未设置
    标准颜色: 未设置
  运行 33: ']'
    字体: 未设置
    大小: 未设置
    粗体: 未设置
    斜体: 未设置
    下划线: 未设置
    标准颜色: 未设置
  运行 34: '。'
    字体: 未设置
    大小: 未设置
    粗体: 未设置
    斜体: 未设置
    下划线: 未设置
    标准颜色: 未设置

段落 406:
文本内容: Veronika Johanesová（2020）通过研究发现，关系营销的良好运用可带来许多潜在的利益，例如可以培养老客户忠诚度，以及他们在未来潜在客户面前对产品或服务的正面口碑宣传，为企业节约营销成本[]。Abeza（2020）对关系营销的研究中发现，社交媒体发挥了很大的作用，是实现关系营销的有效渠道，为关系营销的发展提供了新的思路。企业在设计营销策略和开展营销活动时，应充分利用社交媒体平台，丰富产品体验，提升品牌亲和力，实现社交媒体在关系营销中的最大化利用[]。
段落样式: 正文-缩进
从样式获取的格式:
  样式字体: 未设置
  样式字号: 未设置
  样式颜色: 未设置
对齐方式: 未设置
左缩进: 未设置
右缩进: 未设置
首行缩进: 未设置
行间距: 未设置
从XML读取的格式:
  运行 1: 'Veronika Johanesov'
    字体: 未设置
    大小: 未设置
    粗体: 未设置
    斜体: 未设置
    下划线: 未设置
    标准颜色: 未设置
  运行 2: 'á（'
    字体: 未设置
    大小: 未设置
    粗体: 未设置
    斜体: 未设置
    下划线: 未设置
    标准颜色: 未设置
  运行 3: '2020'
    字体: 未设置
    大小: 未设置
    粗体: 未设置
    斜体: 未设置
    下划线: 未设置
    标准颜色: 未设置
  运行 4: '）通过研究发现，关系营销的良好运用可带来许多潜在的利益，例如可以培养老客户忠诚度，以及他们在未来潜在客户面前对产品或服务的正面口碑宣传，为企业节约营销成本'
    字体: 未设置
    大小: 未设置
    粗体: 未设置
    斜体: 未设置
    下划线: 未设置
    标准颜色: 未设置
  运行 5: '['
    字体: 未设置
    大小: 未设置
    粗体: 未设置
    斜体: 未设置
    下划线: 未设置
    标准颜色: 未设置
  运行 6: ''
    字体: 未设置
    大小: 未设置
    粗体: 未设置
    斜体: 未设置
    下划线: 未设置
    标准颜色: 未设置
  运行 7: ']'
    字体: 未设置
    大小: 未设置
    粗体: 未设置
    斜体: 未设置
    下划线: 未设置
    标准颜色: 未设置
  运行 8: '。'
    字体: 未设置
    大小: 未设置
    粗体: 未设置
    斜体: 未设置
    下划线: 未设置
    标准颜色: 未设置
  运行 9: 'Abeza'
    字体: 未设置
    大小: 未设置
    粗体: 未设置
    斜体: 未设置
    下划线: 未设置
    标准颜色: 未设置
  运行 10: '（'
    字体: 未设置
    大小: 未设置
    粗体: 未设置
    斜体: 未设置
    下划线: 未设置
    标准颜色: 未设置
  运行 11: '2020'
    字体: 未设置
    大小: 未设置
    粗体: 未设置
    斜体: 未设置
    下划线: 未设置
    标准颜色: 未设置
  运行 12: '）对关系营销的研究中发现，社交媒体发挥了很大的作用，是实现关系营销的有效渠道，为关系营销的发展提供了新的思路。企业在设计营销策略和开展营销活动时，应充分利用社交媒体平台，丰富产品体验，提升品牌亲和力，'
    字体: 未设置
    大小: 未设置
    粗体: 未设置
    斜体: 未设置
    下划线: 未设置
    标准颜色: 未设置
  运行 13: '实现社交媒体在关系营销中的最大化利用'
    字体: 未设置
    大小: 未设置
    粗体: 未设置
    斜体: 未设置
    下划线: 未设置
    标准颜色: 未设置
  运行 14: '['
    字体: 未设置
    大小: 未设置
    粗体: 未设置
    斜体: 未设置
    下划线: 未设置
    标准颜色: 未设置
  运行 15: ''
    字体: 未设置
    大小: 未设置
    粗体: 未设置
    斜体: 未设置
    下划线: 未设置
    标准颜色: 未设置
  运行 16: ']'
    字体: 未设置
    大小: 未设置
    粗体: 未设置
    斜体: 未设置
    下划线: 未设置
    标准颜色: 未设置
  运行 17: '。'
    字体: 未设置
    大小: 未设置
    粗体: 未设置
    斜体: 未设置
    下划线: 未设置
    标准颜色: 未设置

段落 407:
文本内容: 营销策略与资源管理
段落样式: Heading 4
从样式获取的格式:
  样式字体: 未设置
  样式字号: 未设置
  样式颜色: 未设置
对齐方式: 未设置
左缩进: 未设置
右缩进: 未设置
首行缩进: 未设置
行间距: 未设置
从XML读取的格式:
  运行 1: '营销策略与资源管理'
    字体: 未设置
    大小: 未设置
    粗体: 未设置
    斜体: 未设置
    下划线: 未设置
    标准颜色: 未设置

段落 408:
文本内容: 一部分学者认为，医疗器械的市场营销要更关注营销策略与资源管理优化。B Reinholt（2014）要在充满不确定性和激烈竞争的医疗设备市场中成功推行营销策略，企业需采取多管齐下的策略。不但需要深入分析市场，全面理解其复杂性和动态变化。而且要系统地规划和管理资源，确保资源的合理配置和高效使用。再对业务成本进行精确核算和严格控制，建立科学的预算体系。持续评估和优化市场营销策略的执行流程，以确保策略的有效实施和不断改进[]。Judith Fletcher Brown（2018）对印度医疗器械市场进行调查，发现当地的制度、经济状况和文化背景与销售活动的成功息息相关。因此在进行国际市场开拓时，企业应对目的国或地区的人文环境体验研究分析，以确保营销策略能够有效实施并取得成功[]。
段落样式: 正文-缩进
从样式获取的格式:
  样式字体: 未设置
  样式字号: 未设置
  样式颜色: 未设置
对齐方式: 未设置
左缩进: 未设置
右缩进: 未设置
首行缩进: 未设置
行间距: 未设置
从XML读取的格式:
  运行 1: '一部分学者认为，医疗器械的市场营销要更关注'
    字体: 未设置
    大小: 未设置
    粗体: 未设置
    斜体: 未设置
    下划线: 未设置
    标准颜色: 未设置
  运行 2: '营销策略与资源管理优化'
    字体: 未设置
    大小: 未设置
    粗体: 未设置
    斜体: 未设置
    下划线: 未设置
    标准颜色: 未设置
  运行 3: '。'
    字体: 未设置
    大小: 未设置
    粗体: 未设置
    斜体: 未设置
    下划线: 未设置
    标准颜色: 未设置
  运行 4: 'B Reinholt'
    字体: 未设置
    大小: 未设置
    粗体: 未设置
    斜体: 未设置
    下划线: 未设置
    标准颜色: 未设置
  运行 5: '（'
    字体: 未设置
    大小: 未设置
    粗体: 未设置
    斜体: 未设置
    下划线: 未设置
    标准颜色: 未设置
  运行 6: '2014'
    字体: 未设置
    大小: 未设置
    粗体: 未设置
    斜体: 未设置
    下划线: 未设置
    标准颜色: 未设置
  运行 7: '）'
    字体: 未设置
    大小: 未设置
    粗体: 未设置
    斜体: 未设置
    下划线: 未设置
    标准颜色: 未设置
  运行 8: '要在充满不确定性和激烈竞争的医疗设备市场中成功推行营销策略，企业需采取多管齐下的策略。'
    字体: 未设置
    大小: 未设置
    粗体: 未设置
    斜体: 未设置
    下划线: 未设置
    标准颜色: 未设置
  运行 9: '不但需要'
    字体: 未设置
    大小: 未设置
    粗体: 未设置
    斜体: 未设置
    下划线: 未设置
    标准颜色: 未设置
  运行 10: '深入分析市场，全面理解其复杂性和动态变化。'
    字体: 未设置
    大小: 未设置
    粗体: 未设置
    斜体: 未设置
    下划线: 未设置
    标准颜色: 未设置
  运行 11: '而且要'
    字体: 未设置
    大小: 未设置
    粗体: 未设置
    斜体: 未设置
    下划线: 未设置
    标准颜色: 未设置
  运行 12: '系统地规划和管理资源，确保资源的合理配置和高效使用。'
    字体: 未设置
    大小: 未设置
    粗体: 未设置
    斜体: 未设置
    下划线: 未设置
    标准颜色: 未设置
  运行 13: '再'
    字体: 未设置
    大小: 未设置
    粗体: 未设置
    斜体: 未设置
    下划线: 未设置
    标准颜色: 未设置
  运行 14: '对业务成本进行精确核算和严格控制，建立科学的预算体系。持续评估和优化市'
    字体: 未设置
    大小: 未设置
    粗体: 未设置
    斜体: 未设置
    下划线: 未设置
    标准颜色: 未设置
  运行 15: '场营销策略的执行流程，以确保策略的有效实施和不断改进'
    字体: 未设置
    大小: 未设置
    粗体: 未设置
    斜体: 未设置
    下划线: 未设置
    标准颜色: 未设置
  运行 16: '['
    字体: 未设置
    大小: 未设置
    粗体: 未设置
    斜体: 未设置
    下划线: 未设置
    标准颜色: 未设置
  运行 17: ''
    字体: 未设置
    大小: 未设置
    粗体: 未设置
    斜体: 未设置
    下划线: 未设置
    标准颜色: 未设置
  运行 18: ']'
    字体: 未设置
    大小: 未设置
    粗体: 未设置
    斜体: 未设置
    下划线: 未设置
    标准颜色: 未设置
  运行 19: '。'
    字体: 未设置
    大小: 未设置
    粗体: 未设置
    斜体: 未设置
    下划线: 未设置
    标准颜色: 未设置
  运行 20: 'Judith Fletcher Brown'
    字体: 未设置
    大小: 未设置
    粗体: 未设置
    斜体: 未设置
    下划线: 未设置
    标准颜色: 未设置
  运行 21: '（'
    字体: 未设置
    大小: 未设置
    粗体: 未设置
    斜体: 未设置
    下划线: 未设置
    标准颜色: 未设置
  运行 22: '2018'
    字体: 未设置
    大小: 未设置
    粗体: 未设置
    斜体: 未设置
    下划线: 未设置
    标准颜色: 未设置
  运行 23: '）对印度医疗器械市场进行调查，发现当地的制度、经济状况和文化背景与销售活动的成功息息相关。因此在进行国际市场开拓时，企业应对目的国或地区的人文环境体验研究分析，以确保营销策略能够有效实施并取'
    字体: 未设置
    大小: 未设置
    粗体: 未设置
    斜体: 未设置
    下划线: 未设置
    标准颜色: 未设置
  运行 24: '得成功'
    字体: 未设置
    大小: 未设置
    粗体: 未设置
    斜体: 未设置
    下划线: 未设置
    标准颜色: 未设置
  运行 25: '['
    字体: 未设置
    大小: 未设置
    粗体: 未设置
    斜体: 未设置
    下划线: 未设置
    标准颜色: 未设置
  运行 26: ''
    字体: 未设置
    大小: 未设置
    粗体: 未设置
    斜体: 未设置
    下划线: 未设置
    标准颜色: 未设置
  运行 27: ']'
    字体: 未设置
    大小: 未设置
    粗体: 未设置
    斜体: 未设置
    下划线: 未设置
    标准颜色: 未设置
  运行 28: '。'
    字体: 未设置
    大小: 未设置
    粗体: 未设置
    斜体: 未设置
    下划线: 未设置
    标准颜色: 未设置

段落 409:
文本内容: Mihai-Bogdan Alexandrescu（2018）在其研究中指出，及时准确的促销信息，如广告宣传、产品特性、促销活动以及公共关系等，会对市场可以起到刺激的作用，可以引起消费者心态的变化，从而对他们的购买决策产生影响[]。Berndt R（2019）紧密的地将企业产品生产环节与市场需求相结合，是市场策略有效的前提。只有以市场需求为导向的生产才是最高效的，才能促进企业营销目标的达成，这种方法确保生产决策和市场需求同步，从而提高企业的市场响应能力和竞争力 []。钱婧等人（2020）通过惠泽智信的发展历程的研究中指出，展示了智慧医疗技术如何助力医院实现医疗设备的精细化管理，提高使用效率和降低成本。同时，研究中还探讨了新医改政策和互联网信息技术发展背景下，医疗行业面临的机遇与挑战，以及企业如何通过技术创新和战略性营销策略，实现在行业中的突破和发展。产业集群效应是中国医疗器械企业竞争的一个核心优势。这种高集中度为企业实施成本领先战略提供了有利条件，而成本控制的优势在中低端市场中尤为关键[]。
段落样式: 正文-缩进
从样式获取的格式:
  样式字体: 未设置
  样式字号: 未设置
  样式颜色: 未设置
对齐方式: 未设置
左缩进: 未设置
右缩进: 未设置
首行缩进: 未设置
行间距: 未设置
从XML读取的格式:
  运行 1: 'Mihai-Bogdan Alexandrescu'
    字体: 未设置
    大小: 未设置
    粗体: 未设置
    斜体: 未设置
    下划线: 未设置
    标准颜色: 未设置
  运行 2: '（'
    字体: 未设置
    大小: 未设置
    粗体: 未设置
    斜体: 未设置
    下划线: 未设置
    标准颜色: 未设置
  运行 3: '2018'
    字体: 未设置
    大小: 未设置
    粗体: 未设置
    斜体: 未设置
    下划线: 未设置
    标准颜色: 未设置
  运行 4: '）在其研究中指出，及时准确的促销信息，如广告宣传、产品特性、促销活动以及公共关系等，会对市场可以起到刺激的作用，可以引起消费者心态的变化，从而对他们的购买决策产生影响'
    字体: 未设置
    大小: 未设置
    粗体: 未设置
    斜体: 未设置
    下划线: 未设置
    标准颜色: 未设置
  运行 5: '['
    字体: 未设置
    大小: 未设置
    粗体: 未设置
    斜体: 未设置
    下划线: 未设置
    标准颜色: 未设置
  运行 6: ''
    字体: 未设置
    大小: 未设置
    粗体: 未设置
    斜体: 未设置
    下划线: 未设置
    标准颜色: 未设置
  运行 7: ']'
    字体: 未设置
    大小: 未设置
    粗体: 未设置
    斜体: 未设置
    下划线: 未设置
    标准颜色: 未设置
  运行 8: '。'
    字体: 未设置
    大小: 未设置
    粗体: 未设置
    斜体: 未设置
    下划线: 未设置
    标准颜色: 未设置
  运行 9: 'Berndt R'
    字体: 未设置
    大小: 未设置
    粗体: 未设置
    斜体: 未设置
    下划线: 未设置
    标准颜色: 未设置
  运行 10: '（'
    字体: 未设置
    大小: 未设置
    粗体: 未设置
    斜体: 未设置
    下划线: 未设置
    标准颜色: 未设置
  运行 11: '2019'
    字体: 未设置
    大小: 未设置
    粗体: 未设置
    斜体: 未设置
    下划线: 未设置
    标准颜色: 未设置
  运行 12: '）'
    字体: 未设置
    大小: 未设置
    粗体: 未设置
    斜体: 未设置
    下划线: 未设置
    标准颜色: 未设置
  运行 13: '紧密的地将企业产品生产环节与市场需求相结合，是市场策'
    字体: 未设置
    大小: 未设置
    粗体: 未设置
    斜体: 未设置
    下划线: 未设置
    标准颜色: 未设置
  运行 14: '略有效的前提。只有以市场需求为导向的生产才是最高效的，才能促进企业营销目标的达成'
    字体: 未设置
    大小: 未设置
    粗体: 未设置
    斜体: 未设置
    下划线: 未设置
    标准颜色: 未设置
  运行 15: '，这种方法确保生产决策和市场需求同步，从而提高企业的市场响应能力和竞争力'
    字体: 未设置
    大小: 未设置
    粗体: 未设置
    斜体: 未设置
    下划线: 未设置
    标准颜色: 未设置
  运行 16: ' '
    字体: 未设置
    大小: 未设置
    粗体: 未设置
    斜体: 未设置
    下划线: 未设置
    标准颜色: 未设置
  运行 17: '['
    字体: 未设置
    大小: 未设置
    粗体: 未设置
    斜体: 未设置
    下划线: 未设置
    标准颜色: 未设置
  运行 18: ''
    字体: 未设置
    大小: 未设置
    粗体: 未设置
    斜体: 未设置
    下划线: 未设置
    标准颜色: 未设置
  运行 19: ']'
    字体: 未设置
    大小: 未设置
    粗体: 未设置
    斜体: 未设置
    下划线: 未设置
    标准颜色: 未设置
  运行 20: '。'
    字体: 未设置
    大小: 未设置
    粗体: 未设置
    斜体: 未设置
    下划线: 未设置
    标准颜色: 未设置
  运行 21: '钱婧等'
    字体: 未设置
    大小: 未设置
    粗体: 未设置
    斜体: 未设置
    下划线: 未设置
    标准颜色: 未设置
  运行 22: '人（'
    字体: 未设置
    大小: 未设置
    粗体: 未设置
    斜体: 未设置
    下划线: 未设置
    标准颜色: 未设置
  运行 23: '2020'
    字体: 未设置
    大小: 未设置
    粗体: 未设置
    斜体: 未设置
    下划线: 未设置
    标准颜色: 未设置
  运行 24: '）'
    字体: 未设置
    大小: 未设置
    粗体: 未设置
    斜体: 未设置
    下划线: 未设置
    标准颜色: 未设置
  运行 25: '通过惠泽智信的发展历程'
    字体: 未设置
    大小: 未设置
    粗体: 未设置
    斜体: 未设置
    下划线: 未设置
    标准颜色: 未设置
  运行 26: '的研究中指出'
    字体: 未设置
    大小: 未设置
    粗体: 未设置
    斜体: 未设置
    下划线: 未设置
    标准颜色: 未设置
  运行 27: '，展示了智慧医疗技术如何助力医院实现医疗设备的精细化管理，提高使用效率和降低成本。同时，'
    字体: 未设置
    大小: 未设置
    粗体: 未设置
    斜体: 未设置
    下划线: 未设置
    标准颜色: 未设置
  运行 28: '研究中'
    字体: 未设置
    大小: 未设置
    粗体: 未设置
    斜体: 未设置
    下划线: 未设置
    标准颜色: 未设置
  运行 29: '还探讨了新医改政策和互联网信息技术发展背景下，医疗行业面临的机遇与挑战，以及企业如何通过技术创新和战略性营销策略，实现在行业中的突破和发展'
    字体: 未设置
    大小: 未设置
    粗体: 未设置
    斜体: 未设置
    下划线: 未设置
    标准颜色: 未设置
  运行 30: '。'
    字体: 未设置
    大小: 未设置
    粗体: 未设置
    斜体: 未设置
    下划线: 未设置
    标准颜色: 未设置
  运行 31: '产业集群效应'
    字体: 未设置
    大小: 未设置
    粗体: 未设置
    斜体: 未设置
    下划线: 未设置
    标准颜色: 未设置
  运行 32: '是中国医疗器械企业竞争的一个核心优势。这种高集中度为企业实施成本领先战略提供了有利条件，而成本控制的优势在中低端市场中尤为关键'
    字体: 未设置
    大小: 未设置
    粗体: 未设置
    斜体: 未设置
    下划线: 未设置
    标准颜色: 未设置
  运行 33: '['
    字体: 未设置
    大小: 未设置
    粗体: 未设置
    斜体: 未设置
    下划线: 未设置
    标准颜色: 未设置
  运行 34: ''
    字体: 未设置
    大小: 未设置
    粗体: 未设置
    斜体: 未设置
    下划线: 未设置
    标准颜色: 未设置
  运行 35: ']'
    字体: 未设置
    大小: 未设置
    粗体: 未设置
    斜体: 未设置
    下划线: 未设置
    标准颜色: 未设置
  运行 36: '。'
    字体: 未设置
    大小: 未设置
    粗体: 未设置
    斜体: 未设置
    下划线: 未设置
    标准颜色: 未设置

段落 410:
文本内容: 信息管理和数字营销
段落样式: Heading 4
从样式获取的格式:
  样式字体: 未设置
  样式字号: 未设置
  样式颜色: 未设置
对齐方式: 未设置
左缩进: 未设置
右缩进: 未设置
首行缩进: 未设置
行间距: 未设置
从XML读取的格式:
  运行 1: '信息管理和'
    字体: 未设置
    大小: 未设置
    粗体: 未设置
    斜体: 未设置
    下划线: 未设置
    标准颜色: 未设置
  运行 2: '数字'
    字体: 未设置
    大小: 未设置
    粗体: 未设置
    斜体: 未设置
    下划线: 未设置
    标准颜色: 未设置
  运行 3: '营销'
    字体: 未设置
    大小: 未设置
    粗体: 未设置
    斜体: 未设置
    下划线: 未设置
    标准颜色: 未设置

段落 411:
文本内容: 一部分学者认为，医疗器械的市场营销要要重视市场营销信息管理和数字营销的多元化结合。陈晓通等人（2018）认为医疗器械经验企业应该建立市场营销信息管理系统，应该充分认识到市场营销信息发布的重要性。通过信息系统有效的策划、整合和利用核心信息资源，并将信息资源转化为企业自身优势竞争力，这对于企业具有重要意义和作用[]。Simon Kingsnorth（2019）通过研究分析得出数字营销不断变化的市场环境下虽然存在风险，但同时也有广阔的前景和很好的机遇。他们通过分析信息网络的现状，以及未来的发展趋势，认为市场营销未来的发展，势必要和信息技术充分的结合，这已经成为一个不可逆转的行业趋势[]。
段落样式: 正文-缩进
从样式获取的格式:
  样式字体: 未设置
  样式字号: 未设置
  样式颜色: 未设置
对齐方式: 未设置
左缩进: 未设置
右缩进: 未设置
首行缩进: 未设置
行间距: 未设置
从XML读取的格式:
  运行 1: '一部分学者认为，医疗器械的市场营销要要重视市场营销信息管理和'
    字体: 未设置
    大小: 未设置
    粗体: 未设置
    斜体: 未设置
    下划线: 未设置
    标准颜色: 未设置
  运行 2: '数字'
    字体: 未设置
    大小: 未设置
    粗体: 未设置
    斜体: 未设置
    下划线: 未设置
    标准颜色: 未设置
  运行 3: '营销的多元化结合。'
    字体: 未设置
    大小: 未设置
    粗体: 未设置
    斜体: 未设置
    下划线: 未设置
    标准颜色: 未设置
  运行 4: '陈晓通等人'
    字体: 宋体
    大小: 未设置
    粗体: 未设置
    斜体: 未设置
    下划线: 未设置
    标准颜色: 未设置
  运行 5: '（'
    字体: 宋体
    大小: 未设置
    粗体: 未设置
    斜体: 未设置
    下划线: 未设置
    标准颜色: 未设置
  运行 6: '2018'
    字体: 宋体
    大小: 未设置
    粗体: 未设置
    斜体: 未设置
    下划线: 未设置
    标准颜色: 未设置
  运行 7: '）'
    字体: 宋体
    大小: 未设置
    粗体: 未设置
    斜体: 未设置
    下划线: 未设置
    标准颜色: 未设置
  运行 8: '认为医疗器械经验企业应该建立市场营销信息管理系统，应该充分认识到市场营销信息发布的重要性。通过信息系统有效的策划、整合和利用核心信息资源，并将信息资源转化为企业自身优势竞争力，'
    字体: 宋体
    大小: 未设置
    粗体: 未设置
    斜体: 未设置
    下划线: 未设置
    标准颜色: 未设置
  运行 9: '这对于企业具有重要意义和'
    字体: 宋体
    大小: 未设置
    粗体: 未设置
    斜体: 未设置
    下划线: 未设置
    标准颜色: 未设置
  运行 10: '作用'
    字体: 宋体
    大小: 未设置
    粗体: 未设置
    斜体: 未设置
    下划线: 未设置
    标准颜色: 未设置
  运行 11: '['
    字体: 未设置
    大小: 未设置
    粗体: 未设置
    斜体: 未设置
    下划线: 未设置
    标准颜色: 未设置
  运行 12: ''
    字体: 未设置
    大小: 未设置
    粗体: 未设置
    斜体: 未设置
    下划线: 未设置
    标准颜色: 未设置
  运行 13: ']'
    字体: 未设置
    大小: 未设置
    粗体: 未设置
    斜体: 未设置
    下划线: 未设置
    标准颜色: 未设置
  运行 14: '。'
    字体: 宋体
    大小: 未设置
    粗体: 未设置
    斜体: 未设置
    下划线: 未设置
    标准颜色: 未设置
  运行 15: 'Simon Kingsnorth'
    字体: 未设置
    大小: 未设置
    粗体: 未设置
    斜体: 未设置
    下划线: 未设置
    标准颜色: 未设置
  运行 16: '（'
    字体: 未设置
    大小: 未设置
    粗体: 未设置
    斜体: 未设置
    下划线: 未设置
    标准颜色: 未设置
  运行 17: '2019'
    字体: 未设置
    大小: 未设置
    粗体: 未设置
    斜体: 未设置
    下划线: 未设置
    标准颜色: 未设置
  运行 18: '）通过研究分析得出数字营销不断变化的市场环境下虽然存在风险，但同时也有广阔的前景和很好的机遇。他们通过分析信息网络的现状，以及未来的发展趋势，认为市场营销未来的发展，势必要和信息技术充分的结合，这已经成为一个不可逆转的行业趋势'
    字体: 未设置
    大小: 未设置
    粗体: 未设置
    斜体: 未设置
    下划线: 未设置
    标准颜色: 未设置
  运行 19: '['
    字体: 未设置
    大小: 未设置
    粗体: 未设置
    斜体: 未设置
    下划线: 未设置
    标准颜色: 未设置
  运行 20: ''
    字体: 未设置
    大小: 未设置
    粗体: 未设置
    斜体: 未设置
    下划线: 未设置
    标准颜色: 未设置
  运行 21: ']'
    字体: 未设置
    大小: 未设置
    粗体: 未设置
    斜体: 未设置
    下划线: 未设置
    标准颜色: 未设置
  运行 22: '。'
    字体: 未设置
    大小: 未设置
    粗体: 未设置
    斜体: 未设置
    下划线: 未设置
    标准颜色: 未设置

段落 412:
文本内容: 王丹红（2020）认为互联网已深度融合各行业，网络营销已然成为关键工具。我国医疗器械企业应积极拓展网络渠道，利用数据深入分析消费者需求，结合传统营销渠道，共同发掘新商机，提供定制化解决方案，不断提高客户满意度[]。胡亚荣（2021）等学者在其研究中指出，医疗器械企业在营销过程中，同样需要聚焦于消费者购买产品的核心利益，以此作为提升销售效果的关键。他和其他研究者共同认为，为了有效降低投资风险并满足消费者的多元化需求，医疗器械企业应当采取多元化的业务策略，通过优化产品组合来实现产品结构的最优化。这样的战略布局有助于企业在竞争激烈的市场中保持领先地位，同时确保持续的市场竞争力和企业的稳健成长[]。
段落样式: 正文-缩进
从样式获取的格式:
  样式字体: 未设置
  样式字号: 未设置
  样式颜色: 未设置
对齐方式: 未设置
左缩进: 未设置
右缩进: 未设置
首行缩进: 未设置
行间距: 未设置
从XML读取的格式:
  运行 1: '王丹红'
    字体: 宋体
    大小: 未设置
    粗体: 未设置
    斜体: 未设置
    下划线: 未设置
    标准颜色: 未设置
  运行 2: '（'
    字体: 宋体
    大小: 未设置
    粗体: 未设置
    斜体: 未设置
    下划线: 未设置
    标准颜色: 未设置
  运行 3: '2020'
    字体: 宋体
    大小: 未设置
    粗体: 未设置
    斜体: 未设置
    下划线: 未设置
    标准颜色: 未设置
  运行 4: '）'
    字体: 宋体
    大小: 未设置
    粗体: 未设置
    斜体: 未设置
    下划线: 未设置
    标准颜色: 未设置
  运行 5: '认为'
    字体: 宋体
    大小: 未设置
    粗体: 未设置
    斜体: 未设置
    下划线: 未设置
    标准颜色: 未设置
  运行 6: '互联网'
    字体: 宋体
    大小: 未设置
    粗体: 未设置
    斜体: 未设置
    下划线: 未设置
    标准颜色: 未设置
  运行 7: '已'
    字体: 宋体
    大小: 未设置
    粗体: 未设置
    斜体: 未设置
    下划线: 未设置
    标准颜色: 未设置
  运行 8: '深度融合各行业，网络营销已然成为关键工具。我国医'
    字体: 宋体
    大小: 未设置
    粗体: 未设置
    斜体: 未设置
    下划线: 未设置
    标准颜色: 未设置
  运行 9: '疗器械企业'
    字体: 宋体
    大小: 未设置
    粗体: 未设置
    斜体: 未设置
    下划线: 未设置
    标准颜色: 未设置
  运行 10: '应'
    字体: 宋体
    大小: 未设置
    粗体: 未设置
    斜体: 未设置
    下划线: 未设置
    标准颜色: 未设置
  运行 11: '积极拓展网络渠道，利用数据深入分析消费者需求，'
    字体: 宋体
    大小: 未设置
    粗体: 未设置
    斜体: 未设置
    下划线: 未设置
    标准颜色: 未设置
  运行 12: '结合传统营销渠道，'
    字体: 宋体
    大小: 未设置
    粗体: 未设置
    斜体: 未设置
    下划线: 未设置
    标准颜色: 未设置
  运行 13: '共同发掘'
    字体: 宋体
    大小: 未设置
    粗体: 未设置
    斜体: 未设置
    下划线: 未设置
    标准颜色: 未设置
  运行 14: '新商机'
    字体: 宋体
    大小: 未设置
    粗体: 未设置
    斜体: 未设置
    下划线: 未设置
    标准颜色: 未设置
  运行 15: '，'
    字体: 宋体
    大小: 未设置
    粗体: 未设置
    斜体: 未设置
    下划线: 未设置
    标准颜色: 未设置
  运行 16: '提供'
    字体: 宋体
    大小: 未设置
    粗体: 未设置
    斜体: 未设置
    下划线: 未设置
    标准颜色: 未设置
  运行 17: '定制化解决方案'
    字体: 宋体
    大小: 未设置
    粗体: 未设置
    斜体: 未设置
    下划线: 未设置
    标准颜色: 未设置
  运行 18: '，'
    字体: 宋体
    大小: 未设置
    粗体: 未设置
    斜体: 未设置
    下划线: 未设置
    标准颜色: 未设置
  运行 19: '不断提高'
    字体: 宋体
    大小: 未设置
    粗体: 未设置
    斜体: 未设置
    下划线: 未设置
    标准颜色: 未设置
  运行 20: '客户满意度'
    字体: 宋体
    大小: 未设置
    粗体: 未设置
    斜体: 未设置
    下划线: 未设置
    标准颜色: 未设置
  运行 21: '['
    字体: 未设置
    大小: 未设置
    粗体: 未设置
    斜体: 未设置
    下划线: 未设置
    标准颜色: 未设置
  运行 22: ''
    字体: 未设置
    大小: 未设置
    粗体: 未设置
    斜体: 未设置
    下划线: 未设置
    标准颜色: 未设置
  运行 23: ']'
    字体: 未设置
    大小: 未设置
    粗体: 未设置
    斜体: 未设置
    下划线: 未设置
    标准颜色: 未设置
  运行 24: '。'
    字体: 宋体
    大小: 未设置
    粗体: 未设置
    斜体: 未设置
    下划线: 未设置
    标准颜色: 未设置
  运行 25: '胡亚荣'
    字体: 未设置
    大小: 未设置
    粗体: 未设置
    斜体: 未设置
    下划线: 未设置
    标准颜色: 未设置
  运行 26: '（'
    字体: 未设置
    大小: 未设置
    粗体: 未设置
    斜体: 未设置
    下划线: 未设置
    标准颜色: 未设置
  运行 27: '2021'
    字体: 未设置
    大小: 未设置
    粗体: 未设置
    斜体: 未设置
    下划线: 未设置
    标准颜色: 未设置
  运行 28: '）'
    字体: 未设置
    大小: 未设置
    粗体: 未设置
    斜体: 未设置
    下划线: 未设置
    标准颜色: 未设置
  运行 29: '等学者'
    字体: 未设置
    大小: 未设置
    粗体: 未设置
    斜体: 未设置
    下划线: 未设置
    标准颜色: 未设置
  运行 30: '在其研究中指出，'
    字体: 未设置
    大小: 未设置
    粗体: 未设置
    斜体: 未设置
    下划线: 未设置
    标准颜色: 未设置
  运行 31: '医疗器械企业在营销过程中，同样需要聚焦于消费者购买产品的核心利益，以此作为提升销售效果的关键。他和其他研究者共同认为，为了有效降低投资风险并满足消费者的多元化需求，医疗器械企业应当采取多元化的业务策略，通过优化产品组合来实现产品结构的最优化。这样的战略布局有助于企业在竞争激烈的市场中保持领先地位，同时确保持续的市场竞争力和企业的稳健成长'
    字体: 未设置
    大小: 未设置
    粗体: 未设置
    斜体: 未设置
    下划线: 未设置
    标准颜色: 未设置
  运行 32: '['
    字体: 未设置
    大小: 未设置
    粗体: 未设置
    斜体: 未设置
    下划线: 未设置
    标准颜色: 未设置
  运行 33: ''
    字体: 未设置
    大小: 未设置
    粗体: 未设置
    斜体: 未设置
    下划线: 未设置
    标准颜色: 未设置
  运行 34: ']'
    字体: 未设置
    大小: 未设置
    粗体: 未设置
    斜体: 未设置
    下划线: 未设置
    标准颜色: 未设置
  运行 35: '。'
    字体: 未设置
    大小: 未设置
    粗体: 未设置
    斜体: 未设置
    下划线: 未设置
    标准颜色: 未设置

段落 413:
文本内容: 行业挑战与政策导向
段落样式: Heading 4
从样式获取的格式:
  样式字体: 未设置
  样式字号: 未设置
  样式颜色: 未设置
对齐方式: 未设置
左缩进: 未设置
右缩进: 未设置
首行缩进: 未设置
行间距: 未设置
从XML读取的格式:
  运行 1: '行业挑战'
    字体: 未设置
    大小: 未设置
    粗体: 未设置
    斜体: 未设置
    下划线: 未设置
    标准颜色: 未设置
  运行 2: '与政策导向'
    字体: 未设置
    大小: 未设置
    粗体: 未设置
    斜体: 未设置
    下划线: 未设置
    标准颜色: 未设置

段落 414:
文本内容: 还有一部分学者认为，医疗器械的市场营销策略需要适应行业挑战与政策导向。穆慧等人（2017）的研究中指出，随着“十三五”医疗改革计划的实施，医疗器械营销行业面临了包括加强的监管政策、医保控费措施、医用耗材两票制改革以及集中采购价格下调等一系列挑战。这些政策的推出降低医疗成本，提高医疗服务效率，但同时也增加了行业内的竞争压力，对医疗器械企业的市场营销策略提出了新的要求。但另一方面，随着人们对医疗健康的需求持续上升，生活水平的提高和健康意识的增强，这又为我国医疗器械市场的发展提供了广阔的前景和机遇[]。蒋海洪（2018）研究指出，目前医疗器械行业监管趋于严格，经过对医疗器械一系列政策法规的调整，政治环境要求高。但另一方面，许多鼓励创新发展的政策出台，为行业发展注入了强心剂[]。
段落样式: 正文-缩进
从样式获取的格式:
  样式字体: 未设置
  样式字号: 未设置
  样式颜色: 未设置
对齐方式: 未设置
左缩进: 未设置
右缩进: 未设置
首行缩进: 未设置
行间距: 未设置
从XML读取的格式:
  运行 1: '还有一部分学者认为，医疗器械的市场营销策略需要'
    字体: 未设置
    大小: 未设置
    粗体: 未设置
    斜体: 未设置
    下划线: 未设置
    标准颜色: 未设置
  运行 2: '适应行业挑战'
    字体: 未设置
    大小: 未设置
    粗体: 未设置
    斜体: 未设置
    下划线: 未设置
    标准颜色: 未设置
  运行 3: '与政策导向'
    字体: 未设置
    大小: 未设置
    粗体: 未设置
    斜体: 未设置
    下划线: 未设置
    标准颜色: 未设置
  运行 4: '。'
    字体: 未设置
    大小: 未设置
    粗体: 未设置
    斜体: 未设置
    下划线: 未设置
    标准颜色: 未设置
  运行 5: '穆慧'
    字体: 未设置
    大小: 未设置
    粗体: 未设置
    斜体: 未设置
    下划线: 未设置
    标准颜色: 未设置
  运行 6: '等人'
    字体: 未设置
    大小: 未设置
    粗体: 未设置
    斜体: 未设置
    下划线: 未设置
    标准颜色: 未设置
  运行 7: '（'
    字体: 未设置
    大小: 未设置
    粗体: 未设置
    斜体: 未设置
    下划线: 未设置
    标准颜色: 未设置
  运行 8: '2017'
    字体: 未设置
    大小: 未设置
    粗体: 未设置
    斜体: 未设置
    下划线: 未设置
    标准颜色: 未设置
  运行 9: '）'
    字体: 未设置
    大小: 未设置
    粗体: 未设置
    斜体: 未设置
    下划线: 未设置
    标准颜色: 未设置
  运行 10: '的研究中指出，随着“十三五”医疗改革计划的实施，医疗器械营销行业面临了包括加强的监管政策、医保控费措施'
    字体: 未设置
    大小: 未设置
    粗体: 未设置
    斜体: 未设置
    下划线: 未设置
    标准颜色: 未设置
  运行 11: '、'
    字体: 未设置
    大小: 未设置
    粗体: 未设置
    斜体: 未设置
    下划线: 未设置
    标准颜色: 未设置
  运行 12: '医用耗材两票制改革以及集中采购价格下调等一系列挑战。这些政策的推出降低医疗成本，提高医疗服务效率，但同时也增加了行业内的竞争压力，对医疗器械企业的市场营销策略提出了新的要求。'
    字体: 未设置
    大小: 未设置
    粗体: 未设置
    斜体: 未设置
    下划线: 未设置
    标准颜色: 未设置
  运行 13: '但'
    字体: 未设置
    大小: 未设置
    粗体: 未设置
    斜体: 未设置
    下划线: 未设置
    标准颜色: 未设置
  运行 14: '另一方面，'
    字体: 未设置
    大小: 未设置
    粗体: 未设置
    斜体: 未设置
    下划线: 未设置
    标准颜色: 未设置
  运行 15: '随着人们'
    字体: 未设置
    大小: 未设置
    粗体: 未设置
    斜体: 未设置
    下划线: 未设置
    标准颜色: 未设置
  运行 16: '对医疗健康的需求持续上升'
    字体: 未设置
    大小: 未设置
    粗体: 未设置
    斜体: 未设置
    下划线: 未设置
    标准颜色: 未设置
  运行 17: '，'
    字体: 未设置
    大小: 未设置
    粗体: 未设置
    斜体: 未设置
    下划线: 未设置
    标准颜色: 未设置
  运行 18: '生活水平的提高和健康意识的增强，这'
    字体: 未设置
    大小: 未设置
    粗体: 未设置
    斜体: 未设置
    下划线: 未设置
    标准颜色: 未设置
  运行 19: '又为我'
    字体: 未设置
    大小: 未设置
    粗体: 未设置
    斜体: 未设置
    下划线: 未设置
    标准颜色: 未设置
  运行 20: '国医疗器械市场的发展提供了广阔的前景和机遇'
    字体: 未设置
    大小: 未设置
    粗体: 未设置
    斜体: 未设置
    下划线: 未设置
    标准颜色: 未设置
  运行 21: '['
    字体: 未设置
    大小: 未设置
    粗体: 未设置
    斜体: 未设置
    下划线: 未设置
    标准颜色: 未设置
  运行 22: ''
    字体: 未设置
    大小: 未设置
    粗体: 未设置
    斜体: 未设置
    下划线: 未设置
    标准颜色: 未设置
  运行 23: ']'
    字体: 未设置
    大小: 未设置
    粗体: 未设置
    斜体: 未设置
    下划线: 未设置
    标准颜色: 未设置
  运行 24: '。'
    字体: 未设置
    大小: 未设置
    粗体: 未设置
    斜体: 未设置
    下划线: 未设置
    标准颜色: 未设置
  运行 25: '蒋海洪'
    字体: 未设置
    大小: 未设置
    粗体: 未设置
    斜体: 未设置
    下划线: 未设置
    标准颜色: 未设置
  运行 26: '（'
    字体: 未设置
    大小: 未设置
    粗体: 未设置
    斜体: 未设置
    下划线: 未设置
    标准颜色: 未设置
  运行 27: '2018'
    字体: 未设置
    大小: 未设置
    粗体: 未设置
    斜体: 未设置
    下划线: 未设置
    标准颜色: 未设置
  运行 28: '）研究指出，目前医疗器'
    字体: 未设置
    大小: 未设置
    粗体: 未设置
    斜体: 未设置
    下划线: 未设置
    标准颜色: 未设置
  运行 29: '械行业监管趋于严格，'
    字体: 未设置
    大小: 未设置
    粗体: 未设置
    斜体: 未设置
    下划线: 未设置
    标准颜色: 未设置
  运行 30: '经过'
    字体: 未设置
    大小: 未设置
    粗体: 未设置
    斜体: 未设置
    下划线: 未设置
    标准颜色: 未设置
  运行 31: '对医疗器械一'
    字体: 未设置
    大小: 未设置
    粗体: 未设置
    斜体: 未设置
    下划线: 未设置
    标准颜色: 未设置
  运行 32: '系列政策法规的调整，'
    字体: 未设置
    大小: 未设置
    粗体: 未设置
    斜体: 未设置
    下划线: 未设置
    标准颜色: 未设置
  运行 33: '政治环境要求高。'
    字体: 未设置
    大小: 未设置
    粗体: 未设置
    斜体: 未设置
    下划线: 未设置
    标准颜色: 未设置
  运行 34: '但另一方面，'
    字体: 未设置
    大小: 未设置
    粗体: 未设置
    斜体: 未设置
    下划线: 未设置
    标准颜色: 未设置
  运行 35: '许多鼓励创新发展的政策出台，为行业发展注入了强心剂'
    字体: 未设置
    大小: 未设置
    粗体: 未设置
    斜体: 未设置
    下划线: 未设置
    标准颜色: 未设置
  运行 36: '['
    字体: 未设置
    大小: 未设置
    粗体: 未设置
    斜体: 未设置
    下划线: 未设置
    标准颜色: 未设置
  运行 37: ''
    字体: 未设置
    大小: 未设置
    粗体: 未设置
    斜体: 未设置
    下划线: 未设置
    标准颜色: 未设置
  运行 38: ']'
    字体: 未设置
    大小: 未设置
    粗体: 未设置
    斜体: 未设置
    下划线: 未设置
    标准颜色: 未设置
  运行 39: '。'
    字体: 未设置
    大小: 未设置
    粗体: 未设置
    斜体: 未设置
    下划线: 未设置
    标准颜色: 未设置

段落 415:
文本内容: 徐雨佳（2020）等学者通过对我国的国产医疗器械行业市场影响因素的分析，指出我国医疗器械行业正面临两方面因素的共同影响。消极的因素有医疗机构对国产设备的购买意愿不强、市场监督管理水平弱以及核心技术壁垒，而积极的因素是国家政策对于国产医疗设备的支持，以及较低的购买成本等[]。蔡向挺（2021）在其研究中，通过对比分析其他国家和国内医疗器械营销案例，得出经济发展水平和消费习惯在不同的地区和国家间是有差异的，对医疗器械市场的影响。他特别指出，用户的消费习惯对市场的影响尤为显著。例如，在经济比较发达地区，医院更倾向选择更好的设备。而在经济欠发达地区，医疗机构大多数会选择更为经济的医疗产品。因此制定市场营销策略时，应深入理解客户的经济状况和消费习惯，以实现高效营销，确保投入产出比最大化[]。
段落样式: 正文-缩进
从样式获取的格式:
  样式字体: 未设置
  样式字号: 未设置
  样式颜色: 未设置
对齐方式: 未设置
左缩进: 未设置
右缩进: 未设置
首行缩进: 未设置
行间距: 未设置
从XML读取的格式:
  运行 1: '徐雨佳'
    字体: 未设置
    大小: 未设置
    粗体: 未设置
    斜体: 未设置
    下划线: 未设置
    标准颜色: 未设置
  运行 2: '（'
    字体: 未设置
    大小: 未设置
    粗体: 未设置
    斜体: 未设置
    下划线: 未设置
    标准颜色: 未设置
  运行 3: '2020'
    字体: 未设置
    大小: 未设置
    粗体: 未设置
    斜体: 未设置
    下划线: 未设置
    标准颜色: 未设置
  运行 4: '）'
    字体: 未设置
    大小: 未设置
    粗体: 未设置
    斜体: 未设置
    下划线: 未设置
    标准颜色: 未设置
  运行 5: '等学者'
    字体: 未设置
    大小: 未设置
    粗体: 未设置
    斜体: 未设置
    下划线: 未设置
    标准颜色: 未设置
  运行 6: '通过对我国的国产医疗器械行业市场影响因素的分析，指出我国医疗器械行业正面临两方面因素的共同影响。消极的因素有医疗机构对国产设备的购买意愿不强、市场监督管理水平弱以及核心技术壁垒，而积极的因素是国家政策对于国产医'
    字体: 未设置
    大小: 未设置
    粗体: 未设置
    斜体: 未设置
    下划线: 未设置
    标准颜色: 未设置
  运行 7: '疗设备的支持，以及较低的购买成本'
    字体: 未设置
    大小: 未设置
    粗体: 未设置
    斜体: 未设置
    下划线: 未设置
    标准颜色: 未设置
  运行 8: '等'
    字体: 未设置
    大小: 未设置
    粗体: 未设置
    斜体: 未设置
    下划线: 未设置
    标准颜色: 未设置
  运行 9: '['
    字体: 未设置
    大小: 未设置
    粗体: 未设置
    斜体: 未设置
    下划线: 未设置
    标准颜色: 未设置
  运行 10: ''
    字体: 未设置
    大小: 未设置
    粗体: 未设置
    斜体: 未设置
    下划线: 未设置
    标准颜色: 未设置
  运行 11: ']'
    字体: 未设置
    大小: 未设置
    粗体: 未设置
    斜体: 未设置
    下划线: 未设置
    标准颜色: 未设置
  运行 12: '。'
    字体: 未设置
    大小: 未设置
    粗体: 未设置
    斜体: 未设置
    下划线: 未设置
    标准颜色: 未设置
  运行 13: '蔡向挺'
    字体: 未设置
    大小: 未设置
    粗体: 未设置
    斜体: 未设置
    下划线: 未设置
    标准颜色: 未设置
  运行 14: '（'
    字体: 未设置
    大小: 未设置
    粗体: 未设置
    斜体: 未设置
    下划线: 未设置
    标准颜色: 未设置
  运行 15: '2021'
    字体: 未设置
    大小: 未设置
    粗体: 未设置
    斜体: 未设置
    下划线: 未设置
    标准颜色: 未设置
  运行 16: '）在其'
    字体: 未设置
    大小: 未设置
    粗体: 未设置
    斜体: 未设置
    下划线: 未设置
    标准颜色: 未设置
  运行 17: '研究中'
    字体: 未设置
    大小: 未设置
    粗体: 未设置
    斜体: 未设置
    下划线: 未设置
    标准颜色: 未设置
  运行 18: '，'
    字体: 未设置
    大小: 未设置
    粗体: 未设置
    斜体: 未设置
    下划线: 未设置
    标准颜色: 未设置
  运行 19: '通过'
    字体: 未设置
    大小: 未设置
    粗体: 未设置
    斜体: 未设置
    下划线: 未设置
    标准颜色: 未设置
  运行 20: '对比分析'
    字体: 未设置
    大小: 未设置
    粗体: 未设置
    斜体: 未设置
    下划线: 未设置
    标准颜色: 未设置
  运行 21: '其他国家'
    字体: 未设置
    大小: 未设置
    粗体: 未设置
    斜体: 未设置
    下划线: 未设置
    标准颜色: 未设置
  运行 22: '和国内'
    字体: 未设置
    大小: 未设置
    粗体: 未设置
    斜体: 未设置
    下划线: 未设置
    标准颜色: 未设置
  运行 23: '医疗器械营销案例，'
    字体: 未设置
    大小: 未设置
    粗体: 未设置
    斜体: 未设置
    下划线: 未设置
    标准颜色: 未设置
  运行 24: '得出经济发展水平和消费习惯在不同的地区和国家间是有差异的，'
    字体: 未设置
    大小: 未设置
    粗体: 未设置
    斜体: 未设置
    下划线: 未设置
    标准颜色: 未设置
  运行 25: '对医疗器械市场的影响。他特别指出，'
    字体: 未设置
    大小: 未设置
    粗体: 未设置
    斜体: 未设置
    下划线: 未设置
    标准颜色: 未设置
  运行 26: '用户的'
    字体: 未设置
    大小: 未设置
    粗体: 未设置
    斜体: 未设置
    下划线: 未设置
    标准颜色: 未设置
  运行 27: '消费习惯对市场的影响尤为显著。例如，在经济'
    字体: 未设置
    大小: 未设置
    粗体: 未设置
    斜体: 未设置
    下划线: 未设置
    标准颜色: 未设置
  运行 28: '比较'
    字体: 未设置
    大小: 未设置
    粗体: 未设置
    斜体: 未设置
    下划线: 未设置
    标准颜色: 未设置
  运行 29: '发达'
    字体: 未设置
    大小: 未设置
    粗体: 未设置
    斜体: 未设置
    下划线: 未设置
    标准颜色: 未设置
  运行 30: '地区'
    字体: 未设置
    大小: 未设置
    粗体: 未设置
    斜体: 未设置
    下划线: 未设置
    标准颜色: 未设置
  运行 31: '，'
    字体: 未设置
    大小: 未设置
    粗体: 未设置
    斜体: 未设置
    下划线: 未设置
    标准颜色: 未设置
  运行 32: '医院更倾向选择更好的设备。而在经济欠发达地区，医疗机构大多数会选择更为经济的医疗产品。'
    字体: 未设置
    大小: 未设置
    粗体: 未设置
    斜体: 未设置
    下划线: 未设置
    标准颜色: 未设置
  运行 33: '因此制定市场营销策略时，应深入理解客户的经济状况和消费习惯，以实现高效营销'
    字体: 未设置
    大小: 未设置
    粗体: 未设置
    斜体: 未设置
    下划线: 未设置
    标准颜色: 未设置
  运行 34: '，'
    字体: 未设置
    大小: 未设置
    粗体: 未设置
    斜体: 未设置
    下划线: 未设置
    标准颜色: 未设置
  运行 35: '确保投入产出比最大化'
    字体: 未设置
    大小: 未设置
    粗体: 未设置
    斜体: 未设置
    下划线: 未设置
    标准颜色: 未设置
  运行 36: '['
    字体: 未设置
    大小: 未设置
    粗体: 未设置
    斜体: 未设置
    下划线: 未设置
    标准颜色: 未设置
  运行 37: ''
    字体: 未设置
    大小: 未设置
    粗体: 未设置
    斜体: 未设置
    下划线: 未设置
    标准颜色: 未设置
  运行 38: ']'
    字体: 未设置
    大小: 未设置
    粗体: 未设置
    斜体: 未设置
    下划线: 未设置
    标准颜色: 未设置
  运行 39: '。'
    字体: 未设置
    大小: 未设置
    粗体: 未设置
    斜体: 未设置
    下划线: 未设置
    标准颜色: 未设置

段落 416:
文本内容: 杨雪桐（2021）研究指出在当前的学术研究和政策支持下，我国医疗器械行业正展现出强劲的发展势头和广阔的市场前景。国家层面的重视和战略规划，加上地方政策的积极响应和实施，共同构成了推动行业前行的双重动力。随着医疗健康需求的持续增长，以及技术进步带来的创新产品，医疗器械行业正迎来一个充满机遇的新时代[]。孙晓妍（2022）等人对我国医疗器械行业进行深入分析后，发现此行业正朝着多元化的产业结构发展。在发展过程中也面临诸多挑战，主要包括研发资金不足、出口品类单一、技术创新核心能力有限，以及高科技医疗产品供应能力较弱，高端产品高度依赖进口等问题 []。
段落样式: 正文-缩进
从样式获取的格式:
  样式字体: 未设置
  样式字号: 未设置
  样式颜色: 未设置
对齐方式: 未设置
左缩进: 未设置
右缩进: 未设置
首行缩进: 未设置
行间距: 未设置
从XML读取的格式:
  运行 1: '杨雪桐（'
    字体: 未设置
    大小: 未设置
    粗体: 未设置
    斜体: 未设置
    下划线: 未设置
    标准颜色: 未设置
  运行 2: '2021'
    字体: 未设置
    大小: 未设置
    粗体: 未设置
    斜体: 未设置
    下划线: 未设置
    标准颜色: 未设置
  运行 3: '）研究指出在当前的学术研究和政策支持下，我国医疗器械行业正展现出强劲的发展势头和广阔的市场前景。国家层面的重视和战略规划，加上地方政策的积极响应和实施，共同构成了推动行业前行的双重动力。随着医疗健康需求的持续增长，以及技术进步带来的创新产品，医疗器械行业正迎来一个充满机遇的新时代'
    字体: 未设置
    大小: 未设置
    粗体: 未设置
    斜体: 未设置
    下划线: 未设置
    标准颜色: 未设置
  运行 4: '['
    字体: 未设置
    大小: 未设置
    粗体: 未设置
    斜体: 未设置
    下划线: 未设置
    标准颜色: 未设置
  运行 5: ''
    字体: 未设置
    大小: 未设置
    粗体: 未设置
    斜体: 未设置
    下划线: 未设置
    标准颜色: 未设置
  运行 6: ']'
    字体: 未设置
    大小: 未设置
    粗体: 未设置
    斜体: 未设置
    下划线: 未设置
    标准颜色: 未设置
  运行 7: '。'
    字体: 未设置
    大小: 未设置
    粗体: 未设置
    斜体: 未设置
    下划线: 未设置
    标准颜色: 未设置
  运行 8: '孙晓妍（2022）等人对我国医疗器械行业进行深入分析后，发现此行业正朝着多元化的产业结构发展。在发展过程中也面临诸多挑战，主要包括研发资金不足、出口品类单一、技术创新核心能力有限，以及高科技医疗产品供应能力较弱，高端产品高度依赖进口等问题'
    字体: 宋体
    大小: 未设置
    粗体: 未设置
    斜体: 未设置
    下划线: 未设置
    标准颜色: 未设置
  运行 9: ' ['
    字体: 未设置
    大小: 未设置
    粗体: 未设置
    斜体: 未设置
    下划线: 未设置
    标准颜色: 未设置
  运行 10: ''
    字体: 未设置
    大小: 未设置
    粗体: 未设置
    斜体: 未设置
    下划线: 未设置
    标准颜色: 未设置
  运行 11: ']'
    字体: 未设置
    大小: 未设置
    粗体: 未设置
    斜体: 未设置
    下划线: 未设置
    标准颜色: 未设置
  运行 12: '。'
    字体: 未设置
    大小: 未设置
    粗体: 未设置
    斜体: 未设置
    下划线: 未设置
    标准颜色: 未设置

段落 417:
文本内容: 营销渠道与环境适应
段落样式: Heading 4
从样式获取的格式:
  样式字体: 未设置
  样式字号: 未设置
  样式颜色: 未设置
对齐方式: 未设置
左缩进: 未设置
右缩进: 未设置
首行缩进: 未设置
行间距: 未设置
从XML读取的格式:
  运行 1: '营销渠道与环境适应'
    字体: 未设置
    大小: 未设置
    粗体: 未设置
    斜体: 未设置
    下划线: 未设置
    标准颜色: 未设置

段落 418:
文本内容: 还有一部分学者认为，医疗器械的市场营销策略需要重视营销渠道和环境适应。彭晓野（2023）指出营销渠道作为连接企业与市场的桥梁，营销的地位也越来越重要。在当前机遇和挑战并存在竞争态势下，医疗器械从业企业开始致力于通过完善营销渠道建设来打造公司的核心竞争力。同时医疗器械行业是一个高度依赖国家政策的领域。企业需要进行深入的市场调研，及时捕捉市场趋势和客户的反馈，仔细研究政策，再进行市场营销渠道策略的制定。企业还应该了解同行业营销渠道的优化方向和的动态，以优化提高公司营销渠道的有效性[]。王强（2019）在其研究中强调，在医疗器械行业制定营销策略之初，必须深入掌握行业的最新动态，包括发展趋势和竞争格局。他认为，企业必须建立在对行业全面而深刻的洞察之上，方能构思出既切实可行又精准有效的营销方案。这样的策略能够助力企业实现长期稳定的发展目标[]。
段落样式: 正文-缩进
从样式获取的格式:
  样式字体: 未设置
  样式字号: 未设置
  样式颜色: 未设置
对齐方式: 未设置
左缩进: 未设置
右缩进: 未设置
首行缩进: 未设置
行间距: 未设置
从XML读取的格式:
  运行 1: '还有一部分学者认为，医疗器械的市场营销策略需要重视营销渠道和环境适应。'
    字体: 未设置
    大小: 未设置
    粗体: 未设置
    斜体: 未设置
    下划线: 未设置
    标准颜色: 未设置
  运行 2: '彭晓野'
    字体: 未设置
    大小: 未设置
    粗体: 未设置
    斜体: 未设置
    下划线: 未设置
    标准颜色: 未设置
  运行 3: '（'
    字体: 未设置
    大小: 未设置
    粗体: 未设置
    斜体: 未设置
    下划线: 未设置
    标准颜色: 未设置
  运行 4: '2023'
    字体: 未设置
    大小: 未设置
    粗体: 未设置
    斜体: 未设置
    下划线: 未设置
    标准颜色: 未设置
  运行 5: '）'
    字体: 未设置
    大小: 未设置
    粗体: 未设置
    斜体: 未设置
    下划线: 未设置
    标准颜色: 未设置
  运行 6: '指出'
    字体: 未设置
    大小: 未设置
    粗体: 未设置
    斜体: 未设置
    下划线: 未设置
    标准颜色: 未设置
  运行 7: '营销渠道作为连接企业与市场的桥梁'
    字体: 未设置
    大小: 未设置
    粗体: 未设置
    斜体: 未设置
    下划线: 未设置
    标准颜色: 未设置
  运行 8: '，'
    字体: 未设置
    大小: 未设置
    粗体: 未设置
    斜体: 未设置
    下划线: 未设置
    标准颜色: 未设置
  运行 9: '营销的地位也越来越重要。在当前机遇和挑战并存在竞争态势下'
    字体: 未设置
    大小: 未设置
    粗体: 未设置
    斜体: 未设置
    下划线: 未设置
    标准颜色: 未设置
  运行 10: '，'
    字体: 未设置
    大小: 未设置
    粗体: 未设置
    斜体: 未设置
    下划线: 未设置
    标准颜色: 未设置
  运行 11: '医疗器械从业企业开始致力于通过完善营销渠道建设来打造公司的核心竞争力。'
    字体: 未设置
    大小: 未设置
    粗体: 未设置
    斜体: 未设置
    下划线: 未设置
    标准颜色: 未设置
  运行 12: '同时医疗器械行业'
    字体: 未设置
    大小: 未设置
    粗体: 未设置
    斜体: 未设置
    下划线: 未设置
    标准颜色: 未设置
  运行 13: '是一个高度依赖国家政策的领域。企业需要进行深入的市场调研，及时捕捉市场趋势和客户的反馈'
    字体: 未设置
    大小: 未设置
    粗体: 未设置
    斜体: 未设置
    下划线: 未设置
    标准颜色: 未设置
  运行 14: '，'
    字体: 未设置
    大小: 未设置
    粗体: 未设置
    斜体: 未设置
    下划线: 未设置
    标准颜色: 未设置
  运行 15: '仔细研究政策'
    字体: 未设置
    大小: 未设置
    粗体: 未设置
    斜体: 未设置
    下划线: 未设置
    标准颜色: 未设置
  运行 16: '，再进行市场营销'
    字体: 未设置
    大小: 未设置
    粗体: 未设置
    斜体: 未设置
    下划线: 未设置
    标准颜色: 未设置
  运行 17: '渠道'
    字体: 未设置
    大小: 未设置
    粗体: 未设置
    斜体: 未设置
    下划线: 未设置
    标准颜色: 未设置
  运行 18: '策略的制定'
    字体: 未设置
    大小: 未设置
    粗体: 未设置
    斜体: 未设置
    下划线: 未设置
    标准颜色: 未设置
  运行 19: '。企业还应该了解同行业营销渠道的优'
    字体: 未设置
    大小: 未设置
    粗体: 未设置
    斜体: 未设置
    下划线: 未设置
    标准颜色: 未设置
  运行 20: '化方向'
    字体: 未设置
    大小: 未设置
    粗体: 未设置
    斜体: 未设置
    下划线: 未设置
    标准颜色: 未设置
  运行 21: '和'
    字体: 未设置
    大小: 未设置
    粗体: 未设置
    斜体: 未设置
    下划线: 未设置
    标准颜色: 未设置
  运行 22: '的动态'
    字体: 未设置
    大小: 未设置
    粗体: 未设置
    斜体: 未设置
    下划线: 未设置
    标准颜色: 未设置
  运行 23: '，以'
    字体: 未设置
    大小: 未设置
    粗体: 未设置
    斜体: 未设置
    下划线: 未设置
    标准颜色: 未设置
  运行 24: '优化'
    字体: 未设置
    大小: 未设置
    粗体: 未设置
    斜体: 未设置
    下划线: 未设置
    标准颜色: 未设置
  运行 25: '提高公司营销渠道的'
    字体: 未设置
    大小: 未设置
    粗体: 未设置
    斜体: 未设置
    下划线: 未设置
    标准颜色: 未设置
  运行 26: '有效性'
    字体: 未设置
    大小: 未设置
    粗体: 未设置
    斜体: 未设置
    下划线: 未设置
    标准颜色: 未设置
  运行 27: '['
    字体: 未设置
    大小: 未设置
    粗体: 未设置
    斜体: 未设置
    下划线: 未设置
    标准颜色: 未设置
  运行 28: ''
    字体: 未设置
    大小: 未设置
    粗体: 未设置
    斜体: 未设置
    下划线: 未设置
    标准颜色: 未设置
  运行 29: ']'
    字体: 未设置
    大小: 未设置
    粗体: 未设置
    斜体: 未设置
    下划线: 未设置
    标准颜色: 未设置
  运行 30: '。'
    字体: 未设置
    大小: 未设置
    粗体: 未设置
    斜体: 未设置
    下划线: 未设置
    标准颜色: 未设置
  运行 31: '王强'
    字体: 未设置
    大小: 未设置
    粗体: 未设置
    斜体: 未设置
    下划线: 未设置
    标准颜色: 未设置
  运行 32: '（'
    字体: 未设置
    大小: 未设置
    粗体: 未设置
    斜体: 未设置
    下划线: 未设置
    标准颜色: 未设置
  运行 33: '2019'
    字体: 未设置
    大小: 未设置
    粗体: 未设置
    斜体: 未设置
    下划线: 未设置
    标准颜色: 未设置
  运行 34: '）在其'
    字体: 未设置
    大小: 未设置
    粗体: 未设置
    斜体: 未设置
    下划线: 未设置
    标准颜色: 未设置
  运行 35: '研究中强调，在医疗器械行业制定营销策略之初，必须深入掌握行业的最新动态，包括发展趋势和竞争格局。他认为，企业必须建立在对行业全面而深刻的洞察之上，方能构思出既切实可行又精准有效的营销方案。这样的策略能够助力企业实现长期稳定的发展目标'
    字体: 未设置
    大小: 未设置
    粗体: 未设置
    斜体: 未设置
    下划线: 未设置
    标准颜色: 未设置
  运行 36: '['
    字体: 未设置
    大小: 未设置
    粗体: 未设置
    斜体: 未设置
    下划线: 未设置
    标准颜色: 未设置
  运行 37: ''
    字体: 未设置
    大小: 未设置
    粗体: 未设置
    斜体: 未设置
    下划线: 未设置
    标准颜色: 未设置
  运行 38: ']'
    字体: 未设置
    大小: 未设置
    粗体: 未设置
    斜体: 未设置
    下划线: 未设置
    标准颜色: 未设置
  运行 39: '。'
    字体: 未设置
    大小: 未设置
    粗体: 未设置
    斜体: 未设置
    下划线: 未设置
    标准颜色: 未设置

段落 419:
文本内容: 伍敏（2021）指出在新形势下，医疗器械经销商要实现有效发展，必须采取一系列适应市场变化的营销策略。这包括深入市场调研以精准定位营销策略，强化营销团队的专业培训以提升营销水平，以及向专销模式转变以增强与生产企业的合作关系。同时他强调转变营销模式，如引入分期付款等现代支付方式，并通过渠道销售拓展市场。实施关系营销策略，与顾客和生产企业建立长期稳定的伙伴关系，是提升经销商市场竞争力和实现可持续发展的关键[]。孙军科（2022）强调为了在激烈的市场竞争中立于不败之地，医疗器械经销商必须采取市场导向的产品规划，优化产销合作模式，转变经销模式走向专销道路，强化学习以提升经销实力，并对现有的经营策略进行深入反思和实时调整。孙军科认为，通过这些策略的实施，经销商能够强化与生产企业的合作关系，提升市场竞争力，实现销售收入的增长和市场占有率的提升[]。
段落样式: 正文-缩进
从样式获取的格式:
  样式字体: 未设置
  样式字号: 未设置
  样式颜色: 未设置
对齐方式: 未设置
左缩进: 未设置
右缩进: 未设置
首行缩进: 未设置
行间距: 未设置
从XML读取的格式:
  运行 1: '伍敏'
    字体: 未设置
    大小: 未设置
    粗体: 未设置
    斜体: 未设置
    下划线: 未设置
    标准颜色: 未设置
  运行 2: '（'
    字体: 未设置
    大小: 未设置
    粗体: 未设置
    斜体: 未设置
    下划线: 未设置
    标准颜色: 未设置
  运行 3: '2021'
    字体: 未设置
    大小: 未设置
    粗体: 未设置
    斜体: 未设置
    下划线: 未设置
    标准颜色: 未设置
  运行 4: '）'
    字体: 未设置
    大小: 未设置
    粗体: 未设置
    斜体: 未设置
    下划线: 未设置
    标准颜色: 未设置
  运行 5: '指出在新形势下，医疗器械经销商要实现有效发展，必须采取一系列适应市场变化的营销策略。这包括深入市场调研以精准定位营销策略，强化营销团队的专业培训'
    字体: 未设置
    大小: 未设置
    粗体: 未设置
    斜体: 未设置
    下划线: 未设置
    标准颜色: 未设置
  运行 6: '以'
    字体: 未设置
    大小: 未设置
    粗体: 未设置
    斜体: 未设置
    下划线: 未设置
    标准颜色: 未设置
  运行 7: '提升营销水平，以及向专销模式转变以增强与生产企业的合作关系。同时他强调转变营销模式，如引入分期付款等现代支付方式，并通过渠道销售拓展市场。实施关系营销策略，与顾客和生产企业建立长期稳定的伙伴关系，是提升经销商市场竞争力和实现可持续发展的关键'
    字体: 未设置
    大小: 未设置
    粗体: 未设置
    斜体: 未设置
    下划线: 未设置
    标准颜色: 未设置
  运行 8: '['
    字体: 未设置
    大小: 未设置
    粗体: 未设置
    斜体: 未设置
    下划线: 未设置
    标准颜色: 未设置
  运行 9: ''
    字体: 未设置
    大小: 未设置
    粗体: 未设置
    斜体: 未设置
    下划线: 未设置
    标准颜色: 未设置
  运行 10: ']'
    字体: 未设置
    大小: 未设置
    粗体: 未设置
    斜体: 未设置
    下划线: 未设置
    标准颜色: 未设置
  运行 11: '。孙军科'
    字体: 未设置
    大小: 未设置
    粗体: 未设置
    斜体: 未设置
    下划线: 未设置
    标准颜色: 未设置
  运行 12: '（'
    字体: 未设置
    大小: 未设置
    粗体: 未设置
    斜体: 未设置
    下划线: 未设置
    标准颜色: 未设置
  运行 13: '2022'
    字体: 未设置
    大小: 未设置
    粗体: 未设置
    斜体: 未设置
    下划线: 未设置
    标准颜色: 未设置
  运行 14: '）'
    字体: 未设置
    大小: 未设置
    粗体: 未设置
    斜体: 未设置
    下划线: 未设置
    标准颜色: 未设置
  运行 15: '强调为了在激烈的市场竞争中立于不败之地，医疗器械经销商必须采取市场导向的产品规划，优化产销合作模式，转变经销模式走向专销道路，强化学习以提升经销实力，并对现有的经营策略进行深入反思和实时调整。孙军科认为，通过这些策略的实施，经销商能够强化与生产企业的合作关系，提升市场竞争力，实现销售收入的增长和市场占有率的提升'
    字体: 未设置
    大小: 未设置
    粗体: 未设置
    斜体: 未设置
    下划线: 未设置
    标准颜色: 未设置
  运行 16: '['
    字体: 未设置
    大小: 未设置
    粗体: 未设置
    斜体: 未设置
    下划线: 未设置
    标准颜色: 未设置
  运行 17: ''
    字体: 未设置
    大小: 未设置
    粗体: 未设置
    斜体: 未设置
    下划线: 未设置
    标准颜色: 未设置
  运行 18: ']'
    字体: 未设置
    大小: 未设置
    粗体: 未设置
    斜体: 未设置
    下划线: 未设置
    标准颜色: 未设置
  运行 19: '。'
    字体: 未设置
    大小: 未设置
    粗体: 未设置
    斜体: 未设置
    下划线: 未设置
    标准颜色: 未设置

段落 420:
文本内容: 文献述评
段落样式: Heading 3
从样式获取的格式:
  样式字体: 未设置
  样式字号: 未设置
  样式颜色: 未设置
对齐方式: 未设置
左缩进: 未设置
右缩进: 未设置
首行缩进: 未设置
行间距: 未设置
从XML读取的格式:
  运行 1: '文献述评'
    字体: 未设置
    大小: 未设置
    粗体: 未设置
    斜体: 未设置
    下划线: 未设置
    标准颜色: 未设置
  运行 2: ''
    字体: 未设置
    大小: 未设置
    粗体: 未设置
    斜体: 未设置
    下划线: 未设置
    标准颜色: 未设置
  运行 3: ''
    字体: 未设置
    大小: 未设置
    粗体: 未设置
    斜体: 未设置
    下划线: 未设置
    标准颜色: 未设置
  运行 4: ''
    字体: 未设置
    大小: 未设置
    粗体: 未设置
    斜体: 未设置
    下划线: 未设置
    标准颜色: 未设置
  运行 5: ''
    字体: 未设置
    大小: 未设置
    粗体: 未设置
    斜体: 未设置
    下划线: 未设置
    标准颜色: 未设置
  运行 6: ''
    字体: 未设置
    大小: 未设置
    粗体: 未设置
    斜体: 未设置
    下划线: 未设置
    标准颜色: 未设置
  运行 7: ''
    字体: 未设置
    大小: 未设置
    粗体: 未设置
    斜体: 未设置
    下划线: 未设置
    标准颜色: 未设置
  运行 8: ''
    字体: 未设置
    大小: 未设置
    粗体: 未设置
    斜体: 未设置
    下划线: 未设置
    标准颜色: 未设置
  运行 9: ''
    字体: 未设置
    大小: 未设置
    粗体: 未设置
    斜体: 未设置
    下划线: 未设置
    标准颜色: 未设置
  运行 10: ''
    字体: 未设置
    大小: 未设置
    粗体: 未设置
    斜体: 未设置
    下划线: 未设置
    标准颜色: 未设置
  运行 11: ''
    字体: 未设置
    大小: 未设置
    粗体: 未设置
    斜体: 未设置
    下划线: 未设置
    标准颜色: 未设置

段落 421:
文本内容: 综上所述，市场营销策略的演进反映了市场环境的不断变化和消费者需求的多样化。从麦卡锡的4Ps理论开始，营销策略逐渐发展为更加注重消费者体验的4Cs，以及强调竞争和差异化的4Rs和4Vs策略。体现了市场营销的动态性和企业资源配置的优化。服务营销理论的引入，特别是对服务无形性的深入探讨，为建立消费者信任和提升满意度提供了新的视角和新的策略。学者们如Olivier、Stanton和Lowenhar、Gronroos等，通过研究服务设计、交付和客户互动，为服务营销提供了全面的框架。此外，服务营销理论也被成功应用于教育、广电等行业，强调了客户满意度和有形化策略的重要性。
段落样式: 正文-缩进
从样式获取的格式:
  样式字体: 未设置
  样式字号: 未设置
  样式颜色: 未设置
对齐方式: 未设置
左缩进: 未设置
右缩进: 未设置
首行缩进: 未设置
行间距: 未设置
从XML读取的格式:
  运行 1: '综上所述，市场营销策略的演进反映了市场环境的不断变化和消费者需求的多样化。从麦卡锡的'
    字体: 未设置
    大小: 未设置
    粗体: 未设置
    斜体: 未设置
    下划线: 未设置
    标准颜色: 未设置
  运行 2: '4P'
    字体: 未设置
    大小: 未设置
    粗体: 未设置
    斜体: 未设置
    下划线: 未设置
    标准颜色: 未设置
  运行 3: 's'
    字体: 未设置
    大小: 未设置
    粗体: 未设置
    斜体: 未设置
    下划线: 未设置
    标准颜色: 未设置
  运行 4: '理论开始，营销策略逐渐发展为更加注重消费者体验的'
    字体: 未设置
    大小: 未设置
    粗体: 未设置
    斜体: 未设置
    下划线: 未设置
    标准颜色: 未设置
  运行 5: '4Cs'
    字体: 未设置
    大小: 未设置
    粗体: 未设置
    斜体: 未设置
    下划线: 未设置
    标准颜色: 未设置
  运行 6: '，以及强调竞争和差异化的'
    字体: 未设置
    大小: 未设置
    粗体: 未设置
    斜体: 未设置
    下划线: 未设置
    标准颜色: 未设置
  运行 7: '4Rs'
    字体: 未设置
    大小: 未设置
    粗体: 未设置
    斜体: 未设置
    下划线: 未设置
    标准颜色: 未设置
  运行 8: '和'
    字体: 未设置
    大小: 未设置
    粗体: 未设置
    斜体: 未设置
    下划线: 未设置
    标准颜色: 未设置
  运行 9: '4Vs'
    字体: 未设置
    大小: 未设置
    粗体: 未设置
    斜体: 未设置
    下划线: 未设置
    标准颜色: 未设置
  运行 10: '策略。体现了市场营销的动态性和企业资源配置的优化。'
    字体: 未设置
    大小: 未设置
    粗体: 未设置
    斜体: 未设置
    下划线: 未设置
    标准颜色: 未设置
  运行 11: '服务营销理论的引入，特别是对服务无形性的深入探讨，为建立消费者信任和提升满意度提供了新的视角'
    字体: 未设置
    大小: 未设置
    粗体: 未设置
    斜体: 未设置
    下划线: 未设置
    标准颜色: 未设置
  运行 12: '和新的策略'
    字体: 未设置
    大小: 未设置
    粗体: 未设置
    斜体: 未设置
    下划线: 未设置
    标准颜色: 未设置
  运行 13: '。学者们如'
    字体: 未设置
    大小: 未设置
    粗体: 未设置
    斜体: 未设置
    下划线: 未设置
    标准颜色: 未设置
  运行 14: 'Olivier'
    字体: 未设置
    大小: 未设置
    粗体: 未设置
    斜体: 未设置
    下划线: 未设置
    标准颜色: 未设置
  运行 15: '、'
    字体: 未设置
    大小: 未设置
    粗体: 未设置
    斜体: 未设置
    下划线: 未设置
    标准颜色: 未设置
  运行 16: 'Stanton'
    字体: 未设置
    大小: 未设置
    粗体: 未设置
    斜体: 未设置
    下划线: 未设置
    标准颜色: 未设置
  运行 17: '和'
    字体: 未设置
    大小: 未设置
    粗体: 未设置
    斜体: 未设置
    下划线: 未设置
    标准颜色: 未设置
  运行 18: 'Lowenhar'
    字体: 未设置
    大小: 未设置
    粗体: 未设置
    斜体: 未设置
    下划线: 未设置
    标准颜色: 未设置
  运行 19: '、'
    字体: 未设置
    大小: 未设置
    粗体: 未设置
    斜体: 未设置
    下划线: 未设置
    标准颜色: 未设置
  运行 20: 'Gronroos'
    字体: 未设置
    大小: 未设置
    粗体: 未设置
    斜体: 未设置
    下划线: 未设置
    标准颜色: 未设置
  运行 21: '等，通过研究服务设计、交付和客户互动，为服务营销提供了全面的框架。此外，服务营销理论也被成功应用于教育、广电等行业，强调了客户满意度和有形化策略的重要性。'
    字体: 未设置
    大小: 未设置
    粗体: 未设置
    斜体: 未设置
    下划线: 未设置
    标准颜色: 未设置

段落 422:
文本内容: 随着大数据和互联网技术的发展，数据营销和互联网营销成为新的研究热点。何斌提出的“数据营销”策略，强调了数据分析在营销决策中的核心作用，而孙雯雯的研究则指出了市场细分与大数据结合的重要性。这些研究不仅为企业提供了理论支持，也为实践提供了指导，强调了在激烈的市场竞争中，企业需要不断创新和适应，以实现成本效益最大化和提升市场竞争力。综合来看，市场营销策略的发展是一个动态且多维的过程，要求企业不断学习和适应新的理论和实践，以保持其在市场中的领先地位。
段落样式: 正文-缩进
从样式获取的格式:
  样式字体: 未设置
  样式字号: 未设置
  样式颜色: 未设置
对齐方式: 未设置
左缩进: 未设置
右缩进: 未设置
首行缩进: 未设置
行间距: 未设置
从XML读取的格式:
  运行 1: '随着大数据和互联网技术的发展，数据营销和互联网营销成为新的研究热点。何斌提出的“数据营销”策略，强调了数据分析在营销决策中的核心作用，而孙雯雯的研究则指出了市场细分与大数据结合的重要性。这些研究不仅为企业提供了理'
    字体: 未设置
    大小: 未设置
    粗体: 未设置
    斜体: 未设置
    下划线: 未设置
    标准颜色: 未设置
  运行 2: '论支持，也为实践提供了指导，强调了在激烈的市场竞争中，企业需要不断创新和适应，以实现成本效益最大化和提升市场竞争力。综合来看，市场营销策略的发展是一个动态且多维的过程，要求企业不断学习和适应新的理论和实践，以保持其在市场中的领先地位。'
    字体: 未设置
    大小: 未设置
    粗体: 未设置
    斜体: 未设置
    下划线: 未设置
    标准颜色: 未设置

段落 423:
文本内容: 医疗器械市场营销策略的研究虽起步较晚，但随着市场竞争加剧，其重要性日益凸显，学术界和企业界通过深入研究和实践，提出了多种营销策略和理论。学者们普遍认为医疗器械市场营销应注重市场细分和客户关系管理。但有的学者也指出了企业在产品质量、产品结构和市场推广方面面临的挑战。还有部分学者认为关系营销和社交媒体在提升客户忠诚度和品牌人性化方面也显示出巨大潜力。医疗器械市场营销是一个复杂且多维的领域，涉及市场细分、客户关系、成本控制、信息技术、政策导向等多个方面。未来的研究应更加注重实证分析和跨学科的整合，以指导企业制定更加有效的市场营销策略。
段落样式: 正文-缩进
从样式获取的格式:
  样式字体: 未设置
  样式字号: 未设置
  样式颜色: 未设置
对齐方式: 未设置
左缩进: 未设置
右缩进: 未设置
首行缩进: 未设置
行间距: 未设置
从XML读取的格式:
  运行 1: '医疗器械市场营销策略的研究虽起步较晚，但随着市场竞争加剧，其重要性日益凸显，'
    字体: 未设置
    大小: 未设置
    粗体: 未设置
    斜体: 未设置
    下划线: 未设置
    标准颜色: 未设置
  运行 2: '学术界和企业界通过深入研究和实践，提出了多种营销策略和理论。'
    字体: 未设置
    大小: 未设置
    粗体: 未设置
    斜体: 未设置
    下划线: 未设置
    标准颜色: 未设置
  运行 3: '学者们普遍认为医疗器械市场营销应注重市场细分和客户关系管理。但'
    字体: 未设置
    大小: 未设置
    粗体: 未设置
    斜体: 未设置
    下划线: 未设置
    标准颜色: 未设置
  运行 4: '有的学者'
    字体: 未设置
    大小: 未设置
    粗体: 未设置
    斜体: 未设置
    下划线: 未设置
    标准颜色: 未设置
  运行 5: '也指出了企业在产品质量、产品结构和市场推广方面面临的挑战。'
    字体: 未设置
    大小: 未设置
    粗体: 未设置
    斜体: 未设置
    下划线: 未设置
    标准颜色: 未设置
  运行 6: '还有部分学者认为'
    字体: 未设置
    大小: 未设置
    粗体: 未设置
    斜体: 未设置
    下划线: 未设置
    标准颜色: 未设置
  运行 7: '关系营销和社交媒体在提升客户忠诚度和品牌人性化方面也显示出巨大潜力。医疗器械市场营销是一个复杂且多维的领域，涉及市场细分、客户关系、成本控制、信息技术、政策导向等多个方面。未来的研究应更加注重实证分析和跨学科的整合，以指导企业制定更加有效的市场营销策略。'
    字体: 未设置
    大小: 未设置
    粗体: 未设置
    斜体: 未设置
    下划线: 未设置
    标准颜色: 未设置

段落 424:
文本内容: 第三章　Y公司营销外部环境分析
段落样式: Heading 1
从样式获取的格式:
  样式字体: 未设置
  样式字号: 190500
  样式字号(pt): 15.0
  样式颜色: 未设置
对齐方式: 未设置
左缩进: 未设置
右缩进: 未设置
首行缩进: 未设置
行间距: 未设置
从XML读取的格式:
  运行 1: '第三章'
    字体: 未设置
    大小: 未设置
    粗体: 未设置
    斜体: 未设置
    下划线: 未设置
    标准颜色: 未设置
  运行 2: '　'
    字体: 未设置
    大小: 未设置
    粗体: 未设置
    斜体: 未设置
    下划线: 未设置
    标准颜色: 未设置
  运行 3: 'Y'
    字体: 未设置
    大小: 未设置
    粗体: 未设置
    斜体: 未设置
    下划线: 未设置
    标准颜色: 未设置
  运行 4: '公司营销外部环境分析'
    字体: 未设置
    大小: 未设置
    粗体: 未设置
    斜体: 未设置
    下划线: 未设置
    标准颜色: 未设置
  运行 5: ''
    字体: 未设置
    大小: 未设置
    粗体: 未设置
    斜体: 未设置
    下划线: 未设置
    标准颜色: 未设置
  运行 6: ''
    字体: 未设置
    大小: 未设置
    粗体: 未设置
    斜体: 未设置
    下划线: 未设置
    标准颜色: 未设置
  运行 7: ''
    字体: 未设置
    大小: 未设置
    粗体: 未设置
    斜体: 未设置
    下划线: 未设置
    标准颜色: 未设置
  运行 8: ''
    字体: 未设置
    大小: 未设置
    粗体: 未设置
    斜体: 未设置
    下划线: 未设置
    标准颜色: 未设置
  运行 9: ''
    字体: 未设置
    大小: 未设置
    粗体: 未设置
    斜体: 未设置
    下划线: 未设置
    标准颜色: 未设置
  运行 10: ''
    字体: 未设置
    大小: 未设置
    粗体: 未设置
    斜体: 未设置
    下划线: 未设置
    标准颜色: 未设置
  运行 11: ''
    字体: 未设置
    大小: 未设置
    粗体: 未设置
    斜体: 未设置
    下划线: 未设置
    标准颜色: 未设置
  运行 12: ''
    字体: 未设置
    大小: 未设置
    粗体: 未设置
    斜体: 未设置
    下划线: 未设置
    标准颜色: 未设置
  运行 13: ''
    字体: 未设置
    大小: 未设置
    粗体: 未设置
    斜体: 未设置
    下划线: 未设置
    标准颜色: 未设置

段落 425:
文本内容: 本章内容分为四个部分：Y公司基本情况、Y公司的宏观环境分析、竞争环境分析以及SWOT分析。通过对眼科医疗器械行业的全面审视，本章致力于评估外部环境因素对眼科医疗器械行业发展的影响，旨在为Y公司在该行业的持续成长提供坚实的研究支撑。此外，本章还旨在识别Y公司面临的营销问题和挑战，并深入分析其潜在原因，为公司的战略规划和决策提供依据。
段落样式: 正文-缩进
从样式获取的格式:
  样式字体: 未设置
  样式字号: 未设置
  样式颜色: 未设置
对齐方式: 未设置
左缩进: 未设置
右缩进: 未设置
首行缩进: 未设置
行间距: 未设置
从XML读取的格式:
  运行 1: '本章'
    字体: 未设置
    大小: 未设置
    粗体: 未设置
    斜体: 未设置
    下划线: 未设置
    标准颜色: 未设置
  运行 2: '内容'
    字体: 未设置
    大小: 未设置
    粗体: 未设置
    斜体: 未设置
    下划线: 未设置
    标准颜色: 未设置
  运行 3: '分为'
    字体: 未设置
    大小: 未设置
    粗体: 未设置
    斜体: 未设置
    下划线: 未设置
    标准颜色: 未设置
  运行 4: '四'
    字体: 未设置
    大小: 未设置
    粗体: 未设置
    斜体: 未设置
    下划线: 未设置
    标准颜色: 未设置
  运行 5: '个部分：'
    字体: 未设置
    大小: 未设置
    粗体: 未设置
    斜体: 未设置
    下划线: 未设置
    标准颜色: 未设置
  运行 6: 'Y'
    字体: 未设置
    大小: 未设置
    粗体: 未设置
    斜体: 未设置
    下划线: 未设置
    标准颜色: 未设置
  运行 7: '公司'
    字体: 未设置
    大小: 未设置
    粗体: 未设置
    斜体: 未设置
    下划线: 未设置
    标准颜色: 未设置
  运行 8: '基本情况'
    字体: 未设置
    大小: 未设置
    粗体: 未设置
    斜体: 未设置
    下划线: 未设置
    标准颜色: 未设置
  运行 9: '、'
    字体: 未设置
    大小: 未设置
    粗体: 未设置
    斜体: 未设置
    下划线: 未设置
    标准颜色: 未设置
  运行 10: 'Y'
    字体: 未设置
    大小: 未设置
    粗体: 未设置
    斜体: 未设置
    下划线: 未设置
    标准颜色: 未设置
  运行 11: '公司'
    字体: 未设置
    大小: 未设置
    粗体: 未设置
    斜体: 未设置
    下划线: 未设置
    标准颜色: 未设置
  运行 12: '的宏观环境分析、竞争环境分析以及'
    字体: 未设置
    大小: 未设置
    粗体: 未设置
    斜体: 未设置
    下划线: 未设置
    标准颜色: 未设置
  运行 13: 'SWOT'
    字体: 未设置
    大小: 未设置
    粗体: 未设置
    斜体: 未设置
    下划线: 未设置
    标准颜色: 未设置
  运行 14: '分析。通过对眼科医疗器械行业的全面审视，本章致力于评估外部环境因素对眼科医疗器械行业发展的影响，旨在为'
    字体: 未设置
    大小: 未设置
    粗体: 未设置
    斜体: 未设置
    下划线: 未设置
    标准颜色: 未设置
  运行 15: 'Y'
    字体: 未设置
    大小: 未设置
    粗体: 未设置
    斜体: 未设置
    下划线: 未设置
    标准颜色: 未设置
  运行 16: '公司在该行业的持续成长提供坚实的研究支撑。此外，本章还旨在识别'
    字体: 未设置
    大小: 未设置
    粗体: 未设置
    斜体: 未设置
    下划线: 未设置
    标准颜色: 未设置
  运行 17: 'Y'
    字体: 未设置
    大小: 未设置
    粗体: 未设置
    斜体: 未设置
    下划线: 未设置
    标准颜色: 未设置
  运行 18: '公司面临的营销'
    字体: 未设置
    大小: 未设置
    粗体: 未设置
    斜体: 未设置
    下划线: 未设置
    标准颜色: 未设置
  运行 19: '问题和挑战'
    字体: 未设置
    大小: 未设置
    粗体: 未设置
    斜体: 未设置
    下划线: 未设置
    标准颜色: 未设置
  运行 20: '，并深入分析其潜在原因，为公司的战略规划和决策提供依据。'
    字体: 未设置
    大小: 未设置
    粗体: 未设置
    斜体: 未设置
    下划线: 未设置
    标准颜色: 未设置

段落 426:
文本内容: Y公司基本情况介绍
段落样式: Heading 2
从样式获取的格式:
  样式字体: 未设置
  样式字号: 177800
  样式字号(pt): 14.0
  样式颜色: 未设置
对齐方式: 未设置
左缩进: 未设置
右缩进: 未设置
首行缩进: 未设置
行间距: 未设置
从XML读取的格式:
  运行 1: 'Y'
    字体: 未设置
    大小: 未设置
    粗体: 未设置
    斜体: 未设置
    下划线: 未设置
    标准颜色: 未设置
  运行 2: '公司'
    字体: 未设置
    大小: 未设置
    粗体: 未设置
    斜体: 未设置
    下划线: 未设置
    标准颜色: 未设置
  运行 3: '基本情况介绍'
    字体: 未设置
    大小: 未设置
    粗体: 未设置
    斜体: 未设置
    下划线: 未设置
    标准颜色: 未设置
  运行 4: ''
    字体: 未设置
    大小: 未设置
    粗体: 未设置
    斜体: 未设置
    下划线: 未设置
    标准颜色: 未设置
  运行 5: ''
    字体: 未设置
    大小: 未设置
    粗体: 未设置
    斜体: 未设置
    下划线: 未设置
    标准颜色: 未设置
  运行 6: ''
    字体: 未设置
    大小: 未设置
    粗体: 未设置
    斜体: 未设置
    下划线: 未设置
    标准颜色: 未设置
  运行 7: ''
    字体: 未设置
    大小: 未设置
    粗体: 未设置
    斜体: 未设置
    下划线: 未设置
    标准颜色: 未设置
  运行 8: ''
    字体: 未设置
    大小: 未设置
    粗体: 未设置
    斜体: 未设置
    下划线: 未设置
    标准颜色: 未设置
  运行 9: ''
    字体: 未设置
    大小: 未设置
    粗体: 未设置
    斜体: 未设置
    下划线: 未设置
    标准颜色: 未设置
  运行 10: ''
    字体: 未设置
    大小: 未设置
    粗体: 未设置
    斜体: 未设置
    下划线: 未设置
    标准颜色: 未设置
  运行 11: ''
    字体: 未设置
    大小: 未设置
    粗体: 未设置
    斜体: 未设置
    下划线: 未设置
    标准颜色: 未设置
  运行 12: ''
    字体: 未设置
    大小: 未设置
    粗体: 未设置
    斜体: 未设置
    下划线: 未设置
    标准颜色: 未设置
  运行 13: ''
    字体: 未设置
    大小: 未设置
    粗体: 未设置
    斜体: 未设置
    下划线: 未设置
    标准颜色: 未设置
  运行 14: ''
    字体: 未设置
    大小: 未设置
    粗体: 未设置
    斜体: 未设置
    下划线: 未设置
    标准颜色: 未设置
  运行 15: ''
    字体: 未设置
    大小: 未设置
    粗体: 未设置
    斜体: 未设置
    下划线: 未设置
    标准颜色: 未设置
  运行 16: ''
    字体: 未设置
    大小: 未设置
    粗体: 未设置
    斜体: 未设置
    下划线: 未设置
    标准颜色: 未设置
  运行 17: ''
    字体: 未设置
    大小: 未设置
    粗体: 未设置
    斜体: 未设置
    下划线: 未设置
    标准颜色: 未设置
  运行 18: ''
    字体: 未设置
    大小: 未设置
    粗体: 未设置
    斜体: 未设置
    下划线: 未设置
    标准颜色: 未设置
  运行 19: ''
    字体: 未设置
    大小: 未设置
    粗体: 未设置
    斜体: 未设置
    下划线: 未设置
    标准颜色: 未设置
  运行 20: ''
    字体: 未设置
    大小: 未设置
    粗体: 未设置
    斜体: 未设置
    下划线: 未设置
    标准颜色: 未设置
  运行 21: ''
    字体: 未设置
    大小: 未设置
    粗体: 未设置
    斜体: 未设置
    下划线: 未设置
    标准颜色: 未设置
  运行 22: ''
    字体: 未设置
    大小: 未设置
    粗体: 未设置
    斜体: 未设置
    下划线: 未设置
    标准颜色: 未设置
  运行 23: ''
    字体: 未设置
    大小: 未设置
    粗体: 未设置
    斜体: 未设置
    下划线: 未设置
    标准颜色: 未设置
  运行 24: ''
    字体: 未设置
    大小: 未设置
    粗体: 未设置
    斜体: 未设置
    下划线: 未设置
    标准颜色: 未设置
  运行 25: ''
    字体: 未设置
    大小: 未设置
    粗体: 未设置
    斜体: 未设置
    下划线: 未设置
    标准颜色: 未设置
  运行 26: ''
    字体: 未设置
    大小: 未设置
    粗体: 未设置
    斜体: 未设置
    下划线: 未设置
    标准颜色: 未设置
  运行 27: ''
    字体: 未设置
    大小: 未设置
    粗体: 未设置
    斜体: 未设置
    下划线: 未设置
    标准颜色: 未设置
  运行 28: ''
    字体: 未设置
    大小: 未设置
    粗体: 未设置
    斜体: 未设置
    下划线: 未设置
    标准颜色: 未设置
  运行 29: ''
    字体: 未设置
    大小: 未设置
    粗体: 未设置
    斜体: 未设置
    下划线: 未设置
    标准颜色: 未设置
  运行 30: ''
    字体: 未设置
    大小: 未设置
    粗体: 未设置
    斜体: 未设置
    下划线: 未设置
    标准颜色: 未设置
  运行 31: ''
    字体: 未设置
    大小: 未设置
    粗体: 未设置
    斜体: 未设置
    下划线: 未设置
    标准颜色: 未设置
  运行 32: ''
    字体: 未设置
    大小: 未设置
    粗体: 未设置
    斜体: 未设置
    下划线: 未设置
    标准颜色: 未设置

段落 427:
文本内容: Y公司简介
段落样式: Heading 3
从样式获取的格式:
  样式字体: 未设置
  样式字号: 未设置
  样式颜色: 未设置
对齐方式: 未设置
左缩进: 未设置
右缩进: 未设置
首行缩进: 未设置
行间距: 未设置
从XML读取的格式:
  运行 1: 'Y'
    字体: 未设置
    大小: 未设置
    粗体: 未设置
    斜体: 未设置
    下划线: 未设置
    标准颜色: 未设置
  运行 2: '公司简介'
    字体: 未设置
    大小: 未设置
    粗体: 未设置
    斜体: 未设置
    下划线: 未设置
    标准颜色: 未设置
  运行 3: ''
    字体: 未设置
    大小: 未设置
    粗体: 未设置
    斜体: 未设置
    下划线: 未设置
    标准颜色: 未设置
  运行 4: ''
    字体: 未设置
    大小: 未设置
    粗体: 未设置
    斜体: 未设置
    下划线: 未设置
    标准颜色: 未设置
  运行 5: ''
    字体: 未设置
    大小: 未设置
    粗体: 未设置
    斜体: 未设置
    下划线: 未设置
    标准颜色: 未设置
  运行 6: ''
    字体: 未设置
    大小: 未设置
    粗体: 未设置
    斜体: 未设置
    下划线: 未设置
    标准颜色: 未设置
  运行 7: ''
    字体: 未设置
    大小: 未设置
    粗体: 未设置
    斜体: 未设置
    下划线: 未设置
    标准颜色: 未设置
  运行 8: ''
    字体: 未设置
    大小: 未设置
    粗体: 未设置
    斜体: 未设置
    下划线: 未设置
    标准颜色: 未设置
  运行 9: ''
    字体: 未设置
    大小: 未设置
    粗体: 未设置
    斜体: 未设置
    下划线: 未设置
    标准颜色: 未设置
  运行 10: ''
    字体: 未设置
    大小: 未设置
    粗体: 未设置
    斜体: 未设置
    下划线: 未设置
    标准颜色: 未设置
  运行 11: ''
    字体: 未设置
    大小: 未设置
    粗体: 未设置
    斜体: 未设置
    下划线: 未设置
    标准颜色: 未设置
  运行 12: ''
    字体: 未设置
    大小: 未设置
    粗体: 未设置
    斜体: 未设置
    下划线: 未设置
    标准颜色: 未设置

段落 428:
文本内容: Y医疗器械有限公司成立于2015年12月，注册资金900万，由三位股东共同出资。公司内勤、工程师、部分销售人员由一个股东原公司员工，重新入职Y公司，同时外招市场部、销售省区经理和部分销售人员等新员工，组成Y医疗器械公司。公司总部位于广州市，是全球著名眼科设备生产商尼德克公司的授权代理商。授权区域是中国华南地区，主要包括广东省、海南省、广西壮族自治区、福建省、江西省、湖南省等地区。Y公司的主要任务是完成与生产企业尼德克公司签订的销售协议量，并做好售后服务。公司致力于为客户提供优质的产品和完善的售后服务，积极参与和支持眼科事业的发展，共同为眼科事业的发展贡献力量。尼德克公司成立于1971年，是目前全世界最大的眼科医疗产品的生产商之一；产品涉及眼科医疗设备、眼镜行仪器及设备、人工晶状体等，产品畅销100多个国家和地区。尼德克公司以“将不可视变为可视，将可视变为可认知，制造高技术含量的眼科设备”为己任，锐意创新和进取，积极推动眼科事业的发展。
段落样式: 正文-缩进
从样式获取的格式:
  样式字体: 未设置
  样式字号: 未设置
  样式颜色: 未设置
对齐方式: 未设置
左缩进: 未设置
右缩进: 未设置
首行缩进: 未设置
行间距: 未设置
从XML读取的格式:
  运行 1: 'Y'
    字体: 未设置
    大小: 未设置
    粗体: 未设置
    斜体: 未设置
    下划线: 未设置
    标准颜色: 未设置
  运行 2: '医疗器械有限公司成立于'
    字体: 未设置
    大小: 未设置
    粗体: 未设置
    斜体: 未设置
    下划线: 未设置
    标准颜色: 未设置
  运行 3: '2015'
    字体: 未设置
    大小: 未设置
    粗体: 未设置
    斜体: 未设置
    下划线: 未设置
    标准颜色: 未设置
  运行 4: '年'
    字体: 未设置
    大小: 未设置
    粗体: 未设置
    斜体: 未设置
    下划线: 未设置
    标准颜色: 未设置
  运行 5: '12'
    字体: 未设置
    大小: 未设置
    粗体: 未设置
    斜体: 未设置
    下划线: 未设置
    标准颜色: 未设置
  运行 6: '月，注册资金'
    字体: 未设置
    大小: 未设置
    粗体: 未设置
    斜体: 未设置
    下划线: 未设置
    标准颜色: 未设置
  运行 7: '900'
    字体: 未设置
    大小: 未设置
    粗体: 未设置
    斜体: 未设置
    下划线: 未设置
    标准颜色: 未设置
  运行 8: '万，由三位股东共同出资。公司内勤、工程师、部分销售人员由一个股东原公司员工，重新入职'
    字体: 未设置
    大小: 未设置
    粗体: 未设置
    斜体: 未设置
    下划线: 未设置
    标准颜色: 未设置
  运行 9: 'Y'
    字体: 未设置
    大小: 未设置
    粗体: 未设置
    斜体: 未设置
    下划线: 未设置
    标准颜色: 未设置
  运行 10: '公司，同时外招市场部、销售省区经理和部分销售人员等新员工，组成'
    字体: 未设置
    大小: 未设置
    粗体: 未设置
    斜体: 未设置
    下划线: 未设置
    标准颜色: 未设置
  运行 11: 'Y'
    字体: 未设置
    大小: 未设置
    粗体: 未设置
    斜体: 未设置
    下划线: 未设置
    标准颜色: 未设置
  运行 12: '医疗器械公司。公司总部位于广州市，'
    字体: 未设置
    大小: 未设置
    粗体: 未设置
    斜体: 未设置
    下划线: 未设置
    标准颜色: 未设置
  运行 13: '是'
    字体: 未设置
    大小: 未设置
    粗体: 未设置
    斜体: 未设置
    下划线: 未设置
    标准颜色: 未设置
  运行 14: '全球著名眼科设备生产商尼德克公司'
    字体: 未设置
    大小: 未设置
    粗体: 未设置
    斜体: 未设置
    下划线: 未设置
    标准颜色: 未设置
  运行 15: '的授权代理商'
    字体: 未设置
    大小: 未设置
    粗体: 未设置
    斜体: 未设置
    下划线: 未设置
    标准颜色: 未设置
  运行 16: '。'
    字体: 未设置
    大小: 未设置
    粗体: 未设置
    斜体: 未设置
    下划线: 未设置
    标准颜色: 未设置
  运行 17: '授权区域是中国华南地区，主要包括广东省、'
    字体: 未设置
    大小: 未设置
    粗体: 未设置
    斜体: 未设置
    下划线: 未设置
    标准颜色: 未设置
  运行 18: '海南省、'
    字体: 未设置
    大小: 未设置
    粗体: 未设置
    斜体: 未设置
    下划线: 未设置
    标准颜色: 未设置
  运行 19: '广西壮族自治区、福建省、'
    字体: 未设置
    大小: 未设置
    粗体: 未设置
    斜体: 未设置
    下划线: 未设置
    标准颜色: 未设置
  运行 20: '江西省、'
    字体: 未设置
    大小: 未设置
    粗体: 未设置
    斜体: 未设置
    下划线: 未设置
    标准颜色: 未设置
  运行 21: '湖南省等地区。'
    字体: 未设置
    大小: 未设置
    粗体: 未设置
    斜体: 未设置
    下划线: 未设置
    标准颜色: 未设置
  运行 22: 'Y'
    字体: 未设置
    大小: 未设置
    粗体: 未设置
    斜体: 未设置
    下划线: 未设置
    标准颜色: 未设置
  运行 23: '公司的主要任务是完成与生产企业'
    字体: 未设置
    大小: 未设置
    粗体: 未设置
    斜体: 未设置
    下划线: 未设置
    标准颜色: 未设置
  运行 24: '尼德克'
    字体: 未设置
    大小: 未设置
    粗体: 未设置
    斜体: 未设置
    下划线: 未设置
    标准颜色: 未设置
  运行 25: '公司签订的销售协议量，并做好售后服务。'
    字体: 未设置
    大小: 未设置
    粗体: 未设置
    斜体: 未设置
    下划线: 未设置
    标准颜色: 未设置
  运行 26: '公司致力于为客户提供优质的产品和完善的售后服务，积极参与和支持眼科事业的发展，共同为眼科事业的发展贡献力量'
    字体: 未设置
    大小: 未设置
    粗体: 未设置
    斜体: 未设置
    下划线: 未设置
    标准颜色: 未设置
  运行 27: '。'
    字体: 未设置
    大小: 未设置
    粗体: 未设置
    斜体: 未设置
    下划线: 未设置
    标准颜色: 未设置
  运行 28: '尼德克'
    字体: 未设置
    大小: 未设置
    粗体: 未设置
    斜体: 未设置
    下划线: 未设置
    标准颜色: 未设置
  运行 29: '公司'
    字体: 未设置
    大小: 未设置
    粗体: 未设置
    斜体: 未设置
    下划线: 未设置
    标准颜色: 未设置
  运行 30: '成立于'
    字体: 未设置
    大小: 未设置
    粗体: 未设置
    斜体: 未设置
    下划线: 未设置
    标准颜色: 未设置
  运行 31: '1971'
    字体: 未设置
    大小: 未设置
    粗体: 未设置
    斜体: 未设置
    下划线: 未设置
    标准颜色: 未设置
  运行 32: '年，是目前全世界最大的眼科医疗产品的生产商之一；产品涉及眼科医疗设备、眼镜行仪器及设备、人工晶状体等，产品畅销'
    字体: 未设置
    大小: 未设置
    粗体: 未设置
    斜体: 未设置
    下划线: 未设置
    标准颜色: 未设置
  运行 33: '100'
    字体: 未设置
    大小: 未设置
    粗体: 未设置
    斜体: 未设置
    下划线: 未设置
    标准颜色: 未设置
  运行 34: '多个国家和地区'
    字体: 未设置
    大小: 未设置
    粗体: 未设置
    斜体: 未设置
    下划线: 未设置
    标准颜色: 未设置
  运行 35: '。'
    字体: 未设置
    大小: 未设置
    粗体: 未设置
    斜体: 未设置
    下划线: 未设置
    标准颜色: 未设置
  运行 36: '尼德克'
    字体: 未设置
    大小: 未设置
    粗体: 未设置
    斜体: 未设置
    下划线: 未设置
    标准颜色: 未设置
  运行 37: '公司以“将不可视变为可视，将可视变为可认知，制造高技术含量的眼科设备”为己任，锐意创新和进取，积极推动眼科事业的发展'
    字体: 未设置
    大小: 未设置
    粗体: 未设置
    斜体: 未设置
    下划线: 未设置
    标准颜色: 未设置
  运行 38: '。'
    字体: 未设置
    大小: 未设置
    粗体: 未设置
    斜体: 未设置
    下划线: 未设置
    标准颜色: 未设置

段落 429:
文本内容: Y公司组织架构
段落样式: Heading 3
从样式获取的格式:
  样式字体: 未设置
  样式字号: 未设置
  样式颜色: 未设置
对齐方式: 未设置
左缩进: 未设置
右缩进: 未设置
首行缩进: 未设置
行间距: 未设置
从XML读取的格式:
  运行 1: 'Y'
    字体: 未设置
    大小: 未设置
    粗体: 未设置
    斜体: 未设置
    下划线: 未设置
    标准颜色: 未设置
  运行 2: '公司组织架构'
    字体: 未设置
    大小: 未设置
    粗体: 未设置
    斜体: 未设置
    下划线: 未设置
    标准颜色: 未设置
  运行 3: ''
    字体: 未设置
    大小: 未设置
    粗体: 未设置
    斜体: 未设置
    下划线: 未设置
    标准颜色: 未设置
  运行 4: ''
    字体: 未设置
    大小: 未设置
    粗体: 未设置
    斜体: 未设置
    下划线: 未设置
    标准颜色: 未设置
  运行 5: ''
    字体: 未设置
    大小: 未设置
    粗体: 未设置
    斜体: 未设置
    下划线: 未设置
    标准颜色: 未设置
  运行 6: ''
    字体: 未设置
    大小: 未设置
    粗体: 未设置
    斜体: 未设置
    下划线: 未设置
    标准颜色: 未设置
  运行 7: ''
    字体: 未设置
    大小: 未设置
    粗体: 未设置
    斜体: 未设置
    下划线: 未设置
    标准颜色: 未设置
  运行 8: ''
    字体: 未设置
    大小: 未设置
    粗体: 未设置
    斜体: 未设置
    下划线: 未设置
    标准颜色: 未设置
  运行 9: ''
    字体: 未设置
    大小: 未设置
    粗体: 未设置
    斜体: 未设置
    下划线: 未设置
    标准颜色: 未设置
  运行 10: ''
    字体: 未设置
    大小: 未设置
    粗体: 未设置
    斜体: 未设置
    下划线: 未设置
    标准颜色: 未设置
  运行 11: ''
    字体: 未设置
    大小: 未设置
    粗体: 未设置
    斜体: 未设置
    下划线: 未设置
    标准颜色: 未设置

段落 430:
文本内容: 公司拥有86名员工，属于中小型企业。董事会是最高决策层，总经理是具体执行者，下设销售部、工程技术部、市场部、后勤行政部等四大部门，销售部人员29人，占比33.72%，技术工程部28人，占比32.56%，市场部11人，占比12.80%，综合管理部18人，占比20.92%，具体如表 3-1所示：
段落样式: 正文-缩进
从样式获取的格式:
  样式字体: 未设置
  样式字号: 未设置
  样式颜色: 未设置
对齐方式: 未设置
左缩进: 未设置
右缩进: 未设置
首行缩进: 未设置
行间距: 未设置
从XML读取的格式:
  运行 1: '公司拥有'
    字体: 未设置
    大小: 未设置
    粗体: 未设置
    斜体: 未设置
    下划线: 未设置
    标准颜色: 未设置
  运行 2: '86'
    字体: 未设置
    大小: 未设置
    粗体: 未设置
    斜体: 未设置
    下划线: 未设置
    标准颜色: 未设置
  运行 3: '名员工，属于中小型企业。董事会是最高决策层，总经理是具体执行者，下设销售部、工程技术部、市场部、后勤行政部等四大部门，销售部人员'
    字体: 未设置
    大小: 未设置
    粗体: 未设置
    斜体: 未设置
    下划线: 未设置
    标准颜色: 未设置
  运行 4: '29'
    字体: 未设置
    大小: 未设置
    粗体: 未设置
    斜体: 未设置
    下划线: 未设置
    标准颜色: 未设置
  运行 5: '人，占比'
    字体: 未设置
    大小: 未设置
    粗体: 未设置
    斜体: 未设置
    下划线: 未设置
    标准颜色: 未设置
  运行 6: '33'
    字体: 未设置
    大小: 未设置
    粗体: 未设置
    斜体: 未设置
    下划线: 未设置
    标准颜色: 未设置
  运行 7: '.72%'
    字体: 未设置
    大小: 未设置
    粗体: 未设置
    斜体: 未设置
    下划线: 未设置
    标准颜色: 未设置
  运行 8: '，技术工程部'
    字体: 未设置
    大小: 未设置
    粗体: 未设置
    斜体: 未设置
    下划线: 未设置
    标准颜色: 未设置
  运行 9: '28'
    字体: 未设置
    大小: 未设置
    粗体: 未设置
    斜体: 未设置
    下划线: 未设置
    标准颜色: 未设置
  运行 10: '人，占比'
    字体: 未设置
    大小: 未设置
    粗体: 未设置
    斜体: 未设置
    下划线: 未设置
    标准颜色: 未设置
  运行 11: '32.56%'
    字体: 未设置
    大小: 未设置
    粗体: 未设置
    斜体: 未设置
    下划线: 未设置
    标准颜色: 未设置
  运行 12: '，市场部'
    字体: 未设置
    大小: 未设置
    粗体: 未设置
    斜体: 未设置
    下划线: 未设置
    标准颜色: 未设置
  运行 13: '11'
    字体: 未设置
    大小: 未设置
    粗体: 未设置
    斜体: 未设置
    下划线: 未设置
    标准颜色: 未设置
  运行 14: '人，占比'
    字体: 未设置
    大小: 未设置
    粗体: 未设置
    斜体: 未设置
    下划线: 未设置
    标准颜色: 未设置
  运行 15: '12'
    字体: 未设置
    大小: 未设置
    粗体: 未设置
    斜体: 未设置
    下划线: 未设置
    标准颜色: 未设置
  运行 16: '.80%'
    字体: 未设置
    大小: 未设置
    粗体: 未设置
    斜体: 未设置
    下划线: 未设置
    标准颜色: 未设置
  运行 17: '，综合管理部'
    字体: 未设置
    大小: 未设置
    粗体: 未设置
    斜体: 未设置
    下划线: 未设置
    标准颜色: 未设置
  运行 18: '18'
    字体: 未设置
    大小: 未设置
    粗体: 未设置
    斜体: 未设置
    下划线: 未设置
    标准颜色: 未设置
  运行 19: '人，占比'
    字体: 未设置
    大小: 未设置
    粗体: 未设置
    斜体: 未设置
    下划线: 未设置
    标准颜色: 未设置
  运行 20: '20.92%'
    字体: 未设置
    大小: 未设置
    粗体: 未设置
    斜体: 未设置
    下划线: 未设置
    标准颜色: 未设置
  运行 21: '，具体如'
    字体: 未设置
    大小: 未设置
    粗体: 未设置
    斜体: 未设置
    下划线: 未设置
    标准颜色: 未设置
  运行 22: ''
    字体: 未设置
    大小: 未设置
    粗体: 未设置
    斜体: 未设置
    下划线: 未设置
    标准颜色: 未设置
  运行 23: ''
    字体: 未设置
    大小: 未设置
    粗体: 未设置
    斜体: 未设置
    下划线: 未设置
    标准颜色: 未设置
  运行 24: ''
    字体: 未设置
    大小: 未设置
    粗体: 未设置
    斜体: 未设置
    下划线: 未设置
    标准颜色: 未设置
  运行 25: ''
    字体: 未设置
    大小: 未设置
    粗体: 未设置
    斜体: 未设置
    下划线: 未设置
    标准颜色: 未设置
  运行 26: ''
    字体: 未设置
    大小: 未设置
    粗体: 未设置
    斜体: 未设置
    下划线: 未设置
    标准颜色: 未设置
  运行 27: '表'
    字体: 未设置
    大小: 未设置
    粗体: 未设置
    斜体: 未设置
    下划线: 未设置
    标准颜色: 未设置
  运行 28: ' '
    字体: 未设置
    大小: 未设置
    粗体: 未设置
    斜体: 未设置
    下划线: 未设置
    标准颜色: 未设置
  运行 29: '3'
    字体: 未设置
    大小: 未设置
    粗体: 未设置
    斜体: 未设置
    下划线: 未设置
    标准颜色: 未设置
  运行 30: '-'
    字体: 未设置
    大小: 未设置
    粗体: 未设置
    斜体: 未设置
    下划线: 未设置
    标准颜色: 未设置
  运行 31: '1'
    字体: 未设置
    大小: 未设置
    粗体: 未设置
    斜体: 未设置
    下划线: 未设置
    标准颜色: 未设置
  运行 32: ''
    字体: 未设置
    大小: 未设置
    粗体: 未设置
    斜体: 未设置
    下划线: 未设置
    标准颜色: 未设置
  运行 33: '所示：'
    字体: 未设置
    大小: 未设置
    粗体: 未设置
    斜体: 未设置
    下划线: 未设置
    标准颜色: 未设置

段落 432:
文本内容: 表 3-1　公司部门人员分布情况
段落样式: Caption
从样式获取的格式:
  样式字体: 未设置
  样式字号: 未设置
  样式颜色: 未设置
对齐方式: 未设置
左缩进: 未设置
右缩进: 未设置
首行缩进: 未设置
行间距: 未设置
从XML读取的格式:
  运行 1: '表'
    字体: 未设置
    大小: 未设置
    粗体: 未设置
    斜体: 未设置
    下划线: 未设置
    标准颜色: 未设置
  运行 2: ' '
    字体: 未设置
    大小: 未设置
    粗体: 未设置
    斜体: 未设置
    下划线: 未设置
    标准颜色: 未设置
  运行 3: ''
    字体: 未设置
    大小: 未设置
    粗体: 未设置
    斜体: 未设置
    下划线: 未设置
    标准颜色: 未设置
  运行 4: ''
    字体: 未设置
    大小: 未设置
    粗体: 未设置
    斜体: 未设置
    下划线: 未设置
    标准颜色: 未设置
  运行 5: ''
    字体: 未设置
    大小: 未设置
    粗体: 未设置
    斜体: 未设置
    下划线: 未设置
    标准颜色: 未设置
  运行 6: ''
    字体: 未设置
    大小: 未设置
    粗体: 未设置
    斜体: 未设置
    下划线: 未设置
    标准颜色: 未设置
  运行 7: ''
    字体: 未设置
    大小: 未设置
    粗体: 未设置
    斜体: 未设置
    下划线: 未设置
    标准颜色: 未设置
  运行 8: '3'
    字体: 未设置
    大小: 未设置
    粗体: 未设置
    斜体: 未设置
    下划线: 未设置
    标准颜色: 未设置
  运行 9: ''
    字体: 未设置
    大小: 未设置
    粗体: 未设置
    斜体: 未设置
    下划线: 未设置
    标准颜色: 未设置
  运行 10: '-'
    字体: 未设置
    大小: 未设置
    粗体: 未设置
    斜体: 未设置
    下划线: 未设置
    标准颜色: 未设置
  运行 11: ''
    字体: 未设置
    大小: 未设置
    粗体: 未设置
    斜体: 未设置
    下划线: 未设置
    标准颜色: 未设置
  运行 12: ''
    字体: 未设置
    大小: 未设置
    粗体: 未设置
    斜体: 未设置
    下划线: 未设置
    标准颜色: 未设置
  运行 13: ''
    字体: 未设置
    大小: 未设置
    粗体: 未设置
    斜体: 未设置
    下划线: 未设置
    标准颜色: 未设置
  运行 14: ''
    字体: 未设置
    大小: 未设置
    粗体: 未设置
    斜体: 未设置
    下划线: 未设置
    标准颜色: 未设置
  运行 15: ''
    字体: 未设置
    大小: 未设置
    粗体: 未设置
    斜体: 未设置
    下划线: 未设置
    标准颜色: 未设置
  运行 16: ''
    字体: 未设置
    大小: 未设置
    粗体: 未设置
    斜体: 未设置
    下划线: 未设置
    标准颜色: 未设置
  运行 17: ''
    字体: 未设置
    大小: 未设置
    粗体: 未设置
    斜体: 未设置
    下划线: 未设置
    标准颜色: 未设置
  运行 18: '1'
    字体: 未设置
    大小: 未设置
    粗体: 未设置
    斜体: 未设置
    下划线: 未设置
    标准颜色: 未设置
  运行 19: ''
    字体: 未设置
    大小: 未设置
    粗体: 未设置
    斜体: 未设置
    下划线: 未设置
    标准颜色: 未设置
  运行 20: '　'
    字体: 未设置
    大小: 未设置
    粗体: 未设置
    斜体: 未设置
    下划线: 未设置
    标准颜色: 未设置
  运行 21: '公司'
    字体: 未设置
    大小: 未设置
    粗体: 未设置
    斜体: 未设置
    下划线: 未设置
    标准颜色: 未设置
  运行 22: '部门人员分布情况'
    字体: 未设置
    大小: 未设置
    粗体: 未设置
    斜体: 未设置
    下划线: 未设置
    标准颜色: 未设置

段落 433:
文本内容: 资料来源：作者整理，Y公司内部资料，2024.
段落样式: 图表资料来源
从样式获取的格式:
  样式字体: 未设置
  样式字号: 114300
  样式字号(pt): 9.0
  样式颜色: 未设置
对齐方式: 未设置
左缩进: 未设置
右缩进: 未设置
首行缩进: 未设置
行间距: 未设置
从XML读取的格式:
  运行 1: '资料来源'
    字体: 未设置
    大小: 未设置
    粗体: 未设置
    斜体: 未设置
    下划线: 未设置
    标准颜色: 未设置
  运行 2: '：'
    字体: 未设置
    大小: 未设置
    粗体: 未设置
    斜体: 未设置
    下划线: 未设置
    标准颜色: 未设置
  运行 3: '作者整理，'
    字体: 未设置
    大小: 未设置
    粗体: 未设置
    斜体: 未设置
    下划线: 未设置
    标准颜色: 未设置
  运行 4: 'Y'
    字体: 未设置
    大小: 未设置
    粗体: 未设置
    斜体: 未设置
    下划线: 未设置
    标准颜色: 未设置
  运行 5: '公司内部资料'
    字体: 未设置
    大小: 未设置
    粗体: 未设置
    斜体: 未设置
    下划线: 未设置
    标准颜色: 未设置
  运行 6: '，'
    字体: 未设置
    大小: 未设置
    粗体: 未设置
    斜体: 未设置
    下划线: 未设置
    标准颜色: 未设置
  运行 7: '20'
    字体: 未设置
    大小: 未设置
    粗体: 未设置
    斜体: 未设置
    下划线: 未设置
    标准颜色: 未设置
  运行 8: '2'
    字体: 未设置
    大小: 未设置
    粗体: 未设置
    斜体: 未设置
    下划线: 未设置
    标准颜色: 未设置
  运行 9: '4'
    字体: 未设置
    大小: 未设置
    粗体: 未设置
    斜体: 未设置
    下划线: 未设置
    标准颜色: 未设置
  运行 10: '.'
    字体: 未设置
    大小: 未设置
    粗体: 未设置
    斜体: 未设置
    下划线: 未设置
    标准颜色: 未设置

段落 435:
文本内容: 除了综合管理部没有按区域划分，销售、工程师、市场专员都有按照省区进行分配，具体如表 3-2所示：
段落样式: 正文-缩进
从样式获取的格式:
  样式字体: 未设置
  样式字号: 未设置
  样式颜色: 未设置
对齐方式: 未设置
左缩进: 未设置
右缩进: 未设置
首行缩进: 未设置
行间距: 未设置
从XML读取的格式:
  运行 1: '除了综合管理部没有按区域划分，销售、工程师、市场专员都有按照省区进行分配，具体如'
    字体: 未设置
    大小: 未设置
    粗体: 未设置
    斜体: 未设置
    下划线: 未设置
    标准颜色: 未设置
  运行 2: ''
    字体: 未设置
    大小: 未设置
    粗体: 未设置
    斜体: 未设置
    下划线: 未设置
    标准颜色: 未设置
  运行 3: ''
    字体: 未设置
    大小: 未设置
    粗体: 未设置
    斜体: 未设置
    下划线: 未设置
    标准颜色: 未设置
  运行 4: ''
    字体: 未设置
    大小: 未设置
    粗体: 未设置
    斜体: 未设置
    下划线: 未设置
    标准颜色: 未设置
  运行 5: ''
    字体: 未设置
    大小: 未设置
    粗体: 未设置
    斜体: 未设置
    下划线: 未设置
    标准颜色: 未设置
  运行 6: ''
    字体: 未设置
    大小: 未设置
    粗体: 未设置
    斜体: 未设置
    下划线: 未设置
    标准颜色: 未设置
  运行 7: '表'
    字体: 未设置
    大小: 未设置
    粗体: 未设置
    斜体: 未设置
    下划线: 未设置
    标准颜色: 未设置
  运行 8: ' '
    字体: 未设置
    大小: 未设置
    粗体: 未设置
    斜体: 未设置
    下划线: 未设置
    标准颜色: 未设置
  运行 9: '3'
    字体: 未设置
    大小: 未设置
    粗体: 未设置
    斜体: 未设置
    下划线: 未设置
    标准颜色: 未设置
  运行 10: '-'
    字体: 未设置
    大小: 未设置
    粗体: 未设置
    斜体: 未设置
    下划线: 未设置
    标准颜色: 未设置
  运行 11: '2'
    字体: 未设置
    大小: 未设置
    粗体: 未设置
    斜体: 未设置
    下划线: 未设置
    标准颜色: 未设置
  运行 12: ''
    字体: 未设置
    大小: 未设置
    粗体: 未设置
    斜体: 未设置
    下划线: 未设置
    标准颜色: 未设置
  运行 13: '所示：'
    字体: 未设置
    大小: 未设置
    粗体: 未设置
    斜体: 未设置
    下划线: 未设置
    标准颜色: 未设置

段落 437:
文本内容: 表 3-2　公司省区人员分布情况
段落样式: Caption
从样式获取的格式:
  样式字体: 未设置
  样式字号: 未设置
  样式颜色: 未设置
对齐方式: 未设置
左缩进: 未设置
右缩进: 未设置
首行缩进: 未设置
行间距: 未设置
从XML读取的格式:
  运行 1: '表'
    字体: 未设置
    大小: 未设置
    粗体: 未设置
    斜体: 未设置
    下划线: 未设置
    标准颜色: 未设置
  运行 2: ' '
    字体: 未设置
    大小: 未设置
    粗体: 未设置
    斜体: 未设置
    下划线: 未设置
    标准颜色: 未设置
  运行 3: ''
    字体: 未设置
    大小: 未设置
    粗体: 未设置
    斜体: 未设置
    下划线: 未设置
    标准颜色: 未设置
  运行 4: ''
    字体: 未设置
    大小: 未设置
    粗体: 未设置
    斜体: 未设置
    下划线: 未设置
    标准颜色: 未设置
  运行 5: ''
    字体: 未设置
    大小: 未设置
    粗体: 未设置
    斜体: 未设置
    下划线: 未设置
    标准颜色: 未设置
  运行 6: ''
    字体: 未设置
    大小: 未设置
    粗体: 未设置
    斜体: 未设置
    下划线: 未设置
    标准颜色: 未设置
  运行 7: ''
    字体: 未设置
    大小: 未设置
    粗体: 未设置
    斜体: 未设置
    下划线: 未设置
    标准颜色: 未设置
  运行 8: '3'
    字体: 未设置
    大小: 未设置
    粗体: 未设置
    斜体: 未设置
    下划线: 未设置
    标准颜色: 未设置
  运行 9: ''
    字体: 未设置
    大小: 未设置
    粗体: 未设置
    斜体: 未设置
    下划线: 未设置
    标准颜色: 未设置
  运行 10: '-'
    字体: 未设置
    大小: 未设置
    粗体: 未设置
    斜体: 未设置
    下划线: 未设置
    标准颜色: 未设置
  运行 11: ''
    字体: 未设置
    大小: 未设置
    粗体: 未设置
    斜体: 未设置
    下划线: 未设置
    标准颜色: 未设置
  运行 12: ''
    字体: 未设置
    大小: 未设置
    粗体: 未设置
    斜体: 未设置
    下划线: 未设置
    标准颜色: 未设置
  运行 13: ''
    字体: 未设置
    大小: 未设置
    粗体: 未设置
    斜体: 未设置
    下划线: 未设置
    标准颜色: 未设置
  运行 14: ''
    字体: 未设置
    大小: 未设置
    粗体: 未设置
    斜体: 未设置
    下划线: 未设置
    标准颜色: 未设置
  运行 15: ''
    字体: 未设置
    大小: 未设置
    粗体: 未设置
    斜体: 未设置
    下划线: 未设置
    标准颜色: 未设置
  运行 16: ''
    字体: 未设置
    大小: 未设置
    粗体: 未设置
    斜体: 未设置
    下划线: 未设置
    标准颜色: 未设置
  运行 17: ''
    字体: 未设置
    大小: 未设置
    粗体: 未设置
    斜体: 未设置
    下划线: 未设置
    标准颜色: 未设置
  运行 18: '2'
    字体: 未设置
    大小: 未设置
    粗体: 未设置
    斜体: 未设置
    下划线: 未设置
    标准颜色: 未设置
  运行 19: ''
    字体: 未设置
    大小: 未设置
    粗体: 未设置
    斜体: 未设置
    下划线: 未设置
    标准颜色: 未设置
  运行 20: '　'
    字体: 未设置
    大小: 未设置
    粗体: 未设置
    斜体: 未设置
    下划线: 未设置
    标准颜色: 未设置
  运行 21: '公司'
    字体: 未设置
    大小: 未设置
    粗体: 未设置
    斜体: 未设置
    下划线: 未设置
    标准颜色: 未设置
  运行 22: '省区人员分布情况'
    字体: 未设置
    大小: 未设置
    粗体: 未设置
    斜体: 未设置
    下划线: 未设置
    标准颜色: 未设置

段落 438:
文本内容: 资料来源：作者整理，Y公司内部资料，2024.
段落样式: 图表资料来源
从样式获取的格式:
  样式字体: 未设置
  样式字号: 114300
  样式字号(pt): 9.0
  样式颜色: 未设置
对齐方式: 未设置
左缩进: 未设置
右缩进: 未设置
首行缩进: 未设置
行间距: 未设置
从XML读取的格式:
  运行 1: '资料来源'
    字体: 未设置
    大小: 未设置
    粗体: 未设置
    斜体: 未设置
    下划线: 未设置
    标准颜色: 未设置
  运行 2: '：'
    字体: 未设置
    大小: 未设置
    粗体: 未设置
    斜体: 未设置
    下划线: 未设置
    标准颜色: 未设置
  运行 3: '作者整理，'
    字体: 未设置
    大小: 未设置
    粗体: 未设置
    斜体: 未设置
    下划线: 未设置
    标准颜色: 未设置
  运行 4: 'Y'
    字体: 未设置
    大小: 未设置
    粗体: 未设置
    斜体: 未设置
    下划线: 未设置
    标准颜色: 未设置
  运行 5: '公司内部资料'
    字体: 未设置
    大小: 未设置
    粗体: 未设置
    斜体: 未设置
    下划线: 未设置
    标准颜色: 未设置
  运行 6: '，'
    字体: 未设置
    大小: 未设置
    粗体: 未设置
    斜体: 未设置
    下划线: 未设置
    标准颜色: 未设置
  运行 7: '20'
    字体: 未设置
    大小: 未设置
    粗体: 未设置
    斜体: 未设置
    下划线: 未设置
    标准颜色: 未设置
  运行 8: '2'
    字体: 未设置
    大小: 未设置
    粗体: 未设置
    斜体: 未设置
    下划线: 未设置
    标准颜色: 未设置
  运行 9: '4'
    字体: 未设置
    大小: 未设置
    粗体: 未设置
    斜体: 未设置
    下划线: 未设置
    标准颜色: 未设置
  运行 10: '.'
    字体: 未设置
    大小: 未设置
    粗体: 未设置
    斜体: 未设置
    下划线: 未设置
    标准颜色: 未设置

段落 440:
文本内容: 从公司的组织结构来看，研究生学历3人，占3%；本科学历32人，占37%；大专学历47人，占55%；平均年龄36岁，中位数33岁。Y公司规模虽小，却是一个年轻有活力的队伍。组织机构如图 3-1所示：
段落样式: 正文-缩进
从样式获取的格式:
  样式字体: 未设置
  样式字号: 未设置
  样式颜色: 未设置
对齐方式: 未设置
左缩进: 未设置
右缩进: 未设置
首行缩进: 未设置
行间距: 未设置
从XML读取的格式:
  运行 1: '从公司的组织结构来看，'
    字体: 未设置
    大小: 未设置
    粗体: 未设置
    斜体: 未设置
    下划线: 未设置
    标准颜色: 未设置
  运行 2: '研究生学历'
    字体: 未设置
    大小: 未设置
    粗体: 未设置
    斜体: 未设置
    下划线: 未设置
    标准颜色: 未设置
  运行 3: '3'
    字体: 未设置
    大小: 未设置
    粗体: 未设置
    斜体: 未设置
    下划线: 未设置
    标准颜色: 未设置
  运行 4: '人，占'
    字体: 未设置
    大小: 未设置
    粗体: 未设置
    斜体: 未设置
    下划线: 未设置
    标准颜色: 未设置
  运行 5: '3%'
    字体: 未设置
    大小: 未设置
    粗体: 未设置
    斜体: 未设置
    下划线: 未设置
    标准颜色: 未设置
  运行 6: '；本科学历'
    字体: 未设置
    大小: 未设置
    粗体: 未设置
    斜体: 未设置
    下划线: 未设置
    标准颜色: 未设置
  运行 7: '32'
    字体: 未设置
    大小: 未设置
    粗体: 未设置
    斜体: 未设置
    下划线: 未设置
    标准颜色: 未设置
  运行 8: '人，占'
    字体: 未设置
    大小: 未设置
    粗体: 未设置
    斜体: 未设置
    下划线: 未设置
    标准颜色: 未设置
  运行 9: '37%'
    字体: 未设置
    大小: 未设置
    粗体: 未设置
    斜体: 未设置
    下划线: 未设置
    标准颜色: 未设置
  运行 10: '；大专学历'
    字体: 未设置
    大小: 未设置
    粗体: 未设置
    斜体: 未设置
    下划线: 未设置
    标准颜色: 未设置
  运行 11: '47'
    字体: 未设置
    大小: 未设置
    粗体: 未设置
    斜体: 未设置
    下划线: 未设置
    标准颜色: 未设置
  运行 12: '人，占'
    字体: 未设置
    大小: 未设置
    粗体: 未设置
    斜体: 未设置
    下划线: 未设置
    标准颜色: 未设置
  运行 13: '55%'
    字体: 未设置
    大小: 未设置
    粗体: 未设置
    斜体: 未设置
    下划线: 未设置
    标准颜色: 未设置
  运行 14: '；平均年龄'
    字体: 未设置
    大小: 未设置
    粗体: 未设置
    斜体: 未设置
    下划线: 未设置
    标准颜色: 未设置
  运行 15: '36'
    字体: 未设置
    大小: 未设置
    粗体: 未设置
    斜体: 未设置
    下划线: 未设置
    标准颜色: 未设置
  运行 16: '岁，中位数'
    字体: 未设置
    大小: 未设置
    粗体: 未设置
    斜体: 未设置
    下划线: 未设置
    标准颜色: 未设置
  运行 17: '33'
    字体: 未设置
    大小: 未设置
    粗体: 未设置
    斜体: 未设置
    下划线: 未设置
    标准颜色: 未设置
  运行 18: '岁。'
    字体: 未设置
    大小: 未设置
    粗体: 未设置
    斜体: 未设置
    下划线: 未设置
    标准颜色: 未设置
  运行 19: 'Y'
    字体: 未设置
    大小: 未设置
    粗体: 未设置
    斜体: 未设置
    下划线: 未设置
    标准颜色: 未设置
  运行 20: '公司'
    字体: 未设置
    大小: 未设置
    粗体: 未设置
    斜体: 未设置
    下划线: 未设置
    标准颜色: 未设置
  运行 21: '规模虽小，却是一个年轻有活力的队伍。'
    字体: 未设置
    大小: 未设置
    粗体: 未设置
    斜体: 未设置
    下划线: 未设置
    标准颜色: 未设置
  运行 22: '组织机构如'
    字体: 未设置
    大小: 未设置
    粗体: 未设置
    斜体: 未设置
    下划线: 未设置
    标准颜色: 未设置
  运行 23: ''
    字体: 未设置
    大小: 未设置
    粗体: 未设置
    斜体: 未设置
    下划线: 未设置
    标准颜色: 未设置
  运行 24: ''
    字体: 未设置
    大小: 未设置
    粗体: 未设置
    斜体: 未设置
    下划线: 未设置
    标准颜色: 未设置
  运行 25: ''
    字体: 未设置
    大小: 未设置
    粗体: 未设置
    斜体: 未设置
    下划线: 未设置
    标准颜色: 未设置
  运行 26: ''
    字体: 未设置
    大小: 未设置
    粗体: 未设置
    斜体: 未设置
    下划线: 未设置
    标准颜色: 未设置
  运行 27: ''
    字体: 未设置
    大小: 未设置
    粗体: 未设置
    斜体: 未设置
    下划线: 未设置
    标准颜色: 未设置
  运行 28: '图'
    字体: 未设置
    大小: 未设置
    粗体: 未设置
    斜体: 未设置
    下划线: 未设置
    标准颜色: 未设置
  运行 29: ' '
    字体: 未设置
    大小: 未设置
    粗体: 未设置
    斜体: 未设置
    下划线: 未设置
    标准颜色: 未设置
  运行 30: '3'
    字体: 未设置
    大小: 未设置
    粗体: 未设置
    斜体: 未设置
    下划线: 未设置
    标准颜色: 未设置
  运行 31: '-'
    字体: 未设置
    大小: 未设置
    粗体: 未设置
    斜体: 未设置
    下划线: 未设置
    标准颜色: 未设置
  运行 32: '1'
    字体: 未设置
    大小: 未设置
    粗体: 未设置
    斜体: 未设置
    下划线: 未设置
    标准颜色: 未设置
  运行 33: ''
    字体: 未设置
    大小: 未设置
    粗体: 未设置
    斜体: 未设置
    下划线: 未设置
    标准颜色: 未设置
  运行 34: '所示：'
    字体: 未设置
    大小: 未设置
    粗体: 未设置
    斜体: 未设置
    下划线: 未设置
    标准颜色: 未设置

段落 443:
文本内容: 图 3-1　Y公司组织架构图
段落样式: Caption
从样式获取的格式:
  样式字体: 未设置
  样式字号: 未设置
  样式颜色: 未设置
对齐方式: 未设置
左缩进: 未设置
右缩进: 未设置
首行缩进: 未设置
行间距: 未设置
从XML读取的格式:
  运行 1: '图'
    字体: 未设置
    大小: 未设置
    粗体: 未设置
    斜体: 未设置
    下划线: 未设置
    标准颜色: 未设置
  运行 2: ' '
    字体: 未设置
    大小: 未设置
    粗体: 未设置
    斜体: 未设置
    下划线: 未设置
    标准颜色: 未设置
  运行 3: ''
    字体: 未设置
    大小: 未设置
    粗体: 未设置
    斜体: 未设置
    下划线: 未设置
    标准颜色: 未设置
  运行 4: ''
    字体: 未设置
    大小: 未设置
    粗体: 未设置
    斜体: 未设置
    下划线: 未设置
    标准颜色: 未设置
  运行 5: ''
    字体: 未设置
    大小: 未设置
    粗体: 未设置
    斜体: 未设置
    下划线: 未设置
    标准颜色: 未设置
  运行 6: ''
    字体: 未设置
    大小: 未设置
    粗体: 未设置
    斜体: 未设置
    下划线: 未设置
    标准颜色: 未设置
  运行 7: ''
    字体: 未设置
    大小: 未设置
    粗体: 未设置
    斜体: 未设置
    下划线: 未设置
    标准颜色: 未设置
  运行 8: '3'
    字体: 未设置
    大小: 未设置
    粗体: 未设置
    斜体: 未设置
    下划线: 未设置
    标准颜色: 未设置
  运行 9: ''
    字体: 未设置
    大小: 未设置
    粗体: 未设置
    斜体: 未设置
    下划线: 未设置
    标准颜色: 未设置
  运行 10: '-'
    字体: 未设置
    大小: 未设置
    粗体: 未设置
    斜体: 未设置
    下划线: 未设置
    标准颜色: 未设置
  运行 11: ''
    字体: 未设置
    大小: 未设置
    粗体: 未设置
    斜体: 未设置
    下划线: 未设置
    标准颜色: 未设置
  运行 12: ''
    字体: 未设置
    大小: 未设置
    粗体: 未设置
    斜体: 未设置
    下划线: 未设置
    标准颜色: 未设置
  运行 13: ''
    字体: 未设置
    大小: 未设置
    粗体: 未设置
    斜体: 未设置
    下划线: 未设置
    标准颜色: 未设置
  运行 14: ''
    字体: 未设置
    大小: 未设置
    粗体: 未设置
    斜体: 未设置
    下划线: 未设置
    标准颜色: 未设置
  运行 15: ''
    字体: 未设置
    大小: 未设置
    粗体: 未设置
    斜体: 未设置
    下划线: 未设置
    标准颜色: 未设置
  运行 16: ''
    字体: 未设置
    大小: 未设置
    粗体: 未设置
    斜体: 未设置
    下划线: 未设置
    标准颜色: 未设置
  运行 17: ''
    字体: 未设置
    大小: 未设置
    粗体: 未设置
    斜体: 未设置
    下划线: 未设置
    标准颜色: 未设置
  运行 18: '1'
    字体: 未设置
    大小: 未设置
    粗体: 未设置
    斜体: 未设置
    下划线: 未设置
    标准颜色: 未设置
  运行 19: ''
    字体: 未设置
    大小: 未设置
    粗体: 未设置
    斜体: 未设置
    下划线: 未设置
    标准颜色: 未设置
  运行 20: '　'
    字体: 未设置
    大小: 未设置
    粗体: 未设置
    斜体: 未设置
    下划线: 未设置
    标准颜色: 未设置
  运行 21: 'Y'
    字体: 未设置
    大小: 未设置
    粗体: 未设置
    斜体: 未设置
    下划线: 未设置
    标准颜色: 未设置
  运行 22: '公司组织架构图'
    字体: 未设置
    大小: 未设置
    粗体: 未设置
    斜体: 未设置
    下划线: 未设置
    标准颜色: 未设置

段落 444:
文本内容: 资料来源：作者整理，Y公司内部资料，2024.
段落样式: 图表资料来源
从样式获取的格式:
  样式字体: 未设置
  样式字号: 114300
  样式字号(pt): 9.0
  样式颜色: 未设置
对齐方式: 未设置
左缩进: 未设置
右缩进: 未设置
首行缩进: 未设置
行间距: 未设置
从XML读取的格式:
  运行 1: '资料来源：作者整理，'
    字体: 未设置
    大小: 未设置
    粗体: 未设置
    斜体: 未设置
    下划线: 未设置
    标准颜色: 未设置
  运行 2: 'Y'
    字体: 未设置
    大小: 未设置
    粗体: 未设置
    斜体: 未设置
    下划线: 未设置
    标准颜色: 未设置
  运行 3: '公司内部资料，'
    字体: 未设置
    大小: 未设置
    粗体: 未设置
    斜体: 未设置
    下划线: 未设置
    标准颜色: 未设置
  运行 4: '2'
    字体: 未设置
    大小: 未设置
    粗体: 未设置
    斜体: 未设置
    下划线: 未设置
    标准颜色: 未设置
  运行 5: '02'
    字体: 未设置
    大小: 未设置
    粗体: 未设置
    斜体: 未设置
    下划线: 未设置
    标准颜色: 未设置
  运行 6: '4'
    字体: 未设置
    大小: 未设置
    粗体: 未设置
    斜体: 未设置
    下划线: 未设置
    标准颜色: 未设置
  运行 7: '.'
    字体: 未设置
    大小: 未设置
    粗体: 未设置
    斜体: 未设置
    下划线: 未设置
    标准颜色: 未设置

段落 446:
文本内容: Y公司宏观环境分析
段落样式: Heading 2
从样式获取的格式:
  样式字体: 未设置
  样式字号: 177800
  样式字号(pt): 14.0
  样式颜色: 未设置
对齐方式: 未设置
左缩进: 未设置
右缩进: 未设置
首行缩进: 未设置
行间距: 未设置
从XML读取的格式:
  运行 1: 'Y'
    字体: 未设置
    大小: 未设置
    粗体: 未设置
    斜体: 未设置
    下划线: 未设置
    标准颜色: 未设置
  运行 2: '公司宏观环境分析'
    字体: 未设置
    大小: 未设置
    粗体: 未设置
    斜体: 未设置
    下划线: 未设置
    标准颜色: 未设置
  运行 3: ''
    字体: 未设置
    大小: 未设置
    粗体: 未设置
    斜体: 未设置
    下划线: 未设置
    标准颜色: 未设置
  运行 4: ''
    字体: 未设置
    大小: 未设置
    粗体: 未设置
    斜体: 未设置
    下划线: 未设置
    标准颜色: 未设置
  运行 5: ''
    字体: 未设置
    大小: 未设置
    粗体: 未设置
    斜体: 未设置
    下划线: 未设置
    标准颜色: 未设置
  运行 6: ''
    字体: 未设置
    大小: 未设置
    粗体: 未设置
    斜体: 未设置
    下划线: 未设置
    标准颜色: 未设置
  运行 7: ''
    字体: 未设置
    大小: 未设置
    粗体: 未设置
    斜体: 未设置
    下划线: 未设置
    标准颜色: 未设置
  运行 8: ''
    字体: 未设置
    大小: 未设置
    粗体: 未设置
    斜体: 未设置
    下划线: 未设置
    标准颜色: 未设置
  运行 9: ''
    字体: 未设置
    大小: 未设置
    粗体: 未设置
    斜体: 未设置
    下划线: 未设置
    标准颜色: 未设置
  运行 10: ''
    字体: 未设置
    大小: 未设置
    粗体: 未设置
    斜体: 未设置
    下划线: 未设置
    标准颜色: 未设置
  运行 11: ''
    字体: 未设置
    大小: 未设置
    粗体: 未设置
    斜体: 未设置
    下划线: 未设置
    标准颜色: 未设置

段落 447:
文本内容: 政治环境分析
段落样式: Heading 3
从样式获取的格式:
  样式字体: 未设置
  样式字号: 未设置
  样式颜色: 未设置
对齐方式: 未设置
左缩进: 未设置
右缩进: 未设置
首行缩进: 未设置
行间距: 未设置
从XML读取的格式:
  运行 1: '政治环境分析'
    字体: 未设置
    大小: 未设置
    粗体: 未设置
    斜体: 未设置
    下划线: 未设置
    标准颜色: 未设置
  运行 2: ''
    字体: 未设置
    大小: 未设置
    粗体: 未设置
    斜体: 未设置
    下划线: 未设置
    标准颜色: 未设置
  运行 3: ''
    字体: 未设置
    大小: 未设置
    粗体: 未设置
    斜体: 未设置
    下划线: 未设置
    标准颜色: 未设置
  运行 4: ''
    字体: 未设置
    大小: 未设置
    粗体: 未设置
    斜体: 未设置
    下划线: 未设置
    标准颜色: 未设置
  运行 5: ''
    字体: 未设置
    大小: 未设置
    粗体: 未设置
    斜体: 未设置
    下划线: 未设置
    标准颜色: 未设置
  运行 6: ''
    字体: 未设置
    大小: 未设置
    粗体: 未设置
    斜体: 未设置
    下划线: 未设置
    标准颜色: 未设置
  运行 7: ''
    字体: 未设置
    大小: 未设置
    粗体: 未设置
    斜体: 未设置
    下划线: 未设置
    标准颜色: 未设置
  运行 8: ''
    字体: 未设置
    大小: 未设置
    粗体: 未设置
    斜体: 未设置
    下划线: 未设置
    标准颜色: 未设置
  运行 9: ''
    字体: 未设置
    大小: 未设置
    粗体: 未设置
    斜体: 未设置
    下划线: 未设置
    标准颜色: 未设置
  运行 10: ''
    字体: 未设置
    大小: 未设置
    粗体: 未设置
    斜体: 未设置
    下划线: 未设置
    标准颜色: 未设置
  运行 11: ''
    字体: 未设置
    大小: 未设置
    粗体: 未设置
    斜体: 未设置
    下划线: 未设置
    标准颜色: 未设置
  运行 12: ''
    字体: 未设置
    大小: 未设置
    粗体: 未设置
    斜体: 未设置
    下划线: 未设置
    标准颜色: 未设置
  运行 13: ''
    字体: 未设置
    大小: 未设置
    粗体: 未设置
    斜体: 未设置
    下划线: 未设置
    标准颜色: 未设置
  运行 14: ''
    字体: 未设置
    大小: 未设置
    粗体: 未设置
    斜体: 未设置
    下划线: 未设置
    标准颜色: 未设置
  运行 15: ''
    字体: 未设置
    大小: 未设置
    粗体: 未设置
    斜体: 未设置
    下划线: 未设置
    标准颜色: 未设置
  运行 16: ''
    字体: 未设置
    大小: 未设置
    粗体: 未设置
    斜体: 未设置
    下划线: 未设置
    标准颜色: 未设置
  运行 17: ''
    字体: 未设置
    大小: 未设置
    粗体: 未设置
    斜体: 未设置
    下划线: 未设置
    标准颜色: 未设置
  运行 18: ''
    字体: 未设置
    大小: 未设置
    粗体: 未设置
    斜体: 未设置
    下划线: 未设置
    标准颜色: 未设置
  运行 19: ''
    字体: 未设置
    大小: 未设置
    粗体: 未设置
    斜体: 未设置
    下划线: 未设置
    标准颜色: 未设置
  运行 20: ''
    字体: 未设置
    大小: 未设置
    粗体: 未设置
    斜体: 未设置
    下划线: 未设置
    标准颜色: 未设置
  运行 21: ''
    字体: 未设置
    大小: 未设置
    粗体: 未设置
    斜体: 未设置
    下划线: 未设置
    标准颜色: 未设置
  运行 22: ''
    字体: 未设置
    大小: 未设置
    粗体: 未设置
    斜体: 未设置
    下划线: 未设置
    标准颜色: 未设置
  运行 23: ''
    字体: 未设置
    大小: 未设置
    粗体: 未设置
    斜体: 未设置
    下划线: 未设置
    标准颜色: 未设置
  运行 24: ''
    字体: 未设置
    大小: 未设置
    粗体: 未设置
    斜体: 未设置
    下划线: 未设置
    标准颜色: 未设置
  运行 25: ''
    字体: 未设置
    大小: 未设置
    粗体: 未设置
    斜体: 未设置
    下划线: 未设置
    标准颜色: 未设置
  运行 26: ''
    字体: 未设置
    大小: 未设置
    粗体: 未设置
    斜体: 未设置
    下划线: 未设置
    标准颜色: 未设置
  运行 27: ''
    字体: 未设置
    大小: 未设置
    粗体: 未设置
    斜体: 未设置
    下划线: 未设置
    标准颜色: 未设置
  运行 28: ''
    字体: 未设置
    大小: 未设置
    粗体: 未设置
    斜体: 未设置
    下划线: 未设置
    标准颜色: 未设置

段落 448:
文本内容: 从中国大环境来看，在中国共产党的领导力下，中国经历了四十多年的改革开放，取得了丰硕的成果。国家政治局势稳固，各地区包括省、市及直辖市的营商环境均展现出开放与稳定，人民安居乐业。稳定的大环境对于整个眼科设备销售行业的发展提供的强大的安全保障，对整个眼科医疗服务行业也起到了积极的推动作用。中国的经济增长不仅促进了国内各领域的繁荣，也极大的推动了全球经济的持续发展。建设“人类命运共同体”、“一带一路”等倡议举措无不体现了中国作为一个大国的责任。同时，中国稳定政治环境也持续吸引更多的外商投资，对我国的持续高质量发展起到了很大的推动作用。
段落样式: 正文-缩进
从样式获取的格式:
  样式字体: 未设置
  样式字号: 未设置
  样式颜色: 未设置
对齐方式: 未设置
左缩进: 未设置
右缩进: 未设置
首行缩进: 未设置
行间距: 未设置
从XML读取的格式:
  运行 1: '从中国大环境来看，'
    字体: 未设置
    大小: 未设置
    粗体: 未设置
    斜体: 未设置
    下划线: 未设置
    标准颜色: 未设置
  运行 2: '在'
    字体: 未设置
    大小: 未设置
    粗体: 未设置
    斜体: 未设置
    下划线: 未设置
    标准颜色: 未设置
  运行 3: '中国'
    字体: 未设置
    大小: 未设置
    粗体: 未设置
    斜体: 未设置
    下划线: 未设置
    标准颜色: 未设置
  运行 4: '共产党的领导力下，'
    字体: 未设置
    大小: 未设置
    粗体: 未设置
    斜体: 未设置
    下划线: 未设置
    标准颜色: 未设置
  运行 5: '中'
    字体: 未设置
    大小: 未设置
    粗体: 未设置
    斜体: 未设置
    下划线: 未设置
    标准颜色: 未设置
  运行 6: '国'
    字体: 未设置
    大小: 未设置
    粗体: 未设置
    斜体: 未设置
    下划线: 未设置
    标准颜色: 未设置
  运行 7: '经历了'
    字体: 未设置
    大小: 未设置
    粗体: 未设置
    斜体: 未设置
    下划线: 未设置
    标准颜色: 未设置
  运行 8: '四十'
    字体: 未设置
    大小: 未设置
    粗体: 未设置
    斜体: 未设置
    下划线: 未设置
    标准颜色: 未设置
  运行 9: '多年的改革开'
    字体: 未设置
    大小: 未设置
    粗体: 未设置
    斜体: 未设置
    下划线: 未设置
    标准颜色: 未设置
  运行 10: '放，取得了丰硕的成果。'
    字体: 未设置
    大小: 未设置
    粗体: 未设置
    斜体: 未设置
    下划线: 未设置
    标准颜色: 未设置
  运行 11: '国家政治局势稳固，各地区包括省、市及直辖市的营商环境均展现出开放与稳定'
    字体: 未设置
    大小: 未设置
    粗体: 未设置
    斜体: 未设置
    下划线: 未设置
    标准颜色: 未设置
  运行 12: '，人民安居乐业'
    字体: 未设置
    大小: 未设置
    粗体: 未设置
    斜体: 未设置
    下划线: 未设置
    标准颜色: 未设置
  运行 13: '。'
    字体: 未设置
    大小: 未设置
    粗体: 未设置
    斜体: 未设置
    下划线: 未设置
    标准颜色: 未设置
  运行 14: '稳定的大环境对于整个眼科设备销售行业的发展提供的强大的安全保障，对整个眼科医疗服务行业也起到了积极的推动作用。'
    字体: 未设置
    大小: 未设置
    粗体: 未设置
    斜体: 未设置
    下划线: 未设置
    标准颜色: 未设置
  运行 15: '中国的经济增长不仅促进了国内各领域的繁荣，也极大的推动了全球经济的持续发'
    字体: 未设置
    大小: 未设置
    粗体: 未设置
    斜体: 未设置
    下划线: 未设置
    标准颜色: 未设置
  运行 16: '展。'
    字体: 未设置
    大小: 未设置
    粗体: 未设置
    斜体: 未设置
    下划线: 未设置
    标准颜色: 未设置
  运行 17: '建设'
    字体: 未设置
    大小: 未设置
    粗体: 未设置
    斜体: 未设置
    下划线: 未设置
    标准颜色: 未设置
  运行 18: '“'
    字体: 未设置
    大小: 未设置
    粗体: 未设置
    斜体: 未设置
    下划线: 未设置
    标准颜色: 未设置
  运行 19: '人类命运共同体'
    字体: 未设置
    大小: 未设置
    粗体: 未设置
    斜体: 未设置
    下划线: 未设置
    标准颜色: 未设置
  运行 20: '”'
    字体: 未设置
    大小: 未设置
    粗体: 未设置
    斜体: 未设置
    下划线: 未设置
    标准颜色: 未设置
  运行 21: '、'
    字体: 未设置
    大小: 未设置
    粗体: 未设置
    斜体: 未设置
    下划线: 未设置
    标准颜色: 未设置
  运行 22: '“'
    字体: 未设置
    大小: 未设置
    粗体: 未设置
    斜体: 未设置
    下划线: 未设置
    标准颜色: 未设置
  运行 23: '一带一路'
    字体: 未设置
    大小: 未设置
    粗体: 未设置
    斜体: 未设置
    下划线: 未设置
    标准颜色: 未设置
  运行 24: '”'
    字体: 未设置
    大小: 未设置
    粗体: 未设置
    斜体: 未设置
    下划线: 未设置
    标准颜色: 未设置
  运行 25: '等倡议举措无不体现了中国作为一个大国的责任。'
    字体: 未设置
    大小: 未设置
    粗体: 未设置
    斜体: 未设置
    下划线: 未设置
    标准颜色: 未设置
  运行 26: '同时，中国稳定政治环境也持续吸引更多的外商投资，对我国的持续高质量发展起到了很大的推动作用。'
    字体: 未设置
    大小: 未设置
    粗体: 未设置
    斜体: 未设置
    下划线: 未设置
    标准颜色: 未设置

段落 449:
文本内容: 国家层面政策支持
段落样式: Heading 4
从样式获取的格式:
  样式字体: 未设置
  样式字号: 未设置
  样式颜色: 未设置
对齐方式: 未设置
左缩进: 未设置
右缩进: 未设置
首行缩进: 未设置
行间距: 未设置
从XML读取的格式:
  运行 1: '国家层面'
    字体: 未设置
    大小: 未设置
    粗体: 未设置
    斜体: 未设置
    下划线: 未设置
    标准颜色: 未设置
  运行 2: '政策支持'
    字体: 未设置
    大小: 未设置
    粗体: 未设置
    斜体: 未设置
    下划线: 未设置
    标准颜色: 未设置

段落 450:
文本内容: 从国家的法律法规政策上看，从国家国务院、国家卫生健康委、国家卫生和计划生育委员会、教育部等都发布了关于医疗行业的政策文件，说明国家越来越重视国民健康事业的发展，健康事业已上升为国家战略目标。例如国家卫计委于2016年发布的《“十三五”全国眼健康规划（2016-2020）》以来，眼健康就被提上了国家战略高度；以及2022年发布的《“十四五”全国眼健康规划（2021-2025）》，这些都表明，中国眼健康产业已真正进入高质量发展的新阶段。2023年3月发布的《2023年全国儿童青少年近视综合防治重点工作方案》，对全国儿童青少年近视综合防治联席会议机制16个成员单位提出了2023年的70项重点工作任务，对教育部15个相关司局提出了2023年的40项重点工作任务，并明确了完成期限。青少年近视问题再次受到广泛关注。正如《“健康中国2030”规划纲要》所强调的，人民健康是社会的根本问题，是促进经济社会发展的基本条件，对推进社会主义现代化建设具有重要意义[]。与此同时，工业化、人口老龄化以及不断变迁的生态环境给人们的健康带来了全新的挑战。为了全面解决人民长期重大的健康问题，政府将增加对健康产业的发展投入。“十四五”规划还提出，需要完善多层次社会保障体系，全面推进建设健康中国。
段落样式: 正文-缩进
从样式获取的格式:
  样式字体: 未设置
  样式字号: 未设置
  样式颜色: 未设置
对齐方式: 未设置
左缩进: 未设置
右缩进: 未设置
首行缩进: 未设置
行间距: 未设置
从XML读取的格式:
  运行 1: '从国家的法律法规政策上看，从国家国务院、国家卫生健康委、'
    字体: 未设置
    大小: 未设置
    粗体: 未设置
    斜体: 未设置
    下划线: 未设置
    标准颜色: 未设置
  运行 2: '国家卫生和计划生育委员会'
    字体: 未设置
    大小: 未设置
    粗体: 未设置
    斜体: 未设置
    下划线: 未设置
    标准颜色: 未设置
  运行 3: '、'
    字体: 未设置
    大小: 未设置
    粗体: 未设置
    斜体: 未设置
    下划线: 未设置
    标准颜色: 未设置
  运行 4: '教育部等都发布了'
    字体: 未设置
    大小: 未设置
    粗体: 未设置
    斜体: 未设置
    下划线: 未设置
    标准颜色: 未设置
  运行 5: '关于医疗'
    字体: 未设置
    大小: 未设置
    粗体: 未设置
    斜体: 未设置
    下划线: 未设置
    标准颜色: 未设置
  运行 6: '行业的政策文件，说明国家越来越重视国民健康事业的发展，健康事业已上升为国家战略目标。'
    字体: 未设置
    大小: 未设置
    粗体: 未设置
    斜体: 未设置
    下划线: 未设置
    标准颜色: 未设置
  运行 7: '例如'
    字体: 未设置
    大小: 未设置
    粗体: 未设置
    斜体: 未设置
    下划线: 未设置
    标准颜色: 未设置
  运行 8: '国'
    字体: 未设置
    大小: 未设置
    粗体: 未设置
    斜体: 未设置
    下划线: 未设置
    标准颜色: 未设置
  运行 9: '家'
    字体: 未设置
    大小: 未设置
    粗体: 未设置
    斜体: 未设置
    下划线: 未设置
    标准颜色: 未设置
  运行 10: '卫计委'
    字体: 未设置
    大小: 未设置
    粗体: 未设置
    斜体: 未设置
    下划线: 未设置
    标准颜色: 未设置
  运行 11: '于'
    字体: 未设置
    大小: 未设置
    粗体: 未设置
    斜体: 未设置
    下划线: 未设置
    标准颜色: 未设置
  运行 12: '2016'
    字体: 未设置
    大小: 未设置
    粗体: 未设置
    斜体: 未设置
    下划线: 未设置
    标准颜色: 未设置
  运行 13: '年'
    字体: 未设置
    大小: 未设置
    粗体: 未设置
    斜体: 未设置
    下划线: 未设置
    标准颜色: 未设置
  运行 14: '发布'
    字体: 未设置
    大小: 未设置
    粗体: 未设置
    斜体: 未设置
    下划线: 未设置
    标准颜色: 未设置
  运行 15: '的'
    字体: 未设置
    大小: 未设置
    粗体: 未设置
    斜体: 未设置
    下划线: 未设置
    标准颜色: 未设置
  运行 16: '《'
    字体: 未设置
    大小: 未设置
    粗体: 未设置
    斜体: 未设置
    下划线: 未设置
    标准颜色: 未设置
  运行 17: '“'
    字体: 未设置
    大小: 未设置
    粗体: 未设置
    斜体: 未设置
    下划线: 未设置
    标准颜色: 未设置
  运行 18: '十三五'
    字体: 未设置
    大小: 未设置
    粗体: 未设置
    斜体: 未设置
    下划线: 未设置
    标准颜色: 未设置
  运行 19: '”'
    字体: 未设置
    大小: 未设置
    粗体: 未设置
    斜体: 未设置
    下划线: 未设置
    标准颜色: 未设置
  运行 20: '全国眼健康规划'
    字体: 未设置
    大小: 未设置
    粗体: 未设置
    斜体: 未设置
    下划线: 未设置
    标准颜色: 未设置
  运行 21: '（'
    字体: 未设置
    大小: 未设置
    粗体: 未设置
    斜体: 未设置
    下划线: 未设置
    标准颜色: 未设置
  运行 22: '2016-2020'
    字体: 未设置
    大小: 未设置
    粗体: 未设置
    斜体: 未设置
    下划线: 未设置
    标准颜色: 未设置
  运行 23: '）'
    字体: 未设置
    大小: 未设置
    粗体: 未设置
    斜体: 未设置
    下划线: 未设置
    标准颜色: 未设置
  运行 24: '》以来，眼健康就被提上了国家战略高度'
    字体: 未设置
    大小: 未设置
    粗体: 未设置
    斜体: 未设置
    下划线: 未设置
    标准颜色: 未设置
  运行 25: '；'
    字体: 未设置
    大小: 未设置
    粗体: 未设置
    斜体: 未设置
    下划线: 未设置
    标准颜色: 未设置
  运行 26: '以及'
    字体: 未设置
    大小: 未设置
    粗体: 未设置
    斜体: 未设置
    下划线: 未设置
    标准颜色: 未设置
  运行 27: '2022'
    字体: 未设置
    大小: 未设置
    粗体: 未设置
    斜体: 未设置
    下划线: 未设置
    标准颜色: 未设置
  运行 28: '年'
    字体: 未设置
    大小: 未设置
    粗体: 未设置
    斜体: 未设置
    下划线: 未设置
    标准颜色: 未设置
  运行 29: '发布的'
    字体: 未设置
    大小: 未设置
    粗体: 未设置
    斜体: 未设置
    下划线: 未设置
    标准颜色: 未设置
  运行 30: '《'
    字体: 未设置
    大小: 未设置
    粗体: 未设置
    斜体: 未设置
    下划线: 未设置
    标准颜色: 未设置
  运行 31: '“'
    字体: 未设置
    大小: 未设置
    粗体: 未设置
    斜体: 未设置
    下划线: 未设置
    标准颜色: 未设置
  运行 32: '十四五'
    字体: 未设置
    大小: 未设置
    粗体: 未设置
    斜体: 未设置
    下划线: 未设置
    标准颜色: 未设置
  运行 33: '”'
    字体: 未设置
    大小: 未设置
    粗体: 未设置
    斜体: 未设置
    下划线: 未设置
    标准颜色: 未设置
  运行 34: '全国眼健康规划'
    字体: 未设置
    大小: 未设置
    粗体: 未设置
    斜体: 未设置
    下划线: 未设置
    标准颜色: 未设置
  运行 35: '（'
    字体: 未设置
    大小: 未设置
    粗体: 未设置
    斜体: 未设置
    下划线: 未设置
    标准颜色: 未设置
  运行 36: '2021-2025'
    字体: 未设置
    大小: 未设置
    粗体: 未设置
    斜体: 未设置
    下划线: 未设置
    标准颜色: 未设置
  运行 37: '）'
    字体: 未设置
    大小: 未设置
    粗体: 未设置
    斜体: 未设置
    下划线: 未设置
    标准颜色: 未设置
  运行 38: '》，'
    字体: 未设置
    大小: 未设置
    粗体: 未设置
    斜体: 未设置
    下划线: 未设置
    标准颜色: 未设置
  运行 39: '这些都表明，中国眼健康产业已真正进入高质量发展的新阶段。'
    字体: 未设置
    大小: 未设置
    粗体: 未设置
    斜体: 未设置
    下划线: 未设置
    标准颜色: 未设置
  运行 40: '2023'
    字体: 未设置
    大小: 未设置
    粗体: 未设置
    斜体: 未设置
    下划线: 未设置
    标准颜色: 未设置
  运行 41: '年'
    字体: 未设置
    大小: 未设置
    粗体: 未设置
    斜体: 未设置
    下划线: 未设置
    标准颜色: 未设置
  运行 42: '3'
    字体: 未设置
    大小: 未设置
    粗体: 未设置
    斜体: 未设置
    下划线: 未设置
    标准颜色: 未设置
  运行 43: '月发布的《'
    字体: 未设置
    大小: 未设置
    粗体: 未设置
    斜体: 未设置
    下划线: 未设置
    标准颜色: 未设置
  运行 44: '2023'
    字体: 未设置
    大小: 未设置
    粗体: 未设置
    斜体: 未设置
    下划线: 未设置
    标准颜色: 未设置
  运行 45: '年全国儿童青少年近视综合防治重点工作方案》，对全国儿童青少年近视综合防治联席会议机制'
    字体: 未设置
    大小: 未设置
    粗体: 未设置
    斜体: 未设置
    下划线: 未设置
    标准颜色: 未设置
  运行 46: '16'
    字体: 未设置
    大小: 未设置
    粗体: 未设置
    斜体: 未设置
    下划线: 未设置
    标准颜色: 未设置
  运行 47: '个成员单位提出了'
    字体: 未设置
    大小: 未设置
    粗体: 未设置
    斜体: 未设置
    下划线: 未设置
    标准颜色: 未设置
  运行 48: '2023'
    字体: 未设置
    大小: 未设置
    粗体: 未设置
    斜体: 未设置
    下划线: 未设置
    标准颜色: 未设置
  运行 49: '年的'
    字体: 未设置
    大小: 未设置
    粗体: 未设置
    斜体: 未设置
    下划线: 未设置
    标准颜色: 未设置
  运行 50: '70'
    字体: 未设置
    大小: 未设置
    粗体: 未设置
    斜体: 未设置
    下划线: 未设置
    标准颜色: 未设置
  运行 51: '项重点工作任务，对教育部'
    字体: 未设置
    大小: 未设置
    粗体: 未设置
    斜体: 未设置
    下划线: 未设置
    标准颜色: 未设置
  运行 52: '15'
    字体: 未设置
    大小: 未设置
    粗体: 未设置
    斜体: 未设置
    下划线: 未设置
    标准颜色: 未设置
  运行 53: '个相关司局提出了'
    字体: 未设置
    大小: 未设置
    粗体: 未设置
    斜体: 未设置
    下划线: 未设置
    标准颜色: 未设置
  运行 54: '2023'
    字体: 未设置
    大小: 未设置
    粗体: 未设置
    斜体: 未设置
    下划线: 未设置
    标准颜色: 未设置
  运行 55: '年的'
    字体: 未设置
    大小: 未设置
    粗体: 未设置
    斜体: 未设置
    下划线: 未设置
    标准颜色: 未设置
  运行 56: '40'
    字体: 未设置
    大小: 未设置
    粗体: 未设置
    斜体: 未设置
    下划线: 未设置
    标准颜色: 未设置
  运行 57: '项重点工作任务，并明确了完成期限。'
    字体: 未设置
    大小: 未设置
    粗体: 未设置
    斜体: 未设置
    下划线: 未设置
    标准颜色: 未设置
  运行 58: '青少年近视问题再次受到广泛关注。正如《'
    字体: 未设置
    大小: 未设置
    粗体: 未设置
    斜体: 未设置
    下划线: 未设置
    标准颜色: 未设置
  运行 59: '“'
    字体: 未设置
    大小: 未设置
    粗体: 未设置
    斜体: 未设置
    下划线: 未设置
    标准颜色: 未设置
  运行 60: '健康中国'
    字体: 未设置
    大小: 未设置
    粗体: 未设置
    斜体: 未设置
    下划线: 未设置
    标准颜色: 未设置
  运行 61: '2030'
    字体: 未设置
    大小: 未设置
    粗体: 未设置
    斜体: 未设置
    下划线: 未设置
    标准颜色: 未设置
  运行 62: '”规划纲要》所强调的，人民健康是社会的根本问题，是促进经济社会发展的基本条件，对推进社会主义现代化建设具有重要'
    字体: 未设置
    大小: 未设置
    粗体: 未设置
    斜体: 未设置
    下划线: 未设置
    标准颜色: 未设置
  运行 63: '意义'
    字体: 未设置
    大小: 未设置
    粗体: 未设置
    斜体: 未设置
    下划线: 未设置
    标准颜色: 未设置
  运行 64: '['
    字体: 未设置
    大小: 未设置
    粗体: 未设置
    斜体: 未设置
    下划线: 未设置
    标准颜色: 未设置
  运行 65: ''
    字体: 未设置
    大小: 未设置
    粗体: 未设置
    斜体: 未设置
    下划线: 未设置
    标准颜色: 未设置
  运行 66: ']'
    字体: 未设置
    大小: 未设置
    粗体: 未设置
    斜体: 未设置
    下划线: 未设置
    标准颜色: 未设置
  运行 67: '。'
    字体: 未设置
    大小: 未设置
    粗体: 未设置
    斜体: 未设置
    下划线: 未设置
    标准颜色: 未设置
  运行 68: '与此同时，工业化、人口老龄化以及不断变迁的生态环境给人们的健康带来了全新的挑战。为了全面解决人民长期重大的健康问题，政府将增加对健康产业的发展投入。“十四五”规划还提出，需要完善多层次社会保障体系，全面推进建设健康中国。'
    字体: 未设置
    大小: 未设置
    粗体: 未设置
    斜体: 未设置
    下划线: 未设置
    标准颜色: 未设置

段落 451:
文本内容: 医疗器械国产政策支持
段落样式: Heading 4
从样式获取的格式:
  样式字体: 未设置
  样式字号: 未设置
  样式颜色: 未设置
对齐方式: 未设置
左缩进: 未设置
右缩进: 未设置
首行缩进: 未设置
行间距: 未设置
从XML读取的格式:
  运行 1: '医疗'
    字体: 未设置
    大小: 未设置
    粗体: 未设置
    斜体: 未设置
    下划线: 未设置
    标准颜色: 未设置
  运行 2: '器械国产政策支持'
    字体: 未设置
    大小: 未设置
    粗体: 未设置
    斜体: 未设置
    下划线: 未设置
    标准颜色: 未设置

段落 452:
文本内容: 财政部国库司、工业和信息化部装备二司、省级政府也出台了一些政策性文件，如2021年财政部和工业和信息化部联合发布的《政府采购进口产品审计审查指导标准》，明确规定了政府机关单位采购国产医疗器械的比例，此举对医疗器械市场产生了重大影响。其中，137种设备要求全部国产化，12种设备要求国产化75%，24种设备要求国产化50%，5种设备要求国产化25%。以广东省卫生健康委于2021年发布的《关于2021年省级医疗卫生机构进口产品目录清单的公告》为例，该政策的主要目的是促进政府采购进口产品的管理，提高政府采购进口产品的效率[]。表 3-3列举了部分相关的国产医疗器械的支持政策。
段落样式: 正文-缩进
从样式获取的格式:
  样式字体: 未设置
  样式字号: 未设置
  样式颜色: 未设置
对齐方式: 未设置
左缩进: 未设置
右缩进: 未设置
首行缩进: 未设置
行间距: 未设置
从XML读取的格式:
  运行 1: '财政部国库司、工业和信息化部装备二司、省级政府也出台了一些政策性文件，如'
    字体: 未设置
    大小: 未设置
    粗体: 未设置
    斜体: 未设置
    下划线: 未设置
    标准颜色: 未设置
  运行 2: '2021'
    字体: 未设置
    大小: 未设置
    粗体: 未设置
    斜体: 未设置
    下划线: 未设置
    标准颜色: 未设置
  运行 3: '年财政部和工业和信息化部联合发布的《政府采购进口产品审计审查指导标准》'
    字体: 未设置
    大小: 未设置
    粗体: 未设置
    斜体: 未设置
    下划线: 未设置
    标准颜色: 未设置
  运行 4: '，'
    字体: 未设置
    大小: 未设置
    粗体: 未设置
    斜体: 未设置
    下划线: 未设置
    标准颜色: 未设置
  运行 5: '明确规定了政府机关单位采购国产医疗器械的比例，此举对医疗器械市场产生了重大影响。其中，'
    字体: 未设置
    大小: 未设置
    粗体: 未设置
    斜体: 未设置
    下划线: 未设置
    标准颜色: 未设置
  运行 6: '137'
    字体: 未设置
    大小: 未设置
    粗体: 未设置
    斜体: 未设置
    下划线: 未设置
    标准颜色: 未设置
  运行 7: '种设备要求全部国产化，'
    字体: 未设置
    大小: 未设置
    粗体: 未设置
    斜体: 未设置
    下划线: 未设置
    标准颜色: 未设置
  运行 8: '12'
    字体: 未设置
    大小: 未设置
    粗体: 未设置
    斜体: 未设置
    下划线: 未设置
    标准颜色: 未设置
  运行 9: '种设备要求国产化'
    字体: 未设置
    大小: 未设置
    粗体: 未设置
    斜体: 未设置
    下划线: 未设置
    标准颜色: 未设置
  运行 10: '75%'
    字体: 未设置
    大小: 未设置
    粗体: 未设置
    斜体: 未设置
    下划线: 未设置
    标准颜色: 未设置
  运行 11: '，'
    字体: 未设置
    大小: 未设置
    粗体: 未设置
    斜体: 未设置
    下划线: 未设置
    标准颜色: 未设置
  运行 12: '24'
    字体: 未设置
    大小: 未设置
    粗体: 未设置
    斜体: 未设置
    下划线: 未设置
    标准颜色: 未设置
  运行 13: '种设备要求国产化'
    字体: 未设置
    大小: 未设置
    粗体: 未设置
    斜体: 未设置
    下划线: 未设置
    标准颜色: 未设置
  运行 14: '50%'
    字体: 未设置
    大小: 未设置
    粗体: 未设置
    斜体: 未设置
    下划线: 未设置
    标准颜色: 未设置
  运行 15: '，'
    字体: 未设置
    大小: 未设置
    粗体: 未设置
    斜体: 未设置
    下划线: 未设置
    标准颜色: 未设置
  运行 16: '5'
    字体: 未设置
    大小: 未设置
    粗体: 未设置
    斜体: 未设置
    下划线: 未设置
    标准颜色: 未设置
  运行 17: '种设备要求国产化'
    字体: 未设置
    大小: 未设置
    粗体: 未设置
    斜体: 未设置
    下划线: 未设置
    标准颜色: 未设置
  运行 18: '25%'
    字体: 未设置
    大小: 未设置
    粗体: 未设置
    斜体: 未设置
    下划线: 未设置
    标准颜色: 未设置
  运行 19: '。以广东省卫生健康委于'
    字体: 未设置
    大小: 未设置
    粗体: 未设置
    斜体: 未设置
    下划线: 未设置
    标准颜色: 未设置
  运行 20: '2021'
    字体: 未设置
    大小: 未设置
    粗体: 未设置
    斜体: 未设置
    下划线: 未设置
    标准颜色: 未设置
  运行 21: '年发布的《关于'
    字体: 未设置
    大小: 未设置
    粗体: 未设置
    斜体: 未设置
    下划线: 未设置
    标准颜色: 未设置
  运行 22: '2021'
    字体: 未设置
    大小: 未设置
    粗体: 未设置
    斜体: 未设置
    下划线: 未设置
    标准颜色: 未设置
  运行 23: '年省级医疗卫生机构进口产品目录清单的公告》为例'
    字体: 未设置
    大小: 未设置
    粗体: 未设置
    斜体: 未设置
    下划线: 未设置
    标准颜色: 未设置
  运行 24: '，'
    字体: 未设置
    大小: 未设置
    粗体: 未设置
    斜体: 未设置
    下划线: 未设置
    标准颜色: 未设置
  运行 25: '该政策的主要目的是促进政府采购进口产品的管理，提高政府采购进口产品的效率'
    字体: 未设置
    大小: 未设置
    粗体: 未设置
    斜体: 未设置
    下划线: 未设置
    标准颜色: 未设置
  运行 26: '['
    字体: 未设置
    大小: 未设置
    粗体: 未设置
    斜体: 未设置
    下划线: 未设置
    标准颜色: 未设置
  运行 27: ''
    字体: 未设置
    大小: 未设置
    粗体: 未设置
    斜体: 未设置
    下划线: 未设置
    标准颜色: 未设置
  运行 28: ']'
    字体: 未设置
    大小: 未设置
    粗体: 未设置
    斜体: 未设置
    下划线: 未设置
    标准颜色: 未设置
  运行 29: '。'
    字体: 未设置
    大小: 未设置
    粗体: 未设置
    斜体: 未设置
    下划线: 未设置
    标准颜色: 未设置
  运行 30: ''
    字体: 未设置
    大小: 未设置
    粗体: 未设置
    斜体: 未设置
    下划线: 未设置
    标准颜色: 未设置
  运行 31: ''
    字体: 未设置
    大小: 未设置
    粗体: 未设置
    斜体: 未设置
    下划线: 未设置
    标准颜色: 未设置
  运行 32: ''
    字体: 未设置
    大小: 未设置
    粗体: 未设置
    斜体: 未设置
    下划线: 未设置
    标准颜色: 未设置
  运行 33: ''
    字体: 未设置
    大小: 未设置
    粗体: 未设置
    斜体: 未设置
    下划线: 未设置
    标准颜色: 未设置
  运行 34: ''
    字体: 未设置
    大小: 未设置
    粗体: 未设置
    斜体: 未设置
    下划线: 未设置
    标准颜色: 未设置
  运行 35: '表'
    字体: 未设置
    大小: 未设置
    粗体: 未设置
    斜体: 未设置
    下划线: 未设置
    标准颜色: 未设置
  运行 36: ' '
    字体: 未设置
    大小: 未设置
    粗体: 未设置
    斜体: 未设置
    下划线: 未设置
    标准颜色: 未设置
  运行 37: '3'
    字体: 未设置
    大小: 未设置
    粗体: 未设置
    斜体: 未设置
    下划线: 未设置
    标准颜色: 未设置
  运行 38: '-'
    字体: 未设置
    大小: 未设置
    粗体: 未设置
    斜体: 未设置
    下划线: 未设置
    标准颜色: 未设置
  运行 39: '3'
    字体: 未设置
    大小: 未设置
    粗体: 未设置
    斜体: 未设置
    下划线: 未设置
    标准颜色: 未设置
  运行 40: ''
    字体: 未设置
    大小: 未设置
    粗体: 未设置
    斜体: 未设置
    下划线: 未设置
    标准颜色: 未设置
  运行 41: '列举了部分相关的国产医疗器械的支持政策。'
    字体: 未设置
    大小: 未设置
    粗体: 未设置
    斜体: 未设置
    下划线: 未设置
    标准颜色: 未设置

段落 454:
文本内容: 表 3-3　医疗器械支持国产政策（部分）
段落样式: Caption
从样式获取的格式:
  样式字体: 未设置
  样式字号: 未设置
  样式颜色: 未设置
对齐方式: 未设置
左缩进: 未设置
右缩进: 未设置
首行缩进: 未设置
行间距: 未设置
从XML读取的格式:
  运行 1: '表'
    字体: 未设置
    大小: 未设置
    粗体: 未设置
    斜体: 未设置
    下划线: 未设置
    标准颜色: 未设置
  运行 2: ' '
    字体: 未设置
    大小: 未设置
    粗体: 未设置
    斜体: 未设置
    下划线: 未设置
    标准颜色: 未设置
  运行 3: ''
    字体: 未设置
    大小: 未设置
    粗体: 未设置
    斜体: 未设置
    下划线: 未设置
    标准颜色: 未设置
  运行 4: ''
    字体: 未设置
    大小: 未设置
    粗体: 未设置
    斜体: 未设置
    下划线: 未设置
    标准颜色: 未设置
  运行 5: ''
    字体: 未设置
    大小: 未设置
    粗体: 未设置
    斜体: 未设置
    下划线: 未设置
    标准颜色: 未设置
  运行 6: ''
    字体: 未设置
    大小: 未设置
    粗体: 未设置
    斜体: 未设置
    下划线: 未设置
    标准颜色: 未设置
  运行 7: ''
    字体: 未设置
    大小: 未设置
    粗体: 未设置
    斜体: 未设置
    下划线: 未设置
    标准颜色: 未设置
  运行 8: '3'
    字体: 未设置
    大小: 未设置
    粗体: 未设置
    斜体: 未设置
    下划线: 未设置
    标准颜色: 未设置
  运行 9: ''
    字体: 未设置
    大小: 未设置
    粗体: 未设置
    斜体: 未设置
    下划线: 未设置
    标准颜色: 未设置
  运行 10: '-'
    字体: 未设置
    大小: 未设置
    粗体: 未设置
    斜体: 未设置
    下划线: 未设置
    标准颜色: 未设置
  运行 11: ''
    字体: 未设置
    大小: 未设置
    粗体: 未设置
    斜体: 未设置
    下划线: 未设置
    标准颜色: 未设置
  运行 12: ''
    字体: 未设置
    大小: 未设置
    粗体: 未设置
    斜体: 未设置
    下划线: 未设置
    标准颜色: 未设置
  运行 13: ''
    字体: 未设置
    大小: 未设置
    粗体: 未设置
    斜体: 未设置
    下划线: 未设置
    标准颜色: 未设置
  运行 14: ''
    字体: 未设置
    大小: 未设置
    粗体: 未设置
    斜体: 未设置
    下划线: 未设置
    标准颜色: 未设置
  运行 15: ''
    字体: 未设置
    大小: 未设置
    粗体: 未设置
    斜体: 未设置
    下划线: 未设置
    标准颜色: 未设置
  运行 16: ''
    字体: 未设置
    大小: 未设置
    粗体: 未设置
    斜体: 未设置
    下划线: 未设置
    标准颜色: 未设置
  运行 17: ''
    字体: 未设置
    大小: 未设置
    粗体: 未设置
    斜体: 未设置
    下划线: 未设置
    标准颜色: 未设置
  运行 18: '3'
    字体: 未设置
    大小: 未设置
    粗体: 未设置
    斜体: 未设置
    下划线: 未设置
    标准颜色: 未设置
  运行 19: ''
    字体: 未设置
    大小: 未设置
    粗体: 未设置
    斜体: 未设置
    下划线: 未设置
    标准颜色: 未设置
  运行 20: '　'
    字体: 未设置
    大小: 未设置
    粗体: 未设置
    斜体: 未设置
    下划线: 未设置
    标准颜色: 未设置
  运行 21: '医疗器械支持'
    字体: 未设置
    大小: 未设置
    粗体: 未设置
    斜体: 未设置
    下划线: 未设置
    标准颜色: 未设置
  运行 22: '国产'
    字体: 未设置
    大小: 未设置
    粗体: 未设置
    斜体: 未设置
    下划线: 未设置
    标准颜色: 未设置
  运行 23: '政策'
    字体: 未设置
    大小: 未设置
    粗体: 未设置
    斜体: 未设置
    下划线: 未设置
    标准颜色: 未设置
  运行 24: '（部分）'
    字体: 未设置
    大小: 未设置
    粗体: 未设置
    斜体: 未设置
    下划线: 未设置
    标准颜色: 未设置

段落 455:
文本内容: 资料来源：作者整理，Y公司内部资料，2024.
段落样式: 图表资料来源
从样式获取的格式:
  样式字体: 未设置
  样式字号: 114300
  样式字号(pt): 9.0
  样式颜色: 未设置
对齐方式: 未设置
左缩进: 未设置
右缩进: 未设置
首行缩进: 未设置
行间距: 未设置
从XML读取的格式:
  运行 1: '资料来源：'
    字体: 未设置
    大小: 未设置
    粗体: 未设置
    斜体: 未设置
    下划线: 未设置
    标准颜色: 未设置
  运行 2: '作者整理，'
    字体: 未设置
    大小: 未设置
    粗体: 未设置
    斜体: 未设置
    下划线: 未设置
    标准颜色: 未设置
  运行 3: 'Y'
    字体: 未设置
    大小: 未设置
    粗体: 未设置
    斜体: 未设置
    下划线: 未设置
    标准颜色: 未设置
  运行 4: '公司内部资料'
    字体: 未设置
    大小: 未设置
    粗体: 未设置
    斜体: 未设置
    下划线: 未设置
    标准颜色: 未设置
  运行 5: '，'
    字体: 未设置
    大小: 未设置
    粗体: 未设置
    斜体: 未设置
    下划线: 未设置
    标准颜色: 未设置
  运行 6: '20'
    字体: 未设置
    大小: 未设置
    粗体: 未设置
    斜体: 未设置
    下划线: 未设置
    标准颜色: 未设置
  运行 7: '2'
    字体: 未设置
    大小: 未设置
    粗体: 未设置
    斜体: 未设置
    下划线: 未设置
    标准颜色: 未设置
  运行 8: '4'
    字体: 未设置
    大小: 未设置
    粗体: 未设置
    斜体: 未设置
    下划线: 未设置
    标准颜色: 未设置
  运行 9: '.'
    字体: 未设置
    大小: 未设置
    粗体: 未设置
    斜体: 未设置
    下划线: 未设置
    标准颜色: 未设置

段落 457:
文本内容: 医疗器械的法律监管
段落样式: Heading 4
从样式获取的格式:
  样式字体: 未设置
  样式字号: 未设置
  样式颜色: 未设置
对齐方式: 未设置
左缩进: 未设置
右缩进: 未设置
首行缩进: 未设置
行间距: 未设置
从XML读取的格式:
  运行 1: '医疗器械的法律'
    字体: 未设置
    大小: 未设置
    粗体: 未设置
    斜体: 未设置
    下划线: 未设置
    标准颜色: 未设置
  运行 2: '监管'
    字体: 未设置
    大小: 未设置
    粗体: 未设置
    斜体: 未设置
    下划线: 未设置
    标准颜色: 未设置

段落 458:
文本内容: 中国医疗器械行业正在经历标准化和创新的双重转型。新修订的《医疗器械监督管理条例》加强了行业监管，要求医疗器械注册人对产品从生产到使用的各个环节负责，确保质量和安全。
段落样式: 正文-缩进
从样式获取的格式:
  样式字体: 未设置
  样式字号: 未设置
  样式颜色: 未设置
对齐方式: 未设置
左缩进: 未设置
右缩进: 未设置
首行缩进: 未设置
行间距: 未设置
从XML读取的格式:
  运行 1: '中国医疗器械行业正在经历标准化和创新的双重转型。新修订的《医疗器械监督管理条例》加强了行业监管，要求医疗器械注册人对产品从生产到使用的各个环节负责，确保质量和安全。'
    字体: 未设置
    大小: 未设置
    粗体: 未设置
    斜体: 未设置
    下划线: 未设置
    标准颜色: 未设置

段落 459:
文本内容: 国家政策的支持为行业注入了创新动力，优先审批流程为创新医疗器械提供了快速通道，加快了这些产品的市场准入。国内医疗器械市场规模稳步增长，企业收入和出口额均呈现上升趋势。随着中国制造的医疗器械在国际市场的认可度不断提高，国内企业通过不断的技术创新和产品升级，逐步扩大在全球市场的份额。
段落样式: 正文-缩进
从样式获取的格式:
  样式字体: 未设置
  样式字号: 未设置
  样式颜色: 未设置
对齐方式: 未设置
左缩进: 未设置
右缩进: 未设置
首行缩进: 未设置
行间距: 未设置
从XML读取的格式:
  运行 1: '国家政策的支持为行业注入了创新动力，优先审批流程为创新医疗器械提供了快速通道，加快了这些产品的市场准入。国内医疗器械市场规模稳步增长，企业收入和出口额均呈现上升趋势。随着中国制造的医疗器械在国际市场的认可度不断提高，国内企业通过不断的技术创新和产品升级，逐步扩大在全球市场的份额。'
    字体: 未设置
    大小: 未设置
    粗体: 未设置
    斜体: 未设置
    下划线: 未设置
    标准颜色: 未设置

段落 460:
文本内容: 在政策和市场需求的推动下，中国医疗器械行业正朝着高质量、高标准的方向发展，以创新为动力，不断提高产品和服务的国际竞争力，为全球健康事业做出贡献。表 3-4列出了我国部分医疗器械监管法律法规。
段落样式: 正文-缩进
从样式获取的格式:
  样式字体: 未设置
  样式字号: 未设置
  样式颜色: 未设置
对齐方式: 未设置
左缩进: 未设置
右缩进: 未设置
首行缩进: 未设置
行间距: 未设置
从XML读取的格式:
  运行 1: '在政策和市场需求的推动下，中国医疗器械行业正朝着高质量、高标准的方向发展，以创新为动力，不断提高产品和服务的国际竞争力，为全球健康事业做出贡献。'
    字体: 未设置
    大小: 未设置
    粗体: 未设置
    斜体: 未设置
    下划线: 未设置
    标准颜色: 未设置
  运行 2: ''
    字体: 未设置
    大小: 未设置
    粗体: 未设置
    斜体: 未设置
    下划线: 未设置
    标准颜色: 未设置
  运行 3: ''
    字体: 未设置
    大小: 未设置
    粗体: 未设置
    斜体: 未设置
    下划线: 未设置
    标准颜色: 未设置
  运行 4: ''
    字体: 未设置
    大小: 未设置
    粗体: 未设置
    斜体: 未设置
    下划线: 未设置
    标准颜色: 未设置
  运行 5: ''
    字体: 未设置
    大小: 未设置
    粗体: 未设置
    斜体: 未设置
    下划线: 未设置
    标准颜色: 未设置
  运行 6: ''
    字体: 未设置
    大小: 未设置
    粗体: 未设置
    斜体: 未设置
    下划线: 未设置
    标准颜色: 未设置
  运行 7: '表'
    字体: 未设置
    大小: 未设置
    粗体: 未设置
    斜体: 未设置
    下划线: 未设置
    标准颜色: 未设置
  运行 8: ' '
    字体: 未设置
    大小: 未设置
    粗体: 未设置
    斜体: 未设置
    下划线: 未设置
    标准颜色: 未设置
  运行 9: '3'
    字体: 未设置
    大小: 未设置
    粗体: 未设置
    斜体: 未设置
    下划线: 未设置
    标准颜色: 未设置
  运行 10: '-'
    字体: 未设置
    大小: 未设置
    粗体: 未设置
    斜体: 未设置
    下划线: 未设置
    标准颜色: 未设置
  运行 11: '4'
    字体: 未设置
    大小: 未设置
    粗体: 未设置
    斜体: 未设置
    下划线: 未设置
    标准颜色: 未设置
  运行 12: ''
    字体: 未设置
    大小: 未设置
    粗体: 未设置
    斜体: 未设置
    下划线: 未设置
    标准颜色: 未设置
  运行 13: '列出了我国部分'
    字体: 未设置
    大小: 未设置
    粗体: 未设置
    斜体: 未设置
    下划线: 未设置
    标准颜色: 未设置
  运行 14: '医疗器械监管法律法规'
    字体: 未设置
    大小: 未设置
    粗体: 未设置
    斜体: 未设置
    下划线: 未设置
    标准颜色: 未设置
  运行 15: '。'
    字体: 未设置
    大小: 未设置
    粗体: 未设置
    斜体: 未设置
    下划线: 未设置
    标准颜色: 未设置

段落 461:
文本内容: 综述所述，国家通过一系列政策推动国内医疗器械行业的发展，给国内企业带来了市场机遇，也带来了挑战。同时也应当注意到，2018年9月国家药品监督管理局英文简称由“CFDA”变为“NMPA”，原CFDA中的D指“Drug”，意为药物，现在NMPA的MP则指“Medical Products”，意为医疗产品，说明国家药品监督管理局监管更加专注于包括药品、医疗器械等在内的医疗产品。国家药监局实施了更严格的监管政策，减少了医疗器械注册证书的发放，促使企业在严格的监管下准确定位市场并迅速做出反应，以确保市场收益[]。
段落样式: 正文-缩进
从样式获取的格式:
  样式字体: 未设置
  样式字号: 未设置
  样式颜色: 未设置
对齐方式: 未设置
左缩进: 未设置
右缩进: 未设置
首行缩进: 未设置
行间距: 未设置
从XML读取的格式:
  运行 1: '综述所述，'
    字体: 未设置
    大小: 未设置
    粗体: 未设置
    斜体: 未设置
    下划线: 未设置
    标准颜色: 未设置
  运行 2: '国家通过一系列政策推动国内医疗器械行业的发展，给国内企业带来了市场机遇'
    字体: 未设置
    大小: 未设置
    粗体: 未设置
    斜体: 未设置
    下划线: 未设置
    标准颜色: 未设置
  运行 3: '，也带来了'
    字体: 未设置
    大小: 未设置
    粗体: 未设置
    斜体: 未设置
    下划线: 未设置
    标准颜色: 未设置
  运行 4: '挑战'
    字体: 未设置
    大小: 未设置
    粗体: 未设置
    斜体: 未设置
    下划线: 未设置
    标准颜色: 未设置
  运行 5: '。同时也应当注意到，'
    字体: 未设置
    大小: 未设置
    粗体: 未设置
    斜体: 未设置
    下划线: 未设置
    标准颜色: 未设置
  运行 6: '2018'
    字体: 未设置
    大小: 未设置
    粗体: 未设置
    斜体: 未设置
    下划线: 未设置
    标准颜色: 未设置
  运行 7: '年'
    字体: 未设置
    大小: 未设置
    粗体: 未设置
    斜体: 未设置
    下划线: 未设置
    标准颜色: 未设置
  运行 8: '9'
    字体: 未设置
    大小: 未设置
    粗体: 未设置
    斜体: 未设置
    下划线: 未设置
    标准颜色: 未设置
  运行 9: '月国家药品监督管理局英文简称由“'
    字体: 未设置
    大小: 未设置
    粗体: 未设置
    斜体: 未设置
    下划线: 未设置
    标准颜色: 未设置
  运行 10: 'CFDA'
    字体: 未设置
    大小: 未设置
    粗体: 未设置
    斜体: 未设置
    下划线: 未设置
    标准颜色: 未设置
  运行 11: '”变为“'
    字体: 未设置
    大小: 未设置
    粗体: 未设置
    斜体: 未设置
    下划线: 未设置
    标准颜色: 未设置
  运行 12: 'NMPA'
    字体: 未设置
    大小: 未设置
    粗体: 未设置
    斜体: 未设置
    下划线: 未设置
    标准颜色: 未设置
  运行 13: '”，原'
    字体: 未设置
    大小: 未设置
    粗体: 未设置
    斜体: 未设置
    下划线: 未设置
    标准颜色: 未设置
  运行 14: 'CFDA'
    字体: 未设置
    大小: 未设置
    粗体: 未设置
    斜体: 未设置
    下划线: 未设置
    标准颜色: 未设置
  运行 15: '中的'
    字体: 未设置
    大小: 未设置
    粗体: 未设置
    斜体: 未设置
    下划线: 未设置
    标准颜色: 未设置
  运行 16: 'D'
    字体: 未设置
    大小: 未设置
    粗体: 未设置
    斜体: 未设置
    下划线: 未设置
    标准颜色: 未设置
  运行 17: '指“'
    字体: 未设置
    大小: 未设置
    粗体: 未设置
    斜体: 未设置
    下划线: 未设置
    标准颜色: 未设置
  运行 18: 'Drug'
    字体: 未设置
    大小: 未设置
    粗体: 未设置
    斜体: 未设置
    下划线: 未设置
    标准颜色: 未设置
  运行 19: '”，意为药物，现在'
    字体: 未设置
    大小: 未设置
    粗体: 未设置
    斜体: 未设置
    下划线: 未设置
    标准颜色: 未设置
  运行 20: 'NMPA'
    字体: 未设置
    大小: 未设置
    粗体: 未设置
    斜体: 未设置
    下划线: 未设置
    标准颜色: 未设置
  运行 21: '的'
    字体: 未设置
    大小: 未设置
    粗体: 未设置
    斜体: 未设置
    下划线: 未设置
    标准颜色: 未设置
  运行 22: 'MP'
    字体: 未设置
    大小: 未设置
    粗体: 未设置
    斜体: 未设置
    下划线: 未设置
    标准颜色: 未设置
  运行 23: '则指“'
    字体: 未设置
    大小: 未设置
    粗体: 未设置
    斜体: 未设置
    下划线: 未设置
    标准颜色: 未设置
  运行 24: 'M'
    字体: 未设置
    大小: 未设置
    粗体: 未设置
    斜体: 未设置
    下划线: 未设置
    标准颜色: 未设置
  运行 25: 'edical '
    字体: 未设置
    大小: 未设置
    粗体: 未设置
    斜体: 未设置
    下划线: 未设置
    标准颜色: 未设置
  运行 26: 'P'
    字体: 未设置
    大小: 未设置
    粗体: 未设置
    斜体: 未设置
    下划线: 未设置
    标准颜色: 未设置
  运行 27: 'roducts'
    字体: 未设置
    大小: 未设置
    粗体: 未设置
    斜体: 未设置
    下划线: 未设置
    标准颜色: 未设置
  运行 28: '”，意为医疗产品，说明国家药品监督管理局监管更加专注于包括药品、医疗器械等在内的医疗产品。'
    字体: 未设置
    大小: 未设置
    粗体: 未设置
    斜体: 未设置
    下划线: 未设置
    标准颜色: 未设置
  运行 29: '国家药监局实施了更'
    字体: 未设置
    大小: 未设置
    粗体: 未设置
    斜体: 未设置
    下划线: 未设置
    标准颜色: 未设置
  运行 30: '严格的监管政策，减少了医疗器械注册证书的发放，促使企业在严格的监管下准确定位市场并迅速做出反应，以确保市场'
    字体: 未设置
    大小: 未设置
    粗体: 未设置
    斜体: 未设置
    下划线: 未设置
    标准颜色: 未设置
  运行 31: '收'
    字体: 未设置
    大小: 未设置
    粗体: 未设置
    斜体: 未设置
    下划线: 未设置
    标准颜色: 未设置
  运行 32: '益'
    字体: 未设置
    大小: 未设置
    粗体: 未设置
    斜体: 未设置
    下划线: 未设置
    标准颜色: 未设置
  运行 33: '['
    字体: 未设置
    大小: 未设置
    粗体: 未设置
    斜体: 未设置
    下划线: 未设置
    标准颜色: 未设置
  运行 34: ''
    字体: 未设置
    大小: 未设置
    粗体: 未设置
    斜体: 未设置
    下划线: 未设置
    标准颜色: 未设置
  运行 35: ']'
    字体: 未设置
    大小: 未设置
    粗体: 未设置
    斜体: 未设置
    下划线: 未设置
    标准颜色: 未设置
  运行 36: '。'
    字体: 未设置
    大小: 未设置
    粗体: 未设置
    斜体: 未设置
    下划线: 未设置
    标准颜色: 未设置

段落 463:
文本内容: 表 3-4　医疗器械监管法律法规（部分）
段落样式: Caption
从样式获取的格式:
  样式字体: 未设置
  样式字号: 未设置
  样式颜色: 未设置
对齐方式: 未设置
左缩进: 未设置
右缩进: 未设置
首行缩进: 未设置
行间距: 未设置
从XML读取的格式:
  运行 1: '表'
    字体: 未设置
    大小: 未设置
    粗体: 未设置
    斜体: 未设置
    下划线: 未设置
    标准颜色: 未设置
  运行 2: ' '
    字体: 未设置
    大小: 未设置
    粗体: 未设置
    斜体: 未设置
    下划线: 未设置
    标准颜色: 未设置
  运行 3: ''
    字体: 未设置
    大小: 未设置
    粗体: 未设置
    斜体: 未设置
    下划线: 未设置
    标准颜色: 未设置
  运行 4: ''
    字体: 未设置
    大小: 未设置
    粗体: 未设置
    斜体: 未设置
    下划线: 未设置
    标准颜色: 未设置
  运行 5: ''
    字体: 未设置
    大小: 未设置
    粗体: 未设置
    斜体: 未设置
    下划线: 未设置
    标准颜色: 未设置
  运行 6: ''
    字体: 未设置
    大小: 未设置
    粗体: 未设置
    斜体: 未设置
    下划线: 未设置
    标准颜色: 未设置
  运行 7: ''
    字体: 未设置
    大小: 未设置
    粗体: 未设置
    斜体: 未设置
    下划线: 未设置
    标准颜色: 未设置
  运行 8: '3'
    字体: 未设置
    大小: 未设置
    粗体: 未设置
    斜体: 未设置
    下划线: 未设置
    标准颜色: 未设置
  运行 9: ''
    字体: 未设置
    大小: 未设置
    粗体: 未设置
    斜体: 未设置
    下划线: 未设置
    标准颜色: 未设置
  运行 10: '-'
    字体: 未设置
    大小: 未设置
    粗体: 未设置
    斜体: 未设置
    下划线: 未设置
    标准颜色: 未设置
  运行 11: ''
    字体: 未设置
    大小: 未设置
    粗体: 未设置
    斜体: 未设置
    下划线: 未设置
    标准颜色: 未设置
  运行 12: ''
    字体: 未设置
    大小: 未设置
    粗体: 未设置
    斜体: 未设置
    下划线: 未设置
    标准颜色: 未设置
  运行 13: ''
    字体: 未设置
    大小: 未设置
    粗体: 未设置
    斜体: 未设置
    下划线: 未设置
    标准颜色: 未设置
  运行 14: ''
    字体: 未设置
    大小: 未设置
    粗体: 未设置
    斜体: 未设置
    下划线: 未设置
    标准颜色: 未设置
  运行 15: ''
    字体: 未设置
    大小: 未设置
    粗体: 未设置
    斜体: 未设置
    下划线: 未设置
    标准颜色: 未设置
  运行 16: ''
    字体: 未设置
    大小: 未设置
    粗体: 未设置
    斜体: 未设置
    下划线: 未设置
    标准颜色: 未设置
  运行 17: ''
    字体: 未设置
    大小: 未设置
    粗体: 未设置
    斜体: 未设置
    下划线: 未设置
    标准颜色: 未设置
  运行 18: '4'
    字体: 未设置
    大小: 未设置
    粗体: 未设置
    斜体: 未设置
    下划线: 未设置
    标准颜色: 未设置
  运行 19: ''
    字体: 未设置
    大小: 未设置
    粗体: 未设置
    斜体: 未设置
    下划线: 未设置
    标准颜色: 未设置
  运行 20: '　'
    字体: 未设置
    大小: 未设置
    粗体: 未设置
    斜体: 未设置
    下划线: 未设置
    标准颜色: 未设置
  运行 21: '医疗器械'
    字体: 未设置
    大小: 未设置
    粗体: 未设置
    斜体: 未设置
    下划线: 未设置
    标准颜色: 未设置
  运行 22: '监管法律法规'
    字体: 未设置
    大小: 未设置
    粗体: 未设置
    斜体: 未设置
    下划线: 未设置
    标准颜色: 未设置
  运行 23: '（'
    字体: 未设置
    大小: 未设置
    粗体: 未设置
    斜体: 未设置
    下划线: 未设置
    标准颜色: 未设置
  运行 24: '部分'
    字体: 未设置
    大小: 未设置
    粗体: 未设置
    斜体: 未设置
    下划线: 未设置
    标准颜色: 未设置
  运行 25: '）'
    字体: 未设置
    大小: 未设置
    粗体: 未设置
    斜体: 未设置
    下划线: 未设置
    标准颜色: 未设置

段落 464:
文本内容: 资料来源：作者整理，Y公司内部资料，2024.
段落样式: 图表资料来源
从样式获取的格式:
  样式字体: 未设置
  样式字号: 114300
  样式字号(pt): 9.0
  样式颜色: 未设置
对齐方式: 未设置
左缩进: 未设置
右缩进: 未设置
首行缩进: 未设置
行间距: 未设置
从XML读取的格式:
  运行 1: '资料来源：'
    字体: 未设置
    大小: 未设置
    粗体: 未设置
    斜体: 未设置
    下划线: 未设置
    标准颜色: 未设置
  运行 2: '作者整理，'
    字体: 未设置
    大小: 未设置
    粗体: 未设置
    斜体: 未设置
    下划线: 未设置
    标准颜色: 未设置
  运行 3: 'Y'
    字体: 未设置
    大小: 未设置
    粗体: 未设置
    斜体: 未设置
    下划线: 未设置
    标准颜色: 未设置
  运行 4: '公司内部资料'
    字体: 未设置
    大小: 未设置
    粗体: 未设置
    斜体: 未设置
    下划线: 未设置
    标准颜色: 未设置
  运行 5: '，'
    字体: 未设置
    大小: 未设置
    粗体: 未设置
    斜体: 未设置
    下划线: 未设置
    标准颜色: 未设置
  运行 6: '20'
    字体: 未设置
    大小: 未设置
    粗体: 未设置
    斜体: 未设置
    下划线: 未设置
    标准颜色: 未设置
  运行 7: '2'
    字体: 未设置
    大小: 未设置
    粗体: 未设置
    斜体: 未设置
    下划线: 未设置
    标准颜色: 未设置
  运行 8: '4'
    字体: 未设置
    大小: 未设置
    粗体: 未设置
    斜体: 未设置
    下划线: 未设置
    标准颜色: 未设置
  运行 9: '.'
    字体: 未设置
    大小: 未设置
    粗体: 未设置
    斜体: 未设置
    下划线: 未设置
    标准颜色: 未设置

段落 466:
文本内容: 经济环境分析
段落样式: Heading 3
从样式获取的格式:
  样式字体: 未设置
  样式字号: 未设置
  样式颜色: 未设置
对齐方式: 未设置
左缩进: 未设置
右缩进: 未设置
首行缩进: 未设置
行间距: 未设置
从XML读取的格式:
  运行 1: '经济环境分析'
    字体: 未设置
    大小: 未设置
    粗体: 未设置
    斜体: 未设置
    下划线: 未设置
    标准颜色: 未设置
  运行 2: ''
    字体: 未设置
    大小: 未设置
    粗体: 未设置
    斜体: 未设置
    下划线: 未设置
    标准颜色: 未设置
  运行 3: ''
    字体: 未设置
    大小: 未设置
    粗体: 未设置
    斜体: 未设置
    下划线: 未设置
    标准颜色: 未设置
  运行 4: ''
    字体: 未设置
    大小: 未设置
    粗体: 未设置
    斜体: 未设置
    下划线: 未设置
    标准颜色: 未设置
  运行 5: ''
    字体: 未设置
    大小: 未设置
    粗体: 未设置
    斜体: 未设置
    下划线: 未设置
    标准颜色: 未设置
  运行 6: ''
    字体: 未设置
    大小: 未设置
    粗体: 未设置
    斜体: 未设置
    下划线: 未设置
    标准颜色: 未设置
  运行 7: ''
    字体: 未设置
    大小: 未设置
    粗体: 未设置
    斜体: 未设置
    下划线: 未设置
    标准颜色: 未设置
  运行 8: ''
    字体: 未设置
    大小: 未设置
    粗体: 未设置
    斜体: 未设置
    下划线: 未设置
    标准颜色: 未设置
  运行 9: ''
    字体: 未设置
    大小: 未设置
    粗体: 未设置
    斜体: 未设置
    下划线: 未设置
    标准颜色: 未设置
  运行 10: ''
    字体: 未设置
    大小: 未设置
    粗体: 未设置
    斜体: 未设置
    下划线: 未设置
    标准颜色: 未设置
  运行 11: ''
    字体: 未设置
    大小: 未设置
    粗体: 未设置
    斜体: 未设置
    下划线: 未设置
    标准颜色: 未设置
  运行 12: ''
    字体: 未设置
    大小: 未设置
    粗体: 未设置
    斜体: 未设置
    下划线: 未设置
    标准颜色: 未设置
  运行 13: ''
    字体: 未设置
    大小: 未设置
    粗体: 未设置
    斜体: 未设置
    下划线: 未设置
    标准颜色: 未设置
  运行 14: ''
    字体: 未设置
    大小: 未设置
    粗体: 未设置
    斜体: 未设置
    下划线: 未设置
    标准颜色: 未设置
  运行 15: ''
    字体: 未设置
    大小: 未设置
    粗体: 未设置
    斜体: 未设置
    下划线: 未设置
    标准颜色: 未设置
  运行 16: ''
    字体: 未设置
    大小: 未设置
    粗体: 未设置
    斜体: 未设置
    下划线: 未设置
    标准颜色: 未设置
  运行 17: ''
    字体: 未设置
    大小: 未设置
    粗体: 未设置
    斜体: 未设置
    下划线: 未设置
    标准颜色: 未设置
  运行 18: ''
    字体: 未设置
    大小: 未设置
    粗体: 未设置
    斜体: 未设置
    下划线: 未设置
    标准颜色: 未设置
  运行 19: ''
    字体: 未设置
    大小: 未设置
    粗体: 未设置
    斜体: 未设置
    下划线: 未设置
    标准颜色: 未设置
  运行 20: ''
    字体: 未设置
    大小: 未设置
    粗体: 未设置
    斜体: 未设置
    下划线: 未设置
    标准颜色: 未设置
  运行 21: ''
    字体: 未设置
    大小: 未设置
    粗体: 未设置
    斜体: 未设置
    下划线: 未设置
    标准颜色: 未设置
  运行 22: ''
    字体: 未设置
    大小: 未设置
    粗体: 未设置
    斜体: 未设置
    下划线: 未设置
    标准颜色: 未设置
  运行 23: ''
    字体: 未设置
    大小: 未设置
    粗体: 未设置
    斜体: 未设置
    下划线: 未设置
    标准颜色: 未设置
  运行 24: ''
    字体: 未设置
    大小: 未设置
    粗体: 未设置
    斜体: 未设置
    下划线: 未设置
    标准颜色: 未设置
  运行 25: ''
    字体: 未设置
    大小: 未设置
    粗体: 未设置
    斜体: 未设置
    下划线: 未设置
    标准颜色: 未设置
  运行 26: ''
    字体: 未设置
    大小: 未设置
    粗体: 未设置
    斜体: 未设置
    下划线: 未设置
    标准颜色: 未设置
  运行 27: ''
    字体: 未设置
    大小: 未设置
    粗体: 未设置
    斜体: 未设置
    下划线: 未设置
    标准颜色: 未设置
  运行 28: ''
    字体: 未设置
    大小: 未设置
    粗体: 未设置
    斜体: 未设置
    下划线: 未设置
    标准颜色: 未设置

段落 467:
文本内容: 中国GDP稳步增长
段落样式: Heading 4
从样式获取的格式:
  样式字体: 未设置
  样式字号: 未设置
  样式颜色: 未设置
对齐方式: 未设置
左缩进: 未设置
右缩进: 未设置
首行缩进: 未设置
行间距: 未设置
从XML读取的格式:
  运行 1: '中国'
    字体: 未设置
    大小: 未设置
    粗体: 未设置
    斜体: 未设置
    下划线: 未设置
    标准颜色: 未设置
  运行 2: 'GDP'
    字体: 未设置
    大小: 未设置
    粗体: 未设置
    斜体: 未设置
    下划线: 未设置
    标准颜色: 未设置
  运行 3: '稳步增长'
    字体: 未设置
    大小: 未设置
    粗体: 未设置
    斜体: 未设置
    下划线: 未设置
    标准颜色: 未设置

段落 468:
文本内容: 自1978年的改革开放政策起，中国经历了四十多年的持续经济增长。就全球经济规模而言，中国于1978年仅位列世界第十一位。然而，到了2000年，中国经济超越意大利，攀升至世界第六位；2007年，又超越德国，成为第三大经济体；2010年，中国经济总量进一步超越日本，成为世界第二大经济体。到了2023年，中国的国内生产总值（GDP）达到了126.06万亿元，较之前一年增长了5.2%，保持了全球第二的位置，人均GDP也首次超过了一万美元的重要关口。
段落样式: 正文-缩进
从样式获取的格式:
  样式字体: 未设置
  样式字号: 未设置
  样式颜色: 未设置
对齐方式: 未设置
左缩进: 未设置
右缩进: 未设置
首行缩进: 未设置
行间距: 未设置
从XML读取的格式:
  运行 1: '自'
    字体: 未设置
    大小: 未设置
    粗体: 未设置
    斜体: 未设置
    下划线: 未设置
    标准颜色: 未设置
  运行 2: '1978'
    字体: 未设置
    大小: 未设置
    粗体: 未设置
    斜体: 未设置
    下划线: 未设置
    标准颜色: 未设置
  运行 3: '年的改革开放政策起，中国经历了四十多年的持续经济增长。就全球经济规模而言，中国于'
    字体: 未设置
    大小: 未设置
    粗体: 未设置
    斜体: 未设置
    下划线: 未设置
    标准颜色: 未设置
  运行 4: '1978'
    字体: 未设置
    大小: 未设置
    粗体: 未设置
    斜体: 未设置
    下划线: 未设置
    标准颜色: 未设置
  运行 5: '年仅位列世界第十一位。然而，到了'
    字体: 未设置
    大小: 未设置
    粗体: 未设置
    斜体: 未设置
    下划线: 未设置
    标准颜色: 未设置
  运行 6: '2000'
    字体: 未设置
    大小: 未设置
    粗体: 未设置
    斜体: 未设置
    下划线: 未设置
    标准颜色: 未设置
  运行 7: '年，中国经济超越意大利，攀升至世界第六位；'
    字体: 未设置
    大小: 未设置
    粗体: 未设置
    斜体: 未设置
    下划线: 未设置
    标准颜色: 未设置
  运行 8: '2007'
    字体: 未设置
    大小: 未设置
    粗体: 未设置
    斜体: 未设置
    下划线: 未设置
    标准颜色: 未设置
  运行 9: '年，又超越德国，成为第三大经济体；'
    字体: 未设置
    大小: 未设置
    粗体: 未设置
    斜体: 未设置
    下划线: 未设置
    标准颜色: 未设置
  运行 10: '2010'
    字体: 未设置
    大小: 未设置
    粗体: 未设置
    斜体: 未设置
    下划线: 未设置
    标准颜色: 未设置
  运行 11: '年，中国经济总量进一步超越日本，成为世界第二大经'
    字体: 未设置
    大小: 未设置
    粗体: 未设置
    斜体: 未设置
    下划线: 未设置
    标准颜色: 未设置
  运行 12: '济体'
    字体: 未设置
    大小: 未设置
    粗体: 未设置
    斜体: 未设置
    下划线: 未设置
    标准颜色: 未设置
  运行 13: ''
    字体: 未设置
    大小: 未设置
    粗体: 未设置
    斜体: 未设置
    下划线: 未设置
    标准颜色: 未设置
  运行 14: '。'
    字体: 未设置
    大小: 未设置
    粗体: 未设置
    斜体: 未设置
    下划线: 未设置
    标准颜色: 未设置
  运行 15: '到了'
    字体: 未设置
    大小: 未设置
    粗体: 未设置
    斜体: 未设置
    下划线: 未设置
    标准颜色: 未设置
  运行 16: '2023'
    字体: 未设置
    大小: 未设置
    粗体: 未设置
    斜体: 未设置
    下划线: 未设置
    标准颜色: 未设置
  运行 17: '年，中国的国内生产总值（'
    字体: 未设置
    大小: 未设置
    粗体: 未设置
    斜体: 未设置
    下划线: 未设置
    标准颜色: 未设置
  运行 18: 'GDP'
    字体: 未设置
    大小: 未设置
    粗体: 未设置
    斜体: 未设置
    下划线: 未设置
    标准颜色: 未设置
  运行 19: '）达到了'
    字体: 未设置
    大小: 未设置
    粗体: 未设置
    斜体: 未设置
    下划线: 未设置
    标准颜色: 未设置
  运行 20: '126.06'
    字体: 未设置
    大小: 未设置
    粗体: 未设置
    斜体: 未设置
    下划线: 未设置
    标准颜色: 未设置
  运行 21: '万亿元，较之前一年增长了'
    字体: 未设置
    大小: 未设置
    粗体: 未设置
    斜体: 未设置
    下划线: 未设置
    标准颜色: 未设置
  运行 22: '5.2%'
    字体: 未设置
    大小: 未设置
    粗体: 未设置
    斜体: 未设置
    下划线: 未设置
    标准颜色: 未设置
  运行 23: '，保持了全球第二的位置，人均'
    字体: 未设置
    大小: 未设置
    粗体: 未设置
    斜体: 未设置
    下划线: 未设置
    标准颜色: 未设置
  运行 24: 'GDP'
    字体: 未设置
    大小: 未设置
    粗体: 未设置
    斜体: 未设置
    下划线: 未设置
    标准颜色: 未设置
  运行 25: '也首次超过了一万美元的重要关口。'
    字体: 未设置
    大小: 未设置
    粗体: 未设置
    斜体: 未设置
    下划线: 未设置
    标准颜色: 未设置

段落 469:
文本内容: 2020年新冠疫情以来，给全球的经济带来了巨大的负面影响，中国是全球第一个控制好疫情国家，并且开始有序复工复产。中国也是自疫情以来唯一保存GDP正增长的超级经济体，GDP增长速度从新冠疫情最严重的2020年的2.2%，增长至2023年的5.2%，如图 3-2所示。中国所特有的社会主义经济体制，正在为我国社会经济发展，乃至全球的经济发展提供强大的推动作用。
段落样式: 正文-缩进
从样式获取的格式:
  样式字体: 未设置
  样式字号: 未设置
  样式颜色: 未设置
对齐方式: 未设置
左缩进: 未设置
右缩进: 未设置
首行缩进: 未设置
行间距: 未设置
从XML读取的格式:
  运行 1: '2020'
    字体: 未设置
    大小: 未设置
    粗体: 未设置
    斜体: 未设置
    下划线: 未设置
    标准颜色: 未设置
  运行 2: '年新冠疫情以来，给全球的经济带来了巨大的负面影响，中国是全球第一个控制好疫情国家，并且开始有序复工复产。中国也是自疫情以来唯一保存'
    字体: 未设置
    大小: 未设置
    粗体: 未设置
    斜体: 未设置
    下划线: 未设置
    标准颜色: 未设置
  运行 3: 'GDP'
    字体: 未设置
    大小: 未设置
    粗体: 未设置
    斜体: 未设置
    下划线: 未设置
    标准颜色: 未设置
  运行 4: '正增长的超级经济体，'
    字体: 未设置
    大小: 未设置
    粗体: 未设置
    斜体: 未设置
    下划线: 未设置
    标准颜色: 未设置
  运行 5: 'GDP'
    字体: 未设置
    大小: 未设置
    粗体: 未设置
    斜体: 未设置
    下划线: 未设置
    标准颜色: 未设置
  运行 6: '增长速度从新冠疫情最严重的'
    字体: 未设置
    大小: 未设置
    粗体: 未设置
    斜体: 未设置
    下划线: 未设置
    标准颜色: 未设置
  运行 7: '2020'
    字体: 未设置
    大小: 未设置
    粗体: 未设置
    斜体: 未设置
    下划线: 未设置
    标准颜色: 未设置
  运行 8: '年的'
    字体: 未设置
    大小: 未设置
    粗体: 未设置
    斜体: 未设置
    下划线: 未设置
    标准颜色: 未设置
  运行 9: '2.2%'
    字体: 未设置
    大小: 未设置
    粗体: 未设置
    斜体: 未设置
    下划线: 未设置
    标准颜色: 未设置
  运行 10: '，增长至'
    字体: 未设置
    大小: 未设置
    粗体: 未设置
    斜体: 未设置
    下划线: 未设置
    标准颜色: 未设置
  运行 11: '2023'
    字体: 未设置
    大小: 未设置
    粗体: 未设置
    斜体: 未设置
    下划线: 未设置
    标准颜色: 未设置
  运行 12: '年的'
    字体: 未设置
    大小: 未设置
    粗体: 未设置
    斜体: 未设置
    下划线: 未设置
    标准颜色: 未设置
  运行 13: '5.2%'
    字体: 未设置
    大小: 未设置
    粗体: 未设置
    斜体: 未设置
    下划线: 未设置
    标准颜色: 未设置
  运行 14: '，如'
    字体: 未设置
    大小: 未设置
    粗体: 未设置
    斜体: 未设置
    下划线: 未设置
    标准颜色: 未设置
  运行 15: ''
    字体: 未设置
    大小: 未设置
    粗体: 未设置
    斜体: 未设置
    下划线: 未设置
    标准颜色: 未设置
  运行 16: ''
    字体: 未设置
    大小: 未设置
    粗体: 未设置
    斜体: 未设置
    下划线: 未设置
    标准颜色: 未设置
  运行 17: ''
    字体: 未设置
    大小: 未设置
    粗体: 未设置
    斜体: 未设置
    下划线: 未设置
    标准颜色: 未设置
  运行 18: ''
    字体: 未设置
    大小: 未设置
    粗体: 未设置
    斜体: 未设置
    下划线: 未设置
    标准颜色: 未设置
  运行 19: ''
    字体: 未设置
    大小: 未设置
    粗体: 未设置
    斜体: 未设置
    下划线: 未设置
    标准颜色: 未设置
  运行 20: '图'
    字体: 未设置
    大小: 未设置
    粗体: 未设置
    斜体: 未设置
    下划线: 未设置
    标准颜色: 未设置
  运行 21: ' '
    字体: 未设置
    大小: 未设置
    粗体: 未设置
    斜体: 未设置
    下划线: 未设置
    标准颜色: 未设置
  运行 22: '3'
    字体: 未设置
    大小: 未设置
    粗体: 未设置
    斜体: 未设置
    下划线: 未设置
    标准颜色: 未设置
  运行 23: '-'
    字体: 未设置
    大小: 未设置
    粗体: 未设置
    斜体: 未设置
    下划线: 未设置
    标准颜色: 未设置
  运行 24: '2'
    字体: 未设置
    大小: 未设置
    粗体: 未设置
    斜体: 未设置
    下划线: 未设置
    标准颜色: 未设置
  运行 25: ''
    字体: 未设置
    大小: 未设置
    粗体: 未设置
    斜体: 未设置
    下划线: 未设置
    标准颜色: 未设置
  运行 26: '所示。中国所特有的社会主义经济体制，正在为我国社会经济发展，乃至全球的经济发展提供强大的推动作用。'
    字体: 未设置
    大小: 未设置
    粗体: 未设置
    斜体: 未设置
    下划线: 未设置
    标准颜色: 未设置

段落 472:
文本内容: 图 3-2　2019-2023年中国GDP及增长速度
段落样式: Caption
从样式获取的格式:
  样式字体: 未设置
  样式字号: 未设置
  样式颜色: 未设置
对齐方式: 未设置
左缩进: 未设置
右缩进: 未设置
首行缩进: 未设置
行间距: 未设置
从XML读取的格式:
  运行 1: '图'
    字体: 未设置
    大小: 未设置
    粗体: 未设置
    斜体: 未设置
    下划线: 未设置
    标准颜色: 未设置
  运行 2: ' '
    字体: 未设置
    大小: 未设置
    粗体: 未设置
    斜体: 未设置
    下划线: 未设置
    标准颜色: 未设置
  运行 3: ''
    字体: 未设置
    大小: 未设置
    粗体: 未设置
    斜体: 未设置
    下划线: 未设置
    标准颜色: 未设置
  运行 4: ''
    字体: 未设置
    大小: 未设置
    粗体: 未设置
    斜体: 未设置
    下划线: 未设置
    标准颜色: 未设置
  运行 5: ''
    字体: 未设置
    大小: 未设置
    粗体: 未设置
    斜体: 未设置
    下划线: 未设置
    标准颜色: 未设置
  运行 6: ''
    字体: 未设置
    大小: 未设置
    粗体: 未设置
    斜体: 未设置
    下划线: 未设置
    标准颜色: 未设置
  运行 7: ''
    字体: 未设置
    大小: 未设置
    粗体: 未设置
    斜体: 未设置
    下划线: 未设置
    标准颜色: 未设置
  运行 8: '3'
    字体: 未设置
    大小: 未设置
    粗体: 未设置
    斜体: 未设置
    下划线: 未设置
    标准颜色: 未设置
  运行 9: ''
    字体: 未设置
    大小: 未设置
    粗体: 未设置
    斜体: 未设置
    下划线: 未设置
    标准颜色: 未设置
  运行 10: '-'
    字体: 未设置
    大小: 未设置
    粗体: 未设置
    斜体: 未设置
    下划线: 未设置
    标准颜色: 未设置
  运行 11: ''
    字体: 未设置
    大小: 未设置
    粗体: 未设置
    斜体: 未设置
    下划线: 未设置
    标准颜色: 未设置
  运行 12: ''
    字体: 未设置
    大小: 未设置
    粗体: 未设置
    斜体: 未设置
    下划线: 未设置
    标准颜色: 未设置
  运行 13: ''
    字体: 未设置
    大小: 未设置
    粗体: 未设置
    斜体: 未设置
    下划线: 未设置
    标准颜色: 未设置
  运行 14: ''
    字体: 未设置
    大小: 未设置
    粗体: 未设置
    斜体: 未设置
    下划线: 未设置
    标准颜色: 未设置
  运行 15: ''
    字体: 未设置
    大小: 未设置
    粗体: 未设置
    斜体: 未设置
    下划线: 未设置
    标准颜色: 未设置
  运行 16: ''
    字体: 未设置
    大小: 未设置
    粗体: 未设置
    斜体: 未设置
    下划线: 未设置
    标准颜色: 未设置
  运行 17: ''
    字体: 未设置
    大小: 未设置
    粗体: 未设置
    斜体: 未设置
    下划线: 未设置
    标准颜色: 未设置
  运行 18: '2'
    字体: 未设置
    大小: 未设置
    粗体: 未设置
    斜体: 未设置
    下划线: 未设置
    标准颜色: 未设置
  运行 19: ''
    字体: 未设置
    大小: 未设置
    粗体: 未设置
    斜体: 未设置
    下划线: 未设置
    标准颜色: 未设置
  运行 20: '　'
    字体: 未设置
    大小: 未设置
    粗体: 未设置
    斜体: 未设置
    下划线: 未设置
    标准颜色: 未设置
  运行 21: '2019-2023'
    字体: 未设置
    大小: 未设置
    粗体: 未设置
    斜体: 未设置
    下划线: 未设置
    标准颜色: 未设置
  运行 22: '年'
    字体: 未设置
    大小: 未设置
    粗体: 未设置
    斜体: 未设置
    下划线: 未设置
    标准颜色: 未设置
  运行 23: '中国'
    字体: 未设置
    大小: 未设置
    粗体: 未设置
    斜体: 未设置
    下划线: 未设置
    标准颜色: 未设置
  运行 24: 'GDP'
    字体: 未设置
    大小: 未设置
    粗体: 未设置
    斜体: 未设置
    下划线: 未设置
    标准颜色: 未设置
  运行 25: '及增长速度'
    字体: 未设置
    大小: 未设置
    粗体: 未设置
    斜体: 未设置
    下划线: 未设置
    标准颜色: 未设置

段落 473:
文本内容: 资料来源：作者整理，国家统计局，2024.
段落样式: 图表资料来源
从样式获取的格式:
  样式字体: 未设置
  样式字号: 114300
  样式字号(pt): 9.0
  样式颜色: 未设置
对齐方式: 未设置
左缩进: 未设置
右缩进: 未设置
首行缩进: 未设置
行间距: 未设置
从XML读取的格式:
  运行 1: '资料来源：'
    字体: 未设置
    大小: 未设置
    粗体: 未设置
    斜体: 未设置
    下划线: 未设置
    标准颜色: 未设置
  运行 2: '作者整理，'
    字体: 未设置
    大小: 未设置
    粗体: 未设置
    斜体: 未设置
    下划线: 未设置
    标准颜色: 未设置
  运行 3: '国家统计局，'
    字体: 未设置
    大小: 未设置
    粗体: 未设置
    斜体: 未设置
    下划线: 未设置
    标准颜色: 未设置
  运行 4: '2'
    字体: 未设置
    大小: 未设置
    粗体: 未设置
    斜体: 未设置
    下划线: 未设置
    标准颜色: 未设置
  运行 5: '02'
    字体: 未设置
    大小: 未设置
    粗体: 未设置
    斜体: 未设置
    下划线: 未设置
    标准颜色: 未设置
  运行 6: '4'
    字体: 未设置
    大小: 未设置
    粗体: 未设置
    斜体: 未设置
    下划线: 未设置
    标准颜色: 未设置
  运行 7: '.'
    字体: 未设置
    大小: 未设置
    粗体: 未设置
    斜体: 未设置
    下划线: 未设置
    标准颜色: 未设置

段落 475:
文本内容: 人均可支配收入增加
段落样式: Heading 4
从样式获取的格式:
  样式字体: 未设置
  样式字号: 未设置
  样式颜色: 未设置
对齐方式: 未设置
左缩进: 未设置
右缩进: 未设置
首行缩进: 未设置
行间距: 未设置
从XML读取的格式:
  运行 1: '人均可支配收入增加'
    字体: 未设置
    大小: 未设置
    粗体: 未设置
    斜体: 未设置
    下划线: 未设置
    标准颜色: 未设置

段落 476:
文本内容: 随着国内生产总值的增加，我国人均可支配收入逐年上升。从2019年的30,733元稳步增长，到2023年达到了39,218元，这一增长反映了国民经济的提升和人民生活水平的改善。这种增长趋势通常与国家经济发展、就业市场的稳定、工资水平的提升以及政府的再分配政策等因素密切相关。具体如图 3-3所示。
段落样式: 正文-缩进
从样式获取的格式:
  样式字体: 未设置
  样式字号: 未设置
  样式颜色: 未设置
对齐方式: 未设置
左缩进: 未设置
右缩进: 未设置
首行缩进: 未设置
行间距: 未设置
从XML读取的格式:
  运行 1: '随着国内生产总值的增'
    字体: 未设置
    大小: 未设置
    粗体: 未设置
    斜体: 未设置
    下划线: 未设置
    标准颜色: 未设置
  运行 2: '加'
    字体: 未设置
    大小: 未设置
    粗体: 未设置
    斜体: 未设置
    下划线: 未设置
    标准颜色: 未设置
  运行 3: '，我国人均可支配收入逐年上升。从'
    字体: 未设置
    大小: 未设置
    粗体: 未设置
    斜体: 未设置
    下划线: 未设置
    标准颜色: 未设置
  运行 4: '2019'
    字体: 未设置
    大小: 未设置
    粗体: 未设置
    斜体: 未设置
    下划线: 未设置
    标准颜色: 未设置
  运行 5: '年的'
    字体: 未设置
    大小: 未设置
    粗体: 未设置
    斜体: 未设置
    下划线: 未设置
    标准颜色: 未设置
  运行 6: '30,733'
    字体: 未设置
    大小: 未设置
    粗体: 未设置
    斜体: 未设置
    下划线: 未设置
    标准颜色: 未设置
  运行 7: '元稳步增长，到'
    字体: 未设置
    大小: 未设置
    粗体: 未设置
    斜体: 未设置
    下划线: 未设置
    标准颜色: 未设置
  运行 8: '2023'
    字体: 未设置
    大小: 未设置
    粗体: 未设置
    斜体: 未设置
    下划线: 未设置
    标准颜色: 未设置
  运行 9: '年达到了'
    字体: 未设置
    大小: 未设置
    粗体: 未设置
    斜体: 未设置
    下划线: 未设置
    标准颜色: 未设置
  运行 10: '39,218'
    字体: 未设置
    大小: 未设置
    粗体: 未设置
    斜体: 未设置
    下划线: 未设置
    标准颜色: 未设置
  运行 11: '元，这一增长反映了国民经济的提升和人民生活水平的改善。这种增长趋势通常与国家经济发展、就业市场的稳定、工资水平的提升以及政府的再分配政策等因素密切相关。'
    字体: 未设置
    大小: 未设置
    粗体: 未设置
    斜体: 未设置
    下划线: 未设置
    标准颜色: 未设置
  运行 12: '具体如'
    字体: 未设置
    大小: 未设置
    粗体: 未设置
    斜体: 未设置
    下划线: 未设置
    标准颜色: 未设置
  运行 13: ''
    字体: 未设置
    大小: 未设置
    粗体: 未设置
    斜体: 未设置
    下划线: 未设置
    标准颜色: 未设置
  运行 14: ''
    字体: 未设置
    大小: 未设置
    粗体: 未设置
    斜体: 未设置
    下划线: 未设置
    标准颜色: 未设置
  运行 15: ''
    字体: 未设置
    大小: 未设置
    粗体: 未设置
    斜体: 未设置
    下划线: 未设置
    标准颜色: 未设置
  运行 16: ''
    字体: 未设置
    大小: 未设置
    粗体: 未设置
    斜体: 未设置
    下划线: 未设置
    标准颜色: 未设置
  运行 17: ''
    字体: 未设置
    大小: 未设置
    粗体: 未设置
    斜体: 未设置
    下划线: 未设置
    标准颜色: 未设置
  运行 18: '图'
    字体: 未设置
    大小: 未设置
    粗体: 未设置
    斜体: 未设置
    下划线: 未设置
    标准颜色: 未设置
  运行 19: ' '
    字体: 未设置
    大小: 未设置
    粗体: 未设置
    斜体: 未设置
    下划线: 未设置
    标准颜色: 未设置
  运行 20: '3'
    字体: 未设置
    大小: 未设置
    粗体: 未设置
    斜体: 未设置
    下划线: 未设置
    标准颜色: 未设置
  运行 21: '-'
    字体: 未设置
    大小: 未设置
    粗体: 未设置
    斜体: 未设置
    下划线: 未设置
    标准颜色: 未设置
  运行 22: '3'
    字体: 未设置
    大小: 未设置
    粗体: 未设置
    斜体: 未设置
    下划线: 未设置
    标准颜色: 未设置
  运行 23: ''
    字体: 未设置
    大小: 未设置
    粗体: 未设置
    斜体: 未设置
    下划线: 未设置
    标准颜色: 未设置
  运行 24: '所示'
    字体: 未设置
    大小: 未设置
    粗体: 未设置
    斜体: 未设置
    下划线: 未设置
    标准颜色: 未设置
  运行 25: '。'
    字体: 未设置
    大小: 未设置
    粗体: 未设置
    斜体: 未设置
    下划线: 未设置
    标准颜色: 未设置

段落 479:
文本内容: 图 3-3　2019-2023居民人均可支配收入情况
段落样式: Caption
从样式获取的格式:
  样式字体: 未设置
  样式字号: 未设置
  样式颜色: 未设置
对齐方式: 未设置
左缩进: 未设置
右缩进: 未设置
首行缩进: 未设置
行间距: 未设置
从XML读取的格式:
  运行 1: '图'
    字体: 未设置
    大小: 未设置
    粗体: 未设置
    斜体: 未设置
    下划线: 未设置
    标准颜色: 未设置
  运行 2: ' '
    字体: 未设置
    大小: 未设置
    粗体: 未设置
    斜体: 未设置
    下划线: 未设置
    标准颜色: 未设置
  运行 3: ''
    字体: 未设置
    大小: 未设置
    粗体: 未设置
    斜体: 未设置
    下划线: 未设置
    标准颜色: 未设置
  运行 4: ''
    字体: 未设置
    大小: 未设置
    粗体: 未设置
    斜体: 未设置
    下划线: 未设置
    标准颜色: 未设置
  运行 5: ''
    字体: 未设置
    大小: 未设置
    粗体: 未设置
    斜体: 未设置
    下划线: 未设置
    标准颜色: 未设置
  运行 6: ''
    字体: 未设置
    大小: 未设置
    粗体: 未设置
    斜体: 未设置
    下划线: 未设置
    标准颜色: 未设置
  运行 7: ''
    字体: 未设置
    大小: 未设置
    粗体: 未设置
    斜体: 未设置
    下划线: 未设置
    标准颜色: 未设置
  运行 8: '3'
    字体: 未设置
    大小: 未设置
    粗体: 未设置
    斜体: 未设置
    下划线: 未设置
    标准颜色: 未设置
  运行 9: ''
    字体: 未设置
    大小: 未设置
    粗体: 未设置
    斜体: 未设置
    下划线: 未设置
    标准颜色: 未设置
  运行 10: '-'
    字体: 未设置
    大小: 未设置
    粗体: 未设置
    斜体: 未设置
    下划线: 未设置
    标准颜色: 未设置
  运行 11: ''
    字体: 未设置
    大小: 未设置
    粗体: 未设置
    斜体: 未设置
    下划线: 未设置
    标准颜色: 未设置
  运行 12: ''
    字体: 未设置
    大小: 未设置
    粗体: 未设置
    斜体: 未设置
    下划线: 未设置
    标准颜色: 未设置
  运行 13: ''
    字体: 未设置
    大小: 未设置
    粗体: 未设置
    斜体: 未设置
    下划线: 未设置
    标准颜色: 未设置
  运行 14: ''
    字体: 未设置
    大小: 未设置
    粗体: 未设置
    斜体: 未设置
    下划线: 未设置
    标准颜色: 未设置
  运行 15: ''
    字体: 未设置
    大小: 未设置
    粗体: 未设置
    斜体: 未设置
    下划线: 未设置
    标准颜色: 未设置
  运行 16: ''
    字体: 未设置
    大小: 未设置
    粗体: 未设置
    斜体: 未设置
    下划线: 未设置
    标准颜色: 未设置
  运行 17: ''
    字体: 未设置
    大小: 未设置
    粗体: 未设置
    斜体: 未设置
    下划线: 未设置
    标准颜色: 未设置
  运行 18: '3'
    字体: 未设置
    大小: 未设置
    粗体: 未设置
    斜体: 未设置
    下划线: 未设置
    标准颜色: 未设置
  运行 19: ''
    字体: 未设置
    大小: 未设置
    粗体: 未设置
    斜体: 未设置
    下划线: 未设置
    标准颜色: 未设置
  运行 20: '　'
    字体: 未设置
    大小: 未设置
    粗体: 未设置
    斜体: 未设置
    下划线: 未设置
    标准颜色: 未设置
  运行 21: '2019-2023'
    字体: 未设置
    大小: 未设置
    粗体: 未设置
    斜体: 未设置
    下划线: 未设置
    标准颜色: 未设置
  运行 22: '居民人均可支配收入'
    字体: 未设置
    大小: 未设置
    粗体: 未设置
    斜体: 未设置
    下划线: 未设置
    标准颜色: 未设置
  运行 23: '情况'
    字体: 未设置
    大小: 未设置
    粗体: 未设置
    斜体: 未设置
    下划线: 未设置
    标准颜色: 未设置

段落 480:
文本内容: 资料来源：作者整理，国家统计局，2024.
段落样式: 图表资料来源
从样式获取的格式:
  样式字体: 未设置
  样式字号: 114300
  样式字号(pt): 9.0
  样式颜色: 未设置
对齐方式: 未设置
左缩进: 未设置
右缩进: 未设置
首行缩进: 未设置
行间距: 未设置
从XML读取的格式:
  运行 1: '资料来源：'
    字体: 未设置
    大小: 未设置
    粗体: 未设置
    斜体: 未设置
    下划线: 未设置
    标准颜色: 未设置
  运行 2: '作者整理，国家统计局'
    字体: 未设置
    大小: 未设置
    粗体: 未设置
    斜体: 未设置
    下划线: 未设置
    标准颜色: 未设置
  运行 3: '，'
    字体: 未设置
    大小: 未设置
    粗体: 未设置
    斜体: 未设置
    下划线: 未设置
    标准颜色: 未设置
  运行 4: '2'
    字体: 未设置
    大小: 未设置
    粗体: 未设置
    斜体: 未设置
    下划线: 未设置
    标准颜色: 未设置
  运行 5: '02'
    字体: 未设置
    大小: 未设置
    粗体: 未设置
    斜体: 未设置
    下划线: 未设置
    标准颜色: 未设置
  运行 6: '4'
    字体: 未设置
    大小: 未设置
    粗体: 未设置
    斜体: 未设置
    下划线: 未设置
    标准颜色: 未设置
  运行 7: '.'
    字体: 未设置
    大小: 未设置
    粗体: 未设置
    斜体: 未设置
    下划线: 未设置
    标准颜色: 未设置

段落 482:
文本内容: 卫生总费用持续增长
段落样式: Heading 4
从样式获取的格式:
  样式字体: 未设置
  样式字号: 未设置
  样式颜色: 未设置
对齐方式: 未设置
左缩进: 未设置
右缩进: 未设置
首行缩进: 未设置
行间距: 未设置
从XML读取的格式:
  运行 1: '卫生总费用持续增长'
    字体: 未设置
    大小: 未设置
    粗体: 未设置
    斜体: 未设置
    下划线: 未设置
    标准颜色: 未设置

段落 483:
文本内容: 我国卫生总费用的投入也是逐年增加。如图 3-4所示。
段落样式: 正文-缩进
从样式获取的格式:
  样式字体: 未设置
  样式字号: 未设置
  样式颜色: 未设置
对齐方式: 未设置
左缩进: 未设置
右缩进: 未设置
首行缩进: 未设置
行间距: 未设置
从XML读取的格式:
  运行 1: '我国'
    字体: 未设置
    大小: 未设置
    粗体: 未设置
    斜体: 未设置
    下划线: 未设置
    标准颜色: 未设置
  运行 2: '卫生总费用'
    字体: 未设置
    大小: 未设置
    粗体: 未设置
    斜体: 未设置
    下划线: 未设置
    标准颜色: 未设置
  运行 3: '的投入也是逐年增加'
    字体: 未设置
    大小: 未设置
    粗体: 未设置
    斜体: 未设置
    下划线: 未设置
    标准颜色: 未设置
  运行 4: '。如'
    字体: 未设置
    大小: 未设置
    粗体: 未设置
    斜体: 未设置
    下划线: 未设置
    标准颜色: 未设置
  运行 5: ''
    字体: 未设置
    大小: 未设置
    粗体: 未设置
    斜体: 未设置
    下划线: 未设置
    标准颜色: 未设置
  运行 6: ''
    字体: 未设置
    大小: 未设置
    粗体: 未设置
    斜体: 未设置
    下划线: 未设置
    标准颜色: 未设置
  运行 7: ''
    字体: 未设置
    大小: 未设置
    粗体: 未设置
    斜体: 未设置
    下划线: 未设置
    标准颜色: 未设置
  运行 8: ''
    字体: 未设置
    大小: 未设置
    粗体: 未设置
    斜体: 未设置
    下划线: 未设置
    标准颜色: 未设置
  运行 9: ''
    字体: 未设置
    大小: 未设置
    粗体: 未设置
    斜体: 未设置
    下划线: 未设置
    标准颜色: 未设置
  运行 10: '图'
    字体: 未设置
    大小: 未设置
    粗体: 未设置
    斜体: 未设置
    下划线: 未设置
    标准颜色: 未设置
  运行 11: ' '
    字体: 未设置
    大小: 未设置
    粗体: 未设置
    斜体: 未设置
    下划线: 未设置
    标准颜色: 未设置
  运行 12: '3'
    字体: 未设置
    大小: 未设置
    粗体: 未设置
    斜体: 未设置
    下划线: 未设置
    标准颜色: 未设置
  运行 13: '-'
    字体: 未设置
    大小: 未设置
    粗体: 未设置
    斜体: 未设置
    下划线: 未设置
    标准颜色: 未设置
  运行 14: '4'
    字体: 未设置
    大小: 未设置
    粗体: 未设置
    斜体: 未设置
    下划线: 未设置
    标准颜色: 未设置
  运行 15: ''
    字体: 未设置
    大小: 未设置
    粗体: 未设置
    斜体: 未设置
    下划线: 未设置
    标准颜色: 未设置
  运行 16: '所示'
    字体: 未设置
    大小: 未设置
    粗体: 未设置
    斜体: 未设置
    下划线: 未设置
    标准颜色: 未设置
  运行 17: '。'
    字体: 未设置
    大小: 未设置
    粗体: 未设置
    斜体: 未设置
    下划线: 未设置
    标准颜色: 未设置

段落 486:
文本内容: 图 3-4　2019-2022年中国GDP及卫生费用
段落样式: Caption
从样式获取的格式:
  样式字体: 未设置
  样式字号: 未设置
  样式颜色: 未设置
对齐方式: 未设置
左缩进: 未设置
右缩进: 未设置
首行缩进: 未设置
行间距: 未设置
从XML读取的格式:
  运行 1: '图'
    字体: 未设置
    大小: 未设置
    粗体: 未设置
    斜体: 未设置
    下划线: 未设置
    标准颜色: 未设置
  运行 2: ' '
    字体: 未设置
    大小: 未设置
    粗体: 未设置
    斜体: 未设置
    下划线: 未设置
    标准颜色: 未设置
  运行 3: ''
    字体: 未设置
    大小: 未设置
    粗体: 未设置
    斜体: 未设置
    下划线: 未设置
    标准颜色: 未设置
  运行 4: ''
    字体: 未设置
    大小: 未设置
    粗体: 未设置
    斜体: 未设置
    下划线: 未设置
    标准颜色: 未设置
  运行 5: ''
    字体: 未设置
    大小: 未设置
    粗体: 未设置
    斜体: 未设置
    下划线: 未设置
    标准颜色: 未设置
  运行 6: ''
    字体: 未设置
    大小: 未设置
    粗体: 未设置
    斜体: 未设置
    下划线: 未设置
    标准颜色: 未设置
  运行 7: ''
    字体: 未设置
    大小: 未设置
    粗体: 未设置
    斜体: 未设置
    下划线: 未设置
    标准颜色: 未设置
  运行 8: '3'
    字体: 未设置
    大小: 未设置
    粗体: 未设置
    斜体: 未设置
    下划线: 未设置
    标准颜色: 未设置
  运行 9: ''
    字体: 未设置
    大小: 未设置
    粗体: 未设置
    斜体: 未设置
    下划线: 未设置
    标准颜色: 未设置
  运行 10: '-'
    字体: 未设置
    大小: 未设置
    粗体: 未设置
    斜体: 未设置
    下划线: 未设置
    标准颜色: 未设置
  运行 11: ''
    字体: 未设置
    大小: 未设置
    粗体: 未设置
    斜体: 未设置
    下划线: 未设置
    标准颜色: 未设置
  运行 12: ''
    字体: 未设置
    大小: 未设置
    粗体: 未设置
    斜体: 未设置
    下划线: 未设置
    标准颜色: 未设置
  运行 13: ''
    字体: 未设置
    大小: 未设置
    粗体: 未设置
    斜体: 未设置
    下划线: 未设置
    标准颜色: 未设置
  运行 14: ''
    字体: 未设置
    大小: 未设置
    粗体: 未设置
    斜体: 未设置
    下划线: 未设置
    标准颜色: 未设置
  运行 15: ''
    字体: 未设置
    大小: 未设置
    粗体: 未设置
    斜体: 未设置
    下划线: 未设置
    标准颜色: 未设置
  运行 16: ''
    字体: 未设置
    大小: 未设置
    粗体: 未设置
    斜体: 未设置
    下划线: 未设置
    标准颜色: 未设置
  运行 17: ''
    字体: 未设置
    大小: 未设置
    粗体: 未设置
    斜体: 未设置
    下划线: 未设置
    标准颜色: 未设置
  运行 18: '4'
    字体: 未设置
    大小: 未设置
    粗体: 未设置
    斜体: 未设置
    下划线: 未设置
    标准颜色: 未设置
  运行 19: ''
    字体: 未设置
    大小: 未设置
    粗体: 未设置
    斜体: 未设置
    下划线: 未设置
    标准颜色: 未设置
  运行 20: '　'
    字体: 未设置
    大小: 未设置
    粗体: 未设置
    斜体: 未设置
    下划线: 未设置
    标准颜色: 未设置
  运行 21: '2019-202'
    字体: 未设置
    大小: 未设置
    粗体: 未设置
    斜体: 未设置
    下划线: 未设置
    标准颜色: 未设置
  运行 22: '2'
    字体: 未设置
    大小: 未设置
    粗体: 未设置
    斜体: 未设置
    下划线: 未设置
    标准颜色: 未设置
  运行 23: '年中国'
    字体: 未设置
    大小: 未设置
    粗体: 未设置
    斜体: 未设置
    下划线: 未设置
    标准颜色: 未设置
  运行 24: 'GDP'
    字体: 未设置
    大小: 未设置
    粗体: 未设置
    斜体: 未设置
    下划线: 未设置
    标准颜色: 未设置
  运行 25: '及'
    字体: 未设置
    大小: 未设置
    粗体: 未设置
    斜体: 未设置
    下划线: 未设置
    标准颜色: 未设置
  运行 26: '卫生费'
    字体: 未设置
    大小: 未设置
    粗体: 未设置
    斜体: 未设置
    下划线: 未设置
    标准颜色: 未设置
  运行 27: '用'
    字体: 未设置
    大小: 未设置
    粗体: 未设置
    斜体: 未设置
    下划线: 未设置
    标准颜色: 未设置

段落 487:
文本内容: 资料来源：作者整理，国家统计局，2024.
段落样式: 图表资料来源
从样式获取的格式:
  样式字体: 未设置
  样式字号: 114300
  样式字号(pt): 9.0
  样式颜色: 未设置
对齐方式: 未设置
左缩进: 未设置
右缩进: 未设置
首行缩进: 未设置
行间距: 未设置
从XML读取的格式:
  运行 1: '资料来源：'
    字体: 未设置
    大小: 未设置
    粗体: 未设置
    斜体: 未设置
    下划线: 未设置
    标准颜色: 未设置
  运行 2: '作者整理，国家统计局'
    字体: 未设置
    大小: 未设置
    粗体: 未设置
    斜体: 未设置
    下划线: 未设置
    标准颜色: 未设置
  运行 3: '，'
    字体: 未设置
    大小: 未设置
    粗体: 未设置
    斜体: 未设置
    下划线: 未设置
    标准颜色: 未设置
  运行 4: '2'
    字体: 未设置
    大小: 未设置
    粗体: 未设置
    斜体: 未设置
    下划线: 未设置
    标准颜色: 未设置
  运行 5: '02'
    字体: 未设置
    大小: 未设置
    粗体: 未设置
    斜体: 未设置
    下划线: 未设置
    标准颜色: 未设置
  运行 6: '4'
    字体: 未设置
    大小: 未设置
    粗体: 未设置
    斜体: 未设置
    下划线: 未设置
    标准颜色: 未设置
  运行 7: '.'
    字体: 未设置
    大小: 未设置
    粗体: 未设置
    斜体: 未设置
    下划线: 未设置
    标准颜色: 未设置

段落 489:
文本内容: 从2019年的6.58万亿元逐年增长到2022年的8.53万亿元，平均每年的医疗健康行业投入指出占全国国内生产总值的6%以上。大量的医疗卫生费用投入不但让我国很快的从新冠疫情走出来，而且这些长期的稳定的医疗投入给我过的医疗卫生事业提供的坚强的保障，人民生活水平质量也得到了大幅度的提高。
段落样式: 正文-缩进
从样式获取的格式:
  样式字体: 未设置
  样式字号: 未设置
  样式颜色: 未设置
对齐方式: 未设置
左缩进: 未设置
右缩进: 未设置
首行缩进: 未设置
行间距: 未设置
从XML读取的格式:
  运行 1: '从'
    字体: 未设置
    大小: 未设置
    粗体: 未设置
    斜体: 未设置
    下划线: 未设置
    标准颜色: 未设置
  运行 2: '2019'
    字体: 未设置
    大小: 未设置
    粗体: 未设置
    斜体: 未设置
    下划线: 未设置
    标准颜色: 未设置
  运行 3: '年的'
    字体: 未设置
    大小: 未设置
    粗体: 未设置
    斜体: 未设置
    下划线: 未设置
    标准颜色: 未设置
  运行 4: '6.58'
    字体: 未设置
    大小: 未设置
    粗体: 未设置
    斜体: 未设置
    下划线: 未设置
    标准颜色: 未设置
  运行 5: '万亿元逐年增长到'
    字体: 未设置
    大小: 未设置
    粗体: 未设置
    斜体: 未设置
    下划线: 未设置
    标准颜色: 未设置
  运行 6: '2022'
    字体: 未设置
    大小: 未设置
    粗体: 未设置
    斜体: 未设置
    下划线: 未设置
    标准颜色: 未设置
  运行 7: '年的'
    字体: 未设置
    大小: 未设置
    粗体: 未设置
    斜体: 未设置
    下划线: 未设置
    标准颜色: 未设置
  运行 8: '8.53'
    字体: 未设置
    大小: 未设置
    粗体: 未设置
    斜体: 未设置
    下划线: 未设置
    标准颜色: 未设置
  运行 9: '万亿元，平均每年的医疗健康行业投入指出占全国国内生产总值的'
    字体: 未设置
    大小: 未设置
    粗体: 未设置
    斜体: 未设置
    下划线: 未设置
    标准颜色: 未设置
  运行 10: '6%'
    字体: 未设置
    大小: 未设置
    粗体: 未设置
    斜体: 未设置
    下划线: 未设置
    标准颜色: 未设置
  运行 11: '以上。大量的医疗卫生费用投入不但让我国很快的从新冠疫情走出来，而且这些长期的稳定的医疗投入给我过的医疗卫生事业提供的坚强的保障，人民生活水平质量也得到了大幅度的提高。'
    字体: 未设置
    大小: 未设置
    粗体: 未设置
    斜体: 未设置
    下划线: 未设置
    标准颜色: 未设置

段落 490:
文本内容: 通过查询相关统计数据不难看出，我国宏观经济持续保持健康高速发展，国内生产总值持续平稳增长，整体显现出良好发展趋势。政府各级层面对于医疗健康产业的投入持续保持稳定，医疗卫生产业机构比较合理，投资营商环境稳定健康。随
段落样式: 正文-缩进
从样式获取的格式:
  样式字体: 未设置
  样式字号: 未设置
  样式颜色: 未设置
对齐方式: 未设置
左缩进: 未设置
右缩进: 未设置
首行缩进: 未设置
行间距: 未设置
从XML读取的格式:
  运行 1: '通过查询相关统计数据不难看出，我国宏观经济持续保持健康高速发展，国内生产总值持续平稳增长，整体显现出良好发展趋势。政府各级层面对于医疗健康产业的投入持续保持稳定，医疗卫生产业机构比较合理，投资营商环境稳定健康。随'
    字体: 未设置
    大小: 未设置
    粗体: 未设置
    斜体: 未设置
    下划线: 未设置
    标准颜色: 未设置

段落 491:
文本内容: 着居民可分配收入的稳定增加，人民对于生活质量的关注程度愈来愈高，对于个人健康的重视程度越来越高，对于医疗服务水平的要求也逐步提高。这些现状情况足够说明中国的医疗器械市场有着巨大的发展潜力，这些情况也为中国医疗器械行业的高质量发展奠定坚实的基础。
段落样式: 正文-缩进
从样式获取的格式:
  样式字体: 未设置
  样式字号: 未设置
  样式颜色: 未设置
对齐方式: 未设置
左缩进: 未设置
右缩进: 未设置
首行缩进: 0
行间距: 未设置
从XML读取的格式:
  运行 1: '着居民可分配收入的稳定增加，人民对于生活质量的关注程度愈来愈高，对于个人健康的重视程度越来越高，对于医疗服务水平的要求也逐步提高。这些现状'
    字体: 未设置
    大小: 未设置
    粗体: 未设置
    斜体: 未设置
    下划线: 未设置
    标准颜色: 未设置
  运行 2: '情况'
    字体: 未设置
    大小: 未设置
    粗体: 未设置
    斜体: 未设置
    下划线: 未设置
    标准颜色: 未设置
  运行 3: '足够说明中国的医疗器械市场有着巨大的发展潜力，'
    字体: 未设置
    大小: 未设置
    粗体: 未设置
    斜体: 未设置
    下划线: 未设置
    标准颜色: 未设置
  运行 4: '这些情况'
    字体: 未设置
    大小: 未设置
    粗体: 未设置
    斜体: 未设置
    下划线: 未设置
    标准颜色: 未设置
  运行 5: '也'
    字体: 未设置
    大小: 未设置
    粗体: 未设置
    斜体: 未设置
    下划线: 未设置
    标准颜色: 未设置
  运行 6: '为'
    字体: 未设置
    大小: 未设置
    粗体: 未设置
    斜体: 未设置
    下划线: 未设置
    标准颜色: 未设置
  运行 7: '中国'
    字体: 未设置
    大小: 未设置
    粗体: 未设置
    斜体: 未设置
    下划线: 未设置
    标准颜色: 未设置
  运行 8: '医疗器械行业的高质量发展奠定坚实的基础。'
    字体: 未设置
    大小: 未设置
    粗体: 未设置
    斜体: 未设置
    下划线: 未设置
    标准颜色: 未设置

段落 492:
文本内容: 社会环境分析
段落样式: Heading 3
从样式获取的格式:
  样式字体: 未设置
  样式字号: 未设置
  样式颜色: 未设置
对齐方式: 未设置
左缩进: 未设置
右缩进: 未设置
首行缩进: 未设置
行间距: 未设置
从XML读取的格式:
  运行 1: '社会'
    字体: 未设置
    大小: 未设置
    粗体: 未设置
    斜体: 未设置
    下划线: 未设置
    标准颜色: 未设置
  运行 2: '环境分析'
    字体: 未设置
    大小: 未设置
    粗体: 未设置
    斜体: 未设置
    下划线: 未设置
    标准颜色: 未设置
  运行 3: ''
    字体: 未设置
    大小: 未设置
    粗体: 未设置
    斜体: 未设置
    下划线: 未设置
    标准颜色: 未设置
  运行 4: ''
    字体: 未设置
    大小: 未设置
    粗体: 未设置
    斜体: 未设置
    下划线: 未设置
    标准颜色: 未设置
  运行 5: ''
    字体: 未设置
    大小: 未设置
    粗体: 未设置
    斜体: 未设置
    下划线: 未设置
    标准颜色: 未设置
  运行 6: ''
    字体: 未设置
    大小: 未设置
    粗体: 未设置
    斜体: 未设置
    下划线: 未设置
    标准颜色: 未设置
  运行 7: ''
    字体: 未设置
    大小: 未设置
    粗体: 未设置
    斜体: 未设置
    下划线: 未设置
    标准颜色: 未设置
  运行 8: ''
    字体: 未设置
    大小: 未设置
    粗体: 未设置
    斜体: 未设置
    下划线: 未设置
    标准颜色: 未设置
  运行 9: ''
    字体: 未设置
    大小: 未设置
    粗体: 未设置
    斜体: 未设置
    下划线: 未设置
    标准颜色: 未设置
  运行 10: ''
    字体: 未设置
    大小: 未设置
    粗体: 未设置
    斜体: 未设置
    下划线: 未设置
    标准颜色: 未设置

段落 493:
文本内容: 根据《统计法》和《全国人口普查条例》的规定，第七次全国人口普查于2020年11月1日0时开始，作为标准时间点。人口普查结果显示，全国总人口为14117.8万人，比2010年增长5.38%，年均增长率为0.53%。这表明，在过去的十年里，中国人口一直保持着较低的增长率。
段落样式: 正文-缩进
从样式获取的格式:
  样式字体: 未设置
  样式字号: 未设置
  样式颜色: 未设置
对齐方式: 未设置
左缩进: 未设置
右缩进: 未设置
首行缩进: 未设置
行间距: 未设置
从XML读取的格式:
  运行 1: '根据《统计法》和《全国人口普查条例》的规定，第七次全国人口普查于'
    字体: 未设置
    大小: 未设置
    粗体: 未设置
    斜体: 未设置
    下划线: 未设置
    标准颜色: 未设置
  运行 2: '2020'
    字体: 未设置
    大小: 未设置
    粗体: 未设置
    斜体: 未设置
    下划线: 未设置
    标准颜色: 未设置
  运行 3: '年'
    字体: 未设置
    大小: 未设置
    粗体: 未设置
    斜体: 未设置
    下划线: 未设置
    标准颜色: 未设置
  运行 4: '11'
    字体: 未设置
    大小: 未设置
    粗体: 未设置
    斜体: 未设置
    下划线: 未设置
    标准颜色: 未设置
  运行 5: '月'
    字体: 未设置
    大小: 未设置
    粗体: 未设置
    斜体: 未设置
    下划线: 未设置
    标准颜色: 未设置
  运行 6: '1'
    字体: 未设置
    大小: 未设置
    粗体: 未设置
    斜体: 未设置
    下划线: 未设置
    标准颜色: 未设置
  运行 7: '日'
    字体: 未设置
    大小: 未设置
    粗体: 未设置
    斜体: 未设置
    下划线: 未设置
    标准颜色: 未设置
  运行 8: '0'
    字体: 未设置
    大小: 未设置
    粗体: 未设置
    斜体: 未设置
    下划线: 未设置
    标准颜色: 未设置
  运行 9: '时开始，作为标准时间点。人口普查结果显示，全国总人口为'
    字体: 未设置
    大小: 未设置
    粗体: 未设置
    斜体: 未设置
    下划线: 未设置
    标准颜色: 未设置
  运行 10: '14117.8'
    字体: 未设置
    大小: 未设置
    粗体: 未设置
    斜体: 未设置
    下划线: 未设置
    标准颜色: 未设置
  运行 11: '万人，比'
    字体: 未设置
    大小: 未设置
    粗体: 未设置
    斜体: 未设置
    下划线: 未设置
    标准颜色: 未设置
  运行 12: '2010'
    字体: 未设置
    大小: 未设置
    粗体: 未设置
    斜体: 未设置
    下划线: 未设置
    标准颜色: 未设置
  运行 13: '年增长'
    字体: 未设置
    大小: 未设置
    粗体: 未设置
    斜体: 未设置
    下划线: 未设置
    标准颜色: 未设置
  运行 14: '5.38%'
    字体: 未设置
    大小: 未设置
    粗体: 未设置
    斜体: 未设置
    下划线: 未设置
    标准颜色: 未设置
  运行 15: '，年均增长率为'
    字体: 未设置
    大小: 未设置
    粗体: 未设置
    斜体: 未设置
    下划线: 未设置
    标准颜色: 未设置
  运行 16: '0.53%'
    字体: 未设置
    大小: 未设置
    粗体: 未设置
    斜体: 未设置
    下划线: 未设置
    标准颜色: 未设置
  运行 17: '。这表明，在过去的十年里，中国人口一直保持着较低的增长率。'
    字体: 未设置
    大小: 未设置
    粗体: 未设置
    斜体: 未设置
    下划线: 未设置
    标准颜色: 未设置

段落 494:
文本内容: 人口老龄化
段落样式: Heading 4
从样式获取的格式:
  样式字体: 未设置
  样式字号: 未设置
  样式颜色: 未设置
对齐方式: 未设置
左缩进: 未设置
右缩进: 未设置
首行缩进: 未设置
行间距: 未设置
从XML读取的格式:
  运行 1: '人口老龄化'
    字体: 未设置
    大小: 未设置
    粗体: 未设置
    斜体: 未设置
    下划线: 未设置
    标准颜色: 未设置

段落 495:
文本内容: 第七次全国人口普查揭示了人口年龄结构的重要转变。具体来说，0至14岁年龄段的人口为253.38百万，占总人口的17.95%；15至59岁人群为894.38百万，占总人口的63.35%；而60岁及以上人口数量为264.02百万，占总人口的18.70%，其中65岁及以上的人口为190.64百万，占总人口的13.50%。总体如图 3-5所示。
段落样式: Normal
从样式获取的格式:
  样式字体: Times New Roman
  样式字号: 152400
  样式字号(pt): 12.0
  样式颜色: 未设置
对齐方式: 未设置
左缩进: 未设置
右缩进: 未设置
首行缩进: 304800
行间距: 未设置
从XML读取的格式:
  运行 1: '第七次全国人口普查揭示了人口年龄结构的重要转变。具体来说，'
    字体: 未设置
    大小: 未设置
    粗体: 未设置
    斜体: 未设置
    下划线: 未设置
    标准颜色: 未设置
  运行 2: '0'
    字体: 未设置
    大小: 未设置
    粗体: 未设置
    斜体: 未设置
    下划线: 未设置
    标准颜色: 未设置
  运行 3: '至'
    字体: 未设置
    大小: 未设置
    粗体: 未设置
    斜体: 未设置
    下划线: 未设置
    标准颜色: 未设置
  运行 4: '14'
    字体: 未设置
    大小: 未设置
    粗体: 未设置
    斜体: 未设置
    下划线: 未设置
    标准颜色: 未设置
  运行 5: '岁年龄段的人口为'
    字体: 未设置
    大小: 未设置
    粗体: 未设置
    斜体: 未设置
    下划线: 未设置
    标准颜色: 未设置
  运行 6: '253.38'
    字体: 未设置
    大小: 未设置
    粗体: 未设置
    斜体: 未设置
    下划线: 未设置
    标准颜色: 未设置
  运行 7: '百万，占总人口的'
    字体: 未设置
    大小: 未设置
    粗体: 未设置
    斜体: 未设置
    下划线: 未设置
    标准颜色: 未设置
  运行 8: '17.95%'
    字体: 未设置
    大小: 未设置
    粗体: 未设置
    斜体: 未设置
    下划线: 未设置
    标准颜色: 未设置
  运行 9: '；'
    字体: 未设置
    大小: 未设置
    粗体: 未设置
    斜体: 未设置
    下划线: 未设置
    标准颜色: 未设置
  运行 10: '15'
    字体: 未设置
    大小: 未设置
    粗体: 未设置
    斜体: 未设置
    下划线: 未设置
    标准颜色: 未设置
  运行 11: '至'
    字体: 未设置
    大小: 未设置
    粗体: 未设置
    斜体: 未设置
    下划线: 未设置
    标准颜色: 未设置
  运行 12: '59'
    字体: 未设置
    大小: 未设置
    粗体: 未设置
    斜体: 未设置
    下划线: 未设置
    标准颜色: 未设置
  运行 13: '岁人群为'
    字体: 未设置
    大小: 未设置
    粗体: 未设置
    斜体: 未设置
    下划线: 未设置
    标准颜色: 未设置
  运行 14: '894.38'
    字体: 未设置
    大小: 未设置
    粗体: 未设置
    斜体: 未设置
    下划线: 未设置
    标准颜色: 未设置
  运行 15: '百万，占总人口的'
    字体: 未设置
    大小: 未设置
    粗体: 未设置
    斜体: 未设置
    下划线: 未设置
    标准颜色: 未设置
  运行 16: '63.35%'
    字体: 未设置
    大小: 未设置
    粗体: 未设置
    斜体: 未设置
    下划线: 未设置
    标准颜色: 未设置
  运行 17: '；而'
    字体: 未设置
    大小: 未设置
    粗体: 未设置
    斜体: 未设置
    下划线: 未设置
    标准颜色: 未设置
  运行 18: '60'
    字体: 未设置
    大小: 未设置
    粗体: 未设置
    斜体: 未设置
    下划线: 未设置
    标准颜色: 未设置
  运行 19: '岁及以上人口数量为'
    字体: 未设置
    大小: 未设置
    粗体: 未设置
    斜体: 未设置
    下划线: 未设置
    标准颜色: 未设置
  运行 20: '264.02'
    字体: 未设置
    大小: 未设置
    粗体: 未设置
    斜体: 未设置
    下划线: 未设置
    标准颜色: 未设置
  运行 21: '百万，占总人口的'
    字体: 未设置
    大小: 未设置
    粗体: 未设置
    斜体: 未设置
    下划线: 未设置
    标准颜色: 未设置
  运行 22: '18.70%'
    字体: 未设置
    大小: 未设置
    粗体: 未设置
    斜体: 未设置
    下划线: 未设置
    标准颜色: 未设置
  运行 23: '，其中'
    字体: 未设置
    大小: 未设置
    粗体: 未设置
    斜体: 未设置
    下划线: 未设置
    标准颜色: 未设置
  运行 24: '65'
    字体: 未设置
    大小: 未设置
    粗体: 未设置
    斜体: 未设置
    下划线: 未设置
    标准颜色: 未设置
  运行 25: '岁及以上的人口为'
    字体: 未设置
    大小: 未设置
    粗体: 未设置
    斜体: 未设置
    下划线: 未设置
    标准颜色: 未设置
  运行 26: '190.64'
    字体: 未设置
    大小: 未设置
    粗体: 未设置
    斜体: 未设置
    下划线: 未设置
    标准颜色: 未设置
  运行 27: '百万，'
    字体: 未设置
    大小: 未设置
    粗体: 未设置
    斜体: 未设置
    下划线: 未设置
    标准颜色: 未设置
  运行 28: '占'
    字体: 未设置
    大小: 未设置
    粗体: 未设置
    斜体: 未设置
    下划线: 未设置
    标准颜色: 未设置
  运行 29: '总人口的'
    字体: 未设置
    大小: 未设置
    粗体: 未设置
    斜体: 未设置
    下划线: 未设置
    标准颜色: 未设置
  运行 30: '13.50%'
    字体: 未设置
    大小: 未设置
    粗体: 未设置
    斜体: 未设置
    下划线: 未设置
    标准颜色: 未设置
  运行 31: '。'
    字体: 未设置
    大小: 未设置
    粗体: 未设置
    斜体: 未设置
    下划线: 未设置
    标准颜色: 未设置
  运行 32: '总体'
    字体: 未设置
    大小: 未设置
    粗体: 未设置
    斜体: 未设置
    下划线: 未设置
    标准颜色: 未设置
  运行 33: '如'
    字体: 未设置
    大小: 未设置
    粗体: 未设置
    斜体: 未设置
    下划线: 未设置
    标准颜色: 未设置
  运行 34: ''
    字体: 未设置
    大小: 未设置
    粗体: 未设置
    斜体: 未设置
    下划线: 未设置
    标准颜色: 未设置
  运行 35: ''
    字体: 未设置
    大小: 未设置
    粗体: 未设置
    斜体: 未设置
    下划线: 未设置
    标准颜色: 未设置
  运行 36: ''
    字体: 未设置
    大小: 未设置
    粗体: 未设置
    斜体: 未设置
    下划线: 未设置
    标准颜色: 未设置
  运行 37: ''
    字体: 未设置
    大小: 未设置
    粗体: 未设置
    斜体: 未设置
    下划线: 未设置
    标准颜色: 未设置
  运行 38: ''
    字体: 未设置
    大小: 未设置
    粗体: 未设置
    斜体: 未设置
    下划线: 未设置
    标准颜色: 未设置
  运行 39: '图'
    字体: 未设置
    大小: 未设置
    粗体: 未设置
    斜体: 未设置
    下划线: 未设置
    标准颜色: 未设置
  运行 40: ' '
    字体: 未设置
    大小: 未设置
    粗体: 未设置
    斜体: 未设置
    下划线: 未设置
    标准颜色: 未设置
  运行 41: '3'
    字体: 未设置
    大小: 未设置
    粗体: 未设置
    斜体: 未设置
    下划线: 未设置
    标准颜色: 未设置
  运行 42: '-'
    字体: 未设置
    大小: 未设置
    粗体: 未设置
    斜体: 未设置
    下划线: 未设置
    标准颜色: 未设置
  运行 43: '5'
    字体: 未设置
    大小: 未设置
    粗体: 未设置
    斜体: 未设置
    下划线: 未设置
    标准颜色: 未设置
  运行 44: ''
    字体: 未设置
    大小: 未设置
    粗体: 未设置
    斜体: 未设置
    下划线: 未设置
    标准颜色: 未设置
  运行 45: '所示。'
    字体: 未设置
    大小: 未设置
    粗体: 未设置
    斜体: 未设置
    下划线: 未设置
    标准颜色: 未设置

段落 498:
文本内容: 图 3-5　2020年第七次全国人口普查年龄数据
段落样式: Caption
从样式获取的格式:
  样式字体: 未设置
  样式字号: 未设置
  样式颜色: 未设置
对齐方式: 未设置
左缩进: 未设置
右缩进: 未设置
首行缩进: 未设置
行间距: 未设置
从XML读取的格式:
  运行 1: '图'
    字体: 未设置
    大小: 未设置
    粗体: 未设置
    斜体: 未设置
    下划线: 未设置
    标准颜色: 未设置
  运行 2: ' '
    字体: 未设置
    大小: 未设置
    粗体: 未设置
    斜体: 未设置
    下划线: 未设置
    标准颜色: 未设置
  运行 3: ''
    字体: 未设置
    大小: 未设置
    粗体: 未设置
    斜体: 未设置
    下划线: 未设置
    标准颜色: 未设置
  运行 4: ''
    字体: 未设置
    大小: 未设置
    粗体: 未设置
    斜体: 未设置
    下划线: 未设置
    标准颜色: 未设置
  运行 5: ''
    字体: 未设置
    大小: 未设置
    粗体: 未设置
    斜体: 未设置
    下划线: 未设置
    标准颜色: 未设置
  运行 6: ''
    字体: 未设置
    大小: 未设置
    粗体: 未设置
    斜体: 未设置
    下划线: 未设置
    标准颜色: 未设置
  运行 7: ''
    字体: 未设置
    大小: 未设置
    粗体: 未设置
    斜体: 未设置
    下划线: 未设置
    标准颜色: 未设置
  运行 8: '3'
    字体: 未设置
    大小: 未设置
    粗体: 未设置
    斜体: 未设置
    下划线: 未设置
    标准颜色: 未设置
  运行 9: ''
    字体: 未设置
    大小: 未设置
    粗体: 未设置
    斜体: 未设置
    下划线: 未设置
    标准颜色: 未设置
  运行 10: '-'
    字体: 未设置
    大小: 未设置
    粗体: 未设置
    斜体: 未设置
    下划线: 未设置
    标准颜色: 未设置
  运行 11: ''
    字体: 未设置
    大小: 未设置
    粗体: 未设置
    斜体: 未设置
    下划线: 未设置
    标准颜色: 未设置
  运行 12: ''
    字体: 未设置
    大小: 未设置
    粗体: 未设置
    斜体: 未设置
    下划线: 未设置
    标准颜色: 未设置
  运行 13: ''
    字体: 未设置
    大小: 未设置
    粗体: 未设置
    斜体: 未设置
    下划线: 未设置
    标准颜色: 未设置
  运行 14: ''
    字体: 未设置
    大小: 未设置
    粗体: 未设置
    斜体: 未设置
    下划线: 未设置
    标准颜色: 未设置
  运行 15: ''
    字体: 未设置
    大小: 未设置
    粗体: 未设置
    斜体: 未设置
    下划线: 未设置
    标准颜色: 未设置
  运行 16: ''
    字体: 未设置
    大小: 未设置
    粗体: 未设置
    斜体: 未设置
    下划线: 未设置
    标准颜色: 未设置
  运行 17: ''
    字体: 未设置
    大小: 未设置
    粗体: 未设置
    斜体: 未设置
    下划线: 未设置
    标准颜色: 未设置
  运行 18: '5'
    字体: 未设置
    大小: 未设置
    粗体: 未设置
    斜体: 未设置
    下划线: 未设置
    标准颜色: 未设置
  运行 19: ''
    字体: 未设置
    大小: 未设置
    粗体: 未设置
    斜体: 未设置
    下划线: 未设置
    标准颜色: 未设置
  运行 20: '　'
    字体: 未设置
    大小: 未设置
    粗体: 未设置
    斜体: 未设置
    下划线: 未设置
    标准颜色: 未设置
  运行 21: '2020'
    字体: 未设置
    大小: 未设置
    粗体: 未设置
    斜体: 未设置
    下划线: 未设置
    标准颜色: 未设置
  运行 22: '年'
    字体: 未设置
    大小: 未设置
    粗体: 未设置
    斜体: 未设置
    下划线: 未设置
    标准颜色: 未设置
  运行 23: '第七次全国人口普查年龄数据'
    字体: 未设置
    大小: 未设置
    粗体: 未设置
    斜体: 未设置
    下划线: 未设置
    标准颜色: 未设置

段落 499:
文本内容: 资料来源：作者整理，国家统计局，2024.
段落样式: 图表资料来源
从样式获取的格式:
  样式字体: 未设置
  样式字号: 114300
  样式字号(pt): 9.0
  样式颜色: 未设置
对齐方式: 未设置
左缩进: 未设置
右缩进: 未设置
首行缩进: 未设置
行间距: 未设置
从XML读取的格式:
  运行 1: '资料来源：'
    字体: 未设置
    大小: 未设置
    粗体: 未设置
    斜体: 未设置
    下划线: 未设置
    标准颜色: 未设置
  运行 2: '作者整理，国家统计局'
    字体: 未设置
    大小: 未设置
    粗体: 未设置
    斜体: 未设置
    下划线: 未设置
    标准颜色: 未设置
  运行 3: '，'
    字体: 未设置
    大小: 未设置
    粗体: 未设置
    斜体: 未设置
    下划线: 未设置
    标准颜色: 未设置
  运行 4: '2'
    字体: 未设置
    大小: 未设置
    粗体: 未设置
    斜体: 未设置
    下划线: 未设置
    标准颜色: 未设置
  运行 5: '02'
    字体: 未设置
    大小: 未设置
    粗体: 未设置
    斜体: 未设置
    下划线: 未设置
    标准颜色: 未设置
  运行 6: '4'
    字体: 未设置
    大小: 未设置
    粗体: 未设置
    斜体: 未设置
    下划线: 未设置
    标准颜色: 未设置
  运行 7: '.'
    字体: 未设置
    大小: 未设置
    粗体: 未设置
    斜体: 未设置
    下划线: 未设置
    标准颜色: 未设置

段落 501:
文本内容: 相较于2010年，中国0至14岁年龄段人口所占比例上升了1.35%，15至59岁年龄组的比例下降了6.79%，同时60岁及以上人口比例增长了5.44%。这一变化趋势如图 3-6所示。这表明我国少儿人口的比重有所回升，但同时，人口老龄化的程度也在加剧。
段落样式: 正文-缩进
从样式获取的格式:
  样式字体: 未设置
  样式字号: 未设置
  样式颜色: 未设置
对齐方式: 未设置
左缩进: 未设置
右缩进: 未设置
首行缩进: 未设置
行间距: 未设置
从XML读取的格式:
  运行 1: '相较于'
    字体: 未设置
    大小: 未设置
    粗体: 未设置
    斜体: 未设置
    下划线: 未设置
    标准颜色: 未设置
  运行 2: '2010'
    字体: 未设置
    大小: 未设置
    粗体: 未设置
    斜体: 未设置
    下划线: 未设置
    标准颜色: 未设置
  运行 3: '年，中国'
    字体: 未设置
    大小: 未设置
    粗体: 未设置
    斜体: 未设置
    下划线: 未设置
    标准颜色: 未设置
  运行 4: '0'
    字体: 未设置
    大小: 未设置
    粗体: 未设置
    斜体: 未设置
    下划线: 未设置
    标准颜色: 未设置
  运行 5: '至'
    字体: 未设置
    大小: 未设置
    粗体: 未设置
    斜体: 未设置
    下划线: 未设置
    标准颜色: 未设置
  运行 6: '14'
    字体: 未设置
    大小: 未设置
    粗体: 未设置
    斜体: 未设置
    下划线: 未设置
    标准颜色: 未设置
  运行 7: '岁年龄段人口所占比例上升了'
    字体: 未设置
    大小: 未设置
    粗体: 未设置
    斜体: 未设置
    下划线: 未设置
    标准颜色: 未设置
  运行 8: '1.35%'
    字体: 未设置
    大小: 未设置
    粗体: 未设置
    斜体: 未设置
    下划线: 未设置
    标准颜色: 未设置
  运行 9: '，'
    字体: 未设置
    大小: 未设置
    粗体: 未设置
    斜体: 未设置
    下划线: 未设置
    标准颜色: 未设置
  运行 10: '15'
    字体: 未设置
    大小: 未设置
    粗体: 未设置
    斜体: 未设置
    下划线: 未设置
    标准颜色: 未设置
  运行 11: '至'
    字体: 未设置
    大小: 未设置
    粗体: 未设置
    斜体: 未设置
    下划线: 未设置
    标准颜色: 未设置
  运行 12: '59'
    字体: 未设置
    大小: 未设置
    粗体: 未设置
    斜体: 未设置
    下划线: 未设置
    标准颜色: 未设置
  运行 13: '岁年龄组的比例下降了'
    字体: 未设置
    大小: 未设置
    粗体: 未设置
    斜体: 未设置
    下划线: 未设置
    标准颜色: 未设置
  运行 14: '6.79%'
    字体: 未设置
    大小: 未设置
    粗体: 未设置
    斜体: 未设置
    下划线: 未设置
    标准颜色: 未设置
  运行 15: '，同时'
    字体: 未设置
    大小: 未设置
    粗体: 未设置
    斜体: 未设置
    下划线: 未设置
    标准颜色: 未设置
  运行 16: '60'
    字体: 未设置
    大小: 未设置
    粗体: 未设置
    斜体: 未设置
    下划线: 未设置
    标准颜色: 未设置
  运行 17: '岁及以上人口比例增长了'
    字体: 未设置
    大小: 未设置
    粗体: 未设置
    斜体: 未设置
    下划线: 未设置
    标准颜色: 未设置
  运行 18: '5.44%'
    字体: 未设置
    大小: 未设置
    粗体: 未设置
    斜体: 未设置
    下划线: 未设置
    标准颜色: 未设置
  运行 19: '。'
    字体: 未设置
    大小: 未设置
    粗体: 未设置
    斜体: 未设置
    下划线: 未设置
    标准颜色: 未设置
  运行 20: '这一变化趋势如'
    字体: 未设置
    大小: 未设置
    粗体: 未设置
    斜体: 未设置
    下划线: 未设置
    标准颜色: 未设置
  运行 21: ''
    字体: 未设置
    大小: 未设置
    粗体: 未设置
    斜体: 未设置
    下划线: 未设置
    标准颜色: 未设置
  运行 22: ''
    字体: 未设置
    大小: 未设置
    粗体: 未设置
    斜体: 未设置
    下划线: 未设置
    标准颜色: 未设置
  运行 23: ''
    字体: 未设置
    大小: 未设置
    粗体: 未设置
    斜体: 未设置
    下划线: 未设置
    标准颜色: 未设置
  运行 24: ''
    字体: 未设置
    大小: 未设置
    粗体: 未设置
    斜体: 未设置
    下划线: 未设置
    标准颜色: 未设置
  运行 25: ''
    字体: 未设置
    大小: 未设置
    粗体: 未设置
    斜体: 未设置
    下划线: 未设置
    标准颜色: 未设置
  运行 26: '图'
    字体: 未设置
    大小: 未设置
    粗体: 未设置
    斜体: 未设置
    下划线: 未设置
    标准颜色: 未设置
  运行 27: ' '
    字体: 未设置
    大小: 未设置
    粗体: 未设置
    斜体: 未设置
    下划线: 未设置
    标准颜色: 未设置
  运行 28: '3'
    字体: 未设置
    大小: 未设置
    粗体: 未设置
    斜体: 未设置
    下划线: 未设置
    标准颜色: 未设置
  运行 29: '-'
    字体: 未设置
    大小: 未设置
    粗体: 未设置
    斜体: 未设置
    下划线: 未设置
    标准颜色: 未设置
  运行 30: '6'
    字体: 未设置
    大小: 未设置
    粗体: 未设置
    斜体: 未设置
    下划线: 未设置
    标准颜色: 未设置
  运行 31: ''
    字体: 未设置
    大小: 未设置
    粗体: 未设置
    斜体: 未设置
    下划线: 未设置
    标准颜色: 未设置
  运行 32: '所示。这表明我国少儿人口的比重有所回升，但同时，人口老龄化的程度也在加剧。'
    字体: 未设置
    大小: 未设置
    粗体: 未设置
    斜体: 未设置
    下划线: 未设置
    标准颜色: 未设置

段落 504:
文本内容: 图 3-6　2019-2023年65岁以上人口数量情况
段落样式: Caption
从样式获取的格式:
  样式字体: 未设置
  样式字号: 未设置
  样式颜色: 未设置
对齐方式: 未设置
左缩进: 未设置
右缩进: 未设置
首行缩进: 未设置
行间距: 未设置
从XML读取的格式:
  运行 1: '图'
    字体: 未设置
    大小: 未设置
    粗体: 未设置
    斜体: 未设置
    下划线: 未设置
    标准颜色: 未设置
  运行 2: ' '
    字体: 未设置
    大小: 未设置
    粗体: 未设置
    斜体: 未设置
    下划线: 未设置
    标准颜色: 未设置
  运行 3: ''
    字体: 未设置
    大小: 未设置
    粗体: 未设置
    斜体: 未设置
    下划线: 未设置
    标准颜色: 未设置
  运行 4: ''
    字体: 未设置
    大小: 未设置
    粗体: 未设置
    斜体: 未设置
    下划线: 未设置
    标准颜色: 未设置
  运行 5: ''
    字体: 未设置
    大小: 未设置
    粗体: 未设置
    斜体: 未设置
    下划线: 未设置
    标准颜色: 未设置
  运行 6: ''
    字体: 未设置
    大小: 未设置
    粗体: 未设置
    斜体: 未设置
    下划线: 未设置
    标准颜色: 未设置
  运行 7: ''
    字体: 未设置
    大小: 未设置
    粗体: 未设置
    斜体: 未设置
    下划线: 未设置
    标准颜色: 未设置
  运行 8: '3'
    字体: 未设置
    大小: 未设置
    粗体: 未设置
    斜体: 未设置
    下划线: 未设置
    标准颜色: 未设置
  运行 9: ''
    字体: 未设置
    大小: 未设置
    粗体: 未设置
    斜体: 未设置
    下划线: 未设置
    标准颜色: 未设置
  运行 10: '-'
    字体: 未设置
    大小: 未设置
    粗体: 未设置
    斜体: 未设置
    下划线: 未设置
    标准颜色: 未设置
  运行 11: ''
    字体: 未设置
    大小: 未设置
    粗体: 未设置
    斜体: 未设置
    下划线: 未设置
    标准颜色: 未设置
  运行 12: ''
    字体: 未设置
    大小: 未设置
    粗体: 未设置
    斜体: 未设置
    下划线: 未设置
    标准颜色: 未设置
  运行 13: ''
    字体: 未设置
    大小: 未设置
    粗体: 未设置
    斜体: 未设置
    下划线: 未设置
    标准颜色: 未设置
  运行 14: ''
    字体: 未设置
    大小: 未设置
    粗体: 未设置
    斜体: 未设置
    下划线: 未设置
    标准颜色: 未设置
  运行 15: ''
    字体: 未设置
    大小: 未设置
    粗体: 未设置
    斜体: 未设置
    下划线: 未设置
    标准颜色: 未设置
  运行 16: ''
    字体: 未设置
    大小: 未设置
    粗体: 未设置
    斜体: 未设置
    下划线: 未设置
    标准颜色: 未设置
  运行 17: ''
    字体: 未设置
    大小: 未设置
    粗体: 未设置
    斜体: 未设置
    下划线: 未设置
    标准颜色: 未设置
  运行 18: '6'
    字体: 未设置
    大小: 未设置
    粗体: 未设置
    斜体: 未设置
    下划线: 未设置
    标准颜色: 未设置
  运行 19: ''
    字体: 未设置
    大小: 未设置
    粗体: 未设置
    斜体: 未设置
    下划线: 未设置
    标准颜色: 未设置
  运行 20: '　'
    字体: 未设置
    大小: 未设置
    粗体: 未设置
    斜体: 未设置
    下划线: 未设置
    标准颜色: 未设置
  运行 21: '2019-2023'
    字体: 未设置
    大小: 未设置
    粗体: 未设置
    斜体: 未设置
    下划线: 未设置
    标准颜色: 未设置
  运行 22: '年'
    字体: 未设置
    大小: 未设置
    粗体: 未设置
    斜体: 未设置
    下划线: 未设置
    标准颜色: 未设置
  运行 23: '65'
    字体: 未设置
    大小: 未设置
    粗体: 未设置
    斜体: 未设置
    下划线: 未设置
    标准颜色: 未设置
  运行 24: '岁以上人口数量'
    字体: 未设置
    大小: 未设置
    粗体: 未设置
    斜体: 未设置
    下划线: 未设置
    标准颜色: 未设置
  运行 25: '情况'
    字体: 未设置
    大小: 未设置
    粗体: 未设置
    斜体: 未设置
    下划线: 未设置
    标准颜色: 未设置

段落 505:
文本内容: 资料来源：作者整理，国家统计局，2024.
段落样式: 图表资料来源
从样式获取的格式:
  样式字体: 未设置
  样式字号: 114300
  样式字号(pt): 9.0
  样式颜色: 未设置
对齐方式: 未设置
左缩进: 未设置
右缩进: 未设置
首行缩进: 未设置
行间距: 未设置
从XML读取的格式:
  运行 1: '资料来源：'
    字体: 未设置
    大小: 未设置
    粗体: 未设置
    斜体: 未设置
    下划线: 未设置
    标准颜色: 未设置
  运行 2: '作者整理，国家统计局'
    字体: 未设置
    大小: 未设置
    粗体: 未设置
    斜体: 未设置
    下划线: 未设置
    标准颜色: 未设置
  运行 3: '，'
    字体: 未设置
    大小: 未设置
    粗体: 未设置
    斜体: 未设置
    下划线: 未设置
    标准颜色: 未设置
  运行 4: '2'
    字体: 未设置
    大小: 未设置
    粗体: 未设置
    斜体: 未设置
    下划线: 未设置
    标准颜色: 未设置
  运行 5: '02'
    字体: 未设置
    大小: 未设置
    粗体: 未设置
    斜体: 未设置
    下划线: 未设置
    标准颜色: 未设置
  运行 6: '4'
    字体: 未设置
    大小: 未设置
    粗体: 未设置
    斜体: 未设置
    下划线: 未设置
    标准颜色: 未设置
  运行 7: '.'
    字体: 未设置
    大小: 未设置
    粗体: 未设置
    斜体: 未设置
    下划线: 未设置
    标准颜色: 未设置

段落 507:
文本内容: 吴波（2021）等学者在其研究中洞察到，随着人口老龄化的加剧和经济水平的持续提高，社会对高品质医疗服务的需求日益增长，这一趋势正成为医疗器械行业发展的强大推动力。他们预见，在未来，得益于国家政策的支持、技术的不断进步以及产业的持续升级，医疗器械行业的市场需求将保持广泛且市场饱和度相对较低，预示着该行业将有潜力继续实现高速增长[]。随着人口老龄化的加深，与年龄相关的疾病发生率显著增加，特别是在眼科疾病方面表现得尤为明显。这一人口结构的变化预示着老年人群体将对医疗服务行业产生巨大的需求，同时，这也将为我国医疗器械行业带来持续且不断增长的市场需求。这种需求的增长为医疗器械行业的发展提供了新的机遇，同时也对行业的创新和服务能力提出了更高的要求。
段落样式: 正文-缩进
从样式获取的格式:
  样式字体: 未设置
  样式字号: 未设置
  样式颜色: 未设置
对齐方式: 未设置
左缩进: 未设置
右缩进: 未设置
首行缩进: 未设置
行间距: 未设置
从XML读取的格式:
  运行 1: '吴波'
    字体: 未设置
    大小: 未设置
    粗体: 未设置
    斜体: 未设置
    下划线: 未设置
    标准颜色: 未设置
  运行 2: '（'
    字体: 未设置
    大小: 未设置
    粗体: 未设置
    斜体: 未设置
    下划线: 未设置
    标准颜色: 未设置
  运行 3: '2021'
    字体: 未设置
    大小: 未设置
    粗体: 未设置
    斜体: 未设置
    下划线: 未设置
    标准颜色: 未设置
  运行 4: '）'
    字体: 未设置
    大小: 未设置
    粗体: 未设置
    斜体: 未设置
    下划线: 未设置
    标准颜色: 未设置
  运行 5: '等学者在其研究中洞察到，随着人口老龄化的加剧和经济水平的持续提高，社会对高品质医疗服务的需求日益增长，这一趋势正成为医疗器械行业发展的强大推动力。他们预见，在未来，得益于国家政策的支持、技术的不断进步以及产业的持续升级，医疗器械行业的市场需求将保持广泛且市场饱和度相对较低，预示着该行业将有潜力继续实现高速增长'
    字体: 未设置
    大小: 未设置
    粗体: 未设置
    斜体: 未设置
    下划线: 未设置
    标准颜色: 未设置
  运行 6: '['
    字体: 未设置
    大小: 未设置
    粗体: 未设置
    斜体: 未设置
    下划线: 未设置
    标准颜色: 未设置
  运行 7: ''
    字体: 未设置
    大小: 未设置
    粗体: 未设置
    斜体: 未设置
    下划线: 未设置
    标准颜色: 未设置
  运行 8: ']'
    字体: 未设置
    大小: 未设置
    粗体: 未设置
    斜体: 未设置
    下划线: 未设置
    标准颜色: 未设置
  运行 9: '。'
    字体: 未设置
    大小: 未设置
    粗体: 未设置
    斜体: 未设置
    下划线: 未设置
    标准颜色: 未设置
  运行 10: '随着人口老龄化的加深，与年龄相关的疾病发生率显著增加，特别是在眼科疾病方面表现得尤为明显。这一人口结构的变化预示着老年人群体将对医疗服务行业产生巨大的需求，同时，这也将为我国医疗器械行业带来持续且不断增长的市场需求。这种需求的增长为医疗器械行业的发展提供了新的机遇，同时也对行业的创新和服务能力提出了更高的要求。'
    字体: 未设置
    大小: 未设置
    粗体: 未设置
    斜体: 未设置
    下划线: 未设置
    标准颜色: 未设置

段落 508:
文本内容: 健康与保健意识不断提升
段落样式: Heading 4
从样式获取的格式:
  样式字体: 未设置
  样式字号: 未设置
  样式颜色: 未设置
对齐方式: 未设置
左缩进: 未设置
右缩进: 未设置
首行缩进: 未设置
行间距: 未设置
从XML读取的格式:
  运行 1: '健康与保健意识不断提升'
    字体: 未设置
    大小: 未设置
    粗体: 未设置
    斜体: 未设置
    下划线: 未设置
    标准颜色: 未设置

段落 509:
文本内容: 自2019年底新冠疫情爆发以来，全球范围内实施了长期的封控和隔离措施。这导致人们在家中频繁使用手机、电子游戏、阅读和在线办公，长时间面对电子屏幕进行近距离集中用眼，从而增加了眼睛疲劳、干涩、瘙痒等眼部不适问题的风险，尤其是中小学生的近视问题变得更加严峻。
段落样式: 正文-缩进
从样式获取的格式:
  样式字体: 未设置
  样式字号: 未设置
  样式颜色: 未设置
对齐方式: 未设置
左缩进: 未设置
右缩进: 未设置
首行缩进: 未设置
行间距: 未设置
从XML读取的格式:
  运行 1: '自'
    字体: 未设置
    大小: 未设置
    粗体: 未设置
    斜体: 未设置
    下划线: 未设置
    标准颜色: 未设置
  运行 2: '2019'
    字体: 未设置
    大小: 未设置
    粗体: 未设置
    斜体: 未设置
    下划线: 未设置
    标准颜色: 未设置
  运行 3: '年底新冠疫情爆发以来，全球范围内实施了长期的封控和隔离措施。这导致人们在家中频繁使用手机、电子游戏、阅读和在线办公，长时间面对电子屏幕进行近距离集中用眼，从而增加了眼睛疲劳、干涩、瘙痒等眼部不适问题的风险，'
    字体: 未设置
    大小: 未设置
    粗体: 未设置
    斜体: 未设置
    下划线: 未设置
    标准颜色: 未设置
  运行 4: '尤其是中小学生的近视问题变得更加严峻。'
    字体: 未设置
    大小: 未设置
    粗体: 未设置
    斜体: 未设置
    下划线: 未设置
    标准颜色: 未设置

段落 510:
文本内容: 这场持续了三年的新冠疫情也提高了公众对个人健康问题的认识，提高了对保健的认识。越来越多的居民愿意加大对疾病预防的支持投入，这体现在医院健康检查的次数持续上升，定期进行健康检查以及跟踪血糖、血压、血脂等关键健康数据的人数显著增加。这一趋势不仅凸显了公众健康意识的提高，也为包括眼科保健服务和医疗设备在内的医疗保健相关行业提供了新的增长机会。
段落样式: 正文-缩进
从样式获取的格式:
  样式字体: 未设置
  样式字号: 未设置
  样式颜色: 未设置
对齐方式: 未设置
左缩进: 未设置
右缩进: 未设置
首行缩进: 未设置
行间距: 未设置
从XML读取的格式:
  运行 1: '这场持续了三年的新冠疫情也提高了公众对个人健康问题的认识，提高了对保健的认识。越来越多的居民愿意加大对疾病预防的支持投入，这体现在医院健康检查的次数持续上升，定期进行健康检查以及跟踪血糖、血压、血脂等关键健康数据的人数显著增加。这一趋势不仅凸显了公众健康意识的提高，也为包括眼科保健服务和医疗设备在内的医疗保健相关行业提供了新的增长机会。'
    字体: 未设置
    大小: 未设置
    粗体: 未设置
    斜体: 未设置
    下划线: 未设置
    标准颜色: 未设置

段落 511:
文本内容: 某些慢性疾病的局部危险因素正在逐渐减少，人口中吸烟的流行就是一个例证。据“健康中国”控烟运动统计，2018年以来，中国15岁及以上人群吸烟率从2018年的26.6%下降到2020年的25.8%，减少吸烟人数近1200万人。此外，接触二手烟、饮酒频率和比例都有所下降。这也对国家的医疗服务资源提出了更高的要求。2014-2022年医疗机构门诊健康检查人次及增长率如图 3-7所示。
段落样式: 正文-缩进
从样式获取的格式:
  样式字体: 未设置
  样式字号: 未设置
  样式颜色: 未设置
对齐方式: 未设置
左缩进: 未设置
右缩进: 未设置
首行缩进: 未设置
行间距: 未设置
从XML读取的格式:
  运行 1: '某些慢性疾病的局部危险因素正在逐渐减少，人口中吸烟的流行就是一个例证。据“健康中国”控烟运动统计，'
    字体: 未设置
    大小: 未设置
    粗体: 未设置
    斜体: 未设置
    下划线: 未设置
    标准颜色: 未设置
  运行 2: '2018'
    字体: 未设置
    大小: 未设置
    粗体: 未设置
    斜体: 未设置
    下划线: 未设置
    标准颜色: 未设置
  运行 3: '年以来，中国'
    字体: 未设置
    大小: 未设置
    粗体: 未设置
    斜体: 未设置
    下划线: 未设置
    标准颜色: 未设置
  运行 4: '15'
    字体: 未设置
    大小: 未设置
    粗体: 未设置
    斜体: 未设置
    下划线: 未设置
    标准颜色: 未设置
  运行 5: '岁及以上人群吸烟率从'
    字体: 未设置
    大小: 未设置
    粗体: 未设置
    斜体: 未设置
    下划线: 未设置
    标准颜色: 未设置
  运行 6: '2018'
    字体: 未设置
    大小: 未设置
    粗体: 未设置
    斜体: 未设置
    下划线: 未设置
    标准颜色: 未设置
  运行 7: '年的'
    字体: 未设置
    大小: 未设置
    粗体: 未设置
    斜体: 未设置
    下划线: 未设置
    标准颜色: 未设置
  运行 8: '26.6%'
    字体: 未设置
    大小: 未设置
    粗体: 未设置
    斜体: 未设置
    下划线: 未设置
    标准颜色: 未设置
  运行 9: '下降到'
    字体: 未设置
    大小: 未设置
    粗体: 未设置
    斜体: 未设置
    下划线: 未设置
    标准颜色: 未设置
  运行 10: '2020'
    字体: 未设置
    大小: 未设置
    粗体: 未设置
    斜体: 未设置
    下划线: 未设置
    标准颜色: 未设置
  运行 11: '年的'
    字体: 未设置
    大小: 未设置
    粗体: 未设置
    斜体: 未设置
    下划线: 未设置
    标准颜色: 未设置
  运行 12: '25.8%'
    字体: 未设置
    大小: 未设置
    粗体: 未设置
    斜体: 未设置
    下划线: 未设置
    标准颜色: 未设置
  运行 13: '，减少吸烟人数近'
    字体: 未设置
    大小: 未设置
    粗体: 未设置
    斜体: 未设置
    下划线: 未设置
    标准颜色: 未设置
  运行 14: '1200'
    字体: 未设置
    大小: 未设置
    粗体: 未设置
    斜体: 未设置
    下划线: 未设置
    标准颜色: 未设置
  运行 15: '万人。此外，接触二手烟、饮酒频率和比例都有所下降。这也对国家的医疗服务资源提出了更高的要求。'
    字体: 未设置
    大小: 未设置
    粗体: 未设置
    斜体: 未设置
    下划线: 未设置
    标准颜色: 未设置
  运行 16: '2014-2022'
    字体: 未设置
    大小: 未设置
    粗体: 未设置
    斜体: 未设置
    下划线: 未设置
    标准颜色: 未设置
  运行 17: '年医疗机构门诊健康检查人次及增长率如'
    字体: 未设置
    大小: 未设置
    粗体: 未设置
    斜体: 未设置
    下划线: 未设置
    标准颜色: 未设置
  运行 18: ''
    字体: 未设置
    大小: 未设置
    粗体: 未设置
    斜体: 未设置
    下划线: 未设置
    标准颜色: 未设置
  运行 19: ''
    字体: 未设置
    大小: 未设置
    粗体: 未设置
    斜体: 未设置
    下划线: 未设置
    标准颜色: 未设置
  运行 20: ''
    字体: 未设置
    大小: 未设置
    粗体: 未设置
    斜体: 未设置
    下划线: 未设置
    标准颜色: 未设置
  运行 21: ''
    字体: 未设置
    大小: 未设置
    粗体: 未设置
    斜体: 未设置
    下划线: 未设置
    标准颜色: 未设置
  运行 22: ''
    字体: 未设置
    大小: 未设置
    粗体: 未设置
    斜体: 未设置
    下划线: 未设置
    标准颜色: 未设置
  运行 23: '图'
    字体: 未设置
    大小: 未设置
    粗体: 未设置
    斜体: 未设置
    下划线: 未设置
    标准颜色: 未设置
  运行 24: ' '
    字体: 未设置
    大小: 未设置
    粗体: 未设置
    斜体: 未设置
    下划线: 未设置
    标准颜色: 未设置
  运行 25: '3'
    字体: 未设置
    大小: 未设置
    粗体: 未设置
    斜体: 未设置
    下划线: 未设置
    标准颜色: 未设置
  运行 26: '-'
    字体: 未设置
    大小: 未设置
    粗体: 未设置
    斜体: 未设置
    下划线: 未设置
    标准颜色: 未设置
  运行 27: '7'
    字体: 未设置
    大小: 未设置
    粗体: 未设置
    斜体: 未设置
    下划线: 未设置
    标准颜色: 未设置
  运行 28: ''
    字体: 未设置
    大小: 未设置
    粗体: 未设置
    斜体: 未设置
    下划线: 未设置
    标准颜色: 未设置
  运行 29: '所示。'
    字体: 未设置
    大小: 未设置
    粗体: 未设置
    斜体: 未设置
    下划线: 未设置
    标准颜色: 未设置

段落 514:
文本内容: 图 3-7　2014-2022医疗机构健康检查人数情况
段落样式: Caption
从样式获取的格式:
  样式字体: 未设置
  样式字号: 未设置
  样式颜色: 未设置
对齐方式: 未设置
左缩进: 未设置
右缩进: 未设置
首行缩进: 未设置
行间距: 未设置
从XML读取的格式:
  运行 1: '图'
    字体: 未设置
    大小: 未设置
    粗体: 未设置
    斜体: 未设置
    下划线: 未设置
    标准颜色: 未设置
  运行 2: ' '
    字体: 未设置
    大小: 未设置
    粗体: 未设置
    斜体: 未设置
    下划线: 未设置
    标准颜色: 未设置
  运行 3: ''
    字体: 未设置
    大小: 未设置
    粗体: 未设置
    斜体: 未设置
    下划线: 未设置
    标准颜色: 未设置
  运行 4: ''
    字体: 未设置
    大小: 未设置
    粗体: 未设置
    斜体: 未设置
    下划线: 未设置
    标准颜色: 未设置
  运行 5: ''
    字体: 未设置
    大小: 未设置
    粗体: 未设置
    斜体: 未设置
    下划线: 未设置
    标准颜色: 未设置
  运行 6: ''
    字体: 未设置
    大小: 未设置
    粗体: 未设置
    斜体: 未设置
    下划线: 未设置
    标准颜色: 未设置
  运行 7: ''
    字体: 未设置
    大小: 未设置
    粗体: 未设置
    斜体: 未设置
    下划线: 未设置
    标准颜色: 未设置
  运行 8: '3'
    字体: 未设置
    大小: 未设置
    粗体: 未设置
    斜体: 未设置
    下划线: 未设置
    标准颜色: 未设置
  运行 9: ''
    字体: 未设置
    大小: 未设置
    粗体: 未设置
    斜体: 未设置
    下划线: 未设置
    标准颜色: 未设置
  运行 10: '-'
    字体: 未设置
    大小: 未设置
    粗体: 未设置
    斜体: 未设置
    下划线: 未设置
    标准颜色: 未设置
  运行 11: ''
    字体: 未设置
    大小: 未设置
    粗体: 未设置
    斜体: 未设置
    下划线: 未设置
    标准颜色: 未设置
  运行 12: ''
    字体: 未设置
    大小: 未设置
    粗体: 未设置
    斜体: 未设置
    下划线: 未设置
    标准颜色: 未设置
  运行 13: ''
    字体: 未设置
    大小: 未设置
    粗体: 未设置
    斜体: 未设置
    下划线: 未设置
    标准颜色: 未设置
  运行 14: ''
    字体: 未设置
    大小: 未设置
    粗体: 未设置
    斜体: 未设置
    下划线: 未设置
    标准颜色: 未设置
  运行 15: ''
    字体: 未设置
    大小: 未设置
    粗体: 未设置
    斜体: 未设置
    下划线: 未设置
    标准颜色: 未设置
  运行 16: ''
    字体: 未设置
    大小: 未设置
    粗体: 未设置
    斜体: 未设置
    下划线: 未设置
    标准颜色: 未设置
  运行 17: ''
    字体: 未设置
    大小: 未设置
    粗体: 未设置
    斜体: 未设置
    下划线: 未设置
    标准颜色: 未设置
  运行 18: '7'
    字体: 未设置
    大小: 未设置
    粗体: 未设置
    斜体: 未设置
    下划线: 未设置
    标准颜色: 未设置
  运行 19: ''
    字体: 未设置
    大小: 未设置
    粗体: 未设置
    斜体: 未设置
    下划线: 未设置
    标准颜色: 未设置
  运行 20: '　'
    字体: 未设置
    大小: 未设置
    粗体: 未设置
    斜体: 未设置
    下划线: 未设置
    标准颜色: 未设置
  运行 21: '2014-2022'
    字体: 未设置
    大小: 未设置
    粗体: 未设置
    斜体: 未设置
    下划线: 未设置
    标准颜色: 未设置
  运行 22: '医疗机构健康检查人数'
    字体: 未设置
    大小: 未设置
    粗体: 未设置
    斜体: 未设置
    下划线: 未设置
    标准颜色: 未设置
  运行 23: '情况'
    字体: 未设置
    大小: 未设置
    粗体: 未设置
    斜体: 未设置
    下划线: 未设置
    标准颜色: 未设置

段落 515:
文本内容: 资料来源：作者整理，国家统计局，2024.
段落样式: 图表资料来源
从样式获取的格式:
  样式字体: 未设置
  样式字号: 114300
  样式字号(pt): 9.0
  样式颜色: 未设置
对齐方式: 未设置
左缩进: 未设置
右缩进: 未设置
首行缩进: 未设置
行间距: 未设置
从XML读取的格式:
  运行 1: '资料来源：'
    字体: 未设置
    大小: 未设置
    粗体: 未设置
    斜体: 未设置
    下划线: 未设置
    标准颜色: 未设置
  运行 2: '作者整理，国家统计局'
    字体: 未设置
    大小: 未设置
    粗体: 未设置
    斜体: 未设置
    下划线: 未设置
    标准颜色: 未设置
  运行 3: '，'
    字体: 未设置
    大小: 未设置
    粗体: 未设置
    斜体: 未设置
    下划线: 未设置
    标准颜色: 未设置
  运行 4: '2'
    字体: 未设置
    大小: 未设置
    粗体: 未设置
    斜体: 未设置
    下划线: 未设置
    标准颜色: 未设置
  运行 5: '02'
    字体: 未设置
    大小: 未设置
    粗体: 未设置
    斜体: 未设置
    下划线: 未设置
    标准颜色: 未设置
  运行 6: '4'
    字体: 未设置
    大小: 未设置
    粗体: 未设置
    斜体: 未设置
    下划线: 未设置
    标准颜色: 未设置
  运行 7: '.'
    字体: 未设置
    大小: 未设置
    粗体: 未设置
    斜体: 未设置
    下划线: 未设置
    标准颜色: 未设置

段落 517:
文本内容: 医疗资源人均分配较低
段落样式: Heading 4
从样式获取的格式:
  样式字体: 未设置
  样式字号: 未设置
  样式颜色: 未设置
对齐方式: 未设置
左缩进: 未设置
右缩进: 未设置
首行缩进: 未设置
行间距: 未设置
从XML读取的格式:
  运行 1: '医疗资源人均分配较低'
    字体: 未设置
    大小: 未设置
    粗体: 未设置
    斜体: 未设置
    下划线: 未设置
    标准颜色: 未设置

段落 518:
文本内容: 我国医疗资源的人均分配相对较低，特别是在眼科领域，与发达国家相比，存在显著的增长空间。根据Frost & Sullivan公司以及国际眼科委员会的统计数据，2019年，我国每百万人口的眼科医生数量大约为32.5人，相比之下，美国的这一数字为72.1人，而日本则高达127人，接近我国水平的四倍，如图 3-8所示。目前我国眼科医生稀缺，需求大于供给的现象持续显现，未来需要持续培养大量人才。
段落样式: 正文-缩进
从样式获取的格式:
  样式字体: 未设置
  样式字号: 未设置
  样式颜色: 未设置
对齐方式: 未设置
左缩进: 未设置
右缩进: 未设置
首行缩进: 未设置
行间距: 未设置
从XML读取的格式:
  运行 1: '我国医疗资源的人均分配相对较低，特别是在眼科领域，与发达国家相比，存在显著的增长空间。根据'
    字体: 未设置
    大小: 未设置
    粗体: 未设置
    斜体: 未设置
    下划线: 未设置
    标准颜色: 未设置
  运行 2: 'Frost & Sullivan'
    字体: 未设置
    大小: 未设置
    粗体: 未设置
    斜体: 未设置
    下划线: 未设置
    标准颜色: 未设置
  运行 3: '公司以及国际眼科委员会的统计数据，'
    字体: 未设置
    大小: 未设置
    粗体: 未设置
    斜体: 未设置
    下划线: 未设置
    标准颜色: 未设置
  运行 4: '2019'
    字体: 未设置
    大小: 未设置
    粗体: 未设置
    斜体: 未设置
    下划线: 未设置
    标准颜色: 未设置
  运行 5: '年，我国每百万人口的眼科医生数量大约为'
    字体: 未设置
    大小: 未设置
    粗体: 未设置
    斜体: 未设置
    下划线: 未设置
    标准颜色: 未设置
  运行 6: '32.5'
    字体: 未设置
    大小: 未设置
    粗体: 未设置
    斜体: 未设置
    下划线: 未设置
    标准颜色: 未设置
  运行 7: '人，相比之下，美国的这一数字为'
    字体: 未设置
    大小: 未设置
    粗体: 未设置
    斜体: 未设置
    下划线: 未设置
    标准颜色: 未设置
  运行 8: '72.1'
    字体: 未设置
    大小: 未设置
    粗体: 未设置
    斜体: 未设置
    下划线: 未设置
    标准颜色: 未设置
  运行 9: '人，而日本则高达'
    字体: 未设置
    大小: 未设置
    粗体: 未设置
    斜体: 未设置
    下划线: 未设置
    标准颜色: 未设置
  运行 10: '127'
    字体: 未设置
    大小: 未设置
    粗体: 未设置
    斜体: 未设置
    下划线: 未设置
    标准颜色: 未设置
  运行 11: '人，接近我国水平的四倍，如'
    字体: 未设置
    大小: 未设置
    粗体: 未设置
    斜体: 未设置
    下划线: 未设置
    标准颜色: 未设置
  运行 12: ''
    字体: 未设置
    大小: 未设置
    粗体: 未设置
    斜体: 未设置
    下划线: 未设置
    标准颜色: 未设置
  运行 13: ''
    字体: 未设置
    大小: 未设置
    粗体: 未设置
    斜体: 未设置
    下划线: 未设置
    标准颜色: 未设置
  运行 14: ''
    字体: 未设置
    大小: 未设置
    粗体: 未设置
    斜体: 未设置
    下划线: 未设置
    标准颜色: 未设置
  运行 15: ''
    字体: 未设置
    大小: 未设置
    粗体: 未设置
    斜体: 未设置
    下划线: 未设置
    标准颜色: 未设置
  运行 16: ''
    字体: 未设置
    大小: 未设置
    粗体: 未设置
    斜体: 未设置
    下划线: 未设置
    标准颜色: 未设置
  运行 17: '图'
    字体: 未设置
    大小: 未设置
    粗体: 未设置
    斜体: 未设置
    下划线: 未设置
    标准颜色: 未设置
  运行 18: ' '
    字体: 未设置
    大小: 未设置
    粗体: 未设置
    斜体: 未设置
    下划线: 未设置
    标准颜色: 未设置
  运行 19: '3'
    字体: 未设置
    大小: 未设置
    粗体: 未设置
    斜体: 未设置
    下划线: 未设置
    标准颜色: 未设置
  运行 20: '-'
    字体: 未设置
    大小: 未设置
    粗体: 未设置
    斜体: 未设置
    下划线: 未设置
    标准颜色: 未设置
  运行 21: '8'
    字体: 未设置
    大小: 未设置
    粗体: 未设置
    斜体: 未设置
    下划线: 未设置
    标准颜色: 未设置
  运行 22: ''
    字体: 未设置
    大小: 未设置
    粗体: 未设置
    斜体: 未设置
    下划线: 未设置
    标准颜色: 未设置
  运行 23: '所示。目前我国眼科医生稀缺，需求大于供给的现象持续显现，未来需要持续培养大量人才。'
    字体: 未设置
    大小: 未设置
    粗体: 未设置
    斜体: 未设置
    下划线: 未设置
    标准颜色: 未设置

段落 521:
文本内容: 图 3-8　2019年中日美欧每百万人口眼科医生数量
段落样式: Caption
从样式获取的格式:
  样式字体: 未设置
  样式字号: 未设置
  样式颜色: 未设置
对齐方式: 未设置
左缩进: 未设置
右缩进: 未设置
首行缩进: 未设置
行间距: 未设置
从XML读取的格式:
  运行 1: '图'
    字体: 未设置
    大小: 未设置
    粗体: 未设置
    斜体: 未设置
    下划线: 未设置
    标准颜色: 未设置
  运行 2: ' '
    字体: 未设置
    大小: 未设置
    粗体: 未设置
    斜体: 未设置
    下划线: 未设置
    标准颜色: 未设置
  运行 3: ''
    字体: 未设置
    大小: 未设置
    粗体: 未设置
    斜体: 未设置
    下划线: 未设置
    标准颜色: 未设置
  运行 4: ''
    字体: 未设置
    大小: 未设置
    粗体: 未设置
    斜体: 未设置
    下划线: 未设置
    标准颜色: 未设置
  运行 5: ''
    字体: 未设置
    大小: 未设置
    粗体: 未设置
    斜体: 未设置
    下划线: 未设置
    标准颜色: 未设置
  运行 6: ''
    字体: 未设置
    大小: 未设置
    粗体: 未设置
    斜体: 未设置
    下划线: 未设置
    标准颜色: 未设置
  运行 7: ''
    字体: 未设置
    大小: 未设置
    粗体: 未设置
    斜体: 未设置
    下划线: 未设置
    标准颜色: 未设置
  运行 8: '3'
    字体: 未设置
    大小: 未设置
    粗体: 未设置
    斜体: 未设置
    下划线: 未设置
    标准颜色: 未设置
  运行 9: ''
    字体: 未设置
    大小: 未设置
    粗体: 未设置
    斜体: 未设置
    下划线: 未设置
    标准颜色: 未设置
  运行 10: '-'
    字体: 未设置
    大小: 未设置
    粗体: 未设置
    斜体: 未设置
    下划线: 未设置
    标准颜色: 未设置
  运行 11: ''
    字体: 未设置
    大小: 未设置
    粗体: 未设置
    斜体: 未设置
    下划线: 未设置
    标准颜色: 未设置
  运行 12: ''
    字体: 未设置
    大小: 未设置
    粗体: 未设置
    斜体: 未设置
    下划线: 未设置
    标准颜色: 未设置
  运行 13: ''
    字体: 未设置
    大小: 未设置
    粗体: 未设置
    斜体: 未设置
    下划线: 未设置
    标准颜色: 未设置
  运行 14: ''
    字体: 未设置
    大小: 未设置
    粗体: 未设置
    斜体: 未设置
    下划线: 未设置
    标准颜色: 未设置
  运行 15: ''
    字体: 未设置
    大小: 未设置
    粗体: 未设置
    斜体: 未设置
    下划线: 未设置
    标准颜色: 未设置
  运行 16: ''
    字体: 未设置
    大小: 未设置
    粗体: 未设置
    斜体: 未设置
    下划线: 未设置
    标准颜色: 未设置
  运行 17: ''
    字体: 未设置
    大小: 未设置
    粗体: 未设置
    斜体: 未设置
    下划线: 未设置
    标准颜色: 未设置
  运行 18: '8'
    字体: 未设置
    大小: 未设置
    粗体: 未设置
    斜体: 未设置
    下划线: 未设置
    标准颜色: 未设置
  运行 19: ''
    字体: 未设置
    大小: 未设置
    粗体: 未设置
    斜体: 未设置
    下划线: 未设置
    标准颜色: 未设置
  运行 20: '　'
    字体: 未设置
    大小: 未设置
    粗体: 未设置
    斜体: 未设置
    下划线: 未设置
    标准颜色: 未设置
  运行 21: '201'
    字体: 未设置
    大小: 未设置
    粗体: 未设置
    斜体: 未设置
    下划线: 未设置
    标准颜色: 未设置
  运行 22: '9'
    字体: 未设置
    大小: 未设置
    粗体: 未设置
    斜体: 未设置
    下划线: 未设置
    标准颜色: 未设置
  运行 23: '年中日美欧每百万人口眼科医生数量'
    字体: 未设置
    大小: 未设置
    粗体: 未设置
    斜体: 未设置
    下划线: 未设置
    标准颜色: 未设置

段落 522:
文本内容: 资料来源：作者整理，国际眼科委员会、Frost & Sullivan，2019.
段落样式: 图表资料来源
从样式获取的格式:
  样式字体: 未设置
  样式字号: 114300
  样式字号(pt): 9.0
  样式颜色: 未设置
对齐方式: 未设置
左缩进: 未设置
右缩进: 未设置
首行缩进: 未设置
行间距: 未设置
从XML读取的格式:
  运行 1: '资料来源：'
    字体: 未设置
    大小: 未设置
    粗体: 未设置
    斜体: 未设置
    下划线: 未设置
    标准颜色: 未设置
  运行 2: '作者整理，'
    字体: 未设置
    大小: 未设置
    粗体: 未设置
    斜体: 未设置
    下划线: 未设置
    标准颜色: 未设置
  运行 3: '国际眼科委员会、'
    字体: 未设置
    大小: 未设置
    粗体: 未设置
    斜体: 未设置
    下划线: 未设置
    标准颜色: 未设置
  运行 4: 'Frost & Sullivan'
    字体: 未设置
    大小: 未设置
    粗体: 未设置
    斜体: 未设置
    下划线: 未设置
    标准颜色: 未设置
  运行 5: '，'
    字体: 未设置
    大小: 未设置
    粗体: 未设置
    斜体: 未设置
    下划线: 未设置
    标准颜色: 未设置
  运行 6: '2'
    字体: 未设置
    大小: 未设置
    粗体: 未设置
    斜体: 未设置
    下划线: 未设置
    标准颜色: 未设置
  运行 7: '019.'
    字体: 未设置
    大小: 未设置
    粗体: 未设置
    斜体: 未设置
    下划线: 未设置
    标准颜色: 未设置

段落 524:
文本内容: 这一比较揭示了我国眼科医疗资源的人均拥有量相对较低，表明需要更多的投入和改革来提升眼科医疗服务的覆盖率和质量。增加眼科医生的培训和教育、提高医疗服务的可达性、以及加大对眼科医疗设施的投资，都是缩小这一差距、满足日益增长的眼科医疗服务需求的潜在途径。同时，这也为医疗器械行业提供了发展机会，尤其是在眼科诊断和治疗设备方面。
段落样式: 正文-缩进
从样式获取的格式:
  样式字体: 未设置
  样式字号: 未设置
  样式颜色: 未设置
对齐方式: 未设置
左缩进: 未设置
右缩进: 未设置
首行缩进: 未设置
行间距: 未设置
从XML读取的格式:
  运行 1: '这一比较揭示了我国眼科医疗资源的人均拥有量相对较低，表明需要更多的投入和改革来提升眼科医疗服务的覆盖率和质量。增加眼科医生的培训和教育、提高医疗服务的可达性、以及加大对眼科医疗设施的投资，都是缩小这一差距、满足日益增长的眼科医疗服务需求的潜在途径。同时，这也为医疗器械行业提供了发展机会，尤其是在眼科诊断和治疗设备方面。'
    字体: 未设置
    大小: 未设置
    粗体: 未设置
    斜体: 未设置
    下划线: 未设置
    标准颜色: 未设置

段落 525:
文本内容: 深入探究2019年中国眼科医疗资源的分布，我们可以发现，相对于日本的眼科医院密集度，每百万人口拥有18.9家眼科医院，中国的0.7家显得尤为不足，仅为日本的约四十分之一。即便与美国的2家眼科医院相比，中国的人均资源也显得捉襟见肘，不足其一半，如图 3-9所示。这一现状凸显了中国眼科医疗资源的严重短缺，并指出了巨大的增长潜力。这些数据不仅暴露了中国眼科医疗服务资源的紧张状况，也昭示了眼科医疗服务体系亟待加强的广阔空间。面对这一挑战，中国眼科医疗服务领域迫切需要加大基础设施投入，扩充专业人才队伍，并提升整体医疗服务水平，以迎合日益增长的眼科健康需求。
段落样式: 正文-缩进
从样式获取的格式:
  样式字体: 未设置
  样式字号: 未设置
  样式颜色: 未设置
对齐方式: 未设置
左缩进: 未设置
右缩进: 未设置
首行缩进: 未设置
行间距: 未设置
从XML读取的格式:
  运行 1: '深入探究'
    字体: 未设置
    大小: 未设置
    粗体: 未设置
    斜体: 未设置
    下划线: 未设置
    标准颜色: 未设置
  运行 2: '2019'
    字体: 未设置
    大小: 未设置
    粗体: 未设置
    斜体: 未设置
    下划线: 未设置
    标准颜色: 未设置
  运行 3: '年中国眼科医疗资源的分布，我们可以发现，相对于日本的眼科医院密集度'
    字体: 未设置
    大小: 未设置
    粗体: 未设置
    斜体: 未设置
    下划线: 未设置
    标准颜色: 未设置
  运行 4: '，'
    字体: 未设置
    大小: 未设置
    粗体: 未设置
    斜体: 未设置
    下划线: 未设置
    标准颜色: 未设置
  运行 5: '每百万人口拥有'
    字体: 未设置
    大小: 未设置
    粗体: 未设置
    斜体: 未设置
    下划线: 未设置
    标准颜色: 未设置
  运行 6: '18.9'
    字体: 未设置
    大小: 未设置
    粗体: 未设置
    斜体: 未设置
    下划线: 未设置
    标准颜色: 未设置
  运行 7: '家眼科医院，中国的'
    字体: 未设置
    大小: 未设置
    粗体: 未设置
    斜体: 未设置
    下划线: 未设置
    标准颜色: 未设置
  运行 8: '0.7'
    字体: 未设置
    大小: 未设置
    粗体: 未设置
    斜体: 未设置
    下划线: 未设置
    标准颜色: 未设置
  运行 9: '家显得尤为不足，仅为'
    字体: 未设置
    大小: 未设置
    粗体: 未设置
    斜体: 未设置
    下划线: 未设置
    标准颜色: 未设置
  运行 10: '日本的约四十分之'
    字体: 未设置
    大小: 未设置
    粗体: 未设置
    斜体: 未设置
    下划线: 未设置
    标准颜色: 未设置
  运行 11: '一'
    字体: 未设置
    大小: 未设置
    粗体: 未设置
    斜体: 未设置
    下划线: 未设置
    标准颜色: 未设置
  运行 12: '。即便与美国的'
    字体: 未设置
    大小: 未设置
    粗体: 未设置
    斜体: 未设置
    下划线: 未设置
    标准颜色: 未设置
  运行 13: '2'
    字体: 未设置
    大小: 未设置
    粗体: 未设置
    斜体: 未设置
    下划线: 未设置
    标准颜色: 未设置
  运行 14: '家眼科医院相比，中国的人均资源也显得捉襟见肘，不足其一半，如'
    字体: 未设置
    大小: 未设置
    粗体: 未设置
    斜体: 未设置
    下划线: 未设置
    标准颜色: 未设置
  运行 15: ''
    字体: 未设置
    大小: 未设置
    粗体: 未设置
    斜体: 未设置
    下划线: 未设置
    标准颜色: 未设置
  运行 16: ''
    字体: 未设置
    大小: 未设置
    粗体: 未设置
    斜体: 未设置
    下划线: 未设置
    标准颜色: 未设置
  运行 17: ''
    字体: 未设置
    大小: 未设置
    粗体: 未设置
    斜体: 未设置
    下划线: 未设置
    标准颜色: 未设置
  运行 18: ''
    字体: 未设置
    大小: 未设置
    粗体: 未设置
    斜体: 未设置
    下划线: 未设置
    标准颜色: 未设置
  运行 19: ''
    字体: 未设置
    大小: 未设置
    粗体: 未设置
    斜体: 未设置
    下划线: 未设置
    标准颜色: 未设置
  运行 20: '图'
    字体: 未设置
    大小: 未设置
    粗体: 未设置
    斜体: 未设置
    下划线: 未设置
    标准颜色: 未设置
  运行 21: ' '
    字体: 未设置
    大小: 未设置
    粗体: 未设置
    斜体: 未设置
    下划线: 未设置
    标准颜色: 未设置
  运行 22: '3'
    字体: 未设置
    大小: 未设置
    粗体: 未设置
    斜体: 未设置
    下划线: 未设置
    标准颜色: 未设置
  运行 23: '-'
    字体: 未设置
    大小: 未设置
    粗体: 未设置
    斜体: 未设置
    下划线: 未设置
    标准颜色: 未设置
  运行 24: '9'
    字体: 未设置
    大小: 未设置
    粗体: 未设置
    斜体: 未设置
    下划线: 未设置
    标准颜色: 未设置
  运行 25: ''
    字体: 未设置
    大小: 未设置
    粗体: 未设置
    斜体: 未设置
    下划线: 未设置
    标准颜色: 未设置
  运行 26: '所示。这一现状凸显了中国眼科医疗资源的严重短缺，并指出了巨大的增长潜力。这些数据不仅暴露了中国眼科医疗服务资源的紧张状况，也昭示了眼科医疗服务体系亟待加强的广阔空间。面对这一挑战，中国眼科医疗服务领域迫切需要加大基础设施投入，扩充专业人才队伍，并提升整体医疗服务水平，以迎合日益增长的眼科健康需求。'
    字体: 未设置
    大小: 未设置
    粗体: 未设置
    斜体: 未设置
    下划线: 未设置
    标准颜色: 未设置

段落 528:
文本内容: 图 3-9　2019年中日美欧每百万人口眼科医院数量
段落样式: Caption
从样式获取的格式:
  样式字体: 未设置
  样式字号: 未设置
  样式颜色: 未设置
对齐方式: 未设置
左缩进: 未设置
右缩进: 未设置
首行缩进: 未设置
行间距: 未设置
从XML读取的格式:
  运行 1: '图'
    字体: 未设置
    大小: 未设置
    粗体: 未设置
    斜体: 未设置
    下划线: 未设置
    标准颜色: 未设置
  运行 2: ' '
    字体: 未设置
    大小: 未设置
    粗体: 未设置
    斜体: 未设置
    下划线: 未设置
    标准颜色: 未设置
  运行 3: ''
    字体: 未设置
    大小: 未设置
    粗体: 未设置
    斜体: 未设置
    下划线: 未设置
    标准颜色: 未设置
  运行 4: ''
    字体: 未设置
    大小: 未设置
    粗体: 未设置
    斜体: 未设置
    下划线: 未设置
    标准颜色: 未设置
  运行 5: ''
    字体: 未设置
    大小: 未设置
    粗体: 未设置
    斜体: 未设置
    下划线: 未设置
    标准颜色: 未设置
  运行 6: ''
    字体: 未设置
    大小: 未设置
    粗体: 未设置
    斜体: 未设置
    下划线: 未设置
    标准颜色: 未设置
  运行 7: ''
    字体: 未设置
    大小: 未设置
    粗体: 未设置
    斜体: 未设置
    下划线: 未设置
    标准颜色: 未设置
  运行 8: '3'
    字体: 未设置
    大小: 未设置
    粗体: 未设置
    斜体: 未设置
    下划线: 未设置
    标准颜色: 未设置
  运行 9: ''
    字体: 未设置
    大小: 未设置
    粗体: 未设置
    斜体: 未设置
    下划线: 未设置
    标准颜色: 未设置
  运行 10: '-'
    字体: 未设置
    大小: 未设置
    粗体: 未设置
    斜体: 未设置
    下划线: 未设置
    标准颜色: 未设置
  运行 11: ''
    字体: 未设置
    大小: 未设置
    粗体: 未设置
    斜体: 未设置
    下划线: 未设置
    标准颜色: 未设置
  运行 12: ''
    字体: 未设置
    大小: 未设置
    粗体: 未设置
    斜体: 未设置
    下划线: 未设置
    标准颜色: 未设置
  运行 13: ''
    字体: 未设置
    大小: 未设置
    粗体: 未设置
    斜体: 未设置
    下划线: 未设置
    标准颜色: 未设置
  运行 14: ''
    字体: 未设置
    大小: 未设置
    粗体: 未设置
    斜体: 未设置
    下划线: 未设置
    标准颜色: 未设置
  运行 15: ''
    字体: 未设置
    大小: 未设置
    粗体: 未设置
    斜体: 未设置
    下划线: 未设置
    标准颜色: 未设置
  运行 16: ''
    字体: 未设置
    大小: 未设置
    粗体: 未设置
    斜体: 未设置
    下划线: 未设置
    标准颜色: 未设置
  运行 17: ''
    字体: 未设置
    大小: 未设置
    粗体: 未设置
    斜体: 未设置
    下划线: 未设置
    标准颜色: 未设置
  运行 18: '9'
    字体: 未设置
    大小: 未设置
    粗体: 未设置
    斜体: 未设置
    下划线: 未设置
    标准颜色: 未设置
  运行 19: ''
    字体: 未设置
    大小: 未设置
    粗体: 未设置
    斜体: 未设置
    下划线: 未设置
    标准颜色: 未设置
  运行 20: '　'
    字体: 未设置
    大小: 未设置
    粗体: 未设置
    斜体: 未设置
    下划线: 未设置
    标准颜色: 未设置
  运行 21: '2019'
    字体: 未设置
    大小: 未设置
    粗体: 未设置
    斜体: 未设置
    下划线: 未设置
    标准颜色: 未设置
  运行 22: '年中日美欧每百万人口眼科'
    字体: 未设置
    大小: 未设置
    粗体: 未设置
    斜体: 未设置
    下划线: 未设置
    标准颜色: 未设置
  运行 23: '医院'
    字体: 未设置
    大小: 未设置
    粗体: 未设置
    斜体: 未设置
    下划线: 未设置
    标准颜色: 未设置
  运行 24: '数量'
    字体: 未设置
    大小: 未设置
    粗体: 未设置
    斜体: 未设置
    下划线: 未设置
    标准颜色: 未设置

段落 529:
文本内容: 资料来源：作者整理，国际眼科委员会、Frost & Sullivan，2019.
段落样式: 图表资料来源
从样式获取的格式:
  样式字体: 未设置
  样式字号: 114300
  样式字号(pt): 9.0
  样式颜色: 未设置
对齐方式: 未设置
左缩进: 未设置
右缩进: 未设置
首行缩进: 未设置
行间距: 未设置
从XML读取的格式:
  运行 1: '资料来源：'
    字体: 未设置
    大小: 未设置
    粗体: 未设置
    斜体: 未设置
    下划线: 未设置
    标准颜色: 未设置
  运行 2: '作者整理，'
    字体: 未设置
    大小: 未设置
    粗体: 未设置
    斜体: 未设置
    下划线: 未设置
    标准颜色: 未设置
  运行 3: '国际眼科委员会、'
    字体: 未设置
    大小: 未设置
    粗体: 未设置
    斜体: 未设置
    下划线: 未设置
    标准颜色: 未设置
  运行 4: 'Frost & Sullivan'
    字体: 未设置
    大小: 未设置
    粗体: 未设置
    斜体: 未设置
    下划线: 未设置
    标准颜色: 未设置
  运行 5: '，'
    字体: 未设置
    大小: 未设置
    粗体: 未设置
    斜体: 未设置
    下划线: 未设置
    标准颜色: 未设置
  运行 6: '2'
    字体: 未设置
    大小: 未设置
    粗体: 未设置
    斜体: 未设置
    下划线: 未设置
    标准颜色: 未设置
  运行 7: '019.'
    字体: 未设置
    大小: 未设置
    粗体: 未设置
    斜体: 未设置
    下划线: 未设置
    标准颜色: 未设置

段落 531:
文本内容: 此外，这种供需差距也预示着眼科医疗行业所蕴含的巨大潜力和市场需求。随着社会对眼健康的关注度日益提高，加之政府对医疗卫生服务的持续投入，可以预见，未来中国的眼科医院数量及其服务能力将迎来显著提升。眼科医疗器械行业也将因此步入快速发展的轨道，迎来新的增长机遇。
段落样式: 正文-缩进
从样式获取的格式:
  样式字体: 未设置
  样式字号: 未设置
  样式颜色: 未设置
对齐方式: 未设置
左缩进: 未设置
右缩进: 未设置
首行缩进: 未设置
行间距: 未设置
从XML读取的格式:
  运行 1: '此外，这种供需差距也预示着眼科医疗行业所蕴含的巨大潜力和市场需求。随着社会对眼健康的关注度日益提高，加之政府对医疗卫生服务的持续投入，可以预见，未来中国的眼科医院数量及其服务能力将迎来显著提升。眼科医疗器械行业也将因此步入快速发展的轨道，迎来新的增长机遇。'
    字体: 未设置
    大小: 未设置
    粗体: 未设置
    斜体: 未设置
    下划线: 未设置
    标准颜色: 未设置

段落 532:
文本内容: 技术环境分析
段落样式: Heading 3
从样式获取的格式:
  样式字体: 未设置
  样式字号: 未设置
  样式颜色: 未设置
对齐方式: 未设置
左缩进: 未设置
右缩进: 未设置
首行缩进: 未设置
行间距: 未设置
从XML读取的格式:
  运行 1: '技术'
    字体: 未设置
    大小: 未设置
    粗体: 未设置
    斜体: 未设置
    下划线: 未设置
    标准颜色: 未设置
  运行 2: '环境分析'
    字体: 未设置
    大小: 未设置
    粗体: 未设置
    斜体: 未设置
    下划线: 未设置
    标准颜色: 未设置
  运行 3: ''
    字体: 未设置
    大小: 未设置
    粗体: 未设置
    斜体: 未设置
    下划线: 未设置
    标准颜色: 未设置
  运行 4: ''
    字体: 未设置
    大小: 未设置
    粗体: 未设置
    斜体: 未设置
    下划线: 未设置
    标准颜色: 未设置
  运行 5: ''
    字体: 未设置
    大小: 未设置
    粗体: 未设置
    斜体: 未设置
    下划线: 未设置
    标准颜色: 未设置
  运行 6: ''
    字体: 未设置
    大小: 未设置
    粗体: 未设置
    斜体: 未设置
    下划线: 未设置
    标准颜色: 未设置
  运行 7: ''
    字体: 未设置
    大小: 未设置
    粗体: 未设置
    斜体: 未设置
    下划线: 未设置
    标准颜色: 未设置
  运行 8: ''
    字体: 未设置
    大小: 未设置
    粗体: 未设置
    斜体: 未设置
    下划线: 未设置
    标准颜色: 未设置
  运行 9: ''
    字体: 未设置
    大小: 未设置
    粗体: 未设置
    斜体: 未设置
    下划线: 未设置
    标准颜色: 未设置

段落 533:
文本内容: 经过40多年的改革开放，中国在各个行业的科技领域，特别是在信息技术、工程制造、航空航天等领域取得了令人瞩目的进步。虽然中国在医疗设备和西方医疗技术方面取得了进步，但与欧美、日本等发达国家相比，仍有提高的空间。
段落样式: 正文-缩进
从样式获取的格式:
  样式字体: 未设置
  样式字号: 未设置
  样式颜色: 未设置
对齐方式: 未设置
左缩进: 未设置
右缩进: 未设置
首行缩进: 未设置
行间距: 未设置
从XML读取的格式:
  运行 1: '经过'
    字体: 未设置
    大小: 未设置
    粗体: 未设置
    斜体: 未设置
    下划线: 未设置
    标准颜色: 未设置
  运行 2: '40'
    字体: 未设置
    大小: 未设置
    粗体: 未设置
    斜体: 未设置
    下划线: 未设置
    标准颜色: 未设置
  运行 3: '多年的改革开放，中国在各个行业的科技领域，特别是在信息技术、工程制造、航空航天等领域取得了令人瞩目的进步。虽然中国在医疗设备和西方医疗'
    字体: 未设置
    大小: 未设置
    粗体: 未设置
    斜体: 未设置
    下划线: 未设置
    标准颜色: 未设置
  运行 4: '技术方面取得了进步，但与欧美、日本等发达国家相比，仍有提高的空间。'
    字体: 未设置
    大小: 未设置
    粗体: 未设置
    斜体: 未设置
    下划线: 未设置
    标准颜色: 未设置

段落 534:
文本内容: 医疗设备器械技术不断革新
段落样式: Heading 4
从样式获取的格式:
  样式字体: 未设置
  样式字号: 未设置
  样式颜色: 未设置
对齐方式: 未设置
左缩进: 未设置
右缩进: 未设置
首行缩进: 未设置
行间距: 未设置
从XML读取的格式:
  运行 1: '医疗设备器械技术不断革新'
    字体: 未设置
    大小: 未设置
    粗体: 未设置
    斜体: 未设置
    下划线: 未设置
    标准颜色: 未设置

段落 535:
文本内容: 眼科疾病的诊断和治疗过程复杂，通常需要依赖多种先进的设备仪器进行检查和手术。如果使用的设备技术不先进或缺少关键设备，可能会导致误诊或错失最佳治疗时机。在眼科高端设备领域，如眼科OCT（光学相干断层扫描）、全飞秒激光手术设备、眼科手术显微镜、超声乳化玻切一体机、超广角眼底相机（造影）、光学生物测量仪等，均为眼科治疗不可或缺的产品。这些设备市场已成为全球眼科器械厂商的必争之地，其中眼科巨头的竞争优势尤为明显。
段落样式: 正文-缩进
从样式获取的格式:
  样式字体: 未设置
  样式字号: 未设置
  样式颜色: 未设置
对齐方式: 未设置
左缩进: 未设置
右缩进: 未设置
首行缩进: 未设置
行间距: 未设置
从XML读取的格式:
  运行 1: '眼科疾病的诊断和治疗过程复杂，通常需要依赖多种先进的设备仪器进行检查和手术。如果使用的设备技术不先进或缺少关键设备，可能会导致误诊或错失最佳治疗时机。在眼科高端设备领域，如眼科'
    字体: 未设置
    大小: 未设置
    粗体: 未设置
    斜体: 未设置
    下划线: 未设置
    标准颜色: 未设置
  运行 2: 'OCT'
    字体: 未设置
    大小: 未设置
    粗体: 未设置
    斜体: 未设置
    下划线: 未设置
    标准颜色: 未设置
  运行 3: '（光学相干断层扫描）、全飞秒激光手术设备、眼科手术显微镜、超声乳化玻切一体机、超广角眼底相机（造影）、光学生物测量仪等，均为眼科治疗不可或缺的产品。这些设备市场已成为全球眼科器械厂商的必争之地，其中眼科巨头的竞争优势尤为明显。'
    字体: 未设置
    大小: 未设置
    粗体: 未设置
    斜体: 未设置
    下划线: 未设置
    标准颜色: 未设置

段落 536:
文本内容: 全球眼科医疗器械市场的竞争格局显示，爱尔康（ALCON）、博士伦（BAUSCH & LOMB）、蔡司（ZEISS）、强生（JOHNSON & JOHNSON）、拓普康（TOPCON）、尼德克（NIDEK）等大型企业占据了市场的主导地位，其产品线布局完善，占据了大部分市场份额。根据EvaluateMedtech的统计数据，预计到2024年，眼科市场的前10家公司将占据约96.1%的市场份额。面对激烈的市场竞争，全球眼科器械厂商正不断加大研发投入，通过不断的创新和新产品推出，加速眼科医疗设备的更新迭代，以维持其市场竞争优势。
段落样式: 正文-缩进
从样式获取的格式:
  样式字体: 未设置
  样式字号: 未设置
  样式颜色: 未设置
对齐方式: 未设置
左缩进: 未设置
右缩进: 未设置
首行缩进: 未设置
行间距: 未设置
从XML读取的格式:
  运行 1: '全球眼科医疗器械市场的竞争格局显示，爱尔康（'
    字体: 未设置
    大小: 未设置
    粗体: 未设置
    斜体: 未设置
    下划线: 未设置
    标准颜色: 未设置
  运行 2: 'A'
    字体: 未设置
    大小: 未设置
    粗体: 未设置
    斜体: 未设置
    下划线: 未设置
    标准颜色: 未设置
  运行 3: 'LCON'
    字体: 未设置
    大小: 未设置
    粗体: 未设置
    斜体: 未设置
    下划线: 未设置
    标准颜色: 未设置
  运行 4: '）、博士伦（'
    字体: 未设置
    大小: 未设置
    粗体: 未设置
    斜体: 未设置
    下划线: 未设置
    标准颜色: 未设置
  运行 5: 'BAUSCH & LOMB'
    字体: 未设置
    大小: 未设置
    粗体: 未设置
    斜体: 未设置
    下划线: 未设置
    标准颜色: 未设置
  运行 6: '）、蔡司（'
    字体: 未设置
    大小: 未设置
    粗体: 未设置
    斜体: 未设置
    下划线: 未设置
    标准颜色: 未设置
  运行 7: 'Z'
    字体: 未设置
    大小: 未设置
    粗体: 未设置
    斜体: 未设置
    下划线: 未设置
    标准颜色: 未设置
  运行 8: 'EISS'
    字体: 未设置
    大小: 未设置
    粗体: 未设置
    斜体: 未设置
    下划线: 未设置
    标准颜色: 未设置
  运行 9: '）、强生（'
    字体: 未设置
    大小: 未设置
    粗体: 未设置
    斜体: 未设置
    下划线: 未设置
    标准颜色: 未设置
  运行 10: 'JOHNSON & JOHNSON'
    字体: 未设置
    大小: 未设置
    粗体: 未设置
    斜体: 未设置
    下划线: 未设置
    标准颜色: 未设置
  运行 11: '）、拓普康（'
    字体: 未设置
    大小: 未设置
    粗体: 未设置
    斜体: 未设置
    下划线: 未设置
    标准颜色: 未设置
  运行 12: 'TOPCON'
    字体: 未设置
    大小: 未设置
    粗体: 未设置
    斜体: 未设置
    下划线: 未设置
    标准颜色: 未设置
  运行 13: '）、尼德克（'
    字体: 未设置
    大小: 未设置
    粗体: 未设置
    斜体: 未设置
    下划线: 未设置
    标准颜色: 未设置
  运行 14: 'NIDEK'
    字体: 未设置
    大小: 未设置
    粗体: 未设置
    斜体: 未设置
    下划线: 未设置
    标准颜色: 未设置
  运行 15: '）等大型企业占据了市场的主导地位，其产品线布局完善，占据了大部分市场份额。根据'
    字体: 未设置
    大小: 未设置
    粗体: 未设置
    斜体: 未设置
    下划线: 未设置
    标准颜色: 未设置
  运行 16: 'EvaluateMedtech'
    字体: 未设置
    大小: 未设置
    粗体: 未设置
    斜体: 未设置
    下划线: 未设置
    标准颜色: 未设置
  运行 17: '的统计数据，预计到'
    字体: 未设置
    大小: 未设置
    粗体: 未设置
    斜体: 未设置
    下划线: 未设置
    标准颜色: 未设置
  运行 18: '2024'
    字体: 未设置
    大小: 未设置
    粗体: 未设置
    斜体: 未设置
    下划线: 未设置
    标准颜色: 未设置
  运行 19: '年，眼科市场的前'
    字体: 未设置
    大小: 未设置
    粗体: 未设置
    斜体: 未设置
    下划线: 未设置
    标准颜色: 未设置
  运行 20: '10'
    字体: 未设置
    大小: 未设置
    粗体: 未设置
    斜体: 未设置
    下划线: 未设置
    标准颜色: 未设置
  运行 21: '家公司将占据约'
    字体: 未设置
    大小: 未设置
    粗体: 未设置
    斜体: 未设置
    下划线: 未设置
    标准颜色: 未设置
  运行 22: '96.1%'
    字体: 未设置
    大小: 未设置
    粗体: 未设置
    斜体: 未设置
    下划线: 未设置
    标准颜色: 未设置
  运行 23: '的市场份额。面对激烈的市场竞争，全球眼科器械厂商正不断加大研发投入，通过不断的创新和新产品推出，加速眼科医疗设备的更新迭代，以维持其市场竞争优势。'
    字体: 未设置
    大小: 未设置
    粗体: 未设置
    斜体: 未设置
    下划线: 未设置
    标准颜色: 未设置

段落 537:
文本内容: 国家大力支持国产技术创新
段落样式: Heading 4
从样式获取的格式:
  样式字体: 未设置
  样式字号: 未设置
  样式颜色: 未设置
对齐方式: 未设置
左缩进: 未设置
右缩进: 未设置
首行缩进: 未设置
行间距: 未设置
从XML读取的格式:
  运行 1: '国家大力支持国产技术创新'
    字体: 未设置
    大小: 未设置
    粗体: 未设置
    斜体: 未设置
    下划线: 未设置
    标准颜色: 未设置

段落 538:
文本内容: 根据国家统计局数据，从2011年开始，国家越来越重视高技术产业的研究与试验，投入大量资金支持和政策倾斜，医药制造、中成药制造、生物、生化制品制造、医疗器械、医疗仪器等行业也在此行列当中。从2018年开始，对于高技术的研究与试验经费投入出现大幅度增长，研究与试验发展（R&D）经费投入强度逐年增加，如图 3-10所示，总资金投入从2018年的3,559亿元迅速增长到2022年的6,508亿元。
段落样式: 正文-缩进
从样式获取的格式:
  样式字体: 未设置
  样式字号: 未设置
  样式颜色: 未设置
对齐方式: 未设置
左缩进: 未设置
右缩进: 未设置
首行缩进: 未设置
行间距: 未设置
从XML读取的格式:
  运行 1: '根据国家统计局数据，从'
    字体: 未设置
    大小: 未设置
    粗体: 未设置
    斜体: 未设置
    下划线: 未设置
    标准颜色: 未设置
  运行 2: '2011'
    字体: 未设置
    大小: 未设置
    粗体: 未设置
    斜体: 未设置
    下划线: 未设置
    标准颜色: 未设置
  运行 3: '年开始，国家越来越重视高技术产业的研究与试验'
    字体: 未设置
    大小: 未设置
    粗体: 未设置
    斜体: 未设置
    下划线: 未设置
    标准颜色: 未设置
  运行 4: ''
    字体: 未设置
    大小: 未设置
    粗体: 未设置
    斜体: 未设置
    下划线: 未设置
    标准颜色: 未设置
  运行 5: '，投入大量资金支持和政策倾斜，'
    字体: 未设置
    大小: 未设置
    粗体: 未设置
    斜体: 未设置
    下划线: 未设置
    标准颜色: 未设置
  运行 6: '医药制造、中成药制造、生物、生化制品制造、'
    字体: 未设置
    大小: 未设置
    粗体: 未设置
    斜体: 未设置
    下划线: 未设置
    标准颜色: 未设置
  运行 7: '医疗器械'
    字体: 未设置
    大小: 未设置
    粗体: 未设置
    斜体: 未设置
    下划线: 未设置
    标准颜色: 未设置
  运行 8: '、医疗仪器等'
    字体: 未设置
    大小: 未设置
    粗体: 未设置
    斜体: 未设置
    下划线: 未设置
    标准颜色: 未设置
  运行 9: '行业也在此行列当中。'
    字体: 未设置
    大小: 未设置
    粗体: 未设置
    斜体: 未设置
    下划线: 未设置
    标准颜色: 未设置
  运行 10: '从'
    字体: 未设置
    大小: 未设置
    粗体: 未设置
    斜体: 未设置
    下划线: 未设置
    标准颜色: 未设置
  运行 11: '2018'
    字体: 未设置
    大小: 未设置
    粗体: 未设置
    斜体: 未设置
    下划线: 未设置
    标准颜色: 未设置
  运行 12: '年开始，对于高技术的'
    字体: 未设置
    大小: 未设置
    粗体: 未设置
    斜体: 未设置
    下划线: 未设置
    标准颜色: 未设置
  运行 13: '研究与试验经费'
    字体: 未设置
    大小: 未设置
    粗体: 未设置
    斜体: 未设置
    下划线: 未设置
    标准颜色: 未设置
  运行 14: '投入出现大幅度增长'
    字体: 未设置
    大小: 未设置
    粗体: 未设置
    斜体: 未设置
    下划线: 未设置
    标准颜色: 未设置
  运行 15: '，'
    字体: 未设置
    大小: 未设置
    粗体: 未设置
    斜体: 未设置
    下划线: 未设置
    标准颜色: 未设置
  运行 16: '研究与试验发展（'
    字体: 未设置
    大小: 未设置
    粗体: 未设置
    斜体: 未设置
    下划线: 未设置
    标准颜色: 未设置
  运行 17: 'R&D'
    字体: 未设置
    大小: 未设置
    粗体: 未设置
    斜体: 未设置
    下划线: 未设置
    标准颜色: 未设置
  运行 18: '）经费投入强度'
    字体: 未设置
    大小: 未设置
    粗体: 未设置
    斜体: 未设置
    下划线: 未设置
    标准颜色: 未设置
  运行 19: ''
    字体: 未设置
    大小: 未设置
    粗体: 未设置
    斜体: 未设置
    下划线: 未设置
    标准颜色: 未设置
  运行 20: '逐年增加，'
    字体: 未设置
    大小: 未设置
    粗体: 未设置
    斜体: 未设置
    下划线: 未设置
    标准颜色: 未设置
  运行 21: '如'
    字体: 未设置
    大小: 未设置
    粗体: 未设置
    斜体: 未设置
    下划线: 未设置
    标准颜色: 未设置
  运行 22: ''
    字体: 未设置
    大小: 未设置
    粗体: 未设置
    斜体: 未设置
    下划线: 未设置
    标准颜色: 未设置
  运行 23: ''
    字体: 未设置
    大小: 未设置
    粗体: 未设置
    斜体: 未设置
    下划线: 未设置
    标准颜色: 未设置
  运行 24: ''
    字体: 未设置
    大小: 未设置
    粗体: 未设置
    斜体: 未设置
    下划线: 未设置
    标准颜色: 未设置
  运行 25: ''
    字体: 未设置
    大小: 未设置
    粗体: 未设置
    斜体: 未设置
    下划线: 未设置
    标准颜色: 未设置
  运行 26: ''
    字体: 未设置
    大小: 未设置
    粗体: 未设置
    斜体: 未设置
    下划线: 未设置
    标准颜色: 未设置
  运行 27: '图'
    字体: 未设置
    大小: 未设置
    粗体: 未设置
    斜体: 未设置
    下划线: 未设置
    标准颜色: 未设置
  运行 28: ' '
    字体: 未设置
    大小: 未设置
    粗体: 未设置
    斜体: 未设置
    下划线: 未设置
    标准颜色: 未设置
  运行 29: '3'
    字体: 未设置
    大小: 未设置
    粗体: 未设置
    斜体: 未设置
    下划线: 未设置
    标准颜色: 未设置
  运行 30: '-'
    字体: 未设置
    大小: 未设置
    粗体: 未设置
    斜体: 未设置
    下划线: 未设置
    标准颜色: 未设置
  运行 31: '10'
    字体: 未设置
    大小: 未设置
    粗体: 未设置
    斜体: 未设置
    下划线: 未设置
    标准颜色: 未设置
  运行 32: ''
    字体: 未设置
    大小: 未设置
    粗体: 未设置
    斜体: 未设置
    下划线: 未设置
    标准颜色: 未设置
  运行 33: '所示，总资金投入从'
    字体: 未设置
    大小: 未设置
    粗体: 未设置
    斜体: 未设置
    下划线: 未设置
    标准颜色: 未设置
  运行 34: '2018'
    字体: 未设置
    大小: 未设置
    粗体: 未设置
    斜体: 未设置
    下划线: 未设置
    标准颜色: 未设置
  运行 35: '年的'
    字体: 未设置
    大小: 未设置
    粗体: 未设置
    斜体: 未设置
    下划线: 未设置
    标准颜色: 未设置
  运行 36: '3'
    字体: 未设置
    大小: 未设置
    粗体: 未设置
    斜体: 未设置
    下划线: 未设置
    标准颜色: 未设置
  运行 37: ','
    字体: 未设置
    大小: 未设置
    粗体: 未设置
    斜体: 未设置
    下划线: 未设置
    标准颜色: 未设置
  运行 38: '559'
    字体: 未设置
    大小: 未设置
    粗体: 未设置
    斜体: 未设置
    下划线: 未设置
    标准颜色: 未设置
  运行 39: '亿元迅速增长到'
    字体: 未设置
    大小: 未设置
    粗体: 未设置
    斜体: 未设置
    下划线: 未设置
    标准颜色: 未设置
  运行 40: '2022'
    字体: 未设置
    大小: 未设置
    粗体: 未设置
    斜体: 未设置
    下划线: 未设置
    标准颜色: 未设置
  运行 41: '年的'
    字体: 未设置
    大小: 未设置
    粗体: 未设置
    斜体: 未设置
    下划线: 未设置
    标准颜色: 未设置
  运行 42: '6'
    字体: 未设置
    大小: 未设置
    粗体: 未设置
    斜体: 未设置
    下划线: 未设置
    标准颜色: 未设置
  运行 43: ','
    字体: 未设置
    大小: 未设置
    粗体: 未设置
    斜体: 未设置
    下划线: 未设置
    标准颜色: 未设置
  运行 44: '508'
    字体: 未设置
    大小: 未设置
    粗体: 未设置
    斜体: 未设置
    下划线: 未设置
    标准颜色: 未设置
  运行 45: '亿元。'
    字体: 未设置
    大小: 未设置
    粗体: 未设置
    斜体: 未设置
    下划线: 未设置
    标准颜色: 未设置

段落 541:
文本内容: 图 3-10  2018-2022高技术产业研究与试验发展经费
段落样式: Caption
从样式获取的格式:
  样式字体: 未设置
  样式字号: 未设置
  样式颜色: 未设置
对齐方式: 未设置
左缩进: 未设置
右缩进: 未设置
首行缩进: 未设置
行间距: 未设置
从XML读取的格式:
  运行 1: '图'
    字体: 未设置
    大小: 未设置
    粗体: 未设置
    斜体: 未设置
    下划线: 未设置
    标准颜色: 未设置
  运行 2: ' '
    字体: 未设置
    大小: 未设置
    粗体: 未设置
    斜体: 未设置
    下划线: 未设置
    标准颜色: 未设置
  运行 3: ''
    字体: 未设置
    大小: 未设置
    粗体: 未设置
    斜体: 未设置
    下划线: 未设置
    标准颜色: 未设置
  运行 4: ''
    字体: 未设置
    大小: 未设置
    粗体: 未设置
    斜体: 未设置
    下划线: 未设置
    标准颜色: 未设置
  运行 5: ''
    字体: 未设置
    大小: 未设置
    粗体: 未设置
    斜体: 未设置
    下划线: 未设置
    标准颜色: 未设置
  运行 6: ''
    字体: 未设置
    大小: 未设置
    粗体: 未设置
    斜体: 未设置
    下划线: 未设置
    标准颜色: 未设置
  运行 7: ''
    字体: 未设置
    大小: 未设置
    粗体: 未设置
    斜体: 未设置
    下划线: 未设置
    标准颜色: 未设置
  运行 8: '3'
    字体: 未设置
    大小: 未设置
    粗体: 未设置
    斜体: 未设置
    下划线: 未设置
    标准颜色: 未设置
  运行 9: ''
    字体: 未设置
    大小: 未设置
    粗体: 未设置
    斜体: 未设置
    下划线: 未设置
    标准颜色: 未设置
  运行 10: '-'
    字体: 未设置
    大小: 未设置
    粗体: 未设置
    斜体: 未设置
    下划线: 未设置
    标准颜色: 未设置
  运行 11: ''
    字体: 未设置
    大小: 未设置
    粗体: 未设置
    斜体: 未设置
    下划线: 未设置
    标准颜色: 未设置
  运行 12: ''
    字体: 未设置
    大小: 未设置
    粗体: 未设置
    斜体: 未设置
    下划线: 未设置
    标准颜色: 未设置
  运行 13: ''
    字体: 未设置
    大小: 未设置
    粗体: 未设置
    斜体: 未设置
    下划线: 未设置
    标准颜色: 未设置
  运行 14: ''
    字体: 未设置
    大小: 未设置
    粗体: 未设置
    斜体: 未设置
    下划线: 未设置
    标准颜色: 未设置
  运行 15: ''
    字体: 未设置
    大小: 未设置
    粗体: 未设置
    斜体: 未设置
    下划线: 未设置
    标准颜色: 未设置
  运行 16: ''
    字体: 未设置
    大小: 未设置
    粗体: 未设置
    斜体: 未设置
    下划线: 未设置
    标准颜色: 未设置
  运行 17: ''
    字体: 未设置
    大小: 未设置
    粗体: 未设置
    斜体: 未设置
    下划线: 未设置
    标准颜色: 未设置
  运行 18: '10'
    字体: 未设置
    大小: 未设置
    粗体: 未设置
    斜体: 未设置
    下划线: 未设置
    标准颜色: 未设置
  运行 19: ''
    字体: 未设置
    大小: 未设置
    粗体: 未设置
    斜体: 未设置
    下划线: 未设置
    标准颜色: 未设置
  运行 20: '  '
    字体: 未设置
    大小: 未设置
    粗体: 未设置
    斜体: 未设置
    下划线: 未设置
    标准颜色: 未设置
  运行 21: '201'
    字体: 未设置
    大小: 未设置
    粗体: 未设置
    斜体: 未设置
    下划线: 未设置
    标准颜色: 未设置
  运行 22: '8-2022'
    字体: 未设置
    大小: 未设置
    粗体: 未设置
    斜体: 未设置
    下划线: 未设置
    标准颜色: 未设置
  运行 23: '高技术产业'
    字体: 未设置
    大小: 未设置
    粗体: 未设置
    斜体: 未设置
    下划线: 未设置
    标准颜色: 未设置
  运行 24: '研究与'
    字体: 未设置
    大小: 未设置
    粗体: 未设置
    斜体: 未设置
    下划线: 未设置
    标准颜色: 未设置
  运行 25: '试验'
    字体: 未设置
    大小: 未设置
    粗体: 未设置
    斜体: 未设置
    下划线: 未设置
    标准颜色: 未设置
  运行 26: '发展经费'
    字体: 未设置
    大小: 未设置
    粗体: 未设置
    斜体: 未设置
    下划线: 未设置
    标准颜色: 未设置

段落 542:
文本内容: 资料来源：作者整理，国家统计局，2024.
段落样式: 图表资料来源
从样式获取的格式:
  样式字体: 未设置
  样式字号: 114300
  样式字号(pt): 9.0
  样式颜色: 未设置
对齐方式: 未设置
左缩进: 未设置
右缩进: 未设置
首行缩进: 未设置
行间距: 未设置
从XML读取的格式:
  运行 1: '资料来源：'
    字体: 未设置
    大小: 未设置
    粗体: 未设置
    斜体: 未设置
    下划线: 未设置
    标准颜色: 未设置
  运行 2: '作者整理，'
    字体: 未设置
    大小: 未设置
    粗体: 未设置
    斜体: 未设置
    下划线: 未设置
    标准颜色: 未设置
  运行 3: '国家统计局，'
    字体: 未设置
    大小: 未设置
    粗体: 未设置
    斜体: 未设置
    下划线: 未设置
    标准颜色: 未设置
  运行 4: '2'
    字体: 未设置
    大小: 未设置
    粗体: 未设置
    斜体: 未设置
    下划线: 未设置
    标准颜色: 未设置
  运行 5: '02'
    字体: 未设置
    大小: 未设置
    粗体: 未设置
    斜体: 未设置
    下划线: 未设置
    标准颜色: 未设置
  运行 6: '4'
    字体: 未设置
    大小: 未设置
    粗体: 未设置
    斜体: 未设置
    下划线: 未设置
    标准颜色: 未设置
  运行 7: '.'
    字体: 未设置
    大小: 未设置
    粗体: 未设置
    斜体: 未设置
    下划线: 未设置
    标准颜色: 未设置

段落 544:
文本内容: 近年来，得益于国家层面的扶持政策和资金投入，国产眼科医疗器械行业迎来了快速发展的新阶段。国内创新企业的崛起，正推动着国产替代进口产品的浪潮，眼科市场格局正逐步呈现新的态势。
段落样式: 正文-缩进
从样式获取的格式:
  样式字体: 未设置
  样式字号: 未设置
  样式颜色: 未设置
对齐方式: 未设置
左缩进: 未设置
右缩进: 未设置
首行缩进: 未设置
行间距: 未设置
从XML读取的格式:
  运行 1: '近年来，得益于国家层面的扶持政策和资金投入，国产眼科医疗器械行业迎来了快速发展的新阶段。国内创新企业的崛起，正推动着国产替代进口产品的浪潮，眼科市场格局正逐步呈现新的态势。'
    字体: 未设置
    大小: 未设置
    粗体: 未设置
    斜体: 未设置
    下划线: 未设置
    标准颜色: 未设置

段落 545:
文本内容: 标志性的进展包括：2010年，深圳莫廷医疗科技股份有限公司推出了中国首台频域OCT，标志着国产眼科OCT技术的突破。2019年，视微影像（河南）科技有限公司成功推出了中国首台扫频OCTA，进一步丰富了国产眼科设备的品类。2020年，苏州微清医疗器械有限公司推出了中国首台超广角眼底相机，为眼底疾病的诊断提供了新的工具。2021年，图湃（北京）医疗科技有限公司不仅推出了中国首台超广角扫频OCTA，还推出了扫频光学生物测量仪，为眼科精准医疗再添利器。2022年，图湃公司继续创新，推出了中国首台支持手术中超广角OCT导航功能的眼科数字化手术显微镜，为眼科手术的精准性和安全性提供了有力保障。
段落样式: 正文-缩进
从样式获取的格式:
  样式字体: 未设置
  样式字号: 未设置
  样式颜色: 未设置
对齐方式: 未设置
左缩进: 未设置
右缩进: 未设置
首行缩进: 未设置
行间距: 未设置
从XML读取的格式:
  运行 1: '标志性的进展包括：'
    字体: 未设置
    大小: 未设置
    粗体: 未设置
    斜体: 未设置
    下划线: 未设置
    标准颜色: 未设置
  运行 2: '2010'
    字体: 未设置
    大小: 未设置
    粗体: 未设置
    斜体: 未设置
    下划线: 未设置
    标准颜色: 未设置
  运行 3: '年，深圳莫廷医疗科技股份有限公司推出了中国首台频域'
    字体: 未设置
    大小: 未设置
    粗体: 未设置
    斜体: 未设置
    下划线: 未设置
    标准颜色: 未设置
  运行 4: 'OCT'
    字体: 未设置
    大小: 未设置
    粗体: 未设置
    斜体: 未设置
    下划线: 未设置
    标准颜色: 未设置
  运行 5: '，标志着国产眼科'
    字体: 未设置
    大小: 未设置
    粗体: 未设置
    斜体: 未设置
    下划线: 未设置
    标准颜色: 未设置
  运行 6: 'OCT'
    字体: 未设置
    大小: 未设置
    粗体: 未设置
    斜体: 未设置
    下划线: 未设置
    标准颜色: 未设置
  运行 7: '技术的突破。'
    字体: 未设置
    大小: 未设置
    粗体: 未设置
    斜体: 未设置
    下划线: 未设置
    标准颜色: 未设置
  运行 8: '2019'
    字体: 未设置
    大小: 未设置
    粗体: 未设置
    斜体: 未设置
    下划线: 未设置
    标准颜色: 未设置
  运行 9: '年，视微影像（河南）科技有限公司成功推出了中国首台扫频'
    字体: 未设置
    大小: 未设置
    粗体: 未设置
    斜体: 未设置
    下划线: 未设置
    标准颜色: 未设置
  运行 10: 'OCTA'
    字体: 未设置
    大小: 未设置
    粗体: 未设置
    斜体: 未设置
    下划线: 未设置
    标准颜色: 未设置
  运行 11: '，进一步丰富了国产眼科设备的品类。'
    字体: 未设置
    大小: 未设置
    粗体: 未设置
    斜体: 未设置
    下划线: 未设置
    标准颜色: 未设置
  运行 12: '2020'
    字体: 未设置
    大小: 未设置
    粗体: 未设置
    斜体: 未设置
    下划线: 未设置
    标准颜色: 未设置
  运行 13: '年，苏州微清医疗器械有限公司推出了中国首台超广角眼底相机，为眼底疾病的诊断提供了新的工具。'
    字体: 未设置
    大小: 未设置
    粗体: 未设置
    斜体: 未设置
    下划线: 未设置
    标准颜色: 未设置
  运行 14: '2021'
    字体: 未设置
    大小: 未设置
    粗体: 未设置
    斜体: 未设置
    下划线: 未设置
    标准颜色: 未设置
  运行 15: '年，图湃（北京）医疗科技有限公司不仅推出了中国首台超广角扫频'
    字体: 未设置
    大小: 未设置
    粗体: 未设置
    斜体: 未设置
    下划线: 未设置
    标准颜色: 未设置
  运行 16: 'OCTA'
    字体: 未设置
    大小: 未设置
    粗体: 未设置
    斜体: 未设置
    下划线: 未设置
    标准颜色: 未设置
  运行 17: '，还推出了扫频光学生物测量仪，为眼科精准医疗再添利器。'
    字体: 未设置
    大小: 未设置
    粗体: 未设置
    斜体: 未设置
    下划线: 未设置
    标准颜色: 未设置
  运行 18: '2022'
    字体: 未设置
    大小: 未设置
    粗体: 未设置
    斜体: 未设置
    下划线: 未设置
    标准颜色: 未设置
  运行 19: '年，图湃公司继续创新，推出了中国首台支持手术中超广角'
    字体: 未设置
    大小: 未设置
    粗体: 未设置
    斜体: 未设置
    下划线: 未设置
    标准颜色: 未设置
  运行 20: 'OCT'
    字体: 未设置
    大小: 未设置
    粗体: 未设置
    斜体: 未设置
    下划线: 未设置
    标准颜色: 未设置
  运行 21: '导航功能的眼科数字化手术显微镜，为眼科手术的精准性和安全性提供了有力保障。'
    字体: 未设置
    大小: 未设置
    粗体: 未设置
    斜体: 未设置
    下划线: 未设置
    标准颜色: 未设置

段落 546:
文本内容: 在国家政策的倾斜支持、研发资金的持续注入以及创新企业的不懈努力下，国产眼科医疗器械正不断取得技术突破，加速替代进口产品，推动眼科医疗服务的普及和提升。这一进程不仅提高了国内眼科医疗服务的可及性和质量，也为国产眼科医疗器械行业的长远发展奠定了坚实基础。
段落样式: 正文-缩进
从样式获取的格式:
  样式字体: 未设置
  样式字号: 未设置
  样式颜色: 未设置
对齐方式: 未设置
左缩进: 未设置
右缩进: 未设置
首行缩进: 未设置
行间距: 未设置
从XML读取的格式:
  运行 1: '在国家政策的倾斜支持、研发资金的持续注入以及创新企业的不懈努力下，国产眼科医疗器械正不断取得技术突破，加速替代进口产品，推动眼科医疗服务的普及和提升。这一进程不仅提高了国内眼科医疗服务的可及性和质量，也为国产眼科医疗器械行业的长远发展奠定了坚实基础。'
    字体: 未设置
    大小: 未设置
    粗体: 未设置
    斜体: 未设置
    下划线: 未设置
    标准颜色: 未设置

段落 547:
文本内容: “互联网+”倒逼医疗技术发展
段落样式: Heading 4
从样式获取的格式:
  样式字体: 未设置
  样式字号: 未设置
  样式颜色: 未设置
对齐方式: 未设置
左缩进: 未设置
右缩进: 未设置
首行缩进: 未设置
行间距: 未设置
从XML读取的格式:
  运行 1: '“互联网'
    字体: 未设置
    大小: 未设置
    粗体: 未设置
    斜体: 未设置
    下划线: 未设置
    标准颜色: 未设置
  运行 2: '+'
    字体: 未设置
    大小: 未设置
    粗体: 未设置
    斜体: 未设置
    下划线: 未设置
    标准颜色: 未设置
  运行 3: '”'
    字体: 未设置
    大小: 未设置
    粗体: 未设置
    斜体: 未设置
    下划线: 未设置
    标准颜色: 未设置
  运行 4: '倒逼'
    字体: 未设置
    大小: 未设置
    粗体: 未设置
    斜体: 未设置
    下划线: 未设置
    标准颜色: 未设置
  运行 5: '医疗技术'
    字体: 未设置
    大小: 未设置
    粗体: 未设置
    斜体: 未设置
    下划线: 未设置
    标准颜色: 未设置
  运行 6: '发展'
    字体: 未设置
    大小: 未设置
    粗体: 未设置
    斜体: 未设置
    下划线: 未设置
    标准颜色: 未设置

段落 548:
文本内容: “互联网+医疗”是结合人工智能、5G、大数据分析、云计算、物联网等前沿信息技术的医疗创新实践。该模式利用互联网平台和先进的技术工具，提供医疗信息检索、健康指导、疾病风险评估、电子处方、远程医疗等多种医疗服务。特别是在“新冠”防疫三年期间，国内多家医院和互联网健康平台都推出了网上医疗服务，在很大程度上解决了居民看病难的问题。
段落样式: 正文-缩进
从样式获取的格式:
  样式字体: 未设置
  样式字号: 未设置
  样式颜色: 未设置
对齐方式: 未设置
左缩进: 未设置
右缩进: 未设置
首行缩进: 未设置
行间距: 未设置
从XML读取的格式:
  运行 1: '“互联网'
    字体: 未设置
    大小: 未设置
    粗体: 未设置
    斜体: 未设置
    下划线: 未设置
    标准颜色: 未设置
  运行 2: '+'
    字体: 未设置
    大小: 未设置
    粗体: 未设置
    斜体: 未设置
    下划线: 未设置
    标准颜色: 未设置
  运行 3: '医疗”是结合人工智能、'
    字体: 未设置
    大小: 未设置
    粗体: 未设置
    斜体: 未设置
    下划线: 未设置
    标准颜色: 未设置
  运行 4: '5G'
    字体: 未设置
    大小: 未设置
    粗体: 未设置
    斜体: 未设置
    下划线: 未设置
    标准颜色: 未设置
  运行 5: '、大数据分析、云计算、物联网等前沿信息技术的医疗创新实践。该模式利用互联网平台和先进的技术工具，提供医疗信息检索、健康指导、疾病风险评估、电子处方、远程医疗等多种医疗服务。特别是在“新冠”防疫三年期间，国内多家医院和互联网健康平台都推出了网上医疗服务，在很大程度上解决了居民看病难的问题。'
    字体: 未设置
    大小: 未设置
    粗体: 未设置
    斜体: 未设置
    下划线: 未设置
    标准颜色: 未设置

段落 549:
文本内容: 中国在5G技术发展方面处于世界领先地位，正在建设规模庞大、技术先进的5G基础设施。利用物联网技术的可穿戴设备能够实时监测患者的关键生命体征。大数据和云计算技术的不断发展，有效解决了数据处理能力和数据量限制的问题，实现了精准的远程科学诊断决策。这些技术相辅相成，为“互联网+医疗”的发展奠定了坚实的基础。
段落样式: 正文-缩进
从样式获取的格式:
  样式字体: 未设置
  样式字号: 未设置
  样式颜色: 未设置
对齐方式: 未设置
左缩进: 未设置
右缩进: 未设置
首行缩进: 未设置
行间距: 未设置
从XML读取的格式:
  运行 1: '中国在'
    字体: 未设置
    大小: 未设置
    粗体: 未设置
    斜体: 未设置
    下划线: 未设置
    标准颜色: 未设置
  运行 2: '5G'
    字体: 未设置
    大小: 未设置
    粗体: 未设置
    斜体: 未设置
    下划线: 未设置
    标准颜色: 未设置
  运行 3: '技术发展方面处于世界领先地位，正在建设规模庞大、技术先进的'
    字体: 未设置
    大小: 未设置
    粗体: 未设置
    斜体: 未设置
    下划线: 未设置
    标准颜色: 未设置
  运行 4: '5G'
    字体: 未设置
    大小: 未设置
    粗体: 未设置
    斜体: 未设置
    下划线: 未设置
    标准颜色: 未设置
  运行 5: '基础设施。利用物联网技术的可穿戴设备能够实时监测患者的关键生命体征。大数据和云计算技术的不断发展，有效解决了数据处理能力和数据量限制的问题，实现了精准的远程科学诊断决策。这些技术相辅相成，为“互联网'
    字体: 未设置
    大小: 未设置
    粗体: 未设置
    斜体: 未设置
    下划线: 未设置
    标准颜色: 未设置
  运行 6: '+'
    字体: 未设置
    大小: 未设置
    粗体: 未设置
    斜体: 未设置
    下划线: 未设置
    标准颜色: 未设置
  运行 7: '医疗”的发展奠定了坚实的基础。'
    字体: 未设置
    大小: 未设置
    粗体: 未设置
    斜体: 未设置
    下划线: 未设置
    标准颜色: 未设置

段落 550:
文本内容: “互联网+医疗”的核心是大数据，即医疗的数字化。这就要求医院将患者的各种检查报告、诊断报告、处方等以数字形式连接到医院管理信息系统(称为医院信息系统)，即HIS系统，然后连接到互联网上。这也要求设备厂商必须开放设备接口，以及做对接HIS系统的兼容性、安全性调整设计。
段落样式: 正文-缩进
从样式获取的格式:
  样式字体: 未设置
  样式字号: 未设置
  样式颜色: 未设置
对齐方式: 未设置
左缩进: 未设置
右缩进: 未设置
首行缩进: 未设置
行间距: 未设置
从XML读取的格式:
  运行 1: '“互联网'
    字体: 未设置
    大小: 未设置
    粗体: 未设置
    斜体: 未设置
    下划线: 未设置
    标准颜色: 未设置
  运行 2: '+'
    字体: 未设置
    大小: 未设置
    粗体: 未设置
    斜体: 未设置
    下划线: 未设置
    标准颜色: 未设置
  运行 3: '医疗”的核心是大数据，即医疗的数字化。这就要求医院将患者的各种检查报告、诊断报告、处方等以数字形式连接到医院管理信息系统'
    字体: 未设置
    大小: 未设置
    粗体: 未设置
    斜体: 未设置
    下划线: 未设置
    标准颜色: 未设置
  运行 4: '('
    字体: 未设置
    大小: 未设置
    粗体: 未设置
    斜体: 未设置
    下划线: 未设置
    标准颜色: 未设置
  运行 5: '称为医院信息系统'
    字体: 未设置
    大小: 未设置
    粗体: 未设置
    斜体: 未设置
    下划线: 未设置
    标准颜色: 未设置
  运行 6: ')'
    字体: 未设置
    大小: 未设置
    粗体: 未设置
    斜体: 未设置
    下划线: 未设置
    标准颜色: 未设置
  运行 7: '，即'
    字体: 未设置
    大小: 未设置
    粗体: 未设置
    斜体: 未设置
    下划线: 未设置
    标准颜色: 未设置
  运行 8: 'HIS'
    字体: 未设置
    大小: 未设置
    粗体: 未设置
    斜体: 未设置
    下划线: 未设置
    标准颜色: 未设置
  运行 9: '系统，然后连接到互联网上。这也要求设备厂商必须开放设备接口，以及'
    字体: 未设置
    大小: 未设置
    粗体: 未设置
    斜体: 未设置
    下划线: 未设置
    标准颜色: 未设置
  运行 10: '做对'
    字体: 未设置
    大小: 未设置
    粗体: 未设置
    斜体: 未设置
    下划线: 未设置
    标准颜色: 未设置
  运行 11: '接'
    字体: 未设置
    大小: 未设置
    粗体: 未设置
    斜体: 未设置
    下划线: 未设置
    标准颜色: 未设置
  运行 12: 'HIS'
    字体: 未设置
    大小: 未设置
    粗体: 未设置
    斜体: 未设置
    下划线: 未设置
    标准颜色: 未设置
  运行 13: '系统的兼容性、安全性调整设计。'
    字体: 未设置
    大小: 未设置
    粗体: 未设置
    斜体: 未设置
    下划线: 未设置
    标准颜色: 未设置

段落 551:
文本内容: Y公司竞争环境分析
段落样式: Heading 2
从样式获取的格式:
  样式字体: 未设置
  样式字号: 177800
  样式字号(pt): 14.0
  样式颜色: 未设置
对齐方式: 未设置
左缩进: 未设置
右缩进: 未设置
首行缩进: 未设置
行间距: 未设置
从XML读取的格式:
  运行 1: 'Y'
    字体: 未设置
    大小: 未设置
    粗体: 未设置
    斜体: 未设置
    下划线: 未设置
    标准颜色: 未设置
  运行 2: '公司竞争环境分析'
    字体: 未设置
    大小: 未设置
    粗体: 未设置
    斜体: 未设置
    下划线: 未设置
    标准颜色: 未设置
  运行 3: ''
    字体: 未设置
    大小: 未设置
    粗体: 未设置
    斜体: 未设置
    下划线: 未设置
    标准颜色: 未设置
  运行 4: ''
    字体: 未设置
    大小: 未设置
    粗体: 未设置
    斜体: 未设置
    下划线: 未设置
    标准颜色: 未设置
  运行 5: ''
    字体: 未设置
    大小: 未设置
    粗体: 未设置
    斜体: 未设置
    下划线: 未设置
    标准颜色: 未设置
  运行 6: ''
    字体: 未设置
    大小: 未设置
    粗体: 未设置
    斜体: 未设置
    下划线: 未设置
    标准颜色: 未设置
  运行 7: ''
    字体: 未设置
    大小: 未设置
    粗体: 未设置
    斜体: 未设置
    下划线: 未设置
    标准颜色: 未设置
  运行 8: ''
    字体: 未设置
    大小: 未设置
    粗体: 未设置
    斜体: 未设置
    下划线: 未设置
    标准颜色: 未设置
  运行 9: ''
    字体: 未设置
    大小: 未设置
    粗体: 未设置
    斜体: 未设置
    下划线: 未设置
    标准颜色: 未设置
  运行 10: ''
    字体: 未设置
    大小: 未设置
    粗体: 未设置
    斜体: 未设置
    下划线: 未设置
    标准颜色: 未设置
  运行 11: ''
    字体: 未设置
    大小: 未设置
    粗体: 未设置
    斜体: 未设置
    下划线: 未设置
    标准颜色: 未设置

段落 552:
文本内容: 竞争者的竞争能力
段落样式: Heading 3
从样式获取的格式:
  样式字体: 未设置
  样式字号: 未设置
  样式颜色: 未设置
对齐方式: 未设置
左缩进: 未设置
右缩进: 未设置
首行缩进: 未设置
行间距: 未设置
从XML读取的格式:
  运行 1: '竞争者的竞争'
    字体: 未设置
    大小: 未设置
    粗体: 未设置
    斜体: 未设置
    下划线: 未设置
    标准颜色: 未设置
  运行 2: '能力'
    字体: 未设置
    大小: 未设置
    粗体: 未设置
    斜体: 未设置
    下划线: 未设置
    标准颜色: 未设置
  运行 3: ''
    字体: 未设置
    大小: 未设置
    粗体: 未设置
    斜体: 未设置
    下划线: 未设置
    标准颜色: 未设置
  运行 4: ''
    字体: 未设置
    大小: 未设置
    粗体: 未设置
    斜体: 未设置
    下划线: 未设置
    标准颜色: 未设置
  运行 5: ''
    字体: 未设置
    大小: 未设置
    粗体: 未设置
    斜体: 未设置
    下划线: 未设置
    标准颜色: 未设置
  运行 6: ''
    字体: 未设置
    大小: 未设置
    粗体: 未设置
    斜体: 未设置
    下划线: 未设置
    标准颜色: 未设置
  运行 7: ''
    字体: 未设置
    大小: 未设置
    粗体: 未设置
    斜体: 未设置
    下划线: 未设置
    标准颜色: 未设置
  运行 8: ''
    字体: 未设置
    大小: 未设置
    粗体: 未设置
    斜体: 未设置
    下划线: 未设置
    标准颜色: 未设置
  运行 9: ''
    字体: 未设置
    大小: 未设置
    粗体: 未设置
    斜体: 未设置
    下划线: 未设置
    标准颜色: 未设置
  运行 10: ''
    字体: 未设置
    大小: 未设置
    粗体: 未设置
    斜体: 未设置
    下划线: 未设置
    标准颜色: 未设置
  运行 11: ''
    字体: 未设置
    大小: 未设置
    粗体: 未设置
    斜体: 未设置
    下划线: 未设置
    标准颜色: 未设置
  运行 12: ''
    字体: 未设置
    大小: 未设置
    粗体: 未设置
    斜体: 未设置
    下划线: 未设置
    标准颜色: 未设置
  运行 13: ''
    字体: 未设置
    大小: 未设置
    粗体: 未设置
    斜体: 未设置
    下划线: 未设置
    标准颜色: 未设置
  运行 14: ''
    字体: 未设置
    大小: 未设置
    粗体: 未设置
    斜体: 未设置
    下划线: 未设置
    标准颜色: 未设置
  运行 15: ''
    字体: 未设置
    大小: 未设置
    粗体: 未设置
    斜体: 未设置
    下划线: 未设置
    标准颜色: 未设置
  运行 16: ''
    字体: 未设置
    大小: 未设置
    粗体: 未设置
    斜体: 未设置
    下划线: 未设置
    标准颜色: 未设置
  运行 17: ''
    字体: 未设置
    大小: 未设置
    粗体: 未设置
    斜体: 未设置
    下划线: 未设置
    标准颜色: 未设置
  运行 18: ''
    字体: 未设置
    大小: 未设置
    粗体: 未设置
    斜体: 未设置
    下划线: 未设置
    标准颜色: 未设置
  运行 19: ''
    字体: 未设置
    大小: 未设置
    粗体: 未设置
    斜体: 未设置
    下划线: 未设置
    标准颜色: 未设置
  运行 20: ''
    字体: 未设置
    大小: 未设置
    粗体: 未设置
    斜体: 未设置
    下划线: 未设置
    标准颜色: 未设置
  运行 21: ''
    字体: 未设置
    大小: 未设置
    粗体: 未设置
    斜体: 未设置
    下划线: 未设置
    标准颜色: 未设置
  运行 22: ''
    字体: 未设置
    大小: 未设置
    粗体: 未设置
    斜体: 未设置
    下划线: 未设置
    标准颜色: 未设置
  运行 23: ''
    字体: 未设置
    大小: 未设置
    粗体: 未设置
    斜体: 未设置
    下划线: 未设置
    标准颜色: 未设置
  运行 24: ''
    字体: 未设置
    大小: 未设置
    粗体: 未设置
    斜体: 未设置
    下划线: 未设置
    标准颜色: 未设置
  运行 25: ''
    字体: 未设置
    大小: 未设置
    粗体: 未设置
    斜体: 未设置
    下划线: 未设置
    标准颜色: 未设置
  运行 26: ''
    字体: 未设置
    大小: 未设置
    粗体: 未设置
    斜体: 未设置
    下划线: 未设置
    标准颜色: 未设置
  运行 27: ''
    字体: 未设置
    大小: 未设置
    粗体: 未设置
    斜体: 未设置
    下划线: 未设置
    标准颜色: 未设置
  运行 28: ''
    字体: 未设置
    大小: 未设置
    粗体: 未设置
    斜体: 未设置
    下划线: 未设置
    标准颜色: 未设置
  运行 29: ''
    字体: 未设置
    大小: 未设置
    粗体: 未设置
    斜体: 未设置
    下划线: 未设置
    标准颜色: 未设置

段落 553:
文本内容: 如本章第一节所介绍，Y公司所代理眼科设备种类繁多，除了显微镜以外，几乎涵盖眼科诊疗所需的各类设备。Y公司引进了大部分的设备，除了超乳玻切一体机和准分子设备。引进中国的眼科设备主要可以分为三大类，分别是：眼视光解决方案产品、白内障解决方案产品，以及眼底解决方案产品。
段落样式: 正文-缩进
从样式获取的格式:
  样式字体: 未设置
  样式字号: 未设置
  样式颜色: 未设置
对齐方式: 未设置
左缩进: 未设置
右缩进: 未设置
首行缩进: 未设置
行间距: 未设置
从XML读取的格式:
  运行 1: '如'
    字体: 未设置
    大小: 未设置
    粗体: 未设置
    斜体: 未设置
    下划线: 未设置
    标准颜色: 未设置
  运行 2: '本章第一节所介绍，'
    字体: 未设置
    大小: 未设置
    粗体: 未设置
    斜体: 未设置
    下划线: 未设置
    标准颜色: 未设置
  运行 3: 'Y'
    字体: 未设置
    大小: 未设置
    粗体: 未设置
    斜体: 未设置
    下划线: 未设置
    标准颜色: 未设置
  运行 4: '公司所代理眼科设备'
    字体: 未设置
    大小: 未设置
    粗体: 未设置
    斜体: 未设置
    下划线: 未设置
    标准颜色: 未设置
  运行 5: '种类繁多，除了显微镜以外，几乎涵盖眼科诊疗所需的各类设备。'
    字体: 未设置
    大小: 未设置
    粗体: 未设置
    斜体: 未设置
    下划线: 未设置
    标准颜色: 未设置
  运行 6: 'Y'
    字体: 未设置
    大小: 未设置
    粗体: 未设置
    斜体: 未设置
    下划线: 未设置
    标准颜色: 未设置
  运行 7: '公司引进了大部分的设备，除了超乳'
    字体: 未设置
    大小: 未设置
    粗体: 未设置
    斜体: 未设置
    下划线: 未设置
    标准颜色: 未设置
  运行 8: '玻'
    字体: 未设置
    大小: 未设置
    粗体: 未设置
    斜体: 未设置
    下划线: 未设置
    标准颜色: 未设置
  运行 9: '切一体机和准分子设备'
    字体: 未设置
    大小: 未设置
    粗体: 未设置
    斜体: 未设置
    下划线: 未设置
    标准颜色: 未设置
  运行 10: '。'
    字体: 未设置
    大小: 未设置
    粗体: 未设置
    斜体: 未设置
    下划线: 未设置
    标准颜色: 未设置
  运行 11: '引进中国的眼科设备'
    字体: 未设置
    大小: 未设置
    粗体: 未设置
    斜体: 未设置
    下划线: 未设置
    标准颜色: 未设置
  运行 12: '主要'
    字体: 未设置
    大小: 未设置
    粗体: 未设置
    斜体: 未设置
    下划线: 未设置
    标准颜色: 未设置
  运行 13: '可以'
    字体: 未设置
    大小: 未设置
    粗体: 未设置
    斜体: 未设置
    下划线: 未设置
    标准颜色: 未设置
  运行 14: '分为三大类，分别是：'
    字体: 未设置
    大小: 未设置
    粗体: 未设置
    斜体: 未设置
    下划线: 未设置
    标准颜色: 未设置
  运行 15: '眼视光解决方案产品、白内障解决方案产品'
    字体: 未设置
    大小: 未设置
    粗体: 未设置
    斜体: 未设置
    下划线: 未设置
    标准颜色: 未设置
  运行 16: '，'
    字体: 未设置
    大小: 未设置
    粗体: 未设置
    斜体: 未设置
    下划线: 未设置
    标准颜色: 未设置
  运行 17: '以及眼底解决方案产品。'
    字体: 未设置
    大小: 未设置
    粗体: 未设置
    斜体: 未设置
    下划线: 未设置
    标准颜色: 未设置

段落 554:
文本内容: 眼视光产品竞争情况
段落样式: Heading 4
从样式获取的格式:
  样式字体: 未设置
  样式字号: 未设置
  样式颜色: 未设置
对齐方式: 未设置
左缩进: 未设置
右缩进: 未设置
首行缩进: 未设置
行间距: 未设置
从XML读取的格式:
  运行 1: '眼视光产品'
    字体: 未设置
    大小: 未设置
    粗体: 未设置
    斜体: 未设置
    下划线: 未设置
    标准颜色: 未设置
  运行 2: '竞争情况'
    字体: 未设置
    大小: 未设置
    粗体: 未设置
    斜体: 未设置
    下划线: 未设置
    标准颜色: 未设置

段落 555:
文本内容: Y公司代理的眼视光产品线丰富，涵盖了自动电脑验光仪、手持验光仪、非接触眼压计等关键设备。在众多产品中，电脑验光仪作为代表性产品，其市场竞争分析尤为关键。根据NMPA数据库，国内注册的进口电脑验光仪涉及多家国际知名企业，如湖碧驰、卡尔蔡司、尼德克等，共计22张注册证。国内则有30家生产商，包括太原中北新缘、宁波法里奥等，展现了国产眼视光设备的崛起。
段落样式: 正文-缩进
从样式获取的格式:
  样式字体: 未设置
  样式字号: 未设置
  样式颜色: 未设置
对齐方式: 未设置
左缩进: 未设置
右缩进: 未设置
首行缩进: 未设置
行间距: 未设置
从XML读取的格式:
  运行 1: 'Y'
    字体: 未设置
    大小: 未设置
    粗体: 未设置
    斜体: 未设置
    下划线: 未设置
    标准颜色: 未设置
  运行 2: '公司代理的眼视光产品线丰富，涵盖了自动电脑验光仪、手持验光仪、非接触眼压计等关键设备。在众多产品中，电脑验光仪作为代表性产品，其市场竞争分析尤为关键。根据'
    字体: 未设置
    大小: 未设置
    粗体: 未设置
    斜体: 未设置
    下划线: 未设置
    标准颜色: 未设置
  运行 3: 'NMPA'
    字体: 未设置
    大小: 未设置
    粗体: 未设置
    斜体: 未设置
    下划线: 未设置
    标准颜色: 未设置
  运行 4: '数据库，国内注册的进口电脑验光仪涉及多家国际知名企业，如湖碧驰、卡尔蔡司、尼德克等，共计'
    字体: 未设置
    大小: 未设置
    粗体: 未设置
    斜体: 未设置
    下划线: 未设置
    标准颜色: 未设置
  运行 5: '22'
    字体: 未设置
    大小: 未设置
    粗体: 未设置
    斜体: 未设置
    下划线: 未设置
    标准颜色: 未设置
  运行 6: '张注册证。国内则有'
    字体: 未设置
    大小: 未设置
    粗体: 未设置
    斜体: 未设置
    下划线: 未设置
    标准颜色: 未设置
  运行 7: '30'
    字体: 未设置
    大小: 未设置
    粗体: 未设置
    斜体: 未设置
    下划线: 未设置
    标准颜色: 未设置
  运行 8: '家生产商，包括太原中北新缘、宁波法里奥等，展现了国产眼视光设备的崛起。'
    字体: 未设置
    大小: 未设置
    粗体: 未设置
    斜体: 未设置
    下划线: 未设置
    标准颜色: 未设置

段落 556:
文本内容: 电脑验光仪的市场价格因国产和进口而有所不同，国产设备价格区间在6-12万元，进口设备则在12-18万元。国产设备主要面向眼镜店等视光中心，而民营和公立医疗机构则更注重设备的准确性、稳定性及售后服务，一般采购进口产品。公立医疗机构的采购进口品，需要做进口论证，流程较长，交易成本较高。
段落样式: 正文-缩进
从样式获取的格式:
  样式字体: 未设置
  样式字号: 未设置
  样式颜色: 未设置
对齐方式: 未设置
左缩进: 未设置
右缩进: 未设置
首行缩进: 未设置
行间距: 未设置
从XML读取的格式:
  运行 1: '电脑验光仪的市场价格因国产'
    字体: 未设置
    大小: 未设置
    粗体: 未设置
    斜体: 未设置
    下划线: 未设置
    标准颜色: 未设置
  运行 2: '和'
    字体: 未设置
    大小: 未设置
    粗体: 未设置
    斜体: 未设置
    下划线: 未设置
    标准颜色: 未设置
  运行 3: '进口而'
    字体: 未设置
    大小: 未设置
    粗体: 未设置
    斜体: 未设置
    下划线: 未设置
    标准颜色: 未设置
  运行 4: '有所不同'
    字体: 未设置
    大小: 未设置
    粗体: 未设置
    斜体: 未设置
    下划线: 未设置
    标准颜色: 未设置
  运行 5: '，国产设备价格区间在'
    字体: 未设置
    大小: 未设置
    粗体: 未设置
    斜体: 未设置
    下划线: 未设置
    标准颜色: 未设置
  运行 6: '6-12'
    字体: 未设置
    大小: 未设置
    粗体: 未设置
    斜体: 未设置
    下划线: 未设置
    标准颜色: 未设置
  运行 7: '万元，进口设备则在'
    字体: 未设置
    大小: 未设置
    粗体: 未设置
    斜体: 未设置
    下划线: 未设置
    标准颜色: 未设置
  运行 8: '12-18'
    字体: 未设置
    大小: 未设置
    粗体: 未设置
    斜体: 未设置
    下划线: 未设置
    标准颜色: 未设置
  运行 9: '万元。国产设备主要面向眼镜店等视光中心，而'
    字体: 未设置
    大小: 未设置
    粗体: 未设置
    斜体: 未设置
    下划线: 未设置
    标准颜色: 未设置
  运行 10: '民营和公立'
    字体: 未设置
    大小: 未设置
    粗体: 未设置
    斜体: 未设置
    下划线: 未设置
    标准颜色: 未设置
  运行 11: '医疗机构则更注重设备的准确性、稳定性及售后服务'
    字体: 未设置
    大小: 未设置
    粗体: 未设置
    斜体: 未设置
    下划线: 未设置
    标准颜色: 未设置
  运行 12: '，一般采购进口产品'
    字体: 未设置
    大小: 未设置
    粗体: 未设置
    斜体: 未设置
    下划线: 未设置
    标准颜色: 未设置
  运行 13: '。公立医疗机构的采购'
    字体: 未设置
    大小: 未设置
    粗体: 未设置
    斜体: 未设置
    下划线: 未设置
    标准颜色: 未设置
  运行 14: '进口品，需要做进口论证，'
    字体: 未设置
    大小: 未设置
    粗体: 未设置
    斜体: 未设置
    下划线: 未设置
    标准颜色: 未设置
  运行 15: '流程较长，交易成本较高。'
    字体: 未设置
    大小: 未设置
    粗体: 未设置
    斜体: 未设置
    下划线: 未设置
    标准颜色: 未设置

段落 557:
文本内容: 在市场竞争中，拓普康公司是Y公司最直接的竞争对手，产品线与Y公司高度重叠，且国产化程度高，具有成本优势。拓普康采用省级代理制，代理商面临销售压力和代理权问题，可能影响市场投入。相比之下，Y公司作为尼德克产品的华南区代理，拥有更直接的市场投入和更专业的售后服务团队。Y公司的市场运营模式与国际知名企业相似，通过参加学术会议、展示最新设备、以学术推广为主，辅以设备样机到院试用，由公司承担所有推广费用，宣传力度大。
段落样式: 正文-缩进
从样式获取的格式:
  样式字体: 未设置
  样式字号: 未设置
  样式颜色: 未设置
对齐方式: 未设置
左缩进: 未设置
右缩进: 未设置
首行缩进: 未设置
行间距: 未设置
从XML读取的格式:
  运行 1: '在市场竞争中，拓普康公司是'
    字体: 未设置
    大小: 未设置
    粗体: 未设置
    斜体: 未设置
    下划线: 未设置
    标准颜色: 未设置
  运行 2: 'Y'
    字体: 未设置
    大小: 未设置
    粗体: 未设置
    斜体: 未设置
    下划线: 未设置
    标准颜色: 未设置
  运行 3: '公司最直接的竞争对手，产品线与'
    字体: 未设置
    大小: 未设置
    粗体: 未设置
    斜体: 未设置
    下划线: 未设置
    标准颜色: 未设置
  运行 4: 'Y'
    字体: 未设置
    大小: 未设置
    粗体: 未设置
    斜体: 未设置
    下划线: 未设置
    标准颜色: 未设置
  运行 5: '公司高度重叠，且国产化程度高，具有成本优势。拓普康采用省级代理制，代理商面临销售压力和代理权问题，可能影响市场投入。相比之下，'
    字体: 未设置
    大小: 未设置
    粗体: 未设置
    斜体: 未设置
    下划线: 未设置
    标准颜色: 未设置
  运行 6: 'Y'
    字体: 未设置
    大小: 未设置
    粗体: 未设置
    斜体: 未设置
    下划线: 未设置
    标准颜色: 未设置
  运行 7: '公司作为'
    字体: 未设置
    大小: 未设置
    粗体: 未设置
    斜体: 未设置
    下划线: 未设置
    标准颜色: 未设置
  运行 8: '尼德克'
    字体: 未设置
    大小: 未设置
    粗体: 未设置
    斜体: 未设置
    下划线: 未设置
    标准颜色: 未设置
  运行 9: '产品的华南区代理，拥有更直接的市场投入和更专业的售后服务团队。'
    字体: 未设置
    大小: 未设置
    粗体: 未设置
    斜体: 未设置
    下划线: 未设置
    标准颜色: 未设置
  运行 10: 'Y'
    字体: 未设置
    大小: 未设置
    粗体: 未设置
    斜体: 未设置
    下划线: 未设置
    标准颜色: 未设置
  运行 11: '公司的市场运营模式与国际知名企业相似，通过参加学术会议、展示最新设备、以学术推广为主，辅以设备样机到院试用，由公司承担所有推广费用，宣传力度大。'
    字体: 未设置
    大小: 未设置
    粗体: 未设置
    斜体: 未设置
    下划线: 未设置
    标准颜色: 未设置

段落 558:
文本内容: 此外，Y公司的维修工程师团队资深专业，熟悉公司产品，主要管理人员具有外资眼科公司的资深销售背景，这些都是Y公司在市场竞争中的重要优势。整体来看，Y公司在眼视光产品领域的市场竞争力较强，但也面临来自国内外竞争对手的挑战。
段落样式: 正文-缩进
从样式获取的格式:
  样式字体: 未设置
  样式字号: 未设置
  样式颜色: 未设置
对齐方式: 未设置
左缩进: 未设置
右缩进: 未设置
首行缩进: 未设置
行间距: 未设置
从XML读取的格式:
  运行 1: '此外，'
    字体: 未设置
    大小: 未设置
    粗体: 未设置
    斜体: 未设置
    下划线: 未设置
    标准颜色: 未设置
  运行 2: 'Y'
    字体: 未设置
    大小: 未设置
    粗体: 未设置
    斜体: 未设置
    下划线: 未设置
    标准颜色: 未设置
  运行 3: '公司的维修工程师团队资深专业，熟悉公司产品，主要管理人员具有外资眼科公司的资深销售背景，这些都是'
    字体: 未设置
    大小: 未设置
    粗体: 未设置
    斜体: 未设置
    下划线: 未设置
    标准颜色: 未设置
  运行 4: 'Y'
    字体: 未设置
    大小: 未设置
    粗体: 未设置
    斜体: 未设置
    下划线: 未设置
    标准颜色: 未设置
  运行 5: '公司在市场竞争中的重要优势。整体来看，'
    字体: 未设置
    大小: 未设置
    粗体: 未设置
    斜体: 未设置
    下划线: 未设置
    标准颜色: 未设置
  运行 6: 'Y'
    字体: 未设置
    大小: 未设置
    粗体: 未设置
    斜体: 未设置
    下划线: 未设置
    标准颜色: 未设置
  运行 7: '公司在眼视光产品领域的市场竞争力较强，但也面临来自国内外竞争对手的挑战。'
    字体: 未设置
    大小: 未设置
    粗体: 未设置
    斜体: 未设置
    下划线: 未设置
    标准颜色: 未设置

段落 559:
文本内容: 白内障产品竞争情况
段落样式: Heading 4
从样式获取的格式:
  样式字体: 未设置
  样式字号: 未设置
  样式颜色: 未设置
对齐方式: 未设置
左缩进: 未设置
右缩进: 未设置
首行缩进: 未设置
行间距: 未设置
从XML读取的格式:
  运行 1: '白内障产品'
    字体: 未设置
    大小: 未设置
    粗体: 未设置
    斜体: 未设置
    下划线: 未设置
    标准颜色: 未设置
  运行 2: '竞争情况'
    字体: 未设置
    大小: 未设置
    粗体: 未设置
    斜体: 未设置
    下划线: 未设置
    标准颜色: 未设置

段落 560:
文本内容: Y公司用于检查、治疗白内障疾病的设备有：生物测量仪、屈光分析仪、眼科手术系统、角膜内皮显微镜、眼前节YAG激光系统等，产品众多，这里就以眼科手术系统CV-9000 R和屈光分析仪OPD-Scan III为例进行分析。
段落样式: 正文-缩进
从样式获取的格式:
  样式字体: 未设置
  样式字号: 未设置
  样式颜色: 未设置
对齐方式: 未设置
左缩进: 未设置
右缩进: 未设置
首行缩进: 未设置
行间距: 未设置
从XML读取的格式:
  运行 1: 'Y'
    字体: 未设置
    大小: 未设置
    粗体: 未设置
    斜体: 未设置
    下划线: 未设置
    标准颜色: 未设置
  运行 2: '公司用于检查、治疗白内障疾病的设备有：生物测量仪、屈光分析仪、'
    字体: 未设置
    大小: 未设置
    粗体: 未设置
    斜体: 未设置
    下划线: 未设置
    标准颜色: 未设置
  运行 3: '眼科手术系统'
    字体: 未设置
    大小: 未设置
    粗体: 未设置
    斜体: 未设置
    下划线: 未设置
    标准颜色: 未设置
  运行 4: '、角膜内皮显微镜、眼前节'
    字体: 未设置
    大小: 未设置
    粗体: 未设置
    斜体: 未设置
    下划线: 未设置
    标准颜色: 未设置
  运行 5: 'YAG'
    字体: 未设置
    大小: 未设置
    粗体: 未设置
    斜体: 未设置
    下划线: 未设置
    标准颜色: 未设置
  运行 6: '激光系统等，产品众多，这里就以'
    字体: 未设置
    大小: 未设置
    粗体: 未设置
    斜体: 未设置
    下划线: 未设置
    标准颜色: 未设置
  运行 7: '眼科手术系统'
    字体: 未设置
    大小: 未设置
    粗体: 未设置
    斜体: 未设置
    下划线: 未设置
    标准颜色: 未设置
  运行 8: 'CV'
    字体: 未设置
    大小: 未设置
    粗体: 未设置
    斜体: 未设置
    下划线: 未设置
    标准颜色: 未设置
  运行 9: '-'
    字体: 未设置
    大小: 未设置
    粗体: 未设置
    斜体: 未设置
    下划线: 未设置
    标准颜色: 未设置
  运行 10: '9000'
    字体: 未设置
    大小: 未设置
    粗体: 未设置
    斜体: 未设置
    下划线: 未设置
    标准颜色: 未设置
  运行 11: ' '
    字体: 未设置
    大小: 未设置
    粗体: 未设置
    斜体: 未设置
    下划线: 未设置
    标准颜色: 未设置
  运行 12: 'R'
    字体: 未设置
    大小: 未设置
    粗体: 未设置
    斜体: 未设置
    下划线: 未设置
    标准颜色: 未设置
  运行 13: '和屈光分析仪'
    字体: 未设置
    大小: 未设置
    粗体: 未设置
    斜体: 未设置
    下划线: 未设置
    标准颜色: 未设置
  运行 14: 'OPD-Scan'
    字体: 未设置
    大小: 未设置
    粗体: 未设置
    斜体: 未设置
    下划线: 未设置
    标准颜色: 未设置
  运行 15: ' '
    字体: 未设置
    大小: 未设置
    粗体: 未设置
    斜体: 未设置
    下划线: 未设置
    标准颜色: 未设置
  运行 16: 'III'
    字体: 未设置
    大小: 未设置
    粗体: 未设置
    斜体: 未设置
    下划线: 未设置
    标准颜色: 未设置
  运行 17: '为例进行分析。'
    字体: 未设置
    大小: 未设置
    粗体: 未设置
    斜体: 未设置
    下划线: 未设置
    标准颜色: 未设置

段落 561:
文本内容: 通过NMPA（国家药品监督管理局）的数据库查询，在国内注册的用于白内障手术的手术设备注册名称有两种，一种是眼科手术系统，另一种是超声乳化治疗仪。目前进口的主要有美国爱尔康公司的Centurion、Infiniti（已停产）、Laureate等三个型号；强生视力健公司的WHITESTAR SIGNATURE PRO、COMPACT INTUITIV、SOVEREIGN Compact三个型号；博士伦有限公司的Stellaris；德国歌德公司（国内高视远望代理）Megatron S4HPS、尼德克的CV9000、CV9000R等。爱尔康公司的白内障超声乳化仪约占中国市场的46%左右，其他四家瓜分剩余的54%市场份额，国产的声乳化仪器几乎没有市场，这里不做讨论。
段落样式: 正文-缩进
从样式获取的格式:
  样式字体: 未设置
  样式字号: 未设置
  样式颜色: 未设置
对齐方式: 未设置
左缩进: 未设置
右缩进: 未设置
首行缩进: 未设置
行间距: 未设置
从XML读取的格式:
  运行 1: '通过'
    字体: 未设置
    大小: 未设置
    粗体: 未设置
    斜体: 未设置
    下划线: 未设置
    标准颜色: 未设置
  运行 2: 'NMPA'
    字体: 未设置
    大小: 未设置
    粗体: 未设置
    斜体: 未设置
    下划线: 未设置
    标准颜色: 未设置
  运行 3: '（'
    字体: 未设置
    大小: 未设置
    粗体: 未设置
    斜体: 未设置
    下划线: 未设置
    标准颜色: 未设置
  运行 4: '国家药品监督管理局'
    字体: 未设置
    大小: 未设置
    粗体: 未设置
    斜体: 未设置
    下划线: 未设置
    标准颜色: 未设置
  运行 5: '）'
    字体: 未设置
    大小: 未设置
    粗体: 未设置
    斜体: 未设置
    下划线: 未设置
    标准颜色: 未设置
  运行 6: '的数据库查询，在国内注册的用于白内障手术的手术设备注册名称有两种，一种是眼科手术系统，另一种是'
    字体: 未设置
    大小: 未设置
    粗体: 未设置
    斜体: 未设置
    下划线: 未设置
    标准颜色: 未设置
  运行 7: '超声乳化治疗仪。目前进口的主要有美国爱尔康公司的'
    字体: 未设置
    大小: 未设置
    粗体: 未设置
    斜体: 未设置
    下划线: 未设置
    标准颜色: 未设置
  运行 8: 'C'
    字体: 未设置
    大小: 未设置
    粗体: 未设置
    斜体: 未设置
    下划线: 未设置
    标准颜色: 未设置
  运行 9: 'enturion'
    字体: 未设置
    大小: 未设置
    粗体: 未设置
    斜体: 未设置
    下划线: 未设置
    标准颜色: 未设置
  运行 10: '、'
    字体: 未设置
    大小: 未设置
    粗体: 未设置
    斜体: 未设置
    下划线: 未设置
    标准颜色: 未设置
  运行 11: 'I'
    字体: 未设置
    大小: 未设置
    粗体: 未设置
    斜体: 未设置
    下划线: 未设置
    标准颜色: 未设置
  运行 12: 'nfiniti'
    字体: 未设置
    大小: 未设置
    粗体: 未设置
    斜体: 未设置
    下划线: 未设置
    标准颜色: 未设置
  运行 13: '（'
    字体: 未设置
    大小: 未设置
    粗体: 未设置
    斜体: 未设置
    下划线: 未设置
    标准颜色: 未设置
  运行 14: '已停产'
    字体: 未设置
    大小: 未设置
    粗体: 未设置
    斜体: 未设置
    下划线: 未设置
    标准颜色: 未设置
  运行 15: '）'
    字体: 未设置
    大小: 未设置
    粗体: 未设置
    斜体: 未设置
    下划线: 未设置
    标准颜色: 未设置
  运行 16: '、'
    字体: 未设置
    大小: 未设置
    粗体: 未设置
    斜体: 未设置
    下划线: 未设置
    标准颜色: 未设置
  运行 17: 'L'
    字体: 未设置
    大小: 未设置
    粗体: 未设置
    斜体: 未设置
    下划线: 未设置
    标准颜色: 未设置
  运行 18: 'aureate'
    字体: 未设置
    大小: 未设置
    粗体: 未设置
    斜体: 未设置
    下划线: 未设置
    标准颜色: 未设置
  运行 19: '等三个型号；'
    字体: 未设置
    大小: 未设置
    粗体: 未设置
    斜体: 未设置
    下划线: 未设置
    标准颜色: 未设置
  运行 20: '强生视力健'
    字体: 未设置
    大小: 未设置
    粗体: 未设置
    斜体: 未设置
    下划线: 未设置
    标准颜色: 未设置
  运行 21: '公司'
    字体: 未设置
    大小: 未设置
    粗体: 未设置
    斜体: 未设置
    下划线: 未设置
    标准颜色: 未设置
  运行 22: '的'
    字体: 未设置
    大小: 未设置
    粗体: 未设置
    斜体: 未设置
    下划线: 未设置
    标准颜色: 未设置
  运行 23: 'WHITESTAR SIGNATURE PRO'
    字体: 未设置
    大小: 未设置
    粗体: 未设置
    斜体: 未设置
    下划线: 未设置
    标准颜色: 未设置
  运行 24: '、'
    字体: 未设置
    大小: 未设置
    粗体: 未设置
    斜体: 未设置
    下划线: 未设置
    标准颜色: 未设置
  运行 25: 'COMPACT INTUITIV'
    字体: 未设置
    大小: 未设置
    粗体: 未设置
    斜体: 未设置
    下划线: 未设置
    标准颜色: 未设置
  运行 26: '、'
    字体: 未设置
    大小: 未设置
    粗体: 未设置
    斜体: 未设置
    下划线: 未设置
    标准颜色: 未设置
  运行 27: 'SOVEREIGN Compact'
    字体: 未设置
    大小: 未设置
    粗体: 未设置
    斜体: 未设置
    下划线: 未设置
    标准颜色: 未设置
  运行 28: '三个型号；博士伦有限公司的'
    字体: 未设置
    大小: 未设置
    粗体: 未设置
    斜体: 未设置
    下划线: 未设置
    标准颜色: 未设置
  运行 29: 'S'
    字体: 未设置
    大小: 未设置
    粗体: 未设置
    斜体: 未设置
    下划线: 未设置
    标准颜色: 未设置
  运行 30: 'tellaris'
    字体: 未设置
    大小: 未设置
    粗体: 未设置
    斜体: 未设置
    下划线: 未设置
    标准颜色: 未设置
  运行 31: '；德国歌德公司'
    字体: 未设置
    大小: 未设置
    粗体: 未设置
    斜体: 未设置
    下划线: 未设置
    标准颜色: 未设置
  运行 32: '（'
    字体: 未设置
    大小: 未设置
    粗体: 未设置
    斜体: 未设置
    下划线: 未设置
    标准颜色: 未设置
  运行 33: '国内高视远望代理'
    字体: 未设置
    大小: 未设置
    粗体: 未设置
    斜体: 未设置
    下划线: 未设置
    标准颜色: 未设置
  运行 34: '）'
    字体: 未设置
    大小: 未设置
    粗体: 未设置
    斜体: 未设置
    下划线: 未设置
    标准颜色: 未设置
  运行 35: 'Megatron S4HPS'
    字体: 未设置
    大小: 未设置
    粗体: 未设置
    斜体: 未设置
    下划线: 未设置
    标准颜色: 未设置
  运行 36: '、尼德克的'
    字体: 未设置
    大小: 未设置
    粗体: 未设置
    斜体: 未设置
    下划线: 未设置
    标准颜色: 未设置
  运行 37: 'CV9000'
    字体: 未设置
    大小: 未设置
    粗体: 未设置
    斜体: 未设置
    下划线: 未设置
    标准颜色: 未设置
  运行 38: '、'
    字体: 未设置
    大小: 未设置
    粗体: 未设置
    斜体: 未设置
    下划线: 未设置
    标准颜色: 未设置
  运行 39: 'CV9000R'
    字体: 未设置
    大小: 未设置
    粗体: 未设置
    斜体: 未设置
    下划线: 未设置
    标准颜色: 未设置
  运行 40: '等。'
    字体: 未设置
    大小: 未设置
    粗体: 未设置
    斜体: 未设置
    下划线: 未设置
    标准颜色: 未设置
  运行 41: '爱尔康公司的白内障超声乳化仪约占中国市场的'
    字体: 未设置
    大小: 未设置
    粗体: 未设置
    斜体: 未设置
    下划线: 未设置
    标准颜色: 未设置
  运行 42: '46%'
    字体: 未设置
    大小: 未设置
    粗体: 未设置
    斜体: 未设置
    下划线: 未设置
    标准颜色: 未设置
  运行 43: '左右，其他四家瓜分剩余的'
    字体: 未设置
    大小: 未设置
    粗体: 未设置
    斜体: 未设置
    下划线: 未设置
    标准颜色: 未设置
  运行 44: '54%'
    字体: 未设置
    大小: 未设置
    粗体: 未设置
    斜体: 未设置
    下划线: 未设置
    标准颜色: 未设置
  运行 45: '市场份额，'
    字体: 未设置
    大小: 未设置
    粗体: 未设置
    斜体: 未设置
    下划线: 未设置
    标准颜色: 未设置
  运行 46: '国产的声乳化仪器几乎没有市场，这里不做讨论。'
    字体: 未设置
    大小: 未设置
    粗体: 未设置
    斜体: 未设置
    下划线: 未设置
    标准颜色: 未设置

段落 562:
文本内容: 美国爱尔康的超乳设备涵盖了高中低三个细分市场，Centurion主打全国高端市场，具备完美的主动液流控制系统、高效的Ozil摆动超声技术、以及AutoSert人工晶体自动推注功能，能够为手术过程提供非常稳定的前方空间，乳化白内障晶体高效、核块跟随性好，自动推注晶体安全迅速，可以很大程度保障手术安全。Laureate设备采用重力灌注系统以及顺应性低的刚性管道，为手术提供安全稳定的前房空间，减少浪涌的发生。采用传统超声手柄，以及一次性液流管理基本包件，为手术医生提供良好的手术环境和处理方案。爱尔康的超乳设备在技术层面领先于同类产品，除了产品之外，该公司还有超乳培训项目，为购买了爱尔康超乳设备的医院培训超乳手术医生，这也是该公司重要的竞争优势之一。唯一不足的地方是，该公司的超乳设备使用的超乳针头、套管、液流管理基本包件（积液盒）都是一次使用，给医院和患者带来更大经济负担。
段落样式: 正文-缩进
从样式获取的格式:
  样式字体: 未设置
  样式字号: 未设置
  样式颜色: 未设置
对齐方式: 未设置
左缩进: 未设置
右缩进: 未设置
首行缩进: 未设置
行间距: 未设置
从XML读取的格式:
  运行 1: '美国爱尔康的超乳设备涵盖了高中低三个细分市场，'
    字体: 未设置
    大小: 未设置
    粗体: 未设置
    斜体: 未设置
    下划线: 未设置
    标准颜色: 未设置
  运行 2: 'C'
    字体: 未设置
    大小: 未设置
    粗体: 未设置
    斜体: 未设置
    下划线: 未设置
    标准颜色: 未设置
  运行 3: 'enturion'
    字体: 未设置
    大小: 未设置
    粗体: 未设置
    斜体: 未设置
    下划线: 未设置
    标准颜色: 未设置
  运行 4: '主打全国高端市场，具备完美的主动液流控制系统、高效的'
    字体: 未设置
    大小: 未设置
    粗体: 未设置
    斜体: 未设置
    下划线: 未设置
    标准颜色: 未设置
  运行 5: 'Ozil'
    字体: 未设置
    大小: 未设置
    粗体: 未设置
    斜体: 未设置
    下划线: 未设置
    标准颜色: 未设置
  运行 6: '摆动超声技术、以及'
    字体: 未设置
    大小: 未设置
    粗体: 未设置
    斜体: 未设置
    下划线: 未设置
    标准颜色: 未设置
  运行 7: 'AutoSert'
    字体: 未设置
    大小: 未设置
    粗体: 未设置
    斜体: 未设置
    下划线: 未设置
    标准颜色: 未设置
  运行 8: '人工'
    字体: 未设置
    大小: 未设置
    粗体: 未设置
    斜体: 未设置
    下划线: 未设置
    标准颜色: 未设置
  运行 9: '晶体自动'
    字体: 未设置
    大小: 未设置
    粗体: 未设置
    斜体: 未设置
    下划线: 未设置
    标准颜色: 未设置
  运行 10: '推注功能，'
    字体: 未设置
    大小: 未设置
    粗体: 未设置
    斜体: 未设置
    下划线: 未设置
    标准颜色: 未设置
  运行 11: '能够为手术过程提供非常稳定的前方空间，乳化白内障晶体高效、核块跟随性好，自动推注晶体安全迅速，可以很大程度保障手术安全。'
    字体: 未设置
    大小: 未设置
    粗体: 未设置
    斜体: 未设置
    下划线: 未设置
    标准颜色: 未设置
  运行 12: 'L'
    字体: 未设置
    大小: 未设置
    粗体: 未设置
    斜体: 未设置
    下划线: 未设置
    标准颜色: 未设置
  运行 13: 'aureate'
    字体: 未设置
    大小: 未设置
    粗体: 未设置
    斜体: 未设置
    下划线: 未设置
    标准颜色: 未设置
  运行 14: '设备采用重力灌注系统以及顺应性低的刚性管道，为手术提供安全稳定的前房空间，减少浪涌的发生。采用传统超声手柄，以及一次性液流管理基本包件，为手术医生提供良好的手术环境和处理方案。爱尔康的超乳设备在技术层面领先于同类产品，除了产品之外，该公司还有超乳培训项目'
    字体: 未设置
    大小: 未设置
    粗体: 未设置
    斜体: 未设置
    下划线: 未设置
    标准颜色: 未设置
  运行 15: ''
    字体: 未设置
    大小: 未设置
    粗体: 未设置
    斜体: 未设置
    下划线: 未设置
    标准颜色: 未设置
  运行 16: '，为购买了爱尔康超乳设备的医院培训超乳手术医生，这也是该公司重要的竞争优势之一。唯一不足的地方是，该公司的超乳设备使用的超乳针头、套管、液流管理基本包件'
    字体: 未设置
    大小: 未设置
    粗体: 未设置
    斜体: 未设置
    下划线: 未设置
    标准颜色: 未设置
  运行 17: '（'
    字体: 未设置
    大小: 未设置
    粗体: 未设置
    斜体: 未设置
    下划线: 未设置
    标准颜色: 未设置
  运行 18: '积液盒'
    字体: 未设置
    大小: 未设置
    粗体: 未设置
    斜体: 未设置
    下划线: 未设置
    标准颜色: 未设置
  运行 19: '）'
    字体: 未设置
    大小: 未设置
    粗体: 未设置
    斜体: 未设置
    下划线: 未设置
    标准颜色: 未设置
  运行 20: '都是一次使用，给'
    字体: 未设置
    大小: 未设置
    粗体: 未设置
    斜体: 未设置
    下划线: 未设置
    标准颜色: 未设置
  运行 21: '医院和'
    字体: 未设置
    大小: 未设置
    粗体: 未设置
    斜体: 未设置
    下划线: 未设置
    标准颜色: 未设置
  运行 22: '患者带来更大经济负担。'
    字体: 未设置
    大小: 未设置
    粗体: 未设置
    斜体: 未设置
    下划线: 未设置
    标准颜色: 未设置

段落 563:
文本内容: Y公司的CV9000和CV9000R的主要区别是，液流管理基本包件（积液盒）不一样。CV9000使用的液流控制系统也是和爱尔康的超乳设备类似积液盒，一次性使用，可以更好的提供前房稳定性；而CV9000R采用的是可以重复消毒积液盒，可以降低手术成本，减轻患者负担。CV9000系列产品能量效率和和价格同爱尔康的Laureate相当，同时又具备爱尔康Centurion设备的个性化参数设置。个性化参数设置对手术医生非常重要，例如超声能量设置，普通的传统超乳设备可以设置从0-100范围，通常熟练的医生设置60的恒定能量，不熟练的医生设置0-60的能量范围，但0-20的范围能量是无效的，不熟练的医生其实是希望设置20-60的能量范围。如果要达到这样的个性化设置，就只能购买价格昂贵Centurion。而CV9000R的价格和Laureate，不但具备个性化的参数设置，而且积液盒可以重复消毒使用，可以为预较低的医院提供更合适的解决方案。
段落样式: 正文-缩进
从样式获取的格式:
  样式字体: 未设置
  样式字号: 未设置
  样式颜色: 未设置
对齐方式: 未设置
左缩进: 未设置
右缩进: 未设置
首行缩进: 未设置
行间距: 未设置
从XML读取的格式:
  运行 1: 'Y'
    字体: 未设置
    大小: 未设置
    粗体: 未设置
    斜体: 未设置
    下划线: 未设置
    标准颜色: 未设置
  运行 2: '公司的'
    字体: 未设置
    大小: 未设置
    粗体: 未设置
    斜体: 未设置
    下划线: 未设置
    标准颜色: 未设置
  运行 3: 'CV9000'
    字体: 未设置
    大小: 未设置
    粗体: 未设置
    斜体: 未设置
    下划线: 未设置
    标准颜色: 未设置
  运行 4: '和'
    字体: 未设置
    大小: 未设置
    粗体: 未设置
    斜体: 未设置
    下划线: 未设置
    标准颜色: 未设置
  运行 5: 'CV9000R'
    字体: 未设置
    大小: 未设置
    粗体: 未设置
    斜体: 未设置
    下划线: 未设置
    标准颜色: 未设置
  运行 6: '的主要区别是，液流管理基本包件'
    字体: 未设置
    大小: 未设置
    粗体: 未设置
    斜体: 未设置
    下划线: 未设置
    标准颜色: 未设置
  运行 7: '（'
    字体: 未设置
    大小: 未设置
    粗体: 未设置
    斜体: 未设置
    下划线: 未设置
    标准颜色: 未设置
  运行 8: '积液盒'
    字体: 未设置
    大小: 未设置
    粗体: 未设置
    斜体: 未设置
    下划线: 未设置
    标准颜色: 未设置
  运行 9: '）'
    字体: 未设置
    大小: 未设置
    粗体: 未设置
    斜体: 未设置
    下划线: 未设置
    标准颜色: 未设置
  运行 10: '不'
    字体: 未设置
    大小: 未设置
    粗体: 未设置
    斜体: 未设置
    下划线: 未设置
    标准颜色: 未设置
  运行 11: '一样。'
    字体: 未设置
    大小: 未设置
    粗体: 未设置
    斜体: 未设置
    下划线: 未设置
    标准颜色: 未设置
  运行 12: 'CV9000'
    字体: 未设置
    大小: 未设置
    粗体: 未设置
    斜体: 未设置
    下划线: 未设置
    标准颜色: 未设置
  运行 13: '使用的液流控制系统也是和爱尔康的超乳设备类似积液盒，一次性使用，可以更好的提供前房稳定性'
    字体: 未设置
    大小: 未设置
    粗体: 未设置
    斜体: 未设置
    下划线: 未设置
    标准颜色: 未设置
  运行 14: '；'
    字体: 未设置
    大小: 未设置
    粗体: 未设置
    斜体: 未设置
    下划线: 未设置
    标准颜色: 未设置
  运行 15: '而'
    字体: 未设置
    大小: 未设置
    粗体: 未设置
    斜体: 未设置
    下划线: 未设置
    标准颜色: 未设置
  运行 16: 'CV9000R'
    字体: 未设置
    大小: 未设置
    粗体: 未设置
    斜体: 未设置
    下划线: 未设置
    标准颜色: 未设置
  运行 17: '采用的是可以重复消毒积液盒，可以降低手术成本，减轻患者负担。'
    字体: 未设置
    大小: 未设置
    粗体: 未设置
    斜体: 未设置
    下划线: 未设置
    标准颜色: 未设置
  运行 18: 'CV9000'
    字体: 未设置
    大小: 未设置
    粗体: 未设置
    斜体: 未设置
    下划线: 未设置
    标准颜色: 未设置
  运行 19: '系列产品'
    字体: 未设置
    大小: 未设置
    粗体: 未设置
    斜体: 未设置
    下划线: 未设置
    标准颜色: 未设置
  运行 20: '能量效率和'
    字体: 未设置
    大小: 未设置
    粗体: 未设置
    斜体: 未设置
    下划线: 未设置
    标准颜色: 未设置
  运行 21: '和价格同爱尔康的'
    字体: 未设置
    大小: 未设置
    粗体: 未设置
    斜体: 未设置
    下划线: 未设置
    标准颜色: 未设置
  运行 22: 'Laureate'
    字体: 未设置
    大小: 未设置
    粗体: 未设置
    斜体: 未设置
    下划线: 未设置
    标准颜色: 未设置
  运行 23: '相当，同时又'
    字体: 未设置
    大小: 未设置
    粗体: 未设置
    斜体: 未设置
    下划线: 未设置
    标准颜色: 未设置
  运行 24: '具备爱尔康'
    字体: 未设置
    大小: 未设置
    粗体: 未设置
    斜体: 未设置
    下划线: 未设置
    标准颜色: 未设置
  运行 25: 'C'
    字体: 未设置
    大小: 未设置
    粗体: 未设置
    斜体: 未设置
    下划线: 未设置
    标准颜色: 未设置
  运行 26: 'enturion'
    字体: 未设置
    大小: 未设置
    粗体: 未设置
    斜体: 未设置
    下划线: 未设置
    标准颜色: 未设置
  运行 27: '设备的个性化参数设置'
    字体: 未设置
    大小: 未设置
    粗体: 未设置
    斜体: 未设置
    下划线: 未设置
    标准颜色: 未设置
  运行 28: '。'
    字体: 未设置
    大小: 未设置
    粗体: 未设置
    斜体: 未设置
    下划线: 未设置
    标准颜色: 未设置
  运行 29: '个性化参数设置对手术医生非常重要，'
    字体: 未设置
    大小: 未设置
    粗体: 未设置
    斜体: 未设置
    下划线: 未设置
    标准颜色: 未设置
  运行 30: '例如超声能量设置，普通的传统超乳设备可以设置从'
    字体: 未设置
    大小: 未设置
    粗体: 未设置
    斜体: 未设置
    下划线: 未设置
    标准颜色: 未设置
  运行 31: '0-100'
    字体: 未设置
    大小: 未设置
    粗体: 未设置
    斜体: 未设置
    下划线: 未设置
    标准颜色: 未设置
  运行 32: '范围，通常熟练的医生设置'
    字体: 未设置
    大小: 未设置
    粗体: 未设置
    斜体: 未设置
    下划线: 未设置
    标准颜色: 未设置
  运行 33: '60'
    字体: 未设置
    大小: 未设置
    粗体: 未设置
    斜体: 未设置
    下划线: 未设置
    标准颜色: 未设置
  运行 34: '的恒定能量，不熟练的医生设置'
    字体: 未设置
    大小: 未设置
    粗体: 未设置
    斜体: 未设置
    下划线: 未设置
    标准颜色: 未设置
  运行 35: '0-60'
    字体: 未设置
    大小: 未设置
    粗体: 未设置
    斜体: 未设置
    下划线: 未设置
    标准颜色: 未设置
  运行 36: '的能量范围，但'
    字体: 未设置
    大小: 未设置
    粗体: 未设置
    斜体: 未设置
    下划线: 未设置
    标准颜色: 未设置
  运行 37: '0-20'
    字体: 未设置
    大小: 未设置
    粗体: 未设置
    斜体: 未设置
    下划线: 未设置
    标准颜色: 未设置
  运行 38: '的范围能量是无效的，不熟练的医生其实是希望设置'
    字体: 未设置
    大小: 未设置
    粗体: 未设置
    斜体: 未设置
    下划线: 未设置
    标准颜色: 未设置
  运行 39: '20-60'
    字体: 未设置
    大小: 未设置
    粗体: 未设置
    斜体: 未设置
    下划线: 未设置
    标准颜色: 未设置
  运行 40: '的能量范围。如果要达到这样的'
    字体: 未设置
    大小: 未设置
    粗体: 未设置
    斜体: 未设置
    下划线: 未设置
    标准颜色: 未设置
  运行 41: '个性化设置，就只能购买'
    字体: 未设置
    大小: 未设置
    粗体: 未设置
    斜体: 未设置
    下划线: 未设置
    标准颜色: 未设置
  运行 42: '价格'
    字体: 未设置
    大小: 未设置
    粗体: 未设置
    斜体: 未设置
    下划线: 未设置
    标准颜色: 未设置
  运行 43: '昂贵'
    字体: 未设置
    大小: 未设置
    粗体: 未设置
    斜体: 未设置
    下划线: 未设置
    标准颜色: 未设置
  运行 44: 'Centurion'
    字体: 未设置
    大小: 未设置
    粗体: 未设置
    斜体: 未设置
    下划线: 未设置
    标准颜色: 未设置
  运行 45: '。而'
    字体: 未设置
    大小: 未设置
    粗体: 未设置
    斜体: 未设置
    下划线: 未设置
    标准颜色: 未设置
  运行 46: 'CV9000R'
    字体: 未设置
    大小: 未设置
    粗体: 未设置
    斜体: 未设置
    下划线: 未设置
    标准颜色: 未设置
  运行 47: '的价格和'
    字体: 未设置
    大小: 未设置
    粗体: 未设置
    斜体: 未设置
    下划线: 未设置
    标准颜色: 未设置
  运行 48: 'L'
    字体: 未设置
    大小: 未设置
    粗体: 未设置
    斜体: 未设置
    下划线: 未设置
    标准颜色: 未设置
  运行 49: 'aureate'
    字体: 未设置
    大小: 未设置
    粗体: 未设置
    斜体: 未设置
    下划线: 未设置
    标准颜色: 未设置
  运行 50: '，不但具备个性化的参数设置，而且积液盒可以重复消毒使用，可以为预较低的医院提供更合适的解决方案。'
    字体: 未设置
    大小: 未设置
    粗体: 未设置
    斜体: 未设置
    下划线: 未设置
    标准颜色: 未设置

段落 564:
文本内容: 在白内障手术患者行手术之前，医院通常会为患者选择合适的人工晶体，需要全面的检查分析患者的眼睛情况，再根据检查数据为患者选择适合的人工晶体。屈光分析仪OPD-Scan III可以为医生提供所需的角膜、全眼以及眼内的光程差数据。该设备具备多样式的测量功能，例如：验光仪、角膜曲率、角膜地形图、波前像差（Wavefront）、角膜直径（WTW）、瞳孔直径、日瞳夜瞳视轴位移、隐形眼镜测量、后照影像（Retro Image）、角膜疾病筛检等功能。目前和OPD-Scan III类似的产品有同科林公司代理的Itrace以及广州达美康代理的Pentacam，这个三个产品的工作原理有所不同。OPD-Scan III是利用动态裂隙视网膜检影的原理测量像差，就是同一时间向眼内发射很多光线，由于光线通过不同的屈光介质的时间不同，所以反射回来的时间会有差别，从而计算出全眼、角膜以及眼内的像差。Itrace是利用光路追踪原理计算光程差，就是发射一个光信号，在接收到这个光线反射回来的信号后，再发射第二个光线。Pentacam则是利用Scheimpflug（Blue）原理计算，就是先通过扫描眼球建立模型，再在该模型上模仿光线进出的时间差来计算。目前主要的竞争对手是广州达美康公司，他们的Pentacam比OPD-Scan III具备角膜后表面的数据测量，该公司的市场宣传策略是也可以用于准分子手术的测量计。但真正白内障领域的应用，OPD-Scan III的优势远大于广州达美康的产品。
段落样式: 正文-缩进
从样式获取的格式:
  样式字体: 未设置
  样式字号: 未设置
  样式颜色: 未设置
对齐方式: 未设置
左缩进: 未设置
右缩进: 未设置
首行缩进: 未设置
行间距: 未设置
从XML读取的格式:
  运行 1: '在白内障手术患者行手术之前，医院通常会为患者选择合适的人工晶体，需要全面的检查分析患者的眼睛情况，再根据检查数据为患者选择适合的人工晶体。'
    字体: 未设置
    大小: 未设置
    粗体: 未设置
    斜体: 未设置
    下划线: 未设置
    标准颜色: 未设置
  运行 2: '屈光分析仪'
    字体: 未设置
    大小: 未设置
    粗体: 未设置
    斜体: 未设置
    下划线: 未设置
    标准颜色: 未设置
  运行 3: 'OPD-Scan III'
    字体: 未设置
    大小: 未设置
    粗体: 未设置
    斜体: 未设置
    下划线: 未设置
    标准颜色: 未设置
  运行 4: '可以为医生提供所需的'
    字体: 未设置
    大小: 未设置
    粗体: 未设置
    斜体: 未设置
    下划线: 未设置
    标准颜色: 未设置
  运行 5: '角膜、全眼以及眼内的光程差数据。该设备具备多样式的测量功能，例如：验光仪、角膜曲率、角膜地形图、波前像差'
    字体: 未设置
    大小: 未设置
    粗体: 未设置
    斜体: 未设置
    下划线: 未设置
    标准颜色: 未设置
  运行 6: '（'
    字体: 未设置
    大小: 未设置
    粗体: 未设置
    斜体: 未设置
    下划线: 未设置
    标准颜色: 未设置
  运行 7: 'W'
    字体: 未设置
    大小: 未设置
    粗体: 未设置
    斜体: 未设置
    下划线: 未设置
    标准颜色: 未设置
  运行 8: 'avefront'
    字体: 未设置
    大小: 未设置
    粗体: 未设置
    斜体: 未设置
    下划线: 未设置
    标准颜色: 未设置
  运行 9: '）'
    字体: 未设置
    大小: 未设置
    粗体: 未设置
    斜体: 未设置
    下划线: 未设置
    标准颜色: 未设置
  运行 10: '、角膜直径'
    字体: 未设置
    大小: 未设置
    粗体: 未设置
    斜体: 未设置
    下划线: 未设置
    标准颜色: 未设置
  运行 11: '（'
    字体: 未设置
    大小: 未设置
    粗体: 未设置
    斜体: 未设置
    下划线: 未设置
    标准颜色: 未设置
  运行 12: 'WTW'
    字体: 未设置
    大小: 未设置
    粗体: 未设置
    斜体: 未设置
    下划线: 未设置
    标准颜色: 未设置
  运行 13: '）'
    字体: 未设置
    大小: 未设置
    粗体: 未设置
    斜体: 未设置
    下划线: 未设置
    标准颜色: 未设置
  运行 14: '、瞳孔直径、日瞳夜瞳视轴位移、隐形眼镜测量、后照影像'
    字体: 未设置
    大小: 未设置
    粗体: 未设置
    斜体: 未设置
    下划线: 未设置
    标准颜色: 未设置
  运行 15: '（'
    字体: 未设置
    大小: 未设置
    粗体: 未设置
    斜体: 未设置
    下划线: 未设置
    标准颜色: 未设置
  运行 16: 'R'
    字体: 未设置
    大小: 未设置
    粗体: 未设置
    斜体: 未设置
    下划线: 未设置
    标准颜色: 未设置
  运行 17: 'etro '
    字体: 未设置
    大小: 未设置
    粗体: 未设置
    斜体: 未设置
    下划线: 未设置
    标准颜色: 未设置
  运行 18: 'I'
    字体: 未设置
    大小: 未设置
    粗体: 未设置
    斜体: 未设置
    下划线: 未设置
    标准颜色: 未设置
  运行 19: 'mage'
    字体: 未设置
    大小: 未设置
    粗体: 未设置
    斜体: 未设置
    下划线: 未设置
    标准颜色: 未设置
  运行 20: '）'
    字体: 未设置
    大小: 未设置
    粗体: 未设置
    斜体: 未设置
    下划线: 未设置
    标准颜色: 未设置
  运行 21: '、角膜疾病筛检等功能。目前和'
    字体: 未设置
    大小: 未设置
    粗体: 未设置
    斜体: 未设置
    下划线: 未设置
    标准颜色: 未设置
  运行 22: 'OPD-Scan III'
    字体: 未设置
    大小: 未设置
    粗体: 未设置
    斜体: 未设置
    下划线: 未设置
    标准颜色: 未设置
  运行 23: '类似的产品有'
    字体: 未设置
    大小: 未设置
    粗体: 未设置
    斜体: 未设置
    下划线: 未设置
    标准颜色: 未设置
  运行 24: '同科林公司代理的'
    字体: 未设置
    大小: 未设置
    粗体: 未设置
    斜体: 未设置
    下划线: 未设置
    标准颜色: 未设置
  运行 25: 'I'
    字体: 未设置
    大小: 未设置
    粗体: 未设置
    斜体: 未设置
    下划线: 未设置
    标准颜色: 未设置
  运行 26: 'trace'
    字体: 未设置
    大小: 未设置
    粗体: 未设置
    斜体: 未设置
    下划线: 未设置
    标准颜色: 未设置
  运行 27: '以及广州达美康代理的'
    字体: 未设置
    大小: 未设置
    粗体: 未设置
    斜体: 未设置
    下划线: 未设置
    标准颜色: 未设置
  运行 28: 'Pentacam'
    字体: 未设置
    大小: 未设置
    粗体: 未设置
    斜体: 未设置
    下划线: 未设置
    标准颜色: 未设置
  运行 29: '，'
    字体: 未设置
    大小: 未设置
    粗体: 未设置
    斜体: 未设置
    下划线: 未设置
    标准颜色: 未设置
  运行 30: '这个三个产品的工作原理有所不同'
    字体: 未设置
    大小: 未设置
    粗体: 未设置
    斜体: 未设置
    下划线: 未设置
    标准颜色: 未设置
  运行 31: '。'
    字体: 未设置
    大小: 未设置
    粗体: 未设置
    斜体: 未设置
    下划线: 未设置
    标准颜色: 未设置
  运行 32: 'OPD-Scan III'
    字体: 未设置
    大小: 未设置
    粗体: 未设置
    斜体: 未设置
    下划线: 未设置
    标准颜色: 未设置
  运行 33: '是利用'
    字体: 未设置
    大小: 未设置
    粗体: 未设置
    斜体: 未设置
    下划线: 未设置
    标准颜色: 未设置
  运行 34: '动态裂隙视网膜检影'
    字体: 未设置
    大小: 未设置
    粗体: 未设置
    斜体: 未设置
    下划线: 未设置
    标准颜色: 未设置
  运行 35: '的原理测量像差，就是同一时间向眼'
    字体: 未设置
    大小: 未设置
    粗体: 未设置
    斜体: 未设置
    下划线: 未设置
    标准颜色: 未设置
  运行 36: '内'
    字体: 未设置
    大小: 未设置
    粗体: 未设置
    斜体: 未设置
    下划线: 未设置
    标准颜色: 未设置
  运行 37: '发射很多光线，由于光线通过不同的屈光介质的时间不同，所以反射回来的时间会有差别，从而计算出全眼、角膜以及眼内的像差。'
    字体: 未设置
    大小: 未设置
    粗体: 未设置
    斜体: 未设置
    下划线: 未设置
    标准颜色: 未设置
  运行 38: 'I'
    字体: 未设置
    大小: 未设置
    粗体: 未设置
    斜体: 未设置
    下划线: 未设置
    标准颜色: 未设置
  运行 39: 'trace'
    字体: 未设置
    大小: 未设置
    粗体: 未设置
    斜体: 未设置
    下划线: 未设置
    标准颜色: 未设置
  运行 40: '是利用光路追踪原理计算光程差，就是发射一个光信号，在接收到这个光线反射回来的信号后，再发射第二个光线。'
    字体: 未设置
    大小: 未设置
    粗体: 未设置
    斜体: 未设置
    下划线: 未设置
    标准颜色: 未设置
  运行 41: 'Pentacam'
    字体: 未设置
    大小: 未设置
    粗体: 未设置
    斜体: 未设置
    下划线: 未设置
    标准颜色: 未设置
  运行 42: '则是利用'
    字体: 未设置
    大小: 未设置
    粗体: 未设置
    斜体: 未设置
    下划线: 未设置
    标准颜色: 未设置
  运行 43: 'Scheimpflug'
    字体: 未设置
    大小: 未设置
    粗体: 未设置
    斜体: 未设置
    下划线: 未设置
    标准颜色: 未设置
  运行 44: ''
    字体: 未设置
    大小: 未设置
    粗体: 未设置
    斜体: 未设置
    下划线: 未设置
    标准颜色: 未设置
  运行 45: '（'
    字体: 未设置
    大小: 未设置
    粗体: 未设置
    斜体: 未设置
    下划线: 未设置
    标准颜色: 未设置
  运行 46: 'Blue'
    字体: 未设置
    大小: 未设置
    粗体: 未设置
    斜体: 未设置
    下划线: 未设置
    标准颜色: 未设置
  运行 47: '）'
    字体: 未设置
    大小: 未设置
    粗体: 未设置
    斜体: 未设置
    下划线: 未设置
    标准颜色: 未设置
  运行 48: '原理计算，就是先通过扫描眼球建立模型，再在该模型上模仿光线进出的时间差来计算。'
    字体: 未设置
    大小: 未设置
    粗体: 未设置
    斜体: 未设置
    下划线: 未设置
    标准颜色: 未设置
  运行 49: '目前主要的竞争对手是广州达美康公司，他们的'
    字体: 未设置
    大小: 未设置
    粗体: 未设置
    斜体: 未设置
    下划线: 未设置
    标准颜色: 未设置
  运行 50: 'Pentacam'
    字体: 未设置
    大小: 未设置
    粗体: 未设置
    斜体: 未设置
    下划线: 未设置
    标准颜色: 未设置
  运行 51: '比'
    字体: 未设置
    大小: 未设置
    粗体: 未设置
    斜体: 未设置
    下划线: 未设置
    标准颜色: 未设置
  运行 52: 'OPD-Scan III'
    字体: 未设置
    大小: 未设置
    粗体: 未设置
    斜体: 未设置
    下划线: 未设置
    标准颜色: 未设置
  运行 53: '具备角膜后表面的数据测量，'
    字体: 未设置
    大小: 未设置
    粗体: 未设置
    斜体: 未设置
    下划线: 未设置
    标准颜色: 未设置
  运行 54: '该'
    字体: 未设置
    大小: 未设置
    粗体: 未设置
    斜体: 未设置
    下划线: 未设置
    标准颜色: 未设置
  运行 55: '公司的市场宣传策略是也可以用于准分子手术的测量计'
    字体: 未设置
    大小: 未设置
    粗体: 未设置
    斜体: 未设置
    下划线: 未设置
    标准颜色: 未设置
  运行 56: '。但真正白内障领域的应用，'
    字体: 未设置
    大小: 未设置
    粗体: 未设置
    斜体: 未设置
    下划线: 未设置
    标准颜色: 未设置
  运行 57: 'OPD-Scan III'
    字体: 未设置
    大小: 未设置
    粗体: 未设置
    斜体: 未设置
    下划线: 未设置
    标准颜色: 未设置
  运行 58: '的优势远大于广州达美康的产品。'
    字体: 未设置
    大小: 未设置
    粗体: 未设置
    斜体: 未设置
    下划线: 未设置
    标准颜色: 未设置

段落 565:
文本内容: 眼底病产品竞争情况
段落样式: Heading 4
从样式获取的格式:
  样式字体: 未设置
  样式字号: 未设置
  样式颜色: 未设置
对齐方式: 未设置
左缩进: 未设置
右缩进: 未设置
首行缩进: 未设置
行间距: 未设置
从XML读取的格式:
  运行 1: '眼底'
    字体: 未设置
    大小: 未设置
    粗体: 未设置
    斜体: 未设置
    下划线: 未设置
    标准颜色: 未设置
  运行 2: '病'
    字体: 未设置
    大小: 未设置
    粗体: 未设置
    斜体: 未设置
    下划线: 未设置
    标准颜色: 未设置
  运行 3: '产品'
    字体: 未设置
    大小: 未设置
    粗体: 未设置
    斜体: 未设置
    下划线: 未设置
    标准颜色: 未设置
  运行 4: '竞争情况'
    字体: 未设置
    大小: 未设置
    粗体: 未设置
    斜体: 未设置
    下划线: 未设置
    标准颜色: 未设置

段落 566:
文本内容: Y公司用于眼底疾病诊疗的设备主要有：眼底照相机、眼科诊断仪、光干涉断层扫描仪、眼科半导体激光光凝仪（绿光532nm）、眼科半导体激光光凝仪（黄577nm）、眼科半导体激光光凝仪（红647nm）多波长激光（绿、黄、红）、微视野视野计等。不同的波段的波长光穿透性不同，可以用于治疗不同的疾病，如图 3-11所示。这里以眼科诊断仪Mirante SLO/OCT为例进行分析。
段落样式: 正文-缩进
从样式获取的格式:
  样式字体: 未设置
  样式字号: 未设置
  样式颜色: 未设置
对齐方式: 未设置
左缩进: 未设置
右缩进: 未设置
首行缩进: 未设置
行间距: 未设置
从XML读取的格式:
  运行 1: 'Y'
    字体: 未设置
    大小: 未设置
    粗体: 未设置
    斜体: 未设置
    下划线: 未设置
    标准颜色: 未设置
  运行 2: '公司用于眼底疾病诊疗的设备主要有：眼底照相机、眼科诊断仪、'
    字体: 未设置
    大小: 未设置
    粗体: 未设置
    斜体: 未设置
    下划线: 未设置
    标准颜色: 未设置
  运行 3: '光干涉断层扫描仪'
    字体: 未设置
    大小: 未设置
    粗体: 未设置
    斜体: 未设置
    下划线: 未设置
    标准颜色: 未设置
  运行 4: '、'
    字体: 未设置
    大小: 未设置
    粗体: 未设置
    斜体: 未设置
    下划线: 未设置
    标准颜色: 未设置
  运行 5: '眼科半导体激光光凝仪'
    字体: 未设置
    大小: 未设置
    粗体: 未设置
    斜体: 未设置
    下划线: 未设置
    标准颜色: 未设置
  运行 6: '（'
    字体: 未设置
    大小: 未设置
    粗体: 未设置
    斜体: 未设置
    下划线: 未设置
    标准颜色: 未设置
  运行 7: '绿'
    字体: 未设置
    大小: 未设置
    粗体: 未设置
    斜体: 未设置
    下划线: 未设置
    标准颜色: 未设置
  运行 8: '光'
    字体: 未设置
    大小: 未设置
    粗体: 未设置
    斜体: 未设置
    下划线: 未设置
    标准颜色: 未设置
  运行 9: '532nm'
    字体: 未设置
    大小: 未设置
    粗体: 未设置
    斜体: 未设置
    下划线: 未设置
    标准颜色: 未设置
  运行 10: '）'
    字体: 未设置
    大小: 未设置
    粗体: 未设置
    斜体: 未设置
    下划线: 未设置
    标准颜色: 未设置
  运行 11: ''
    字体: 未设置
    大小: 未设置
    粗体: 未设置
    斜体: 未设置
    下划线: 未设置
    标准颜色: 未设置
  运行 12: '、'
    字体: 未设置
    大小: 未设置
    粗体: 未设置
    斜体: 未设置
    下划线: 未设置
    标准颜色: 未设置
  运行 13: '眼科半导体激光光凝仪'
    字体: 未设置
    大小: 未设置
    粗体: 未设置
    斜体: 未设置
    下划线: 未设置
    标准颜色: 未设置
  运行 14: '（'
    字体: 未设置
    大小: 未设置
    粗体: 未设置
    斜体: 未设置
    下划线: 未设置
    标准颜色: 未设置
  运行 15: '黄'
    字体: 未设置
    大小: 未设置
    粗体: 未设置
    斜体: 未设置
    下划线: 未设置
    标准颜色: 未设置
  运行 16: '577'
    字体: 未设置
    大小: 未设置
    粗体: 未设置
    斜体: 未设置
    下划线: 未设置
    标准颜色: 未设置
  运行 17: 'nm'
    字体: 未设置
    大小: 未设置
    粗体: 未设置
    斜体: 未设置
    下划线: 未设置
    标准颜色: 未设置
  运行 18: '）'
    字体: 未设置
    大小: 未设置
    粗体: 未设置
    斜体: 未设置
    下划线: 未设置
    标准颜色: 未设置
  运行 19: '、'
    字体: 未设置
    大小: 未设置
    粗体: 未设置
    斜体: 未设置
    下划线: 未设置
    标准颜色: 未设置
  运行 20: '眼科半导体激光光凝仪'
    字体: 未设置
    大小: 未设置
    粗体: 未设置
    斜体: 未设置
    下划线: 未设置
    标准颜色: 未设置
  运行 21: '（'
    字体: 未设置
    大小: 未设置
    粗体: 未设置
    斜体: 未设置
    下划线: 未设置
    标准颜色: 未设置
  运行 22: '红'
    字体: 未设置
    大小: 未设置
    粗体: 未设置
    斜体: 未设置
    下划线: 未设置
    标准颜色: 未设置
  运行 23: '647nm'
    字体: 未设置
    大小: 未设置
    粗体: 未设置
    斜体: 未设置
    下划线: 未设置
    标准颜色: 未设置
  运行 24: '）'
    字体: 未设置
    大小: 未设置
    粗体: 未设置
    斜体: 未设置
    下划线: 未设置
    标准颜色: 未设置
  运行 25: '多波长激光'
    字体: 未设置
    大小: 未设置
    粗体: 未设置
    斜体: 未设置
    下划线: 未设置
    标准颜色: 未设置
  运行 26: '（'
    字体: 未设置
    大小: 未设置
    粗体: 未设置
    斜体: 未设置
    下划线: 未设置
    标准颜色: 未设置
  运行 27: '绿、黄、红'
    字体: 未设置
    大小: 未设置
    粗体: 未设置
    斜体: 未设置
    下划线: 未设置
    标准颜色: 未设置
  运行 28: '）'
    字体: 未设置
    大小: 未设置
    粗体: 未设置
    斜体: 未设置
    下划线: 未设置
    标准颜色: 未设置
  运行 29: '、'
    字体: 未设置
    大小: 未设置
    粗体: 未设置
    斜体: 未设置
    下划线: 未设置
    标准颜色: 未设置
  运行 30: '微视野'
    字体: 未设置
    大小: 未设置
    粗体: 未设置
    斜体: 未设置
    下划线: 未设置
    标准颜色: 未设置
  运行 31: '视野'
    字体: 未设置
    大小: 未设置
    粗体: 未设置
    斜体: 未设置
    下划线: 未设置
    标准颜色: 未设置
  运行 32: '计'
    字体: 未设置
    大小: 未设置
    粗体: 未设置
    斜体: 未设置
    下划线: 未设置
    标准颜色: 未设置
  运行 33: '等。'
    字体: 未设置
    大小: 未设置
    粗体: 未设置
    斜体: 未设置
    下划线: 未设置
    标准颜色: 未设置
  运行 34: '不同的波段的波长光穿透性'
    字体: 未设置
    大小: 未设置
    粗体: 未设置
    斜体: 未设置
    下划线: 未设置
    标准颜色: 未设置
  运行 35: ''
    字体: 未设置
    大小: 未设置
    粗体: 未设置
    斜体: 未设置
    下划线: 未设置
    标准颜色: 未设置
  运行 36: '不同，可以用于治疗不同的疾病，如'
    字体: 未设置
    大小: 未设置
    粗体: 未设置
    斜体: 未设置
    下划线: 未设置
    标准颜色: 未设置
  运行 37: ''
    字体: 未设置
    大小: 未设置
    粗体: 未设置
    斜体: 未设置
    下划线: 未设置
    标准颜色: 未设置
  运行 38: ''
    字体: 未设置
    大小: 未设置
    粗体: 未设置
    斜体: 未设置
    下划线: 未设置
    标准颜色: 未设置
  运行 39: ''
    字体: 未设置
    大小: 未设置
    粗体: 未设置
    斜体: 未设置
    下划线: 未设置
    标准颜色: 未设置
  运行 40: ''
    字体: 未设置
    大小: 未设置
    粗体: 未设置
    斜体: 未设置
    下划线: 未设置
    标准颜色: 未设置
  运行 41: ''
    字体: 未设置
    大小: 未设置
    粗体: 未设置
    斜体: 未设置
    下划线: 未设置
    标准颜色: 未设置
  运行 42: '图'
    字体: 未设置
    大小: 未设置
    粗体: 未设置
    斜体: 未设置
    下划线: 未设置
    标准颜色: 未设置
  运行 43: ' '
    字体: 未设置
    大小: 未设置
    粗体: 未设置
    斜体: 未设置
    下划线: 未设置
    标准颜色: 未设置
  运行 44: '3'
    字体: 未设置
    大小: 未设置
    粗体: 未设置
    斜体: 未设置
    下划线: 未设置
    标准颜色: 未设置
  运行 45: '-'
    字体: 未设置
    大小: 未设置
    粗体: 未设置
    斜体: 未设置
    下划线: 未设置
    标准颜色: 未设置
  运行 46: '11'
    字体: 未设置
    大小: 未设置
    粗体: 未设置
    斜体: 未设置
    下划线: 未设置
    标准颜色: 未设置
  运行 47: ''
    字体: 未设置
    大小: 未设置
    粗体: 未设置
    斜体: 未设置
    下划线: 未设置
    标准颜色: 未设置
  运行 48: '所示。'
    字体: 未设置
    大小: 未设置
    粗体: 未设置
    斜体: 未设置
    下划线: 未设置
    标准颜色: 未设置
  运行 49: '这里以眼科诊断仪'
    字体: 未设置
    大小: 未设置
    粗体: 未设置
    斜体: 未设置
    下划线: 未设置
    标准颜色: 未设置
  运行 50: 'Mirante SLO/OCT'
    字体: 未设置
    大小: 未设置
    粗体: 未设置
    斜体: 未设置
    下划线: 未设置
    标准颜色: 未设置
  运行 51: '为例进行分析。'
    字体: 未设置
    大小: 未设置
    粗体: 未设置
    斜体: 未设置
    下划线: 未设置
    标准颜色: 未设置

段落 569:
文本内容: 图 3-11  不同波长的眼科激光眼底穿透力图
段落样式: Caption
从样式获取的格式:
  样式字体: 未设置
  样式字号: 未设置
  样式颜色: 未设置
对齐方式: 未设置
左缩进: 未设置
右缩进: 未设置
首行缩进: 未设置
行间距: 未设置
从XML读取的格式:
  运行 1: '图'
    字体: 未设置
    大小: 未设置
    粗体: 未设置
    斜体: 未设置
    下划线: 未设置
    标准颜色: 未设置
  运行 2: ' '
    字体: 未设置
    大小: 未设置
    粗体: 未设置
    斜体: 未设置
    下划线: 未设置
    标准颜色: 未设置
  运行 3: ''
    字体: 未设置
    大小: 未设置
    粗体: 未设置
    斜体: 未设置
    下划线: 未设置
    标准颜色: 未设置
  运行 4: ''
    字体: 未设置
    大小: 未设置
    粗体: 未设置
    斜体: 未设置
    下划线: 未设置
    标准颜色: 未设置
  运行 5: ''
    字体: 未设置
    大小: 未设置
    粗体: 未设置
    斜体: 未设置
    下划线: 未设置
    标准颜色: 未设置
  运行 6: ''
    字体: 未设置
    大小: 未设置
    粗体: 未设置
    斜体: 未设置
    下划线: 未设置
    标准颜色: 未设置
  运行 7: ''
    字体: 未设置
    大小: 未设置
    粗体: 未设置
    斜体: 未设置
    下划线: 未设置
    标准颜色: 未设置
  运行 8: '3'
    字体: 未设置
    大小: 未设置
    粗体: 未设置
    斜体: 未设置
    下划线: 未设置
    标准颜色: 未设置
  运行 9: ''
    字体: 未设置
    大小: 未设置
    粗体: 未设置
    斜体: 未设置
    下划线: 未设置
    标准颜色: 未设置
  运行 10: '-'
    字体: 未设置
    大小: 未设置
    粗体: 未设置
    斜体: 未设置
    下划线: 未设置
    标准颜色: 未设置
  运行 11: ''
    字体: 未设置
    大小: 未设置
    粗体: 未设置
    斜体: 未设置
    下划线: 未设置
    标准颜色: 未设置
  运行 12: ''
    字体: 未设置
    大小: 未设置
    粗体: 未设置
    斜体: 未设置
    下划线: 未设置
    标准颜色: 未设置
  运行 13: ''
    字体: 未设置
    大小: 未设置
    粗体: 未设置
    斜体: 未设置
    下划线: 未设置
    标准颜色: 未设置
  运行 14: ''
    字体: 未设置
    大小: 未设置
    粗体: 未设置
    斜体: 未设置
    下划线: 未设置
    标准颜色: 未设置
  运行 15: ''
    字体: 未设置
    大小: 未设置
    粗体: 未设置
    斜体: 未设置
    下划线: 未设置
    标准颜色: 未设置
  运行 16: ''
    字体: 未设置
    大小: 未设置
    粗体: 未设置
    斜体: 未设置
    下划线: 未设置
    标准颜色: 未设置
  运行 17: ''
    字体: 未设置
    大小: 未设置
    粗体: 未设置
    斜体: 未设置
    下划线: 未设置
    标准颜色: 未设置
  运行 18: '11'
    字体: 未设置
    大小: 未设置
    粗体: 未设置
    斜体: 未设置
    下划线: 未设置
    标准颜色: 未设置
  运行 19: ''
    字体: 未设置
    大小: 未设置
    粗体: 未设置
    斜体: 未设置
    下划线: 未设置
    标准颜色: 未设置
  运行 20: '  '
    字体: 未设置
    大小: 未设置
    粗体: 未设置
    斜体: 未设置
    下划线: 未设置
    标准颜色: 未设置
  运行 21: '不同波长'
    字体: 未设置
    大小: 未设置
    粗体: 未设置
    斜体: 未设置
    下划线: 未设置
    标准颜色: 未设置
  运行 22: '的眼科'
    字体: 未设置
    大小: 未设置
    粗体: 未设置
    斜体: 未设置
    下划线: 未设置
    标准颜色: 未设置
  运行 23: '激光眼底穿透力'
    字体: 未设置
    大小: 未设置
    粗体: 未设置
    斜体: 未设置
    下划线: 未设置
    标准颜色: 未设置
  运行 24: '图'
    字体: 未设置
    大小: 未设置
    粗体: 未设置
    斜体: 未设置
    下划线: 未设置
    标准颜色: 未设置

段落 570:
文本内容: 资料来源：作者整理，Y公司内部资料，2024.
段落样式: 图表资料来源
从样式获取的格式:
  样式字体: 未设置
  样式字号: 114300
  样式字号(pt): 9.0
  样式颜色: 未设置
对齐方式: 未设置
左缩进: 未设置
右缩进: 未设置
首行缩进: 未设置
行间距: 未设置
从XML读取的格式:
  运行 1: '资料来源：'
    字体: 未设置
    大小: 未设置
    粗体: 未设置
    斜体: 未设置
    下划线: 未设置
    标准颜色: 未设置
  运行 2: '作者整理，'
    字体: 未设置
    大小: 未设置
    粗体: 未设置
    斜体: 未设置
    下划线: 未设置
    标准颜色: 未设置
  运行 3: 'Y'
    字体: 未设置
    大小: 未设置
    粗体: 未设置
    斜体: 未设置
    下划线: 未设置
    标准颜色: 未设置
  运行 4: '公司内部资料，'
    字体: 未设置
    大小: 未设置
    粗体: 未设置
    斜体: 未设置
    下划线: 未设置
    标准颜色: 未设置
  运行 5: '2'
    字体: 未设置
    大小: 未设置
    粗体: 未设置
    斜体: 未设置
    下划线: 未设置
    标准颜色: 未设置
  运行 6: '02'
    字体: 未设置
    大小: 未设置
    粗体: 未设置
    斜体: 未设置
    下划线: 未设置
    标准颜色: 未设置
  运行 7: '4'
    字体: 未设置
    大小: 未设置
    粗体: 未设置
    斜体: 未设置
    下划线: 未设置
    标准颜色: 未设置
  运行 8: '.'
    字体: 未设置
    大小: 未设置
    粗体: 未设置
    斜体: 未设置
    下划线: 未设置
    标准颜色: 未设置

段落 572:
文本内容: 在产品分析之前，先解释结构医学名词。激光共聚焦扫描检眼镜是一种新型眼底检查仪器，目前已成为眼科检查的重要设备。FA是眼底荧光造影成像；FAF是眼底自发荧光造影成像；ICG是吲哚青绿是一种造影剂；ICGA吲哚青绿血管造影。
段落样式: 正文-缩进
从样式获取的格式:
  样式字体: 未设置
  样式字号: 未设置
  样式颜色: 未设置
对齐方式: 未设置
左缩进: 未设置
右缩进: 未设置
首行缩进: 未设置
行间距: 未设置
从XML读取的格式:
  运行 1: '在产品分析之前，先解释结构医学名词。'
    字体: 未设置
    大小: 未设置
    粗体: 未设置
    斜体: 未设置
    下划线: 未设置
    标准颜色: 未设置
  运行 2: '激光共聚焦扫描检眼镜'
    字体: 未设置
    大小: 未设置
    粗体: 未设置
    斜体: 未设置
    下划线: 未设置
    标准颜色: 未设置
  运行 3: ''
    字体: 未设置
    大小: 未设置
    粗体: 未设置
    斜体: 未设置
    下划线: 未设置
    标准颜色: 未设置
  运行 4: '是一种新型眼底检查仪器，目前已成为眼科检查的重要设备。'
    字体: 未设置
    大小: 未设置
    粗体: 未设置
    斜体: 未设置
    下划线: 未设置
    标准颜色: 未设置
  运行 5: 'FA'
    字体: 未设置
    大小: 未设置
    粗体: 未设置
    斜体: 未设置
    下划线: 未设置
    标准颜色: 未设置
  运行 6: ''
    字体: 未设置
    大小: 未设置
    粗体: 未设置
    斜体: 未设置
    下划线: 未设置
    标准颜色: 未设置
  运行 7: '是'
    字体: 未设置
    大小: 未设置
    粗体: 未设置
    斜体: 未设置
    下划线: 未设置
    标准颜色: 未设置
  运行 8: '眼底荧光造影成像'
    字体: 未设置
    大小: 未设置
    粗体: 未设置
    斜体: 未设置
    下划线: 未设置
    标准颜色: 未设置
  运行 9: '；'
    字体: 未设置
    大小: 未设置
    粗体: 未设置
    斜体: 未设置
    下划线: 未设置
    标准颜色: 未设置
  运行 10: 'FAF'
    字体: 未设置
    大小: 未设置
    粗体: 未设置
    斜体: 未设置
    下划线: 未设置
    标准颜色: 未设置
  运行 11: ''
    字体: 未设置
    大小: 未设置
    粗体: 未设置
    斜体: 未设置
    下划线: 未设置
    标准颜色: 未设置
  运行 12: '是眼底自发荧光'
    字体: 未设置
    大小: 未设置
    粗体: 未设置
    斜体: 未设置
    下划线: 未设置
    标准颜色: 未设置
  运行 13: '造影成像'
    字体: 未设置
    大小: 未设置
    粗体: 未设置
    斜体: 未设置
    下划线: 未设置
    标准颜色: 未设置
  运行 14: '；'
    字体: 未设置
    大小: 未设置
    粗体: 未设置
    斜体: 未设置
    下划线: 未设置
    标准颜色: 未设置
  运行 15: 'ICG'
    字体: 未设置
    大小: 未设置
    粗体: 未设置
    斜体: 未设置
    下划线: 未设置
    标准颜色: 未设置
  运行 16: '是'
    字体: 未设置
    大小: 未设置
    粗体: 未设置
    斜体: 未设置
    下划线: 未设置
    标准颜色: 未设置
  运行 17: '吲哚青绿'
    字体: 未设置
    大小: 未设置
    粗体: 未设置
    斜体: 未设置
    下划线: 未设置
    标准颜色: 未设置
  运行 18: '是一种造影剂；'
    字体: 未设置
    大小: 未设置
    粗体: 未设置
    斜体: 未设置
    下划线: 未设置
    标准颜色: 未设置
  运行 19: 'ICGA'
    字体: 未设置
    大小: 未设置
    粗体: 未设置
    斜体: 未设置
    下划线: 未设置
    标准颜色: 未设置
  运行 20: ''
    字体: 未设置
    大小: 未设置
    粗体: 未设置
    斜体: 未设置
    下划线: 未设置
    标准颜色: 未设置
  运行 21: '吲哚青绿血管造影'
    字体: 未设置
    大小: 未设置
    粗体: 未设置
    斜体: 未设置
    下划线: 未设置
    标准颜色: 未设置
  运行 22: '。'
    字体: 未设置
    大小: 未设置
    粗体: 未设置
    斜体: 未设置
    下划线: 未设置
    标准颜色: 未设置

段落 573:
文本内容: Mirante SLO/OCT具有4个光源的共焦激光扫描检眼镜（cSLO，confocal scanning laser ophthalmoscope），分别是蓝光（488nm）Mono/FA/FAF（视网膜神经纤维层）、绿光（532nm）Mono/FAF（视网膜血管）、红光（670nm）Mono/Fixation（脉络膜）以及红外（790nm）ICG/Retro/IR。具备4K超高分辨率（4096x4096），以及120张叠加cSLO，可以自动增益补偿。可拍摄广角眼底照片（Wide Field）89°，以及超广角眼底照片（Ultra-Wide Field）163°。OCT/OCTA具备85,000 A-Scan/s的扫描频率，扫描范围广，可达广域：16.5mm B-Scan（2048）、16.5mm x 12mm；包含双正常眼数据库（9x9mm）。Mirante SLO/OCT是一台综合以上功能的眼科诊断仪。目前市面上同时具备以上功能的品牌有英国欧堡（OPTOS）、尼德克（NIDEK）、海德堡（Heidelberg）、拓普康（TOPCON）等几家。由于价格的问题，医疗实际的采购过程中很少采购同时具备超广角眼底相机、荧光造影、OCT/OCTA的设备。一般都是单采购超广角眼底相机，或者超广角眼底相机加荧光造影的设备。单超广角眼底相机以欧堡和蔡司的买的较多，超广角眼底相机加荧光造影的设备则以海德堡的买的较多。
段落样式: 正文-缩进
从样式获取的格式:
  样式字体: 未设置
  样式字号: 未设置
  样式颜色: 未设置
对齐方式: 未设置
左缩进: 未设置
右缩进: 未设置
首行缩进: 未设置
行间距: 未设置
从XML读取的格式:
  运行 1: 'Mirante SLO/OCT'
    字体: 未设置
    大小: 未设置
    粗体: 未设置
    斜体: 未设置
    下划线: 未设置
    标准颜色: 未设置
  运行 2: '具有'
    字体: 未设置
    大小: 未设置
    粗体: 未设置
    斜体: 未设置
    下划线: 未设置
    标准颜色: 未设置
  运行 3: '4'
    字体: 未设置
    大小: 未设置
    粗体: 未设置
    斜体: 未设置
    下划线: 未设置
    标准颜色: 未设置
  运行 4: '个光源的共焦激光扫描检眼镜'
    字体: 未设置
    大小: 未设置
    粗体: 未设置
    斜体: 未设置
    下划线: 未设置
    标准颜色: 未设置
  运行 5: '（'
    字体: 未设置
    大小: 未设置
    粗体: 未设置
    斜体: 未设置
    下划线: 未设置
    标准颜色: 未设置
  运行 6: 'cSLO'
    字体: 未设置
    大小: 未设置
    粗体: 未设置
    斜体: 未设置
    下划线: 未设置
    标准颜色: 未设置
  运行 7: '，'
    字体: 未设置
    大小: 未设置
    粗体: 未设置
    斜体: 未设置
    下划线: 未设置
    标准颜色: 未设置
  运行 8: 'confocal scanning laser ophthalmoscop'
    字体: 未设置
    大小: 未设置
    粗体: 未设置
    斜体: 未设置
    下划线: 未设置
    标准颜色: 未设置
  运行 9: 'e'
    字体: 未设置
    大小: 未设置
    粗体: 未设置
    斜体: 未设置
    下划线: 未设置
    标准颜色: 未设置
  运行 10: '）'
    字体: 未设置
    大小: 未设置
    粗体: 未设置
    斜体: 未设置
    下划线: 未设置
    标准颜色: 未设置
  运行 11: '，分别是蓝光'
    字体: 未设置
    大小: 未设置
    粗体: 未设置
    斜体: 未设置
    下划线: 未设置
    标准颜色: 未设置
  运行 12: '（'
    字体: 未设置
    大小: 未设置
    粗体: 未设置
    斜体: 未设置
    下划线: 未设置
    标准颜色: 未设置
  运行 13: '488nm'
    字体: 未设置
    大小: 未设置
    粗体: 未设置
    斜体: 未设置
    下划线: 未设置
    标准颜色: 未设置
  运行 14: '）'
    字体: 未设置
    大小: 未设置
    粗体: 未设置
    斜体: 未设置
    下划线: 未设置
    标准颜色: 未设置
  运行 15: 'Mono/FA/FAF'
    字体: 未设置
    大小: 未设置
    粗体: 未设置
    斜体: 未设置
    下划线: 未设置
    标准颜色: 未设置
  运行 16: '（'
    字体: 未设置
    大小: 未设置
    粗体: 未设置
    斜体: 未设置
    下划线: 未设置
    标准颜色: 未设置
  运行 17: '视网膜神经纤维层'
    字体: 未设置
    大小: 未设置
    粗体: 未设置
    斜体: 未设置
    下划线: 未设置
    标准颜色: 未设置
  运行 18: '）'
    字体: 未设置
    大小: 未设置
    粗体: 未设置
    斜体: 未设置
    下划线: 未设置
    标准颜色: 未设置
  运行 19: '、绿光'
    字体: 未设置
    大小: 未设置
    粗体: 未设置
    斜体: 未设置
    下划线: 未设置
    标准颜色: 未设置
  运行 20: '（'
    字体: 未设置
    大小: 未设置
    粗体: 未设置
    斜体: 未设置
    下划线: 未设置
    标准颜色: 未设置
  运行 21: '532nm'
    字体: 未设置
    大小: 未设置
    粗体: 未设置
    斜体: 未设置
    下划线: 未设置
    标准颜色: 未设置
  运行 22: '）'
    字体: 未设置
    大小: 未设置
    粗体: 未设置
    斜体: 未设置
    下划线: 未设置
    标准颜色: 未设置
  运行 23: 'Mono/FAF'
    字体: 未设置
    大小: 未设置
    粗体: 未设置
    斜体: 未设置
    下划线: 未设置
    标准颜色: 未设置
  运行 24: '（'
    字体: 未设置
    大小: 未设置
    粗体: 未设置
    斜体: 未设置
    下划线: 未设置
    标准颜色: 未设置
  运行 25: '视网膜血管'
    字体: 未设置
    大小: 未设置
    粗体: 未设置
    斜体: 未设置
    下划线: 未设置
    标准颜色: 未设置
  运行 26: '）'
    字体: 未设置
    大小: 未设置
    粗体: 未设置
    斜体: 未设置
    下划线: 未设置
    标准颜色: 未设置
  运行 27: '、红光'
    字体: 未设置
    大小: 未设置
    粗体: 未设置
    斜体: 未设置
    下划线: 未设置
    标准颜色: 未设置
  运行 28: '（'
    字体: 未设置
    大小: 未设置
    粗体: 未设置
    斜体: 未设置
    下划线: 未设置
    标准颜色: 未设置
  运行 29: '670nm'
    字体: 未设置
    大小: 未设置
    粗体: 未设置
    斜体: 未设置
    下划线: 未设置
    标准颜色: 未设置
  运行 30: '）'
    字体: 未设置
    大小: 未设置
    粗体: 未设置
    斜体: 未设置
    下划线: 未设置
    标准颜色: 未设置
  运行 31: 'Mono/Fixation'
    字体: 未设置
    大小: 未设置
    粗体: 未设置
    斜体: 未设置
    下划线: 未设置
    标准颜色: 未设置
  运行 32: '（'
    字体: 未设置
    大小: 未设置
    粗体: 未设置
    斜体: 未设置
    下划线: 未设置
    标准颜色: 未设置
  运行 33: '脉络膜'
    字体: 未设置
    大小: 未设置
    粗体: 未设置
    斜体: 未设置
    下划线: 未设置
    标准颜色: 未设置
  运行 34: '）'
    字体: 未设置
    大小: 未设置
    粗体: 未设置
    斜体: 未设置
    下划线: 未设置
    标准颜色: 未设置
  运行 35: '以及红外'
    字体: 未设置
    大小: 未设置
    粗体: 未设置
    斜体: 未设置
    下划线: 未设置
    标准颜色: 未设置
  运行 36: '（'
    字体: 未设置
    大小: 未设置
    粗体: 未设置
    斜体: 未设置
    下划线: 未设置
    标准颜色: 未设置
  运行 37: '790nm'
    字体: 未设置
    大小: 未设置
    粗体: 未设置
    斜体: 未设置
    下划线: 未设置
    标准颜色: 未设置
  运行 38: '）'
    字体: 未设置
    大小: 未设置
    粗体: 未设置
    斜体: 未设置
    下划线: 未设置
    标准颜色: 未设置
  运行 39: 'ICG/Retro/IR'
    字体: 未设置
    大小: 未设置
    粗体: 未设置
    斜体: 未设置
    下划线: 未设置
    标准颜色: 未设置
  运行 40: '。'
    字体: 未设置
    大小: 未设置
    粗体: 未设置
    斜体: 未设置
    下划线: 未设置
    标准颜色: 未设置
  运行 41: '具备'
    字体: 未设置
    大小: 未设置
    粗体: 未设置
    斜体: 未设置
    下划线: 未设置
    标准颜色: 未设置
  运行 42: '4K'
    字体: 未设置
    大小: 未设置
    粗体: 未设置
    斜体: 未设置
    下划线: 未设置
    标准颜色: 未设置
  运行 43: '超高分辨率'
    字体: 未设置
    大小: 未设置
    粗体: 未设置
    斜体: 未设置
    下划线: 未设置
    标准颜色: 未设置
  运行 44: '（'
    字体: 未设置
    大小: 未设置
    粗体: 未设置
    斜体: 未设置
    下划线: 未设置
    标准颜色: 未设置
  运行 45: '4096x4096'
    字体: 未设置
    大小: 未设置
    粗体: 未设置
    斜体: 未设置
    下划线: 未设置
    标准颜色: 未设置
  运行 46: '）'
    字体: 未设置
    大小: 未设置
    粗体: 未设置
    斜体: 未设置
    下划线: 未设置
    标准颜色: 未设置
  运行 47: '，以及'
    字体: 未设置
    大小: 未设置
    粗体: 未设置
    斜体: 未设置
    下划线: 未设置
    标准颜色: 未设置
  运行 48: '120'
    字体: 未设置
    大小: 未设置
    粗体: 未设置
    斜体: 未设置
    下划线: 未设置
    标准颜色: 未设置
  运行 49: '张叠加'
    字体: 未设置
    大小: 未设置
    粗体: 未设置
    斜体: 未设置
    下划线: 未设置
    标准颜色: 未设置
  运行 50: 'cSL'
    字体: 未设置
    大小: 未设置
    粗体: 未设置
    斜体: 未设置
    下划线: 未设置
    标准颜色: 未设置
  运行 51: 'O'
    字体: 未设置
    大小: 未设置
    粗体: 未设置
    斜体: 未设置
    下划线: 未设置
    标准颜色: 未设置
  运行 52: '，'
    字体: 未设置
    大小: 未设置
    粗体: 未设置
    斜体: 未设置
    下划线: 未设置
    标准颜色: 未设置
  运行 53: '可以'
    字体: 未设置
    大小: 未设置
    粗体: 未设置
    斜体: 未设置
    下划线: 未设置
    标准颜色: 未设置
  运行 54: '自动增益补偿'
    字体: 未设置
    大小: 未设置
    粗体: 未设置
    斜体: 未设置
    下划线: 未设置
    标准颜色: 未设置
  运行 55: '。可拍摄'
    字体: 未设置
    大小: 未设置
    粗体: 未设置
    斜体: 未设置
    下划线: 未设置
    标准颜色: 未设置
  运行 56: '广角'
    字体: 未设置
    大小: 未设置
    粗体: 未设置
    斜体: 未设置
    下划线: 未设置
    标准颜色: 未设置
  运行 57: '眼底照片'
    字体: 未设置
    大小: 未设置
    粗体: 未设置
    斜体: 未设置
    下划线: 未设置
    标准颜色: 未设置
  运行 58: '（'
    字体: 未设置
    大小: 未设置
    粗体: 未设置
    斜体: 未设置
    下划线: 未设置
    标准颜色: 未设置
  运行 59: 'Wide Field'
    字体: 未设置
    大小: 未设置
    粗体: 未设置
    斜体: 未设置
    下划线: 未设置
    标准颜色: 未设置
  运行 60: '）'
    字体: 未设置
    大小: 未设置
    粗体: 未设置
    斜体: 未设置
    下划线: 未设置
    标准颜色: 未设置
  运行 61: '89'
    字体: 未设置
    大小: 未设置
    粗体: 未设置
    斜体: 未设置
    下划线: 未设置
    标准颜色: 未设置
  运行 62: '°'
    字体: 未设置
    大小: 未设置
    粗体: 未设置
    斜体: 未设置
    下划线: 未设置
    标准颜色: 未设置
  运行 63: '，以及超广角眼底照片'
    字体: 未设置
    大小: 未设置
    粗体: 未设置
    斜体: 未设置
    下划线: 未设置
    标准颜色: 未设置
  运行 64: '（'
    字体: 未设置
    大小: 未设置
    粗体: 未设置
    斜体: 未设置
    下划线: 未设置
    标准颜色: 未设置
  运行 65: 'Ultra-Wide'
    字体: 未设置
    大小: 未设置
    粗体: 未设置
    斜体: 未设置
    下划线: 未设置
    标准颜色: 未设置
  运行 66: ' Field'
    字体: 未设置
    大小: 未设置
    粗体: 未设置
    斜体: 未设置
    下划线: 未设置
    标准颜色: 未设置
  运行 67: '）'
    字体: 未设置
    大小: 未设置
    粗体: 未设置
    斜体: 未设置
    下划线: 未设置
    标准颜色: 未设置
  运行 68: '163'
    字体: 未设置
    大小: 未设置
    粗体: 未设置
    斜体: 未设置
    下划线: 未设置
    标准颜色: 未设置
  运行 69: '°'
    字体: 未设置
    大小: 未设置
    粗体: 未设置
    斜体: 未设置
    下划线: 未设置
    标准颜色: 未设置
  运行 70: '。'
    字体: 未设置
    大小: 未设置
    粗体: 未设置
    斜体: 未设置
    下划线: 未设置
    标准颜色: 未设置
  运行 71: 'OCT/OCTA'
    字体: 未设置
    大小: 未设置
    粗体: 未设置
    斜体: 未设置
    下划线: 未设置
    标准颜色: 未设置
  运行 72: '具备'
    字体: 未设置
    大小: 未设置
    粗体: 未设置
    斜体: 未设置
    下划线: 未设置
    标准颜色: 未设置
  运行 73: '85,000 A-Scan/s'
    字体: 未设置
    大小: 未设置
    粗体: 未设置
    斜体: 未设置
    下划线: 未设置
    标准颜色: 未设置
  运行 74: '的扫描频率，'
    字体: 未设置
    大小: 未设置
    粗体: 未设置
    斜体: 未设置
    下划线: 未设置
    标准颜色: 未设置
  运行 75: '扫描范围广，可达'
    字体: 未设置
    大小: 未设置
    粗体: 未设置
    斜体: 未设置
    下划线: 未设置
    标准颜色: 未设置
  运行 76: '广域：'
    字体: 未设置
    大小: 未设置
    粗体: 未设置
    斜体: 未设置
    下划线: 未设置
    标准颜色: 未设置
  运行 77: '16.5mm B-Scan'
    字体: 未设置
    大小: 未设置
    粗体: 未设置
    斜体: 未设置
    下划线: 未设置
    标准颜色: 未设置
  运行 78: '（'
    字体: 未设置
    大小: 未设置
    粗体: 未设置
    斜体: 未设置
    下划线: 未设置
    标准颜色: 未设置
  运行 79: '2048'
    字体: 未设置
    大小: 未设置
    粗体: 未设置
    斜体: 未设置
    下划线: 未设置
    标准颜色: 未设置
  运行 80: '）'
    字体: 未设置
    大小: 未设置
    粗体: 未设置
    斜体: 未设置
    下划线: 未设置
    标准颜色: 未设置
  运行 81: '、'
    字体: 未设置
    大小: 未设置
    粗体: 未设置
    斜体: 未设置
    下划线: 未设置
    标准颜色: 未设置
  运行 82: '16.5mm x 12mm'
    字体: 未设置
    大小: 未设置
    粗体: 未设置
    斜体: 未设置
    下划线: 未设置
    标准颜色: 未设置
  运行 83: '；包含'
    字体: 未设置
    大小: 未设置
    粗体: 未设置
    斜体: 未设置
    下划线: 未设置
    标准颜色: 未设置
  运行 84: '双正常眼数据库'
    字体: 未设置
    大小: 未设置
    粗体: 未设置
    斜体: 未设置
    下划线: 未设置
    标准颜色: 未设置
  运行 85: '（'
    字体: 未设置
    大小: 未设置
    粗体: 未设置
    斜体: 未设置
    下划线: 未设置
    标准颜色: 未设置
  运行 86: '9x9mm'
    字体: 未设置
    大小: 未设置
    粗体: 未设置
    斜体: 未设置
    下划线: 未设置
    标准颜色: 未设置
  运行 87: '）'
    字体: 未设置
    大小: 未设置
    粗体: 未设置
    斜体: 未设置
    下划线: 未设置
    标准颜色: 未设置
  运行 88: '。'
    字体: 未设置
    大小: 未设置
    粗体: 未设置
    斜体: 未设置
    下划线: 未设置
    标准颜色: 未设置
  运行 89: 'Mirante SLO/OCT'
    字体: 未设置
    大小: 未设置
    粗体: 未设置
    斜体: 未设置
    下划线: 未设置
    标准颜色: 未设置
  运行 90: '是一台综合以上功能的眼科诊断仪。'
    字体: 未设置
    大小: 未设置
    粗体: 未设置
    斜体: 未设置
    下划线: 未设置
    标准颜色: 未设置
  运行 91: '目前市面上'
    字体: 未设置
    大小: 未设置
    粗体: 未设置
    斜体: 未设置
    下划线: 未设置
    标准颜色: 未设置
  运行 92: '同时具备以上功能的品牌有'
    字体: 未设置
    大小: 未设置
    粗体: 未设置
    斜体: 未设置
    下划线: 未设置
    标准颜色: 未设置
  运行 93: '英国欧堡'
    字体: 未设置
    大小: 未设置
    粗体: 未设置
    斜体: 未设置
    下划线: 未设置
    标准颜色: 未设置
  运行 94: '（'
    字体: 未设置
    大小: 未设置
    粗体: 未设置
    斜体: 未设置
    下划线: 未设置
    标准颜色: 未设置
  运行 95: 'OPTOS'
    字体: 未设置
    大小: 未设置
    粗体: 未设置
    斜体: 未设置
    下划线: 未设置
    标准颜色: 未设置
  运行 96: '）'
    字体: 未设置
    大小: 未设置
    粗体: 未设置
    斜体: 未设置
    下划线: 未设置
    标准颜色: 未设置
  运行 97: '、'
    字体: 未设置
    大小: 未设置
    粗体: 未设置
    斜体: 未设置
    下划线: 未设置
    标准颜色: 未设置
  运行 98: '尼德克'
    字体: 未设置
    大小: 未设置
    粗体: 未设置
    斜体: 未设置
    下划线: 未设置
    标准颜色: 未设置
  运行 99: '（'
    字体: 未设置
    大小: 未设置
    粗体: 未设置
    斜体: 未设置
    下划线: 未设置
    标准颜色: 未设置
  运行 100: 'NIDEK'
    字体: 未设置
    大小: 未设置
    粗体: 未设置
    斜体: 未设置
    下划线: 未设置
    标准颜色: 未设置
  运行 101: '）'
    字体: 未设置
    大小: 未设置
    粗体: 未设置
    斜体: 未设置
    下划线: 未设置
    标准颜色: 未设置
  运行 102: '、'
    字体: 未设置
    大小: 未设置
    粗体: 未设置
    斜体: 未设置
    下划线: 未设置
    标准颜色: 未设置
  运行 103: '海德堡'
    字体: 未设置
    大小: 未设置
    粗体: 未设置
    斜体: 未设置
    下划线: 未设置
    标准颜色: 未设置
  运行 104: '（'
    字体: 未设置
    大小: 未设置
    粗体: 未设置
    斜体: 未设置
    下划线: 未设置
    标准颜色: 未设置
  运行 105: 'Heidelberg'
    字体: 未设置
    大小: 未设置
    粗体: 未设置
    斜体: 未设置
    下划线: 未设置
    标准颜色: 未设置
  运行 106: '）'
    字体: 未设置
    大小: 未设置
    粗体: 未设置
    斜体: 未设置
    下划线: 未设置
    标准颜色: 未设置
  运行 107: '、拓普康'
    字体: 未设置
    大小: 未设置
    粗体: 未设置
    斜体: 未设置
    下划线: 未设置
    标准颜色: 未设置
  运行 108: '（'
    字体: 未设置
    大小: 未设置
    粗体: 未设置
    斜体: 未设置
    下划线: 未设置
    标准颜色: 未设置
  运行 109: 'TOPCON'
    字体: 未设置
    大小: 未设置
    粗体: 未设置
    斜体: 未设置
    下划线: 未设置
    标准颜色: 未设置
  运行 110: '）'
    字体: 未设置
    大小: 未设置
    粗体: 未设置
    斜体: 未设置
    下划线: 未设置
    标准颜色: 未设置
  运行 111: '等几家'
    字体: 未设置
    大小: 未设置
    粗体: 未设置
    斜体: 未设置
    下划线: 未设置
    标准颜色: 未设置
  运行 112: '。'
    字体: 未设置
    大小: 未设置
    粗体: 未设置
    斜体: 未设置
    下划线: 未设置
    标准颜色: 未设置
  运行 113: '由于价格的问题，医疗实际的采购过程中很少采购同时具备超广角眼底相机、荧光造影、'
    字体: 未设置
    大小: 未设置
    粗体: 未设置
    斜体: 未设置
    下划线: 未设置
    标准颜色: 未设置
  运行 114: 'OCT/OCTA'
    字体: 未设置
    大小: 未设置
    粗体: 未设置
    斜体: 未设置
    下划线: 未设置
    标准颜色: 未设置
  运行 115: '的设备。一般都是单采购超广角眼底相机，或者超广角眼底相机加荧光造影的设备。单超广角眼底相机以欧堡和蔡司的买的较多，'
    字体: 未设置
    大小: 未设置
    粗体: 未设置
    斜体: 未设置
    下划线: 未设置
    标准颜色: 未设置
  运行 116: '超广角眼底相机加荧光造影的设备则以海德堡的买的较多。'
    字体: 未设置
    大小: 未设置
    粗体: 未设置
    斜体: 未设置
    下划线: 未设置
    标准颜色: 未设置

段落 574:
文本内容: 眼科诊断治疗涉及由七个主要的亚专科，包括眼底病，白内障、青光眼、屈光不正、视光、眼表以及小儿眼科，本文选取门诊量最大的三个专科进行分析，分别是视光、白内障、眼底病，为了深入理解这些领域的市场和产品情况，根据行业领先公司的产品结构，如表 3-5所示。
段落样式: 正文-缩进
从样式获取的格式:
  样式字体: 未设置
  样式字号: 未设置
  样式颜色: 未设置
对齐方式: 未设置
左缩进: 未设置
右缩进: 未设置
首行缩进: 未设置
行间距: 未设置
从XML读取的格式:
  运行 1: '眼科诊断治疗'
    字体: 未设置
    大小: 未设置
    粗体: 未设置
    斜体: 未设置
    下划线: 未设置
    标准颜色: 未设置
  运行 2: '涉及'
    字体: 未设置
    大小: 未设置
    粗体: 未设置
    斜体: 未设置
    下划线: 未设置
    标准颜色: 未设置
  运行 3: '由七个主要的亚专科'
    字体: 未设置
    大小: 未设置
    粗体: 未设置
    斜体: 未设置
    下划线: 未设置
    标准颜色: 未设置
  运行 4: '，包括眼底病，白内障、青光眼、屈光不正、视光、眼表以及小儿眼科，本文选取门诊量最大的三个专科进行分析，分别是视光、白内障、眼底病，'
    字体: 未设置
    大小: 未设置
    粗体: 未设置
    斜体: 未设置
    下划线: 未设置
    标准颜色: 未设置
  运行 5: '为了深入理解这些领域的市场和产品情况，根据行业领先公司的产品结构'
    字体: 未设置
    大小: 未设置
    粗体: 未设置
    斜体: 未设置
    下划线: 未设置
    标准颜色: 未设置
  运行 6: '，如'
    字体: 未设置
    大小: 未设置
    粗体: 未设置
    斜体: 未设置
    下划线: 未设置
    标准颜色: 未设置
  运行 7: ''
    字体: 未设置
    大小: 未设置
    粗体: 未设置
    斜体: 未设置
    下划线: 未设置
    标准颜色: 未设置
  运行 8: ''
    字体: 未设置
    大小: 未设置
    粗体: 未设置
    斜体: 未设置
    下划线: 未设置
    标准颜色: 未设置
  运行 9: ''
    字体: 未设置
    大小: 未设置
    粗体: 未设置
    斜体: 未设置
    下划线: 未设置
    标准颜色: 未设置
  运行 10: ''
    字体: 未设置
    大小: 未设置
    粗体: 未设置
    斜体: 未设置
    下划线: 未设置
    标准颜色: 未设置
  运行 11: ''
    字体: 未设置
    大小: 未设置
    粗体: 未设置
    斜体: 未设置
    下划线: 未设置
    标准颜色: 未设置
  运行 12: '表'
    字体: 未设置
    大小: 未设置
    粗体: 未设置
    斜体: 未设置
    下划线: 未设置
    标准颜色: 未设置
  运行 13: ' '
    字体: 未设置
    大小: 未设置
    粗体: 未设置
    斜体: 未设置
    下划线: 未设置
    标准颜色: 未设置
  运行 14: '3'
    字体: 未设置
    大小: 未设置
    粗体: 未设置
    斜体: 未设置
    下划线: 未设置
    标准颜色: 未设置
  运行 15: '-'
    字体: 未设置
    大小: 未设置
    粗体: 未设置
    斜体: 未设置
    下划线: 未设置
    标准颜色: 未设置
  运行 16: '5'
    字体: 未设置
    大小: 未设置
    粗体: 未设置
    斜体: 未设置
    下划线: 未设置
    标准颜色: 未设置
  运行 17: ''
    字体: 未设置
    大小: 未设置
    粗体: 未设置
    斜体: 未设置
    下划线: 未设置
    标准颜色: 未设置
  运行 18: '所示'
    字体: 未设置
    大小: 未设置
    粗体: 未设置
    斜体: 未设置
    下划线: 未设置
    标准颜色: 未设置
  运行 19: '。'
    字体: 未设置
    大小: 未设置
    粗体: 未设置
    斜体: 未设置
    下划线: 未设置
    标准颜色: 未设置

段落 576:
文本内容: 表 3-5　2021年中国眼科医疗器械竞争格局
段落样式: Caption
从样式获取的格式:
  样式字体: 未设置
  样式字号: 未设置
  样式颜色: 未设置
对齐方式: 未设置
左缩进: 未设置
右缩进: 未设置
首行缩进: 未设置
行间距: 未设置
从XML读取的格式:
  运行 1: '表'
    字体: 未设置
    大小: 未设置
    粗体: 未设置
    斜体: 未设置
    下划线: 未设置
    标准颜色: 未设置
  运行 2: ' '
    字体: 未设置
    大小: 未设置
    粗体: 未设置
    斜体: 未设置
    下划线: 未设置
    标准颜色: 未设置
  运行 3: ''
    字体: 未设置
    大小: 未设置
    粗体: 未设置
    斜体: 未设置
    下划线: 未设置
    标准颜色: 未设置
  运行 4: ''
    字体: 未设置
    大小: 未设置
    粗体: 未设置
    斜体: 未设置
    下划线: 未设置
    标准颜色: 未设置
  运行 5: ''
    字体: 未设置
    大小: 未设置
    粗体: 未设置
    斜体: 未设置
    下划线: 未设置
    标准颜色: 未设置
  运行 6: ''
    字体: 未设置
    大小: 未设置
    粗体: 未设置
    斜体: 未设置
    下划线: 未设置
    标准颜色: 未设置
  运行 7: ''
    字体: 未设置
    大小: 未设置
    粗体: 未设置
    斜体: 未设置
    下划线: 未设置
    标准颜色: 未设置
  运行 8: '3'
    字体: 未设置
    大小: 未设置
    粗体: 未设置
    斜体: 未设置
    下划线: 未设置
    标准颜色: 未设置
  运行 9: ''
    字体: 未设置
    大小: 未设置
    粗体: 未设置
    斜体: 未设置
    下划线: 未设置
    标准颜色: 未设置
  运行 10: '-'
    字体: 未设置
    大小: 未设置
    粗体: 未设置
    斜体: 未设置
    下划线: 未设置
    标准颜色: 未设置
  运行 11: ''
    字体: 未设置
    大小: 未设置
    粗体: 未设置
    斜体: 未设置
    下划线: 未设置
    标准颜色: 未设置
  运行 12: ''
    字体: 未设置
    大小: 未设置
    粗体: 未设置
    斜体: 未设置
    下划线: 未设置
    标准颜色: 未设置
  运行 13: ''
    字体: 未设置
    大小: 未设置
    粗体: 未设置
    斜体: 未设置
    下划线: 未设置
    标准颜色: 未设置
  运行 14: ''
    字体: 未设置
    大小: 未设置
    粗体: 未设置
    斜体: 未设置
    下划线: 未设置
    标准颜色: 未设置
  运行 15: ''
    字体: 未设置
    大小: 未设置
    粗体: 未设置
    斜体: 未设置
    下划线: 未设置
    标准颜色: 未设置
  运行 16: ''
    字体: 未设置
    大小: 未设置
    粗体: 未设置
    斜体: 未设置
    下划线: 未设置
    标准颜色: 未设置
  运行 17: ''
    字体: 未设置
    大小: 未设置
    粗体: 未设置
    斜体: 未设置
    下划线: 未设置
    标准颜色: 未设置
  运行 18: '5'
    字体: 未设置
    大小: 未设置
    粗体: 未设置
    斜体: 未设置
    下划线: 未设置
    标准颜色: 未设置
  运行 19: ''
    字体: 未设置
    大小: 未设置
    粗体: 未设置
    斜体: 未设置
    下划线: 未设置
    标准颜色: 未设置
  运行 20: '　'
    字体: 未设置
    大小: 未设置
    粗体: 未设置
    斜体: 未设置
    下划线: 未设置
    标准颜色: 未设置
  运行 21: '2021'
    字体: 未设置
    大小: 未设置
    粗体: 未设置
    斜体: 未设置
    下划线: 未设置
    标准颜色: 未设置
  运行 22: '年'
    字体: 未设置
    大小: 未设置
    粗体: 未设置
    斜体: 未设置
    下划线: 未设置
    标准颜色: 未设置
  运行 23: '中国眼科医疗器械竞争格局'
    字体: 未设置
    大小: 未设置
    粗体: 未设置
    斜体: 未设置
    下划线: 未设置
    标准颜色: 未设置

段落 577:
文本内容: 资料来源：作者整理，弗若斯特沙利分析，2024.
段落样式: 图表资料来源
从样式获取的格式:
  样式字体: 未设置
  样式字号: 114300
  样式字号(pt): 9.0
  样式颜色: 未设置
对齐方式: 未设置
左缩进: 未设置
右缩进: 未设置
首行缩进: 未设置
行间距: 未设置
从XML读取的格式:
  运行 1: '资料来源'
    字体: 未设置
    大小: 未设置
    粗体: 未设置
    斜体: 未设置
    下划线: 未设置
    标准颜色: 未设置
  运行 2: '：'
    字体: 未设置
    大小: 未设置
    粗体: 未设置
    斜体: 未设置
    下划线: 未设置
    标准颜色: 未设置
  运行 3: '作者整理，'
    字体: 未设置
    大小: 未设置
    粗体: 未设置
    斜体: 未设置
    下划线: 未设置
    标准颜色: 未设置
  运行 4: '弗若斯特沙利'
    字体: 未设置
    大小: 未设置
    粗体: 未设置
    斜体: 未设置
    下划线: 未设置
    标准颜色: 未设置
  运行 5: '分析'
    字体: 未设置
    大小: 未设置
    粗体: 未设置
    斜体: 未设置
    下划线: 未设置
    标准颜色: 未设置
  运行 6: '，'
    字体: 未设置
    大小: 未设置
    粗体: 未设置
    斜体: 未设置
    下划线: 未设置
    标准颜色: 未设置
  运行 7: '20'
    字体: 未设置
    大小: 未设置
    粗体: 未设置
    斜体: 未设置
    下划线: 未设置
    标准颜色: 未设置
  运行 8: '2'
    字体: 未设置
    大小: 未设置
    粗体: 未设置
    斜体: 未设置
    下划线: 未设置
    标准颜色: 未设置
  运行 9: '4'
    字体: 未设置
    大小: 未设置
    粗体: 未设置
    斜体: 未设置
    下划线: 未设置
    标准颜色: 未设置
  运行 10: '.'
    字体: 未设置
    大小: 未设置
    粗体: 未设置
    斜体: 未设置
    下划线: 未设置
    标准颜色: 未设置

段落 579:
文本内容: 蔡司公司是一家在德国法兰克福证券交易所上市的德国公司，该公司一直专注于眼科及显微镜外科的医疗科技公司。该公司的产品主要覆盖白内障、眼底病、青光眼、屈光不正的诊断和治疗。2021年该公司以总收入在中国眼科医疗器械市场（不包括隐形眼镜及护理液）占据22.5%的市场份额，排名第一。
段落样式: 正文-缩进
从样式获取的格式:
  样式字体: 未设置
  样式字号: 未设置
  样式颜色: 未设置
对齐方式: 未设置
左缩进: 未设置
右缩进: 未设置
首行缩进: 未设置
行间距: 未设置
从XML读取的格式:
  运行 1: '蔡司公司是一家在德国法兰克福证券交易所上市的德国公司，该公司一直专注于眼科及显微镜外科的医疗科技公司。该公司的产品主要覆盖白内障、眼底病、青光眼、屈光不正的诊断和治疗。'
    字体: 未设置
    大小: 未设置
    粗体: 未设置
    斜体: 未设置
    下划线: 未设置
    标准颜色: 未设置
  运行 2: '2021'
    字体: 未设置
    大小: 未设置
    粗体: 未设置
    斜体: 未设置
    下划线: 未设置
    标准颜色: 未设置
  运行 3: '年该公司以总收入在中国眼科医疗器械市场'
    字体: 未设置
    大小: 未设置
    粗体: 未设置
    斜体: 未设置
    下划线: 未设置
    标准颜色: 未设置
  运行 4: '（'
    字体: 未设置
    大小: 未设置
    粗体: 未设置
    斜体: 未设置
    下划线: 未设置
    标准颜色: 未设置
  运行 5: '不包括隐形眼镜及护理液'
    字体: 未设置
    大小: 未设置
    粗体: 未设置
    斜体: 未设置
    下划线: 未设置
    标准颜色: 未设置
  运行 6: '）'
    字体: 未设置
    大小: 未设置
    粗体: 未设置
    斜体: 未设置
    下划线: 未设置
    标准颜色: 未设置
  运行 7: '占据'
    字体: 未设置
    大小: 未设置
    粗体: 未设置
    斜体: 未设置
    下划线: 未设置
    标准颜色: 未设置
  运行 8: '22.5%'
    字体: 未设置
    大小: 未设置
    粗体: 未设置
    斜体: 未设置
    下划线: 未设置
    标准颜色: 未设置
  运行 9: '的市场份额，排名第一。'
    字体: 未设置
    大小: 未设置
    粗体: 未设置
    斜体: 未设置
    下划线: 未设置
    标准颜色: 未设置

段落 580:
文本内容: 爱尔康是一家在纽约证劵交易所上市的瑞士医疗公司，其产品主要包括外科手术产品及视力保健产品。其外科手术包括白内障、眼底视网膜和屈光手术器械，以及人工晶体。其视力保健产品包括隐形眼镜及综合眼部保健产品，爱尔康2021年以总收入在中国眼科医疗器械市场（不包括隐形眼镜及护理液）占据13.6%的市场份额，排名第二。
段落样式: 正文-缩进
从样式获取的格式:
  样式字体: 未设置
  样式字号: 未设置
  样式颜色: 未设置
对齐方式: 未设置
左缩进: 未设置
右缩进: 未设置
首行缩进: 未设置
行间距: 未设置
从XML读取的格式:
  运行 1: '爱尔康是一家在纽约证劵交易所上市的瑞士医疗公司，其产品主要包括外科手术产品及视力保健产品。其外科手术包括白内障、眼底视网膜和屈光手术器械，以及人工晶体。其视力保健产品包括隐形眼镜及综合眼部保健产品，爱尔康'
    字体: 未设置
    大小: 未设置
    粗体: 未设置
    斜体: 未设置
    下划线: 未设置
    标准颜色: 未设置
  运行 2: '2021'
    字体: 未设置
    大小: 未设置
    粗体: 未设置
    斜体: 未设置
    下划线: 未设置
    标准颜色: 未设置
  运行 3: '年以总收入在中国眼科医疗器械市场'
    字体: 未设置
    大小: 未设置
    粗体: 未设置
    斜体: 未设置
    下划线: 未设置
    标准颜色: 未设置
  运行 4: '（'
    字体: 未设置
    大小: 未设置
    粗体: 未设置
    斜体: 未设置
    下划线: 未设置
    标准颜色: 未设置
  运行 5: '不包括隐形眼镜及护理液'
    字体: 未设置
    大小: 未设置
    粗体: 未设置
    斜体: 未设置
    下划线: 未设置
    标准颜色: 未设置
  运行 6: '）'
    字体: 未设置
    大小: 未设置
    粗体: 未设置
    斜体: 未设置
    下划线: 未设置
    标准颜色: 未设置
  运行 7: '占据'
    字体: 未设置
    大小: 未设置
    粗体: 未设置
    斜体: 未设置
    下划线: 未设置
    标准颜色: 未设置
  运行 8: '13.6%'
    字体: 未设置
    大小: 未设置
    粗体: 未设置
    斜体: 未设置
    下划线: 未设置
    标准颜色: 未设置
  运行 9: '的市场份额，排名第二。'
    字体: 未设置
    大小: 未设置
    粗体: 未设置
    斜体: 未设置
    下划线: 未设置
    标准颜色: 未设置

段落 581:
文本内容: 强生视力健是一家在纽约证劵交易所上市的美国只要公司的附属公司。该公司提供人工晶体、白内障及屈光手术产品、激光视觉矫正系统、超声乳化治疗仪等。该公司2021年以总收入占中国眼科医疗器械市场（不包括隐形眼镜及护理液）的10.3%市场份额，排名第三。
段落样式: 正文-缩进
从样式获取的格式:
  样式字体: 未设置
  样式字号: 未设置
  样式颜色: 未设置
对齐方式: 未设置
左缩进: 未设置
右缩进: 未设置
首行缩进: 未设置
行间距: 未设置
从XML读取的格式:
  运行 1: '强生视力健是一家'
    字体: 未设置
    大小: 未设置
    粗体: 未设置
    斜体: 未设置
    下划线: 未设置
    标准颜色: 未设置
  运行 2: '在纽约证劵交易所上市的美国只要公司的附属公司。该公司提供人工晶体、白内障及屈光手术产品、激光视觉矫正系统、超声乳化治疗仪等。该公司'
    字体: 未设置
    大小: 未设置
    粗体: 未设置
    斜体: 未设置
    下划线: 未设置
    标准颜色: 未设置
  运行 3: '2021'
    字体: 未设置
    大小: 未设置
    粗体: 未设置
    斜体: 未设置
    下划线: 未设置
    标准颜色: 未设置
  运行 4: '年以总收入'
    字体: 未设置
    大小: 未设置
    粗体: 未设置
    斜体: 未设置
    下划线: 未设置
    标准颜色: 未设置
  运行 5: '占中国眼科医疗器械市场'
    字体: 未设置
    大小: 未设置
    粗体: 未设置
    斜体: 未设置
    下划线: 未设置
    标准颜色: 未设置
  运行 6: '（'
    字体: 未设置
    大小: 未设置
    粗体: 未设置
    斜体: 未设置
    下划线: 未设置
    标准颜色: 未设置
  运行 7: '不包括隐形眼镜及护理液'
    字体: 未设置
    大小: 未设置
    粗体: 未设置
    斜体: 未设置
    下划线: 未设置
    标准颜色: 未设置
  运行 8: '）'
    字体: 未设置
    大小: 未设置
    粗体: 未设置
    斜体: 未设置
    下划线: 未设置
    标准颜色: 未设置
  运行 9: '的'
    字体: 未设置
    大小: 未设置
    粗体: 未设置
    斜体: 未设置
    下划线: 未设置
    标准颜色: 未设置
  运行 10: '10.3'
    字体: 未设置
    大小: 未设置
    粗体: 未设置
    斜体: 未设置
    下划线: 未设置
    标准颜色: 未设置
  运行 11: '%'
    字体: 未设置
    大小: 未设置
    粗体: 未设置
    斜体: 未设置
    下划线: 未设置
    标准颜色: 未设置
  运行 12: '市场份额，排名第'
    字体: 未设置
    大小: 未设置
    粗体: 未设置
    斜体: 未设置
    下划线: 未设置
    标准颜色: 未设置
  运行 13: '三'
    字体: 未设置
    大小: 未设置
    粗体: 未设置
    斜体: 未设置
    下划线: 未设置
    标准颜色: 未设置
  运行 14: '。'
    字体: 未设置
    大小: 未设置
    粗体: 未设置
    斜体: 未设置
    下划线: 未设置
    标准颜色: 未设置

段落 582:
文本内容: 博士伦为一家在纽约证劵交易所上市的加拿大公司。该公司提供眼科健康产品及服务，包括隐形眼镜、镜片护理产品、人工晶体、其他眼部手术产品及药物。博士伦2021年以总收入占中国眼科医疗器械市场（不包括隐形眼镜及护理液）的2.9%市场份额，排名第八。
段落样式: 正文-缩进
从样式获取的格式:
  样式字体: 未设置
  样式字号: 未设置
  样式颜色: 未设置
对齐方式: 未设置
左缩进: 未设置
右缩进: 未设置
首行缩进: 未设置
行间距: 未设置
从XML读取的格式:
  运行 1: '博士伦为一家在纽约证劵交易所上市的加拿大公司。该公司提供眼科健康产品及服务，包括隐形眼镜、镜片护理产品、人工晶体、其他眼部手术产品及药物。博士伦'
    字体: 未设置
    大小: 未设置
    粗体: 未设置
    斜体: 未设置
    下划线: 未设置
    标准颜色: 未设置
  运行 2: '2021'
    字体: 未设置
    大小: 未设置
    粗体: 未设置
    斜体: 未设置
    下划线: 未设置
    标准颜色: 未设置
  运行 3: '年以总收入'
    字体: 未设置
    大小: 未设置
    粗体: 未设置
    斜体: 未设置
    下划线: 未设置
    标准颜色: 未设置
  运行 4: '占中国眼科医疗器械市场'
    字体: 未设置
    大小: 未设置
    粗体: 未设置
    斜体: 未设置
    下划线: 未设置
    标准颜色: 未设置
  运行 5: '（'
    字体: 未设置
    大小: 未设置
    粗体: 未设置
    斜体: 未设置
    下划线: 未设置
    标准颜色: 未设置
  运行 6: '不包括隐形眼镜及护理液'
    字体: 未设置
    大小: 未设置
    粗体: 未设置
    斜体: 未设置
    下划线: 未设置
    标准颜色: 未设置
  运行 7: '）'
    字体: 未设置
    大小: 未设置
    粗体: 未设置
    斜体: 未设置
    下划线: 未设置
    标准颜色: 未设置
  运行 8: '的'
    字体: 未设置
    大小: 未设置
    粗体: 未设置
    斜体: 未设置
    下划线: 未设置
    标准颜色: 未设置
  运行 9: '2.9%'
    字体: 未设置
    大小: 未设置
    粗体: 未设置
    斜体: 未设置
    下划线: 未设置
    标准颜色: 未设置
  运行 10: '市场份额，排名第八。'
    字体: 未设置
    大小: 未设置
    粗体: 未设置
    斜体: 未设置
    下划线: 未设置
    标准颜色: 未设置

段落 583:
文本内容: 尼德克为一家专门提供眼科及光学产品及服务的日本公司，该公司精于将光学与电子工程结合，生产提供眼部光学产品。主要产品涵盖眼科及验光的检查、诊断及治疗，以及白内障科的人工晶体和镜片涂层服务。尼德克2021年以总收入占据中国眼科医疗器械市场（不包括隐形眼镜及护理液）的2.6%，排名第九。
段落样式: 正文-缩进
从样式获取的格式:
  样式字体: 未设置
  样式字号: 未设置
  样式颜色: 未设置
对齐方式: 未设置
左缩进: 未设置
右缩进: 未设置
首行缩进: 未设置
行间距: 未设置
从XML读取的格式:
  运行 1: '尼德克为一家专门提供眼科及光学产品及服务的日本公司，该公司精于将光学与电子工程结合，生产提供眼部光学产品。'
    字体: 未设置
    大小: 未设置
    粗体: 未设置
    斜体: 未设置
    下划线: 未设置
    标准颜色: 未设置
  运行 2: '主要产品涵盖眼科及验光的检查、诊断及治疗，以及白内障科的人工晶体和镜片涂层服务。尼德克'
    字体: 未设置
    大小: 未设置
    粗体: 未设置
    斜体: 未设置
    下划线: 未设置
    标准颜色: 未设置
  运行 3: '2021'
    字体: 未设置
    大小: 未设置
    粗体: 未设置
    斜体: 未设置
    下划线: 未设置
    标准颜色: 未设置
  运行 4: '年以总收入占据中国眼科医疗器械市场'
    字体: 未设置
    大小: 未设置
    粗体: 未设置
    斜体: 未设置
    下划线: 未设置
    标准颜色: 未设置
  运行 5: '（'
    字体: 未设置
    大小: 未设置
    粗体: 未设置
    斜体: 未设置
    下划线: 未设置
    标准颜色: 未设置
  运行 6: '不包括隐形眼镜及护理液'
    字体: 未设置
    大小: 未设置
    粗体: 未设置
    斜体: 未设置
    下划线: 未设置
    标准颜色: 未设置
  运行 7: '）'
    字体: 未设置
    大小: 未设置
    粗体: 未设置
    斜体: 未设置
    下划线: 未设置
    标准颜色: 未设置
  运行 8: '的'
    字体: 未设置
    大小: 未设置
    粗体: 未设置
    斜体: 未设置
    下划线: 未设置
    标准颜色: 未设置
  运行 9: '2.6%'
    字体: 未设置
    大小: 未设置
    粗体: 未设置
    斜体: 未设置
    下划线: 未设置
    标准颜色: 未设置
  运行 10: '，排名第九。'
    字体: 未设置
    大小: 未设置
    粗体: 未设置
    斜体: 未设置
    下划线: 未设置
    标准颜色: 未设置

段落 584:
文本内容: 拓普康是一家在东京证劵交易所上市的日本光学设备制造商，该公司通过智能数据科技提供诊断方案。其产品主要有为老年人常见的眼科疾病，例如青光眼、白内障和屈光不正，提供先进的影像拍摄产品。拓普康2021年以总收入占据中国眼科医疗器械市场（不包括隐形眼镜及护理液）2.3%的市场份额，排名第十一。
段落样式: 正文-缩进
从样式获取的格式:
  样式字体: 未设置
  样式字号: 未设置
  样式颜色: 未设置
对齐方式: 未设置
左缩进: 未设置
右缩进: 未设置
首行缩进: 未设置
行间距: 未设置
从XML读取的格式:
  运行 1: '拓普康是一家在东京证劵交易所上市的日本光学设备制造商，该公司通过智能数据科技提供诊断方案。其产品主要有为老年人常见的眼科疾病，例如青光眼、白内障和屈光不正，提供先进的影像拍摄产品。拓普康'
    字体: 未设置
    大小: 未设置
    粗体: 未设置
    斜体: 未设置
    下划线: 未设置
    标准颜色: 未设置
  运行 2: '2021'
    字体: 未设置
    大小: 未设置
    粗体: 未设置
    斜体: 未设置
    下划线: 未设置
    标准颜色: 未设置
  运行 3: '年以总收入占据中国眼科医疗器械市场'
    字体: 未设置
    大小: 未设置
    粗体: 未设置
    斜体: 未设置
    下划线: 未设置
    标准颜色: 未设置
  运行 4: '（'
    字体: 未设置
    大小: 未设置
    粗体: 未设置
    斜体: 未设置
    下划线: 未设置
    标准颜色: 未设置
  运行 5: '不包括隐形眼镜及护理液'
    字体: 未设置
    大小: 未设置
    粗体: 未设置
    斜体: 未设置
    下划线: 未设置
    标准颜色: 未设置
  运行 6: '）'
    字体: 未设置
    大小: 未设置
    粗体: 未设置
    斜体: 未设置
    下划线: 未设置
    标准颜色: 未设置
  运行 7: '2.3%'
    字体: 未设置
    大小: 未设置
    粗体: 未设置
    斜体: 未设置
    下划线: 未设置
    标准颜色: 未设置
  运行 8: '的市场份额，排名第十一。'
    字体: 未设置
    大小: 未设置
    粗体: 未设置
    斜体: 未设置
    下划线: 未设置
    标准颜色: 未设置

段落 585:
文本内容: 综上所述，Y公司代理的眼科产品线相对较全，所面临的行业内竞争也异常激烈，需要不断加大对市场推广的投入，才可以保持业绩的持续增长。
段落样式: 正文-缩进
从样式获取的格式:
  样式字体: 未设置
  样式字号: 未设置
  样式颜色: 未设置
对齐方式: 未设置
左缩进: 未设置
右缩进: 未设置
首行缩进: 未设置
行间距: 未设置
从XML读取的格式:
  运行 1: '综上所述，'
    字体: 未设置
    大小: 未设置
    粗体: 未设置
    斜体: 未设置
    下划线: 未设置
    标准颜色: 未设置
  运行 2: 'Y'
    字体: 未设置
    大小: 未设置
    粗体: 未设置
    斜体: 未设置
    下划线: 未设置
    标准颜色: 未设置
  运行 3: '公司代理的眼科产品线相对较全，所面临的行业内竞争也异常激烈，需要不断加大对市场推广的投入，才可以保持业绩的持续增长。'
    字体: 未设置
    大小: 未设置
    粗体: 未设置
    斜体: 未设置
    下划线: 未设置
    标准颜色: 未设置

段落 586:
文本内容: 购买者的议价能力
段落样式: Heading 3
从样式获取的格式:
  样式字体: 未设置
  样式字号: 未设置
  样式颜色: 未设置
对齐方式: 未设置
左缩进: 未设置
右缩进: 未设置
首行缩进: 未设置
行间距: 未设置
从XML读取的格式:
  运行 1: '购买者的'
    字体: 未设置
    大小: 未设置
    粗体: 未设置
    斜体: 未设置
    下划线: 未设置
    标准颜色: 未设置
  运行 2: '议价'
    字体: 未设置
    大小: 未设置
    粗体: 未设置
    斜体: 未设置
    下划线: 未设置
    标准颜色: 未设置
  运行 3: '能力'
    字体: 未设置
    大小: 未设置
    粗体: 未设置
    斜体: 未设置
    下划线: 未设置
    标准颜色: 未设置
  运行 4: ''
    字体: 未设置
    大小: 未设置
    粗体: 未设置
    斜体: 未设置
    下划线: 未设置
    标准颜色: 未设置
  运行 5: ''
    字体: 未设置
    大小: 未设置
    粗体: 未设置
    斜体: 未设置
    下划线: 未设置
    标准颜色: 未设置
  运行 6: ''
    字体: 未设置
    大小: 未设置
    粗体: 未设置
    斜体: 未设置
    下划线: 未设置
    标准颜色: 未设置
  运行 7: ''
    字体: 未设置
    大小: 未设置
    粗体: 未设置
    斜体: 未设置
    下划线: 未设置
    标准颜色: 未设置
  运行 8: ''
    字体: 未设置
    大小: 未设置
    粗体: 未设置
    斜体: 未设置
    下划线: 未设置
    标准颜色: 未设置
  运行 9: ''
    字体: 未设置
    大小: 未设置
    粗体: 未设置
    斜体: 未设置
    下划线: 未设置
    标准颜色: 未设置
  运行 10: ''
    字体: 未设置
    大小: 未设置
    粗体: 未设置
    斜体: 未设置
    下划线: 未设置
    标准颜色: 未设置
  运行 11: ''
    字体: 未设置
    大小: 未设置
    粗体: 未设置
    斜体: 未设置
    下划线: 未设置
    标准颜色: 未设置

段落 587:
文本内容: 医疗器械产品不同与普通商品，其具有很强的特殊性，其采购方式也不同于普通商品。公立医疗机构采购器械设备一般采用招投标形式，民营医院集团采购此类设备一般直接找厂家或总代理商洽谈。对于Y医疗器械公司而言，各省区三级以上的公立医院都自己维护，大部分采用直销模式，或者给到医院指定的配送商。对于地级市公立医院采取分销模式。也就是说Y公司的购买者有公立和民营医院等医疗机构和分销代理商。
段落样式: 正文-缩进
从样式获取的格式:
  样式字体: 未设置
  样式字号: 未设置
  样式颜色: 未设置
对齐方式: 未设置
左缩进: 未设置
右缩进: 未设置
首行缩进: 未设置
行间距: 未设置
从XML读取的格式:
  运行 1: '医疗器械产品不同'
    字体: 未设置
    大小: 未设置
    粗体: 未设置
    斜体: 未设置
    下划线: 未设置
    标准颜色: 未设置
  运行 2: '与'
    字体: 未设置
    大小: 未设置
    粗体: 未设置
    斜体: 未设置
    下划线: 未设置
    标准颜色: 未设置
  运行 3: '普通商品，其具有很强的特殊性，'
    字体: 未设置
    大小: 未设置
    粗体: 未设置
    斜体: 未设置
    下划线: 未设置
    标准颜色: 未设置
  运行 4: '其采购方式也不同于普通商品。'
    字体: 未设置
    大小: 未设置
    粗体: 未设置
    斜体: 未设置
    下划线: 未设置
    标准颜色: 未设置
  运行 5: '公立医疗机构采购器械设备一般采用招投标形式，民营医院集团采购此类设备一般直接找厂家或总'
    字体: 未设置
    大小: 未设置
    粗体: 未设置
    斜体: 未设置
    下划线: 未设置
    标准颜色: 未设置
  运行 6: '代理商'
    字体: 未设置
    大小: 未设置
    粗体: 未设置
    斜体: 未设置
    下划线: 未设置
    标准颜色: 未设置
  运行 7: '洽谈。'
    字体: 未设置
    大小: 未设置
    粗体: 未设置
    斜体: 未设置
    下划线: 未设置
    标准颜色: 未设置
  运行 8: '对于'
    字体: 未设置
    大小: 未设置
    粗体: 未设置
    斜体: 未设置
    下划线: 未设置
    标准颜色: 未设置
  运行 9: 'Y'
    字体: 未设置
    大小: 未设置
    粗体: 未设置
    斜体: 未设置
    下划线: 未设置
    标准颜色: 未设置
  运行 10: '医疗器械公司而言，各省区三级以上的公立医院'
    字体: 未设置
    大小: 未设置
    粗体: 未设置
    斜体: 未设置
    下划线: 未设置
    标准颜色: 未设置
  运行 11: '都'
    字体: 未设置
    大小: 未设置
    粗体: 未设置
    斜体: 未设置
    下划线: 未设置
    标准颜色: 未设置
  运行 12: '自己维护，大部分采用直销模式'
    字体: 未设置
    大小: 未设置
    粗体: 未设置
    斜体: 未设置
    下划线: 未设置
    标准颜色: 未设置
  运行 13: '，或者给到医院指定的配送商'
    字体: 未设置
    大小: 未设置
    粗体: 未设置
    斜体: 未设置
    下划线: 未设置
    标准颜色: 未设置
  运行 14: '。'
    字体: 未设置
    大小: 未设置
    粗体: 未设置
    斜体: 未设置
    下划线: 未设置
    标准颜色: 未设置
  运行 15: '对于'
    字体: 未设置
    大小: 未设置
    粗体: 未设置
    斜体: 未设置
    下划线: 未设置
    标准颜色: 未设置
  运行 16: '地级市公立医院采取分销模式'
    字体: 未设置
    大小: 未设置
    粗体: 未设置
    斜体: 未设置
    下划线: 未设置
    标准颜色: 未设置
  运行 17: '。'
    字体: 未设置
    大小: 未设置
    粗体: 未设置
    斜体: 未设置
    下划线: 未设置
    标准颜色: 未设置
  运行 18: '也就是说'
    字体: 未设置
    大小: 未设置
    粗体: 未设置
    斜体: 未设置
    下划线: 未设置
    标准颜色: 未设置
  运行 19: 'Y'
    字体: 未设置
    大小: 未设置
    粗体: 未设置
    斜体: 未设置
    下划线: 未设置
    标准颜色: 未设置
  运行 20: '公司的购买者有'
    字体: 未设置
    大小: 未设置
    粗体: 未设置
    斜体: 未设置
    下划线: 未设置
    标准颜色: 未设置
  运行 21: '公立和民营'
    字体: 未设置
    大小: 未设置
    粗体: 未设置
    斜体: 未设置
    下划线: 未设置
    标准颜色: 未设置
  运行 22: '医院'
    字体: 未设置
    大小: 未设置
    粗体: 未设置
    斜体: 未设置
    下划线: 未设置
    标准颜色: 未设置
  运行 23: '等医疗机构'
    字体: 未设置
    大小: 未设置
    粗体: 未设置
    斜体: 未设置
    下划线: 未设置
    标准颜色: 未设置
  运行 24: '和分销'
    字体: 未设置
    大小: 未设置
    粗体: 未设置
    斜体: 未设置
    下划线: 未设置
    标准颜色: 未设置
  运行 25: '代理'
    字体: 未设置
    大小: 未设置
    粗体: 未设置
    斜体: 未设置
    下划线: 未设置
    标准颜色: 未设置
  运行 26: '商。'
    字体: 未设置
    大小: 未设置
    粗体: 未设置
    斜体: 未设置
    下划线: 未设置
    标准颜色: 未设置

段落 588:
文本内容: 医疗机构
段落样式: Heading 4
从样式获取的格式:
  样式字体: 未设置
  样式字号: 未设置
  样式颜色: 未设置
对齐方式: 未设置
左缩进: 未设置
右缩进: 未设置
首行缩进: 未设置
行间距: 未设置
从XML读取的格式:
  运行 1: '医疗机构'
    字体: 未设置
    大小: 未设置
    粗体: 未设置
    斜体: 未设置
    下划线: 未设置
    标准颜色: 未设置

段落 589:
文本内容: 在眼科市场细分中已经定义了直销的对象，主要是各省的三甲、三乙医院，以及民营医院集团。三级公立医院这些都是行业顶级医院，患者主要来自全省各地级市。这些大三级医院重点关注医疗器械质量的稳定性、技术的先进性、操作的便利性，对于产品的售后服务要求较高。此类医院的医疗产品采购形式一般是以招标方式，由临床科室确定好想要的产品参数，再报到设备科募集供应商，最后再由院务会开会讨论通过，最后再由招标公司进行招标。临床科室在提交参数的时候已经确定了设备参数，但是医院对于产品具体的配置以及数量，在谈判的时候会有变化调整，对于产品的具体配置、保修等存在信息不对称，在议价中缺乏优势。
段落样式: 正文-缩进
从样式获取的格式:
  样式字体: 未设置
  样式字号: 未设置
  样式颜色: 未设置
对齐方式: 未设置
左缩进: 未设置
右缩进: 未设置
首行缩进: 未设置
行间距: 未设置
从XML读取的格式:
  运行 1: '在'
    字体: 未设置
    大小: 未设置
    粗体: 未设置
    斜体: 未设置
    下划线: 未设置
    标准颜色: 未设置
  运行 2: '眼科'
    字体: 未设置
    大小: 未设置
    粗体: 未设置
    斜体: 未设置
    下划线: 未设置
    标准颜色: 未设置
  运行 3: '市场细分中已经定义了直销的对象，主要是各省的三甲、三乙'
    字体: 未设置
    大小: 未设置
    粗体: 未设置
    斜体: 未设置
    下划线: 未设置
    标准颜色: 未设置
  运行 4: '医院，以及民营医院集团。三级公立医院这些都是行业顶级医院，患者主要来自全省各地级市。'
    字体: 未设置
    大小: 未设置
    粗体: 未设置
    斜体: 未设置
    下划线: 未设置
    标准颜色: 未设置
  运行 5: '这些大三级医院重点关注医疗器械质量的稳定性、技术的先进性、操作的便利性，对于产品的售后服务要求较高。此类医院的医疗产品采购形式一般是以招标方式，由临床科室确定好想要的产品参数，再报到设备科募集供应商，最后再由院务会开会讨论通过，最后再由'
    字体: 未设置
    大小: 未设置
    粗体: 未设置
    斜体: 未设置
    下划线: 未设置
    标准颜色: 未设置
  运行 6: '招标公司进行招标。临床科室在提交参数的时候已经确定了设备参数，但是医院对于产品具体的配置以及数量，在谈判的时候会有变化调整，'
    字体: 未设置
    大小: 未设置
    粗体: 未设置
    斜体: 未设置
    下划线: 未设置
    标准颜色: 未设置
  运行 7: '对于产品的具体配置'
    字体: 未设置
    大小: 未设置
    粗体: 未设置
    斜体: 未设置
    下划线: 未设置
    标准颜色: 未设置
  运行 8: '、保修等存在信息不对称'
    字体: 未设置
    大小: 未设置
    粗体: 未设置
    斜体: 未设置
    下划线: 未设置
    标准颜色: 未设置
  运行 9: '，在议价中缺乏优势。'
    字体: 未设置
    大小: 未设置
    粗体: 未设置
    斜体: 未设置
    下划线: 未设置
    标准颜色: 未设置

段落 590:
文本内容: 对于民营医院，不但要求产品质量，而且要求低价，他们更在乎价格，通常会四处询问价格。不但对同类产品进行比价，对于同个厂家的同个型号规格，也变换不同的身份跨省询价。民营医院集团的议价能力强。
段落样式: 正文-缩进
从样式获取的格式:
  样式字体: 未设置
  样式字号: 未设置
  样式颜色: 未设置
对齐方式: 未设置
左缩进: 未设置
右缩进: 未设置
首行缩进: 未设置
行间距: 未设置
从XML读取的格式:
  运行 1: '对于民营医院，不但要求产品质量，而且要求低价，他们更在乎价格，通常会四处询问价格。不但对同类产品进行比价，对于同个厂家的同个型号规格，也变换不同的身份跨省询价。民营医院集团的议价能力强。'
    字体: 未设置
    大小: 未设置
    粗体: 未设置
    斜体: 未设置
    下划线: 未设置
    标准颜色: 未设置

段落 591:
文本内容: 分销代理商
段落样式: Heading 4
从样式获取的格式:
  样式字体: 未设置
  样式字号: 未设置
  样式颜色: 未设置
对齐方式: 未设置
左缩进: 未设置
右缩进: 未设置
首行缩进: 未设置
行间距: 未设置
从XML读取的格式:
  运行 1: '分销'
    字体: 未设置
    大小: 未设置
    粗体: 未设置
    斜体: 未设置
    下划线: 未设置
    标准颜色: 未设置
  运行 2: '代理商'
    字体: 未设置
    大小: 未设置
    粗体: 未设置
    斜体: 未设置
    下划线: 未设置
    标准颜色: 未设置

段落 592:
文本内容: 对于地级市的医院的销售主要依靠当地的代理商，代理商的销售能力规模、以及和医院的关系决定了其议价能力。现在各厂商对于国内市场都精耕细作，区域划分管理越来越严格。经营规模大的代理商，与各地级市医院有良好业务往来的，可以为医院提供良好售后服务，以及与公司有良好合作意向的代理商，都可以拿到省级代理权，享受省级代理的价格。对于中小规模的代理商，一般没有议价能力。对于Y公司而言，公司在学术推广做的较好，临床医师较为认可，才会选择购买Y公司产品，代理商的议价能力一般。
段落样式: 正文-缩进
从样式获取的格式:
  样式字体: 未设置
  样式字号: 未设置
  样式颜色: 未设置
对齐方式: 未设置
左缩进: 未设置
右缩进: 未设置
首行缩进: 未设置
行间距: 未设置
从XML读取的格式:
  运行 1: '对于地级市的医院的销售主要依靠当地的代理商，代理商的销售能力规模、以及和医院的关系决定了其议价能力。现在各厂商对于国内市场都精耕细作，区域划分管理越来越严格。经营规模大的'
    字体: 未设置
    大小: 未设置
    粗体: 未设置
    斜体: 未设置
    下划线: 未设置
    标准颜色: 未设置
  运行 2: '代理商'
    字体: 未设置
    大小: 未设置
    粗体: 未设置
    斜体: 未设置
    下划线: 未设置
    标准颜色: 未设置
  运行 3: '，与各地级市医院有良好业务往来的，可以为医院提供良好售后服务，以及与公司有良好合作意向的'
    字体: 未设置
    大小: 未设置
    粗体: 未设置
    斜体: 未设置
    下划线: 未设置
    标准颜色: 未设置
  运行 4: '代理商'
    字体: 未设置
    大小: 未设置
    粗体: 未设置
    斜体: 未设置
    下划线: 未设置
    标准颜色: 未设置
  运行 5: '，都可以拿到省级代理权，享受省级代理的价格。对于中小规模的代理商，一般没有议价能力。对于'
    字体: 未设置
    大小: 未设置
    粗体: 未设置
    斜体: 未设置
    下划线: 未设置
    标准颜色: 未设置
  运行 6: 'Y'
    字体: 未设置
    大小: 未设置
    粗体: 未设置
    斜体: 未设置
    下划线: 未设置
    标准颜色: 未设置
  运行 7: '公司而言，公司在学术推广做的较好，临床医'
    字体: 未设置
    大小: 未设置
    粗体: 未设置
    斜体: 未设置
    下划线: 未设置
    标准颜色: 未设置
  运行 8: '师'
    字体: 未设置
    大小: 未设置
    粗体: 未设置
    斜体: 未设置
    下划线: 未设置
    标准颜色: 未设置
  运行 9: '较为认可'
    字体: 未设置
    大小: 未设置
    粗体: 未设置
    斜体: 未设置
    下划线: 未设置
    标准颜色: 未设置
  运行 10: '，才会选择购买'
    字体: 未设置
    大小: 未设置
    粗体: 未设置
    斜体: 未设置
    下划线: 未设置
    标准颜色: 未设置
  运行 11: 'Y'
    字体: 未设置
    大小: 未设置
    粗体: 未设置
    斜体: 未设置
    下划线: 未设置
    标准颜色: 未设置
  运行 12: '公司产品，代理商的议价能力一般。'
    字体: 未设置
    大小: 未设置
    粗体: 未设置
    斜体: 未设置
    下划线: 未设置
    标准颜色: 未设置

段落 593:
文本内容: 潜在者进入的能力
段落样式: Heading 3
从样式获取的格式:
  样式字体: 未设置
  样式字号: 未设置
  样式颜色: 未设置
对齐方式: 未设置
左缩进: 未设置
右缩进: 未设置
首行缩进: 未设置
行间距: 未设置
从XML读取的格式:
  运行 1: '潜在'
    字体: 未设置
    大小: 未设置
    粗体: 未设置
    斜体: 未设置
    下划线: 未设置
    标准颜色: 未设置
  运行 2: '者'
    字体: 未设置
    大小: 未设置
    粗体: 未设置
    斜体: 未设置
    下划线: 未设置
    标准颜色: 未设置
  运行 3: '进入的'
    字体: 未设置
    大小: 未设置
    粗体: 未设置
    斜体: 未设置
    下划线: 未设置
    标准颜色: 未设置
  运行 4: '能力'
    字体: 未设置
    大小: 未设置
    粗体: 未设置
    斜体: 未设置
    下划线: 未设置
    标准颜色: 未设置
  运行 5: ''
    字体: 未设置
    大小: 未设置
    粗体: 未设置
    斜体: 未设置
    下划线: 未设置
    标准颜色: 未设置
  运行 6: ''
    字体: 未设置
    大小: 未设置
    粗体: 未设置
    斜体: 未设置
    下划线: 未设置
    标准颜色: 未设置
  运行 7: ''
    字体: 未设置
    大小: 未设置
    粗体: 未设置
    斜体: 未设置
    下划线: 未设置
    标准颜色: 未设置
  运行 8: ''
    字体: 未设置
    大小: 未设置
    粗体: 未设置
    斜体: 未设置
    下划线: 未设置
    标准颜色: 未设置
  运行 9: ''
    字体: 未设置
    大小: 未设置
    粗体: 未设置
    斜体: 未设置
    下划线: 未设置
    标准颜色: 未设置
  运行 10: ''
    字体: 未设置
    大小: 未设置
    粗体: 未设置
    斜体: 未设置
    下划线: 未设置
    标准颜色: 未设置
  运行 11: ''
    字体: 未设置
    大小: 未设置
    粗体: 未设置
    斜体: 未设置
    下划线: 未设置
    标准颜色: 未设置
  运行 12: ''
    字体: 未设置
    大小: 未设置
    粗体: 未设置
    斜体: 未设置
    下划线: 未设置
    标准颜色: 未设置

段落 594:
文本内容: 眼视光解决方案产品领域技术壁垒低，潜在进入者的威胁较大。由于是二类产品，电脑验光技术壁垒想对没那么高，研发投入、生产制造的资金投入不是很大，再加上许多进口厂商都在国内建厂，很多先进的技术不在是触不可及的，因此在眼视光领域，普通电脑验光仪的潜在进入者很多，目前在国内注册的电脑验光仪生产企业多达31家，在注册中的还未统计。在眼视光产品只能以更高的质量标准、更新智能的设计加持，才能让产品脱颖而出。例如全自动的自助式电脑验光仪，该产品可以通过语音指令让患者完成验光流程，病自助打印报告单，最重要是省去一个值守护士的人工费用。未来的眼视光市场的容量是一定的，势必有一批普通的生产企业要在市场的竞争中被淘汰。
段落样式: 正文-缩进
从样式获取的格式:
  样式字体: 未设置
  样式字号: 未设置
  样式颜色: 未设置
对齐方式: 未设置
左缩进: 未设置
右缩进: 未设置
首行缩进: 未设置
行间距: 未设置
从XML读取的格式:
  运行 1: '眼视光解决方案产品'
    字体: 未设置
    大小: 未设置
    粗体: 未设置
    斜体: 未设置
    下划线: 未设置
    标准颜色: 未设置
  运行 2: '领域'
    字体: 未设置
    大小: 未设置
    粗体: 未设置
    斜体: 未设置
    下划线: 未设置
    标准颜色: 未设置
  运行 3: '技术壁垒低，潜在进入者的威胁较大。'
    字体: 未设置
    大小: 未设置
    粗体: 未设置
    斜体: 未设置
    下划线: 未设置
    标准颜色: 未设置
  运行 4: '由于是二类产品，电脑验光技术壁垒想对没那么高，研发投入'
    字体: 未设置
    大小: 未设置
    粗体: 未设置
    斜体: 未设置
    下划线: 未设置
    标准颜色: 未设置
  运行 5: '、生产制造'
    字体: 未设置
    大小: 未设置
    粗体: 未设置
    斜体: 未设置
    下划线: 未设置
    标准颜色: 未设置
  运行 6: '的资金'
    字体: 未设置
    大小: 未设置
    粗体: 未设置
    斜体: 未设置
    下划线: 未设置
    标准颜色: 未设置
  运行 7: '投入不是很大，再加上许多进口厂商都在国内建厂，很多先进的技术不在是触不可及的，因此在眼视光领域'
    字体: 未设置
    大小: 未设置
    粗体: 未设置
    斜体: 未设置
    下划线: 未设置
    标准颜色: 未设置
  运行 8: '，普通电脑验光仪'
    字体: 未设置
    大小: 未设置
    粗体: 未设置
    斜体: 未设置
    下划线: 未设置
    标准颜色: 未设置
  运行 9: '的潜在进入者很多，'
    字体: 未设置
    大小: 未设置
    粗体: 未设置
    斜体: 未设置
    下划线: 未设置
    标准颜色: 未设置
  运行 10: '目前在国内注册的电脑验光仪生产企业多达'
    字体: 未设置
    大小: 未设置
    粗体: 未设置
    斜体: 未设置
    下划线: 未设置
    标准颜色: 未设置
  运行 11: '31'
    字体: 未设置
    大小: 未设置
    粗体: 未设置
    斜体: 未设置
    下划线: 未设置
    标准颜色: 未设置
  运行 12: '家，'
    字体: 未设置
    大小: 未设置
    粗体: 未设置
    斜体: 未设置
    下划线: 未设置
    标准颜色: 未设置
  运行 13: '在注册中的还未统计。在眼视光产品只能以'
    字体: 未设置
    大小: 未设置
    粗体: 未设置
    斜体: 未设置
    下划线: 未设置
    标准颜色: 未设置
  运行 14: '更高的'
    字体: 未设置
    大小: 未设置
    粗体: 未设置
    斜体: 未设置
    下划线: 未设置
    标准颜色: 未设置
  运行 15: '质量'
    字体: 未设置
    大小: 未设置
    粗体: 未设置
    斜体: 未设置
    下划线: 未设置
    标准颜色: 未设置
  运行 16: '标准'
    字体: 未设置
    大小: 未设置
    粗体: 未设置
    斜体: 未设置
    下划线: 未设置
    标准颜色: 未设置
  运行 17: '、'
    字体: 未设置
    大小: 未设置
    粗体: 未设置
    斜体: 未设置
    下划线: 未设置
    标准颜色: 未设置
  运行 18: '更'
    字体: 未设置
    大小: 未设置
    粗体: 未设置
    斜体: 未设置
    下划线: 未设置
    标准颜色: 未设置
  运行 19: '新'
    字体: 未设置
    大小: 未设置
    粗体: 未设置
    斜体: 未设置
    下划线: 未设置
    标准颜色: 未设置
  运行 20: '智能的设计加持，才能让产品脱颖而出'
    字体: 未设置
    大小: 未设置
    粗体: 未设置
    斜体: 未设置
    下划线: 未设置
    标准颜色: 未设置
  运行 21: '。'
    字体: 未设置
    大小: 未设置
    粗体: 未设置
    斜体: 未设置
    下划线: 未设置
    标准颜色: 未设置
  运行 22: '例如全自动的自助式电脑验光仪'
    字体: 未设置
    大小: 未设置
    粗体: 未设置
    斜体: 未设置
    下划线: 未设置
    标准颜色: 未设置
  运行 23: '，该产品可以通过语音指令让患者完成验光流程，病自助打印报告单，最重要是省去一个值守护士的人工费用。未来的'
    字体: 未设置
    大小: 未设置
    粗体: 未设置
    斜体: 未设置
    下划线: 未设置
    标准颜色: 未设置
  运行 24: '眼视光市场的容量是一定的，势必有一批'
    字体: 未设置
    大小: 未设置
    粗体: 未设置
    斜体: 未设置
    下划线: 未设置
    标准颜色: 未设置
  运行 25: '普通的'
    字体: 未设置
    大小: 未设置
    粗体: 未设置
    斜体: 未设置
    下划线: 未设置
    标准颜色: 未设置
  运行 26: '生产企业要在市场的竞争中被淘汰。'
    字体: 未设置
    大小: 未设置
    粗体: 未设置
    斜体: 未设置
    下划线: 未设置
    标准颜色: 未设置

段落 595:
文本内容: 白内障和眼底产品领域技术壁垒高，潜在进入者的威胁较小。首先，因为白内障和眼底病需要用到眼科手术是显微手术，在医疗技术方面，不仅要求产品安全稳定，更重要的是可以协助医生完成精细化操作，提高手术效率。眼科手术设备、耗材等研发和更新要求高，涉及到许多不同学科领域的交叉结合，所需的人才储备、技术专利都是很难模仿和复制的。其次，眼底和白内障设备的研发投资金量巨大。眼科产品的科技含量之所以高，是因为在该产品的研发环节，对科技研发人才及研发设备方面都投入大量的资金。像蔡司、爱尔康、强生视力健等排名前十的公司，每年对于研发的投入都是非常巨大，只有大量的研发投入，才能发明创造出改善病患的新产品。最后，白内障和眼底设备的研发周期长。一个新医疗设备的成功背后，都是有不计其数的失败产品作为铺垫的。而且就是研发成功后再到量产，进入临床使用的比例也是很小的。新医疗器械在国外上市成功之后，需要进入国内市场，又要需要国内外临床三期试验，再次推后了在国内上市的时间，使生产企业资金回笼更慢。
段落样式: 正文-缩进
从样式获取的格式:
  样式字体: 未设置
  样式字号: 未设置
  样式颜色: 未设置
对齐方式: 未设置
左缩进: 未设置
右缩进: 未设置
首行缩进: 未设置
行间距: 未设置
从XML读取的格式:
  运行 1: '白内障和眼底产品领域'
    字体: 未设置
    大小: 未设置
    粗体: 未设置
    斜体: 未设置
    下划线: 未设置
    标准颜色: 未设置
  运行 2: '技术壁垒高'
    字体: 未设置
    大小: 未设置
    粗体: 未设置
    斜体: 未设置
    下划线: 未设置
    标准颜色: 未设置
  运行 3: '，潜在进入者的威胁较小。'
    字体: 未设置
    大小: 未设置
    粗体: 未设置
    斜体: 未设置
    下划线: 未设置
    标准颜色: 未设置
  运行 4: '首先，'
    字体: 未设置
    大小: 未设置
    粗体: 未设置
    斜体: 未设置
    下划线: 未设置
    标准颜色: 未设置
  运行 5: '因为'
    字体: 未设置
    大小: 未设置
    粗体: 未设置
    斜体: 未设置
    下划线: 未设置
    标准颜色: 未设置
  运行 6: '白内障和眼底病需要用到'
    字体: 未设置
    大小: 未设置
    粗体: 未设置
    斜体: 未设置
    下划线: 未设置
    标准颜色: 未设置
  运行 7: '眼科手术是显微手术，在医疗技术方面，不仅要求产品安全稳定，更重要的是可以协助医生完成精细化操作，提高手术效率。眼科手术设备、耗材等研发和更新要求高，涉及到许多不同学科领域的交叉结合，所需的人才储备、技术专利都是很难模仿和复制的。其次，'
    字体: 未设置
    大小: 未设置
    粗体: 未设置
    斜体: 未设置
    下划线: 未设置
    标准颜色: 未设置
  运行 8: '眼底和白内障设备'
    字体: 未设置
    大小: 未设置
    粗体: 未设置
    斜体: 未设置
    下划线: 未设置
    标准颜色: 未设置
  运行 9: '的研发投资金量巨大。眼科'
    字体: 未设置
    大小: 未设置
    粗体: 未设置
    斜体: 未设置
    下划线: 未设置
    标准颜色: 未设置
  运行 10: '产品的科技含量之所以高，是因为在该产品的研发环节，对科技研发人才及研发设备方面都投入大量的资金。像蔡司、爱尔康、强生视力健等排名前十的公司，每年对于研发的投入都是非常巨大，只有大量的研发投入，才能发明创造出改善病患的新产品。最后，'
    字体: 未设置
    大小: 未设置
    粗体: 未设置
    斜体: 未设置
    下划线: 未设置
    标准颜色: 未设置
  运行 11: '白内障和眼底设备'
    字体: 未设置
    大小: 未设置
    粗体: 未设置
    斜体: 未设置
    下划线: 未设置
    标准颜色: 未设置
  运行 12: '的研发周期长。一个新医疗设备的成功背后，都是有不计其数的失败产品作为铺垫的。而且就是研发成功后再到量产，进入临床使用的比例也是很小的。新医疗器械在国外上市成功之后，需要进入国内市场，又要需要国内外临床三期试验，'
    字体: 未设置
    大小: 未设置
    粗体: 未设置
    斜体: 未设置
    下划线: 未设置
    标准颜色: 未设置
  运行 13: '再次推后了在国内上市的时间，使生产企业资金回笼更慢。'
    字体: 未设置
    大小: 未设置
    粗体: 未设置
    斜体: 未设置
    下划线: 未设置
    标准颜色: 未设置

段落 596:
文本内容: 综合以上几个方面，眼科医疗器械的进入壁垒总体上是较高的。科技的发展始终是引领眼科行业发展的重要因素，据EvaluateMedTech以及Wind的预测全球排名前十的眼科医疗器械公司在2024年将占整个眼科器械市场份额的96.1%。眼科各大巨头都在不断推陈出新，更新在国内的产品线。同时各大公司对于中国市场的关注度逐渐提高，例如拓普康收回奥腾思格玛（中国）集团有限公司的总代理权，自己成立公司负责全国市场运营。例如豪雅公司2020年在国内成立公司，销售人工晶体。
段落样式: 正文-缩进
从样式获取的格式:
  样式字体: 未设置
  样式字号: 未设置
  样式颜色: 未设置
对齐方式: 未设置
左缩进: 未设置
右缩进: 未设置
首行缩进: 未设置
行间距: 未设置
从XML读取的格式:
  运行 1: '综合以上几个方面，眼科医疗器械的进入壁垒总体上是较高的。科技的发展始终是引领'
    字体: 未设置
    大小: 未设置
    粗体: 未设置
    斜体: 未设置
    下划线: 未设置
    标准颜色: 未设置
  运行 2: '眼科'
    字体: 未设置
    大小: 未设置
    粗体: 未设置
    斜体: 未设置
    下划线: 未设置
    标准颜色: 未设置
  运行 3: '行业发展的重要因素，据'
    字体: 未设置
    大小: 未设置
    粗体: 未设置
    斜体: 未设置
    下划线: 未设置
    标准颜色: 未设置
  运行 4: 'E'
    字体: 未设置
    大小: 未设置
    粗体: 未设置
    斜体: 未设置
    下划线: 未设置
    标准颜色: 未设置
  运行 5: 'valuate'
    字体: 未设置
    大小: 未设置
    粗体: 未设置
    斜体: 未设置
    下划线: 未设置
    标准颜色: 未设置
  运行 6: 'M'
    字体: 未设置
    大小: 未设置
    粗体: 未设置
    斜体: 未设置
    下划线: 未设置
    标准颜色: 未设置
  运行 7: 'ed'
    字体: 未设置
    大小: 未设置
    粗体: 未设置
    斜体: 未设置
    下划线: 未设置
    标准颜色: 未设置
  运行 8: 'T'
    字体: 未设置
    大小: 未设置
    粗体: 未设置
    斜体: 未设置
    下划线: 未设置
    标准颜色: 未设置
  运行 9: 'ech'
    字体: 未设置
    大小: 未设置
    粗体: 未设置
    斜体: 未设置
    下划线: 未设置
    标准颜色: 未设置
  运行 10: '以及'
    字体: 未设置
    大小: 未设置
    粗体: 未设置
    斜体: 未设置
    下划线: 未设置
    标准颜色: 未设置
  运行 11: 'W'
    字体: 未设置
    大小: 未设置
    粗体: 未设置
    斜体: 未设置
    下划线: 未设置
    标准颜色: 未设置
  运行 12: 'ind'
    字体: 未设置
    大小: 未设置
    粗体: 未设置
    斜体: 未设置
    下划线: 未设置
    标准颜色: 未设置
  运行 13: '的预测全球排名前十的眼科医疗器械公司在'
    字体: 未设置
    大小: 未设置
    粗体: 未设置
    斜体: 未设置
    下划线: 未设置
    标准颜色: 未设置
  运行 14: '2024'
    字体: 未设置
    大小: 未设置
    粗体: 未设置
    斜体: 未设置
    下划线: 未设置
    标准颜色: 未设置
  运行 15: '年将占整个眼科器械市场份额的'
    字体: 未设置
    大小: 未设置
    粗体: 未设置
    斜体: 未设置
    下划线: 未设置
    标准颜色: 未设置
  运行 16: '96.1%'
    字体: 未设置
    大小: 未设置
    粗体: 未设置
    斜体: 未设置
    下划线: 未设置
    标准颜色: 未设置
  运行 17: '。'
    字体: 未设置
    大小: 未设置
    粗体: 未设置
    斜体: 未设置
    下划线: 未设置
    标准颜色: 未设置
  运行 18: '眼科各大巨头都在不断推陈出新，更新在国内的产品线'
    字体: 未设置
    大小: 未设置
    粗体: 未设置
    斜体: 未设置
    下划线: 未设置
    标准颜色: 未设置
  运行 19: '。'
    字体: 未设置
    大小: 未设置
    粗体: 未设置
    斜体: 未设置
    下划线: 未设置
    标准颜色: 未设置
  运行 20: '同时各大公司对于中国市场的关注度逐渐提高，例如拓普康收回'
    字体: 未设置
    大小: 未设置
    粗体: 未设置
    斜体: 未设置
    下划线: 未设置
    标准颜色: 未设置
  运行 21: '奥腾思格玛'
    字体: 未设置
    大小: 未设置
    粗体: 未设置
    斜体: 未设置
    下划线: 未设置
    标准颜色: 未设置
  运行 22: '（'
    字体: 未设置
    大小: 未设置
    粗体: 未设置
    斜体: 未设置
    下划线: 未设置
    标准颜色: 未设置
  运行 23: '中国'
    字体: 未设置
    大小: 未设置
    粗体: 未设置
    斜体: 未设置
    下划线: 未设置
    标准颜色: 未设置
  运行 24: '）'
    字体: 未设置
    大小: 未设置
    粗体: 未设置
    斜体: 未设置
    下划线: 未设置
    标准颜色: 未设置
  运行 25: '集团有限公司'
    字体: 未设置
    大小: 未设置
    粗体: 未设置
    斜体: 未设置
    下划线: 未设置
    标准颜色: 未设置
  运行 26: '的总代理权，自己成立公司负责全国市场运营。例如豪雅公司'
    字体: 未设置
    大小: 未设置
    粗体: 未设置
    斜体: 未设置
    下划线: 未设置
    标准颜色: 未设置
  运行 27: '2020'
    字体: 未设置
    大小: 未设置
    粗体: 未设置
    斜体: 未设置
    下划线: 未设置
    标准颜色: 未设置
  运行 28: '年在国内成立公司，销售人工晶体。'
    字体: 未设置
    大小: 未设置
    粗体: 未设置
    斜体: 未设置
    下划线: 未设置
    标准颜色: 未设置

段落 597:
文本内容: 虽说眼科技术壁垒高，但国内眼科行业已经成为资本关注的重点赛道，众多VC/PE入局，加上国家对国内医疗器械创新政策倾斜的利好环境下，从而助推了国内眼科行业创新企业的成长。一批国产眼科医疗创新企业相继建立，给眼科设备竞争带来了新的格局，例如北京图湃医疗、河南视微影像、深圳莫廷医疗等。在眼科市场竞争白热化的今天，眼科企业只有不断研发更高新科技的诊疗设备，才能引领带动整个行业的发展提高，才能促进眼科事业的发展，才能在竞争中立于不败之地。
段落样式: 正文-缩进
从样式获取的格式:
  样式字体: 未设置
  样式字号: 未设置
  样式颜色: 未设置
对齐方式: 未设置
左缩进: 未设置
右缩进: 未设置
首行缩进: 未设置
行间距: 未设置
从XML读取的格式:
  运行 1: '虽说眼科技术壁垒高，但'
    字体: 未设置
    大小: 未设置
    粗体: 未设置
    斜体: 未设置
    下划线: 未设置
    标准颜色: 未设置
  运行 2: '国内'
    字体: 未设置
    大小: 未设置
    粗体: 未设置
    斜体: 未设置
    下划线: 未设置
    标准颜色: 未设置
  运行 3: '眼科行业已经成为资本关注的重点赛道，众多'
    字体: 未设置
    大小: 未设置
    粗体: 未设置
    斜体: 未设置
    下划线: 未设置
    标准颜色: 未设置
  运行 4: 'VC/PE'
    字体: 未设置
    大小: 未设置
    粗体: 未设置
    斜体: 未设置
    下划线: 未设置
    标准颜色: 未设置
  运行 5: '入局，'
    字体: 未设置
    大小: 未设置
    粗体: 未设置
    斜体: 未设置
    下划线: 未设置
    标准颜色: 未设置
  运行 6: '加上国家对国内医疗器械创新政策倾斜的利好环境下，'
    字体: 未设置
    大小: 未设置
    粗体: 未设置
    斜体: 未设置
    下划线: 未设置
    标准颜色: 未设置
  运行 7: '从而助推了'
    字体: 未设置
    大小: 未设置
    粗体: 未设置
    斜体: 未设置
    下划线: 未设置
    标准颜色: 未设置
  运行 8: '国内眼科'
    字体: 未设置
    大小: 未设置
    粗体: 未设置
    斜体: 未设置
    下划线: 未设置
    标准颜色: 未设置
  运行 9: '行业创新企业的成长。一批国产'
    字体: 未设置
    大小: 未设置
    粗体: 未设置
    斜体: 未设置
    下划线: 未设置
    标准颜色: 未设置
  运行 10: '眼科医疗'
    字体: 未设置
    大小: 未设置
    粗体: 未设置
    斜体: 未设置
    下划线: 未设置
    标准颜色: 未设置
  运行 11: '创新企业相继建立'
    字体: 未设置
    大小: 未设置
    粗体: 未设置
    斜体: 未设置
    下划线: 未设置
    标准颜色: 未设置
  运行 12: '，给眼科'
    字体: 未设置
    大小: 未设置
    粗体: 未设置
    斜体: 未设置
    下划线: 未设置
    标准颜色: 未设置
  运行 13: '设备'
    字体: 未设置
    大小: 未设置
    粗体: 未设置
    斜体: 未设置
    下划线: 未设置
    标准颜色: 未设置
  运行 14: '竞争带来了新的格局'
    字体: 未设置
    大小: 未设置
    粗体: 未设置
    斜体: 未设置
    下划线: 未设置
    标准颜色: 未设置
  运行 15: '，'
    字体: 未设置
    大小: 未设置
    粗体: 未设置
    斜体: 未设置
    下划线: 未设置
    标准颜色: 未设置
  运行 16: '例如北京图湃医疗、河南视微影像、深圳莫廷医疗等。在眼科市场竞争白热化的今天，眼科企业只有不断研发更高新科技的诊疗设备，才能引领'
    字体: 未设置
    大小: 未设置
    粗体: 未设置
    斜体: 未设置
    下划线: 未设置
    标准颜色: 未设置
  运行 17: '带动整个行业的发展提高，才能促进眼科事业的发展，才能在竞争中立于不败之地。'
    字体: 未设置
    大小: 未设置
    粗体: 未设置
    斜体: 未设置
    下划线: 未设置
    标准颜色: 未设置

段落 598:
文本内容: 替代品的替代能力
段落样式: Heading 3
从样式获取的格式:
  样式字体: 未设置
  样式字号: 未设置
  样式颜色: 未设置
对齐方式: 未设置
左缩进: 未设置
右缩进: 未设置
首行缩进: 未设置
行间距: 未设置
从XML读取的格式:
  运行 1: '替代品的'
    字体: 未设置
    大小: 未设置
    粗体: 未设置
    斜体: 未设置
    下划线: 未设置
    标准颜色: 未设置
  运行 2: '替代能力'
    字体: 未设置
    大小: 未设置
    粗体: 未设置
    斜体: 未设置
    下划线: 未设置
    标准颜色: 未设置
  运行 3: ''
    字体: 未设置
    大小: 未设置
    粗体: 未设置
    斜体: 未设置
    下划线: 未设置
    标准颜色: 未设置
  运行 4: ''
    字体: 未设置
    大小: 未设置
    粗体: 未设置
    斜体: 未设置
    下划线: 未设置
    标准颜色: 未设置
  运行 5: ''
    字体: 未设置
    大小: 未设置
    粗体: 未设置
    斜体: 未设置
    下划线: 未设置
    标准颜色: 未设置
  运行 6: ''
    字体: 未设置
    大小: 未设置
    粗体: 未设置
    斜体: 未设置
    下划线: 未设置
    标准颜色: 未设置
  运行 7: ''
    字体: 未设置
    大小: 未设置
    粗体: 未设置
    斜体: 未设置
    下划线: 未设置
    标准颜色: 未设置
  运行 8: ''
    字体: 未设置
    大小: 未设置
    粗体: 未设置
    斜体: 未设置
    下划线: 未设置
    标准颜色: 未设置
  运行 9: ''
    字体: 未设置
    大小: 未设置
    粗体: 未设置
    斜体: 未设置
    下划线: 未设置
    标准颜色: 未设置
  运行 10: ''
    字体: 未设置
    大小: 未设置
    粗体: 未设置
    斜体: 未设置
    下划线: 未设置
    标准颜色: 未设置

段落 599:
文本内容: 波特五力中替代品的威胁，指的是指跨行业的替代品的威胁。眼科医疗设备行业虽然是传统，但该行业的替代品的替代了能力还是较弱，主要是因为：
段落样式: 正文-缩进
从样式获取的格式:
  样式字体: 未设置
  样式字号: 未设置
  样式颜色: 未设置
对齐方式: 未设置
左缩进: 未设置
右缩进: 未设置
首行缩进: 未设置
行间距: 未设置
从XML读取的格式:
  运行 1: '波特五力中替代品的威胁，指的是指跨行业的替代品的威胁。'
    字体: 未设置
    大小: 未设置
    粗体: 未设置
    斜体: 未设置
    下划线: 未设置
    标准颜色: 未设置
  运行 2: '眼科医疗设备行业虽然是传统，但该行业的替代品的替代了能力还是较弱，主要是因为：'
    字体: 未设置
    大小: 未设置
    粗体: 未设置
    斜体: 未设置
    下划线: 未设置
    标准颜色: 未设置

段落 600:
文本内容: 1. 高技术门槛与严格监管：眼科医疗器械领域对参与企业的技术实力和产品质量设立了高标准。新参与者必须承担巨额研发投资，并经历国家药品监督管理局（NMPA）的详尽审批程序，这包括产品注册、一系列临床试验以及产品上市后持续的临床监测。此外，国家对眼科诊疗设备的监管尤为严格，任何希望进入该领域的企业都必须遵循国家规定的注册流程，完成必要的临床试验阶段，并在产品上市后继续进行临床观察。
段落样式: 正文-缩进
从样式获取的格式:
  样式字体: 未设置
  样式字号: 未设置
  样式颜色: 未设置
对齐方式: 未设置
左缩进: 未设置
右缩进: 未设置
首行缩进: 未设置
行间距: 未设置
从XML读取的格式:
  运行 1: '1. '
    字体: 未设置
    大小: 未设置
    粗体: 未设置
    斜体: 未设置
    下划线: 未设置
    标准颜色: 未设置
  运行 2: '高技术门槛与严格监管：眼科医疗器械领域对参与企业的技术实力和产品质量设立了高标准。新参与者必须承担巨额研发投资，并经历国家药品监督管理局（'
    字体: 未设置
    大小: 未设置
    粗体: 未设置
    斜体: 未设置
    下划线: 未设置
    标准颜色: 未设置
  运行 3: 'NMPA'
    字体: 未设置
    大小: 未设置
    粗体: 未设置
    斜体: 未设置
    下划线: 未设置
    标准颜色: 未设置
  运行 4: '）的详尽审批程序，这包括产品注册、一系列临床试验以及产品上市后持续的临床监测。此外，国家对眼科诊疗设备的监管尤为严格，任何希望进入该领域的企业都必须遵循国家规定的注册流程，完成必要的临床试验阶段，并在产品上市后继续进行临床观察。'
    字体: 未设置
    大小: 未设置
    粗体: 未设置
    斜体: 未设置
    下划线: 未设置
    标准颜色: 未设置

段落 601:
文本内容: 2. 高度集中的市场格局：在全球范围内，眼科医疗器械市场的集中度极高，市场几乎被前十大公司所垄断，他们控制着超过95%的市场份额。这一现状凸显了行业内领先企业的稳固地位，同时也意味着新企业在短期内难以获得较大的市场份额，面临着激烈的市场竞争和挑战。
段落样式: 正文-缩进
从样式获取的格式:
  样式字体: 未设置
  样式字号: 未设置
  样式颜色: 未设置
对齐方式: 未设置
左缩进: 未设置
右缩进: 未设置
首行缩进: 未设置
行间距: 未设置
从XML读取的格式:
  运行 1: '2. '
    字体: 未设置
    大小: 未设置
    粗体: 未设置
    斜体: 未设置
    下划线: 未设置
    标准颜色: 未设置
  运行 2: '高度集中的市场格局：在全球范围内，眼科医疗器械市场的集中度极高，市场几乎被前十大公司所垄断，他们控制着超过'
    字体: 未设置
    大小: 未设置
    粗体: 未设置
    斜体: 未设置
    下划线: 未设置
    标准颜色: 未设置
  运行 3: '95%'
    字体: 未设置
    大小: 未设置
    粗体: 未设置
    斜体: 未设置
    下划线: 未设置
    标准颜色: 未设置
  运行 4: '的市场份额。这一现状凸显了行业内领先企业的稳固地位，同时也意味着新企业在短期内难以获得较大的市场份额，面临着激烈的市场竞争和挑战。'
    字体: 未设置
    大小: 未设置
    粗体: 未设置
    斜体: 未设置
    下划线: 未设置
    标准颜色: 未设置

段落 602:
文本内容: 3. 专业化的服务与产品需求：眼科医疗器械的操作和解读需要高度专业化的知识和技能，这使得非专业领域的产品难以替代。专业化服务的这一特性要求企业不仅要提供高质量的产品，还要提供相应的技术支持和专业培训，以确保产品的安全性和有效性。
段落样式: 正文-缩进
从样式获取的格式:
  样式字体: 未设置
  样式字号: 未设置
  样式颜色: 未设置
对齐方式: 未设置
左缩进: 未设置
右缩进: 未设置
首行缩进: 未设置
行间距: 未设置
从XML读取的格式:
  运行 1: '3. '
    字体: 未设置
    大小: 未设置
    粗体: 未设置
    斜体: 未设置
    下划线: 未设置
    标准颜色: 未设置
  运行 2: '专业化的服务与产品需求：眼科医疗器械的操作和解读需要高度专业化的知识和技能，这使得非专业领域的产品难以替代。专业化服务的这一特性要求企业不仅要提供高质量的产品，还要提供相应的技术支持和专业培训，以确保产品的安全性和有效性。'
    字体: 未设置
    大小: 未设置
    粗体: 未设置
    斜体: 未设置
    下划线: 未设置
    标准颜色: 未设置

段落 603:
文本内容: Y公司作为全球眼科医疗器械领域的领先企业的代理商，其产品线涵盖眼视光、白内障和眼底病等关键亚专科。公司的产品如超声乳化仪CV9000R、眼科诊断仪Mirante SLO/OCT、屈光分析仪OPD-Scan III等，均处于行业领先地位。由于这些产品的专业特性和公司的市场地位，Y公司面临的替代产品或服务的威胁较小。
段落样式: 正文-缩进
从样式获取的格式:
  样式字体: 未设置
  样式字号: 未设置
  样式颜色: 未设置
对齐方式: 未设置
左缩进: 未设置
右缩进: 未设置
首行缩进: 未设置
行间距: 未设置
从XML读取的格式:
  运行 1: 'Y'
    字体: 未设置
    大小: 未设置
    粗体: 未设置
    斜体: 未设置
    下划线: 未设置
    标准颜色: 未设置
  运行 2: '公司作为全球眼科医疗器械领域的领先企业'
    字体: 未设置
    大小: 未设置
    粗体: 未设置
    斜体: 未设置
    下划线: 未设置
    标准颜色: 未设置
  运行 3: '的代理商'
    字体: 未设置
    大小: 未设置
    粗体: 未设置
    斜体: 未设置
    下划线: 未设置
    标准颜色: 未设置
  运行 4: '，其产品线涵盖眼视光、白内障和眼底病等关键亚专科。公司的产品如超声乳化仪'
    字体: 未设置
    大小: 未设置
    粗体: 未设置
    斜体: 未设置
    下划线: 未设置
    标准颜色: 未设置
  运行 5: 'CV9000R'
    字体: 未设置
    大小: 未设置
    粗体: 未设置
    斜体: 未设置
    下划线: 未设置
    标准颜色: 未设置
  运行 6: '、眼科诊断仪'
    字体: 未设置
    大小: 未设置
    粗体: 未设置
    斜体: 未设置
    下划线: 未设置
    标准颜色: 未设置
  运行 7: 'Mirante SLO/OCT'
    字体: 未设置
    大小: 未设置
    粗体: 未设置
    斜体: 未设置
    下划线: 未设置
    标准颜色: 未设置
  运行 8: '、屈光分析仪'
    字体: 未设置
    大小: 未设置
    粗体: 未设置
    斜体: 未设置
    下划线: 未设置
    标准颜色: 未设置
  运行 9: 'OPD-Scan III'
    字体: 未设置
    大小: 未设置
    粗体: 未设置
    斜体: 未设置
    下划线: 未设置
    标准颜色: 未设置
  运行 10: '等，均处于行业领先地位。由于这些产品的专业特性和公司的市场地位，'
    字体: 未设置
    大小: 未设置
    粗体: 未设置
    斜体: 未设置
    下划线: 未设置
    标准颜色: 未设置
  运行 11: 'Y'
    字体: 未设置
    大小: 未设置
    粗体: 未设置
    斜体: 未设置
    下划线: 未设置
    标准颜色: 未设置
  运行 12: '公司面临的替代产品或服务的威胁较小。'
    字体: 未设置
    大小: 未设置
    粗体: 未设置
    斜体: 未设置
    下划线: 未设置
    标准颜色: 未设置

段落 604:
文本内容: 供应商的议价能力
段落样式: Heading 3
从样式获取的格式:
  样式字体: 未设置
  样式字号: 未设置
  样式颜色: 未设置
对齐方式: 未设置
左缩进: 未设置
右缩进: 未设置
首行缩进: 未设置
行间距: 未设置
从XML读取的格式:
  运行 1: '供应商的'
    字体: 未设置
    大小: 未设置
    粗体: 未设置
    斜体: 未设置
    下划线: 未设置
    标准颜色: 未设置
  运行 2: '议价'
    字体: 未设置
    大小: 未设置
    粗体: 未设置
    斜体: 未设置
    下划线: 未设置
    标准颜色: 未设置
  运行 3: '能力'
    字体: 未设置
    大小: 未设置
    粗体: 未设置
    斜体: 未设置
    下划线: 未设置
    标准颜色: 未设置
  运行 4: ''
    字体: 未设置
    大小: 未设置
    粗体: 未设置
    斜体: 未设置
    下划线: 未设置
    标准颜色: 未设置
  运行 5: ''
    字体: 未设置
    大小: 未设置
    粗体: 未设置
    斜体: 未设置
    下划线: 未设置
    标准颜色: 未设置
  运行 6: ''
    字体: 未设置
    大小: 未设置
    粗体: 未设置
    斜体: 未设置
    下划线: 未设置
    标准颜色: 未设置
  运行 7: ''
    字体: 未设置
    大小: 未设置
    粗体: 未设置
    斜体: 未设置
    下划线: 未设置
    标准颜色: 未设置
  运行 8: ''
    字体: 未设置
    大小: 未设置
    粗体: 未设置
    斜体: 未设置
    下划线: 未设置
    标准颜色: 未设置
  运行 9: ''
    字体: 未设置
    大小: 未设置
    粗体: 未设置
    斜体: 未设置
    下划线: 未设置
    标准颜色: 未设置
  运行 10: ''
    字体: 未设置
    大小: 未设置
    粗体: 未设置
    斜体: 未设置
    下划线: 未设置
    标准颜色: 未设置
  运行 11: ''
    字体: 未设置
    大小: 未设置
    粗体: 未设置
    斜体: 未设置
    下划线: 未设置
    标准颜色: 未设置

段落 605:
文本内容: Y公司是代理日本尼德克的中国代理之一，负责华南五省的市场推广、市场销售、售后服务。尼德克在中国的公司负责产品注册等前期事宜，没有参与到市场的学术推广，但是为Y公司的推广提供技术支持。因此笔者认为，供应商的讨价还价能力可以从两个方面理解。
段落样式: 正文-缩进
从样式获取的格式:
  样式字体: 未设置
  样式字号: 未设置
  样式颜色: 未设置
对齐方式: 未设置
左缩进: 未设置
右缩进: 未设置
首行缩进: 未设置
行间距: 未设置
从XML读取的格式:
  运行 1: 'Y'
    字体: 未设置
    大小: 未设置
    粗体: 未设置
    斜体: 未设置
    下划线: 未设置
    标准颜色: 未设置
  运行 2: '公司是代理日本尼德克的中国代理之一，负责华南五省的市场推广、市场销售、售后服务。尼德克在中国的公司负责产品注册等前期事宜，没有参与到市场的学术推广，但是为'
    字体: 未设置
    大小: 未设置
    粗体: 未设置
    斜体: 未设置
    下划线: 未设置
    标准颜色: 未设置
  运行 3: 'Y'
    字体: 未设置
    大小: 未设置
    粗体: 未设置
    斜体: 未设置
    下划线: 未设置
    标准颜色: 未设置
  运行 4: '公司'
    字体: 未设置
    大小: 未设置
    粗体: 未设置
    斜体: 未设置
    下划线: 未设置
    标准颜色: 未设置
  运行 5: '的'
    字体: 未设置
    大小: 未设置
    粗体: 未设置
    斜体: 未设置
    下划线: 未设置
    标准颜色: 未设置
  运行 6: '推广提供技术支持。因此'
    字体: 未设置
    大小: 未设置
    粗体: 未设置
    斜体: 未设置
    下划线: 未设置
    标准颜色: 未设置
  运行 7: '笔者'
    字体: 未设置
    大小: 未设置
    粗体: 未设置
    斜体: 未设置
    下划线: 未设置
    标准颜色: 未设置
  运行 8: '认为，供应商的讨价还价能力可以从两个方面理解。'
    字体: 未设置
    大小: 未设置
    粗体: 未设置
    斜体: 未设置
    下划线: 未设置
    标准颜色: 未设置

段落 606:
文本内容: 首先，尼德克原厂作为供应商的议价能力较强。Y公司需要从日本尼德克原厂采购设备，原厂根据年度业绩和生产成本设定离岸价格（FOB）。由于Y公司希望维持代理权，原厂在价格谈判中拥有较大的议价能力。尽管Y公司在谈判中处于相对弱势，但也会基于国内政策、采购量、长期合作关系，以及市场竞争状况等与原厂进行适度的讨价还价。
段落样式: 正文-缩进
从样式获取的格式:
  样式字体: 未设置
  样式字号: 未设置
  样式颜色: 未设置
对齐方式: 未设置
左缩进: 未设置
右缩进: 未设置
首行缩进: 未设置
行间距: 未设置
从XML读取的格式:
  运行 1: '首先'
    字体: 未设置
    大小: 未设置
    粗体: 未设置
    斜体: 未设置
    下划线: 未设置
    标准颜色: 未设置
  运行 2: '，'
    字体: 未设置
    大小: 未设置
    粗体: 未设置
    斜体: 未设置
    下划线: 未设置
    标准颜色: 未设置
  运行 3: '尼德克'
    字体: 未设置
    大小: 未设置
    粗体: 未设置
    斜体: 未设置
    下划线: 未设置
    标准颜色: 未设置
  运行 4: '原厂'
    字体: 未设置
    大小: 未设置
    粗体: 未设置
    斜体: 未设置
    下划线: 未设置
    标准颜色: 未设置
  运行 5: '作为供应商的议价能力'
    字体: 未设置
    大小: 未设置
    粗体: 未设置
    斜体: 未设置
    下划线: 未设置
    标准颜色: 未设置
  运行 6: '较强'
    字体: 未设置
    大小: 未设置
    粗体: 未设置
    斜体: 未设置
    下划线: 未设置
    标准颜色: 未设置
  运行 7: '。'
    字体: 未设置
    大小: 未设置
    粗体: 未设置
    斜体: 未设置
    下划线: 未设置
    标准颜色: 未设置
  运行 8: 'Y'
    字体: 未设置
    大小: 未设置
    粗体: 未设置
    斜体: 未设置
    下划线: 未设置
    标准颜色: 未设置
  运行 9: '公司需要从日本尼德克原厂'
    字体: 未设置
    大小: 未设置
    粗体: 未设置
    斜体: 未设置
    下划线: 未设置
    标准颜色: 未设置
  运行 10: '采购设备，原厂根据年度业绩和生产成本设定离岸价格（'
    字体: 未设置
    大小: 未设置
    粗体: 未设置
    斜体: 未设置
    下划线: 未设置
    标准颜色: 未设置
  运行 11: 'FOB'
    字体: 未设置
    大小: 未设置
    粗体: 未设置
    斜体: 未设置
    下划线: 未设置
    标准颜色: 未设置
  运行 12: '）。由于'
    字体: 未设置
    大小: 未设置
    粗体: 未设置
    斜体: 未设置
    下划线: 未设置
    标准颜色: 未设置
  运行 13: 'Y'
    字体: 未设置
    大小: 未设置
    粗体: 未设置
    斜体: 未设置
    下划线: 未设置
    标准颜色: 未设置
  运行 14: '公司希望维持代理权，原厂在价格谈判中拥有较大的议价能力。尽管'
    字体: 未设置
    大小: 未设置
    粗体: 未设置
    斜体: 未设置
    下划线: 未设置
    标准颜色: 未设置
  运行 15: 'Y'
    字体: 未设置
    大小: 未设置
    粗体: 未设置
    斜体: 未设置
    下划线: 未设置
    标准颜色: 未设置
  运行 16: '公司在谈判中处于相对弱势，但也会基于国内政策'
    字体: 未设置
    大小: 未设置
    粗体: 未设置
    斜体: 未设置
    下划线: 未设置
    标准颜色: 未设置
  运行 17: '、采购量、长期合作关系，以及'
    字体: 未设置
    大小: 未设置
    粗体: 未设置
    斜体: 未设置
    下划线: 未设置
    标准颜色: 未设置
  运行 18: '市场竞争状况'
    字体: 未设置
    大小: 未设置
    粗体: 未设置
    斜体: 未设置
    下划线: 未设置
    标准颜色: 未设置
  运行 19: '等'
    字体: 未设置
    大小: 未设置
    粗体: 未设置
    斜体: 未设置
    下划线: 未设置
    标准颜色: 未设置
  运行 20: '与原厂进行适度的讨价还价。'
    字体: 未设置
    大小: 未设置
    粗体: 未设置
    斜体: 未设置
    下划线: 未设置
    标准颜色: 未设置

段落 607:
文本内容: 其次，上游配套产品、服务供应商的议价能力。Y公司还有采购电动台子、电脑、打印机等作为配套产品一起组成完整的额交付成品。可以观察到其上游配套产品供应商的议价能力通常较弱。Y公司的产品交付需要依赖于原厂产品的规格型号的不同而配套相应的周边产品，设备的价值在于创新的整合方案而非单个基础配件产品。此外，许多电动台子配件是根据特定设计定制的，减少了供应商的市场可替代性。为了确保供应链的稳定性，公司通常会与供应商签订长期供货协议。面对大额合同，供应商更倾向于通过量大优惠的方式接受较低的利润率，从而在议价中处于不利地位。此外，还有物流配送商的服务，议价能力也较弱，目前物流行业的竞争异常激烈，供应商为了拿到长期的订单合同，都会压低报价。
段落样式: 正文-缩进
从样式获取的格式:
  样式字体: 未设置
  样式字号: 未设置
  样式颜色: 未设置
对齐方式: 未设置
左缩进: 未设置
右缩进: 未设置
首行缩进: 未设置
行间距: 未设置
从XML读取的格式:
  运行 1: '其次'
    字体: 未设置
    大小: 未设置
    粗体: 未设置
    斜体: 未设置
    下划线: 未设置
    标准颜色: 未设置
  运行 2: '，'
    字体: 未设置
    大小: 未设置
    粗体: 未设置
    斜体: 未设置
    下划线: 未设置
    标准颜色: 未设置
  运行 3: '上游'
    字体: 未设置
    大小: 未设置
    粗体: 未设置
    斜体: 未设置
    下划线: 未设置
    标准颜色: 未设置
  运行 4: '配套产品、服务'
    字体: 未设置
    大小: 未设置
    粗体: 未设置
    斜体: 未设置
    下划线: 未设置
    标准颜色: 未设置
  运行 5: '供应商的议价能力'
    字体: 未设置
    大小: 未设置
    粗体: 未设置
    斜体: 未设置
    下划线: 未设置
    标准颜色: 未设置
  运行 6: '。'
    字体: 未设置
    大小: 未设置
    粗体: 未设置
    斜体: 未设置
    下划线: 未设置
    标准颜色: 未设置
  运行 7: 'Y'
    字体: 未设置
    大小: 未设置
    粗体: 未设置
    斜体: 未设置
    下划线: 未设置
    标准颜色: 未设置
  运行 8: '公司'
    字体: 未设置
    大小: 未设置
    粗体: 未设置
    斜体: 未设置
    下划线: 未设置
    标准颜色: 未设置
  运行 9: '还有采购电动台子、电脑、打印机等作为配套产品一起组成完整的额交付成品。'
    字体: 未设置
    大小: 未设置
    粗体: 未设置
    斜体: 未设置
    下划线: 未设置
    标准颜色: 未设置
  运行 10: '可以观察到其上游'
    字体: 未设置
    大小: 未设置
    粗体: 未设置
    斜体: 未设置
    下划线: 未设置
    标准颜色: 未设置
  运行 11: '配套产品'
    字体: 未设置
    大小: 未设置
    粗体: 未设置
    斜体: 未设置
    下划线: 未设置
    标准颜色: 未设置
  运行 12: '供应商的议价能力通常较弱。'
    字体: 未设置
    大小: 未设置
    粗体: 未设置
    斜体: 未设置
    下划线: 未设置
    标准颜色: 未设置
  运行 13: 'Y'
    字体: 未设置
    大小: 未设置
    粗体: 未设置
    斜体: 未设置
    下划线: 未设置
    标准颜色: 未设置
  运行 14: '公司的产品交付需要'
    字体: 未设置
    大小: 未设置
    粗体: 未设置
    斜体: 未设置
    下划线: 未设置
    标准颜色: 未设置
  运行 15: '依赖于'
    字体: 未设置
    大小: 未设置
    粗体: 未设置
    斜体: 未设置
    下划线: 未设置
    标准颜色: 未设置
  运行 16: '原厂产品的规格型号的不同而配套相应的周边产品'
    字体: 未设置
    大小: 未设置
    粗体: 未设置
    斜体: 未设置
    下划线: 未设置
    标准颜色: 未设置
  运行 17: '，设备的价值在于创新的整合方案而非单个基础配件'
    字体: 未设置
    大小: 未设置
    粗体: 未设置
    斜体: 未设置
    下划线: 未设置
    标准颜色: 未设置
  运行 18: '产品'
    字体: 未设置
    大小: 未设置
    粗体: 未设置
    斜体: 未设置
    下划线: 未设置
    标准颜色: 未设置
  运行 19: '。此外，许多'
    字体: 未设置
    大小: 未设置
    粗体: 未设置
    斜体: 未设置
    下划线: 未设置
    标准颜色: 未设置
  运行 20: '电动台子配'
    字体: 未设置
    大小: 未设置
    粗体: 未设置
    斜体: 未设置
    下划线: 未设置
    标准颜色: 未设置
  运行 21: '件是根据特定设计定制的，减少了供应商的市场可替代性。为了确保供应链的稳定性，'
    字体: 未设置
    大小: 未设置
    粗体: 未设置
    斜体: 未设置
    下划线: 未设置
    标准颜色: 未设置
  运行 22: '公司'
    字体: 未设置
    大小: 未设置
    粗体: 未设置
    斜体: 未设置
    下划线: 未设置
    标准颜色: 未设置
  运行 23: '通常会与供应商签订长期供货协议。面对大额合同，供应商更倾向于通过量大优惠的方式接受较低的利润率，从而在议价中处于不利地位。'
    字体: 未设置
    大小: 未设置
    粗体: 未设置
    斜体: 未设置
    下划线: 未设置
    标准颜色: 未设置
  运行 24: '此外，还有物流配送商的服务，议价能力也较弱，目前物流行业的竞争异常激烈，供应商为了拿到长期的订单合同，都会压低报价。'
    字体: 未设置
    大小: 未设置
    粗体: 未设置
    斜体: 未设置
    下划线: 未设置
    标准颜色: 未设置

段落 608:
文本内容: 综上所述，尽管Y公司在与尼德克原厂的合作中面临较高的议价压力，但在其他上游配件产品供应链中，由于配件的特殊性和长期合作协议的存在，Y公司能够保持较低的供应商议价风险。这种结构有助于Y公司在市场中保持竞争力，同时确保产品的质量和创新性。
段落样式: 正文-缩进
从样式获取的格式:
  样式字体: 未设置
  样式字号: 未设置
  样式颜色: 未设置
对齐方式: 未设置
左缩进: 未设置
右缩进: 未设置
首行缩进: 未设置
行间距: 未设置
从XML读取的格式:
  运行 1: '综上所述，尽管'
    字体: 未设置
    大小: 未设置
    粗体: 未设置
    斜体: 未设置
    下划线: 未设置
    标准颜色: 未设置
  运行 2: 'Y'
    字体: 未设置
    大小: 未设置
    粗体: 未设置
    斜体: 未设置
    下划线: 未设置
    标准颜色: 未设置
  运行 3: '公司在与尼德克原厂的合作中面临较高的议价压力，但在其'
    字体: 未设置
    大小: 未设置
    粗体: 未设置
    斜体: 未设置
    下划线: 未设置
    标准颜色: 未设置
  运行 4: '他'
    字体: 未设置
    大小: 未设置
    粗体: 未设置
    斜体: 未设置
    下划线: 未设置
    标准颜色: 未设置
  运行 5: '上游'
    字体: 未设置
    大小: 未设置
    粗体: 未设置
    斜体: 未设置
    下划线: 未设置
    标准颜色: 未设置
  运行 6: '配件产品'
    字体: 未设置
    大小: 未设置
    粗体: 未设置
    斜体: 未设置
    下划线: 未设置
    标准颜色: 未设置
  运行 7: '供应链中，由于配件的特殊性和长期合作协议的存在，'
    字体: 未设置
    大小: 未设置
    粗体: 未设置
    斜体: 未设置
    下划线: 未设置
    标准颜色: 未设置
  运行 8: 'Y'
    字体: 未设置
    大小: 未设置
    粗体: 未设置
    斜体: 未设置
    下划线: 未设置
    标准颜色: 未设置
  运行 9: '公司能够保持较低的供应商议价风险。这种结构有助于'
    字体: 未设置
    大小: 未设置
    粗体: 未设置
    斜体: 未设置
    下划线: 未设置
    标准颜色: 未设置
  运行 10: 'Y'
    字体: 未设置
    大小: 未设置
    粗体: 未设置
    斜体: 未设置
    下划线: 未设置
    标准颜色: 未设置
  运行 11: '公司在市场中保持竞争力，同时确保产品的质量和创新性。'
    字体: 未设置
    大小: 未设置
    粗体: 未设置
    斜体: 未设置
    下划线: 未设置
    标准颜色: 未设置

段落 609:
文本内容: Y公司态势分析
段落样式: Heading 2
从样式获取的格式:
  样式字体: 未设置
  样式字号: 177800
  样式字号(pt): 14.0
  样式颜色: 未设置
对齐方式: 未设置
左缩进: 未设置
右缩进: 未设置
首行缩进: 未设置
行间距: 未设置
从XML读取的格式:
  运行 1: 'Y'
    字体: 未设置
    大小: 未设置
    粗体: 未设置
    斜体: 未设置
    下划线: 未设置
    标准颜色: 未设置
  运行 2: '公司'
    字体: 未设置
    大小: 未设置
    粗体: 未设置
    斜体: 未设置
    下划线: 未设置
    标准颜色: 未设置
  运行 3: '态势'
    字体: 未设置
    大小: 未设置
    粗体: 未设置
    斜体: 未设置
    下划线: 未设置
    标准颜色: 未设置
  运行 4: '分析'
    字体: 未设置
    大小: 未设置
    粗体: 未设置
    斜体: 未设置
    下划线: 未设置
    标准颜色: 未设置
  运行 5: ''
    字体: 未设置
    大小: 未设置
    粗体: 未设置
    斜体: 未设置
    下划线: 未设置
    标准颜色: 未设置
  运行 6: ''
    字体: 未设置
    大小: 未设置
    粗体: 未设置
    斜体: 未设置
    下划线: 未设置
    标准颜色: 未设置
  运行 7: ''
    字体: 未设置
    大小: 未设置
    粗体: 未设置
    斜体: 未设置
    下划线: 未设置
    标准颜色: 未设置
  运行 8: ''
    字体: 未设置
    大小: 未设置
    粗体: 未设置
    斜体: 未设置
    下划线: 未设置
    标准颜色: 未设置
  运行 9: ''
    字体: 未设置
    大小: 未设置
    粗体: 未设置
    斜体: 未设置
    下划线: 未设置
    标准颜色: 未设置
  运行 10: ''
    字体: 未设置
    大小: 未设置
    粗体: 未设置
    斜体: 未设置
    下划线: 未设置
    标准颜色: 未设置
  运行 11: ''
    字体: 未设置
    大小: 未设置
    粗体: 未设置
    斜体: 未设置
    下划线: 未设置
    标准颜色: 未设置
  运行 12: ''
    字体: 未设置
    大小: 未设置
    粗体: 未设置
    斜体: 未设置
    下划线: 未设置
    标准颜色: 未设置
  运行 13: ''
    字体: 未设置
    大小: 未设置
    粗体: 未设置
    斜体: 未设置
    下划线: 未设置
    标准颜色: 未设置
  运行 14: ''
    字体: 未设置
    大小: 未设置
    粗体: 未设置
    斜体: 未设置
    下划线: 未设置
    标准颜色: 未设置
  运行 15: ''
    字体: 未设置
    大小: 未设置
    粗体: 未设置
    斜体: 未设置
    下划线: 未设置
    标准颜色: 未设置
  运行 16: ''
    字体: 未设置
    大小: 未设置
    粗体: 未设置
    斜体: 未设置
    下划线: 未设置
    标准颜色: 未设置

段落 610:
文本内容: Y公司优势分析
段落样式: Heading 3
从样式获取的格式:
  样式字体: 未设置
  样式字号: 未设置
  样式颜色: 未设置
对齐方式: 未设置
左缩进: 未设置
右缩进: 未设置
首行缩进: 未设置
行间距: 未设置
从XML读取的格式:
  运行 1: 'Y'
    字体: 未设置
    大小: 未设置
    粗体: 未设置
    斜体: 未设置
    下划线: 未设置
    标准颜色: 未设置
  运行 2: '公司优势分析'
    字体: 未设置
    大小: 未设置
    粗体: 未设置
    斜体: 未设置
    下划线: 未设置
    标准颜色: 未设置
  运行 3: ''
    字体: 未设置
    大小: 未设置
    粗体: 未设置
    斜体: 未设置
    下划线: 未设置
    标准颜色: 未设置
  运行 4: ''
    字体: 未设置
    大小: 未设置
    粗体: 未设置
    斜体: 未设置
    下划线: 未设置
    标准颜色: 未设置
  运行 5: ''
    字体: 未设置
    大小: 未设置
    粗体: 未设置
    斜体: 未设置
    下划线: 未设置
    标准颜色: 未设置
  运行 6: ''
    字体: 未设置
    大小: 未设置
    粗体: 未设置
    斜体: 未设置
    下划线: 未设置
    标准颜色: 未设置
  运行 7: ''
    字体: 未设置
    大小: 未设置
    粗体: 未设置
    斜体: 未设置
    下划线: 未设置
    标准颜色: 未设置
  运行 8: ''
    字体: 未设置
    大小: 未设置
    粗体: 未设置
    斜体: 未设置
    下划线: 未设置
    标准颜色: 未设置
  运行 9: ''
    字体: 未设置
    大小: 未设置
    粗体: 未设置
    斜体: 未设置
    下划线: 未设置
    标准颜色: 未设置
  运行 10: ''
    字体: 未设置
    大小: 未设置
    粗体: 未设置
    斜体: 未设置
    下划线: 未设置
    标准颜色: 未设置
  运行 11: ''
    字体: 未设置
    大小: 未设置
    粗体: 未设置
    斜体: 未设置
    下划线: 未设置
    标准颜色: 未设置
  运行 12: ''
    字体: 未设置
    大小: 未设置
    粗体: 未设置
    斜体: 未设置
    下划线: 未设置
    标准颜色: 未设置
  运行 13: ''
    字体: 未设置
    大小: 未设置
    粗体: 未设置
    斜体: 未设置
    下划线: 未设置
    标准颜色: 未设置
  运行 14: ''
    字体: 未设置
    大小: 未设置
    粗体: 未设置
    斜体: 未设置
    下划线: 未设置
    标准颜色: 未设置
  运行 15: ''
    字体: 未设置
    大小: 未设置
    粗体: 未设置
    斜体: 未设置
    下划线: 未设置
    标准颜色: 未设置
  运行 16: ''
    字体: 未设置
    大小: 未设置
    粗体: 未设置
    斜体: 未设置
    下划线: 未设置
    标准颜色: 未设置
  运行 17: ''
    字体: 未设置
    大小: 未设置
    粗体: 未设置
    斜体: 未设置
    下划线: 未设置
    标准颜色: 未设置
  运行 18: ''
    字体: 未设置
    大小: 未设置
    粗体: 未设置
    斜体: 未设置
    下划线: 未设置
    标准颜色: 未设置
  运行 19: ''
    字体: 未设置
    大小: 未设置
    粗体: 未设置
    斜体: 未设置
    下划线: 未设置
    标准颜色: 未设置
  运行 20: ''
    字体: 未设置
    大小: 未设置
    粗体: 未设置
    斜体: 未设置
    下划线: 未设置
    标准颜色: 未设置
  运行 21: ''
    字体: 未设置
    大小: 未设置
    粗体: 未设置
    斜体: 未设置
    下划线: 未设置
    标准颜色: 未设置
  运行 22: ''
    字体: 未设置
    大小: 未设置
    粗体: 未设置
    斜体: 未设置
    下划线: 未设置
    标准颜色: 未设置
  运行 23: ''
    字体: 未设置
    大小: 未设置
    粗体: 未设置
    斜体: 未设置
    下划线: 未设置
    标准颜色: 未设置
  运行 24: ''
    字体: 未设置
    大小: 未设置
    粗体: 未设置
    斜体: 未设置
    下划线: 未设置
    标准颜色: 未设置
  运行 25: ''
    字体: 未设置
    大小: 未设置
    粗体: 未设置
    斜体: 未设置
    下划线: 未设置
    标准颜色: 未设置
  运行 26: ''
    字体: 未设置
    大小: 未设置
    粗体: 未设置
    斜体: 未设置
    下划线: 未设置
    标准颜色: 未设置
  运行 27: ''
    字体: 未设置
    大小: 未设置
    粗体: 未设置
    斜体: 未设置
    下划线: 未设置
    标准颜色: 未设置
  运行 28: ''
    字体: 未设置
    大小: 未设置
    粗体: 未设置
    斜体: 未设置
    下划线: 未设置
    标准颜色: 未设置
  运行 29: ''
    字体: 未设置
    大小: 未设置
    粗体: 未设置
    斜体: 未设置
    下划线: 未设置
    标准颜色: 未设置

段落 611:
文本内容: Y公司的主要优势有以下四个方面。
段落样式: 正文-缩进
从样式获取的格式:
  样式字体: 未设置
  样式字号: 未设置
  样式颜色: 未设置
对齐方式: 未设置
左缩进: 未设置
右缩进: 未设置
首行缩进: 未设置
行间距: 未设置
从XML读取的格式:
  运行 1: 'Y'
    字体: 未设置
    大小: 未设置
    粗体: 未设置
    斜体: 未设置
    下划线: 未设置
    标准颜色: 未设置
  运行 2: '公司的主要优势有'
    字体: 未设置
    大小: 未设置
    粗体: 未设置
    斜体: 未设置
    下划线: 未设置
    标准颜色: 未设置
  运行 3: '以下四个方面。'
    字体: 未设置
    大小: 未设置
    粗体: 未设置
    斜体: 未设置
    下划线: 未设置
    标准颜色: 未设置

段落 612:
文本内容: 品牌知名度高
段落样式: Heading 4
从样式获取的格式:
  样式字体: 未设置
  样式字号: 未设置
  样式颜色: 未设置
对齐方式: 未设置
左缩进: 未设置
右缩进: 未设置
首行缩进: 未设置
行间距: 未设置
从XML读取的格式:
  运行 1: '品牌知名度高'
    字体: 未设置
    大小: 未设置
    粗体: 未设置
    斜体: 未设置
    下划线: 未设置
    标准颜色: 未设置

段落 613:
文本内容: 公司的产品，是全球眼科医疗的前十品牌之一，在视光领域有着良好的口碑，是行业的标杆产品。许多高端的医学视光中心都是配备尼德克的全系产品，从客观验光的电脑验光仪，到主觉验光的综合验光仪，再到磨边机出眼镜成品，都是尼德克的产品。2015年Y公司成立后，公司加大了在医疗机构的学术推广力度，将尼德克的其他优秀产品，如白内障诊疗产品、眼底诊疗产品介绍给更多的医院，帮助医院解决部分诊疗工作，给医生和患者提供了很大的帮助，从而进一步扩展和提神在医疗机构领域的市场地位。
段落样式: 正文-缩进
从样式获取的格式:
  样式字体: 未设置
  样式字号: 未设置
  样式颜色: 未设置
对齐方式: 未设置
左缩进: 未设置
右缩进: 未设置
首行缩进: 未设置
行间距: 未设置
从XML读取的格式:
  运行 1: '公司'
    字体: 未设置
    大小: 未设置
    粗体: 未设置
    斜体: 未设置
    下划线: 未设置
    标准颜色: 未设置
  运行 2: '的产品，是全球'
    字体: 未设置
    大小: 未设置
    粗体: 未设置
    斜体: 未设置
    下划线: 未设置
    标准颜色: 未设置
  运行 3: '眼科医疗'
    字体: 未设置
    大小: 未设置
    粗体: 未设置
    斜体: 未设置
    下划线: 未设置
    标准颜色: 未设置
  运行 4: '的前十品牌之一，在视光领域有着良好的口碑，是行业的标杆产品。许多高端的医学视光中心都是配备尼德克的全系产品，从客观验光的电脑验光仪，到主觉验光的综合验光仪，再到磨边机出眼镜成品'
    字体: 未设置
    大小: 未设置
    粗体: 未设置
    斜体: 未设置
    下划线: 未设置
    标准颜色: 未设置
  运行 5: '，都是尼德克的产品。'
    字体: 未设置
    大小: 未设置
    粗体: 未设置
    斜体: 未设置
    下划线: 未设置
    标准颜色: 未设置
  运行 6: '2015'
    字体: 未设置
    大小: 未设置
    粗体: 未设置
    斜体: 未设置
    下划线: 未设置
    标准颜色: 未设置
  运行 7: '年'
    字体: 未设置
    大小: 未设置
    粗体: 未设置
    斜体: 未设置
    下划线: 未设置
    标准颜色: 未设置
  运行 8: 'Y'
    字体: 未设置
    大小: 未设置
    粗体: 未设置
    斜体: 未设置
    下划线: 未设置
    标准颜色: 未设置
  运行 9: '公司成立后，'
    字体: 未设置
    大小: 未设置
    粗体: 未设置
    斜体: 未设置
    下划线: 未设置
    标准颜色: 未设置
  运行 10: '公司'
    字体: 未设置
    大小: 未设置
    粗体: 未设置
    斜体: 未设置
    下划线: 未设置
    标准颜色: 未设置
  运行 11: '加大了在医疗机构的学术推广力度，将尼德克的其他优秀产品，如白内障诊疗产品、眼底诊疗产品介绍给更多的医院，帮助医院解决部分诊疗工作，给医生和患者提供了很大的帮助，从而进一步扩展和提神在'
    字体: 未设置
    大小: 未设置
    粗体: 未设置
    斜体: 未设置
    下划线: 未设置
    标准颜色: 未设置
  运行 12: '医疗机构领域的市场地位。'
    字体: 未设置
    大小: 未设置
    粗体: 未设置
    斜体: 未设置
    下划线: 未设置
    标准颜色: 未设置

段落 614:
文本内容: 技术水平高
段落样式: Heading 4
从样式获取的格式:
  样式字体: 未设置
  样式字号: 未设置
  样式颜色: 未设置
对齐方式: 未设置
左缩进: 未设置
右缩进: 未设置
首行缩进: 未设置
行间距: 未设置
从XML读取的格式:
  运行 1: '技术水平高'
    字体: 未设置
    大小: 未设置
    粗体: 未设置
    斜体: 未设置
    下划线: 未设置
    标准颜色: 未设置

段落 615:
文本内容: 尼德克原厂的产品有着超过50年的专业技术积累，而且拥有众多专利技术。每年大量的研发经费投入，是公司产品保持高技术水平的关键。白内障产品中, 屈光分析仪OPD-Scan III为屈光晶体手术的治疗打开了另一扇大门，该产品可以根据患者角膜同的球差数据，给出适合球差人工晶体植入建议，帮助医生患者更加个性化的选者人工晶体。视觉质量分析直观易懂，协助医师与患者交流，巩膜标记法可以提高Toric散光晶体手术的精确度。超声乳化仪CV9000R不但可以个性的设置起始能量、起始负压、以及起始抽吸流速，帮助医生安全高效的完成白内障手术。可重复消毒的管道设计，为医院和患者节省了治疗费用。眼底产品中，Mirante SLO/OCT可以和微视野视野计MP-3联合，不但可以给医生提供形态学的眼底变化，还可以给医师提供功能学上的改变，并做相应的功能训练，提高患者治疗满意度。
段落样式: 正文-缩进
从样式获取的格式:
  样式字体: 未设置
  样式字号: 未设置
  样式颜色: 未设置
对齐方式: 未设置
左缩进: 未设置
右缩进: 未设置
首行缩进: 未设置
行间距: 未设置
从XML读取的格式:
  运行 1: '尼德克原厂'
    字体: 未设置
    大小: 未设置
    粗体: 未设置
    斜体: 未设置
    下划线: 未设置
    标准颜色: 未设置
  运行 2: '的产品有着超过'
    字体: 未设置
    大小: 未设置
    粗体: 未设置
    斜体: 未设置
    下划线: 未设置
    标准颜色: 未设置
  运行 3: '50'
    字体: 未设置
    大小: 未设置
    粗体: 未设置
    斜体: 未设置
    下划线: 未设置
    标准颜色: 未设置
  运行 4: '年的专业技术积累，而且拥有众多专利技术。'
    字体: 未设置
    大小: 未设置
    粗体: 未设置
    斜体: 未设置
    下划线: 未设置
    标准颜色: 未设置
  运行 5: '每年大量的研发经费投入，是公司产品保持高技术水平的关键。白内障产品中'
    字体: 未设置
    大小: 未设置
    粗体: 未设置
    斜体: 未设置
    下划线: 未设置
    标准颜色: 未设置
  运行 6: ','
    字体: 未设置
    大小: 未设置
    粗体: 未设置
    斜体: 未设置
    下划线: 未设置
    标准颜色: 未设置
  运行 7: ' '
    字体: 未设置
    大小: 未设置
    粗体: 未设置
    斜体: 未设置
    下划线: 未设置
    标准颜色: 未设置
  运行 8: '屈光分析仪'
    字体: 未设置
    大小: 未设置
    粗体: 未设置
    斜体: 未设置
    下划线: 未设置
    标准颜色: 未设置
  运行 9: 'OPD-Scan'
    字体: 未设置
    大小: 未设置
    粗体: 未设置
    斜体: 未设置
    下划线: 未设置
    标准颜色: 未设置
  运行 10: ' '
    字体: 未设置
    大小: 未设置
    粗体: 未设置
    斜体: 未设置
    下划线: 未设置
    标准颜色: 未设置
  运行 11: 'III'
    字体: 未设置
    大小: 未设置
    粗体: 未设置
    斜体: 未设置
    下划线: 未设置
    标准颜色: 未设置
  运行 12: '为屈光晶体手术的治疗打开了另一扇大门，该产品可以根据患者角膜同的球差数据，给出适合球差'
    字体: 未设置
    大小: 未设置
    粗体: 未设置
    斜体: 未设置
    下划线: 未设置
    标准颜色: 未设置
  运行 13: '人工晶体'
    字体: 未设置
    大小: 未设置
    粗体: 未设置
    斜体: 未设置
    下划线: 未设置
    标准颜色: 未设置
  运行 14: '植入建议，'
    字体: 未设置
    大小: 未设置
    粗体: 未设置
    斜体: 未设置
    下划线: 未设置
    标准颜色: 未设置
  运行 15: '帮助医生患者更加个性化的选者人工晶体。视觉质量分析直观易懂，协助医师与患者交流，巩膜标记法可以提高'
    字体: 未设置
    大小: 未设置
    粗体: 未设置
    斜体: 未设置
    下划线: 未设置
    标准颜色: 未设置
  运行 16: 'T'
    字体: 未设置
    大小: 未设置
    粗体: 未设置
    斜体: 未设置
    下划线: 未设置
    标准颜色: 未设置
  运行 17: 'oric'
    字体: 未设置
    大小: 未设置
    粗体: 未设置
    斜体: 未设置
    下划线: 未设置
    标准颜色: 未设置
  运行 18: '散光晶体手术的精确度。超声乳化仪'
    字体: 未设置
    大小: 未设置
    粗体: 未设置
    斜体: 未设置
    下划线: 未设置
    标准颜色: 未设置
  运行 19: ''
    字体: 未设置
    大小: 未设置
    粗体: 未设置
    斜体: 未设置
    下划线: 未设置
    标准颜色: 未设置
  运行 20: 'CV9000R'
    字体: 未设置
    大小: 未设置
    粗体: 未设置
    斜体: 未设置
    下划线: 未设置
    标准颜色: 未设置
  运行 21: '不但可以个性的设置起始能量、起始负压、以及起始抽吸流速，帮助医生安全高效的完成白内障手术。可重复消毒的管道设计，为医院和患者节省了治疗费用。眼底产品中，'
    字体: 未设置
    大小: 未设置
    粗体: 未设置
    斜体: 未设置
    下划线: 未设置
    标准颜色: 未设置
  运行 22: 'Mirante SLO/OCT'
    字体: 未设置
    大小: 未设置
    粗体: 未设置
    斜体: 未设置
    下划线: 未设置
    标准颜色: 未设置
  运行 23: '可以和微视野视野计'
    字体: 未设置
    大小: 未设置
    粗体: 未设置
    斜体: 未设置
    下划线: 未设置
    标准颜色: 未设置
  运行 24: 'MP-3'
    字体: 未设置
    大小: 未设置
    粗体: 未设置
    斜体: 未设置
    下划线: 未设置
    标准颜色: 未设置
  运行 25: '联合，'
    字体: 未设置
    大小: 未设置
    粗体: 未设置
    斜体: 未设置
    下划线: 未设置
    标准颜色: 未设置
  运行 26: '不但可以给医生提供形态学的眼底变化，还可以给医师提供功能学上的改变，并做相应的功能训练，提高患者治疗满意度。'
    字体: 未设置
    大小: 未设置
    粗体: 未设置
    斜体: 未设置
    下划线: 未设置
    标准颜色: 未设置

段落 616:
文本内容: 产品线丰富
段落样式: Heading 4
从样式获取的格式:
  样式字体: 未设置
  样式字号: 未设置
  样式颜色: 未设置
对齐方式: 未设置
左缩进: 未设置
右缩进: 未设置
首行缩进: 未设置
行间距: 未设置
从XML读取的格式:
  运行 1: '产品线丰富'
    字体: 未设置
    大小: 未设置
    粗体: 未设置
    斜体: 未设置
    下划线: 未设置
    标准颜色: 未设置

段落 617:
文本内容: Y公司的产品线丰富，可以用单品牌产品组建一个眼科医院。目前的眼科设备产品前文分为三大类，即视光、白内障和眼底病。同样也可以根据诊疗进行分类，每个分类都涵盖了高中低三个不同的价格，更加适合国内的医疗市场。
段落样式: 正文-缩进
从样式获取的格式:
  样式字体: 未设置
  样式字号: 未设置
  样式颜色: 未设置
对齐方式: 未设置
左缩进: 未设置
右缩进: 未设置
首行缩进: 未设置
行间距: 未设置
从XML读取的格式:
  运行 1: 'Y'
    字体: 未设置
    大小: 未设置
    粗体: 未设置
    斜体: 未设置
    下划线: 未设置
    标准颜色: 未设置
  运行 2: '公司的产品线丰富，可以用单品牌产品组建一个眼科医院。目前的眼科设备产品'
    字体: 未设置
    大小: 未设置
    粗体: 未设置
    斜体: 未设置
    下划线: 未设置
    标准颜色: 未设置
  运行 3: '前文'
    字体: 未设置
    大小: 未设置
    粗体: 未设置
    斜体: 未设置
    下划线: 未设置
    标准颜色: 未设置
  运行 4: '分为三大类，即'
    字体: 未设置
    大小: 未设置
    粗体: 未设置
    斜体: 未设置
    下划线: 未设置
    标准颜色: 未设置
  运行 5: '视光、白内障和眼底病。同样也可以根据诊疗进行分类'
    字体: 未设置
    大小: 未设置
    粗体: 未设置
    斜体: 未设置
    下划线: 未设置
    标准颜色: 未设置
  运行 6: '，每个分类都涵盖了高中低三个不同的价格，更加适合国内的医疗市场。'
    字体: 未设置
    大小: 未设置
    粗体: 未设置
    斜体: 未设置
    下划线: 未设置
    标准颜色: 未设置

段落 618:
文本内容: 1. 手术系统和人工晶体：主要产品是超乳设备CV9000和CV9000R，以及白内障手术需要用到的各种人工晶体；
段落样式: 正文-缩进
从样式获取的格式:
  样式字体: 未设置
  样式字号: 未设置
  样式颜色: 未设置
对齐方式: 未设置
左缩进: 未设置
右缩进: 未设置
首行缩进: 未设置
行间距: 未设置
从XML读取的格式:
  运行 1: '1.'
    字体: 未设置
    大小: 未设置
    粗体: 未设置
    斜体: 未设置
    下划线: 未设置
    标准颜色: 未设置
  运行 2: ' '
    字体: 未设置
    大小: 未设置
    粗体: 未设置
    斜体: 未设置
    下划线: 未设置
    标准颜色: 未设置
  运行 3: '手术系统和人工晶体'
    字体: 未设置
    大小: 未设置
    粗体: 未设置
    斜体: 未设置
    下划线: 未设置
    标准颜色: 未设置
  运行 4: '：'
    字体: 未设置
    大小: 未设置
    粗体: 未设置
    斜体: 未设置
    下划线: 未设置
    标准颜色: 未设置
  运行 5: '主要产品是超乳设备'
    字体: 未设置
    大小: 未设置
    粗体: 未设置
    斜体: 未设置
    下划线: 未设置
    标准颜色: 未设置
  运行 6: 'CV9000'
    字体: 未设置
    大小: 未设置
    粗体: 未设置
    斜体: 未设置
    下划线: 未设置
    标准颜色: 未设置
  运行 7: '和'
    字体: 未设置
    大小: 未设置
    粗体: 未设置
    斜体: 未设置
    下划线: 未设置
    标准颜色: 未设置
  运行 8: 'CV9000R'
    字体: 未设置
    大小: 未设置
    粗体: 未设置
    斜体: 未设置
    下划线: 未设置
    标准颜色: 未设置
  运行 9: '，以及白内障手术需要用到的各种人工晶体；'
    字体: 未设置
    大小: 未设置
    粗体: 未设置
    斜体: 未设置
    下划线: 未设置
    标准颜色: 未设置

段落 619:
文本内容: 2. 激光手术类：如多波长激光光凝仪MC-500、眼科半导体激光光凝仪GYC-500、YLC-500；眼前段Nd:YAG激光系统YC-1800、眼科Nd:YAG激光治疗机YC-200、YC-200S plus等；
段落样式: 正文-缩进
从样式获取的格式:
  样式字体: 未设置
  样式字号: 未设置
  样式颜色: 未设置
对齐方式: 未设置
左缩进: 未设置
右缩进: 未设置
首行缩进: 未设置
行间距: 未设置
从XML读取的格式:
  运行 1: '2. '
    字体: 未设置
    大小: 未设置
    粗体: 未设置
    斜体: 未设置
    下划线: 未设置
    标准颜色: 未设置
  运行 2: '激光手术类'
    字体: 未设置
    大小: 未设置
    粗体: 未设置
    斜体: 未设置
    下划线: 未设置
    标准颜色: 未设置
  运行 3: '：'
    字体: 未设置
    大小: 未设置
    粗体: 未设置
    斜体: 未设置
    下划线: 未设置
    标准颜色: 未设置
  运行 4: '如多波长激光光凝仪'
    字体: 未设置
    大小: 未设置
    粗体: 未设置
    斜体: 未设置
    下划线: 未设置
    标准颜色: 未设置
  运行 5: 'MC-500'
    字体: 未设置
    大小: 未设置
    粗体: 未设置
    斜体: 未设置
    下划线: 未设置
    标准颜色: 未设置
  运行 6: '、眼科半导体激光光凝仪'
    字体: 未设置
    大小: 未设置
    粗体: 未设置
    斜体: 未设置
    下划线: 未设置
    标准颜色: 未设置
  运行 7: 'GYC-500'
    字体: 未设置
    大小: 未设置
    粗体: 未设置
    斜体: 未设置
    下划线: 未设置
    标准颜色: 未设置
  运行 8: '、'
    字体: 未设置
    大小: 未设置
    粗体: 未设置
    斜体: 未设置
    下划线: 未设置
    标准颜色: 未设置
  运行 9: 'YLC-500'
    字体: 未设置
    大小: 未设置
    粗体: 未设置
    斜体: 未设置
    下划线: 未设置
    标准颜色: 未设置
  运行 10: '；'
    字体: 未设置
    大小: 未设置
    粗体: 未设置
    斜体: 未设置
    下划线: 未设置
    标准颜色: 未设置
  运行 11: '眼前段'
    字体: 未设置
    大小: 未设置
    粗体: 未设置
    斜体: 未设置
    下划线: 未设置
    标准颜色: 未设置
  运行 12: 'N'
    字体: 未设置
    大小: 未设置
    粗体: 未设置
    斜体: 未设置
    下划线: 未设置
    标准颜色: 未设置
  运行 13: 'd'
    字体: 未设置
    大小: 未设置
    粗体: 未设置
    斜体: 未设置
    下划线: 未设置
    标准颜色: 未设置
  运行 14: ':'
    字体: 未设置
    大小: 未设置
    粗体: 未设置
    斜体: 未设置
    下划线: 未设置
    标准颜色: 未设置
  运行 15: 'YAG'
    字体: 未设置
    大小: 未设置
    粗体: 未设置
    斜体: 未设置
    下划线: 未设置
    标准颜色: 未设置
  运行 16: '激光'
    字体: 未设置
    大小: 未设置
    粗体: 未设置
    斜体: 未设置
    下划线: 未设置
    标准颜色: 未设置
  运行 17: '系统'
    字体: 未设置
    大小: 未设置
    粗体: 未设置
    斜体: 未设置
    下划线: 未设置
    标准颜色: 未设置
  运行 18: 'YC-1800'
    字体: 未设置
    大小: 未设置
    粗体: 未设置
    斜体: 未设置
    下划线: 未设置
    标准颜色: 未设置
  运行 19: '、眼科'
    字体: 未设置
    大小: 未设置
    粗体: 未设置
    斜体: 未设置
    下划线: 未设置
    标准颜色: 未设置
  运行 20: 'N'
    字体: 未设置
    大小: 未设置
    粗体: 未设置
    斜体: 未设置
    下划线: 未设置
    标准颜色: 未设置
  运行 21: 'd'
    字体: 未设置
    大小: 未设置
    粗体: 未设置
    斜体: 未设置
    下划线: 未设置
    标准颜色: 未设置
  运行 22: ':YAG'
    字体: 未设置
    大小: 未设置
    粗体: 未设置
    斜体: 未设置
    下划线: 未设置
    标准颜色: 未设置
  运行 23: '激光治疗机'
    字体: 未设置
    大小: 未设置
    粗体: 未设置
    斜体: 未设置
    下划线: 未设置
    标准颜色: 未设置
  运行 24: 'YC-200'
    字体: 未设置
    大小: 未设置
    粗体: 未设置
    斜体: 未设置
    下划线: 未设置
    标准颜色: 未设置
  运行 25: '、'
    字体: 未设置
    大小: 未设置
    粗体: 未设置
    斜体: 未设置
    下划线: 未设置
    标准颜色: 未设置
  运行 26: 'YC-200S '
    字体: 未设置
    大小: 未设置
    粗体: 未设置
    斜体: 未设置
    下划线: 未设置
    标准颜色: 未设置
  运行 27: 'plus'
    字体: 未设置
    大小: 未设置
    粗体: 未设置
    斜体: 未设置
    下划线: 未设置
    标准颜色: 未设置
  运行 28: '等；'
    字体: 未设置
    大小: 未设置
    粗体: 未设置
    斜体: 未设置
    下划线: 未设置
    标准颜色: 未设置

段落 620:
文本内容: 3. 诊断设备：眼科诊断仪眼科诊断仪Mirante SLO/OCT、微视野视野计MP-3、光干涉断层扫描仪RS-3000 Advance、RS-330、自动免散瞳眼底照相机AFC-330、屈光分析仪OPD-Scan III、角膜内皮显微镜CEM-530、裂隙灯显微镜SL-1800。
段落样式: 正文-缩进
从样式获取的格式:
  样式字体: 未设置
  样式字号: 未设置
  样式颜色: 未设置
对齐方式: 未设置
左缩进: 未设置
右缩进: 未设置
首行缩进: 未设置
行间距: 未设置
从XML读取的格式:
  运行 1: '3. '
    字体: 未设置
    大小: 未设置
    粗体: 未设置
    斜体: 未设置
    下划线: 未设置
    标准颜色: 未设置
  运行 2: '诊断设备：眼科诊断仪眼科诊断仪'
    字体: 未设置
    大小: 未设置
    粗体: 未设置
    斜体: 未设置
    下划线: 未设置
    标准颜色: 未设置
  运行 3: 'Mirante SLO/OCT'
    字体: 未设置
    大小: 未设置
    粗体: 未设置
    斜体: 未设置
    下划线: 未设置
    标准颜色: 未设置
  运行 4: '、微视野视野计'
    字体: 未设置
    大小: 未设置
    粗体: 未设置
    斜体: 未设置
    下划线: 未设置
    标准颜色: 未设置
  运行 5: 'MP-3'
    字体: 未设置
    大小: 未设置
    粗体: 未设置
    斜体: 未设置
    下划线: 未设置
    标准颜色: 未设置
  运行 6: '、光干涉断层扫描仪'
    字体: 未设置
    大小: 未设置
    粗体: 未设置
    斜体: 未设置
    下划线: 未设置
    标准颜色: 未设置
  运行 7: 'RS-3000 Advance'
    字体: 未设置
    大小: 未设置
    粗体: 未设置
    斜体: 未设置
    下划线: 未设置
    标准颜色: 未设置
  运行 8: '、'
    字体: 未设置
    大小: 未设置
    粗体: 未设置
    斜体: 未设置
    下划线: 未设置
    标准颜色: 未设置
  运行 9: 'RS-330'
    字体: 未设置
    大小: 未设置
    粗体: 未设置
    斜体: 未设置
    下划线: 未设置
    标准颜色: 未设置
  运行 10: '、自动免散瞳眼底照相机'
    字体: 未设置
    大小: 未设置
    粗体: 未设置
    斜体: 未设置
    下划线: 未设置
    标准颜色: 未设置
  运行 11: 'AFC-330'
    字体: 未设置
    大小: 未设置
    粗体: 未设置
    斜体: 未设置
    下划线: 未设置
    标准颜色: 未设置
  运行 12: '、屈光分析仪'
    字体: 未设置
    大小: 未设置
    粗体: 未设置
    斜体: 未设置
    下划线: 未设置
    标准颜色: 未设置
  运行 13: 'OPD-Scan III'
    字体: 未设置
    大小: 未设置
    粗体: 未设置
    斜体: 未设置
    下划线: 未设置
    标准颜色: 未设置
  运行 14: '、角膜内皮显微镜'
    字体: 未设置
    大小: 未设置
    粗体: 未设置
    斜体: 未设置
    下划线: 未设置
    标准颜色: 未设置
  运行 15: 'CEM-530'
    字体: 未设置
    大小: 未设置
    粗体: 未设置
    斜体: 未设置
    下划线: 未设置
    标准颜色: 未设置
  运行 16: '、裂隙灯显微镜'
    字体: 未设置
    大小: 未设置
    粗体: 未设置
    斜体: 未设置
    下划线: 未设置
    标准颜色: 未设置
  运行 17: 'SL'
    字体: 未设置
    大小: 未设置
    粗体: 未设置
    斜体: 未设置
    下划线: 未设置
    标准颜色: 未设置
  运行 18: '-1800'
    字体: 未设置
    大小: 未设置
    粗体: 未设置
    斜体: 未设置
    下划线: 未设置
    标准颜色: 未设置
  运行 19: '。'
    字体: 未设置
    大小: 未设置
    粗体: 未设置
    斜体: 未设置
    下划线: 未设置
    标准颜色: 未设置

段落 621:
文本内容: 4. 检查设备：验光仪TONOREF III、自动电脑验光仪/角膜曲率仪ARK-1/ARK-1a/ARK-1s、手持式电脑验光仪HandyRef，HandyRef-K、非接触眼压计/角膜厚度测量仪NT-530P、非接触式眼压计NT-510/530、全自动验光/角膜曲率仪ARK-F、AR-F、光干涉式眼轴长测量仪AL-Scan、验光头RT-5100、RT3100、TS-310、主观验光仪RT-600、视力表投影仪CP-9、视力表灯箱SSC-370、液晶视力表SC-1600、视标投影仪CP-770、电脑焦度计LM-1800PD/1800P、电脑焦度计LM-7P/7、瞳距仪PM-700。
段落样式: 正文-缩进
从样式获取的格式:
  样式字体: 未设置
  样式字号: 未设置
  样式颜色: 未设置
对齐方式: 未设置
左缩进: 未设置
右缩进: 未设置
首行缩进: 未设置
行间距: 未设置
从XML读取的格式:
  运行 1: '4. '
    字体: 未设置
    大小: 未设置
    粗体: 未设置
    斜体: 未设置
    下划线: 未设置
    标准颜色: 未设置
  运行 2: '检查设备'
    字体: 未设置
    大小: 未设置
    粗体: 未设置
    斜体: 未设置
    下划线: 未设置
    标准颜色: 未设置
  运行 3: '：验光仪'
    字体: 未设置
    大小: 未设置
    粗体: 未设置
    斜体: 未设置
    下划线: 未设置
    标准颜色: 未设置
  运行 4: 'TONOREF III'
    字体: 未设置
    大小: 未设置
    粗体: 未设置
    斜体: 未设置
    下划线: 未设置
    标准颜色: 未设置
  运行 5: '、自动电脑验光仪'
    字体: 未设置
    大小: 未设置
    粗体: 未设置
    斜体: 未设置
    下划线: 未设置
    标准颜色: 未设置
  运行 6: '/'
    字体: 未设置
    大小: 未设置
    粗体: 未设置
    斜体: 未设置
    下划线: 未设置
    标准颜色: 未设置
  运行 7: '角膜曲率仪'
    字体: 未设置
    大小: 未设置
    粗体: 未设置
    斜体: 未设置
    下划线: 未设置
    标准颜色: 未设置
  运行 8: 'ARK-1/ARK-1a/ARK-1s'
    字体: 未设置
    大小: 未设置
    粗体: 未设置
    斜体: 未设置
    下划线: 未设置
    标准颜色: 未设置
  运行 9: '、手持式电脑验光仪'
    字体: 未设置
    大小: 未设置
    粗体: 未设置
    斜体: 未设置
    下划线: 未设置
    标准颜色: 未设置
  运行 10: 'HandyRef'
    字体: 未设置
    大小: 未设置
    粗体: 未设置
    斜体: 未设置
    下划线: 未设置
    标准颜色: 未设置
  运行 11: '，'
    字体: 未设置
    大小: 未设置
    粗体: 未设置
    斜体: 未设置
    下划线: 未设置
    标准颜色: 未设置
  运行 12: 'HandyRef-K'
    字体: 未设置
    大小: 未设置
    粗体: 未设置
    斜体: 未设置
    下划线: 未设置
    标准颜色: 未设置
  运行 13: '、非接触眼压计'
    字体: 未设置
    大小: 未设置
    粗体: 未设置
    斜体: 未设置
    下划线: 未设置
    标准颜色: 未设置
  运行 14: '/'
    字体: 未设置
    大小: 未设置
    粗体: 未设置
    斜体: 未设置
    下划线: 未设置
    标准颜色: 未设置
  运行 15: '角膜厚度测'
    字体: 未设置
    大小: 未设置
    粗体: 未设置
    斜体: 未设置
    下划线: 未设置
    标准颜色: 未设置
  运行 16: '量仪'
    字体: 未设置
    大小: 未设置
    粗体: 未设置
    斜体: 未设置
    下划线: 未设置
    标准颜色: 未设置
  运行 17: 'NT-530P'
    字体: 未设置
    大小: 未设置
    粗体: 未设置
    斜体: 未设置
    下划线: 未设置
    标准颜色: 未设置
  运行 18: '、非接触式眼压计'
    字体: 未设置
    大小: 未设置
    粗体: 未设置
    斜体: 未设置
    下划线: 未设置
    标准颜色: 未设置
  运行 19: 'NT-510/530'
    字体: 未设置
    大小: 未设置
    粗体: 未设置
    斜体: 未设置
    下划线: 未设置
    标准颜色: 未设置
  运行 20: '、全自动验光'
    字体: 未设置
    大小: 未设置
    粗体: 未设置
    斜体: 未设置
    下划线: 未设置
    标准颜色: 未设置
  运行 21: '/'
    字体: 未设置
    大小: 未设置
    粗体: 未设置
    斜体: 未设置
    下划线: 未设置
    标准颜色: 未设置
  运行 22: '角膜曲率仪'
    字体: 未设置
    大小: 未设置
    粗体: 未设置
    斜体: 未设置
    下划线: 未设置
    标准颜色: 未设置
  运行 23: 'ARK-F'
    字体: 未设置
    大小: 未设置
    粗体: 未设置
    斜体: 未设置
    下划线: 未设置
    标准颜色: 未设置
  运行 24: '、'
    字体: 未设置
    大小: 未设置
    粗体: 未设置
    斜体: 未设置
    下划线: 未设置
    标准颜色: 未设置
  运行 25: 'AR-F'
    字体: 未设置
    大小: 未设置
    粗体: 未设置
    斜体: 未设置
    下划线: 未设置
    标准颜色: 未设置
  运行 26: '、光干涉式眼轴长测量仪'
    字体: 未设置
    大小: 未设置
    粗体: 未设置
    斜体: 未设置
    下划线: 未设置
    标准颜色: 未设置
  运行 27: 'AL-S'
    字体: 未设置
    大小: 未设置
    粗体: 未设置
    斜体: 未设置
    下划线: 未设置
    标准颜色: 未设置
  运行 28: 'can'
    字体: 未设置
    大小: 未设置
    粗体: 未设置
    斜体: 未设置
    下划线: 未设置
    标准颜色: 未设置
  运行 29: '、验光头'
    字体: 未设置
    大小: 未设置
    粗体: 未设置
    斜体: 未设置
    下划线: 未设置
    标准颜色: 未设置
  运行 30: 'RT-5100'
    字体: 未设置
    大小: 未设置
    粗体: 未设置
    斜体: 未设置
    下划线: 未设置
    标准颜色: 未设置
  运行 31: '、'
    字体: 未设置
    大小: 未设置
    粗体: 未设置
    斜体: 未设置
    下划线: 未设置
    标准颜色: 未设置
  运行 32: 'RT3100'
    字体: 未设置
    大小: 未设置
    粗体: 未设置
    斜体: 未设置
    下划线: 未设置
    标准颜色: 未设置
  运行 33: '、'
    字体: 未设置
    大小: 未设置
    粗体: 未设置
    斜体: 未设置
    下划线: 未设置
    标准颜色: 未设置
  运行 34: 'TS-310'
    字体: 未设置
    大小: 未设置
    粗体: 未设置
    斜体: 未设置
    下划线: 未设置
    标准颜色: 未设置
  运行 35: '、主观验光仪'
    字体: 未设置
    大小: 未设置
    粗体: 未设置
    斜体: 未设置
    下划线: 未设置
    标准颜色: 未设置
  运行 36: 'RT-600'
    字体: 未设置
    大小: 未设置
    粗体: 未设置
    斜体: 未设置
    下划线: 未设置
    标准颜色: 未设置
  运行 37: '、视力表投影仪'
    字体: 未设置
    大小: 未设置
    粗体: 未设置
    斜体: 未设置
    下划线: 未设置
    标准颜色: 未设置
  运行 38: 'CP-9'
    字体: 未设置
    大小: 未设置
    粗体: 未设置
    斜体: 未设置
    下划线: 未设置
    标准颜色: 未设置
  运行 39: '、视力表灯箱'
    字体: 未设置
    大小: 未设置
    粗体: 未设置
    斜体: 未设置
    下划线: 未设置
    标准颜色: 未设置
  运行 40: 'SSC'
    字体: 未设置
    大小: 未设置
    粗体: 未设置
    斜体: 未设置
    下划线: 未设置
    标准颜色: 未设置
  运行 41: '-370'
    字体: 未设置
    大小: 未设置
    粗体: 未设置
    斜体: 未设置
    下划线: 未设置
    标准颜色: 未设置
  运行 42: '、液晶视力表'
    字体: 未设置
    大小: 未设置
    粗体: 未设置
    斜体: 未设置
    下划线: 未设置
    标准颜色: 未设置
  运行 43: 'SC-1600'
    字体: 未设置
    大小: 未设置
    粗体: 未设置
    斜体: 未设置
    下划线: 未设置
    标准颜色: 未设置
  运行 44: '、视标投影仪'
    字体: 未设置
    大小: 未设置
    粗体: 未设置
    斜体: 未设置
    下划线: 未设置
    标准颜色: 未设置
  运行 45: 'CP-770'
    字体: 未设置
    大小: 未设置
    粗体: 未设置
    斜体: 未设置
    下划线: 未设置
    标准颜色: 未设置
  运行 46: '、电脑焦度计'
    字体: 未设置
    大小: 未设置
    粗体: 未设置
    斜体: 未设置
    下划线: 未设置
    标准颜色: 未设置
  运行 47: 'LM-1800PD/1800P'
    字体: 未设置
    大小: 未设置
    粗体: 未设置
    斜体: 未设置
    下划线: 未设置
    标准颜色: 未设置
  运行 48: '、电脑焦度计'
    字体: 未设置
    大小: 未设置
    粗体: 未设置
    斜体: 未设置
    下划线: 未设置
    标准颜色: 未设置
  运行 49: 'LM-7P/7'
    字体: 未设置
    大小: 未设置
    粗体: 未设置
    斜体: 未设置
    下划线: 未设置
    标准颜色: 未设置
  运行 50: '、瞳距仪'
    字体: 未设置
    大小: 未设置
    粗体: 未设置
    斜体: 未设置
    下划线: 未设置
    标准颜色: 未设置
  运行 51: 'PM-700'
    字体: 未设置
    大小: 未设置
    粗体: 未设置
    斜体: 未设置
    下划线: 未设置
    标准颜色: 未设置
  运行 52: '。'
    字体: 未设置
    大小: 未设置
    粗体: 未设置
    斜体: 未设置
    下划线: 未设置
    标准颜色: 未设置

段落 622:
文本内容: 5. 眼镜加工设备：个性化加工全自动磨边机ME-1500、免模全自动磨边机LEXCE Trend、全自动磨边机Le-1200、磨边机LE-800、全自动工业高速磨边机SE-9090 Supra、SE-9090 Supra L、磨边机镜片走的那个传输系统AES-2200、AES-1500、AES-1000、AHM-1000Supra、RHU-2200、RHU-1500、RHU-1000、智能中心定位仪ICE-1500、ICE-1、中心定位仪CE-9等。
段落样式: 正文-缩进
从样式获取的格式:
  样式字体: 未设置
  样式字号: 未设置
  样式颜色: 未设置
对齐方式: 未设置
左缩进: 未设置
右缩进: 未设置
首行缩进: 未设置
行间距: 未设置
从XML读取的格式:
  运行 1: '5. '
    字体: 未设置
    大小: 未设置
    粗体: 未设置
    斜体: 未设置
    下划线: 未设置
    标准颜色: 未设置
  运行 2: '眼镜加工设备：个性化加工全自动磨边机'
    字体: 未设置
    大小: 未设置
    粗体: 未设置
    斜体: 未设置
    下划线: 未设置
    标准颜色: 未设置
  运行 3: 'ME-'
    字体: 未设置
    大小: 未设置
    粗体: 未设置
    斜体: 未设置
    下划线: 未设置
    标准颜色: 未设置
  运行 4: '1500'
    字体: 未设置
    大小: 未设置
    粗体: 未设置
    斜体: 未设置
    下划线: 未设置
    标准颜色: 未设置
  运行 5: '、免模全自动磨边机'
    字体: 未设置
    大小: 未设置
    粗体: 未设置
    斜体: 未设置
    下划线: 未设置
    标准颜色: 未设置
  运行 6: 'LEXCE T'
    字体: 未设置
    大小: 未设置
    粗体: 未设置
    斜体: 未设置
    下划线: 未设置
    标准颜色: 未设置
  运行 7: 'rend'
    字体: 未设置
    大小: 未设置
    粗体: 未设置
    斜体: 未设置
    下划线: 未设置
    标准颜色: 未设置
  运行 8: '、全自动磨边机'
    字体: 未设置
    大小: 未设置
    粗体: 未设置
    斜体: 未设置
    下划线: 未设置
    标准颜色: 未设置
  运行 9: 'L'
    字体: 未设置
    大小: 未设置
    粗体: 未设置
    斜体: 未设置
    下划线: 未设置
    标准颜色: 未设置
  运行 10: 'e-1200'
    字体: 未设置
    大小: 未设置
    粗体: 未设置
    斜体: 未设置
    下划线: 未设置
    标准颜色: 未设置
  运行 11: '、磨边机'
    字体: 未设置
    大小: 未设置
    粗体: 未设置
    斜体: 未设置
    下划线: 未设置
    标准颜色: 未设置
  运行 12: 'LE-'
    字体: 未设置
    大小: 未设置
    粗体: 未设置
    斜体: 未设置
    下划线: 未设置
    标准颜色: 未设置
  运行 13: '800'
    字体: 未设置
    大小: 未设置
    粗体: 未设置
    斜体: 未设置
    下划线: 未设置
    标准颜色: 未设置
  运行 14: '、全自动工业高速磨边机'
    字体: 未设置
    大小: 未设置
    粗体: 未设置
    斜体: 未设置
    下划线: 未设置
    标准颜色: 未设置
  运行 15: 'SE'
    字体: 未设置
    大小: 未设置
    粗体: 未设置
    斜体: 未设置
    下划线: 未设置
    标准颜色: 未设置
  运行 16: '-9090 '
    字体: 未设置
    大小: 未设置
    粗体: 未设置
    斜体: 未设置
    下划线: 未设置
    标准颜色: 未设置
  运行 17: 'Supra'
    字体: 未设置
    大小: 未设置
    粗体: 未设置
    斜体: 未设置
    下划线: 未设置
    标准颜色: 未设置
  运行 18: '、'
    字体: 未设置
    大小: 未设置
    粗体: 未设置
    斜体: 未设置
    下划线: 未设置
    标准颜色: 未设置
  运行 19: 'SE'
    字体: 未设置
    大小: 未设置
    粗体: 未设置
    斜体: 未设置
    下划线: 未设置
    标准颜色: 未设置
  运行 20: '-9090 '
    字体: 未设置
    大小: 未设置
    粗体: 未设置
    斜体: 未设置
    下划线: 未设置
    标准颜色: 未设置
  运行 21: 'Supra'
    字体: 未设置
    大小: 未设置
    粗体: 未设置
    斜体: 未设置
    下划线: 未设置
    标准颜色: 未设置
  运行 22: ' '
    字体: 未设置
    大小: 未设置
    粗体: 未设置
    斜体: 未设置
    下划线: 未设置
    标准颜色: 未设置
  运行 23: 'L'
    字体: 未设置
    大小: 未设置
    粗体: 未设置
    斜体: 未设置
    下划线: 未设置
    标准颜色: 未设置
  运行 24: '、磨边机镜片走的那个传输系统'
    字体: 未设置
    大小: 未设置
    粗体: 未设置
    斜体: 未设置
    下划线: 未设置
    标准颜色: 未设置
  运行 25: 'AES-2200'
    字体: 未设置
    大小: 未设置
    粗体: 未设置
    斜体: 未设置
    下划线: 未设置
    标准颜色: 未设置
  运行 26: '、'
    字体: 未设置
    大小: 未设置
    粗体: 未设置
    斜体: 未设置
    下划线: 未设置
    标准颜色: 未设置
  运行 27: 'AES-1500'
    字体: 未设置
    大小: 未设置
    粗体: 未设置
    斜体: 未设置
    下划线: 未设置
    标准颜色: 未设置
  运行 28: '、'
    字体: 未设置
    大小: 未设置
    粗体: 未设置
    斜体: 未设置
    下划线: 未设置
    标准颜色: 未设置
  运行 29: 'AES-1000'
    字体: 未设置
    大小: 未设置
    粗体: 未设置
    斜体: 未设置
    下划线: 未设置
    标准颜色: 未设置
  运行 30: '、'
    字体: 未设置
    大小: 未设置
    粗体: 未设置
    斜体: 未设置
    下划线: 未设置
    标准颜色: 未设置
  运行 31: 'AHM-1000Supra'
    字体: 未设置
    大小: 未设置
    粗体: 未设置
    斜体: 未设置
    下划线: 未设置
    标准颜色: 未设置
  运行 32: '、'
    字体: 未设置
    大小: 未设置
    粗体: 未设置
    斜体: 未设置
    下划线: 未设置
    标准颜色: 未设置
  运行 33: 'RHU-2200'
    字体: 未设置
    大小: 未设置
    粗体: 未设置
    斜体: 未设置
    下划线: 未设置
    标准颜色: 未设置
  运行 34: '、'
    字体: 未设置
    大小: 未设置
    粗体: 未设置
    斜体: 未设置
    下划线: 未设置
    标准颜色: 未设置
  运行 35: 'RHU-1500'
    字体: 未设置
    大小: 未设置
    粗体: 未设置
    斜体: 未设置
    下划线: 未设置
    标准颜色: 未设置
  运行 36: '、'
    字体: 未设置
    大小: 未设置
    粗体: 未设置
    斜体: 未设置
    下划线: 未设置
    标准颜色: 未设置
  运行 37: 'RHU-1000'
    字体: 未设置
    大小: 未设置
    粗体: 未设置
    斜体: 未设置
    下划线: 未设置
    标准颜色: 未设置
  运行 38: '、智能中心定位仪'
    字体: 未设置
    大小: 未设置
    粗体: 未设置
    斜体: 未设置
    下划线: 未设置
    标准颜色: 未设置
  运行 39: 'ICE-1500'
    字体: 未设置
    大小: 未设置
    粗体: 未设置
    斜体: 未设置
    下划线: 未设置
    标准颜色: 未设置
  运行 40: '、'
    字体: 未设置
    大小: 未设置
    粗体: 未设置
    斜体: 未设置
    下划线: 未设置
    标准颜色: 未设置
  运行 41: 'ICE-1'
    字体: 未设置
    大小: 未设置
    粗体: 未设置
    斜体: 未设置
    下划线: 未设置
    标准颜色: 未设置
  运行 42: '、中心定位仪'
    字体: 未设置
    大小: 未设置
    粗体: 未设置
    斜体: 未设置
    下划线: 未设置
    标准颜色: 未设置
  运行 43: 'CE-9'
    字体: 未设置
    大小: 未设置
    粗体: 未设置
    斜体: 未设置
    下划线: 未设置
    标准颜色: 未设置
  运行 44: '等。'
    字体: 未设置
    大小: 未设置
    粗体: 未设置
    斜体: 未设置
    下划线: 未设置
    标准颜色: 未设置

段落 623:
文本内容: 良好的服务
段落样式: Heading 4
从样式获取的格式:
  样式字体: 未设置
  样式字号: 未设置
  样式颜色: 未设置
对齐方式: 未设置
左缩进: 未设置
右缩进: 未设置
首行缩进: 未设置
行间距: 未设置
从XML读取的格式:
  运行 1: '良好的服务'
    字体: 未设置
    大小: 未设置
    粗体: 未设置
    斜体: 未设置
    下划线: 未设置
    标准颜色: 未设置

段落 624:
文本内容: 在2015年底，公司成立之初，我们发现辖区内的医疗机构对尼德克品牌的产品，特别是非视光类的诊疗设备，普遍缺乏足够的了解。为了提升品牌认知度和市场占有率，Y公司采取了一系列策略。首先，公司招募了两位眼科行业的资深销售人员担任销售经理，负责加强团队对重点产品的理解和销售。接着，公司与辖区内有影响力的医疗机构建立了深度合作关系，并通过学术推广活动和样机试用，让医师们亲身体验产品，同时提供操作培训和报告解读，帮助他们深入理解产品并将其应用于临床诊疗。几年来，Y公司通过不懈的讲解、试用推广，逐渐在市场中站稳脚跟。对于已经采购我们产品的客户，我们的业务经理通过增加回访次数，不断提升服务质量和客户满意度。这一系列的努力，使得尼德克的产品逐渐被市场接受，并在眼科诊疗领域占据了一席之地。
段落样式: 正文-缩进
从样式获取的格式:
  样式字体: 未设置
  样式字号: 未设置
  样式颜色: 未设置
对齐方式: 未设置
左缩进: 未设置
右缩进: 未设置
首行缩进: 未设置
行间距: 未设置
从XML读取的格式:
  运行 1: '在'
    字体: 未设置
    大小: 未设置
    粗体: 未设置
    斜体: 未设置
    下划线: 未设置
    标准颜色: 未设置
  运行 2: '2015'
    字体: 未设置
    大小: 未设置
    粗体: 未设置
    斜体: 未设置
    下划线: 未设置
    标准颜色: 未设置
  运行 3: '年底，'
    字体: 未设置
    大小: 未设置
    粗体: 未设置
    斜体: 未设置
    下划线: 未设置
    标准颜色: 未设置
  运行 4: '公司成立之初，我们发现辖区内的医疗机构对尼德克品牌的产品，特别是非视光类的诊疗设备，普遍缺乏足够的了解。为了提升品牌认知度和市场占有率，'
    字体: 未设置
    大小: 未设置
    粗体: 未设置
    斜体: 未设置
    下划线: 未设置
    标准颜色: 未设置
  运行 5: 'Y'
    字体: 未设置
    大小: 未设置
    粗体: 未设置
    斜体: 未设置
    下划线: 未设置
    标准颜色: 未设置
  运行 6: '公司'
    字体: 未设置
    大小: 未设置
    粗体: 未设置
    斜体: 未设置
    下划线: 未设置
    标准颜色: 未设置
  运行 7: '采取了一系列策略。首先，'
    字体: 未设置
    大小: 未设置
    粗体: 未设置
    斜体: 未设置
    下划线: 未设置
    标准颜色: 未设置
  运行 8: '公司'
    字体: 未设置
    大小: 未设置
    粗体: 未设置
    斜体: 未设置
    下划线: 未设置
    标准颜色: 未设置
  运行 9: '招募了两位眼科行业的资深销售人员担任销售经理，负责加强团队对重点产品的理解和销售。接着，'
    字体: 未设置
    大小: 未设置
    粗体: 未设置
    斜体: 未设置
    下划线: 未设置
    标准颜色: 未设置
  运行 10: '公司'
    字体: 未设置
    大小: 未设置
    粗体: 未设置
    斜体: 未设置
    下划线: 未设置
    标准颜色: 未设置
  运行 11: '与辖区内有影响力的医疗机构建立了深度合作关系，并通过学术推广活动和样机试用，让医师们亲身体验产品，同时提供操作培训和报告解读，帮助他们深入理解产品并将其应用于临床诊疗。几年来，'
    字体: 未设置
    大小: 未设置
    粗体: 未设置
    斜体: 未设置
    下划线: 未设置
    标准颜色: 未设置
  运行 12: 'Y'
    字体: 未设置
    大小: 未设置
    粗体: 未设置
    斜体: 未设置
    下划线: 未设置
    标准颜色: 未设置
  运行 13: '公司'
    字体: 未设置
    大小: 未设置
    粗体: 未设置
    斜体: 未设置
    下划线: 未设置
    标准颜色: 未设置
  运行 14: '通过不懈的讲解、试用推广，逐渐在市场中站稳脚跟。对于已经采购我们产品的客户，我们的业务经理通过增加回访次数，不断提升服务质量和客户满意度。这一系列的努力，使得尼德克的产品逐渐被市场接受，并在眼科诊疗领域占据了一席之地。'
    字体: 未设置
    大小: 未设置
    粗体: 未设置
    斜体: 未设置
    下划线: 未设置
    标准颜色: 未设置

段落 625:
文本内容: Y公司劣势分析
段落样式: Heading 3
从样式获取的格式:
  样式字体: 未设置
  样式字号: 未设置
  样式颜色: 未设置
对齐方式: 未设置
左缩进: 未设置
右缩进: 未设置
首行缩进: 未设置
行间距: 未设置
从XML读取的格式:
  运行 1: 'Y'
    字体: 未设置
    大小: 未设置
    粗体: 未设置
    斜体: 未设置
    下划线: 未设置
    标准颜色: 未设置
  运行 2: '公司劣势分析'
    字体: 未设置
    大小: 未设置
    粗体: 未设置
    斜体: 未设置
    下划线: 未设置
    标准颜色: 未设置
  运行 3: ''
    字体: 未设置
    大小: 未设置
    粗体: 未设置
    斜体: 未设置
    下划线: 未设置
    标准颜色: 未设置
  运行 4: ''
    字体: 未设置
    大小: 未设置
    粗体: 未设置
    斜体: 未设置
    下划线: 未设置
    标准颜色: 未设置
  运行 5: ''
    字体: 未设置
    大小: 未设置
    粗体: 未设置
    斜体: 未设置
    下划线: 未设置
    标准颜色: 未设置
  运行 6: ''
    字体: 未设置
    大小: 未设置
    粗体: 未设置
    斜体: 未设置
    下划线: 未设置
    标准颜色: 未设置
  运行 7: ''
    字体: 未设置
    大小: 未设置
    粗体: 未设置
    斜体: 未设置
    下划线: 未设置
    标准颜色: 未设置
  运行 8: ''
    字体: 未设置
    大小: 未设置
    粗体: 未设置
    斜体: 未设置
    下划线: 未设置
    标准颜色: 未设置
  运行 9: ''
    字体: 未设置
    大小: 未设置
    粗体: 未设置
    斜体: 未设置
    下划线: 未设置
    标准颜色: 未设置
  运行 10: ''
    字体: 未设置
    大小: 未设置
    粗体: 未设置
    斜体: 未设置
    下划线: 未设置
    标准颜色: 未设置

段落 626:
文本内容: Y公司的主要劣势有四个方面。
段落样式: 正文-缩进
从样式获取的格式:
  样式字体: 未设置
  样式字号: 未设置
  样式颜色: 未设置
对齐方式: 未设置
左缩进: 未设置
右缩进: 未设置
首行缩进: 未设置
行间距: 未设置
从XML读取的格式:
  运行 1: 'Y'
    字体: 未设置
    大小: 未设置
    粗体: 未设置
    斜体: 未设置
    下划线: 未设置
    标准颜色: 未设置
  运行 2: '公司的主要劣势有'
    字体: 未设置
    大小: 未设置
    粗体: 未设置
    斜体: 未设置
    下划线: 未设置
    标准颜色: 未设置
  运行 3: '四个方面。'
    字体: 未设置
    大小: 未设置
    粗体: 未设置
    斜体: 未设置
    下划线: 未设置
    标准颜色: 未设置

段落 627:
文本内容: 国产化程度低
段落样式: Heading 4
从样式获取的格式:
  样式字体: 未设置
  样式字号: 未设置
  样式颜色: 未设置
对齐方式: 未设置
左缩进: 未设置
右缩进: 未设置
首行缩进: 未设置
行间距: 未设置
从XML读取的格式:
  运行 1: '国产化程度低'
    字体: 未设置
    大小: 未设置
    粗体: 未设置
    斜体: 未设置
    下划线: 未设置
    标准颜色: 未设置

段落 628:
文本内容: Y公司产品相对于蔡司、拓普康等公司，国产化程度低。目前Y公司的国产品有电脑验光仪ARK-1、AR-1、焦度计LM-7、LM-7P两个系列产品，其他产品都是进口品，国产化进度慢。蔡司目前国产化的产品有手术显微镜、眼科光相干断层扫描仪、生物显微镜。而拓普康目前国产化的产品有免散瞳眼底照相机、裂隙灯显微镜、电脑验光仪、电脑角膜验光仪等。近几年国家进行国产化替代的大环境下，只有少数产品国产化，和国际同行以及国内同行有明显的竞争劣势。
段落样式: 正文-缩进
从样式获取的格式:
  样式字体: 未设置
  样式字号: 未设置
  样式颜色: 未设置
对齐方式: 未设置
左缩进: 未设置
右缩进: 未设置
首行缩进: 未设置
行间距: 未设置
从XML读取的格式:
  运行 1: 'Y'
    字体: 未设置
    大小: 未设置
    粗体: 未设置
    斜体: 未设置
    下划线: 未设置
    标准颜色: 未设置
  运行 2: '公司产品相对于蔡司、拓普康等公司，国产化程度低。目前'
    字体: 未设置
    大小: 未设置
    粗体: 未设置
    斜体: 未设置
    下划线: 未设置
    标准颜色: 未设置
  运行 3: 'Y'
    字体: 未设置
    大小: 未设置
    粗体: 未设置
    斜体: 未设置
    下划线: 未设置
    标准颜色: 未设置
  运行 4: '公司的国产品有电脑验光仪'
    字体: 未设置
    大小: 未设置
    粗体: 未设置
    斜体: 未设置
    下划线: 未设置
    标准颜色: 未设置
  运行 5: 'ARK-1'
    字体: 未设置
    大小: 未设置
    粗体: 未设置
    斜体: 未设置
    下划线: 未设置
    标准颜色: 未设置
  运行 6: '、'
    字体: 未设置
    大小: 未设置
    粗体: 未设置
    斜体: 未设置
    下划线: 未设置
    标准颜色: 未设置
  运行 7: 'AR-1'
    字体: 未设置
    大小: 未设置
    粗体: 未设置
    斜体: 未设置
    下划线: 未设置
    标准颜色: 未设置
  运行 8: '、焦度计'
    字体: 未设置
    大小: 未设置
    粗体: 未设置
    斜体: 未设置
    下划线: 未设置
    标准颜色: 未设置
  运行 9: 'LM-7'
    字体: 未设置
    大小: 未设置
    粗体: 未设置
    斜体: 未设置
    下划线: 未设置
    标准颜色: 未设置
  运行 10: '、'
    字体: 未设置
    大小: 未设置
    粗体: 未设置
    斜体: 未设置
    下划线: 未设置
    标准颜色: 未设置
  运行 11: 'LM-7P'
    字体: 未设置
    大小: 未设置
    粗体: 未设置
    斜体: 未设置
    下划线: 未设置
    标准颜色: 未设置
  运行 12: '两'
    字体: 未设置
    大小: 未设置
    粗体: 未设置
    斜体: 未设置
    下划线: 未设置
    标准颜色: 未设置
  运行 13: '个系列'
    字体: 未设置
    大小: 未设置
    粗体: 未设置
    斜体: 未设置
    下划线: 未设置
    标准颜色: 未设置
  运行 14: '产品，其他产品都是进口品，国产化进度慢。'
    字体: 未设置
    大小: 未设置
    粗体: 未设置
    斜体: 未设置
    下划线: 未设置
    标准颜色: 未设置
  运行 15: '蔡司'
    字体: 未设置
    大小: 未设置
    粗体: 未设置
    斜体: 未设置
    下划线: 未设置
    标准颜色: 未设置
  运行 16: '目前国产化的产品有手术显微镜、眼科光相干断层扫描仪、生物显微镜。而拓普康目前国产化的产品有免散瞳眼底照相机、裂隙灯显微'
    字体: 未设置
    大小: 未设置
    粗体: 未设置
    斜体: 未设置
    下划线: 未设置
    标准颜色: 未设置
  运行 17: '镜、电脑验光仪、电脑角膜验光仪等。近几年国家进行国产化替代的大环境下，只有少数产品国产化，和国际同行以及国内同行有明显的竞争劣势。'
    字体: 未设置
    大小: 未设置
    粗体: 未设置
    斜体: 未设置
    下划线: 未设置
    标准颜色: 未设置

段落 629:
文本内容: 内部流程问题
段落样式: Heading 4
从样式获取的格式:
  样式字体: 未设置
  样式字号: 未设置
  样式颜色: 未设置
对齐方式: 未设置
左缩进: 未设置
右缩进: 未设置
首行缩进: 未设置
行间距: 未设置
从XML读取的格式:
  运行 1: '内部流程问题'
    字体: 未设置
    大小: 未设置
    粗体: 未设置
    斜体: 未设置
    下划线: 未设置
    标准颜色: 未设置

段落 630:
文本内容: Y公司自2015年底成立以来，一直在不断地调整和优化管理制度，以适应快速变化的市场环境。公司的大部分员工主要来自一位股东原先所在的公司，这批员工原先主要服务眼镜店等视光中心客户。随着公司转型，客户群体转变为医疗机构的决策者，如主任和院长等，这种转变对员工提出了新的挑战，不少员工在适应新客户群体方面遇到了困难。
段落样式: 正文-缩进
从样式获取的格式:
  样式字体: 未设置
  样式字号: 未设置
  样式颜色: 未设置
对齐方式: 未设置
左缩进: 未设置
右缩进: 未设置
首行缩进: 未设置
行间距: 未设置
从XML读取的格式:
  运行 1: 'Y'
    字体: 未设置
    大小: 未设置
    粗体: 未设置
    斜体: 未设置
    下划线: 未设置
    标准颜色: 未设置
  运行 2: '公司自'
    字体: 未设置
    大小: 未设置
    粗体: 未设置
    斜体: 未设置
    下划线: 未设置
    标准颜色: 未设置
  运行 3: '2015'
    字体: 未设置
    大小: 未设置
    粗体: 未设置
    斜体: 未设置
    下划线: 未设置
    标准颜色: 未设置
  运行 4: '年底成立以来，一直在不断地调整和优化管理制度，以适应快速变化的市场环境。公司的大部分员工主要来自'
    字体: 未设置
    大小: 未设置
    粗体: 未设置
    斜体: 未设置
    下划线: 未设置
    标准颜色: 未设置
  运行 5: '一位股东'
    字体: 未设置
    大小: 未设置
    粗体: 未设置
    斜体: 未设置
    下划线: 未设置
    标准颜色: 未设置
  运行 6: '原先所在的公司，这批员工原先主要服务眼镜店等视光中心客户。随着公司转型，客户群体转变为医疗机构的决策者，如主任和院长等，这种转变对员工提出了新的挑战，不少员工在适应新客户群体方面遇到了困难。'
    字体: 未设置
    大小: 未设置
    粗体: 未设置
    斜体: 未设置
    下划线: 未设置
    标准颜色: 未设置

段落 631:
文本内容: 公司在多个关键流程上存在不完善之处，包括发货流程、设备试用流程、客户拜访流程、报销流程和审批流程等。这些流程的不完善可能影响了公司的运营效率和客户满意度。尽管公司业绩在过去几年里取得了显著增长，但到了2020年，新冠疫情的爆发导致增长速度放缓。疫情对全球经济和各个行业都产生了深远影响，医疗行业也不例外。除了疫情这一外部因素，公司内部流程的问题也是导致增长放缓的内部因素之一。
段落样式: 正文-缩进
从样式获取的格式:
  样式字体: 未设置
  样式字号: 未设置
  样式颜色: 未设置
对齐方式: 未设置
左缩进: 未设置
右缩进: 未设置
首行缩进: 未设置
行间距: 未设置
从XML读取的格式:
  运行 1: '公司在多个关键流程上存在不完善之处，包括发货流程、设备试用流程、客户拜访流程、报销流程和审批流程等。这些流程的不完善可能影响了公司的运营效率和客户满意度。尽管公司业绩在过去几年里取得了显著增长，但到了'
    字体: 未设置
    大小: 未设置
    粗体: 未设置
    斜体: 未设置
    下划线: 未设置
    标准颜色: 未设置
  运行 2: '2020'
    字体: 未设置
    大小: 未设置
    粗体: 未设置
    斜体: 未设置
    下划线: 未设置
    标准颜色: 未设置
  运行 3: '年，新冠疫情的爆发导致增长速度放缓。疫情对全球经济和各个行业都产生了深远影响，医疗行业也不例外。除了疫情这一外部因素，公司内部流程的问题也是导致增长放缓的内部因素之一。'
    字体: 未设置
    大小: 未设置
    粗体: 未设置
    斜体: 未设置
    下划线: 未设置
    标准颜色: 未设置

段落 632:
文本内容: 产品聚焦问题
段落样式: Heading 4
从样式获取的格式:
  样式字体: 未设置
  样式字号: 未设置
  样式颜色: 未设置
对齐方式: 未设置
左缩进: 未设置
右缩进: 未设置
首行缩进: 未设置
行间距: 未设置
从XML读取的格式:
  运行 1: '产品聚焦问题'
    字体: 未设置
    大小: 未设置
    粗体: 未设置
    斜体: 未设置
    下划线: 未设置
    标准颜色: 未设置

段落 633:
文本内容: Y公司面临的挑战在于产品线广泛，要求销售人员熟悉超过40种产品的详细信息，包括性能、优势和临床应用，这无疑增加了工作的复杂性和难度。市场部人员虽然对产品有深入的了解，但要覆盖五个省份的广大客户群体，资源和人力上的挑战巨大。
段落样式: 正文-缩进
从样式获取的格式:
  样式字体: 未设置
  样式字号: 未设置
  样式颜色: 未设置
对齐方式: 未设置
左缩进: 未设置
右缩进: 未设置
首行缩进: 未设置
行间距: 未设置
从XML读取的格式:
  运行 1: 'Y'
    字体: 未设置
    大小: 未设置
    粗体: 未设置
    斜体: 未设置
    下划线: 未设置
    标准颜色: 未设置
  运行 2: '公司面临的挑战在于产品线广泛，要求销售人员熟悉超过'
    字体: 未设置
    大小: 未设置
    粗体: 未设置
    斜体: 未设置
    下划线: 未设置
    标准颜色: 未设置
  运行 3: '40'
    字体: 未设置
    大小: 未设置
    粗体: 未设置
    斜体: 未设置
    下划线: 未设置
    标准颜色: 未设置
  运行 4: '种产品的详细信息，包括性能、优势和临床应用，这无疑增加了工作的复杂性和难度。市场部人员虽然对产品有深入的了解，但要覆盖五个省份的广大客户群体，资源和人力上的挑战巨大。'
    字体: 未设置
    大小: 未设置
    粗体: 未设置
    斜体: 未设置
    下划线: 未设置
    标准颜色: 未设置

段落 634:
文本内容: 此外，仓库管理同样面临压力，需要准备多种规格的设备，这不仅增加了库存管理的难度，也导致了资金的占用和流动性的限制。这种广泛的产品覆盖策略可能导致公司资源分散，难以形成对特定拳头产品的集中推广和市场突破。
段落样式: 正文-缩进
从样式获取的格式:
  样式字体: 未设置
  样式字号: 未设置
  样式颜色: 未设置
对齐方式: 未设置
左缩进: 未设置
右缩进: 未设置
首行缩进: 未设置
行间距: 未设置
从XML读取的格式:
  运行 1: '此外，仓库管理同样面临压力，需要准备多种规格的设备，这不仅增加了库存管理的难度，也导致了资金的占用和流动性的限制。这种广泛的产品覆盖策略可能导致公司资源分散，难以形成对特定拳头产品的集中推广和市场突破。'
    字体: 未设置
    大小: 未设置
    粗体: 未设置
    斜体: 未设置
    下划线: 未设置
    标准颜色: 未设置

段落 635:
文本内容: 人力资源问题
段落样式: Heading 4
从样式获取的格式:
  样式字体: 未设置
  样式字号: 未设置
  样式颜色: 未设置
对齐方式: 未设置
左缩进: 未设置
右缩进: 未设置
首行缩进: 未设置
行间距: 未设置
从XML读取的格式:
  运行 1: '人力资源问题'
    字体: 未设置
    大小: 未设置
    粗体: 未设置
    斜体: 未设置
    下划线: 未设置
    标准颜色: 未设置

段落 636:
文本内容: 从组织结构来看，Y公司的销售团队占公司总员工的比例较大，但面对的挑战也相对明显。销售团队覆盖率问题：29名销售人员占员工总数的33.72%，平均每人需要负责4-5个地级市，这导致对客户的覆盖率不足，拜访频率较低，可能影响客户关系管理和市场渗透。高离职率：销售人员的离职率高，这可能与工作压力、职业发展机会或薪酬福利等因素有关，频繁的人员变动对团队稳定性和销售连续性构成挑战。市场部人员流失：市场部11人占员工总数的12.80%，但市场人员离职率高，特别是临床专员经常面临被竞争对手挖角的情况。品牌形象和客户信任问题：员工频繁离职可能会对企业品牌形象造成负面影响，降低客户对公司的信任度，并可能对公司的服务质量和稳定性产生疑虑。
段落样式: 正文-缩进
从样式获取的格式:
  样式字体: 未设置
  样式字号: 未设置
  样式颜色: 未设置
对齐方式: 未设置
左缩进: 未设置
右缩进: 未设置
首行缩进: 未设置
行间距: 未设置
从XML读取的格式:
  运行 1: '从组织结构来看，'
    字体: 未设置
    大小: 未设置
    粗体: 未设置
    斜体: 未设置
    下划线: 未设置
    标准颜色: 未设置
  运行 2: 'Y'
    字体: 未设置
    大小: 未设置
    粗体: 未设置
    斜体: 未设置
    下划线: 未设置
    标准颜色: 未设置
  运行 3: '公司的销售团队占公司总员工的比例较大，但面对的挑战也相对明显。销售团队覆盖率问题：'
    字体: 未设置
    大小: 未设置
    粗体: 未设置
    斜体: 未设置
    下划线: 未设置
    标准颜色: 未设置
  运行 4: '29'
    字体: 未设置
    大小: 未设置
    粗体: 未设置
    斜体: 未设置
    下划线: 未设置
    标准颜色: 未设置
  运行 5: '名销售人员占员工总数的'
    字体: 未设置
    大小: 未设置
    粗体: 未设置
    斜体: 未设置
    下划线: 未设置
    标准颜色: 未设置
  运行 6: '33.72%'
    字体: 未设置
    大小: 未设置
    粗体: 未设置
    斜体: 未设置
    下划线: 未设置
    标准颜色: 未设置
  运行 7: '，平均每人需要负责'
    字体: 未设置
    大小: 未设置
    粗体: 未设置
    斜体: 未设置
    下划线: 未设置
    标准颜色: 未设置
  运行 8: '4-5'
    字体: 未设置
    大小: 未设置
    粗体: 未设置
    斜体: 未设置
    下划线: 未设置
    标准颜色: 未设置
  运行 9: '个地级市，这导致对客户的覆盖率不足，拜访频率较低，可能影响客户关系管理和市场渗透。高离职率：销售人员的离职率高，这可能与工作压力、职业发展机会或薪酬福利等因素有关，频繁的人员变动对团队稳定性和销售连续性构'
    字体: 未设置
    大小: 未设置
    粗体: 未设置
    斜体: 未设置
    下划线: 未设置
    标准颜色: 未设置
  运行 10: '成挑战。市场部人员流失：市场部'
    字体: 未设置
    大小: 未设置
    粗体: 未设置
    斜体: 未设置
    下划线: 未设置
    标准颜色: 未设置
  运行 11: '11'
    字体: 未设置
    大小: 未设置
    粗体: 未设置
    斜体: 未设置
    下划线: 未设置
    标准颜色: 未设置
  运行 12: '人占员工总数的'
    字体: 未设置
    大小: 未设置
    粗体: 未设置
    斜体: 未设置
    下划线: 未设置
    标准颜色: 未设置
  运行 13: '12.80%'
    字体: 未设置
    大小: 未设置
    粗体: 未设置
    斜体: 未设置
    下划线: 未设置
    标准颜色: 未设置
  运行 14: '，但市场人员离职率高，特别是临床专员经常面临被竞争对手挖角的情况。品牌形象和客户信任问题：员工频繁离职可能会对企业品牌形象造成负面影响，降低客户对公司的信任度，并可能对公司的服务质量和稳定性产生疑虑。'
    字体: 未设置
    大小: 未设置
    粗体: 未设置
    斜体: 未设置
    下划线: 未设置
    标准颜色: 未设置

段落 637:
文本内容: Y公司机会分析
段落样式: Heading 3
从样式获取的格式:
  样式字体: 未设置
  样式字号: 未设置
  样式颜色: 未设置
对齐方式: 未设置
左缩进: 未设置
右缩进: 未设置
首行缩进: 未设置
行间距: 未设置
从XML读取的格式:
  运行 1: 'Y'
    字体: 未设置
    大小: 未设置
    粗体: 未设置
    斜体: 未设置
    下划线: 未设置
    标准颜色: 未设置
  运行 2: '公司机会分析'
    字体: 未设置
    大小: 未设置
    粗体: 未设置
    斜体: 未设置
    下划线: 未设置
    标准颜色: 未设置
  运行 3: ''
    字体: 未设置
    大小: 未设置
    粗体: 未设置
    斜体: 未设置
    下划线: 未设置
    标准颜色: 未设置
  运行 4: ''
    字体: 未设置
    大小: 未设置
    粗体: 未设置
    斜体: 未设置
    下划线: 未设置
    标准颜色: 未设置
  运行 5: ''
    字体: 未设置
    大小: 未设置
    粗体: 未设置
    斜体: 未设置
    下划线: 未设置
    标准颜色: 未设置
  运行 6: ''
    字体: 未设置
    大小: 未设置
    粗体: 未设置
    斜体: 未设置
    下划线: 未设置
    标准颜色: 未设置
  运行 7: ''
    字体: 未设置
    大小: 未设置
    粗体: 未设置
    斜体: 未设置
    下划线: 未设置
    标准颜色: 未设置
  运行 8: ''
    字体: 未设置
    大小: 未设置
    粗体: 未设置
    斜体: 未设置
    下划线: 未设置
    标准颜色: 未设置
  运行 9: ''
    字体: 未设置
    大小: 未设置
    粗体: 未设置
    斜体: 未设置
    下划线: 未设置
    标准颜色: 未设置
  运行 10: ''
    字体: 未设置
    大小: 未设置
    粗体: 未设置
    斜体: 未设置
    下划线: 未设置
    标准颜色: 未设置

段落 638:
文本内容: Y公司的主要机会有以下四个方面。
段落样式: 正文-缩进
从样式获取的格式:
  样式字体: 未设置
  样式字号: 未设置
  样式颜色: 未设置
对齐方式: 未设置
左缩进: 未设置
右缩进: 未设置
首行缩进: 未设置
行间距: 未设置
从XML读取的格式:
  运行 1: 'Y'
    字体: 未设置
    大小: 未设置
    粗体: 未设置
    斜体: 未设置
    下划线: 未设置
    标准颜色: 未设置
  运行 2: '公司的主要机会有'
    字体: 未设置
    大小: 未设置
    粗体: 未设置
    斜体: 未设置
    下划线: 未设置
    标准颜色: 未设置
  运行 3: '以下四个方面。'
    字体: 未设置
    大小: 未设置
    粗体: 未设置
    斜体: 未设置
    下划线: 未设置
    标准颜色: 未设置

段落 639:
文本内容: 国家政策的支持
段落样式: Heading 4
从样式获取的格式:
  样式字体: 未设置
  样式字号: 未设置
  样式颜色: 未设置
对齐方式: 未设置
左缩进: 未设置
右缩进: 未设置
首行缩进: 未设置
行间距: 未设置
从XML读取的格式:
  运行 1: '国家政策的支持'
    字体: 未设置
    大小: 未设置
    粗体: 未设置
    斜体: 未设置
    下划线: 未设置
    标准颜色: 未设置

段落 640:
文本内容: 自2018年8月《儿童青少年近视综合防治实施方案》实施以来，青少年近视防控工作进入具体实施阶段，政策目标明确：到2030年，目标是6岁儿童近视率降至3%，小学生近视率降至38%以下，初中生近视率降至60%以下，高中生近视率降至70%以下。2019至2023年期间也陆续发布了多个政策，要求努力满足人们不断提高的眼健康需求。对于眼科生产企业和医疗机构都是利好消息。
段落样式: 正文-缩进
从样式获取的格式:
  样式字体: 未设置
  样式字号: 未设置
  样式颜色: 未设置
对齐方式: 未设置
左缩进: 未设置
右缩进: 未设置
首行缩进: 未设置
行间距: 未设置
从XML读取的格式:
  运行 1: '自'
    字体: 未设置
    大小: 未设置
    粗体: 未设置
    斜体: 未设置
    下划线: 未设置
    标准颜色: 未设置
  运行 2: '2018'
    字体: 未设置
    大小: 未设置
    粗体: 未设置
    斜体: 未设置
    下划线: 未设置
    标准颜色: 未设置
  运行 3: '年'
    字体: 未设置
    大小: 未设置
    粗体: 未设置
    斜体: 未设置
    下划线: 未设置
    标准颜色: 未设置
  运行 4: '8'
    字体: 未设置
    大小: 未设置
    粗体: 未设置
    斜体: 未设置
    下划线: 未设置
    标准颜色: 未设置
  运行 5: '月《儿童青少年近视综合防治实施方案》实施以来，青少年近视防控工作进入具体实施阶段，政策目标明确'
    字体: 未设置
    大小: 未设置
    粗体: 未设置
    斜体: 未设置
    下划线: 未设置
    标准颜色: 未设置
  运行 6: '：'
    字体: 未设置
    大小: 未设置
    粗体: 未设置
    斜体: 未设置
    下划线: 未设置
    标准颜色: 未设置
  运行 7: '到'
    字体: 未设置
    大小: 未设置
    粗体: 未设置
    斜体: 未设置
    下划线: 未设置
    标准颜色: 未设置
  运行 8: '2030'
    字体: 未设置
    大小: 未设置
    粗体: 未设置
    斜体: 未设置
    下划线: 未设置
    标准颜色: 未设置
  运行 9: '年，目标是'
    字体: 未设置
    大小: 未设置
    粗体: 未设置
    斜体: 未设置
    下划线: 未设置
    标准颜色: 未设置
  运行 10: '6'
    字体: 未设置
    大小: 未设置
    粗体: 未设置
    斜体: 未设置
    下划线: 未设置
    标准颜色: 未设置
  运行 11: '岁儿童近视率降至'
    字体: 未设置
    大小: 未设置
    粗体: 未设置
    斜体: 未设置
    下划线: 未设置
    标准颜色: 未设置
  运行 12: '3%'
    字体: 未设置
    大小: 未设置
    粗体: 未设置
    斜体: 未设置
    下划线: 未设置
    标准颜色: 未设置
  运行 13: '，小学生近视率降至'
    字体: 未设置
    大小: 未设置
    粗体: 未设置
    斜体: 未设置
    下划线: 未设置
    标准颜色: 未设置
  运行 14: '38%'
    字体: 未设置
    大小: 未设置
    粗体: 未设置
    斜体: 未设置
    下划线: 未设置
    标准颜色: 未设置
  运行 15: '以下，初中生近视率降至'
    字体: 未设置
    大小: 未设置
    粗体: 未设置
    斜体: 未设置
    下划线: 未设置
    标准颜色: 未设置
  运行 16: '60%'
    字体: 未设置
    大小: 未设置
    粗体: 未设置
    斜体: 未设置
    下划线: 未设置
    标准颜色: 未设置
  运行 17: '以下，高中生近视率降至'
    字体: 未设置
    大小: 未设置
    粗体: 未设置
    斜体: 未设置
    下划线: 未设置
    标准颜色: 未设置
  运行 18: '70%'
    字体: 未设置
    大小: 未设置
    粗体: 未设置
    斜体: 未设置
    下划线: 未设置
    标准颜色: 未设置
  运行 19: '以下。'
    字体: 未设置
    大小: 未设置
    粗体: 未设置
    斜体: 未设置
    下划线: 未设置
    标准颜色: 未设置
  运行 20: '2019'
    字体: 未设置
    大小: 未设置
    粗体: 未设置
    斜体: 未设置
    下划线: 未设置
    标准颜色: 未设置
  运行 21: '至'
    字体: 未设置
    大小: 未设置
    粗体: 未设置
    斜体: 未设置
    下划线: 未设置
    标准颜色: 未设置
  运行 22: '2023'
    字体: 未设置
    大小: 未设置
    粗体: 未设置
    斜体: 未设置
    下划线: 未设置
    标准颜色: 未设置
  运行 23: '年期间也陆续发布了多个政策，要求努力满足人们不断提高的眼健康需求。对于眼科生产企业和医疗机构都是利好消息'
    字体: 未设置
    大小: 未设置
    粗体: 未设置
    斜体: 未设置
    下划线: 未设置
    标准颜色: 未设置
  运行 24: '。'
    字体: 未设置
    大小: 未设置
    粗体: 未设置
    斜体: 未设置
    下划线: 未设置
    标准颜色: 未设置

段落 641:
文本内容: 人口红利及老龄化
段落样式: Heading 4
从样式获取的格式:
  样式字体: 未设置
  样式字号: 未设置
  样式颜色: 未设置
对齐方式: 未设置
左缩进: 未设置
右缩进: 未设置
首行缩进: 未设置
行间距: 未设置
从XML读取的格式:
  运行 1: '人口红利及老龄化'
    字体: 未设置
    大小: 未设置
    粗体: 未设置
    斜体: 未设置
    下划线: 未设置
    标准颜色: 未设置

段落 642:
文本内容: 第七次全国人口普查主要数据有，全国人口共141178万人，与2010年（第六次全国人口普查数据）的133972万人相比，增加7206万人，增长5.38%。从第七次全国人口普查的数据来看，年龄构成有了明显的变化， 60岁及以上人口为264.02百万人，占总人口的18.70%。60岁以上人群白内障发病率高达80%以上，未来中国还有大量的白内障患者需要得到治疗，眼科服务需求巨大。
段落样式: 正文-缩进
从样式获取的格式:
  样式字体: 未设置
  样式字号: 未设置
  样式颜色: 未设置
对齐方式: 未设置
左缩进: 未设置
右缩进: 未设置
首行缩进: 未设置
行间距: 未设置
从XML读取的格式:
  运行 1: '第七次全国人口普查主要数据有，'
    字体: 未设置
    大小: 未设置
    粗体: 未设置
    斜体: 未设置
    下划线: 未设置
    标准颜色: 未设置
  运行 2: '全国人口共'
    字体: 未设置
    大小: 未设置
    粗体: 未设置
    斜体: 未设置
    下划线: 未设置
    标准颜色: 未设置
  运行 3: '141178'
    字体: 未设置
    大小: 未设置
    粗体: 未设置
    斜体: 未设置
    下划线: 未设置
    标准颜色: 未设置
  运行 4: '万人，与'
    字体: 未设置
    大小: 未设置
    粗体: 未设置
    斜体: 未设置
    下划线: 未设置
    标准颜色: 未设置
  运行 5: '2010'
    字体: 未设置
    大小: 未设置
    粗体: 未设置
    斜体: 未设置
    下划线: 未设置
    标准颜色: 未设置
  运行 6: '年'
    字体: 未设置
    大小: 未设置
    粗体: 未设置
    斜体: 未设置
    下划线: 未设置
    标准颜色: 未设置
  运行 7: '（'
    字体: 未设置
    大小: 未设置
    粗体: 未设置
    斜体: 未设置
    下划线: 未设置
    标准颜色: 未设置
  运行 8: '第六次全国人口普查数据'
    字体: 未设置
    大小: 未设置
    粗体: 未设置
    斜体: 未设置
    下划线: 未设置
    标准颜色: 未设置
  运行 9: '）'
    字体: 未设置
    大小: 未设置
    粗体: 未设置
    斜体: 未设置
    下划线: 未设置
    标准颜色: 未设置
  运行 10: '的'
    字体: 未设置
    大小: 未设置
    粗体: 未设置
    斜体: 未设置
    下划线: 未设置
    标准颜色: 未设置
  运行 11: '133972'
    字体: 未设置
    大小: 未设置
    粗体: 未设置
    斜体: 未设置
    下划线: 未设置
    标准颜色: 未设置
  运行 12: '万人相比，增加'
    字体: 未设置
    大小: 未设置
    粗体: 未设置
    斜体: 未设置
    下划线: 未设置
    标准颜色: 未设置
  运行 13: '7206'
    字体: 未设置
    大小: 未设置
    粗体: 未设置
    斜体: 未设置
    下划线: 未设置
    标准颜色: 未设置
  运行 14: '万人，增长'
    字体: 未设置
    大小: 未设置
    粗体: 未设置
    斜体: 未设置
    下划线: 未设置
    标准颜色: 未设置
  运行 15: '5.38%'
    字体: 未设置
    大小: 未设置
    粗体: 未设置
    斜体: 未设置
    下划线: 未设置
    标准颜色: 未设置
  运行 16: '。'
    字体: 未设置
    大小: 未设置
    粗体: 未设置
    斜体: 未设置
    下划线: 未设置
    标准颜色: 未设置
  运行 17: '从第七次全国人口普查的数据来看，'
    字体: 未设置
    大小: 未设置
    粗体: 未设置
    斜体: 未设置
    下划线: 未设置
    标准颜色: 未设置
  运行 18: '年龄构成'
    字体: 未设置
    大小: 未设置
    粗体: 未设置
    斜体: 未设置
    下划线: 未设置
    标准颜色: 未设置
  运行 19: '有了明显的变化，'
    字体: 未设置
    大小: 未设置
    粗体: 未设置
    斜体: 未设置
    下划线: 未设置
    标准颜色: 未设置
  运行 20: ' '
    字体: 未设置
    大小: 未设置
    粗体: 未设置
    斜体: 未设置
    下划线: 未设置
    标准颜色: 未设置
  运行 21: '60'
    字体: 未设置
    大小: 未设置
    粗体: 未设置
    斜体: 未设置
    下划线: 未设置
    标准颜色: 未设置
  运行 22: '岁及以上'
    字体: 未设置
    大小: 未设置
    粗体: 未设置
    斜体: 未设置
    下划线: 未设置
    标准颜色: 未设置
  运行 23: '人口为'
    字体: 未设置
    大小: 未设置
    粗体: 未设置
    斜体: 未设置
    下划线: 未设置
    标准颜色: 未设置
  运行 24: '264'
    字体: 未设置
    大小: 未设置
    粗体: 未设置
    斜体: 未设置
    下划线: 未设置
    标准颜色: 未设置
  运行 25: '.'
    字体: 未设置
    大小: 未设置
    粗体: 未设置
    斜体: 未设置
    下划线: 未设置
    标准颜色: 未设置
  运行 26: '02'
    字体: 未设置
    大小: 未设置
    粗体: 未设置
    斜体: 未设置
    下划线: 未设置
    标准颜色: 未设置
  运行 27: '百'
    字体: 未设置
    大小: 未设置
    粗体: 未设置
    斜体: 未设置
    下划线: 未设置
    标准颜色: 未设置
  运行 28: '万人，占'
    字体: 未设置
    大小: 未设置
    粗体: 未设置
    斜体: 未设置
    下划线: 未设置
    标准颜色: 未设置
  运行 29: '总人口的'
    字体: 未设置
    大小: 未设置
    粗体: 未设置
    斜体: 未设置
    下划线: 未设置
    标准颜色: 未设置
  运行 30: '18.70%'
    字体: 未设置
    大小: 未设置
    粗体: 未设置
    斜体: 未设置
    下划线: 未设置
    标准颜色: 未设置
  运行 31: '。'
    字体: 未设置
    大小: 未设置
    粗体: 未设置
    斜体: 未设置
    下划线: 未设置
    标准颜色: 未设置
  运行 32: '60'
    字体: 未设置
    大小: 未设置
    粗体: 未设置
    斜体: 未设置
    下划线: 未设置
    标准颜色: 未设置
  运行 33: '岁以上人群白内障发病率高达'
    字体: 未设置
    大小: 未设置
    粗体: 未设置
    斜体: 未设置
    下划线: 未设置
    标准颜色: 未设置
  运行 34: '80%'
    字体: 未设置
    大小: 未设置
    粗体: 未设置
    斜体: 未设置
    下划线: 未设置
    标准颜色: 未设置
  运行 35: '以上，未来中国还有大量的白内障患者需要得到治疗'
    字体: 未设置
    大小: 未设置
    粗体: 未设置
    斜体: 未设置
    下划线: 未设置
    标准颜色: 未设置
  运行 36: '，眼科服务需求巨大。'
    字体: 未设置
    大小: 未设置
    粗体: 未设置
    斜体: 未设置
    下划线: 未设置
    标准颜色: 未设置

段落 643:
文本内容: 	民营医院的崛起
段落样式: Heading 4
从样式获取的格式:
  样式字体: 未设置
  样式字号: 未设置
  样式颜色: 未设置
对齐方式: 未设置
左缩进: 未设置
右缩进: 未设置
首行缩进: 未设置
行间距: 未设置
从XML读取的格式:
  运行 1: '	'
    字体: 未设置
    大小: 未设置
    粗体: 未设置
    斜体: 未设置
    下划线: 未设置
    标准颜色: 未设置
  运行 2: '民营医院的崛起'
    字体: 未设置
    大小: 未设置
    粗体: 未设置
    斜体: 未设置
    下划线: 未设置
    标准颜色: 未设置

段落 644:
文本内容: 在一系列对民营眼科医院的政策扶持下，国内民营眼科医院集团上市的越来越多，已成为社会资本选择的主要赛道。在民营医院集团中，专科眼科医院的增长率随着眼病发病率的上升而逐年攀升。自2011年至2020年期间，国内眼科专科医院数量从288家左右增长到1061家，截至2020年底，民营眼科医院占全国眼科医院总数量的94.7%，规模远远高于公立科医院。目前国内的头部的眼科医院集团有爱尔眼科、华厦眼科、普瑞眼科、何氏眼科、新视界眼科、希玛眼科、德视佳等，这些民营医院集团还在不断扩张，也会给眼科市场带来增长。
段落样式: 正文-缩进
从样式获取的格式:
  样式字体: 未设置
  样式字号: 未设置
  样式颜色: 未设置
对齐方式: 未设置
左缩进: 未设置
右缩进: 未设置
首行缩进: 未设置
行间距: 未设置
从XML读取的格式:
  运行 1: '在一系列对民营眼科医院的政策扶持下，国内民营眼科医院集团上市的越来越多，已成为社会资本选择的主要赛道。在'
    字体: 未设置
    大小: 未设置
    粗体: 未设置
    斜体: 未设置
    下划线: 未设置
    标准颜色: 未设置
  运行 2: '民营医院'
    字体: 未设置
    大小: 未设置
    粗体: 未设置
    斜体: 未设置
    下划线: 未设置
    标准颜色: 未设置
  运行 3: '集团'
    字体: 未设置
    大小: 未设置
    粗体: 未设置
    斜体: 未设置
    下划线: 未设置
    标准颜色: 未设置
  运行 4: '中，'
    字体: 未设置
    大小: 未设置
    粗体: 未设置
    斜体: 未设置
    下划线: 未设置
    标准颜色: 未设置
  运行 5: '专科'
    字体: 未设置
    大小: 未设置
    粗体: 未设置
    斜体: 未设置
    下划线: 未设置
    标准颜色: 未设置
  运行 6: '眼科医院的增长'
    字体: 未设置
    大小: 未设置
    粗体: 未设置
    斜体: 未设置
    下划线: 未设置
    标准颜色: 未设置
  运行 7: '率'
    字体: 未设置
    大小: 未设置
    粗体: 未设置
    斜体: 未设置
    下划线: 未设置
    标准颜色: 未设置
  运行 8: '随着眼病发病率的上升而逐年攀升'
    字体: 未设置
    大小: 未设置
    粗体: 未设置
    斜体: 未设置
    下划线: 未设置
    标准颜色: 未设置
  运行 9: '。自'
    字体: 未设置
    大小: 未设置
    粗体: 未设置
    斜体: 未设置
    下划线: 未设置
    标准颜色: 未设置
  运行 10: '201'
    字体: 未设置
    大小: 未设置
    粗体: 未设置
    斜体: 未设置
    下划线: 未设置
    标准颜色: 未设置
  运行 11: '1'
    字体: 未设置
    大小: 未设置
    粗体: 未设置
    斜体: 未设置
    下划线: 未设置
    标准颜色: 未设置
  运行 12: '年至'
    字体: 未设置
    大小: 未设置
    粗体: 未设置
    斜体: 未设置
    下划线: 未设置
    标准颜色: 未设置
  运行 13: '2020'
    字体: 未设置
    大小: 未设置
    粗体: 未设置
    斜体: 未设置
    下划线: 未设置
    标准颜色: 未设置
  运行 14: '年'
    字体: 未设置
    大小: 未设置
    粗体: 未设置
    斜体: 未设置
    下划线: 未设置
    标准颜色: 未设置
  运行 15: '期间'
    字体: 未设置
    大小: 未设置
    粗体: 未设置
    斜体: 未设置
    下划线: 未设置
    标准颜色: 未设置
  运行 16: '，国内眼科专科医院数量从'
    字体: 未设置
    大小: 未设置
    粗体: 未设置
    斜体: 未设置
    下划线: 未设置
    标准颜色: 未设置
  运行 17: '288'
    字体: 未设置
    大小: 未设置
    粗体: 未设置
    斜体: 未设置
    下划线: 未设置
    标准颜色: 未设置
  运行 18: '家'
    字体: 未设置
    大小: 未设置
    粗体: 未设置
    斜体: 未设置
    下划线: 未设置
    标准颜色: 未设置
  运行 19: '左右'
    字体: 未设置
    大小: 未设置
    粗体: 未设置
    斜体: 未设置
    下划线: 未设置
    标准颜色: 未设置
  运行 20: '增长'
    字体: 未设置
    大小: 未设置
    粗体: 未设置
    斜体: 未设置
    下划线: 未设置
    标准颜色: 未设置
  运行 21: '到'
    字体: 未设置
    大小: 未设置
    粗体: 未设置
    斜体: 未设置
    下划线: 未设置
    标准颜色: 未设置
  运行 22: '1061'
    字体: 未设置
    大小: 未设置
    粗体: 未设置
    斜体: 未设置
    下划线: 未设置
    标准颜色: 未设置
  运行 23: '家，截至'
    字体: 未设置
    大小: 未设置
    粗体: 未设置
    斜体: 未设置
    下划线: 未设置
    标准颜色: 未设置
  运行 24: '2020'
    字体: 未设置
    大小: 未设置
    粗体: 未设置
    斜体: 未设置
    下划线: 未设置
    标准颜色: 未设置
  运行 25: '年'
    字体: 未设置
    大小: 未设置
    粗体: 未设置
    斜体: 未设置
    下划线: 未设置
    标准颜色: 未设置
  运行 26: '底'
    字体: 未设置
    大小: 未设置
    粗体: 未设置
    斜体: 未设置
    下划线: 未设置
    标准颜色: 未设置
  运行 27: '，民营眼科医院占'
    字体: 未设置
    大小: 未设置
    粗体: 未设置
    斜体: 未设置
    下划线: 未设置
    标准颜色: 未设置
  运行 28: '全国'
    字体: 未设置
    大小: 未设置
    粗体: 未设置
    斜体: 未设置
    下划线: 未设置
    标准颜色: 未设置
  运行 29: '眼科医院总数量的'
    字体: 未设置
    大小: 未设置
    粗体: 未设置
    斜体: 未设置
    下划线: 未设置
    标准颜色: 未设置
  运行 30: '94.7%'
    字体: 未设置
    大小: 未设置
    粗体: 未设置
    斜体: 未设置
    下划线: 未设置
    标准颜色: 未设置
  运行 31: '，规模远'
    字体: 未设置
    大小: 未设置
    粗体: 未设置
    斜体: 未设置
    下划线: 未设置
    标准颜色: 未设置
  运行 32: '远'
    字体: 未设置
    大小: 未设置
    粗体: 未设置
    斜体: 未设置
    下划线: 未设置
    标准颜色: 未设置
  运行 33: '高于公立科医院'
    字体: 未设置
    大小: 未设置
    粗体: 未设置
    斜体: 未设置
    下划线: 未设置
    标准颜色: 未设置
  运行 34: '。目前国内的头部的眼科医院集团有爱尔眼科、'
    字体: 未设置
    大小: 未设置
    粗体: 未设置
    斜体: 未设置
    下划线: 未设置
    标准颜色: 未设置
  运行 35: '华厦眼科、'
    字体: 未设置
    大小: 未设置
    粗体: 未设置
    斜体: 未设置
    下划线: 未设置
    标准颜色: 未设置
  运行 36: '普瑞眼科、何氏眼科'
    字体: 未设置
    大小: 未设置
    粗体: 未设置
    斜体: 未设置
    下划线: 未设置
    标准颜色: 未设置
  运行 37: '、新视界眼科、希玛眼科、德视佳'
    字体: 未设置
    大小: 未设置
    粗体: 未设置
    斜体: 未设置
    下划线: 未设置
    标准颜色: 未设置
  运行 38: '等，这些'
    字体: 未设置
    大小: 未设置
    粗体: 未设置
    斜体: 未设置
    下划线: 未设置
    标准颜色: 未设置
  运行 39: '民营'
    字体: 未设置
    大小: 未设置
    粗体: 未设置
    斜体: 未设置
    下划线: 未设置
    标准颜色: 未设置
  运行 40: '医院集团还在不断扩张，也会给眼科市场带来增长。'
    字体: 未设置
    大小: 未设置
    粗体: 未设置
    斜体: 未设置
    下划线: 未设置
    标准颜色: 未设置

段落 645:
文本内容: 进口产品上市加快
段落样式: Heading 4
从样式获取的格式:
  样式字体: 未设置
  样式字号: 未设置
  样式颜色: 未设置
对齐方式: 未设置
左缩进: 未设置
右缩进: 未设置
首行缩进: 未设置
行间距: 未设置
从XML读取的格式:
  运行 1: '进口产品上市加快'
    字体: 未设置
    大小: 未设置
    粗体: 未设置
    斜体: 未设置
    下划线: 未设置
    标准颜色: 未设置

段落 646:
文本内容: 海南博鳌乐城国际医疗旅游先行区是国内唯一一个开展现实数据应用试点项目的地区。海南省的这些举措为改革国家药品审批制度和医疗器械审批制度提供了新的途径和方法，加快了全球创新产品在中国的临床可及性。随着“药品和器械加速注册审批”和“国内未上市药品和器械许可引进”政策的出台，眼科进口产品在中国上市的流程和时间将大大缩短，更有利于进口厂家新产品在中国上市。
段落样式: 正文-缩进
从样式获取的格式:
  样式字体: 未设置
  样式字号: 未设置
  样式颜色: 未设置
对齐方式: 未设置
左缩进: 未设置
右缩进: 未设置
首行缩进: 未设置
行间距: 未设置
从XML读取的格式:
  运行 1: '海南博鳌乐城国际医疗旅游先行区是国内唯一一个开展现实数据应用试点项目'
    字体: 未设置
    大小: 未设置
    粗体: 未设置
    斜体: 未设置
    下划线: 未设置
    标准颜色: 未设置
  运行 2: '的地区。海南省的这些举措为改革国家药品审批制度和医疗器械审批制度提供了新的途径和方法，加快了全球创新产品在中国的临床可及性。随着“药品和器械加速注册审批”和“国内未上市药品和器械许可引进”政策的出台，眼科进口产品在中国上市的流程和时间将大大缩短，更有利于进口厂家新产品在中国上市。'
    字体: 未设置
    大小: 未设置
    粗体: 未设置
    斜体: 未设置
    下划线: 未设置
    标准颜色: 未设置

段落 647:
文本内容: Y公司威胁分析
段落样式: Heading 3
从样式获取的格式:
  样式字体: 未设置
  样式字号: 未设置
  样式颜色: 未设置
对齐方式: 未设置
左缩进: 未设置
右缩进: 未设置
首行缩进: 未设置
行间距: 未设置
从XML读取的格式:
  运行 1: 'Y'
    字体: 未设置
    大小: 未设置
    粗体: 未设置
    斜体: 未设置
    下划线: 未设置
    标准颜色: 未设置
  运行 2: '公司威胁分析'
    字体: 未设置
    大小: 未设置
    粗体: 未设置
    斜体: 未设置
    下划线: 未设置
    标准颜色: 未设置
  运行 3: ''
    字体: 未设置
    大小: 未设置
    粗体: 未设置
    斜体: 未设置
    下划线: 未设置
    标准颜色: 未设置
  运行 4: ''
    字体: 未设置
    大小: 未设置
    粗体: 未设置
    斜体: 未设置
    下划线: 未设置
    标准颜色: 未设置
  运行 5: ''
    字体: 未设置
    大小: 未设置
    粗体: 未设置
    斜体: 未设置
    下划线: 未设置
    标准颜色: 未设置
  运行 6: ''
    字体: 未设置
    大小: 未设置
    粗体: 未设置
    斜体: 未设置
    下划线: 未设置
    标准颜色: 未设置
  运行 7: ''
    字体: 未设置
    大小: 未设置
    粗体: 未设置
    斜体: 未设置
    下划线: 未设置
    标准颜色: 未设置
  运行 8: ''
    字体: 未设置
    大小: 未设置
    粗体: 未设置
    斜体: 未设置
    下划线: 未设置
    标准颜色: 未设置
  运行 9: ''
    字体: 未设置
    大小: 未设置
    粗体: 未设置
    斜体: 未设置
    下划线: 未设置
    标准颜色: 未设置
  运行 10: ''
    字体: 未设置
    大小: 未设置
    粗体: 未设置
    斜体: 未设置
    下划线: 未设置
    标准颜色: 未设置

段落 648:
文本内容: Y公司的主要威胁有以下四个方面。
段落样式: 正文-缩进
从样式获取的格式:
  样式字体: 未设置
  样式字号: 未设置
  样式颜色: 未设置
对齐方式: 未设置
左缩进: 未设置
右缩进: 未设置
首行缩进: 未设置
行间距: 未设置
从XML读取的格式:
  运行 1: 'Y'
    字体: 未设置
    大小: 未设置
    粗体: 未设置
    斜体: 未设置
    下划线: 未设置
    标准颜色: 未设置
  运行 2: '公司的主要威胁有'
    字体: 未设置
    大小: 未设置
    粗体: 未设置
    斜体: 未设置
    下划线: 未设置
    标准颜色: 未设置
  运行 3: '以下四个方面。'
    字体: 未设置
    大小: 未设置
    粗体: 未设置
    斜体: 未设置
    下划线: 未设置
    标准颜色: 未设置

段落 649:
文本内容: 国际大品牌的威胁
段落样式: Heading 4
从样式获取的格式:
  样式字体: 未设置
  样式字号: 未设置
  样式颜色: 未设置
对齐方式: 未设置
左缩进: 未设置
右缩进: 未设置
首行缩进: 未设置
行间距: 未设置
从XML读取的格式:
  运行 1: '国际大'
    字体: 未设置
    大小: 未设置
    粗体: 未设置
    斜体: 未设置
    下划线: 未设置
    标准颜色: 未设置
  运行 2: '品牌的威胁'
    字体: 未设置
    大小: 未设置
    粗体: 未设置
    斜体: 未设置
    下划线: 未设置
    标准颜色: 未设置

段落 650:
文本内容: 目前在眼科市场头部的十家生产企业都是国外公司，占据了96%的市场份额。三年的疫情对每个公司都有较大的影响，现在疫情结束后各个公司都在发力，希望通过更多的业绩增长来弥补过去三年的业绩下滑。蔡司、高视远望等公司，都在适当调低超广角眼底相机的成交价，特别是在民营集团医院。拓普康、科林等都在招募优质代理商以加快产品推广，这些因素必然会对Y公司未来的销售业绩带来威胁。
段落样式: 正文-缩进
从样式获取的格式:
  样式字体: 未设置
  样式字号: 未设置
  样式颜色: 未设置
对齐方式: 未设置
左缩进: 未设置
右缩进: 未设置
首行缩进: 未设置
行间距: 未设置
从XML读取的格式:
  运行 1: '目前在眼科市场头部的'
    字体: 未设置
    大小: 未设置
    粗体: 未设置
    斜体: 未设置
    下划线: 未设置
    标准颜色: 未设置
  运行 2: '十家'
    字体: 未设置
    大小: 未设置
    粗体: 未设置
    斜体: 未设置
    下划线: 未设置
    标准颜色: 未设置
  运行 3: '生产企业都是国外公司，占据了'
    字体: 未设置
    大小: 未设置
    粗体: 未设置
    斜体: 未设置
    下划线: 未设置
    标准颜色: 未设置
  运行 4: '96%'
    字体: 未设置
    大小: 未设置
    粗体: 未设置
    斜体: 未设置
    下划线: 未设置
    标准颜色: 未设置
  运行 5: '的市场份额。三年的疫情对每个公司都有较大的影响，现在疫情结束后各个公司都在发力，希望通过更多的业绩增长来弥补过去三年的业绩下滑。蔡司、高视远望等公司，都在适当调低超广角眼底相机的成交价，特别是在民营集团医院。'
    字体: 未设置
    大小: 未设置
    粗体: 未设置
    斜体: 未设置
    下划线: 未设置
    标准颜色: 未设置
  运行 6: '拓普康、科林等都在'
    字体: 未设置
    大小: 未设置
    粗体: 未设置
    斜体: 未设置
    下划线: 未设置
    标准颜色: 未设置
  运行 7: '招募'
    字体: 未设置
    大小: 未设置
    粗体: 未设置
    斜体: 未设置
    下划线: 未设置
    标准颜色: 未设置
  运行 8: '优质代理商'
    字体: 未设置
    大小: 未设置
    粗体: 未设置
    斜体: 未设置
    下划线: 未设置
    标准颜色: 未设置
  运行 9: '以'
    字体: 未设置
    大小: 未设置
    粗体: 未设置
    斜体: 未设置
    下划线: 未设置
    标准颜色: 未设置
  运行 10: '加快产品推广，'
    字体: 未设置
    大小: 未设置
    粗体: 未设置
    斜体: 未设置
    下划线: 未设置
    标准颜色: 未设置
  运行 11: '这些因素必然会对'
    字体: 未设置
    大小: 未设置
    粗体: 未设置
    斜体: 未设置
    下划线: 未设置
    标准颜色: 未设置
  运行 12: 'Y'
    字体: 未设置
    大小: 未设置
    粗体: 未设置
    斜体: 未设置
    下划线: 未设置
    标准颜色: 未设置
  运行 13: '公'
    字体: 未设置
    大小: 未设置
    粗体: 未设置
    斜体: 未设置
    下划线: 未设置
    标准颜色: 未设置
  运行 14: '司'
    字体: 未设置
    大小: 未设置
    粗体: 未设置
    斜体: 未设置
    下划线: 未设置
    标准颜色: 未设置
  运行 15: '未来的销售业绩带来威胁。'
    字体: 未设置
    大小: 未设置
    粗体: 未设置
    斜体: 未设置
    下划线: 未设置
    标准颜色: 未设置

段落 651:
文本内容: 医院议价能力提升
段落样式: Heading 4
从样式获取的格式:
  样式字体: 未设置
  样式字号: 未设置
  样式颜色: 未设置
对齐方式: 未设置
左缩进: 未设置
右缩进: 未设置
首行缩进: 未设置
行间距: 未设置
从XML读取的格式:
  运行 1: '医院议价能力提升'
    字体: 未设置
    大小: 未设置
    粗体: 未设置
    斜体: 未设置
    下划线: 未设置
    标准颜色: 未设置

段落 652:
文本内容: 民营眼科医院集团，如爱尔眼科、华厦眼科、普瑞眼科、何氏眼科等相续成功上市，各眼科医院集团的不断扩张，每年都要重新议价，对公司产品要求更低的价格，和更多的市场支持。例如随着业务的扩展，这些医院集团不仅要求价格优惠，还期望供应商提供更多的市场支持，如产品宣传、学术推广、临床培训等。为了应对价格压力，Y公司需要优化供应链管理，提高运营效率，降低成本。同时，为了在和同行竞争中获得优势，公司必须不断创新，提供更高质量的产品和服务，以吸引和保持大型医院集团客户。
段落样式: 正文-缩进
从样式获取的格式:
  样式字体: 未设置
  样式字号: 未设置
  样式颜色: 未设置
对齐方式: 未设置
左缩进: 未设置
右缩进: 未设置
首行缩进: 未设置
行间距: 未设置
从XML读取的格式:
  运行 1: '民营眼科医院集团，如'
    字体: 未设置
    大小: 未设置
    粗体: 未设置
    斜体: 未设置
    下划线: 未设置
    标准颜色: 未设置
  运行 2: '爱尔眼科、华厦眼科、'
    字体: 未设置
    大小: 未设置
    粗体: 未设置
    斜体: 未设置
    下划线: 未设置
    标准颜色: 未设置
  运行 3: '普瑞眼科、何氏眼科等相续成功上市，各眼科医院集团的不断扩张，每年都要重新议价，对公司产品要求更低的价格，和更多的市场支持。'
    字体: 未设置
    大小: 未设置
    粗体: 未设置
    斜体: 未设置
    下划线: 未设置
    标准颜色: 未设置
  运行 4: '例如'
    字体: 未设置
    大小: 未设置
    粗体: 未设置
    斜体: 未设置
    下划线: 未设置
    标准颜色: 未设置
  运行 5: '随着业务的扩展，这些医院集团不仅要求价格优惠，还期望供应商提供更多的市场支持，如产品宣传、学术推广、临床培训等。为了应对价格压力，'
    字体: 未设置
    大小: 未设置
    粗体: 未设置
    斜体: 未设置
    下划线: 未设置
    标准颜色: 未设置
  运行 6: 'Y'
    字体: 未设置
    大小: 未设置
    粗体: 未设置
    斜体: 未设置
    下划线: 未设置
    标准颜色: 未设置
  运行 7: '公司'
    字体: 未设置
    大小: 未设置
    粗体: 未设置
    斜体: 未设置
    下划线: 未设置
    标准颜色: 未设置
  运行 8: '需要优化供应链管理，提高运营效率，降低成本。'
    字体: 未设置
    大小: 未设置
    粗体: 未设置
    斜体: 未设置
    下划线: 未设置
    标准颜色: 未设置
  运行 9: '同时，'
    字体: 未设置
    大小: 未设置
    粗体: 未设置
    斜体: 未设置
    下划线: 未设置
    标准颜色: 未设置
  运行 10: '为了在'
    字体: 未设置
    大小: 未设置
    粗体: 未设置
    斜体: 未设置
    下划线: 未设置
    标准颜色: 未设置
  运行 11: '和同行'
    字体: 未设置
    大小: 未设置
    粗体: 未设置
    斜体: 未设置
    下划线: 未设置
    标准颜色: 未设置
  运行 12: '竞争中获得优势，'
    字体: 未设置
    大小: 未设置
    粗体: 未设置
    斜体: 未设置
    下划线: 未设置
    标准颜色: 未设置
  运行 13: '公司'
    字体: 未设置
    大小: 未设置
    粗体: 未设置
    斜体: 未设置
    下划线: 未设置
    标准颜色: 未设置
  运行 14: '必须不断创新，提供更高质量的产品和服务，以吸引和保持大型医院集团客户。'
    字体: 未设置
    大小: 未设置
    粗体: 未设置
    斜体: 未设置
    下划线: 未设置
    标准颜色: 未设置

段落 653:
文本内容: 国产化品牌的冲击
段落样式: Heading 4
从样式获取的格式:
  样式字体: 未设置
  样式字号: 未设置
  样式颜色: 未设置
对齐方式: 未设置
左缩进: 未设置
右缩进: 未设置
首行缩进: 未设置
行间距: 未设置
从XML读取的格式:
  运行 1: '国产'
    字体: 未设置
    大小: 未设置
    粗体: 未设置
    斜体: 未设置
    下划线: 未设置
    标准颜色: 未设置
  运行 2: '化'
    字体: 未设置
    大小: 未设置
    粗体: 未设置
    斜体: 未设置
    下划线: 未设置
    标准颜色: 未设置
  运行 3: '品牌的冲击'
    字体: 未设置
    大小: 未设置
    粗体: 未设置
    斜体: 未设置
    下划线: 未设置
    标准颜色: 未设置

段落 654:
文本内容: 正如前文所分析，得益于国家政策的支持和国内社会资本的积极参与，国内眼科医疗器械行业涌现出了一批具有创新能力的高新科技公司，例如北京图湃医疗、视微影像、莫廷医疗、微清医疗等。这些公司在眼科医疗技术的多个方向上取得了关键性突破，并逐渐推出了一系列中高端设备，赢得了市场的认可。
段落样式: 正文-缩进
从样式获取的格式:
  样式字体: 未设置
  样式字号: 未设置
  样式颜色: 未设置
对齐方式: 未设置
左缩进: 未设置
右缩进: 未设置
首行缩进: 未设置
行间距: 未设置
从XML读取的格式:
  运行 1: '正如前文所分析，得益于国家政策的支持和国内社会资本的积极参与，国内眼科医疗器械行业涌现出了一批具有创新能力的高新科技公司，例如北京图湃医疗、视微影像、莫廷医疗、微清医疗等。这些公司在眼科医疗技术的多个方向上取得了关键性突破，并逐渐推出了一系列中高端设备，赢得了市场的认可。'
    字体: 未设置
    大小: 未设置
    粗体: 未设置
    斜体: 未设置
    下划线: 未设置
    标准颜色: 未设置

段落 655:
文本内容: 这些国内厂商的产品线包括但不限于以下厂商。如图湃医疗推出了“北溟”、“瑶光”系列眼科OCT，“拨云/拂雪”系列眼科手术显微镜，“烛照”超广角眼底相机，“子午”系列光学生物测量仪等。视微影像推出了“如意”系列眼科OCT。莫廷医疗：推出了“Mocean”系列眼科OCT及“Colombo（哥伦布）”光学生物测量仪。微清医疗推出了“APOLLO”系列超广角眼底相机。这些产品不仅在性能上开始与进口中高端设备相媲美，甚至在某些方面对旗舰产品发起了挑战。国内这些后起之秀的崛起，对Y公司以及整个进口厂商的产品构成了显著的市场冲击。
段落样式: 正文-缩进
从样式获取的格式:
  样式字体: 未设置
  样式字号: 未设置
  样式颜色: 未设置
对齐方式: 未设置
左缩进: 未设置
右缩进: 未设置
首行缩进: 未设置
行间距: 未设置
从XML读取的格式:
  运行 1: '这些国内厂商的产品线包括但不限于以下厂商。如图湃医疗推出了“北溟”、“瑶光”系列眼科'
    字体: 未设置
    大小: 未设置
    粗体: 未设置
    斜体: 未设置
    下划线: 未设置
    标准颜色: 未设置
  运行 2: 'OCT'
    字体: 未设置
    大小: 未设置
    粗体: 未设置
    斜体: 未设置
    下划线: 未设置
    标准颜色: 未设置
  运行 3: '，“拨云'
    字体: 未设置
    大小: 未设置
    粗体: 未设置
    斜体: 未设置
    下划线: 未设置
    标准颜色: 未设置
  运行 4: '/'
    字体: 未设置
    大小: 未设置
    粗体: 未设置
    斜体: 未设置
    下划线: 未设置
    标准颜色: 未设置
  运行 5: '拂雪”系列眼科手术显微镜，“烛照”超广角眼底相机，“子午”系列光学生物测量仪等。视微影像推出了“如意”系列眼科'
    字体: 未设置
    大小: 未设置
    粗体: 未设置
    斜体: 未设置
    下划线: 未设置
    标准颜色: 未设置
  运行 6: 'OCT'
    字体: 未设置
    大小: 未设置
    粗体: 未设置
    斜体: 未设置
    下划线: 未设置
    标准颜色: 未设置
  运行 7: '。'
    字体: 未设置
    大小: 未设置
    粗体: 未设置
    斜体: 未设置
    下划线: 未设置
    标准颜色: 未设置
  运行 8: '莫廷医疗：推出了“'
    字体: 未设置
    大小: 未设置
    粗体: 未设置
    斜体: 未设置
    下划线: 未设置
    标准颜色: 未设置
  运行 9: 'Mocean'
    字体: 未设置
    大小: 未设置
    粗体: 未设置
    斜体: 未设置
    下划线: 未设置
    标准颜色: 未设置
  运行 10: '”系列眼科'
    字体: 未设置
    大小: 未设置
    粗体: 未设置
    斜体: 未设置
    下划线: 未设置
    标准颜色: 未设置
  运行 11: 'OCT'
    字体: 未设置
    大小: 未设置
    粗体: 未设置
    斜体: 未设置
    下划线: 未设置
    标准颜色: 未设置
  运行 12: '及“'
    字体: 未设置
    大小: 未设置
    粗体: 未设置
    斜体: 未设置
    下划线: 未设置
    标准颜色: 未设置
  运行 13: 'Colombo'
    字体: 未设置
    大小: 未设置
    粗体: 未设置
    斜体: 未设置
    下划线: 未设置
    标准颜色: 未设置
  运行 14: '（哥伦布）”光学生物测量仪。微清医疗推出了“'
    字体: 未设置
    大小: 未设置
    粗体: 未设置
    斜体: 未设置
    下划线: 未设置
    标准颜色: 未设置
  运行 15: 'APOLLO'
    字体: 未设置
    大小: 未设置
    粗体: 未设置
    斜体: 未设置
    下划线: 未设置
    标准颜色: 未设置
  运行 16: '”系列超广角眼底相机。'
    字体: 未设置
    大小: 未设置
    粗体: 未设置
    斜体: 未设置
    下划线: 未设置
    标准颜色: 未设置
  运行 17: '这些产品不仅在性能上开始与进口中高端设备相媲美，甚至在某些方面对旗舰产品发起了挑战。国内这些后起之秀的崛起，对'
    字体: 未设置
    大小: 未设置
    粗体: 未设置
    斜体: 未设置
    下划线: 未设置
    标准颜色: 未设置
  运行 18: 'Y'
    字体: 未设置
    大小: 未设置
    粗体: 未设置
    斜体: 未设置
    下划线: 未设置
    标准颜色: 未设置
  运行 19: '公司以及整个进口厂商的产品构成了显著的市场冲击'
    字体: 未设置
    大小: 未设置
    粗体: 未设置
    斜体: 未设置
    下划线: 未设置
    标准颜色: 未设置
  运行 20: '。'
    字体: 未设置
    大小: 未设置
    粗体: 未设置
    斜体: 未设置
    下划线: 未设置
    标准颜色: 未设置

段落 656:
文本内容: 国产化替代政策影响
段落样式: Heading 4
从样式获取的格式:
  样式字体: 未设置
  样式字号: 未设置
  样式颜色: 未设置
对齐方式: 未设置
左缩进: 未设置
右缩进: 未设置
首行缩进: 未设置
行间距: 未设置
从XML读取的格式:
  运行 1: '国产'
    字体: 未设置
    大小: 未设置
    粗体: 未设置
    斜体: 未设置
    下划线: 未设置
    标准颜色: 未设置
  运行 2: '化'
    字体: 未设置
    大小: 未设置
    粗体: 未设置
    斜体: 未设置
    下划线: 未设置
    标准颜色: 未设置
  运行 3: '替代政策'
    字体: 未设置
    大小: 未设置
    粗体: 未设置
    斜体: 未设置
    下划线: 未设置
    标准颜色: 未设置
  运行 4: '影响'
    字体: 未设置
    大小: 未设置
    粗体: 未设置
    斜体: 未设置
    下划线: 未设置
    标准颜色: 未设置

段落 657:
文本内容: 2021年，中国财政部联合工业和信息化部发布了新版《政府采购进口产品审计指导标准》，明确规定了政府机关单位采购国产医疗器械的比例，此举对医疗器械市场产生了重大影响。其中，137种设备要求全部国产化，12种设备要求国产化75%，24种设备要求国产化50%，5种设备要求国产化25%。此外，广东省卫生健康委于2021年发布的《关于2021年省级医疗卫生机构进口产品目录清单的公告》，旨在优化省级医疗机构进口产品的政府采购流程，提升采购效率。这些政策的出台对Y公司和进口厂商的销售业绩产生了显著的影响。在少数几个能够提出进口理由的地级市，竞争变得更加激烈。
段落样式: 正文-缩进
从样式获取的格式:
  样式字体: 未设置
  样式字号: 未设置
  样式颜色: 未设置
对齐方式: 未设置
左缩进: 未设置
右缩进: 未设置
首行缩进: 未设置
行间距: 未设置
从XML读取的格式:
  运行 1: '2021'
    字体: 未设置
    大小: 未设置
    粗体: 未设置
    斜体: 未设置
    下划线: 未设置
    标准颜色: 未设置
  运行 2: '年，中国财政部联合工业和信息化部发布了新版《政府采购进口产品审计指导标准》，明确规定了政府机关单位采购国产医疗器械的比例，此举对医疗器械市场产生了重大影响。其中，'
    字体: 未设置
    大小: 未设置
    粗体: 未设置
    斜体: 未设置
    下划线: 未设置
    标准颜色: 未设置
  运行 3: '137'
    字体: 未设置
    大小: 未设置
    粗体: 未设置
    斜体: 未设置
    下划线: 未设置
    标准颜色: 未设置
  运行 4: '种设备要求全部国产化，'
    字体: 未设置
    大小: 未设置
    粗体: 未设置
    斜体: 未设置
    下划线: 未设置
    标准颜色: 未设置
  运行 5: '12'
    字体: 未设置
    大小: 未设置
    粗体: 未设置
    斜体: 未设置
    下划线: 未设置
    标准颜色: 未设置
  运行 6: '种设备要求国产化'
    字体: 未设置
    大小: 未设置
    粗体: 未设置
    斜体: 未设置
    下划线: 未设置
    标准颜色: 未设置
  运行 7: '75%'
    字体: 未设置
    大小: 未设置
    粗体: 未设置
    斜体: 未设置
    下划线: 未设置
    标准颜色: 未设置
  运行 8: '，'
    字体: 未设置
    大小: 未设置
    粗体: 未设置
    斜体: 未设置
    下划线: 未设置
    标准颜色: 未设置
  运行 9: '24'
    字体: 未设置
    大小: 未设置
    粗体: 未设置
    斜体: 未设置
    下划线: 未设置
    标准颜色: 未设置
  运行 10: '种设备要求国产化'
    字体: 未设置
    大小: 未设置
    粗体: 未设置
    斜体: 未设置
    下划线: 未设置
    标准颜色: 未设置
  运行 11: '50%'
    字体: 未设置
    大小: 未设置
    粗体: 未设置
    斜体: 未设置
    下划线: 未设置
    标准颜色: 未设置
  运行 12: '，'
    字体: 未设置
    大小: 未设置
    粗体: 未设置
    斜体: 未设置
    下划线: 未设置
    标准颜色: 未设置
  运行 13: '5'
    字体: 未设置
    大小: 未设置
    粗体: 未设置
    斜体: 未设置
    下划线: 未设置
    标准颜色: 未设置
  运行 14: '种设备要求国产化'
    字体: 未设置
    大小: 未设置
    粗体: 未设置
    斜体: 未设置
    下划线: 未设置
    标准颜色: 未设置
  运行 15: '25%'
    字体: 未设置
    大小: 未设置
    粗体: 未设置
    斜体: 未设置
    下划线: 未设置
    标准颜色: 未设置
  运行 16: '。此外，'
    字体: 未设置
    大小: 未设置
    粗体: 未设置
    斜体: 未设置
    下划线: 未设置
    标准颜色: 未设置
  运行 17: '广东省卫生健康委于'
    字体: 未设置
    大小: 未设置
    粗体: 未设置
    斜体: 未设置
    下划线: 未设置
    标准颜色: 未设置
  运行 18: '2021'
    字体: 未设置
    大小: 未设置
    粗体: 未设置
    斜体: 未设置
    下划线: 未设置
    标准颜色: 未设置
  运行 19: '年发布的《关于'
    字体: 未设置
    大小: 未设置
    粗体: 未设置
    斜体: 未设置
    下划线: 未设置
    标准颜色: 未设置
  运行 20: '2021'
    字体: 未设置
    大小: 未设置
    粗体: 未设置
    斜体: 未设置
    下划线: 未设置
    标准颜色: 未设置
  运行 21: '年省级医疗卫生机构进口产品目录清单的公告》'
    字体: 未设置
    大小: 未设置
    粗体: 未设置
    斜体: 未设置
    下划线: 未设置
    标准颜色: 未设置
  运行 22: '，'
    字体: 未设置
    大小: 未设置
    粗体: 未设置
    斜体: 未设置
    下划线: 未设置
    标准颜色: 未设置
  运行 23: '旨在优化省级医疗机构进口产品的政府采购流程，提升采购效率。这些政策的出台对'
    字体: 未设置
    大小: 未设置
    粗体: 未设置
    斜体: 未设置
    下划线: 未设置
    标准颜色: 未设置
  运行 24: 'Y'
    字体: 未设置
    大小: 未设置
    粗体: 未设置
    斜体: 未设置
    下划线: 未设置
    标准颜色: 未设置
  运行 25: '公司和进口厂商的销售业绩产生了显著的影响。在少数几个能够提出进口理由的地级市，竞争变得更加激烈。'
    字体: 未设置
    大小: 未设置
    粗体: 未设置
    斜体: 未设置
    下划线: 未设置
    标准颜色: 未设置

段落 658:
文本内容: 综上所述，面对市场上的机会与威胁，Y公司应该利用自己的优势把握机会，克服改善自己的劣势扬长避短，勇于直面市场环境的威胁，继续创造佳绩。
段落样式: 正文-缩进
从样式获取的格式:
  样式字体: 未设置
  样式字号: 未设置
  样式颜色: 未设置
对齐方式: 未设置
左缩进: 未设置
右缩进: 未设置
首行缩进: 未设置
行间距: 未设置
从XML读取的格式:
  运行 1: '综上所述，面对市场上的机会与威胁，'
    字体: 未设置
    大小: 未设置
    粗体: 未设置
    斜体: 未设置
    下划线: 未设置
    标准颜色: 未设置
  运行 2: 'Y'
    字体: 未设置
    大小: 未设置
    粗体: 未设置
    斜体: 未设置
    下划线: 未设置
    标准颜色: 未设置
  运行 3: '公司应该利用自己的优势把握机会，'
    字体: 未设置
    大小: 未设置
    粗体: 未设置
    斜体: 未设置
    下划线: 未设置
    标准颜色: 未设置
  运行 4: '克服'
    字体: 未设置
    大小: 未设置
    粗体: 未设置
    斜体: 未设置
    下划线: 未设置
    标准颜色: 未设置
  运行 5: '改善自己的劣势扬长避短，勇于直面市场环境的威胁，继续创造佳绩。'
    字体: 未设置
    大小: 未设置
    粗体: 未设置
    斜体: 未设置
    下划线: 未设置
    标准颜色: 未设置

段落 659:
文本内容: 第四章　Y公司营销现状及问题分析
段落样式: Heading 1
从样式获取的格式:
  样式字体: 未设置
  样式字号: 190500
  样式字号(pt): 15.0
  样式颜色: 未设置
对齐方式: 未设置
左缩进: 未设置
右缩进: 未设置
首行缩进: 未设置
行间距: 未设置
从XML读取的格式:
  运行 1: '第四章'
    字体: 未设置
    大小: 未设置
    粗体: 未设置
    斜体: 未设置
    下划线: 未设置
    标准颜色: 未设置
  运行 2: '　'
    字体: 未设置
    大小: 未设置
    粗体: 未设置
    斜体: 未设置
    下划线: 未设置
    标准颜色: 未设置
  运行 3: 'Y'
    字体: 未设置
    大小: 未设置
    粗体: 未设置
    斜体: 未设置
    下划线: 未设置
    标准颜色: 未设置
  运行 4: '公司营销现状及问题分析'
    字体: 未设置
    大小: 未设置
    粗体: 未设置
    斜体: 未设置
    下划线: 未设置
    标准颜色: 未设置
  运行 5: ''
    字体: 未设置
    大小: 未设置
    粗体: 未设置
    斜体: 未设置
    下划线: 未设置
    标准颜色: 未设置
  运行 6: ''
    字体: 未设置
    大小: 未设置
    粗体: 未设置
    斜体: 未设置
    下划线: 未设置
    标准颜色: 未设置
  运行 7: ''
    字体: 未设置
    大小: 未设置
    粗体: 未设置
    斜体: 未设置
    下划线: 未设置
    标准颜色: 未设置
  运行 8: ''
    字体: 未设置
    大小: 未设置
    粗体: 未设置
    斜体: 未设置
    下划线: 未设置
    标准颜色: 未设置
  运行 9: ''
    字体: 未设置
    大小: 未设置
    粗体: 未设置
    斜体: 未设置
    下划线: 未设置
    标准颜色: 未设置
  运行 10: ''
    字体: 未设置
    大小: 未设置
    粗体: 未设置
    斜体: 未设置
    下划线: 未设置
    标准颜色: 未设置
  运行 11: ''
    字体: 未设置
    大小: 未设置
    粗体: 未设置
    斜体: 未设置
    下划线: 未设置
    标准颜色: 未设置
  运行 12: ''
    字体: 未设置
    大小: 未设置
    粗体: 未设置
    斜体: 未设置
    下划线: 未设置
    标准颜色: 未设置
  运行 13: ''
    字体: 未设置
    大小: 未设置
    粗体: 未设置
    斜体: 未设置
    下划线: 未设置
    标准颜色: 未设置
  运行 14: ''
    字体: 未设置
    大小: 未设置
    粗体: 未设置
    斜体: 未设置
    下划线: 未设置
    标准颜色: 未设置

段落 660:
文本内容: 本章内容分为五个部分：Y公司代理眼科产品介绍，Y公司的市场营销现状、策略问题的调研与分析、营销策略问题的诊断以及问题成因的深入探讨。通过采用深度访谈和问卷调查的方法，找寻Y公司营销策略中可能存在的问题，并详细分析这些问题的根源。本章不仅为理解Y公司的营销问题提供了清晰的视角，而且为后续的策略优化和改进奠定了坚实的基础。
段落样式: 正文-缩进
从样式获取的格式:
  样式字体: 未设置
  样式字号: 未设置
  样式颜色: 未设置
对齐方式: 未设置
左缩进: 未设置
右缩进: 未设置
首行缩进: 未设置
行间距: 未设置
从XML读取的格式:
  运行 1: '本章内容分为'
    字体: 未设置
    大小: 未设置
    粗体: 未设置
    斜体: 未设置
    下划线: 未设置
    标准颜色: 未设置
  运行 2: '五'
    字体: 未设置
    大小: 未设置
    粗体: 未设置
    斜体: 未设置
    下划线: 未设置
    标准颜色: 未设置
  运行 3: '个'
    字体: 未设置
    大小: 未设置
    粗体: 未设置
    斜体: 未设置
    下划线: 未设置
    标准颜色: 未设置
  运行 4: '部分'
    字体: 未设置
    大小: 未设置
    粗体: 未设置
    斜体: 未设置
    下划线: 未设置
    标准颜色: 未设置
  运行 5: '：'
    字体: 未设置
    大小: 未设置
    粗体: 未设置
    斜体: 未设置
    下划线: 未设置
    标准颜色: 未设置
  运行 6: 'Y'
    字体: 未设置
    大小: 未设置
    粗体: 未设置
    斜体: 未设置
    下划线: 未设置
    标准颜色: 未设置
  运行 7: '公司'
    字体: 未设置
    大小: 未设置
    粗体: 未设置
    斜体: 未设置
    下划线: 未设置
    标准颜色: 未设置
  运行 8: '代理'
    字体: 未设置
    大小: 未设置
    粗体: 未设置
    斜体: 未设置
    下划线: 未设置
    标准颜色: 未设置
  运行 9: '眼科'
    字体: 未设置
    大小: 未设置
    粗体: 未设置
    斜体: 未设置
    下划线: 未设置
    标准颜色: 未设置
  运行 10: '产品介绍'
    字体: 未设置
    大小: 未设置
    粗体: 未设置
    斜体: 未设置
    下划线: 未设置
    标准颜色: 未设置
  运行 11: '，'
    字体: 未设置
    大小: 未设置
    粗体: 未设置
    斜体: 未设置
    下划线: 未设置
    标准颜色: 未设置
  运行 12: 'Y'
    字体: 未设置
    大小: 未设置
    粗体: 未设置
    斜体: 未设置
    下划线: 未设置
    标准颜色: 未设置
  运行 13: '公司'
    字体: 未设置
    大小: 未设置
    粗体: 未设置
    斜体: 未设置
    下划线: 未设置
    标准颜色: 未设置
  运行 14: '的市场营销现状、策略问题的调研与分析、营销策略问题的诊断以及问题成因的深入探讨。通过采用深度访谈和问卷调查的方法，'
    字体: 未设置
    大小: 未设置
    粗体: 未设置
    斜体: 未设置
    下划线: 未设置
    标准颜色: 未设置
  运行 15: '找寻'
    字体: 未设置
    大小: 未设置
    粗体: 未设置
    斜体: 未设置
    下划线: 未设置
    标准颜色: 未设置
  运行 16: 'Y'
    字体: 未设置
    大小: 未设置
    粗体: 未设置
    斜体: 未设置
    下划线: 未设置
    标准颜色: 未设置
  运行 17: '公司营销策略中可能存在的问题，并详细分析这些问题的根源。'
    字体: 未设置
    大小: 未设置
    粗体: 未设置
    斜体: 未设置
    下划线: 未设置
    标准颜色: 未设置
  运行 18: '本章'
    字体: 未设置
    大小: 未设置
    粗体: 未设置
    斜体: 未设置
    下划线: 未设置
    标准颜色: 未设置
  运行 19: '不仅为理解'
    字体: 未设置
    大小: 未设置
    粗体: 未设置
    斜体: 未设置
    下划线: 未设置
    标准颜色: 未设置
  运行 20: 'Y'
    字体: 未设置
    大小: 未设置
    粗体: 未设置
    斜体: 未设置
    下划线: 未设置
    标准颜色: 未设置
  运行 21: '公司的营销'
    字体: 未设置
    大小: 未设置
    粗体: 未设置
    斜体: 未设置
    下划线: 未设置
    标准颜色: 未设置
  运行 22: '问题'
    字体: 未设置
    大小: 未设置
    粗体: 未设置
    斜体: 未设置
    下划线: 未设置
    标准颜色: 未设置
  运行 23: '提供了清晰的视角，而且为后续的策略优化和改进奠定了坚实的基础。'
    字体: 未设置
    大小: 未设置
    粗体: 未设置
    斜体: 未设置
    下划线: 未设置
    标准颜色: 未设置

段落 661:
文本内容: Y公司代理眼科产品介绍
段落样式: Heading 2
从样式获取的格式:
  样式字体: 未设置
  样式字号: 177800
  样式字号(pt): 14.0
  样式颜色: 未设置
对齐方式: 未设置
左缩进: 未设置
右缩进: 未设置
首行缩进: 未设置
行间距: 未设置
从XML读取的格式:
  运行 1: 'Y'
    字体: 未设置
    大小: 未设置
    粗体: 未设置
    斜体: 未设置
    下划线: 未设置
    标准颜色: 未设置
  运行 2: '公司'
    字体: 未设置
    大小: 未设置
    粗体: 未设置
    斜体: 未设置
    下划线: 未设置
    标准颜色: 未设置
  运行 3: '代理'
    字体: 未设置
    大小: 未设置
    粗体: 未设置
    斜体: 未设置
    下划线: 未设置
    标准颜色: 未设置
  运行 4: '眼科'
    字体: 未设置
    大小: 未设置
    粗体: 未设置
    斜体: 未设置
    下划线: 未设置
    标准颜色: 未设置
  运行 5: '产品介绍'
    字体: 未设置
    大小: 未设置
    粗体: 未设置
    斜体: 未设置
    下划线: 未设置
    标准颜色: 未设置
  运行 6: ''
    字体: 未设置
    大小: 未设置
    粗体: 未设置
    斜体: 未设置
    下划线: 未设置
    标准颜色: 未设置
  运行 7: ''
    字体: 未设置
    大小: 未设置
    粗体: 未设置
    斜体: 未设置
    下划线: 未设置
    标准颜色: 未设置
  运行 8: ''
    字体: 未设置
    大小: 未设置
    粗体: 未设置
    斜体: 未设置
    下划线: 未设置
    标准颜色: 未设置
  运行 9: ''
    字体: 未设置
    大小: 未设置
    粗体: 未设置
    斜体: 未设置
    下划线: 未设置
    标准颜色: 未设置
  运行 10: ''
    字体: 未设置
    大小: 未设置
    粗体: 未设置
    斜体: 未设置
    下划线: 未设置
    标准颜色: 未设置
  运行 11: ''
    字体: 未设置
    大小: 未设置
    粗体: 未设置
    斜体: 未设置
    下划线: 未设置
    标准颜色: 未设置
  运行 12: ''
    字体: 未设置
    大小: 未设置
    粗体: 未设置
    斜体: 未设置
    下划线: 未设置
    标准颜色: 未设置
  运行 13: ''
    字体: 未设置
    大小: 未设置
    粗体: 未设置
    斜体: 未设置
    下划线: 未设置
    标准颜色: 未设置
  运行 14: ''
    字体: 未设置
    大小: 未设置
    粗体: 未设置
    斜体: 未设置
    下划线: 未设置
    标准颜色: 未设置
  运行 15: ''
    字体: 未设置
    大小: 未设置
    粗体: 未设置
    斜体: 未设置
    下划线: 未设置
    标准颜色: 未设置
  运行 16: ''
    字体: 未设置
    大小: 未设置
    粗体: 未设置
    斜体: 未设置
    下划线: 未设置
    标准颜色: 未设置
  运行 17: ''
    字体: 未设置
    大小: 未设置
    粗体: 未设置
    斜体: 未设置
    下划线: 未设置
    标准颜色: 未设置
  运行 18: ''
    字体: 未设置
    大小: 未设置
    粗体: 未设置
    斜体: 未设置
    下划线: 未设置
    标准颜色: 未设置
  运行 19: ''
    字体: 未设置
    大小: 未设置
    粗体: 未设置
    斜体: 未设置
    下划线: 未设置
    标准颜色: 未设置
  运行 20: ''
    字体: 未设置
    大小: 未设置
    粗体: 未设置
    斜体: 未设置
    下划线: 未设置
    标准颜色: 未设置
  运行 21: ''
    字体: 未设置
    大小: 未设置
    粗体: 未设置
    斜体: 未设置
    下划线: 未设置
    标准颜色: 未设置
  运行 22: ''
    字体: 未设置
    大小: 未设置
    粗体: 未设置
    斜体: 未设置
    下划线: 未设置
    标准颜色: 未设置
  运行 23: ''
    字体: 未设置
    大小: 未设置
    粗体: 未设置
    斜体: 未设置
    下划线: 未设置
    标准颜色: 未设置
  运行 24: ''
    字体: 未设置
    大小: 未设置
    粗体: 未设置
    斜体: 未设置
    下划线: 未设置
    标准颜色: 未设置
  运行 25: ''
    字体: 未设置
    大小: 未设置
    粗体: 未设置
    斜体: 未设置
    下划线: 未设置
    标准颜色: 未设置
  运行 26: ''
    字体: 未设置
    大小: 未设置
    粗体: 未设置
    斜体: 未设置
    下划线: 未设置
    标准颜色: 未设置
  运行 27: ''
    字体: 未设置
    大小: 未设置
    粗体: 未设置
    斜体: 未设置
    下划线: 未设置
    标准颜色: 未设置
  运行 28: ''
    字体: 未设置
    大小: 未设置
    粗体: 未设置
    斜体: 未设置
    下划线: 未设置
    标准颜色: 未设置
  运行 29: ''
    字体: 未设置
    大小: 未设置
    粗体: 未设置
    斜体: 未设置
    下划线: 未设置
    标准颜色: 未设置
  运行 30: ''
    字体: 未设置
    大小: 未设置
    粗体: 未设置
    斜体: 未设置
    下划线: 未设置
    标准颜色: 未设置
  运行 31: ''
    字体: 未设置
    大小: 未设置
    粗体: 未设置
    斜体: 未设置
    下划线: 未设置
    标准颜色: 未设置
  运行 32: ''
    字体: 未设置
    大小: 未设置
    粗体: 未设置
    斜体: 未设置
    下划线: 未设置
    标准颜色: 未设置
  运行 33: ''
    字体: 未设置
    大小: 未设置
    粗体: 未设置
    斜体: 未设置
    下划线: 未设置
    标准颜色: 未设置
  运行 34: ''
    字体: 未设置
    大小: 未设置
    粗体: 未设置
    斜体: 未设置
    下划线: 未设置
    标准颜色: 未设置
  运行 35: ''
    字体: 未设置
    大小: 未设置
    粗体: 未设置
    斜体: 未设置
    下划线: 未设置
    标准颜色: 未设置

段落 662:
文本内容: Y公司目前代理的产品可以分为两大领域，分别是眼科医疗领域和眼镜仪器领域。眼科医疗领域产品的设计思路是，先通过检测设备检测病患目前的眼睛状况，再用诊断设备进一步诊断眼睛的疾病，最后用治疗设备进行治疗。眼镜仪器领域产品的设计思路是：先验光，包括客观眼光和主动眼光；接着配镜试戴，最后制片完成。介于这两点来产品又有部分交集，因此笔者按照常见的疾病分类将产品分为：眼视光解决方案产品、白内障解决方案产品，以及眼底解决方案产品。
段落样式: 正文-缩进
从样式获取的格式:
  样式字体: 未设置
  样式字号: 未设置
  样式颜色: 未设置
对齐方式: 未设置
左缩进: 未设置
右缩进: 未设置
首行缩进: 未设置
行间距: 未设置
从XML读取的格式:
  运行 1: 'Y'
    字体: 未设置
    大小: 未设置
    粗体: 未设置
    斜体: 未设置
    下划线: 未设置
    标准颜色: 未设置
  运行 2: '公司目前代理的产品可以分为两大领域，分别是眼科医疗领域和眼镜仪器领域。眼科医疗领域产品的设计思路是，先通过检测设备检测病患目前的眼睛状况，再用诊断设备进一步诊断眼睛的疾病，最后用治疗设备进行治疗。眼镜仪器领域产品的设计思路是：先验光，包括客观眼光和主动眼光；接着配镜试戴，最后制片完成。介于这两点来产品又有部分交集，因此笔者按照常见的疾病分类将产品分为：眼视光解决方案产品、白内障解决方案产品，以及眼底解决方案产品。'
    字体: 未设置
    大小: 未设置
    粗体: 未设置
    斜体: 未设置
    下划线: 未设置
    标准颜色: 未设置

段落 663:
文本内容: 眼视光产品介绍
段落样式: Heading 3
从样式获取的格式:
  样式字体: 未设置
  样式字号: 未设置
  样式颜色: 未设置
对齐方式: 未设置
左缩进: 未设置
右缩进: 未设置
首行缩进: 未设置
行间距: 未设置
从XML读取的格式:
  运行 1: '眼视光产品介绍'
    字体: 未设置
    大小: 未设置
    粗体: 未设置
    斜体: 未设置
    下划线: 未设置
    标准颜色: 未设置
  运行 2: ''
    字体: 未设置
    大小: 未设置
    粗体: 未设置
    斜体: 未设置
    下划线: 未设置
    标准颜色: 未设置
  运行 3: ''
    字体: 未设置
    大小: 未设置
    粗体: 未设置
    斜体: 未设置
    下划线: 未设置
    标准颜色: 未设置
  运行 4: ''
    字体: 未设置
    大小: 未设置
    粗体: 未设置
    斜体: 未设置
    下划线: 未设置
    标准颜色: 未设置
  运行 5: ''
    字体: 未设置
    大小: 未设置
    粗体: 未设置
    斜体: 未设置
    下划线: 未设置
    标准颜色: 未设置
  运行 6: ''
    字体: 未设置
    大小: 未设置
    粗体: 未设置
    斜体: 未设置
    下划线: 未设置
    标准颜色: 未设置
  运行 7: ''
    字体: 未设置
    大小: 未设置
    粗体: 未设置
    斜体: 未设置
    下划线: 未设置
    标准颜色: 未设置
  运行 8: ''
    字体: 未设置
    大小: 未设置
    粗体: 未设置
    斜体: 未设置
    下划线: 未设置
    标准颜色: 未设置
  运行 9: ''
    字体: 未设置
    大小: 未设置
    粗体: 未设置
    斜体: 未设置
    下划线: 未设置
    标准颜色: 未设置

段落 664:
文本内容: 眼视光解决方案主要是解决屈光不正的问题。屈光不正的病因是眼轴过长或过短，抑或角膜形状、晶状体老化等原因导致进入眼睛的光线不能准确聚焦，无法在视网膜上形成清晰的图像。屈光不正可分为近视和远视，对于近视的主要治疗方案有：带框架眼镜、行角膜手术、带角膜塑形镜、用0.01%阿托品眼药水治疗。这些治疗过程都需要用到Y公司代理销售的医疗设备，电脑验光仪ARK系列、综合检眼仪RT-5100系列、手持电脑验光仪HandyRef系列、魔术视力表箱SSC-370等。Y公司的眼视光产品如表 4-1所示。
段落样式: 正文-缩进
从样式获取的格式:
  样式字体: 未设置
  样式字号: 未设置
  样式颜色: 未设置
对齐方式: 未设置
左缩进: 未设置
右缩进: 未设置
首行缩进: 未设置
行间距: 未设置
从XML读取的格式:
  运行 1: '眼视光解决方案主要是解决屈光不正的问题。屈光不正的病'
    字体: 未设置
    大小: 未设置
    粗体: 未设置
    斜体: 未设置
    下划线: 未设置
    标准颜色: 未设置
  运行 2: '因是眼轴过长或过短'
    字体: 未设置
    大小: 未设置
    粗体: 未设置
    斜体: 未设置
    下划线: 未设置
    标准颜色: 未设置
  运行 3: '，抑或角膜形状、晶状体老化等原因导致进入眼睛的光线不能准确聚焦，无法在视网膜上形成清晰的图像'
    字体: 未设置
    大小: 未设置
    粗体: 未设置
    斜体: 未设置
    下划线: 未设置
    标准颜色: 未设置
  运行 4: '。屈光不正可分为近视和远视，对于近视的主要治疗方案有：带框架眼镜、行角膜手术、带角膜塑形镜、用'
    字体: 未设置
    大小: 未设置
    粗体: 未设置
    斜体: 未设置
    下划线: 未设置
    标准颜色: 未设置
  运行 5: '0.01%'
    字体: 未设置
    大小: 未设置
    粗体: 未设置
    斜体: 未设置
    下划线: 未设置
    标准颜色: 未设置
  运行 6: '阿托品眼药水治疗。这些治疗过程都需要用到'
    字体: 未设置
    大小: 未设置
    粗体: 未设置
    斜体: 未设置
    下划线: 未设置
    标准颜色: 未设置
  运行 7: 'Y'
    字体: 未设置
    大小: 未设置
    粗体: 未设置
    斜体: 未设置
    下划线: 未设置
    标准颜色: 未设置
  运行 8: '公司代理销售的医疗设备，电脑验光仪'
    字体: 未设置
    大小: 未设置
    粗体: 未设置
    斜体: 未设置
    下划线: 未设置
    标准颜色: 未设置
  运行 9: 'ARK'
    字体: 未设置
    大小: 未设置
    粗体: 未设置
    斜体: 未设置
    下划线: 未设置
    标准颜色: 未设置
  运行 10: '系列、综合检眼仪'
    字体: 未设置
    大小: 未设置
    粗体: 未设置
    斜体: 未设置
    下划线: 未设置
    标准颜色: 未设置
  运行 11: 'RT-5100'
    字体: 未设置
    大小: 未设置
    粗体: 未设置
    斜体: 未设置
    下划线: 未设置
    标准颜色: 未设置
  运行 12: '系列、手持电脑验光仪'
    字体: 未设置
    大小: 未设置
    粗体: 未设置
    斜体: 未设置
    下划线: 未设置
    标准颜色: 未设置
  运行 13: 'HandyRef'
    字体: 未设置
    大小: 未设置
    粗体: 未设置
    斜体: 未设置
    下划线: 未设置
    标准颜色: 未设置
  运行 14: '系列、魔术视力表箱'
    字体: 未设置
    大小: 未设置
    粗体: 未设置
    斜体: 未设置
    下划线: 未设置
    标准颜色: 未设置
  运行 15: 'SSC-370'
    字体: 未设置
    大小: 未设置
    粗体: 未设置
    斜体: 未设置
    下划线: 未设置
    标准颜色: 未设置
  运行 16: '等。'
    字体: 未设置
    大小: 未设置
    粗体: 未设置
    斜体: 未设置
    下划线: 未设置
    标准颜色: 未设置
  运行 17: 'Y'
    字体: 未设置
    大小: 未设置
    粗体: 未设置
    斜体: 未设置
    下划线: 未设置
    标准颜色: 未设置
  运行 18: '公司的眼视光产品如'
    字体: 未设置
    大小: 未设置
    粗体: 未设置
    斜体: 未设置
    下划线: 未设置
    标准颜色: 未设置
  运行 19: ''
    字体: 未设置
    大小: 未设置
    粗体: 未设置
    斜体: 未设置
    下划线: 未设置
    标准颜色: 未设置
  运行 20: ''
    字体: 未设置
    大小: 未设置
    粗体: 未设置
    斜体: 未设置
    下划线: 未设置
    标准颜色: 未设置
  运行 21: ''
    字体: 未设置
    大小: 未设置
    粗体: 未设置
    斜体: 未设置
    下划线: 未设置
    标准颜色: 未设置
  运行 22: ''
    字体: 未设置
    大小: 未设置
    粗体: 未设置
    斜体: 未设置
    下划线: 未设置
    标准颜色: 未设置
  运行 23: ''
    字体: 未设置
    大小: 未设置
    粗体: 未设置
    斜体: 未设置
    下划线: 未设置
    标准颜色: 未设置
  运行 24: '表'
    字体: 未设置
    大小: 未设置
    粗体: 未设置
    斜体: 未设置
    下划线: 未设置
    标准颜色: 未设置
  运行 25: ' '
    字体: 未设置
    大小: 未设置
    粗体: 未设置
    斜体: 未设置
    下划线: 未设置
    标准颜色: 未设置
  运行 26: '4'
    字体: 未设置
    大小: 未设置
    粗体: 未设置
    斜体: 未设置
    下划线: 未设置
    标准颜色: 未设置
  运行 27: '-'
    字体: 未设置
    大小: 未设置
    粗体: 未设置
    斜体: 未设置
    下划线: 未设置
    标准颜色: 未设置
  运行 28: '1'
    字体: 未设置
    大小: 未设置
    粗体: 未设置
    斜体: 未设置
    下划线: 未设置
    标准颜色: 未设置
  运行 29: ''
    字体: 未设置
    大小: 未设置
    粗体: 未设置
    斜体: 未设置
    下划线: 未设置
    标准颜色: 未设置
  运行 30: '所示。'
    字体: 未设置
    大小: 未设置
    粗体: 未设置
    斜体: 未设置
    下划线: 未设置
    标准颜色: 未设置

段落 665:
文本内容: 白内障产品介绍
段落样式: Heading 3
从样式获取的格式:
  样式字体: 未设置
  样式字号: 未设置
  样式颜色: 未设置
对齐方式: 未设置
左缩进: 未设置
右缩进: 未设置
首行缩进: 未设置
行间距: 未设置
从XML读取的格式:
  运行 1: '白内障产品'
    字体: 未设置
    大小: 未设置
    粗体: 未设置
    斜体: 未设置
    下划线: 未设置
    标准颜色: 未设置
  运行 2: '介绍'
    字体: 未设置
    大小: 未设置
    粗体: 未设置
    斜体: 未设置
    下划线: 未设置
    标准颜色: 未设置
  运行 3: ''
    字体: 未设置
    大小: 未设置
    粗体: 未设置
    斜体: 未设置
    下划线: 未设置
    标准颜色: 未设置
  运行 4: ''
    字体: 未设置
    大小: 未设置
    粗体: 未设置
    斜体: 未设置
    下划线: 未设置
    标准颜色: 未设置
  运行 5: ''
    字体: 未设置
    大小: 未设置
    粗体: 未设置
    斜体: 未设置
    下划线: 未设置
    标准颜色: 未设置
  运行 6: ''
    字体: 未设置
    大小: 未设置
    粗体: 未设置
    斜体: 未设置
    下划线: 未设置
    标准颜色: 未设置
  运行 7: ''
    字体: 未设置
    大小: 未设置
    粗体: 未设置
    斜体: 未设置
    下划线: 未设置
    标准颜色: 未设置
  运行 8: ''
    字体: 未设置
    大小: 未设置
    粗体: 未设置
    斜体: 未设置
    下划线: 未设置
    标准颜色: 未设置
  运行 9: ''
    字体: 未设置
    大小: 未设置
    粗体: 未设置
    斜体: 未设置
    下划线: 未设置
    标准颜色: 未设置
  运行 10: ''
    字体: 未设置
    大小: 未设置
    粗体: 未设置
    斜体: 未设置
    下划线: 未设置
    标准颜色: 未设置

段落 666:
文本内容: 白内障解决方案产品包括检查、诊断和治疗白内障疾病。在正常的眼睛里，晶状体能将光线聚焦于视网膜，并通过调节作用看清远近物体。正常人的自然晶状体是清澈透明的，随着年龄的增长，自然晶状体会出现变性、浑浊，变得不在透明，影响到正常的视力时，就会被诊断为白内障。
段落样式: 正文-缩进
从样式获取的格式:
  样式字体: 未设置
  样式字号: 未设置
  样式颜色: 未设置
对齐方式: 未设置
左缩进: 未设置
右缩进: 未设置
首行缩进: 未设置
行间距: 未设置
从XML读取的格式:
  运行 1: '白内障解决方案产品包括检查、诊断和治疗白内障疾病'
    字体: 未设置
    大小: 未设置
    粗体: 未设置
    斜体: 未设置
    下划线: 未设置
    标准颜色: 未设置
  运行 2: ''
    字体: 未设置
    大小: 未设置
    粗体: 未设置
    斜体: 未设置
    下划线: 未设置
    标准颜色: 未设置
  运行 3: '。'
    字体: 未设置
    大小: 未设置
    粗体: 未设置
    斜体: 未设置
    下划线: 未设置
    标准颜色: 未设置
  运行 4: '在正常的眼睛里，晶'
    字体: 未设置
    大小: 未设置
    粗体: 未设置
    斜体: 未设置
    下划线: 未设置
    标准颜色: 未设置
  运行 5: '状体能将光线聚焦于视网膜，并通过调节作用看清远近物体。'
    字体: 未设置
    大小: 未设置
    粗体: 未设置
    斜体: 未设置
    下划线: 未设置
    标准颜色: 未设置
  运行 6: '正常人的自然'
    字体: 未设置
    大小: 未设置
    粗体: 未设置
    斜体: 未设置
    下划线: 未设置
    标准颜色: 未设置
  运行 7: '晶状体'
    字体: 未设置
    大小: 未设置
    粗体: 未设置
    斜体: 未设置
    下划线: 未设置
    标准颜色: 未设置
  运行 8: '是清澈透明'
    字体: 未设置
    大小: 未设置
    粗体: 未设置
    斜体: 未设置
    下划线: 未设置
    标准颜色: 未设置
  运行 9: '的'
    字体: 未设置
    大小: 未设置
    粗体: 未设置
    斜体: 未设置
    下划线: 未设置
    标准颜色: 未设置
  运行 10: '，随着年龄的增长，自然'
    字体: 未设置
    大小: 未设置
    粗体: 未设置
    斜体: 未设置
    下划线: 未设置
    标准颜色: 未设置
  运行 11: '晶状体'
    字体: 未设置
    大小: 未设置
    粗体: 未设置
    斜体: 未设置
    下划线: 未设置
    标准颜色: 未设置
  运行 12: '会'
    字体: 未设置
    大小: 未设置
    粗体: 未设置
    斜体: 未设置
    下划线: 未设置
    标准颜色: 未设置
  运行 13: '出现变性'
    字体: 未设置
    大小: 未设置
    粗体: 未设置
    斜体: 未设置
    下划线: 未设置
    标准颜色: 未设置
  运行 14: '、'
    字体: 未设置
    大小: 未设置
    粗体: 未设置
    斜体: 未设置
    下划线: 未设置
    标准颜色: 未设置
  运行 15: '浑浊，'
    字体: 未设置
    大小: 未设置
    粗体: 未设置
    斜体: 未设置
    下划线: 未设置
    标准颜色: 未设置
  运行 16: '变得'
    字体: 未设置
    大小: 未设置
    粗体: 未设置
    斜体: 未设置
    下划线: 未设置
    标准颜色: 未设置
  运行 17: '不'
    字体: 未设置
    大小: 未设置
    粗体: 未设置
    斜体: 未设置
    下划线: 未设置
    标准颜色: 未设置
  运行 18: '在'
    字体: 未设置
    大小: 未设置
    粗体: 未设置
    斜体: 未设置
    下划线: 未设置
    标准颜色: 未设置
  运行 19: '透明，'
    字体: 未设置
    大小: 未设置
    粗体: 未设置
    斜体: 未设置
    下划线: 未设置
    标准颜色: 未设置
  运行 20: '影响到正常的视力时，就会被诊断为白内障。'
    字体: 未设置
    大小: 未设置
    粗体: 未设置
    斜体: 未设置
    下划线: 未设置
    标准颜色: 未设置

段落 668:
文本内容: 表 4-1　眼视光组产品介绍
段落样式: Caption
从样式获取的格式:
  样式字体: 未设置
  样式字号: 未设置
  样式颜色: 未设置
对齐方式: 未设置
左缩进: 未设置
右缩进: 未设置
首行缩进: 未设置
行间距: 未设置
从XML读取的格式:
  运行 1: '表'
    字体: 未设置
    大小: 未设置
    粗体: 未设置
    斜体: 未设置
    下划线: 未设置
    标准颜色: 未设置
  运行 2: ' '
    字体: 未设置
    大小: 未设置
    粗体: 未设置
    斜体: 未设置
    下划线: 未设置
    标准颜色: 未设置
  运行 3: ''
    字体: 未设置
    大小: 未设置
    粗体: 未设置
    斜体: 未设置
    下划线: 未设置
    标准颜色: 未设置
  运行 4: ''
    字体: 未设置
    大小: 未设置
    粗体: 未设置
    斜体: 未设置
    下划线: 未设置
    标准颜色: 未设置
  运行 5: ''
    字体: 未设置
    大小: 未设置
    粗体: 未设置
    斜体: 未设置
    下划线: 未设置
    标准颜色: 未设置
  运行 6: ''
    字体: 未设置
    大小: 未设置
    粗体: 未设置
    斜体: 未设置
    下划线: 未设置
    标准颜色: 未设置
  运行 7: ''
    字体: 未设置
    大小: 未设置
    粗体: 未设置
    斜体: 未设置
    下划线: 未设置
    标准颜色: 未设置
  运行 8: '4'
    字体: 未设置
    大小: 未设置
    粗体: 未设置
    斜体: 未设置
    下划线: 未设置
    标准颜色: 未设置
  运行 9: ''
    字体: 未设置
    大小: 未设置
    粗体: 未设置
    斜体: 未设置
    下划线: 未设置
    标准颜色: 未设置
  运行 10: '-'
    字体: 未设置
    大小: 未设置
    粗体: 未设置
    斜体: 未设置
    下划线: 未设置
    标准颜色: 未设置
  运行 11: ''
    字体: 未设置
    大小: 未设置
    粗体: 未设置
    斜体: 未设置
    下划线: 未设置
    标准颜色: 未设置
  运行 12: ''
    字体: 未设置
    大小: 未设置
    粗体: 未设置
    斜体: 未设置
    下划线: 未设置
    标准颜色: 未设置
  运行 13: ''
    字体: 未设置
    大小: 未设置
    粗体: 未设置
    斜体: 未设置
    下划线: 未设置
    标准颜色: 未设置
  运行 14: ''
    字体: 未设置
    大小: 未设置
    粗体: 未设置
    斜体: 未设置
    下划线: 未设置
    标准颜色: 未设置
  运行 15: ''
    字体: 未设置
    大小: 未设置
    粗体: 未设置
    斜体: 未设置
    下划线: 未设置
    标准颜色: 未设置
  运行 16: ''
    字体: 未设置
    大小: 未设置
    粗体: 未设置
    斜体: 未设置
    下划线: 未设置
    标准颜色: 未设置
  运行 17: ''
    字体: 未设置
    大小: 未设置
    粗体: 未设置
    斜体: 未设置
    下划线: 未设置
    标准颜色: 未设置
  运行 18: '1'
    字体: 未设置
    大小: 未设置
    粗体: 未设置
    斜体: 未设置
    下划线: 未设置
    标准颜色: 未设置
  运行 19: ''
    字体: 未设置
    大小: 未设置
    粗体: 未设置
    斜体: 未设置
    下划线: 未设置
    标准颜色: 未设置
  运行 20: '　'
    字体: 未设置
    大小: 未设置
    粗体: 未设置
    斜体: 未设置
    下划线: 未设置
    标准颜色: 未设置
  运行 21: '眼视光组产品介绍'
    字体: 未设置
    大小: 未设置
    粗体: 未设置
    斜体: 未设置
    下划线: 未设置
    标准颜色: 未设置

段落 669:
文本内容: 资料来源：作者整理，Y公司内部资料，2024.
段落样式: 图表资料来源
从样式获取的格式:
  样式字体: 未设置
  样式字号: 114300
  样式字号(pt): 9.0
  样式颜色: 未设置
对齐方式: 未设置
左缩进: 未设置
右缩进: 未设置
首行缩进: 未设置
行间距: 未设置
从XML读取的格式:
  运行 1: '资料来源'
    字体: 未设置
    大小: 未设置
    粗体: 未设置
    斜体: 未设置
    下划线: 未设置
    标准颜色: 未设置
  运行 2: '：'
    字体: 未设置
    大小: 未设置
    粗体: 未设置
    斜体: 未设置
    下划线: 未设置
    标准颜色: 未设置
  运行 3: '作者整理，'
    字体: 未设置
    大小: 未设置
    粗体: 未设置
    斜体: 未设置
    下划线: 未设置
    标准颜色: 未设置
  运行 4: 'Y'
    字体: 未设置
    大小: 未设置
    粗体: 未设置
    斜体: 未设置
    下划线: 未设置
    标准颜色: 未设置
  运行 5: '公司内部资料'
    字体: 未设置
    大小: 未设置
    粗体: 未设置
    斜体: 未设置
    下划线: 未设置
    标准颜色: 未设置
  运行 6: '，'
    字体: 未设置
    大小: 未设置
    粗体: 未设置
    斜体: 未设置
    下划线: 未设置
    标准颜色: 未设置
  运行 7: '20'
    字体: 未设置
    大小: 未设置
    粗体: 未设置
    斜体: 未设置
    下划线: 未设置
    标准颜色: 未设置
  运行 8: '2'
    字体: 未设置
    大小: 未设置
    粗体: 未设置
    斜体: 未设置
    下划线: 未设置
    标准颜色: 未设置
  运行 9: '4'
    字体: 未设置
    大小: 未设置
    粗体: 未设置
    斜体: 未设置
    下划线: 未设置
    标准颜色: 未设置
  运行 10: '.'
    字体: 未设置
    大小: 未设置
    粗体: 未设置
    斜体: 未设置
    下划线: 未设置
    标准颜色: 未设置

段落 671:
文本内容: 白内障根据病因不同可分为四类，分别是老年性白内障、外伤性白内障、先天性白内障以及并发性白内障。先天性白内障主要是遗传因素、宫内感染等引起的；老年性白内障主要是年龄增长、眼睛各方面老化造成；外伤性白内障主要是眼球穿孔伤、钝挫伤、化学伤以及电击伤等引起；并发性白内障主要是一些眼疾病如青光眼或一些全身性疾病所引起。
段落样式: 正文-缩进
从样式获取的格式:
  样式字体: 未设置
  样式字号: 未设置
  样式颜色: 未设置
对齐方式: 未设置
左缩进: 未设置
右缩进: 未设置
首行缩进: 未设置
行间距: 未设置
从XML读取的格式:
  运行 1: '白内障根据病因不同可分为四类，分别是老年性白内障、外伤性白内障、先天性白内障以及并发性白内障。先天性白内障主要是遗传因素、宫内感染等引起的；老年性白内障主要是年龄增长、眼睛各方面老化造成；外伤性白内障主要是眼球穿孔伤、钝挫伤、化学伤以及电击伤等引起；并发性白内障主要是一些眼疾病如青光眼或一些全身性疾病所引起。'
    字体: 未设置
    大小: 未设置
    粗体: 未设置
    斜体: 未设置
    下划线: 未设置
    标准颜色: 未设置

段落 672:
文本内容: Y公司用于检查、治疗白内障疾病的设备有：生物测量仪、屈光分析仪、眼科手术系统、角膜内皮显微镜、眼前节YAG激光系统等，如表 4-2所示。
段落样式: 正文-缩进
从样式获取的格式:
  样式字体: 未设置
  样式字号: 未设置
  样式颜色: 未设置
对齐方式: 未设置
左缩进: 未设置
右缩进: 未设置
首行缩进: 未设置
行间距: 未设置
从XML读取的格式:
  运行 1: 'Y'
    字体: 未设置
    大小: 未设置
    粗体: 未设置
    斜体: 未设置
    下划线: 未设置
    标准颜色: 未设置
  运行 2: '公司用于检查、治疗白内障疾病的设备有：生物测量仪、屈光分析仪、眼科手术系统、角膜内皮显微镜、'
    字体: 未设置
    大小: 未设置
    粗体: 未设置
    斜体: 未设置
    下划线: 未设置
    标准颜色: 未设置
  运行 3: '眼前节'
    字体: 未设置
    大小: 未设置
    粗体: 未设置
    斜体: 未设置
    下划线: 未设置
    标准颜色: 未设置
  运行 4: 'YAG'
    字体: 未设置
    大小: 未设置
    粗体: 未设置
    斜体: 未设置
    下划线: 未设置
    标准颜色: 未设置
  运行 5: '激光系统'
    字体: 未设置
    大小: 未设置
    粗体: 未设置
    斜体: 未设置
    下划线: 未设置
    标准颜色: 未设置
  运行 6: '等，如'
    字体: 未设置
    大小: 未设置
    粗体: 未设置
    斜体: 未设置
    下划线: 未设置
    标准颜色: 未设置
  运行 7: ''
    字体: 未设置
    大小: 未设置
    粗体: 未设置
    斜体: 未设置
    下划线: 未设置
    标准颜色: 未设置
  运行 8: ''
    字体: 未设置
    大小: 未设置
    粗体: 未设置
    斜体: 未设置
    下划线: 未设置
    标准颜色: 未设置
  运行 9: ''
    字体: 未设置
    大小: 未设置
    粗体: 未设置
    斜体: 未设置
    下划线: 未设置
    标准颜色: 未设置
  运行 10: ''
    字体: 未设置
    大小: 未设置
    粗体: 未设置
    斜体: 未设置
    下划线: 未设置
    标准颜色: 未设置
  运行 11: ''
    字体: 未设置
    大小: 未设置
    粗体: 未设置
    斜体: 未设置
    下划线: 未设置
    标准颜色: 未设置
  运行 12: '表'
    字体: 未设置
    大小: 未设置
    粗体: 未设置
    斜体: 未设置
    下划线: 未设置
    标准颜色: 未设置
  运行 13: ' '
    字体: 未设置
    大小: 未设置
    粗体: 未设置
    斜体: 未设置
    下划线: 未设置
    标准颜色: 未设置
  运行 14: '4'
    字体: 未设置
    大小: 未设置
    粗体: 未设置
    斜体: 未设置
    下划线: 未设置
    标准颜色: 未设置
  运行 15: '-'
    字体: 未设置
    大小: 未设置
    粗体: 未设置
    斜体: 未设置
    下划线: 未设置
    标准颜色: 未设置
  运行 16: '2'
    字体: 未设置
    大小: 未设置
    粗体: 未设置
    斜体: 未设置
    下划线: 未设置
    标准颜色: 未设置
  运行 17: ''
    字体: 未设置
    大小: 未设置
    粗体: 未设置
    斜体: 未设置
    下划线: 未设置
    标准颜色: 未设置
  运行 18: '所示。'
    字体: 未设置
    大小: 未设置
    粗体: 未设置
    斜体: 未设置
    下划线: 未设置
    标准颜色: 未设置

段落 674:
文本内容: 表 4-2　白内障组产品介绍
段落样式: Caption
从样式获取的格式:
  样式字体: 未设置
  样式字号: 未设置
  样式颜色: 未设置
对齐方式: 未设置
左缩进: 未设置
右缩进: 未设置
首行缩进: 未设置
行间距: 未设置
从XML读取的格式:
  运行 1: '表'
    字体: 未设置
    大小: 未设置
    粗体: 未设置
    斜体: 未设置
    下划线: 未设置
    标准颜色: 未设置
  运行 2: ' '
    字体: 未设置
    大小: 未设置
    粗体: 未设置
    斜体: 未设置
    下划线: 未设置
    标准颜色: 未设置
  运行 3: ''
    字体: 未设置
    大小: 未设置
    粗体: 未设置
    斜体: 未设置
    下划线: 未设置
    标准颜色: 未设置
  运行 4: ''
    字体: 未设置
    大小: 未设置
    粗体: 未设置
    斜体: 未设置
    下划线: 未设置
    标准颜色: 未设置
  运行 5: ''
    字体: 未设置
    大小: 未设置
    粗体: 未设置
    斜体: 未设置
    下划线: 未设置
    标准颜色: 未设置
  运行 6: ''
    字体: 未设置
    大小: 未设置
    粗体: 未设置
    斜体: 未设置
    下划线: 未设置
    标准颜色: 未设置
  运行 7: ''
    字体: 未设置
    大小: 未设置
    粗体: 未设置
    斜体: 未设置
    下划线: 未设置
    标准颜色: 未设置
  运行 8: '4'
    字体: 未设置
    大小: 未设置
    粗体: 未设置
    斜体: 未设置
    下划线: 未设置
    标准颜色: 未设置
  运行 9: ''
    字体: 未设置
    大小: 未设置
    粗体: 未设置
    斜体: 未设置
    下划线: 未设置
    标准颜色: 未设置
  运行 10: '-'
    字体: 未设置
    大小: 未设置
    粗体: 未设置
    斜体: 未设置
    下划线: 未设置
    标准颜色: 未设置
  运行 11: ''
    字体: 未设置
    大小: 未设置
    粗体: 未设置
    斜体: 未设置
    下划线: 未设置
    标准颜色: 未设置
  运行 12: ''
    字体: 未设置
    大小: 未设置
    粗体: 未设置
    斜体: 未设置
    下划线: 未设置
    标准颜色: 未设置
  运行 13: ''
    字体: 未设置
    大小: 未设置
    粗体: 未设置
    斜体: 未设置
    下划线: 未设置
    标准颜色: 未设置
  运行 14: ''
    字体: 未设置
    大小: 未设置
    粗体: 未设置
    斜体: 未设置
    下划线: 未设置
    标准颜色: 未设置
  运行 15: ''
    字体: 未设置
    大小: 未设置
    粗体: 未设置
    斜体: 未设置
    下划线: 未设置
    标准颜色: 未设置
  运行 16: ''
    字体: 未设置
    大小: 未设置
    粗体: 未设置
    斜体: 未设置
    下划线: 未设置
    标准颜色: 未设置
  运行 17: ''
    字体: 未设置
    大小: 未设置
    粗体: 未设置
    斜体: 未设置
    下划线: 未设置
    标准颜色: 未设置
  运行 18: '2'
    字体: 未设置
    大小: 未设置
    粗体: 未设置
    斜体: 未设置
    下划线: 未设置
    标准颜色: 未设置
  运行 19: ''
    字体: 未设置
    大小: 未设置
    粗体: 未设置
    斜体: 未设置
    下划线: 未设置
    标准颜色: 未设置
  运行 20: '　'
    字体: 未设置
    大小: 未设置
    粗体: 未设置
    斜体: 未设置
    下划线: 未设置
    标准颜色: 未设置
  运行 21: '白内障组产品介绍'
    字体: 未设置
    大小: 未设置
    粗体: 未设置
    斜体: 未设置
    下划线: 未设置
    标准颜色: 未设置

段落 675:
文本内容: 资料来源：作者整理，Y公司内部资料，2024.
段落样式: 图表资料来源
从样式获取的格式:
  样式字体: 未设置
  样式字号: 114300
  样式字号(pt): 9.0
  样式颜色: 未设置
对齐方式: 未设置
左缩进: 未设置
右缩进: 未设置
首行缩进: 未设置
行间距: 未设置
从XML读取的格式:
  运行 1: '资料来源'
    字体: 未设置
    大小: 未设置
    粗体: 未设置
    斜体: 未设置
    下划线: 未设置
    标准颜色: 未设置
  运行 2: '：'
    字体: 未设置
    大小: 未设置
    粗体: 未设置
    斜体: 未设置
    下划线: 未设置
    标准颜色: 未设置
  运行 3: '作者整理，'
    字体: 未设置
    大小: 未设置
    粗体: 未设置
    斜体: 未设置
    下划线: 未设置
    标准颜色: 未设置
  运行 4: 'Y'
    字体: 未设置
    大小: 未设置
    粗体: 未设置
    斜体: 未设置
    下划线: 未设置
    标准颜色: 未设置
  运行 5: '公司内部资料'
    字体: 未设置
    大小: 未设置
    粗体: 未设置
    斜体: 未设置
    下划线: 未设置
    标准颜色: 未设置
  运行 6: '，'
    字体: 未设置
    大小: 未设置
    粗体: 未设置
    斜体: 未设置
    下划线: 未设置
    标准颜色: 未设置
  运行 7: '20'
    字体: 未设置
    大小: 未设置
    粗体: 未设置
    斜体: 未设置
    下划线: 未设置
    标准颜色: 未设置
  运行 8: '2'
    字体: 未设置
    大小: 未设置
    粗体: 未设置
    斜体: 未设置
    下划线: 未设置
    标准颜色: 未设置
  运行 9: '4'
    字体: 未设置
    大小: 未设置
    粗体: 未设置
    斜体: 未设置
    下划线: 未设置
    标准颜色: 未设置
  运行 10: '.'
    字体: 未设置
    大小: 未设置
    粗体: 未设置
    斜体: 未设置
    下划线: 未设置
    标准颜色: 未设置

段落 677:
文本内容: 眼底病产品介绍
段落样式: Heading 3
从样式获取的格式:
  样式字体: 未设置
  样式字号: 未设置
  样式颜色: 未设置
对齐方式: 未设置
左缩进: 未设置
右缩进: 未设置
首行缩进: 未设置
行间距: 未设置
从XML读取的格式:
  运行 1: '眼底病产品介绍'
    字体: 未设置
    大小: 未设置
    粗体: 未设置
    斜体: 未设置
    下划线: 未设置
    标准颜色: 未设置
  运行 2: ''
    字体: 未设置
    大小: 未设置
    粗体: 未设置
    斜体: 未设置
    下划线: 未设置
    标准颜色: 未设置
  运行 3: ''
    字体: 未设置
    大小: 未设置
    粗体: 未设置
    斜体: 未设置
    下划线: 未设置
    标准颜色: 未设置
  运行 4: ''
    字体: 未设置
    大小: 未设置
    粗体: 未设置
    斜体: 未设置
    下划线: 未设置
    标准颜色: 未设置
  运行 5: ''
    字体: 未设置
    大小: 未设置
    粗体: 未设置
    斜体: 未设置
    下划线: 未设置
    标准颜色: 未设置
  运行 6: ''
    字体: 未设置
    大小: 未设置
    粗体: 未设置
    斜体: 未设置
    下划线: 未设置
    标准颜色: 未设置
  运行 7: ''
    字体: 未设置
    大小: 未设置
    粗体: 未设置
    斜体: 未设置
    下划线: 未设置
    标准颜色: 未设置
  运行 8: ''
    字体: 未设置
    大小: 未设置
    粗体: 未设置
    斜体: 未设置
    下划线: 未设置
    标准颜色: 未设置
  运行 9: ''
    字体: 未设置
    大小: 未设置
    粗体: 未设置
    斜体: 未设置
    下划线: 未设置
    标准颜色: 未设置
  运行 10: ''
    字体: 未设置
    大小: 未设置
    粗体: 未设置
    斜体: 未设置
    下划线: 未设置
    标准颜色: 未设置

段落 678:
文本内容: 眼底病是一个医学上的称谓。眼底包括视网膜、视盘和脉络膜，眼底相关疾病又称为眼底病。许多眼底病与玻璃体的改变关系密切，所以玻璃体病变也包括在内。在眼底疾病的诊疗过程中会用到许多设备，例如眼底照相机、OCT、玻切机、多波长激光等。Y公司用于眼底疾病诊疗的设备主要有：眼底照相机、眼科诊断仪、光干涉断层扫描仪、眼科半导体激光光凝仪（绿色532nm）、眼科半导体激光光凝仪[]（黄色577nm）、眼科半导体激光光凝仪（红色647nm）多波长激光（绿、黄、红）、微视野视野计等。Y医疗器械公司代理的产品中，用于眼底病诊疗的产品如表 4-3所示。
段落样式: 正文-缩进
从样式获取的格式:
  样式字体: 未设置
  样式字号: 未设置
  样式颜色: 未设置
对齐方式: 未设置
左缩进: 未设置
右缩进: 未设置
首行缩进: 未设置
行间距: 未设置
从XML读取的格式:
  运行 1: '眼底病'
    字体: 未设置
    大小: 未设置
    粗体: 未设置
    斜体: 未设置
    下划线: 未设置
    标准颜色: 未设置
  运行 2: ''
    字体: 未设置
    大小: 未设置
    粗体: 未设置
    斜体: 未设置
    下划线: 未设置
    标准颜色: 未设置
  运行 3: '是一个医学'
    字体: 未设置
    大小: 未设置
    粗体: 未设置
    斜体: 未设置
    下划线: 未设置
    标准颜色: 未设置
  运行 4: '上的'
    字体: 未设置
    大小: 未设置
    粗体: 未设置
    斜体: 未设置
    下划线: 未设置
    标准颜色: 未设置
  运行 5: '称谓。'
    字体: 未设置
    大小: 未设置
    粗体: 未设置
    斜体: 未设置
    下划线: 未设置
    标准颜色: 未设置
  运行 6: '眼底包括视网膜、视盘和脉络膜，'
    字体: 未设置
    大小: 未设置
    粗体: 未设置
    斜体: 未设置
    下划线: 未设置
    标准颜色: 未设置
  运行 7: '眼底相关疾病又'
    字体: 未设置
    大小: 未设置
    粗体: 未设置
    斜体: 未设置
    下划线: 未设置
    标准颜色: 未设置
  运行 8: '称为眼底病。许多眼底病与玻璃体的改变关系密切，所以玻璃体病变也包括在内。在眼底疾病的诊疗过程中会用到许多设备，例如眼底照相机、'
    字体: 未设置
    大小: 未设置
    粗体: 未设置
    斜体: 未设置
    下划线: 未设置
    标准颜色: 未设置
  运行 9: 'OCT'
    字体: 未设置
    大小: 未设置
    粗体: 未设置
    斜体: 未设置
    下划线: 未设置
    标准颜色: 未设置
  运行 10: ''
    字体: 未设置
    大小: 未设置
    粗体: 未设置
    斜体: 未设置
    下划线: 未设置
    标准颜色: 未设置
  运行 11: '、玻切机、多波长激光等。'
    字体: 未设置
    大小: 未设置
    粗体: 未设置
    斜体: 未设置
    下划线: 未设置
    标准颜色: 未设置
  运行 12: 'Y'
    字体: 未设置
    大小: 未设置
    粗体: 未设置
    斜体: 未设置
    下划线: 未设置
    标准颜色: 未设置
  运行 13: '公司用于眼底疾病诊疗的设备主要有：眼底照相机、眼科诊断仪、光干涉断层扫描仪、眼科半导体激光光凝仪'
    字体: 未设置
    大小: 未设置
    粗体: 未设置
    斜体: 未设置
    下划线: 未设置
    标准颜色: 未设置
  运行 14: ''
    字体: 未设置
    大小: 未设置
    粗体: 未设置
    斜体: 未设置
    下划线: 未设置
    标准颜色: 未设置
  运行 15: '（'
    字体: 未设置
    大小: 未设置
    粗体: 未设置
    斜体: 未设置
    下划线: 未设置
    标准颜色: 未设置
  运行 16: '绿'
    字体: 未设置
    大小: 未设置
    粗体: 未设置
    斜体: 未设置
    下划线: 未设置
    标准颜色: 未设置
  运行 17: '色'
    字体: 未设置
    大小: 未设置
    粗体: 未设置
    斜体: 未设置
    下划线: 未设置
    标准颜色: 未设置
  运行 18: '5'
    字体: 未设置
    大小: 未设置
    粗体: 未设置
    斜体: 未设置
    下划线: 未设置
    标准颜色: 未设置
  运行 19: '32nm'
    字体: 未设置
    大小: 未设置
    粗体: 未设置
    斜体: 未设置
    下划线: 未设置
    标准颜色: 未设置
  运行 20: '）'
    字体: 未设置
    大小: 未设置
    粗体: 未设置
    斜体: 未设置
    下划线: 未设置
    标准颜色: 未设置
  运行 21: '、眼科半导体激光光'
    字体: 未设置
    大小: 未设置
    粗体: 未设置
    斜体: 未设置
    下划线: 未设置
    标准颜色: 未设置
  运行 22: '凝仪'
    字体: 未设置
    大小: 未设置
    粗体: 未设置
    斜体: 未设置
    下划线: 未设置
    标准颜色: 未设置
  运行 23: '['
    字体: 未设置
    大小: 未设置
    粗体: 未设置
    斜体: 未设置
    下划线: 未设置
    标准颜色: 未设置
  运行 24: ''
    字体: 未设置
    大小: 未设置
    粗体: 未设置
    斜体: 未设置
    下划线: 未设置
    标准颜色: 未设置
  运行 25: ']'
    字体: 未设置
    大小: 未设置
    粗体: 未设置
    斜体: 未设置
    下划线: 未设置
    标准颜色: 未设置
  运行 26: '（'
    字体: 未设置
    大小: 未设置
    粗体: 未设置
    斜体: 未设置
    下划线: 未设置
    标准颜色: 未设置
  运行 27: '黄'
    字体: 未设置
    大小: 未设置
    粗体: 未设置
    斜体: 未设置
    下划线: 未设置
    标准颜色: 未设置
  运行 28: '色'
    字体: 未设置
    大小: 未设置
    粗体: 未设置
    斜体: 未设置
    下划线: 未设置
    标准颜色: 未设置
  运行 29: '577nm'
    字体: 未设置
    大小: 未设置
    粗体: 未设置
    斜体: 未设置
    下划线: 未设置
    标准颜色: 未设置
  运行 30: '）'
    字体: 未设置
    大小: 未设置
    粗体: 未设置
    斜体: 未设置
    下划线: 未设置
    标准颜色: 未设置
  运行 31: '、眼科半导体激光光凝仪'
    字体: 未设置
    大小: 未设置
    粗体: 未设置
    斜体: 未设置
    下划线: 未设置
    标准颜色: 未设置
  运行 32: '（'
    字体: 未设置
    大小: 未设置
    粗体: 未设置
    斜体: 未设置
    下划线: 未设置
    标准颜色: 未设置
  运行 33: '红'
    字体: 未设置
    大小: 未设置
    粗体: 未设置
    斜体: 未设置
    下划线: 未设置
    标准颜色: 未设置
  运行 34: '色'
    字体: 未设置
    大小: 未设置
    粗体: 未设置
    斜体: 未设置
    下划线: 未设置
    标准颜色: 未设置
  运行 35: '647nm'
    字体: 未设置
    大小: 未设置
    粗体: 未设置
    斜体: 未设置
    下划线: 未设置
    标准颜色: 未设置
  运行 36: '）'
    字体: 未设置
    大小: 未设置
    粗体: 未设置
    斜体: 未设置
    下划线: 未设置
    标准颜色: 未设置
  运行 37: '多波长激光'
    字体: 未设置
    大小: 未设置
    粗体: 未设置
    斜体: 未设置
    下划线: 未设置
    标准颜色: 未设置
  运行 38: '（'
    字体: 未设置
    大小: 未设置
    粗体: 未设置
    斜体: 未设置
    下划线: 未设置
    标准颜色: 未设置
  运行 39: '绿、黄、红'
    字体: 未设置
    大小: 未设置
    粗体: 未设置
    斜体: 未设置
    下划线: 未设置
    标准颜色: 未设置
  运行 40: '）'
    字体: 未设置
    大小: 未设置
    粗体: 未设置
    斜体: 未设置
    下划线: 未设置
    标准颜色: 未设置
  运行 41: '、微视野视野计等'
    字体: 未设置
    大小: 未设置
    粗体: 未设置
    斜体: 未设置
    下划线: 未设置
    标准颜色: 未设置
  运行 42: '。'
    字体: 未设置
    大小: 未设置
    粗体: 未设置
    斜体: 未设置
    下划线: 未设置
    标准颜色: 未设置
  运行 43: 'Y'
    字体: 未设置
    大小: 未设置
    粗体: 未设置
    斜体: 未设置
    下划线: 未设置
    标准颜色: 未设置
  运行 44: '医疗器械'
    字体: 未设置
    大小: 未设置
    粗体: 未设置
    斜体: 未设置
    下划线: 未设置
    标准颜色: 未设置
  运行 45: '公司'
    字体: 未设置
    大小: 未设置
    粗体: 未设置
    斜体: 未设置
    下划线: 未设置
    标准颜色: 未设置
  运行 46: '代理的产品中，'
    字体: 未设置
    大小: 未设置
    粗体: 未设置
    斜体: 未设置
    下划线: 未设置
    标准颜色: 未设置
  运行 47: '用于'
    字体: 未设置
    大小: 未设置
    粗体: 未设置
    斜体: 未设置
    下划线: 未设置
    标准颜色: 未设置
  运行 48: '眼底病'
    字体: 未设置
    大小: 未设置
    粗体: 未设置
    斜体: 未设置
    下划线: 未设置
    标准颜色: 未设置
  运行 49: '诊疗的'
    字体: 未设置
    大小: 未设置
    粗体: 未设置
    斜体: 未设置
    下划线: 未设置
    标准颜色: 未设置
  运行 50: '产品如'
    字体: 未设置
    大小: 未设置
    粗体: 未设置
    斜体: 未设置
    下划线: 未设置
    标准颜色: 未设置
  运行 51: ''
    字体: 未设置
    大小: 未设置
    粗体: 未设置
    斜体: 未设置
    下划线: 未设置
    标准颜色: 未设置
  运行 52: ''
    字体: 未设置
    大小: 未设置
    粗体: 未设置
    斜体: 未设置
    下划线: 未设置
    标准颜色: 未设置
  运行 53: ''
    字体: 未设置
    大小: 未设置
    粗体: 未设置
    斜体: 未设置
    下划线: 未设置
    标准颜色: 未设置
  运行 54: ''
    字体: 未设置
    大小: 未设置
    粗体: 未设置
    斜体: 未设置
    下划线: 未设置
    标准颜色: 未设置
  运行 55: ''
    字体: 未设置
    大小: 未设置
    粗体: 未设置
    斜体: 未设置
    下划线: 未设置
    标准颜色: 未设置
  运行 56: '表'
    字体: 未设置
    大小: 未设置
    粗体: 未设置
    斜体: 未设置
    下划线: 未设置
    标准颜色: 未设置
  运行 57: ' '
    字体: 未设置
    大小: 未设置
    粗体: 未设置
    斜体: 未设置
    下划线: 未设置
    标准颜色: 未设置
  运行 58: '4'
    字体: 未设置
    大小: 未设置
    粗体: 未设置
    斜体: 未设置
    下划线: 未设置
    标准颜色: 未设置
  运行 59: '-'
    字体: 未设置
    大小: 未设置
    粗体: 未设置
    斜体: 未设置
    下划线: 未设置
    标准颜色: 未设置
  运行 60: '3'
    字体: 未设置
    大小: 未设置
    粗体: 未设置
    斜体: 未设置
    下划线: 未设置
    标准颜色: 未设置
  运行 61: ''
    字体: 未设置
    大小: 未设置
    粗体: 未设置
    斜体: 未设置
    下划线: 未设置
    标准颜色: 未设置
  运行 62: '所示。'
    字体: 未设置
    大小: 未设置
    粗体: 未设置
    斜体: 未设置
    下划线: 未设置
    标准颜色: 未设置

段落 680:
文本内容: 表 4-3　眼底病组产品介绍
段落样式: Caption
从样式获取的格式:
  样式字体: 未设置
  样式字号: 未设置
  样式颜色: 未设置
对齐方式: 未设置
左缩进: 未设置
右缩进: 未设置
首行缩进: 未设置
行间距: 未设置
从XML读取的格式:
  运行 1: '表'
    字体: 未设置
    大小: 未设置
    粗体: 未设置
    斜体: 未设置
    下划线: 未设置
    标准颜色: 未设置
  运行 2: ' '
    字体: 未设置
    大小: 未设置
    粗体: 未设置
    斜体: 未设置
    下划线: 未设置
    标准颜色: 未设置
  运行 3: ''
    字体: 未设置
    大小: 未设置
    粗体: 未设置
    斜体: 未设置
    下划线: 未设置
    标准颜色: 未设置
  运行 4: ''
    字体: 未设置
    大小: 未设置
    粗体: 未设置
    斜体: 未设置
    下划线: 未设置
    标准颜色: 未设置
  运行 5: ''
    字体: 未设置
    大小: 未设置
    粗体: 未设置
    斜体: 未设置
    下划线: 未设置
    标准颜色: 未设置
  运行 6: '4'
    字体: 未设置
    大小: 未设置
    粗体: 未设置
    斜体: 未设置
    下划线: 未设置
    标准颜色: 未设置
  运行 7: ''
    字体: 未设置
    大小: 未设置
    粗体: 未设置
    斜体: 未设置
    下划线: 未设置
    标准颜色: 未设置
  运行 8: '-'
    字体: 未设置
    大小: 未设置
    粗体: 未设置
    斜体: 未设置
    下划线: 未设置
    标准颜色: 未设置
  运行 9: ''
    字体: 未设置
    大小: 未设置
    粗体: 未设置
    斜体: 未设置
    下划线: 未设置
    标准颜色: 未设置
  运行 10: ''
    字体: 未设置
    大小: 未设置
    粗体: 未设置
    斜体: 未设置
    下划线: 未设置
    标准颜色: 未设置
  运行 11: ''
    字体: 未设置
    大小: 未设置
    粗体: 未设置
    斜体: 未设置
    下划线: 未设置
    标准颜色: 未设置
  运行 12: ''
    字体: 未设置
    大小: 未设置
    粗体: 未设置
    斜体: 未设置
    下划线: 未设置
    标准颜色: 未设置
  运行 13: ''
    字体: 未设置
    大小: 未设置
    粗体: 未设置
    斜体: 未设置
    下划线: 未设置
    标准颜色: 未设置
  运行 14: '3'
    字体: 未设置
    大小: 未设置
    粗体: 未设置
    斜体: 未设置
    下划线: 未设置
    标准颜色: 未设置
  运行 15: ''
    字体: 未设置
    大小: 未设置
    粗体: 未设置
    斜体: 未设置
    下划线: 未设置
    标准颜色: 未设置
  运行 16: '　眼底'
    字体: 未设置
    大小: 未设置
    粗体: 未设置
    斜体: 未设置
    下划线: 未设置
    标准颜色: 未设置
  运行 17: '病组'
    字体: 未设置
    大小: 未设置
    粗体: 未设置
    斜体: 未设置
    下划线: 未设置
    标准颜色: 未设置
  运行 18: '产品介绍'
    字体: 未设置
    大小: 未设置
    粗体: 未设置
    斜体: 未设置
    下划线: 未设置
    标准颜色: 未设置

段落 681:
文本内容: 资料来源：作者整理，Y公司内部资料，2024.
段落样式: 图表资料来源
从样式获取的格式:
  样式字体: 未设置
  样式字号: 114300
  样式字号(pt): 9.0
  样式颜色: 未设置
对齐方式: 未设置
左缩进: 未设置
右缩进: 未设置
首行缩进: 未设置
行间距: 未设置
从XML读取的格式:
  运行 1: '资料来源：'
    字体: 未设置
    大小: 未设置
    粗体: 未设置
    斜体: 未设置
    下划线: 未设置
    标准颜色: 未设置
  运行 2: '作者整理，'
    字体: 未设置
    大小: 未设置
    粗体: 未设置
    斜体: 未设置
    下划线: 未设置
    标准颜色: 未设置
  运行 3: 'Y'
    字体: 未设置
    大小: 未设置
    粗体: 未设置
    斜体: 未设置
    下划线: 未设置
    标准颜色: 未设置
  运行 4: '公司内部资料'
    字体: 未设置
    大小: 未设置
    粗体: 未设置
    斜体: 未设置
    下划线: 未设置
    标准颜色: 未设置
  运行 5: '，'
    字体: 未设置
    大小: 未设置
    粗体: 未设置
    斜体: 未设置
    下划线: 未设置
    标准颜色: 未设置
  运行 6: '2024.'
    字体: 未设置
    大小: 未设置
    粗体: 未设置
    斜体: 未设置
    下划线: 未设置
    标准颜色: 未设置

段落 683:
文本内容: Y公司市场营销现状分析
段落样式: Heading 2
从样式获取的格式:
  样式字体: 未设置
  样式字号: 177800
  样式字号(pt): 14.0
  样式颜色: 未设置
对齐方式: 未设置
左缩进: 未设置
右缩进: 未设置
首行缩进: 未设置
行间距: 未设置
从XML读取的格式:
  运行 1: 'Y'
    字体: 未设置
    大小: 未设置
    粗体: 未设置
    斜体: 未设置
    下划线: 未设置
    标准颜色: 未设置
  运行 2: '公司'
    字体: 未设置
    大小: 未设置
    粗体: 未设置
    斜体: 未设置
    下划线: 未设置
    标准颜色: 未设置
  运行 3: '市场'
    字体: 未设置
    大小: 未设置
    粗体: 未设置
    斜体: 未设置
    下划线: 未设置
    标准颜色: 未设置
  运行 4: '营销'
    字体: 未设置
    大小: 未设置
    粗体: 未设置
    斜体: 未设置
    下划线: 未设置
    标准颜色: 未设置
  运行 5: '现状'
    字体: 未设置
    大小: 未设置
    粗体: 未设置
    斜体: 未设置
    下划线: 未设置
    标准颜色: 未设置
  运行 6: '分析'
    字体: 未设置
    大小: 未设置
    粗体: 未设置
    斜体: 未设置
    下划线: 未设置
    标准颜色: 未设置
  运行 7: ''
    字体: 未设置
    大小: 未设置
    粗体: 未设置
    斜体: 未设置
    下划线: 未设置
    标准颜色: 未设置
  运行 8: ''
    字体: 未设置
    大小: 未设置
    粗体: 未设置
    斜体: 未设置
    下划线: 未设置
    标准颜色: 未设置
  运行 9: ''
    字体: 未设置
    大小: 未设置
    粗体: 未设置
    斜体: 未设置
    下划线: 未设置
    标准颜色: 未设置
  运行 10: ''
    字体: 未设置
    大小: 未设置
    粗体: 未设置
    斜体: 未设置
    下划线: 未设置
    标准颜色: 未设置
  运行 11: ''
    字体: 未设置
    大小: 未设置
    粗体: 未设置
    斜体: 未设置
    下划线: 未设置
    标准颜色: 未设置
  运行 12: ''
    字体: 未设置
    大小: 未设置
    粗体: 未设置
    斜体: 未设置
    下划线: 未设置
    标准颜色: 未设置
  运行 13: ''
    字体: 未设置
    大小: 未设置
    粗体: 未设置
    斜体: 未设置
    下划线: 未设置
    标准颜色: 未设置
  运行 14: ''
    字体: 未设置
    大小: 未设置
    粗体: 未设置
    斜体: 未设置
    下划线: 未设置
    标准颜色: 未设置
  运行 15: ''
    字体: 未设置
    大小: 未设置
    粗体: 未设置
    斜体: 未设置
    下划线: 未设置
    标准颜色: 未设置

段落 684:
文本内容: Y公司营销绩效分析
段落样式: Heading 3
从样式获取的格式:
  样式字体: 未设置
  样式字号: 未设置
  样式颜色: 未设置
对齐方式: 未设置
左缩进: 未设置
右缩进: 未设置
首行缩进: 未设置
行间距: 未设置
从XML读取的格式:
  运行 1: 'Y'
    字体: 未设置
    大小: 未设置
    粗体: 未设置
    斜体: 未设置
    下划线: 未设置
    标准颜色: 未设置
  运行 2: '公司营销'
    字体: 未设置
    大小: 未设置
    粗体: 未设置
    斜体: 未设置
    下划线: 未设置
    标准颜色: 未设置
  运行 3: '绩效分析'
    字体: 未设置
    大小: 未设置
    粗体: 未设置
    斜体: 未设置
    下划线: 未设置
    标准颜色: 未设置
  运行 4: ''
    字体: 未设置
    大小: 未设置
    粗体: 未设置
    斜体: 未设置
    下划线: 未设置
    标准颜色: 未设置
  运行 5: ''
    字体: 未设置
    大小: 未设置
    粗体: 未设置
    斜体: 未设置
    下划线: 未设置
    标准颜色: 未设置
  运行 6: ''
    字体: 未设置
    大小: 未设置
    粗体: 未设置
    斜体: 未设置
    下划线: 未设置
    标准颜色: 未设置
  运行 7: ''
    字体: 未设置
    大小: 未设置
    粗体: 未设置
    斜体: 未设置
    下划线: 未设置
    标准颜色: 未设置
  运行 8: ''
    字体: 未设置
    大小: 未设置
    粗体: 未设置
    斜体: 未设置
    下划线: 未设置
    标准颜色: 未设置
  运行 9: ''
    字体: 未设置
    大小: 未设置
    粗体: 未设置
    斜体: 未设置
    下划线: 未设置
    标准颜色: 未设置
  运行 10: ''
    字体: 未设置
    大小: 未设置
    粗体: 未设置
    斜体: 未设置
    下划线: 未设置
    标准颜色: 未设置
  运行 11: ''
    字体: 未设置
    大小: 未设置
    粗体: 未设置
    斜体: 未设置
    下划线: 未设置
    标准颜色: 未设置

段落 685:
文本内容: Y公司医疗设备销售情况
段落样式: Heading 4
从样式获取的格式:
  样式字体: 未设置
  样式字号: 未设置
  样式颜色: 未设置
对齐方式: 未设置
左缩进: 未设置
右缩进: 未设置
首行缩进: 未设置
行间距: 未设置
从XML读取的格式:
  运行 1: 'Y'
    字体: 未设置
    大小: 未设置
    粗体: 未设置
    斜体: 未设置
    下划线: 未设置
    标准颜色: 未设置
  运行 2: '公司医疗设备销售情况'
    字体: 未设置
    大小: 未设置
    粗体: 未设置
    斜体: 未设置
    下划线: 未设置
    标准颜色: 未设置

段落 686:
文本内容: Y公司自2015年底成立，2016年初开始正式运行，年销售业绩呈现逐年递增趋势，通过横向对比可以很清楚的了解Y公司的业绩情况。如图 4-1所示。
段落样式: 正文-缩进
从样式获取的格式:
  样式字体: 未设置
  样式字号: 未设置
  样式颜色: 未设置
对齐方式: 未设置
左缩进: 未设置
右缩进: 未设置
首行缩进: 未设置
行间距: 未设置
从XML读取的格式:
  运行 1: 'Y'
    字体: 未设置
    大小: 未设置
    粗体: 未设置
    斜体: 未设置
    下划线: 未设置
    标准颜色: 未设置
  运行 2: '公司自'
    字体: 未设置
    大小: 未设置
    粗体: 未设置
    斜体: 未设置
    下划线: 未设置
    标准颜色: 未设置
  运行 3: '2015'
    字体: 未设置
    大小: 未设置
    粗体: 未设置
    斜体: 未设置
    下划线: 未设置
    标准颜色: 未设置
  运行 4: '年底成立，'
    字体: 未设置
    大小: 未设置
    粗体: 未设置
    斜体: 未设置
    下划线: 未设置
    标准颜色: 未设置
  运行 5: '2016'
    字体: 未设置
    大小: 未设置
    粗体: 未设置
    斜体: 未设置
    下划线: 未设置
    标准颜色: 未设置
  运行 6: '年'
    字体: 未设置
    大小: 未设置
    粗体: 未设置
    斜体: 未设置
    下划线: 未设置
    标准颜色: 未设置
  运行 7: '初'
    字体: 未设置
    大小: 未设置
    粗体: 未设置
    斜体: 未设置
    下划线: 未设置
    标准颜色: 未设置
  运行 8: '开始正式运行，年销售业绩呈现逐年递增趋势，'
    字体: 未设置
    大小: 未设置
    粗体: 未设置
    斜体: 未设置
    下划线: 未设置
    标准颜色: 未设置
  运行 9: '通过横向对比可以很清楚的了解'
    字体: 未设置
    大小: 未设置
    粗体: 未设置
    斜体: 未设置
    下划线: 未设置
    标准颜色: 未设置
  运行 10: 'Y'
    字体: 未设置
    大小: 未设置
    粗体: 未设置
    斜体: 未设置
    下划线: 未设置
    标准颜色: 未设置
  运行 11: '公司的业绩情况。如'
    字体: 未设置
    大小: 未设置
    粗体: 未设置
    斜体: 未设置
    下划线: 未设置
    标准颜色: 未设置
  运行 12: ''
    字体: 未设置
    大小: 未设置
    粗体: 未设置
    斜体: 未设置
    下划线: 未设置
    标准颜色: 未设置
  运行 13: ''
    字体: 未设置
    大小: 未设置
    粗体: 未设置
    斜体: 未设置
    下划线: 未设置
    标准颜色: 未设置
  运行 14: ''
    字体: 未设置
    大小: 未设置
    粗体: 未设置
    斜体: 未设置
    下划线: 未设置
    标准颜色: 未设置
  运行 15: '图'
    字体: 未设置
    大小: 未设置
    粗体: 未设置
    斜体: 未设置
    下划线: 未设置
    标准颜色: 未设置
  运行 16: ' '
    字体: 未设置
    大小: 未设置
    粗体: 未设置
    斜体: 未设置
    下划线: 未设置
    标准颜色: 未设置
  运行 17: '4'
    字体: 未设置
    大小: 未设置
    粗体: 未设置
    斜体: 未设置
    下划线: 未设置
    标准颜色: 未设置
  运行 18: '-'
    字体: 未设置
    大小: 未设置
    粗体: 未设置
    斜体: 未设置
    下划线: 未设置
    标准颜色: 未设置
  运行 19: '1'
    字体: 未设置
    大小: 未设置
    粗体: 未设置
    斜体: 未设置
    下划线: 未设置
    标准颜色: 未设置
  运行 20: ''
    字体: 未设置
    大小: 未设置
    粗体: 未设置
    斜体: 未设置
    下划线: 未设置
    标准颜色: 未设置
  运行 21: '所示'
    字体: 未设置
    大小: 未设置
    粗体: 未设置
    斜体: 未设置
    下划线: 未设置
    标准颜色: 未设置
  运行 22: '。'
    字体: 未设置
    大小: 未设置
    粗体: 未设置
    斜体: 未设置
    下划线: 未设置
    标准颜色: 未设置

段落 689:
文本内容: 图 4-1　2016-2023 Y公司销售业绩情况及涨幅
段落样式: Caption
从样式获取的格式:
  样式字体: 未设置
  样式字号: 未设置
  样式颜色: 未设置
对齐方式: 未设置
左缩进: 未设置
右缩进: 未设置
首行缩进: 未设置
行间距: 未设置
从XML读取的格式:
  运行 1: '图'
    字体: 未设置
    大小: 未设置
    粗体: 未设置
    斜体: 未设置
    下划线: 未设置
    标准颜色: 未设置
  运行 2: ' '
    字体: 未设置
    大小: 未设置
    粗体: 未设置
    斜体: 未设置
    下划线: 未设置
    标准颜色: 未设置
  运行 3: ''
    字体: 未设置
    大小: 未设置
    粗体: 未设置
    斜体: 未设置
    下划线: 未设置
    标准颜色: 未设置
  运行 4: ''
    字体: 未设置
    大小: 未设置
    粗体: 未设置
    斜体: 未设置
    下划线: 未设置
    标准颜色: 未设置
  运行 5: ''
    字体: 未设置
    大小: 未设置
    粗体: 未设置
    斜体: 未设置
    下划线: 未设置
    标准颜色: 未设置
  运行 6: ''
    字体: 未设置
    大小: 未设置
    粗体: 未设置
    斜体: 未设置
    下划线: 未设置
    标准颜色: 未设置
  运行 7: ''
    字体: 未设置
    大小: 未设置
    粗体: 未设置
    斜体: 未设置
    下划线: 未设置
    标准颜色: 未设置
  运行 8: '4'
    字体: 未设置
    大小: 未设置
    粗体: 未设置
    斜体: 未设置
    下划线: 未设置
    标准颜色: 未设置
  运行 9: ''
    字体: 未设置
    大小: 未设置
    粗体: 未设置
    斜体: 未设置
    下划线: 未设置
    标准颜色: 未设置
  运行 10: '-'
    字体: 未设置
    大小: 未设置
    粗体: 未设置
    斜体: 未设置
    下划线: 未设置
    标准颜色: 未设置
  运行 11: ''
    字体: 未设置
    大小: 未设置
    粗体: 未设置
    斜体: 未设置
    下划线: 未设置
    标准颜色: 未设置
  运行 12: ''
    字体: 未设置
    大小: 未设置
    粗体: 未设置
    斜体: 未设置
    下划线: 未设置
    标准颜色: 未设置
  运行 13: ''
    字体: 未设置
    大小: 未设置
    粗体: 未设置
    斜体: 未设置
    下划线: 未设置
    标准颜色: 未设置
  运行 14: ''
    字体: 未设置
    大小: 未设置
    粗体: 未设置
    斜体: 未设置
    下划线: 未设置
    标准颜色: 未设置
  运行 15: ''
    字体: 未设置
    大小: 未设置
    粗体: 未设置
    斜体: 未设置
    下划线: 未设置
    标准颜色: 未设置
  运行 16: ''
    字体: 未设置
    大小: 未设置
    粗体: 未设置
    斜体: 未设置
    下划线: 未设置
    标准颜色: 未设置
  运行 17: ''
    字体: 未设置
    大小: 未设置
    粗体: 未设置
    斜体: 未设置
    下划线: 未设置
    标准颜色: 未设置
  运行 18: '1'
    字体: 未设置
    大小: 未设置
    粗体: 未设置
    斜体: 未设置
    下划线: 未设置
    标准颜色: 未设置
  运行 19: ''
    字体: 未设置
    大小: 未设置
    粗体: 未设置
    斜体: 未设置
    下划线: 未设置
    标准颜色: 未设置
  运行 20: '　'
    字体: 未设置
    大小: 未设置
    粗体: 未设置
    斜体: 未设置
    下划线: 未设置
    标准颜色: 未设置
  运行 21: '2016-2023 Y'
    字体: 未设置
    大小: 未设置
    粗体: 未设置
    斜体: 未设置
    下划线: 未设置
    标准颜色: 未设置
  运行 22: '公司销售业绩情况及涨幅'
    字体: 未设置
    大小: 未设置
    粗体: 未设置
    斜体: 未设置
    下划线: 未设置
    标准颜色: 未设置

段落 690:
文本内容: 资料来源：作者整理，Y公司内部数据，2024.
段落样式: 图表资料来源
从样式获取的格式:
  样式字体: 未设置
  样式字号: 114300
  样式字号(pt): 9.0
  样式颜色: 未设置
对齐方式: 未设置
左缩进: 未设置
右缩进: 未设置
首行缩进: 未设置
行间距: 未设置
从XML读取的格式:
  运行 1: '资料来源：'
    字体: 未设置
    大小: 未设置
    粗体: 未设置
    斜体: 未设置
    下划线: 未设置
    标准颜色: 未设置
  运行 2: '作者整理，'
    字体: 未设置
    大小: 未设置
    粗体: 未设置
    斜体: 未设置
    下划线: 未设置
    标准颜色: 未设置
  运行 3: 'Y'
    字体: 未设置
    大小: 未设置
    粗体: 未设置
    斜体: 未设置
    下划线: 未设置
    标准颜色: 未设置
  运行 4: '公司内部数据，'
    字体: 未设置
    大小: 未设置
    粗体: 未设置
    斜体: 未设置
    下划线: 未设置
    标准颜色: 未设置
  运行 5: '2'
    字体: 未设置
    大小: 未设置
    粗体: 未设置
    斜体: 未设置
    下划线: 未设置
    标准颜色: 未设置
  运行 6: '02'
    字体: 未设置
    大小: 未设置
    粗体: 未设置
    斜体: 未设置
    下划线: 未设置
    标准颜色: 未设置
  运行 7: '4'
    字体: 未设置
    大小: 未设置
    粗体: 未设置
    斜体: 未设置
    下划线: 未设置
    标准颜色: 未设置
  运行 8: '.'
    字体: 未设置
    大小: 未设置
    粗体: 未设置
    斜体: 未设置
    下划线: 未设置
    标准颜色: 未设置

段落 692:
文本内容: 从图 4-1可以很清楚的看着公司成立八年来的业绩表现，以及增长幅度。从2016年到2019年公司的销售额逐年增长，2019年到达小高峰人民币1.49亿元。2020年开始因为疫情问题，很多医疗机构招投标无法顺利开展，延期至2021年完成招标采购，因此2021年公司业绩到达巅峰的人民币1.78亿元。
段落样式: 正文-缩进
从样式获取的格式:
  样式字体: 未设置
  样式字号: 未设置
  样式颜色: 未设置
对齐方式: 未设置
左缩进: 未设置
右缩进: 未设置
首行缩进: 未设置
行间距: 未设置
从XML读取的格式:
  运行 1: '从'
    字体: 未设置
    大小: 未设置
    粗体: 未设置
    斜体: 未设置
    下划线: 未设置
    标准颜色: 未设置
  运行 2: ''
    字体: 未设置
    大小: 未设置
    粗体: 未设置
    斜体: 未设置
    下划线: 未设置
    标准颜色: 未设置
  运行 3: ''
    字体: 未设置
    大小: 未设置
    粗体: 未设置
    斜体: 未设置
    下划线: 未设置
    标准颜色: 未设置
  运行 4: ''
    字体: 未设置
    大小: 未设置
    粗体: 未设置
    斜体: 未设置
    下划线: 未设置
    标准颜色: 未设置
  运行 5: ''
    字体: 未设置
    大小: 未设置
    粗体: 未设置
    斜体: 未设置
    下划线: 未设置
    标准颜色: 未设置
  运行 6: ''
    字体: 未设置
    大小: 未设置
    粗体: 未设置
    斜体: 未设置
    下划线: 未设置
    标准颜色: 未设置
  运行 7: '图'
    字体: 未设置
    大小: 未设置
    粗体: 未设置
    斜体: 未设置
    下划线: 未设置
    标准颜色: 未设置
  运行 8: ' '
    字体: 未设置
    大小: 未设置
    粗体: 未设置
    斜体: 未设置
    下划线: 未设置
    标准颜色: 未设置
  运行 9: '4'
    字体: 未设置
    大小: 未设置
    粗体: 未设置
    斜体: 未设置
    下划线: 未设置
    标准颜色: 未设置
  运行 10: '-'
    字体: 未设置
    大小: 未设置
    粗体: 未设置
    斜体: 未设置
    下划线: 未设置
    标准颜色: 未设置
  运行 11: '1'
    字体: 未设置
    大小: 未设置
    粗体: 未设置
    斜体: 未设置
    下划线: 未设置
    标准颜色: 未设置
  运行 12: ''
    字体: 未设置
    大小: 未设置
    粗体: 未设置
    斜体: 未设置
    下划线: 未设置
    标准颜色: 未设置
  运行 13: '可以很清楚的看着公司成立八年来的业绩表现，以及增长幅度。从'
    字体: 未设置
    大小: 未设置
    粗体: 未设置
    斜体: 未设置
    下划线: 未设置
    标准颜色: 未设置
  运行 14: '2016'
    字体: 未设置
    大小: 未设置
    粗体: 未设置
    斜体: 未设置
    下划线: 未设置
    标准颜色: 未设置
  运行 15: '年到'
    字体: 未设置
    大小: 未设置
    粗体: 未设置
    斜体: 未设置
    下划线: 未设置
    标准颜色: 未设置
  运行 16: '2019'
    字体: 未设置
    大小: 未设置
    粗体: 未设置
    斜体: 未设置
    下划线: 未设置
    标准颜色: 未设置
  运行 17: '年公司的销售额逐年增长，'
    字体: 未设置
    大小: 未设置
    粗体: 未设置
    斜体: 未设置
    下划线: 未设置
    标准颜色: 未设置
  运行 18: '2019'
    字体: 未设置
    大小: 未设置
    粗体: 未设置
    斜体: 未设置
    下划线: 未设置
    标准颜色: 未设置
  运行 19: '年到达小高峰人民币'
    字体: 未设置
    大小: 未设置
    粗体: 未设置
    斜体: 未设置
    下划线: 未设置
    标准颜色: 未设置
  运行 20: '1'
    字体: 未设置
    大小: 未设置
    粗体: 未设置
    斜体: 未设置
    下划线: 未设置
    标准颜色: 未设置
  运行 21: '.49'
    字体: 未设置
    大小: 未设置
    粗体: 未设置
    斜体: 未设置
    下划线: 未设置
    标准颜色: 未设置
  运行 22: '亿元。'
    字体: 未设置
    大小: 未设置
    粗体: 未设置
    斜体: 未设置
    下划线: 未设置
    标准颜色: 未设置
  运行 23: '2020'
    字体: 未设置
    大小: 未设置
    粗体: 未设置
    斜体: 未设置
    下划线: 未设置
    标准颜色: 未设置
  运行 24: '年开始因为疫情问题，很多医疗机构招投标无法顺利开展，延期至'
    字体: 未设置
    大小: 未设置
    粗体: 未设置
    斜体: 未设置
    下划线: 未设置
    标准颜色: 未设置
  运行 25: '2021'
    字体: 未设置
    大小: 未设置
    粗体: 未设置
    斜体: 未设置
    下划线: 未设置
    标准颜色: 未设置
  运行 26: '年完成招标采购，因此'
    字体: 未设置
    大小: 未设置
    粗体: 未设置
    斜体: 未设置
    下划线: 未设置
    标准颜色: 未设置
  运行 27: '2021'
    字体: 未设置
    大小: 未设置
    粗体: 未设置
    斜体: 未设置
    下划线: 未设置
    标准颜色: 未设置
  运行 28: '年公司业绩到达巅峰的人民币'
    字体: 未设置
    大小: 未设置
    粗体: 未设置
    斜体: 未设置
    下划线: 未设置
    标准颜色: 未设置
  运行 29: '1.78'
    字体: 未设置
    大小: 未设置
    粗体: 未设置
    斜体: 未设置
    下划线: 未设置
    标准颜色: 未设置
  运行 30: '亿元。'
    字体: 未设置
    大小: 未设置
    粗体: 未设置
    斜体: 未设置
    下划线: 未设置
    标准颜色: 未设置

段落 693:
文本内容: 由于设备的采购是有滞后性，正常流程是是今年做明年的采购预算，顺利的话第二年完成招标采购，不顺利就会延期，具体延期时间是情况而定。2021年开始许多财政预算优先用于抗疫防疫，导致2022年许多医疗机构的采购量减少。到2022年底疫情结束后，设备采购量开始恢复，这点可以从2023的销售业绩表现观察到。但以上分析只是针对Y公司内部的业绩表现，不能直观的体现Y公司在整个眼科诊疗市场的真实表现。
段落样式: 正文-缩进
从样式获取的格式:
  样式字体: 未设置
  样式字号: 未设置
  样式颜色: 未设置
对齐方式: 未设置
左缩进: 未设置
右缩进: 未设置
首行缩进: 未设置
行间距: 未设置
从XML读取的格式:
  运行 1: '由于设备的采购是有滞后性，'
    字体: 未设置
    大小: 未设置
    粗体: 未设置
    斜体: 未设置
    下划线: 未设置
    标准颜色: 未设置
  运行 2: '正常流程是是今年做明年的采购预算，顺利的话第二年完成招标采购，不顺利就会延期，具体延期时间是情况而定。'
    字体: 未设置
    大小: 未设置
    粗体: 未设置
    斜体: 未设置
    下划线: 未设置
    标准颜色: 未设置
  运行 3: '2021'
    字体: 未设置
    大小: 未设置
    粗体: 未设置
    斜体: 未设置
    下划线: 未设置
    标准颜色: 未设置
  运行 4: '年开始许多财政预算优先用于'
    字体: 未设置
    大小: 未设置
    粗体: 未设置
    斜体: 未设置
    下划线: 未设置
    标准颜色: 未设置
  运行 5: '抗疫'
    字体: 未设置
    大小: 未设置
    粗体: 未设置
    斜体: 未设置
    下划线: 未设置
    标准颜色: 未设置
  运行 6: '防疫，导致'
    字体: 未设置
    大小: 未设置
    粗体: 未设置
    斜体: 未设置
    下划线: 未设置
    标准颜色: 未设置
  运行 7: '2022'
    字体: 未设置
    大小: 未设置
    粗体: 未设置
    斜体: 未设置
    下划线: 未设置
    标准颜色: 未设置
  运行 8: '年许多医疗机构的采购量减少。到'
    字体: 未设置
    大小: 未设置
    粗体: 未设置
    斜体: 未设置
    下划线: 未设置
    标准颜色: 未设置
  运行 9: '2022'
    字体: 未设置
    大小: 未设置
    粗体: 未设置
    斜体: 未设置
    下划线: 未设置
    标准颜色: 未设置
  运行 10: '年底疫情结束后，设备采购量开始恢复，这点可以从'
    字体: 未设置
    大小: 未设置
    粗体: 未设置
    斜体: 未设置
    下划线: 未设置
    标准颜色: 未设置
  运行 11: '2023'
    字体: 未设置
    大小: 未设置
    粗体: 未设置
    斜体: 未设置
    下划线: 未设置
    标准颜色: 未设置
  运行 12: '的销售业绩表现观察到。'
    字体: 未设置
    大小: 未设置
    粗体: 未设置
    斜体: 未设置
    下划线: 未设置
    标准颜色: 未设置
  运行 13: '但以上分析只是针对'
    字体: 未设置
    大小: 未设置
    粗体: 未设置
    斜体: 未设置
    下划线: 未设置
    标准颜色: 未设置
  运行 14: 'Y'
    字体: 未设置
    大小: 未设置
    粗体: 未设置
    斜体: 未设置
    下划线: 未设置
    标准颜色: 未设置
  运行 15: '公司内部的业绩表现，不能直观的体现'
    字体: 未设置
    大小: 未设置
    粗体: 未设置
    斜体: 未设置
    下划线: 未设置
    标准颜色: 未设置
  运行 16: 'Y'
    字体: 未设置
    大小: 未设置
    粗体: 未设置
    斜体: 未设置
    下划线: 未设置
    标准颜色: 未设置
  运行 17: '公司在整个眼科诊疗市场的真实表现。'
    字体: 未设置
    大小: 未设置
    粗体: 未设置
    斜体: 未设置
    下划线: 未设置
    标准颜色: 未设置

段落 694:
文本内容: 因此，笔者根据2016年来的国内眼科诊疗设备的销售数据，以及Y公司的销售数据作对比分析，如图 4-2所示。
段落样式: 正文-缩进
从样式获取的格式:
  样式字体: 未设置
  样式字号: 未设置
  样式颜色: 未设置
对齐方式: 未设置
左缩进: 未设置
右缩进: 未设置
首行缩进: 未设置
行间距: 未设置
从XML读取的格式:
  运行 1: '因此，'
    字体: 未设置
    大小: 未设置
    粗体: 未设置
    斜体: 未设置
    下划线: 未设置
    标准颜色: 未设置
  运行 2: '笔者'
    字体: 未设置
    大小: 未设置
    粗体: 未设置
    斜体: 未设置
    下划线: 未设置
    标准颜色: 未设置
  运行 3: '根据'
    字体: 未设置
    大小: 未设置
    粗体: 未设置
    斜体: 未设置
    下划线: 未设置
    标准颜色: 未设置
  运行 4: '2016'
    字体: 未设置
    大小: 未设置
    粗体: 未设置
    斜体: 未设置
    下划线: 未设置
    标准颜色: 未设置
  运行 5: '年来的国内眼科诊疗设备的销售数据，以及'
    字体: 未设置
    大小: 未设置
    粗体: 未设置
    斜体: 未设置
    下划线: 未设置
    标准颜色: 未设置
  运行 6: 'Y'
    字体: 未设置
    大小: 未设置
    粗体: 未设置
    斜体: 未设置
    下划线: 未设置
    标准颜色: 未设置
  运行 7: '公司的销售数据'
    字体: 未设置
    大小: 未设置
    粗体: 未设置
    斜体: 未设置
    下划线: 未设置
    标准颜色: 未设置
  运行 8: '作对'
    字体: 未设置
    大小: 未设置
    粗体: 未设置
    斜体: 未设置
    下划线: 未设置
    标准颜色: 未设置
  运行 9: '比分析'
    字体: 未设置
    大小: 未设置
    粗体: 未设置
    斜体: 未设置
    下划线: 未设置
    标准颜色: 未设置
  运行 10: '，'
    字体: 未设置
    大小: 未设置
    粗体: 未设置
    斜体: 未设置
    下划线: 未设置
    标准颜色: 未设置
  运行 11: '如'
    字体: 未设置
    大小: 未设置
    粗体: 未设置
    斜体: 未设置
    下划线: 未设置
    标准颜色: 未设置
  运行 12: ''
    字体: 未设置
    大小: 未设置
    粗体: 未设置
    斜体: 未设置
    下划线: 未设置
    标准颜色: 未设置
  运行 13: ''
    字体: 未设置
    大小: 未设置
    粗体: 未设置
    斜体: 未设置
    下划线: 未设置
    标准颜色: 未设置
  运行 14: ''
    字体: 未设置
    大小: 未设置
    粗体: 未设置
    斜体: 未设置
    下划线: 未设置
    标准颜色: 未设置
  运行 15: ''
    字体: 未设置
    大小: 未设置
    粗体: 未设置
    斜体: 未设置
    下划线: 未设置
    标准颜色: 未设置
  运行 16: ''
    字体: 未设置
    大小: 未设置
    粗体: 未设置
    斜体: 未设置
    下划线: 未设置
    标准颜色: 未设置
  运行 17: '图'
    字体: 未设置
    大小: 未设置
    粗体: 未设置
    斜体: 未设置
    下划线: 未设置
    标准颜色: 未设置
  运行 18: ' '
    字体: 未设置
    大小: 未设置
    粗体: 未设置
    斜体: 未设置
    下划线: 未设置
    标准颜色: 未设置
  运行 19: '4'
    字体: 未设置
    大小: 未设置
    粗体: 未设置
    斜体: 未设置
    下划线: 未设置
    标准颜色: 未设置
  运行 20: '-'
    字体: 未设置
    大小: 未设置
    粗体: 未设置
    斜体: 未设置
    下划线: 未设置
    标准颜色: 未设置
  运行 21: '2'
    字体: 未设置
    大小: 未设置
    粗体: 未设置
    斜体: 未设置
    下划线: 未设置
    标准颜色: 未设置
  运行 22: ''
    字体: 未设置
    大小: 未设置
    粗体: 未设置
    斜体: 未设置
    下划线: 未设置
    标准颜色: 未设置
  运行 23: '所示'
    字体: 未设置
    大小: 未设置
    粗体: 未设置
    斜体: 未设置
    下划线: 未设置
    标准颜色: 未设置
  运行 24: '。'
    字体: 未设置
    大小: 未设置
    粗体: 未设置
    斜体: 未设置
    下划线: 未设置
    标准颜色: 未设置

段落 697:
文本内容: 图 4-2　2016-2023 Y公司销售占比全国销售情况
段落样式: Caption
从样式获取的格式:
  样式字体: 未设置
  样式字号: 未设置
  样式颜色: 未设置
对齐方式: 未设置
左缩进: 未设置
右缩进: 未设置
首行缩进: 未设置
行间距: 未设置
从XML读取的格式:
  运行 1: '图'
    字体: 未设置
    大小: 未设置
    粗体: 未设置
    斜体: 未设置
    下划线: 未设置
    标准颜色: 未设置
  运行 2: ' '
    字体: 未设置
    大小: 未设置
    粗体: 未设置
    斜体: 未设置
    下划线: 未设置
    标准颜色: 未设置
  运行 3: ''
    字体: 未设置
    大小: 未设置
    粗体: 未设置
    斜体: 未设置
    下划线: 未设置
    标准颜色: 未设置
  运行 4: ''
    字体: 未设置
    大小: 未设置
    粗体: 未设置
    斜体: 未设置
    下划线: 未设置
    标准颜色: 未设置
  运行 5: ''
    字体: 未设置
    大小: 未设置
    粗体: 未设置
    斜体: 未设置
    下划线: 未设置
    标准颜色: 未设置
  运行 6: ''
    字体: 未设置
    大小: 未设置
    粗体: 未设置
    斜体: 未设置
    下划线: 未设置
    标准颜色: 未设置
  运行 7: ''
    字体: 未设置
    大小: 未设置
    粗体: 未设置
    斜体: 未设置
    下划线: 未设置
    标准颜色: 未设置
  运行 8: '4'
    字体: 未设置
    大小: 未设置
    粗体: 未设置
    斜体: 未设置
    下划线: 未设置
    标准颜色: 未设置
  运行 9: ''
    字体: 未设置
    大小: 未设置
    粗体: 未设置
    斜体: 未设置
    下划线: 未设置
    标准颜色: 未设置
  运行 10: '-'
    字体: 未设置
    大小: 未设置
    粗体: 未设置
    斜体: 未设置
    下划线: 未设置
    标准颜色: 未设置
  运行 11: ''
    字体: 未设置
    大小: 未设置
    粗体: 未设置
    斜体: 未设置
    下划线: 未设置
    标准颜色: 未设置
  运行 12: ''
    字体: 未设置
    大小: 未设置
    粗体: 未设置
    斜体: 未设置
    下划线: 未设置
    标准颜色: 未设置
  运行 13: ''
    字体: 未设置
    大小: 未设置
    粗体: 未设置
    斜体: 未设置
    下划线: 未设置
    标准颜色: 未设置
  运行 14: ''
    字体: 未设置
    大小: 未设置
    粗体: 未设置
    斜体: 未设置
    下划线: 未设置
    标准颜色: 未设置
  运行 15: ''
    字体: 未设置
    大小: 未设置
    粗体: 未设置
    斜体: 未设置
    下划线: 未设置
    标准颜色: 未设置
  运行 16: ''
    字体: 未设置
    大小: 未设置
    粗体: 未设置
    斜体: 未设置
    下划线: 未设置
    标准颜色: 未设置
  运行 17: ''
    字体: 未设置
    大小: 未设置
    粗体: 未设置
    斜体: 未设置
    下划线: 未设置
    标准颜色: 未设置
  运行 18: '2'
    字体: 未设置
    大小: 未设置
    粗体: 未设置
    斜体: 未设置
    下划线: 未设置
    标准颜色: 未设置
  运行 19: ''
    字体: 未设置
    大小: 未设置
    粗体: 未设置
    斜体: 未设置
    下划线: 未设置
    标准颜色: 未设置
  运行 20: '　'
    字体: 未设置
    大小: 未设置
    粗体: 未设置
    斜体: 未设置
    下划线: 未设置
    标准颜色: 未设置
  运行 21: '2016-2023 Y'
    字体: 未设置
    大小: 未设置
    粗体: 未设置
    斜体: 未设置
    下划线: 未设置
    标准颜色: 未设置
  运行 22: '公司销售'
    字体: 未设置
    大小: 未设置
    粗体: 未设置
    斜体: 未设置
    下划线: 未设置
    标准颜色: 未设置
  运行 23: '占'
    字体: 未设置
    大小: 未设置
    粗体: 未设置
    斜体: 未设置
    下划线: 未设置
    标准颜色: 未设置
  运行 24: '比'
    字体: 未设置
    大小: 未设置
    粗体: 未设置
    斜体: 未设置
    下划线: 未设置
    标准颜色: 未设置
  运行 25: '全国销售'
    字体: 未设置
    大小: 未设置
    粗体: 未设置
    斜体: 未设置
    下划线: 未设置
    标准颜色: 未设置
  运行 26: '情况'
    字体: 未设置
    大小: 未设置
    粗体: 未设置
    斜体: 未设置
    下划线: 未设置
    标准颜色: 未设置

段落 698:
文本内容: 资料来源：作者整理，Frost & Sullivan、Y公司内部数据，2024.
段落样式: 图表资料来源
从样式获取的格式:
  样式字体: 未设置
  样式字号: 114300
  样式字号(pt): 9.0
  样式颜色: 未设置
对齐方式: 未设置
左缩进: 未设置
右缩进: 未设置
首行缩进: 未设置
行间距: 未设置
从XML读取的格式:
  运行 1: '资料来源：'
    字体: 未设置
    大小: 未设置
    粗体: 未设置
    斜体: 未设置
    下划线: 未设置
    标准颜色: 未设置
  运行 2: '作者整理，'
    字体: 未设置
    大小: 未设置
    粗体: 未设置
    斜体: 未设置
    下划线: 未设置
    标准颜色: 未设置
  运行 3: 'Frost & Sullivan'
    字体: 未设置
    大小: 未设置
    粗体: 未设置
    斜体: 未设置
    下划线: 未设置
    标准颜色: 未设置
  运行 4: '、'
    字体: 未设置
    大小: 未设置
    粗体: 未设置
    斜体: 未设置
    下划线: 未设置
    标准颜色: 未设置
  运行 5: 'Y'
    字体: 未设置
    大小: 未设置
    粗体: 未设置
    斜体: 未设置
    下划线: 未设置
    标准颜色: 未设置
  运行 6: '公司内部数据'
    字体: 未设置
    大小: 未设置
    粗体: 未设置
    斜体: 未设置
    下划线: 未设置
    标准颜色: 未设置
  运行 7: '，'
    字体: 未设置
    大小: 未设置
    粗体: 未设置
    斜体: 未设置
    下划线: 未设置
    标准颜色: 未设置
  运行 8: '2'
    字体: 未设置
    大小: 未设置
    粗体: 未设置
    斜体: 未设置
    下划线: 未设置
    标准颜色: 未设置
  运行 9: '02'
    字体: 未设置
    大小: 未设置
    粗体: 未设置
    斜体: 未设置
    下划线: 未设置
    标准颜色: 未设置
  运行 10: '4'
    字体: 未设置
    大小: 未设置
    粗体: 未设置
    斜体: 未设置
    下划线: 未设置
    标准颜色: 未设置
  运行 11: '.'
    字体: 未设置
    大小: 未设置
    粗体: 未设置
    斜体: 未设置
    下划线: 未设置
    标准颜色: 未设置

段落 700:
文本内容: 2016年开始至2021年的国内市场竞争中，Y公司依托于优秀的产品，以及大量的市场投入，市场占有率呈现逐年增长的趋势。虽然2020年的业绩有所下滑，但在全国销售业绩占比却只是稍微下降一点，在国内的市场份额到2021年都是呈上升趋势。
段落样式: 正文-缩进
从样式获取的格式:
  样式字体: 未设置
  样式字号: 未设置
  样式颜色: 未设置
对齐方式: 未设置
左缩进: 未设置
右缩进: 未设置
首行缩进: 未设置
行间距: 未设置
从XML读取的格式:
  运行 1: '2016'
    字体: 未设置
    大小: 未设置
    粗体: 未设置
    斜体: 未设置
    下划线: 未设置
    标准颜色: 未设置
  运行 2: '年开始至'
    字体: 未设置
    大小: 未设置
    粗体: 未设置
    斜体: 未设置
    下划线: 未设置
    标准颜色: 未设置
  运行 3: '2021'
    字体: 未设置
    大小: 未设置
    粗体: 未设置
    斜体: 未设置
    下划线: 未设置
    标准颜色: 未设置
  运行 4: '年的国内市场竞争中，'
    字体: 未设置
    大小: 未设置
    粗体: 未设置
    斜体: 未设置
    下划线: 未设置
    标准颜色: 未设置
  运行 5: 'Y'
    字体: 未设置
    大小: 未设置
    粗体: 未设置
    斜体: 未设置
    下划线: 未设置
    标准颜色: 未设置
  运行 6: '公司依托于优秀的产品，以及大量的市场投入，市场占有率呈现逐年增长的趋势。虽然'
    字体: 未设置
    大小: 未设置
    粗体: 未设置
    斜体: 未设置
    下划线: 未设置
    标准颜色: 未设置
  运行 7: '2020'
    字体: 未设置
    大小: 未设置
    粗体: 未设置
    斜体: 未设置
    下划线: 未设置
    标准颜色: 未设置
  运行 8: '年的业绩有所下滑，但在全国销售业绩占比却只是稍微下降一点，在国内的市场份额到'
    字体: 未设置
    大小: 未设置
    粗体: 未设置
    斜体: 未设置
    下划线: 未设置
    标准颜色: 未设置
  运行 9: '2021'
    字体: 未设置
    大小: 未设置
    粗体: 未设置
    斜体: 未设置
    下划线: 未设置
    标准颜色: 未设置
  运行 10: '年都是呈上升趋势。'
    字体: 未设置
    大小: 未设置
    粗体: 未设置
    斜体: 未设置
    下划线: 未设置
    标准颜色: 未设置

段落 701:
文本内容: 但随着新冠疫情的爆发，全球的供应链都受到了影响，特别是上游的芯片供应出现短缺。眼科诊疗设备市场的格局和竞争环境开始出现了变化，伴随着国家国产替代化的政策倾斜，以及国产替代品的出现，Y公司2022年的市场份额开始出现下降，2023年跌至1.41%的市场份额。当前如何进行市场营销策略的调整，让公司的市场份额重新呈现上涨趋势，成了需要认真思考的问题。
段落样式: 正文-缩进
从样式获取的格式:
  样式字体: 未设置
  样式字号: 未设置
  样式颜色: 未设置
对齐方式: 未设置
左缩进: 未设置
右缩进: 未设置
首行缩进: 未设置
行间距: 未设置
从XML读取的格式:
  运行 1: '但随着新冠疫情的爆发，全球的供应链都受到了影响，特别是上游的芯片供应出现短缺。眼科诊疗设备市场的格局和竞争环境开始出现了变化，伴随着国家国产替代化的政策倾斜，以及国产替代品的出现，'
    字体: 未设置
    大小: 未设置
    粗体: 未设置
    斜体: 未设置
    下划线: 未设置
    标准颜色: 未设置
  运行 2: 'Y'
    字体: 未设置
    大小: 未设置
    粗体: 未设置
    斜体: 未设置
    下划线: 未设置
    标准颜色: 未设置
  运行 3: '公司'
    字体: 未设置
    大小: 未设置
    粗体: 未设置
    斜体: 未设置
    下划线: 未设置
    标准颜色: 未设置
  运行 4: '2022'
    字体: 未设置
    大小: 未设置
    粗体: 未设置
    斜体: 未设置
    下划线: 未设置
    标准颜色: 未设置
  运行 5: '年的市场份额开始出现下降，'
    字体: 未设置
    大小: 未设置
    粗体: 未设置
    斜体: 未设置
    下划线: 未设置
    标准颜色: 未设置
  运行 6: '2023'
    字体: 未设置
    大小: 未设置
    粗体: 未设置
    斜体: 未设置
    下划线: 未设置
    标准颜色: 未设置
  运行 7: '年跌至'
    字体: 未设置
    大小: 未设置
    粗体: 未设置
    斜体: 未设置
    下划线: 未设置
    标准颜色: 未设置
  运行 8: '1.41%'
    字体: 未设置
    大小: 未设置
    粗体: 未设置
    斜体: 未设置
    下划线: 未设置
    标准颜色: 未设置
  运行 9: '的市场份额。当前如何进行市场营销策略的调整，让公司的市场份额重新呈现上涨趋势，成了需要认真思考的问题。'
    字体: 未设置
    大小: 未设置
    粗体: 未设置
    斜体: 未设置
    下划线: 未设置
    标准颜色: 未设置

段落 702:
文本内容: Y公司在各省区业绩表现
段落样式: Heading 4
从样式获取的格式:
  样式字体: 未设置
  样式字号: 未设置
  样式颜色: 未设置
对齐方式: 未设置
左缩进: 未设置
右缩进: 未设置
首行缩进: 未设置
行间距: 未设置
从XML读取的格式:
  运行 1: 'Y'
    字体: 未设置
    大小: 未设置
    粗体: 未设置
    斜体: 未设置
    下划线: 未设置
    标准颜色: 未设置
  运行 2: '公司在'
    字体: 未设置
    大小: 未设置
    粗体: 未设置
    斜体: 未设置
    下划线: 未设置
    标准颜色: 未设置
  运行 3: '各省区'
    字体: 未设置
    大小: 未设置
    粗体: 未设置
    斜体: 未设置
    下划线: 未设置
    标准颜色: 未设置
  运行 4: '业绩表现'
    字体: 未设置
    大小: 未设置
    粗体: 未设置
    斜体: 未设置
    下划线: 未设置
    标准颜色: 未设置

段落 703:
文本内容: 分析完Y公司在全国眼科诊疗市场的情况后，现在具体来分析在广东/海南、广西、福建以及湖南的销售情况，具体如图 4-3所示。从2016年至2023年的销售数据上可以看出，广东/海南、福建、湖南、广西历年的业绩表现几乎与公司业绩一致，都是呈现增长趋势，对公司的也贡献保持稳定。广东/海南的业绩表现占据公司业绩的50%左右，且有增长趋势，2019年以后业绩始终保持在人民币7,000万以上。其他各省自2019年之后的业绩也始终保持在人民币2,000万元左右，业绩增长都进入瓶颈阶段。
段落样式: 正文-缩进
从样式获取的格式:
  样式字体: 未设置
  样式字号: 未设置
  样式颜色: 未设置
对齐方式: 未设置
左缩进: 未设置
右缩进: 未设置
首行缩进: 未设置
行间距: 未设置
从XML读取的格式:
  运行 1: '分析完'
    字体: 未设置
    大小: 未设置
    粗体: 未设置
    斜体: 未设置
    下划线: 未设置
    标准颜色: 未设置
  运行 2: 'Y'
    字体: 未设置
    大小: 未设置
    粗体: 未设置
    斜体: 未设置
    下划线: 未设置
    标准颜色: 未设置
  运行 3: '公司在全国眼科诊疗市场的情况后，现在具体来分析在广东'
    字体: 未设置
    大小: 未设置
    粗体: 未设置
    斜体: 未设置
    下划线: 未设置
    标准颜色: 未设置
  运行 4: '/'
    字体: 未设置
    大小: 未设置
    粗体: 未设置
    斜体: 未设置
    下划线: 未设置
    标准颜色: 未设置
  运行 5: '海南、广西、福建以及湖南的销售情况'
    字体: 未设置
    大小: 未设置
    粗体: 未设置
    斜体: 未设置
    下划线: 未设置
    标准颜色: 未设置
  运行 6: '，'
    字体: 未设置
    大小: 未设置
    粗体: 未设置
    斜体: 未设置
    下划线: 未设置
    标准颜色: 未设置
  运行 7: '具体'
    字体: 未设置
    大小: 未设置
    粗体: 未设置
    斜体: 未设置
    下划线: 未设置
    标准颜色: 未设置
  运行 8: '如'
    字体: 未设置
    大小: 未设置
    粗体: 未设置
    斜体: 未设置
    下划线: 未设置
    标准颜色: 未设置
  运行 9: ''
    字体: 未设置
    大小: 未设置
    粗体: 未设置
    斜体: 未设置
    下划线: 未设置
    标准颜色: 未设置
  运行 10: ''
    字体: 未设置
    大小: 未设置
    粗体: 未设置
    斜体: 未设置
    下划线: 未设置
    标准颜色: 未设置
  运行 11: ''
    字体: 未设置
    大小: 未设置
    粗体: 未设置
    斜体: 未设置
    下划线: 未设置
    标准颜色: 未设置
  运行 12: ''
    字体: 未设置
    大小: 未设置
    粗体: 未设置
    斜体: 未设置
    下划线: 未设置
    标准颜色: 未设置
  运行 13: ''
    字体: 未设置
    大小: 未设置
    粗体: 未设置
    斜体: 未设置
    下划线: 未设置
    标准颜色: 未设置
  运行 14: '图'
    字体: 未设置
    大小: 未设置
    粗体: 未设置
    斜体: 未设置
    下划线: 未设置
    标准颜色: 未设置
  运行 15: ' '
    字体: 未设置
    大小: 未设置
    粗体: 未设置
    斜体: 未设置
    下划线: 未设置
    标准颜色: 未设置
  运行 16: '4'
    字体: 未设置
    大小: 未设置
    粗体: 未设置
    斜体: 未设置
    下划线: 未设置
    标准颜色: 未设置
  运行 17: '-'
    字体: 未设置
    大小: 未设置
    粗体: 未设置
    斜体: 未设置
    下划线: 未设置
    标准颜色: 未设置
  运行 18: '3'
    字体: 未设置
    大小: 未设置
    粗体: 未设置
    斜体: 未设置
    下划线: 未设置
    标准颜色: 未设置
  运行 19: ''
    字体: 未设置
    大小: 未设置
    粗体: 未设置
    斜体: 未设置
    下划线: 未设置
    标准颜色: 未设置
  运行 20: '所示。从'
    字体: 未设置
    大小: 未设置
    粗体: 未设置
    斜体: 未设置
    下划线: 未设置
    标准颜色: 未设置
  运行 21: '2016'
    字体: 未设置
    大小: 未设置
    粗体: 未设置
    斜体: 未设置
    下划线: 未设置
    标准颜色: 未设置
  运行 22: '年至'
    字体: 未设置
    大小: 未设置
    粗体: 未设置
    斜体: 未设置
    下划线: 未设置
    标准颜色: 未设置
  运行 23: '2023'
    字体: 未设置
    大小: 未设置
    粗体: 未设置
    斜体: 未设置
    下划线: 未设置
    标准颜色: 未设置
  运行 24: '年的销售'
    字体: 未设置
    大小: 未设置
    粗体: 未设置
    斜体: 未设置
    下划线: 未设置
    标准颜色: 未设置
  运行 25: '数据上可以看出'
    字体: 未设置
    大小: 未设置
    粗体: 未设置
    斜体: 未设置
    下划线: 未设置
    标准颜色: 未设置
  运行 26: '，'
    字体: 未设置
    大小: 未设置
    粗体: 未设置
    斜体: 未设置
    下划线: 未设置
    标准颜色: 未设置
  运行 27: '广东'
    字体: 未设置
    大小: 未设置
    粗体: 未设置
    斜体: 未设置
    下划线: 未设置
    标准颜色: 未设置
  运行 28: '/'
    字体: 未设置
    大小: 未设置
    粗体: 未设置
    斜体: 未设置
    下划线: 未设置
    标准颜色: 未设置
  运行 29: '海南'
    字体: 未设置
    大小: 未设置
    粗体: 未设置
    斜体: 未设置
    下划线: 未设置
    标准颜色: 未设置
  运行 30: '、福'
    字体: 未设置
    大小: 未设置
    粗体: 未设置
    斜体: 未设置
    下划线: 未设置
    标准颜色: 未设置
  运行 31: '建、湖南'
    字体: 未设置
    大小: 未设置
    粗体: 未设置
    斜体: 未设置
    下划线: 未设置
    标准颜色: 未设置
  运行 32: '、广西历年'
    字体: 未设置
    大小: 未设置
    粗体: 未设置
    斜体: 未设置
    下划线: 未设置
    标准颜色: 未设置
  运行 33: '的业绩表现几乎'
    字体: 未设置
    大小: 未设置
    粗体: 未设置
    斜体: 未设置
    下划线: 未设置
    标准颜色: 未设置
  运行 34: '与'
    字体: 未设置
    大小: 未设置
    粗体: 未设置
    斜体: 未设置
    下划线: 未设置
    标准颜色: 未设置
  运行 35: '公司'
    字体: 未设置
    大小: 未设置
    粗体: 未设置
    斜体: 未设置
    下划线: 未设置
    标准颜色: 未设置
  运行 36: '业绩'
    字体: 未设置
    大小: 未设置
    粗体: 未设置
    斜体: 未设置
    下划线: 未设置
    标准颜色: 未设置
  运行 37: '一致，都是呈现增长趋势，对公司的也贡献保持稳定。广东'
    字体: 未设置
    大小: 未设置
    粗体: 未设置
    斜体: 未设置
    下划线: 未设置
    标准颜色: 未设置
  运行 38: '/'
    字体: 未设置
    大小: 未设置
    粗体: 未设置
    斜体: 未设置
    下划线: 未设置
    标准颜色: 未设置
  运行 39: '海南的业绩表现占据公司业绩的'
    字体: 未设置
    大小: 未设置
    粗体: 未设置
    斜体: 未设置
    下划线: 未设置
    标准颜色: 未设置
  运行 40: '50%'
    字体: 未设置
    大小: 未设置
    粗体: 未设置
    斜体: 未设置
    下划线: 未设置
    标准颜色: 未设置
  运行 41: '左右，且有增长趋势，'
    字体: 未设置
    大小: 未设置
    粗体: 未设置
    斜体: 未设置
    下划线: 未设置
    标准颜色: 未设置
  运行 42: '2019'
    字体: 未设置
    大小: 未设置
    粗体: 未设置
    斜体: 未设置
    下划线: 未设置
    标准颜色: 未设置
  运行 43: '年以后业绩始终保持在人民币'
    字体: 未设置
    大小: 未设置
    粗体: 未设置
    斜体: 未设置
    下划线: 未设置
    标准颜色: 未设置
  运行 44: '7'
    字体: 未设置
    大小: 未设置
    粗体: 未设置
    斜体: 未设置
    下划线: 未设置
    标准颜色: 未设置
  运行 45: ','
    字体: 未设置
    大小: 未设置
    粗体: 未设置
    斜体: 未设置
    下划线: 未设置
    标准颜色: 未设置
  运行 46: '000'
    字体: 未设置
    大小: 未设置
    粗体: 未设置
    斜体: 未设置
    下划线: 未设置
    标准颜色: 未设置
  运行 47: '万以上'
    字体: 未设置
    大小: 未设置
    粗体: 未设置
    斜体: 未设置
    下划线: 未设置
    标准颜色: 未设置
  运行 48: '。其'
    字体: 未设置
    大小: 未设置
    粗体: 未设置
    斜体: 未设置
    下划线: 未设置
    标准颜色: 未设置
  运行 49: '他各省自'
    字体: 未设置
    大小: 未设置
    粗体: 未设置
    斜体: 未设置
    下划线: 未设置
    标准颜色: 未设置
  运行 50: '2019'
    字体: 未设置
    大小: 未设置
    粗体: 未设置
    斜体: 未设置
    下划线: 未设置
    标准颜色: 未设置
  运行 51: '年之后的业绩也始终保持在人民币'
    字体: 未设置
    大小: 未设置
    粗体: 未设置
    斜体: 未设置
    下划线: 未设置
    标准颜色: 未设置
  运行 52: '2'
    字体: 未设置
    大小: 未设置
    粗体: 未设置
    斜体: 未设置
    下划线: 未设置
    标准颜色: 未设置
  运行 53: ','
    字体: 未设置
    大小: 未设置
    粗体: 未设置
    斜体: 未设置
    下划线: 未设置
    标准颜色: 未设置
  运行 54: '000'
    字体: 未设置
    大小: 未设置
    粗体: 未设置
    斜体: 未设置
    下划线: 未设置
    标准颜色: 未设置
  运行 55: '万元左右，业绩增长都进入瓶颈阶段。'
    字体: 未设置
    大小: 未设置
    粗体: 未设置
    斜体: 未设置
    下划线: 未设置
    标准颜色: 未设置

段落 706:
文本内容: 图 4-3　2016-2023 Y公司各省业绩情况及涨幅
段落样式: Caption
从样式获取的格式:
  样式字体: 未设置
  样式字号: 未设置
  样式颜色: 未设置
对齐方式: 未设置
左缩进: 未设置
右缩进: 未设置
首行缩进: 未设置
行间距: 未设置
从XML读取的格式:
  运行 1: '图'
    字体: 未设置
    大小: 未设置
    粗体: 未设置
    斜体: 未设置
    下划线: 未设置
    标准颜色: 未设置
  运行 2: ' '
    字体: 未设置
    大小: 未设置
    粗体: 未设置
    斜体: 未设置
    下划线: 未设置
    标准颜色: 未设置
  运行 3: ''
    字体: 未设置
    大小: 未设置
    粗体: 未设置
    斜体: 未设置
    下划线: 未设置
    标准颜色: 未设置
  运行 4: ''
    字体: 未设置
    大小: 未设置
    粗体: 未设置
    斜体: 未设置
    下划线: 未设置
    标准颜色: 未设置
  运行 5: ''
    字体: 未设置
    大小: 未设置
    粗体: 未设置
    斜体: 未设置
    下划线: 未设置
    标准颜色: 未设置
  运行 6: ''
    字体: 未设置
    大小: 未设置
    粗体: 未设置
    斜体: 未设置
    下划线: 未设置
    标准颜色: 未设置
  运行 7: ''
    字体: 未设置
    大小: 未设置
    粗体: 未设置
    斜体: 未设置
    下划线: 未设置
    标准颜色: 未设置
  运行 8: '4'
    字体: 未设置
    大小: 未设置
    粗体: 未设置
    斜体: 未设置
    下划线: 未设置
    标准颜色: 未设置
  运行 9: ''
    字体: 未设置
    大小: 未设置
    粗体: 未设置
    斜体: 未设置
    下划线: 未设置
    标准颜色: 未设置
  运行 10: '-'
    字体: 未设置
    大小: 未设置
    粗体: 未设置
    斜体: 未设置
    下划线: 未设置
    标准颜色: 未设置
  运行 11: ''
    字体: 未设置
    大小: 未设置
    粗体: 未设置
    斜体: 未设置
    下划线: 未设置
    标准颜色: 未设置
  运行 12: ''
    字体: 未设置
    大小: 未设置
    粗体: 未设置
    斜体: 未设置
    下划线: 未设置
    标准颜色: 未设置
  运行 13: ''
    字体: 未设置
    大小: 未设置
    粗体: 未设置
    斜体: 未设置
    下划线: 未设置
    标准颜色: 未设置
  运行 14: ''
    字体: 未设置
    大小: 未设置
    粗体: 未设置
    斜体: 未设置
    下划线: 未设置
    标准颜色: 未设置
  运行 15: ''
    字体: 未设置
    大小: 未设置
    粗体: 未设置
    斜体: 未设置
    下划线: 未设置
    标准颜色: 未设置
  运行 16: ''
    字体: 未设置
    大小: 未设置
    粗体: 未设置
    斜体: 未设置
    下划线: 未设置
    标准颜色: 未设置
  运行 17: ''
    字体: 未设置
    大小: 未设置
    粗体: 未设置
    斜体: 未设置
    下划线: 未设置
    标准颜色: 未设置
  运行 18: '3'
    字体: 未设置
    大小: 未设置
    粗体: 未设置
    斜体: 未设置
    下划线: 未设置
    标准颜色: 未设置
  运行 19: ''
    字体: 未设置
    大小: 未设置
    粗体: 未设置
    斜体: 未设置
    下划线: 未设置
    标准颜色: 未设置
  运行 20: '　'
    字体: 未设置
    大小: 未设置
    粗体: 未设置
    斜体: 未设置
    下划线: 未设置
    标准颜色: 未设置
  运行 21: '2016-2023 Y'
    字体: 未设置
    大小: 未设置
    粗体: 未设置
    斜体: 未设置
    下划线: 未设置
    标准颜色: 未设置
  运行 22: '公司'
    字体: 未设置
    大小: 未设置
    粗体: 未设置
    斜体: 未设置
    下划线: 未设置
    标准颜色: 未设置
  运行 23: '各省业绩情况'
    字体: 未设置
    大小: 未设置
    粗体: 未设置
    斜体: 未设置
    下划线: 未设置
    标准颜色: 未设置
  运行 24: '及涨幅'
    字体: 未设置
    大小: 未设置
    粗体: 未设置
    斜体: 未设置
    下划线: 未设置
    标准颜色: 未设置

段落 707:
文本内容: 资料来源：作者整理，Y公司内部数据，2024.
段落样式: 图表资料来源
从样式获取的格式:
  样式字体: 未设置
  样式字号: 114300
  样式字号(pt): 9.0
  样式颜色: 未设置
对齐方式: 未设置
左缩进: 未设置
右缩进: 未设置
首行缩进: 未设置
行间距: 未设置
从XML读取的格式:
  运行 1: '资料来源：'
    字体: 未设置
    大小: 未设置
    粗体: 未设置
    斜体: 未设置
    下划线: 未设置
    标准颜色: 未设置
  运行 2: '作者整理，'
    字体: 未设置
    大小: 未设置
    粗体: 未设置
    斜体: 未设置
    下划线: 未设置
    标准颜色: 未设置
  运行 3: 'Y'
    字体: 未设置
    大小: 未设置
    粗体: 未设置
    斜体: 未设置
    下划线: 未设置
    标准颜色: 未设置
  运行 4: '公司内部数据，'
    字体: 未设置
    大小: 未设置
    粗体: 未设置
    斜体: 未设置
    下划线: 未设置
    标准颜色: 未设置
  运行 5: '2'
    字体: 未设置
    大小: 未设置
    粗体: 未设置
    斜体: 未设置
    下划线: 未设置
    标准颜色: 未设置
  运行 6: '02'
    字体: 未设置
    大小: 未设置
    粗体: 未设置
    斜体: 未设置
    下划线: 未设置
    标准颜色: 未设置
  运行 7: '4'
    字体: 未设置
    大小: 未设置
    粗体: 未设置
    斜体: 未设置
    下划线: 未设置
    标准颜色: 未设置
  运行 8: '.'
    字体: 未设置
    大小: 未设置
    粗体: 未设置
    斜体: 未设置
    下划线: 未设置
    标准颜色: 未设置

段落 709:
文本内容: 民营和公立医院业绩表现
段落样式: Heading 4
从样式获取的格式:
  样式字体: 未设置
  样式字号: 未设置
  样式颜色: 未设置
对齐方式: 未设置
左缩进: 未设置
右缩进: 未设置
首行缩进: 未设置
行间距: 未设置
从XML读取的格式:
  运行 1: '民营和公立医'
    字体: 未设置
    大小: 未设置
    粗体: 未设置
    斜体: 未设置
    下划线: 未设置
    标准颜色: 未设置
  运行 2: '院'
    字体: 未设置
    大小: 未设置
    粗体: 未设置
    斜体: 未设置
    下划线: 未设置
    标准颜色: 未设置
  运行 3: '业绩表现'
    字体: 未设置
    大小: 未设置
    粗体: 未设置
    斜体: 未设置
    下划线: 未设置
    标准颜色: 未设置

段落 710:
文本内容: 随着民营眼科专科医院的不断扩张，其采购能力对Y公司的销售业绩产生了一定的影响。自2016年开始，民营医疗机构的采购了就呈现增长趋势，特别是2019年突破了人民币6,000万元大关，占公司总体业绩的45.21%，为公司的业绩做出了巨大的贡献。随着国家国产化替代的政策倾斜，公立医院的业绩增长放缓。而民营医院不收此政策的影响，加上不少民营眼科集团的相续上市，民营医院的设备采购量逐年增加，从2019年之后，民营眼科医院的销售业绩一直维持在人民币6,500万元上下，从民营医院的销量的线性趋势线和公立医院销量的线性趋势线可以看出，民营医院的增长趋势大于公立医院，如图 4-4所示。
段落样式: 正文-缩进
从样式获取的格式:
  样式字体: 未设置
  样式字号: 未设置
  样式颜色: 未设置
对齐方式: 未设置
左缩进: 未设置
右缩进: 未设置
首行缩进: 未设置
行间距: 未设置
从XML读取的格式:
  运行 1: '随着民营眼科专科医院的不断扩张，其采购能力对'
    字体: 未设置
    大小: 未设置
    粗体: 未设置
    斜体: 未设置
    下划线: 未设置
    标准颜色: 未设置
  运行 2: 'Y'
    字体: 未设置
    大小: 未设置
    粗体: 未设置
    斜体: 未设置
    下划线: 未设置
    标准颜色: 未设置
  运行 3: '公司的销售业绩产生了一定的影响。'
    字体: 未设置
    大小: 未设置
    粗体: 未设置
    斜体: 未设置
    下划线: 未设置
    标准颜色: 未设置
  运行 4: '自'
    字体: 未设置
    大小: 未设置
    粗体: 未设置
    斜体: 未设置
    下划线: 未设置
    标准颜色: 未设置
  运行 5: '2016'
    字体: 未设置
    大小: 未设置
    粗体: 未设置
    斜体: 未设置
    下划线: 未设置
    标准颜色: 未设置
  运行 6: '年开始，民营医疗机构的采购了就呈现增长趋势，特别是'
    字体: 未设置
    大小: 未设置
    粗体: 未设置
    斜体: 未设置
    下划线: 未设置
    标准颜色: 未设置
  运行 7: '2019'
    字体: 未设置
    大小: 未设置
    粗体: 未设置
    斜体: 未设置
    下划线: 未设置
    标准颜色: 未设置
  运行 8: '年突破了人民币'
    字体: 未设置
    大小: 未设置
    粗体: 未设置
    斜体: 未设置
    下划线: 未设置
    标准颜色: 未设置
  运行 9: '6'
    字体: 未设置
    大小: 未设置
    粗体: 未设置
    斜体: 未设置
    下划线: 未设置
    标准颜色: 未设置
  运行 10: ','
    字体: 未设置
    大小: 未设置
    粗体: 未设置
    斜体: 未设置
    下划线: 未设置
    标准颜色: 未设置
  运行 11: '000'
    字体: 未设置
    大小: 未设置
    粗体: 未设置
    斜体: 未设置
    下划线: 未设置
    标准颜色: 未设置
  运行 12: '万元大关，占公司总体业绩的'
    字体: 未设置
    大小: 未设置
    粗体: 未设置
    斜体: 未设置
    下划线: 未设置
    标准颜色: 未设置
  运行 13: '45.21%'
    字体: 未设置
    大小: 未设置
    粗体: 未设置
    斜体: 未设置
    下划线: 未设置
    标准颜色: 未设置
  运行 14: '，为公司的业绩'
    字体: 未设置
    大小: 未设置
    粗体: 未设置
    斜体: 未设置
    下划线: 未设置
    标准颜色: 未设置
  运行 15: '做出'
    字体: 未设置
    大小: 未设置
    粗体: 未设置
    斜体: 未设置
    下划线: 未设置
    标准颜色: 未设置
  运行 16: '了巨大的贡献。随着国家国产化替代的政策倾斜，公立医院的业绩增长放缓。而民营医院不收此政策的影响，加上不少民营眼科集团的相续上市，民营医院的设备采购量逐年增加，从'
    字体: 未设置
    大小: 未设置
    粗体: 未设置
    斜体: 未设置
    下划线: 未设置
    标准颜色: 未设置
  运行 17: '2019'
    字体: 未设置
    大小: 未设置
    粗体: 未设置
    斜体: 未设置
    下划线: 未设置
    标准颜色: 未设置
  运行 18: '年之后，民营眼科医院的销售业绩一直维持在'
    字体: 未设置
    大小: 未设置
    粗体: 未设置
    斜体: 未设置
    下划线: 未设置
    标准颜色: 未设置
  运行 19: '人民币'
    字体: 未设置
    大小: 未设置
    粗体: 未设置
    斜体: 未设置
    下划线: 未设置
    标准颜色: 未设置
  运行 20: '6'
    字体: 未设置
    大小: 未设置
    粗体: 未设置
    斜体: 未设置
    下划线: 未设置
    标准颜色: 未设置
  运行 21: ','
    字体: 未设置
    大小: 未设置
    粗体: 未设置
    斜体: 未设置
    下划线: 未设置
    标准颜色: 未设置
  运行 22: '500'
    字体: 未设置
    大小: 未设置
    粗体: 未设置
    斜体: 未设置
    下划线: 未设置
    标准颜色: 未设置
  运行 23: '万'
    字体: 未设置
    大小: 未设置
    粗体: 未设置
    斜体: 未设置
    下划线: 未设置
    标准颜色: 未设置
  运行 24: '元'
    字体: 未设置
    大小: 未设置
    粗体: 未设置
    斜体: 未设置
    下划线: 未设置
    标准颜色: 未设置
  运行 25: '上下'
    字体: 未设置
    大小: 未设置
    粗体: 未设置
    斜体: 未设置
    下划线: 未设置
    标准颜色: 未设置
  运行 26: '，从民营医院的销量的线性趋势线和公立医院销量的线性趋势线可以看出，'
    字体: 未设置
    大小: 未设置
    粗体: 未设置
    斜体: 未设置
    下划线: 未设置
    标准颜色: 未设置
  运行 27: '民营医院的增长趋势大于公立医院，如'
    字体: 未设置
    大小: 未设置
    粗体: 未设置
    斜体: 未设置
    下划线: 未设置
    标准颜色: 未设置
  运行 28: ''
    字体: 未设置
    大小: 未设置
    粗体: 未设置
    斜体: 未设置
    下划线: 未设置
    标准颜色: 未设置
  运行 29: ''
    字体: 未设置
    大小: 未设置
    粗体: 未设置
    斜体: 未设置
    下划线: 未设置
    标准颜色: 未设置
  运行 30: ''
    字体: 未设置
    大小: 未设置
    粗体: 未设置
    斜体: 未设置
    下划线: 未设置
    标准颜色: 未设置
  运行 31: ''
    字体: 未设置
    大小: 未设置
    粗体: 未设置
    斜体: 未设置
    下划线: 未设置
    标准颜色: 未设置
  运行 32: ''
    字体: 未设置
    大小: 未设置
    粗体: 未设置
    斜体: 未设置
    下划线: 未设置
    标准颜色: 未设置
  运行 33: '图'
    字体: 未设置
    大小: 未设置
    粗体: 未设置
    斜体: 未设置
    下划线: 未设置
    标准颜色: 未设置
  运行 34: ' '
    字体: 未设置
    大小: 未设置
    粗体: 未设置
    斜体: 未设置
    下划线: 未设置
    标准颜色: 未设置
  运行 35: '4'
    字体: 未设置
    大小: 未设置
    粗体: 未设置
    斜体: 未设置
    下划线: 未设置
    标准颜色: 未设置
  运行 36: '-'
    字体: 未设置
    大小: 未设置
    粗体: 未设置
    斜体: 未设置
    下划线: 未设置
    标准颜色: 未设置
  运行 37: '4'
    字体: 未设置
    大小: 未设置
    粗体: 未设置
    斜体: 未设置
    下划线: 未设置
    标准颜色: 未设置
  运行 38: ''
    字体: 未设置
    大小: 未设置
    粗体: 未设置
    斜体: 未设置
    下划线: 未设置
    标准颜色: 未设置
  运行 39: '所示。'
    字体: 未设置
    大小: 未设置
    粗体: 未设置
    斜体: 未设置
    下划线: 未设置
    标准颜色: 未设置

段落 713:
文本内容: 图 4-4　2016-2023 Y公司民营和公立医院销售情况
段落样式: Caption
从样式获取的格式:
  样式字体: 未设置
  样式字号: 未设置
  样式颜色: 未设置
对齐方式: 未设置
左缩进: 未设置
右缩进: 未设置
首行缩进: 未设置
行间距: 未设置
从XML读取的格式:
  运行 1: '图'
    字体: 未设置
    大小: 未设置
    粗体: 未设置
    斜体: 未设置
    下划线: 未设置
    标准颜色: 未设置
  运行 2: ' '
    字体: 未设置
    大小: 未设置
    粗体: 未设置
    斜体: 未设置
    下划线: 未设置
    标准颜色: 未设置
  运行 3: ''
    字体: 未设置
    大小: 未设置
    粗体: 未设置
    斜体: 未设置
    下划线: 未设置
    标准颜色: 未设置
  运行 4: ''
    字体: 未设置
    大小: 未设置
    粗体: 未设置
    斜体: 未设置
    下划线: 未设置
    标准颜色: 未设置
  运行 5: ''
    字体: 未设置
    大小: 未设置
    粗体: 未设置
    斜体: 未设置
    下划线: 未设置
    标准颜色: 未设置
  运行 6: ''
    字体: 未设置
    大小: 未设置
    粗体: 未设置
    斜体: 未设置
    下划线: 未设置
    标准颜色: 未设置
  运行 7: ''
    字体: 未设置
    大小: 未设置
    粗体: 未设置
    斜体: 未设置
    下划线: 未设置
    标准颜色: 未设置
  运行 8: '4'
    字体: 未设置
    大小: 未设置
    粗体: 未设置
    斜体: 未设置
    下划线: 未设置
    标准颜色: 未设置
  运行 9: ''
    字体: 未设置
    大小: 未设置
    粗体: 未设置
    斜体: 未设置
    下划线: 未设置
    标准颜色: 未设置
  运行 10: '-'
    字体: 未设置
    大小: 未设置
    粗体: 未设置
    斜体: 未设置
    下划线: 未设置
    标准颜色: 未设置
  运行 11: ''
    字体: 未设置
    大小: 未设置
    粗体: 未设置
    斜体: 未设置
    下划线: 未设置
    标准颜色: 未设置
  运行 12: ''
    字体: 未设置
    大小: 未设置
    粗体: 未设置
    斜体: 未设置
    下划线: 未设置
    标准颜色: 未设置
  运行 13: ''
    字体: 未设置
    大小: 未设置
    粗体: 未设置
    斜体: 未设置
    下划线: 未设置
    标准颜色: 未设置
  运行 14: ''
    字体: 未设置
    大小: 未设置
    粗体: 未设置
    斜体: 未设置
    下划线: 未设置
    标准颜色: 未设置
  运行 15: ''
    字体: 未设置
    大小: 未设置
    粗体: 未设置
    斜体: 未设置
    下划线: 未设置
    标准颜色: 未设置
  运行 16: ''
    字体: 未设置
    大小: 未设置
    粗体: 未设置
    斜体: 未设置
    下划线: 未设置
    标准颜色: 未设置
  运行 17: ''
    字体: 未设置
    大小: 未设置
    粗体: 未设置
    斜体: 未设置
    下划线: 未设置
    标准颜色: 未设置
  运行 18: '4'
    字体: 未设置
    大小: 未设置
    粗体: 未设置
    斜体: 未设置
    下划线: 未设置
    标准颜色: 未设置
  运行 19: ''
    字体: 未设置
    大小: 未设置
    粗体: 未设置
    斜体: 未设置
    下划线: 未设置
    标准颜色: 未设置
  运行 20: '　'
    字体: 未设置
    大小: 未设置
    粗体: 未设置
    斜体: 未设置
    下划线: 未设置
    标准颜色: 未设置
  运行 21: '2016-2023 Y'
    字体: 未设置
    大小: 未设置
    粗体: 未设置
    斜体: 未设置
    下划线: 未设置
    标准颜色: 未设置
  运行 22: '公司'
    字体: 未设置
    大小: 未设置
    粗体: 未设置
    斜体: 未设置
    下划线: 未设置
    标准颜色: 未设置
  运行 23: '民营和公立医院'
    字体: 未设置
    大小: 未设置
    粗体: 未设置
    斜体: 未设置
    下划线: 未设置
    标准颜色: 未设置
  运行 24: '销售'
    字体: 未设置
    大小: 未设置
    粗体: 未设置
    斜体: 未设置
    下划线: 未设置
    标准颜色: 未设置
  运行 25: '情况'
    字体: 未设置
    大小: 未设置
    粗体: 未设置
    斜体: 未设置
    下划线: 未设置
    标准颜色: 未设置

段落 714:
文本内容: 资料来源：作者整理，Y公司内部数据，2024.
段落样式: 图表资料来源
从样式获取的格式:
  样式字体: 未设置
  样式字号: 114300
  样式字号(pt): 9.0
  样式颜色: 未设置
对齐方式: 未设置
左缩进: 未设置
右缩进: 未设置
首行缩进: 未设置
行间距: 未设置
从XML读取的格式:
  运行 1: '资料来源：'
    字体: 未设置
    大小: 未设置
    粗体: 未设置
    斜体: 未设置
    下划线: 未设置
    标准颜色: 未设置
  运行 2: '作者整理，'
    字体: 未设置
    大小: 未设置
    粗体: 未设置
    斜体: 未设置
    下划线: 未设置
    标准颜色: 未设置
  运行 3: 'Y'
    字体: 未设置
    大小: 未设置
    粗体: 未设置
    斜体: 未设置
    下划线: 未设置
    标准颜色: 未设置
  运行 4: '公司内部数据，'
    字体: 未设置
    大小: 未设置
    粗体: 未设置
    斜体: 未设置
    下划线: 未设置
    标准颜色: 未设置
  运行 5: '2'
    字体: 未设置
    大小: 未设置
    粗体: 未设置
    斜体: 未设置
    下划线: 未设置
    标准颜色: 未设置
  运行 6: '02'
    字体: 未设置
    大小: 未设置
    粗体: 未设置
    斜体: 未设置
    下划线: 未设置
    标准颜色: 未设置
  运行 7: '4'
    字体: 未设置
    大小: 未设置
    粗体: 未设置
    斜体: 未设置
    下划线: 未设置
    标准颜色: 未设置
  运行 8: '.'
    字体: 未设置
    大小: 未设置
    粗体: 未设置
    斜体: 未设置
    下划线: 未设置
    标准颜色: 未设置

段落 716:
文本内容: Y公司营销策略现状
段落样式: Heading 3
从样式获取的格式:
  样式字体: 未设置
  样式字号: 未设置
  样式颜色: 未设置
对齐方式: 未设置
左缩进: 未设置
右缩进: 未设置
首行缩进: 未设置
行间距: 未设置
从XML读取的格式:
  运行 1: 'Y'
    字体: 未设置
    大小: 未设置
    粗体: 未设置
    斜体: 未设置
    下划线: 未设置
    标准颜色: 未设置
  运行 2: '公司'
    字体: 未设置
    大小: 未设置
    粗体: 未设置
    斜体: 未设置
    下划线: 未设置
    标准颜色: 未设置
  运行 3: '营销策略现状'
    字体: 未设置
    大小: 未设置
    粗体: 未设置
    斜体: 未设置
    下划线: 未设置
    标准颜色: 未设置
  运行 4: ''
    字体: 未设置
    大小: 未设置
    粗体: 未设置
    斜体: 未设置
    下划线: 未设置
    标准颜色: 未设置
  运行 5: ''
    字体: 未设置
    大小: 未设置
    粗体: 未设置
    斜体: 未设置
    下划线: 未设置
    标准颜色: 未设置
  运行 6: ''
    字体: 未设置
    大小: 未设置
    粗体: 未设置
    斜体: 未设置
    下划线: 未设置
    标准颜色: 未设置
  运行 7: ''
    字体: 未设置
    大小: 未设置
    粗体: 未设置
    斜体: 未设置
    下划线: 未设置
    标准颜色: 未设置
  运行 8: ''
    字体: 未设置
    大小: 未设置
    粗体: 未设置
    斜体: 未设置
    下划线: 未设置
    标准颜色: 未设置
  运行 9: ''
    字体: 未设置
    大小: 未设置
    粗体: 未设置
    斜体: 未设置
    下划线: 未设置
    标准颜色: 未设置
  运行 10: ''
    字体: 未设置
    大小: 未设置
    粗体: 未设置
    斜体: 未设置
    下划线: 未设置
    标准颜色: 未设置
  运行 11: ''
    字体: 未设置
    大小: 未设置
    粗体: 未设置
    斜体: 未设置
    下划线: 未设置
    标准颜色: 未设置

段落 717:
文本内容: 公司市场定位
段落样式: Heading 4
从样式获取的格式:
  样式字体: 未设置
  样式字号: 未设置
  样式颜色: 未设置
对齐方式: 未设置
左缩进: 未设置
右缩进: 未设置
首行缩进: 未设置
行间距: 未设置
从XML读取的格式:
  运行 1: '公司市场定位'
    字体: 未设置
    大小: 未设置
    粗体: 未设置
    斜体: 未设置
    下划线: 未设置
    标准颜色: 未设置

段落 718:
文本内容: 根据Frost & Sullivan数据，2023年我国眼科医疗器械市场规模将超过人民币205亿元左右（不包含隐 形眼镜、角膜塑形镜等），其中眼科诊断及治疗类设备占比最大，达到50.3%，为103亿元人民币左右。2023年Y公司的诊疗设备销售达人民币1.45亿元，占全国眼科诊疗设备1.40%市场份额。
段落样式: 正文-缩进
从样式获取的格式:
  样式字体: 未设置
  样式字号: 未设置
  样式颜色: 未设置
对齐方式: 未设置
左缩进: 未设置
右缩进: 未设置
首行缩进: 未设置
行间距: 未设置
从XML读取的格式:
  运行 1: '根据'
    字体: 未设置
    大小: 未设置
    粗体: 未设置
    斜体: 未设置
    下划线: 未设置
    标准颜色: 未设置
  运行 2: 'Frost & Sullivan'
    字体: 未设置
    大小: 未设置
    粗体: 未设置
    斜体: 未设置
    下划线: 未设置
    标准颜色: 未设置
  运行 3: '数据，'
    字体: 未设置
    大小: 未设置
    粗体: 未设置
    斜体: 未设置
    下划线: 未设置
    标准颜色: 未设置
  运行 4: '2023'
    字体: 未设置
    大小: 未设置
    粗体: 未设置
    斜体: 未设置
    下划线: 未设置
    标准颜色: 未设置
  运行 5: '年我国眼科医疗器械市场规模将超过'
    字体: 未设置
    大小: 未设置
    粗体: 未设置
    斜体: 未设置
    下划线: 未设置
    标准颜色: 未设置
  运行 6: '人民币'
    字体: 未设置
    大小: 未设置
    粗体: 未设置
    斜体: 未设置
    下划线: 未设置
    标准颜色: 未设置
  运行 7: '2'
    字体: 未设置
    大小: 未设置
    粗体: 未设置
    斜体: 未设置
    下划线: 未设置
    标准颜色: 未设置
  运行 8: '05'
    字体: 未设置
    大小: 未设置
    粗体: 未设置
    斜体: 未设置
    下划线: 未设置
    标准颜色: 未设置
  运行 9: '亿元'
    字体: 未设置
    大小: 未设置
    粗体: 未设置
    斜体: 未设置
    下划线: 未设置
    标准颜色: 未设置
  运行 10: '左右'
    字体: 未设置
    大小: 未设置
    粗体: 未设置
    斜体: 未设置
    下划线: 未设置
    标准颜色: 未设置
  运行 11: '（'
    字体: 未设置
    大小: 未设置
    粗体: 未设置
    斜体: 未设置
    下划线: 未设置
    标准颜色: 未设置
  运行 12: '不包含隐'
    字体: 未设置
    大小: 未设置
    粗体: 未设置
    斜体: 未设置
    下划线: 未设置
    标准颜色: 未设置
  运行 13: ' '
    字体: 未设置
    大小: 未设置
    粗体: 未设置
    斜体: 未设置
    下划线: 未设置
    标准颜色: 未设置
  运行 14: '形眼镜、角膜塑形镜等'
    字体: 未设置
    大小: 未设置
    粗体: 未设置
    斜体: 未设置
    下划线: 未设置
    标准颜色: 未设置
  运行 15: '）'
    字体: 未设置
    大小: 未设置
    粗体: 未设置
    斜体: 未设置
    下划线: 未设置
    标准颜色: 未设置
  运行 16: '，其中眼科诊断及治疗类设备占比最大'
    字体: 未设置
    大小: 未设置
    粗体: 未设置
    斜体: 未设置
    下划线: 未设置
    标准颜色: 未设置
  运行 17: '，'
    字体: 未设置
    大小: 未设置
    粗体: 未设置
    斜体: 未设置
    下划线: 未设置
    标准颜色: 未设置
  运行 18: '达到'
    字体: 未设置
    大小: 未设置
    粗体: 未设置
    斜体: 未设置
    下划线: 未设置
    标准颜色: 未设置
  运行 19: '50.3%'
    字体: 未设置
    大小: 未设置
    粗体: 未设置
    斜体: 未设置
    下划线: 未设置
    标准颜色: 未设置
  运行 20: '，为'
    字体: 未设置
    大小: 未设置
    粗体: 未设置
    斜体: 未设置
    下划线: 未设置
    标准颜色: 未设置
  运行 21: '103'
    字体: 未设置
    大小: 未设置
    粗体: 未设置
    斜体: 未设置
    下划线: 未设置
    标准颜色: 未设置
  运行 22: '亿'
    字体: 未设置
    大小: 未设置
    粗体: 未设置
    斜体: 未设置
    下划线: 未设置
    标准颜色: 未设置
  运行 23: '元人民币'
    字体: 未设置
    大小: 未设置
    粗体: 未设置
    斜体: 未设置
    下划线: 未设置
    标准颜色: 未设置
  运行 24: '左右。'
    字体: 未设置
    大小: 未设置
    粗体: 未设置
    斜体: 未设置
    下划线: 未设置
    标准颜色: 未设置
  运行 25: '2023'
    字体: 未设置
    大小: 未设置
    粗体: 未设置
    斜体: 未设置
    下划线: 未设置
    标准颜色: 未设置
  运行 26: '年'
    字体: 未设置
    大小: 未设置
    粗体: 未设置
    斜体: 未设置
    下划线: 未设置
    标准颜色: 未设置
  运行 27: 'Y'
    字体: 未设置
    大小: 未设置
    粗体: 未设置
    斜体: 未设置
    下划线: 未设置
    标准颜色: 未设置
  运行 28: '公司的诊疗设备销售达人民币'
    字体: 未设置
    大小: 未设置
    粗体: 未设置
    斜体: 未设置
    下划线: 未设置
    标准颜色: 未设置
  运行 29: '1'
    字体: 未设置
    大小: 未设置
    粗体: 未设置
    斜体: 未设置
    下划线: 未设置
    标准颜色: 未设置
  运行 30: '.45'
    字体: 未设置
    大小: 未设置
    粗体: 未设置
    斜体: 未设置
    下划线: 未设置
    标准颜色: 未设置
  运行 31: '亿元，占全国眼科诊疗设备'
    字体: 未设置
    大小: 未设置
    粗体: 未设置
    斜体: 未设置
    下划线: 未设置
    标准颜色: 未设置
  运行 32: '1.40%'
    字体: 未设置
    大小: 未设置
    粗体: 未设置
    斜体: 未设置
    下划线: 未设置
    标准颜色: 未设置
  运行 33: '市场份额。'
    字体: 未设置
    大小: 未设置
    粗体: 未设置
    斜体: 未设置
    下划线: 未设置
    标准颜色: 未设置

段落 719:
文本内容: 根据行业细分，Y公司的定位是眼科行业诊疗设备的提供商和售后服务商，重点聚焦于视光、白内障以及眼底病亚专科。公司的产品涉及眼科医疗设备、眼镜行仪器及设备，主要客户是医疗机构和视光中心。
段落样式: 正文-缩进
从样式获取的格式:
  样式字体: 未设置
  样式字号: 未设置
  样式颜色: 未设置
对齐方式: 未设置
左缩进: 未设置
右缩进: 未设置
首行缩进: 未设置
行间距: 未设置
从XML读取的格式:
  运行 1: '根据行业细分，'
    字体: 未设置
    大小: 未设置
    粗体: 未设置
    斜体: 未设置
    下划线: 未设置
    标准颜色: 未设置
  运行 2: 'Y'
    字体: 未设置
    大小: 未设置
    粗体: 未设置
    斜体: 未设置
    下划线: 未设置
    标准颜色: 未设置
  运行 3: '公司'
    字体: 未设置
    大小: 未设置
    粗体: 未设置
    斜体: 未设置
    下划线: 未设置
    标准颜色: 未设置
  运行 4: '的定位是眼科行业诊疗设备的提供商和售后服务商，重点聚焦于视光、白内障以及眼底病亚专科。公司的'
    字体: 未设置
    大小: 未设置
    粗体: 未设置
    斜体: 未设置
    下划线: 未设置
    标准颜色: 未设置
  运行 5: '产品涉及眼科医疗设备、眼镜行仪器及设备'
    字体: 未设置
    大小: 未设置
    粗体: 未设置
    斜体: 未设置
    下划线: 未设置
    标准颜色: 未设置
  运行 6: '，'
    字体: 未设置
    大小: 未设置
    粗体: 未设置
    斜体: 未设置
    下划线: 未设置
    标准颜色: 未设置
  运行 7: '主要客户是医疗机构和视光中心。'
    字体: 未设置
    大小: 未设置
    粗体: 未设置
    斜体: 未设置
    下划线: 未设置
    标准颜色: 未设置

段落 720:
文本内容: 根据地理因素细分，Y公司销售的区域主要为华南五省，涵盖广东、海南、广西、福建、湖南等，经济较发达。广东、福建沿海省份较为开放，对于国家的政策响应更快更积极，例如近视防控相关产品，沿海省份采购量明显大于内陆省份。广西、湖南等省份还是采购白内障、眼底病相关产品居多。
段落样式: 正文-缩进
从样式获取的格式:
  样式字体: 未设置
  样式字号: 未设置
  样式颜色: 未设置
对齐方式: 未设置
左缩进: 未设置
右缩进: 未设置
首行缩进: 未设置
行间距: 未设置
从XML读取的格式:
  运行 1: '根据地理因素细分，'
    字体: 未设置
    大小: 未设置
    粗体: 未设置
    斜体: 未设置
    下划线: 未设置
    标准颜色: 未设置
  运行 2: 'Y'
    字体: 未设置
    大小: 未设置
    粗体: 未设置
    斜体: 未设置
    下划线: 未设置
    标准颜色: 未设置
  运行 3: '公司销售的区域主要为华南五省'
    字体: 未设置
    大小: 未设置
    粗体: 未设置
    斜体: 未设置
    下划线: 未设置
    标准颜色: 未设置
  运行 4: '，涵盖广东、海南、广西、福建、湖南等，经济较发达。广东、福建沿海省份较为开放，对于国家的政策响应更快更积极，例如近视防控相关产品，沿海省份采购量明显大于内陆省份。广西、湖南等省份还是采购白内障、眼底病相关产品居多。'
    字体: 未设置
    大小: 未设置
    粗体: 未设置
    斜体: 未设置
    下划线: 未设置
    标准颜色: 未设置

段落 721:
文本内容: Y公司的企业愿景和原厂保持一致，公司以“将不可视变为可视，将可视变为可认知，制造高技术含量的眼科设备”为己任，锐意创新和进取，积极推动眼科事业的发展。随着国家和地方国产化替代政策相续出台，以销售进口品为主的Y公司增长已经放缓。若不能加快国产化的进程，Y公司未来的市场堪忧。
段落样式: 正文-缩进
从样式获取的格式:
  样式字体: 未设置
  样式字号: 未设置
  样式颜色: 未设置
对齐方式: 未设置
左缩进: 未设置
右缩进: 未设置
首行缩进: 未设置
行间距: 未设置
从XML读取的格式:
  运行 1: 'Y'
    字体: 未设置
    大小: 未设置
    粗体: 未设置
    斜体: 未设置
    下划线: 未设置
    标准颜色: 未设置
  运行 2: '公司的企业愿景和'
    字体: 未设置
    大小: 未设置
    粗体: 未设置
    斜体: 未设置
    下划线: 未设置
    标准颜色: 未设置
  运行 3: '原厂'
    字体: 未设置
    大小: 未设置
    粗体: 未设置
    斜体: 未设置
    下划线: 未设置
    标准颜色: 未设置
  运行 4: '保持一致，'
    字体: 未设置
    大小: 未设置
    粗体: 未设置
    斜体: 未设置
    下划线: 未设置
    标准颜色: 未设置
  运行 5: '公司以“将不可视变为可视，将可视变为'
    字体: 未设置
    大小: 未设置
    粗体: 未设置
    斜体: 未设置
    下划线: 未设置
    标准颜色: 未设置
  运行 6: '可认知，制造高技术含量的眼科设备”为己任，锐意创新和进取，积极推动眼科事业的发展'
    字体: 未设置
    大小: 未设置
    粗体: 未设置
    斜体: 未设置
    下划线: 未设置
    标准颜色: 未设置
  运行 7: '。随着国家和地方国产化替代政策相续出台，以销售进口品为主的'
    字体: 未设置
    大小: 未设置
    粗体: 未设置
    斜体: 未设置
    下划线: 未设置
    标准颜色: 未设置
  运行 8: 'Y'
    字体: 未设置
    大小: 未设置
    粗体: 未设置
    斜体: 未设置
    下划线: 未设置
    标准颜色: 未设置
  运行 9: '公司增长已经放缓。若不能加快国产化的进程，'
    字体: 未设置
    大小: 未设置
    粗体: 未设置
    斜体: 未设置
    下划线: 未设置
    标准颜色: 未设置
  运行 10: 'Y'
    字体: 未设置
    大小: 未设置
    粗体: 未设置
    斜体: 未设置
    下划线: 未设置
    标准颜色: 未设置
  运行 11: '公司未来的市场堪忧。'
    字体: 未设置
    大小: 未设置
    粗体: 未设置
    斜体: 未设置
    下划线: 未设置
    标准颜色: 未设置

段落 722:
文本内容: 公司现行产品策略
段落样式: Heading 4
从样式获取的格式:
  样式字体: 未设置
  样式字号: 未设置
  样式颜色: 未设置
对齐方式: 未设置
左缩进: 未设置
右缩进: 未设置
首行缩进: 未设置
行间距: 未设置
从XML读取的格式:
  运行 1: '公司现行产品策略'
    字体: 未设置
    大小: 未设置
    粗体: 未设置
    斜体: 未设置
    下划线: 未设置
    标准颜色: 未设置

段落 723:
文本内容: Y公司将产品分为三大类，分别是视光产品、白内障产品和眼底病产品。公司的产品策略是以视光产品打基础，保证公司业绩的基本盘，再重点推广高价值的白内障和眼底病产品。视光产品的单价在10-30万不等，但是销售量大，销售数量约占公司出货量的85%以上，销售金额占公司业绩的55%左右。白内障和眼底病产品的单价都较高，30-120万不等，数量占公司销售数量的15%左右，金额却占公司营业额的45%左右。
段落样式: 正文-缩进
从样式获取的格式:
  样式字体: 未设置
  样式字号: 未设置
  样式颜色: 未设置
对齐方式: 未设置
左缩进: 未设置
右缩进: 未设置
首行缩进: 未设置
行间距: 未设置
从XML读取的格式:
  运行 1: 'Y'
    字体: 未设置
    大小: 未设置
    粗体: 未设置
    斜体: 未设置
    下划线: 未设置
    标准颜色: 未设置
  运行 2: '公司将产品分为三大类，分别是视光产品、白内障产品和眼底病产品。'
    字体: 未设置
    大小: 未设置
    粗体: 未设置
    斜体: 未设置
    下划线: 未设置
    标准颜色: 未设置
  运行 3: '公司的产品策略是以视光产品打基础，保证公司业绩的基本盘，再重点推广高价值的白内障和眼底病产品。视光产品的单价在'
    字体: 未设置
    大小: 未设置
    粗体: 未设置
    斜体: 未设置
    下划线: 未设置
    标准颜色: 未设置
  运行 4: '10-30'
    字体: 未设置
    大小: 未设置
    粗体: 未设置
    斜体: 未设置
    下划线: 未设置
    标准颜色: 未设置
  运行 5: '万不等，但是销售量大，销售数量约占公司出货量的'
    字体: 未设置
    大小: 未设置
    粗体: 未设置
    斜体: 未设置
    下划线: 未设置
    标准颜色: 未设置
  运行 6: '85%'
    字体: 未设置
    大小: 未设置
    粗体: 未设置
    斜体: 未设置
    下划线: 未设置
    标准颜色: 未设置
  运行 7: '以上，销售金额占公司业绩的'
    字体: 未设置
    大小: 未设置
    粗体: 未设置
    斜体: 未设置
    下划线: 未设置
    标准颜色: 未设置
  运行 8: '55%'
    字体: 未设置
    大小: 未设置
    粗体: 未设置
    斜体: 未设置
    下划线: 未设置
    标准颜色: 未设置
  运行 9: '左右。白内障和眼底病产品的单价都较高，'
    字体: 未设置
    大小: 未设置
    粗体: 未设置
    斜体: 未设置
    下划线: 未设置
    标准颜色: 未设置
  运行 10: '30-120'
    字体: 未设置
    大小: 未设置
    粗体: 未设置
    斜体: 未设置
    下划线: 未设置
    标准颜色: 未设置
  运行 11: '万不等'
    字体: 未设置
    大小: 未设置
    粗体: 未设置
    斜体: 未设置
    下划线: 未设置
    标准颜色: 未设置
  运行 12: '，数量占公司销售数量的'
    字体: 未设置
    大小: 未设置
    粗体: 未设置
    斜体: 未设置
    下划线: 未设置
    标准颜色: 未设置
  运行 13: '15%'
    字体: 未设置
    大小: 未设置
    粗体: 未设置
    斜体: 未设置
    下划线: 未设置
    标准颜色: 未设置
  运行 14: '左右，金额却占公司营业额的'
    字体: 未设置
    大小: 未设置
    粗体: 未设置
    斜体: 未设置
    下划线: 未设置
    标准颜色: 未设置
  运行 15: '45%'
    字体: 未设置
    大小: 未设置
    粗体: 未设置
    斜体: 未设置
    下划线: 未设置
    标准颜色: 未设置
  运行 16: '左右。'
    字体: 未设置
    大小: 未设置
    粗体: 未设置
    斜体: 未设置
    下划线: 未设置
    标准颜色: 未设置

段落 724:
文本内容: 笔者选取2021年至2023年公司重点产品（部分白内障和眼底产品）销售数量和金额作为分析依据，以此来分析公司目前的三大市场推广方向的合理性，如图 4-5所示。
段落样式: 正文-缩进
从样式获取的格式:
  样式字体: 未设置
  样式字号: 未设置
  样式颜色: 未设置
对齐方式: 未设置
左缩进: 未设置
右缩进: 未设置
首行缩进: 未设置
行间距: 未设置
从XML读取的格式:
  运行 1: '笔者选取'
    字体: 未设置
    大小: 未设置
    粗体: 未设置
    斜体: 未设置
    下划线: 未设置
    标准颜色: 未设置
  运行 2: '2021'
    字体: 未设置
    大小: 未设置
    粗体: 未设置
    斜体: 未设置
    下划线: 未设置
    标准颜色: 未设置
  运行 3: '年至'
    字体: 未设置
    大小: 未设置
    粗体: 未设置
    斜体: 未设置
    下划线: 未设置
    标准颜色: 未设置
  运行 4: '2023'
    字体: 未设置
    大小: 未设置
    粗体: 未设置
    斜体: 未设置
    下划线: 未设置
    标准颜色: 未设置
  运行 5: '年公司重点产品'
    字体: 未设置
    大小: 未设置
    粗体: 未设置
    斜体: 未设置
    下划线: 未设置
    标准颜色: 未设置
  运行 6: '（部分白内障和眼底产品）'
    字体: 未设置
    大小: 未设置
    粗体: 未设置
    斜体: 未设置
    下划线: 未设置
    标准颜色: 未设置
  运行 7: '销售数量和金额作为分析依据，以此来分析公司目前的三大市场推广方向的合理性'
    字体: 未设置
    大小: 未设置
    粗体: 未设置
    斜体: 未设置
    下划线: 未设置
    标准颜色: 未设置
  运行 8: '，如'
    字体: 未设置
    大小: 未设置
    粗体: 未设置
    斜体: 未设置
    下划线: 未设置
    标准颜色: 未设置
  运行 9: ''
    字体: 未设置
    大小: 未设置
    粗体: 未设置
    斜体: 未设置
    下划线: 未设置
    标准颜色: 未设置
  运行 10: ''
    字体: 未设置
    大小: 未设置
    粗体: 未设置
    斜体: 未设置
    下划线: 未设置
    标准颜色: 未设置
  运行 11: ''
    字体: 未设置
    大小: 未设置
    粗体: 未设置
    斜体: 未设置
    下划线: 未设置
    标准颜色: 未设置
  运行 12: ''
    字体: 未设置
    大小: 未设置
    粗体: 未设置
    斜体: 未设置
    下划线: 未设置
    标准颜色: 未设置
  运行 13: ''
    字体: 未设置
    大小: 未设置
    粗体: 未设置
    斜体: 未设置
    下划线: 未设置
    标准颜色: 未设置
  运行 14: '图'
    字体: 未设置
    大小: 未设置
    粗体: 未设置
    斜体: 未设置
    下划线: 未设置
    标准颜色: 未设置
  运行 15: ' '
    字体: 未设置
    大小: 未设置
    粗体: 未设置
    斜体: 未设置
    下划线: 未设置
    标准颜色: 未设置
  运行 16: '4'
    字体: 未设置
    大小: 未设置
    粗体: 未设置
    斜体: 未设置
    下划线: 未设置
    标准颜色: 未设置
  运行 17: '-'
    字体: 未设置
    大小: 未设置
    粗体: 未设置
    斜体: 未设置
    下划线: 未设置
    标准颜色: 未设置
  运行 18: '5'
    字体: 未设置
    大小: 未设置
    粗体: 未设置
    斜体: 未设置
    下划线: 未设置
    标准颜色: 未设置
  运行 19: ''
    字体: 未设置
    大小: 未设置
    粗体: 未设置
    斜体: 未设置
    下划线: 未设置
    标准颜色: 未设置
  运行 20: '所示。'
    字体: 未设置
    大小: 未设置
    粗体: 未设置
    斜体: 未设置
    下划线: 未设置
    标准颜色: 未设置

段落 727:
文本内容: 图 4-5　2021-2023 Y公司重点产品销售情况
段落样式: Caption
从样式获取的格式:
  样式字体: 未设置
  样式字号: 未设置
  样式颜色: 未设置
对齐方式: 未设置
左缩进: 未设置
右缩进: 未设置
首行缩进: 未设置
行间距: 未设置
从XML读取的格式:
  运行 1: '图'
    字体: 未设置
    大小: 未设置
    粗体: 未设置
    斜体: 未设置
    下划线: 未设置
    标准颜色: 未设置
  运行 2: ' '
    字体: 未设置
    大小: 未设置
    粗体: 未设置
    斜体: 未设置
    下划线: 未设置
    标准颜色: 未设置
  运行 3: ''
    字体: 未设置
    大小: 未设置
    粗体: 未设置
    斜体: 未设置
    下划线: 未设置
    标准颜色: 未设置
  运行 4: ''
    字体: 未设置
    大小: 未设置
    粗体: 未设置
    斜体: 未设置
    下划线: 未设置
    标准颜色: 未设置
  运行 5: ''
    字体: 未设置
    大小: 未设置
    粗体: 未设置
    斜体: 未设置
    下划线: 未设置
    标准颜色: 未设置
  运行 6: ''
    字体: 未设置
    大小: 未设置
    粗体: 未设置
    斜体: 未设置
    下划线: 未设置
    标准颜色: 未设置
  运行 7: ''
    字体: 未设置
    大小: 未设置
    粗体: 未设置
    斜体: 未设置
    下划线: 未设置
    标准颜色: 未设置
  运行 8: '4'
    字体: 未设置
    大小: 未设置
    粗体: 未设置
    斜体: 未设置
    下划线: 未设置
    标准颜色: 未设置
  运行 9: ''
    字体: 未设置
    大小: 未设置
    粗体: 未设置
    斜体: 未设置
    下划线: 未设置
    标准颜色: 未设置
  运行 10: '-'
    字体: 未设置
    大小: 未设置
    粗体: 未设置
    斜体: 未设置
    下划线: 未设置
    标准颜色: 未设置
  运行 11: ''
    字体: 未设置
    大小: 未设置
    粗体: 未设置
    斜体: 未设置
    下划线: 未设置
    标准颜色: 未设置
  运行 12: ''
    字体: 未设置
    大小: 未设置
    粗体: 未设置
    斜体: 未设置
    下划线: 未设置
    标准颜色: 未设置
  运行 13: ''
    字体: 未设置
    大小: 未设置
    粗体: 未设置
    斜体: 未设置
    下划线: 未设置
    标准颜色: 未设置
  运行 14: ''
    字体: 未设置
    大小: 未设置
    粗体: 未设置
    斜体: 未设置
    下划线: 未设置
    标准颜色: 未设置
  运行 15: ''
    字体: 未设置
    大小: 未设置
    粗体: 未设置
    斜体: 未设置
    下划线: 未设置
    标准颜色: 未设置
  运行 16: ''
    字体: 未设置
    大小: 未设置
    粗体: 未设置
    斜体: 未设置
    下划线: 未设置
    标准颜色: 未设置
  运行 17: ''
    字体: 未设置
    大小: 未设置
    粗体: 未设置
    斜体: 未设置
    下划线: 未设置
    标准颜色: 未设置
  运行 18: '5'
    字体: 未设置
    大小: 未设置
    粗体: 未设置
    斜体: 未设置
    下划线: 未设置
    标准颜色: 未设置
  运行 19: ''
    字体: 未设置
    大小: 未设置
    粗体: 未设置
    斜体: 未设置
    下划线: 未设置
    标准颜色: 未设置
  运行 20: '　'
    字体: 未设置
    大小: 未设置
    粗体: 未设置
    斜体: 未设置
    下划线: 未设置
    标准颜色: 未设置
  运行 21: '20'
    字体: 未设置
    大小: 未设置
    粗体: 未设置
    斜体: 未设置
    下划线: 未设置
    标准颜色: 未设置
  运行 22: '21'
    字体: 未设置
    大小: 未设置
    粗体: 未设置
    斜体: 未设置
    下划线: 未设置
    标准颜色: 未设置
  运行 23: '-2023 Y'
    字体: 未设置
    大小: 未设置
    粗体: 未设置
    斜体: 未设置
    下划线: 未设置
    标准颜色: 未设置
  运行 24: '公司重点产品销售'
    字体: 未设置
    大小: 未设置
    粗体: 未设置
    斜体: 未设置
    下划线: 未设置
    标准颜色: 未设置
  运行 25: '情况'
    字体: 未设置
    大小: 未设置
    粗体: 未设置
    斜体: 未设置
    下划线: 未设置
    标准颜色: 未设置

段落 728:
文本内容: 资料来源：作者整理，Y公司内部数据，2024.
段落样式: 图表资料来源
从样式获取的格式:
  样式字体: 未设置
  样式字号: 114300
  样式字号(pt): 9.0
  样式颜色: 未设置
对齐方式: 未设置
左缩进: 未设置
右缩进: 未设置
首行缩进: 未设置
行间距: 未设置
从XML读取的格式:
  运行 1: '资料来源：'
    字体: 未设置
    大小: 未设置
    粗体: 未设置
    斜体: 未设置
    下划线: 未设置
    标准颜色: 未设置
  运行 2: '作者整理，'
    字体: 未设置
    大小: 未设置
    粗体: 未设置
    斜体: 未设置
    下划线: 未设置
    标准颜色: 未设置
  运行 3: 'Y'
    字体: 未设置
    大小: 未设置
    粗体: 未设置
    斜体: 未设置
    下划线: 未设置
    标准颜色: 未设置
  运行 4: '公司内部数据，'
    字体: 未设置
    大小: 未设置
    粗体: 未设置
    斜体: 未设置
    下划线: 未设置
    标准颜色: 未设置
  运行 5: '2'
    字体: 未设置
    大小: 未设置
    粗体: 未设置
    斜体: 未设置
    下划线: 未设置
    标准颜色: 未设置
  运行 6: '02'
    字体: 未设置
    大小: 未设置
    粗体: 未设置
    斜体: 未设置
    下划线: 未设置
    标准颜色: 未设置
  运行 7: '4'
    字体: 未设置
    大小: 未设置
    粗体: 未设置
    斜体: 未设置
    下划线: 未设置
    标准颜色: 未设置
  运行 8: '.'
    字体: 未设置
    大小: 未设置
    粗体: 未设置
    斜体: 未设置
    下划线: 未设置
    标准颜色: 未设置

段落 730:
文本内容: 2021年Y公司销售产品数量3,685件，其中重点产品数量347件，重点产品数量占比9.41%；重点产品销售金额7,985万，占公司整体销售金额17,809万的44.84%；2022年Y公司销售产品数量1,890件，其中重点产品252件，重点产品数量占比13.33%，重点产品销售金额6,253万，占公司销售金额13,742万的45.50%；2023年公司销售产品数量2,043件，其中重点产品245件，重点产品占比11.99%，重点产品销售金额6,465万，占公司总销售金额1,4481万的44.64%。
段落样式: 正文-缩进
从样式获取的格式:
  样式字体: 未设置
  样式字号: 未设置
  样式颜色: 未设置
对齐方式: 未设置
左缩进: 未设置
右缩进: 未设置
首行缩进: 未设置
行间距: 未设置
从XML读取的格式:
  运行 1: '2021'
    字体: 未设置
    大小: 未设置
    粗体: 未设置
    斜体: 未设置
    下划线: 未设置
    标准颜色: 未设置
  运行 2: '年'
    字体: 未设置
    大小: 未设置
    粗体: 未设置
    斜体: 未设置
    下划线: 未设置
    标准颜色: 未设置
  运行 3: 'Y'
    字体: 未设置
    大小: 未设置
    粗体: 未设置
    斜体: 未设置
    下划线: 未设置
    标准颜色: 未设置
  运行 4: '公司销售产品数量'
    字体: 未设置
    大小: 未设置
    粗体: 未设置
    斜体: 未设置
    下划线: 未设置
    标准颜色: 未设置
  运行 5: '3'
    字体: 未设置
    大小: 未设置
    粗体: 未设置
    斜体: 未设置
    下划线: 未设置
    标准颜色: 未设置
  运行 6: ','
    字体: 未设置
    大小: 未设置
    粗体: 未设置
    斜体: 未设置
    下划线: 未设置
    标准颜色: 未设置
  运行 7: '685'
    字体: 未设置
    大小: 未设置
    粗体: 未设置
    斜体: 未设置
    下划线: 未设置
    标准颜色: 未设置
  运行 8: '件，其中重点产品数量'
    字体: 未设置
    大小: 未设置
    粗体: 未设置
    斜体: 未设置
    下划线: 未设置
    标准颜色: 未设置
  运行 9: '347'
    字体: 未设置
    大小: 未设置
    粗体: 未设置
    斜体: 未设置
    下划线: 未设置
    标准颜色: 未设置
  运行 10: '件，重点产品数'
    字体: 未设置
    大小: 未设置
    粗体: 未设置
    斜体: 未设置
    下划线: 未设置
    标准颜色: 未设置
  运行 11: '量占比'
    字体: 未设置
    大小: 未设置
    粗体: 未设置
    斜体: 未设置
    下划线: 未设置
    标准颜色: 未设置
  运行 12: '9.41%'
    字体: 未设置
    大小: 未设置
    粗体: 未设置
    斜体: 未设置
    下划线: 未设置
    标准颜色: 未设置
  运行 13: '；重点产品销售金额'
    字体: 未设置
    大小: 未设置
    粗体: 未设置
    斜体: 未设置
    下划线: 未设置
    标准颜色: 未设置
  运行 14: '7'
    字体: 未设置
    大小: 未设置
    粗体: 未设置
    斜体: 未设置
    下划线: 未设置
    标准颜色: 未设置
  运行 15: ','
    字体: 未设置
    大小: 未设置
    粗体: 未设置
    斜体: 未设置
    下划线: 未设置
    标准颜色: 未设置
  运行 16: '985'
    字体: 未设置
    大小: 未设置
    粗体: 未设置
    斜体: 未设置
    下划线: 未设置
    标准颜色: 未设置
  运行 17: '万，占公司整体销售金额'
    字体: 未设置
    大小: 未设置
    粗体: 未设置
    斜体: 未设置
    下划线: 未设置
    标准颜色: 未设置
  运行 18: '17'
    字体: 未设置
    大小: 未设置
    粗体: 未设置
    斜体: 未设置
    下划线: 未设置
    标准颜色: 未设置
  运行 19: ','
    字体: 未设置
    大小: 未设置
    粗体: 未设置
    斜体: 未设置
    下划线: 未设置
    标准颜色: 未设置
  运行 20: '809'
    字体: 未设置
    大小: 未设置
    粗体: 未设置
    斜体: 未设置
    下划线: 未设置
    标准颜色: 未设置
  运行 21: '万的'
    字体: 未设置
    大小: 未设置
    粗体: 未设置
    斜体: 未设置
    下划线: 未设置
    标准颜色: 未设置
  运行 22: '44.84%'
    字体: 未设置
    大小: 未设置
    粗体: 未设置
    斜体: 未设置
    下划线: 未设置
    标准颜色: 未设置
  运行 23: '；'
    字体: 未设置
    大小: 未设置
    粗体: 未设置
    斜体: 未设置
    下划线: 未设置
    标准颜色: 未设置
  运行 24: '2022'
    字体: 未设置
    大小: 未设置
    粗体: 未设置
    斜体: 未设置
    下划线: 未设置
    标准颜色: 未设置
  运行 25: '年'
    字体: 未设置
    大小: 未设置
    粗体: 未设置
    斜体: 未设置
    下划线: 未设置
    标准颜色: 未设置
  运行 26: 'Y'
    字体: 未设置
    大小: 未设置
    粗体: 未设置
    斜体: 未设置
    下划线: 未设置
    标准颜色: 未设置
  运行 27: '公司销售产品数量'
    字体: 未设置
    大小: 未设置
    粗体: 未设置
    斜体: 未设置
    下划线: 未设置
    标准颜色: 未设置
  运行 28: '1'
    字体: 未设置
    大小: 未设置
    粗体: 未设置
    斜体: 未设置
    下划线: 未设置
    标准颜色: 未设置
  运行 29: ','
    字体: 未设置
    大小: 未设置
    粗体: 未设置
    斜体: 未设置
    下划线: 未设置
    标准颜色: 未设置
  运行 30: '890'
    字体: 未设置
    大小: 未设置
    粗体: 未设置
    斜体: 未设置
    下划线: 未设置
    标准颜色: 未设置
  运行 31: '件，其中重点产品'
    字体: 未设置
    大小: 未设置
    粗体: 未设置
    斜体: 未设置
    下划线: 未设置
    标准颜色: 未设置
  运行 32: '252'
    字体: 未设置
    大小: 未设置
    粗体: 未设置
    斜体: 未设置
    下划线: 未设置
    标准颜色: 未设置
  运行 33: '件，重点产品数量占比'
    字体: 未设置
    大小: 未设置
    粗体: 未设置
    斜体: 未设置
    下划线: 未设置
    标准颜色: 未设置
  运行 34: '13.33%'
    字体: 未设置
    大小: 未设置
    粗体: 未设置
    斜体: 未设置
    下划线: 未设置
    标准颜色: 未设置
  运行 35: '，重点产品销售金额'
    字体: 未设置
    大小: 未设置
    粗体: 未设置
    斜体: 未设置
    下划线: 未设置
    标准颜色: 未设置
  运行 36: '6'
    字体: 未设置
    大小: 未设置
    粗体: 未设置
    斜体: 未设置
    下划线: 未设置
    标准颜色: 未设置
  运行 37: ','
    字体: 未设置
    大小: 未设置
    粗体: 未设置
    斜体: 未设置
    下划线: 未设置
    标准颜色: 未设置
  运行 38: '253'
    字体: 未设置
    大小: 未设置
    粗体: 未设置
    斜体: 未设置
    下划线: 未设置
    标准颜色: 未设置
  运行 39: '万，占公司销售金额'
    字体: 未设置
    大小: 未设置
    粗体: 未设置
    斜体: 未设置
    下划线: 未设置
    标准颜色: 未设置
  运行 40: '13'
    字体: 未设置
    大小: 未设置
    粗体: 未设置
    斜体: 未设置
    下划线: 未设置
    标准颜色: 未设置
  运行 41: ','
    字体: 未设置
    大小: 未设置
    粗体: 未设置
    斜体: 未设置
    下划线: 未设置
    标准颜色: 未设置
  运行 42: '742'
    字体: 未设置
    大小: 未设置
    粗体: 未设置
    斜体: 未设置
    下划线: 未设置
    标准颜色: 未设置
  运行 43: '万的'
    字体: 未设置
    大小: 未设置
    粗体: 未设置
    斜体: 未设置
    下划线: 未设置
    标准颜色: 未设置
  运行 44: '45.50%'
    字体: 未设置
    大小: 未设置
    粗体: 未设置
    斜体: 未设置
    下划线: 未设置
    标准颜色: 未设置
  运行 45: '；'
    字体: 未设置
    大小: 未设置
    粗体: 未设置
    斜体: 未设置
    下划线: 未设置
    标准颜色: 未设置
  运行 46: '2023'
    字体: 未设置
    大小: 未设置
    粗体: 未设置
    斜体: 未设置
    下划线: 未设置
    标准颜色: 未设置
  运行 47: '年公司销售产品数量'
    字体: 未设置
    大小: 未设置
    粗体: 未设置
    斜体: 未设置
    下划线: 未设置
    标准颜色: 未设置
  运行 48: '2'
    字体: 未设置
    大小: 未设置
    粗体: 未设置
    斜体: 未设置
    下划线: 未设置
    标准颜色: 未设置
  运行 49: ','
    字体: 未设置
    大小: 未设置
    粗体: 未设置
    斜体: 未设置
    下划线: 未设置
    标准颜色: 未设置
  运行 50: '043'
    字体: 未设置
    大小: 未设置
    粗体: 未设置
    斜体: 未设置
    下划线: 未设置
    标准颜色: 未设置
  运行 51: '件，其中重点产品'
    字体: 未设置
    大小: 未设置
    粗体: 未设置
    斜体: 未设置
    下划线: 未设置
    标准颜色: 未设置
  运行 52: '245'
    字体: 未设置
    大小: 未设置
    粗体: 未设置
    斜体: 未设置
    下划线: 未设置
    标准颜色: 未设置
  运行 53: '件，重点产品占比'
    字体: 未设置
    大小: 未设置
    粗体: 未设置
    斜体: 未设置
    下划线: 未设置
    标准颜色: 未设置
  运行 54: '11.99%'
    字体: 未设置
    大小: 未设置
    粗体: 未设置
    斜体: 未设置
    下划线: 未设置
    标准颜色: 未设置
  运行 55: '，重点产品销售金额'
    字体: 未设置
    大小: 未设置
    粗体: 未设置
    斜体: 未设置
    下划线: 未设置
    标准颜色: 未设置
  运行 56: '6'
    字体: 未设置
    大小: 未设置
    粗体: 未设置
    斜体: 未设置
    下划线: 未设置
    标准颜色: 未设置
  运行 57: ','
    字体: 未设置
    大小: 未设置
    粗体: 未设置
    斜体: 未设置
    下划线: 未设置
    标准颜色: 未设置
  运行 58: '465'
    字体: 未设置
    大小: 未设置
    粗体: 未设置
    斜体: 未设置
    下划线: 未设置
    标准颜色: 未设置
  运行 59: '万，占公司总销售金额'
    字体: 未设置
    大小: 未设置
    粗体: 未设置
    斜体: 未设置
    下划线: 未设置
    标准颜色: 未设置
  运行 60: '1'
    字体: 未设置
    大小: 未设置
    粗体: 未设置
    斜体: 未设置
    下划线: 未设置
    标准颜色: 未设置
  运行 61: ','
    字体: 未设置
    大小: 未设置
    粗体: 未设置
    斜体: 未设置
    下划线: 未设置
    标准颜色: 未设置
  运行 62: '4481'
    字体: 未设置
    大小: 未设置
    粗体: 未设置
    斜体: 未设置
    下划线: 未设置
    标准颜色: 未设置
  运行 63: '万的'
    字体: 未设置
    大小: 未设置
    粗体: 未设置
    斜体: 未设置
    下划线: 未设置
    标准颜色: 未设置
  运行 64: '44.64%'
    字体: 未设置
    大小: 未设置
    粗体: 未设置
    斜体: 未设置
    下划线: 未设置
    标准颜色: 未设置
  运行 65: '。'
    字体: 未设置
    大小: 未设置
    粗体: 未设置
    斜体: 未设置
    下划线: 未设置
    标准颜色: 未设置

段落 731:
文本内容: 可见同样利润率的前提下，销售价格高的产品对于公司整体的业绩贡献更大，同时对公司的利润贡献也更大。目前重点产品中，大多数是眼底产品和白内障产品，该类产品销售单价更高。公司目前的产品营销策略相对适合目前的营销环境。
段落样式: 正文-缩进
从样式获取的格式:
  样式字体: 未设置
  样式字号: 未设置
  样式颜色: 未设置
对齐方式: 未设置
左缩进: 未设置
右缩进: 未设置
首行缩进: 未设置
行间距: 未设置
从XML读取的格式:
  运行 1: '可见同样利润率的前提下，销售价格高的产品对于公司整体的业绩贡献更大，同时对公司的利润贡献也更大。目前重点产品中，大多数是眼底产品和白内障产品，该类产品销售单价更高。公司目前的产品营销策略相对适合目前的营销环境。'
    字体: 未设置
    大小: 未设置
    粗体: 未设置
    斜体: 未设置
    下划线: 未设置
    标准颜色: 未设置

段落 732:
文本内容: 公司现行价格策略
段落样式: Heading 4
从样式获取的格式:
  样式字体: 未设置
  样式字号: 未设置
  样式颜色: 未设置
对齐方式: 未设置
左缩进: 未设置
右缩进: 未设置
首行缩进: 未设置
行间距: 未设置
从XML读取的格式:
  运行 1: '公司现行价格策略'
    字体: 未设置
    大小: 未设置
    粗体: 未设置
    斜体: 未设置
    下划线: 未设置
    标准颜色: 未设置

段落 733:
文本内容: 医疗器械行业的定价策略受到多种因素的影响，包括成本、市场需求、政策环境、产品质量与功效等。医疗器械行业常用的几种定价方法有三种，即成本加成定价法、市场调节定价、价值定价法以及撇脂定价。成本加成定价法：是医疗器械行业常用的定价策略之一，企业会根据生产成本加上一定比例的利润来确定产品价格；市场调节定价：在竞争激烈的低端医疗器械市场中，价格主要由市场自主决定，企业结合生产成本、市场需求和竞争情况来确定产品价格；价值定价：根据产品或服务为客户提供的价值来定价，强调性价比和客户感知价值；撇脂定价：在产品生命周期的早期阶段设定高价格，针对愿意支付高价的消费者群体，以快速回收投资成本并获取利润。Y公司目前的销售定价是根据原厂的离岸价格，再通过汇率将日元换算成人民币价格，采用成本加成法制定的。加成的部分涵盖股东利润、员工工资奖金、市场推广等费用，同时也会根据市场竞争情况做出适当调整。
段落样式: 正文-缩进
从样式获取的格式:
  样式字体: 未设置
  样式字号: 未设置
  样式颜色: 未设置
对齐方式: 未设置
左缩进: 未设置
右缩进: 未设置
首行缩进: 未设置
行间距: 未设置
从XML读取的格式:
  运行 1: '医疗器械行业的定价策略受到多种因素的影响，包括成本、市场需求、政策环境、产品质量与功效等。医疗器械行业常用的几种定价'
    字体: 未设置
    大小: 未设置
    粗体: 未设置
    斜体: 未设置
    下划线: 未设置
    标准颜色: 未设置
  运行 2: '方法有'
    字体: 未设置
    大小: 未设置
    粗体: 未设置
    斜体: 未设置
    下划线: 未设置
    标准颜色: 未设置
  运行 3: '三'
    字体: 未设置
    大小: 未设置
    粗体: 未设置
    斜体: 未设置
    下划线: 未设置
    标准颜色: 未设置
  运行 4: '种'
    字体: 未设置
    大小: 未设置
    粗体: 未设置
    斜体: 未设置
    下划线: 未设置
    标准颜色: 未设置
  运行 5: '，即'
    字体: 未设置
    大小: 未设置
    粗体: 未设置
    斜体: 未设置
    下划线: 未设置
    标准颜色: 未设置
  运行 6: '成本加成定价法'
    字体: 未设置
    大小: 未设置
    粗体: 未设置
    斜体: 未设置
    下划线: 未设置
    标准颜色: 未设置
  运行 7: '、'
    字体: 未设置
    大小: 未设置
    粗体: 未设置
    斜体: 未设置
    下划线: 未设置
    标准颜色: 未设置
  运行 8: '市场调节定价'
    字体: 未设置
    大小: 未设置
    粗体: 未设置
    斜体: 未设置
    下划线: 未设置
    标准颜色: 未设置
  运行 9: '、价值定价法'
    字体: 未设置
    大小: 未设置
    粗体: 未设置
    斜体: 未设置
    下划线: 未设置
    标准颜色: 未设置
  运行 10: '以及'
    字体: 未设置
    大小: 未设置
    粗体: 未设置
    斜体: 未设置
    下划线: 未设置
    标准颜色: 未设置
  运行 11: '撇脂定价'
    字体: 未设置
    大小: 未设置
    粗体: 未设置
    斜体: 未设置
    下划线: 未设置
    标准颜色: 未设置
  运行 12: '。'
    字体: 未设置
    大小: 未设置
    粗体: 未设置
    斜体: 未设置
    下划线: 未设置
    标准颜色: 未设置
  运行 13: '成本加成定价法'
    字体: 未设置
    大小: 未设置
    粗体: 未设置
    斜体: 未设置
    下划线: 未设置
    标准颜色: 未设置
  运行 14: '：'
    字体: 未设置
    大小: 未设置
    粗体: 未设置
    斜体: 未设置
    下划线: 未设置
    标准颜色: 未设置
  运行 15: '是医疗器械行业常用的定价策略之一，企业会根据生产成本加上一定比例的利润来确定产品价格；市场调节定价'
    字体: 未设置
    大小: 未设置
    粗体: 未设置
    斜体: 未设置
    下划线: 未设置
    标准颜色: 未设置
  运行 16: '：'
    字体: 未设置
    大小: 未设置
    粗体: 未设置
    斜体: 未设置
    下划线: 未设置
    标准颜色: 未设置
  运行 17: '在竞争激烈的低端医疗器械市场中，价格主要由市场自主决定，企业结合生产成本、市场需求和竞争情况来确定产品价格；'
    字体: 未设置
    大小: 未设置
    粗体: 未设置
    斜体: 未设置
    下划线: 未设置
    标准颜色: 未设置
  运行 18: '价值定价'
    字体: 未设置
    大小: 未设置
    粗体: 未设置
    斜体: 未设置
    下划线: 未设置
    标准颜色: 未设置
  运行 19: '：'
    字体: 未设置
    大小: 未设置
    粗体: 未设置
    斜体: 未设置
    下划线: 未设置
    标准颜色: 未设置
  运行 20: '根据产品或服务为客户提供的价值来定价，强调性价比和客户感知价值；撇脂定价'
    字体: 未设置
    大小: 未设置
    粗体: 未设置
    斜体: 未设置
    下划线: 未设置
    标准颜色: 未设置
  运行 21: '：'
    字体: 未设置
    大小: 未设置
    粗体: 未设置
    斜体: 未设置
    下划线: 未设置
    标准颜色: 未设置
  运行 22: '在产品生命周期的早期阶段设定高价格，针对愿意支付高价的消费者群体，以快速回收投资成本并获取利润。'
    字体: 未设置
    大小: 未设置
    粗体: 未设置
    斜体: 未设置
    下划线: 未设置
    标准颜色: 未设置
  运行 23: 'Y'
    字体: 未设置
    大小: 未设置
    粗体: 未设置
    斜体: 未设置
    下划线: 未设置
    标准颜色: 未设置
  运行 24: '公司目前的'
    字体: 未设置
    大小: 未设置
    粗体: 未设置
    斜体: 未设置
    下划线: 未设置
    标准颜色: 未设置
  运行 25: '销售定价'
    字体: 未设置
    大小: 未设置
    粗体: 未设置
    斜体: 未设置
    下划线: 未设置
    标准颜色: 未设置
  运行 26: '是根据'
    字体: 未设置
    大小: 未设置
    粗体: 未设置
    斜体: 未设置
    下划线: 未设置
    标准颜色: 未设置
  运行 27: '原厂'
    字体: 未设置
    大小: 未设置
    粗体: 未设置
    斜体: 未设置
    下划线: 未设置
    标准颜色: 未设置
  运行 28: '的'
    字体: 未设置
    大小: 未设置
    粗体: 未设置
    斜体: 未设置
    下划线: 未设置
    标准颜色: 未设置
  运行 29: '离岸价格，再通过汇率将日元换算成人民币价格'
    字体: 未设置
    大小: 未设置
    粗体: 未设置
    斜体: 未设置
    下划线: 未设置
    标准颜色: 未设置
  运行 30: '，'
    字体: 未设置
    大小: 未设置
    粗体: 未设置
    斜体: 未设置
    下划线: 未设置
    标准颜色: 未设置
  运行 31: '采用成本加成法制定的。加成的部分涵盖股东利润、员工工资奖金、市场推广等费用'
    字体: 未设置
    大小: 未设置
    粗体: 未设置
    斜体: 未设置
    下划线: 未设置
    标准颜色: 未设置
  运行 32: '，'
    字体: 未设置
    大小: 未设置
    粗体: 未设置
    斜体: 未设置
    下划线: 未设置
    标准颜色: 未设置
  运行 33: '同时也会根据市场竞争情况'
    字体: 未设置
    大小: 未设置
    粗体: 未设置
    斜体: 未设置
    下划线: 未设置
    标准颜色: 未设置
  运行 34: '做出'
    字体: 未设置
    大小: 未设置
    粗体: 未设置
    斜体: 未设置
    下划线: 未设置
    标准颜色: 未设置
  运行 35: '适当调整。'
    字体: 未设置
    大小: 未设置
    粗体: 未设置
    斜体: 未设置
    下划线: 未设置
    标准颜色: 未设置

段落 734:
文本内容: Y公司的产品价格在行业内处于中等偏上水平，笔者列举了白内障亚专科的国内外各大厂商产品布局和产品价格分布。如图 4-6所示，横坐标代表产品线宽度，从左到右依次是仅耗材、仅设备和全线产品。纵坐标代表价格和科技含量，从下到上，产品的价格越高，科技含量越高。从图 4-6可以看出，科技含量越高的企业，其产品售价就越高，如果原厂可以加快快国产化进程，在保证质量的前提下，降低成本，那么Y公司在眼科行业将更有竞争力。
段落样式: 正文-缩进
从样式获取的格式:
  样式字体: 未设置
  样式字号: 未设置
  样式颜色: 未设置
对齐方式: 未设置
左缩进: 未设置
右缩进: 未设置
首行缩进: 未设置
行间距: 未设置
从XML读取的格式:
  运行 1: 'Y'
    字体: 未设置
    大小: 未设置
    粗体: 未设置
    斜体: 未设置
    下划线: 未设置
    标准颜色: 未设置
  运行 2: '公司的产品价格在行业内处于中等偏上水平，笔者列举了白内障'
    字体: 未设置
    大小: 未设置
    粗体: 未设置
    斜体: 未设置
    下划线: 未设置
    标准颜色: 未设置
  运行 3: ''
    字体: 未设置
    大小: 未设置
    粗体: 未设置
    斜体: 未设置
    下划线: 未设置
    标准颜色: 未设置
  运行 4: '亚专科的'
    字体: 未设置
    大小: 未设置
    粗体: 未设置
    斜体: 未设置
    下划线: 未设置
    标准颜色: 未设置
  运行 5: '国内外'
    字体: 未设置
    大小: 未设置
    粗体: 未设置
    斜体: 未设置
    下划线: 未设置
    标准颜色: 未设置
  运行 6: '各'
    字体: 未设置
    大小: 未设置
    粗体: 未设置
    斜体: 未设置
    下划线: 未设置
    标准颜色: 未设置
  运行 7: '大厂商'
    字体: 未设置
    大小: 未设置
    粗体: 未设置
    斜体: 未设置
    下划线: 未设置
    标准颜色: 未设置
  运行 8: '产品布局和'
    字体: 未设置
    大小: 未设置
    粗体: 未设置
    斜体: 未设置
    下划线: 未设置
    标准颜色: 未设置
  运行 9: '产品'
    字体: 未设置
    大小: 未设置
    粗体: 未设置
    斜体: 未设置
    下划线: 未设置
    标准颜色: 未设置
  运行 10: '价格分布。如'
    字体: 未设置
    大小: 未设置
    粗体: 未设置
    斜体: 未设置
    下划线: 未设置
    标准颜色: 未设置
  运行 11: ''
    字体: 未设置
    大小: 未设置
    粗体: 未设置
    斜体: 未设置
    下划线: 未设置
    标准颜色: 未设置
  运行 12: ''
    字体: 未设置
    大小: 未设置
    粗体: 未设置
    斜体: 未设置
    下划线: 未设置
    标准颜色: 未设置
  运行 13: ''
    字体: 未设置
    大小: 未设置
    粗体: 未设置
    斜体: 未设置
    下划线: 未设置
    标准颜色: 未设置
  运行 14: ''
    字体: 未设置
    大小: 未设置
    粗体: 未设置
    斜体: 未设置
    下划线: 未设置
    标准颜色: 未设置
  运行 15: ''
    字体: 未设置
    大小: 未设置
    粗体: 未设置
    斜体: 未设置
    下划线: 未设置
    标准颜色: 未设置
  运行 16: '图'
    字体: 未设置
    大小: 未设置
    粗体: 未设置
    斜体: 未设置
    下划线: 未设置
    标准颜色: 未设置
  运行 17: ' '
    字体: 未设置
    大小: 未设置
    粗体: 未设置
    斜体: 未设置
    下划线: 未设置
    标准颜色: 未设置
  运行 18: '4'
    字体: 未设置
    大小: 未设置
    粗体: 未设置
    斜体: 未设置
    下划线: 未设置
    标准颜色: 未设置
  运行 19: '-'
    字体: 未设置
    大小: 未设置
    粗体: 未设置
    斜体: 未设置
    下划线: 未设置
    标准颜色: 未设置
  运行 20: '6'
    字体: 未设置
    大小: 未设置
    粗体: 未设置
    斜体: 未设置
    下划线: 未设置
    标准颜色: 未设置
  运行 21: ''
    字体: 未设置
    大小: 未设置
    粗体: 未设置
    斜体: 未设置
    下划线: 未设置
    标准颜色: 未设置
  运行 22: '所示，横坐标代表产品线宽度，从左到右依次是仅耗材、仅设备和全线产品。纵坐标代表价格和科技含量，从下到上，产品的价格越高，科技含量越高。从'
    字体: 未设置
    大小: 未设置
    粗体: 未设置
    斜体: 未设置
    下划线: 未设置
    标准颜色: 未设置
  运行 23: ''
    字体: 未设置
    大小: 未设置
    粗体: 未设置
    斜体: 未设置
    下划线: 未设置
    标准颜色: 未设置
  运行 24: ''
    字体: 未设置
    大小: 未设置
    粗体: 未设置
    斜体: 未设置
    下划线: 未设置
    标准颜色: 未设置
  运行 25: ''
    字体: 未设置
    大小: 未设置
    粗体: 未设置
    斜体: 未设置
    下划线: 未设置
    标准颜色: 未设置
  运行 26: ''
    字体: 未设置
    大小: 未设置
    粗体: 未设置
    斜体: 未设置
    下划线: 未设置
    标准颜色: 未设置
  运行 27: ''
    字体: 未设置
    大小: 未设置
    粗体: 未设置
    斜体: 未设置
    下划线: 未设置
    标准颜色: 未设置
  运行 28: '图'
    字体: 未设置
    大小: 未设置
    粗体: 未设置
    斜体: 未设置
    下划线: 未设置
    标准颜色: 未设置
  运行 29: ' '
    字体: 未设置
    大小: 未设置
    粗体: 未设置
    斜体: 未设置
    下划线: 未设置
    标准颜色: 未设置
  运行 30: '4'
    字体: 未设置
    大小: 未设置
    粗体: 未设置
    斜体: 未设置
    下划线: 未设置
    标准颜色: 未设置
  运行 31: '-'
    字体: 未设置
    大小: 未设置
    粗体: 未设置
    斜体: 未设置
    下划线: 未设置
    标准颜色: 未设置
  运行 32: '6'
    字体: 未设置
    大小: 未设置
    粗体: 未设置
    斜体: 未设置
    下划线: 未设置
    标准颜色: 未设置
  运行 33: ''
    字体: 未设置
    大小: 未设置
    粗体: 未设置
    斜体: 未设置
    下划线: 未设置
    标准颜色: 未设置
  运行 34: '可以看出，科技含量越高的企业，其产品售价就越高，如果'
    字体: 未设置
    大小: 未设置
    粗体: 未设置
    斜体: 未设置
    下划线: 未设置
    标准颜色: 未设置
  运行 35: '原厂'
    字体: 未设置
    大小: 未设置
    粗体: 未设置
    斜体: 未设置
    下划线: 未设置
    标准颜色: 未设置
  运行 36: '可以加快快国产化进程，'
    字体: 未设置
    大小: 未设置
    粗体: 未设置
    斜体: 未设置
    下划线: 未设置
    标准颜色: 未设置
  运行 37: '在'
    字体: 未设置
    大小: 未设置
    粗体: 未设置
    斜体: 未设置
    下划线: 未设置
    标准颜色: 未设置
  运行 38: '保证质量的前提下，降低成本，那么'
    字体: 未设置
    大小: 未设置
    粗体: 未设置
    斜体: 未设置
    下划线: 未设置
    标准颜色: 未设置
  运行 39: 'Y'
    字体: 未设置
    大小: 未设置
    粗体: 未设置
    斜体: 未设置
    下划线: 未设置
    标准颜色: 未设置
  运行 40: '公司在眼科行业将更有竞争力。'
    字体: 未设置
    大小: 未设置
    粗体: 未设置
    斜体: 未设置
    下划线: 未设置
    标准颜色: 未设置

段落 737:
文本内容: 图 4-6　中国眼科白内障亚专科各企业战略图
段落样式: Caption
从样式获取的格式:
  样式字体: 未设置
  样式字号: 未设置
  样式颜色: 未设置
对齐方式: 未设置
左缩进: 未设置
右缩进: 未设置
首行缩进: 未设置
行间距: 未设置
从XML读取的格式:
  运行 1: '图'
    字体: 未设置
    大小: 未设置
    粗体: 未设置
    斜体: 未设置
    下划线: 未设置
    标准颜色: 未设置
  运行 2: ' '
    字体: 未设置
    大小: 未设置
    粗体: 未设置
    斜体: 未设置
    下划线: 未设置
    标准颜色: 未设置
  运行 3: ''
    字体: 未设置
    大小: 未设置
    粗体: 未设置
    斜体: 未设置
    下划线: 未设置
    标准颜色: 未设置
  运行 4: ''
    字体: 未设置
    大小: 未设置
    粗体: 未设置
    斜体: 未设置
    下划线: 未设置
    标准颜色: 未设置
  运行 5: ''
    字体: 未设置
    大小: 未设置
    粗体: 未设置
    斜体: 未设置
    下划线: 未设置
    标准颜色: 未设置
  运行 6: ''
    字体: 未设置
    大小: 未设置
    粗体: 未设置
    斜体: 未设置
    下划线: 未设置
    标准颜色: 未设置
  运行 7: ''
    字体: 未设置
    大小: 未设置
    粗体: 未设置
    斜体: 未设置
    下划线: 未设置
    标准颜色: 未设置
  运行 8: '4'
    字体: 未设置
    大小: 未设置
    粗体: 未设置
    斜体: 未设置
    下划线: 未设置
    标准颜色: 未设置
  运行 9: ''
    字体: 未设置
    大小: 未设置
    粗体: 未设置
    斜体: 未设置
    下划线: 未设置
    标准颜色: 未设置
  运行 10: '-'
    字体: 未设置
    大小: 未设置
    粗体: 未设置
    斜体: 未设置
    下划线: 未设置
    标准颜色: 未设置
  运行 11: ''
    字体: 未设置
    大小: 未设置
    粗体: 未设置
    斜体: 未设置
    下划线: 未设置
    标准颜色: 未设置
  运行 12: ''
    字体: 未设置
    大小: 未设置
    粗体: 未设置
    斜体: 未设置
    下划线: 未设置
    标准颜色: 未设置
  运行 13: ''
    字体: 未设置
    大小: 未设置
    粗体: 未设置
    斜体: 未设置
    下划线: 未设置
    标准颜色: 未设置
  运行 14: ''
    字体: 未设置
    大小: 未设置
    粗体: 未设置
    斜体: 未设置
    下划线: 未设置
    标准颜色: 未设置
  运行 15: ''
    字体: 未设置
    大小: 未设置
    粗体: 未设置
    斜体: 未设置
    下划线: 未设置
    标准颜色: 未设置
  运行 16: ''
    字体: 未设置
    大小: 未设置
    粗体: 未设置
    斜体: 未设置
    下划线: 未设置
    标准颜色: 未设置
  运行 17: ''
    字体: 未设置
    大小: 未设置
    粗体: 未设置
    斜体: 未设置
    下划线: 未设置
    标准颜色: 未设置
  运行 18: '6'
    字体: 未设置
    大小: 未设置
    粗体: 未设置
    斜体: 未设置
    下划线: 未设置
    标准颜色: 未设置
  运行 19: ''
    字体: 未设置
    大小: 未设置
    粗体: 未设置
    斜体: 未设置
    下划线: 未设置
    标准颜色: 未设置
  运行 20: '　'
    字体: 未设置
    大小: 未设置
    粗体: 未设置
    斜体: 未设置
    下划线: 未设置
    标准颜色: 未设置
  运行 21: '中国眼科'
    字体: 未设置
    大小: 未设置
    粗体: 未设置
    斜体: 未设置
    下划线: 未设置
    标准颜色: 未设置
  运行 22: '白内障亚专科各'
    字体: 未设置
    大小: 未设置
    粗体: 未设置
    斜体: 未设置
    下划线: 未设置
    标准颜色: 未设置
  运行 23: '企业战略图'
    字体: 未设置
    大小: 未设置
    粗体: 未设置
    斜体: 未设置
    下划线: 未设置
    标准颜色: 未设置

段落 738:
文本内容: 资料来源：作者整理，公开数据，2024.
段落样式: 图表资料来源
从样式获取的格式:
  样式字体: 未设置
  样式字号: 114300
  样式字号(pt): 9.0
  样式颜色: 未设置
对齐方式: 未设置
左缩进: 未设置
右缩进: 未设置
首行缩进: 未设置
行间距: 未设置
从XML读取的格式:
  运行 1: '资料来源：'
    字体: 未设置
    大小: 未设置
    粗体: 未设置
    斜体: 未设置
    下划线: 未设置
    标准颜色: 未设置
  运行 2: '作者整理，'
    字体: 未设置
    大小: 未设置
    粗体: 未设置
    斜体: 未设置
    下划线: 未设置
    标准颜色: 未设置
  运行 3: '公开数据，'
    字体: 未设置
    大小: 未设置
    粗体: 未设置
    斜体: 未设置
    下划线: 未设置
    标准颜色: 未设置
  运行 4: '2'
    字体: 未设置
    大小: 未设置
    粗体: 未设置
    斜体: 未设置
    下划线: 未设置
    标准颜色: 未设置
  运行 5: '02'
    字体: 未设置
    大小: 未设置
    粗体: 未设置
    斜体: 未设置
    下划线: 未设置
    标准颜色: 未设置
  运行 6: '4'
    字体: 未设置
    大小: 未设置
    粗体: 未设置
    斜体: 未设置
    下划线: 未设置
    标准颜色: 未设置
  运行 7: '.'
    字体: 未设置
    大小: 未设置
    粗体: 未设置
    斜体: 未设置
    下划线: 未设置
    标准颜色: 未设置

段落 740:
文本内容: 公司现行渠道策略
段落样式: Heading 4
从样式获取的格式:
  样式字体: 未设置
  样式字号: 未设置
  样式颜色: 未设置
对齐方式: 未设置
左缩进: 未设置
右缩进: 未设置
首行缩进: 未设置
行间距: 未设置
从XML读取的格式:
  运行 1: '公司现行渠道策略'
    字体: 未设置
    大小: 未设置
    粗体: 未设置
    斜体: 未设置
    下划线: 未设置
    标准颜色: 未设置

段落 741:
文本内容: 目前Y公司的渠道策略是直销和分销充分结合的模式，各省区没有设置固定的代理商网络。公司招聘销售人员直接拜访医院客户，根据医院的性质等具体情况，来决定是直销还是分销。由于民营医院对价格较为敏感，并且倾向于通过比较不同供应商的报价来做出购买决策，Y公司对这类医院主要采用直销模式，以便更直接地与客户沟通，提供更具竞争力的价格和个性化的服务。公立医院通常采用招投标模式进行采购，对供应商有一系列严格的资质要求。针对这种情况，Y公司通常授权给医院认可的配送服务商来完成销售，这样可以满足公立医院的采购流程和合规要求。
段落样式: 正文-缩进
从样式获取的格式:
  样式字体: 未设置
  样式字号: 未设置
  样式颜色: 未设置
对齐方式: 未设置
左缩进: 未设置
右缩进: 未设置
首行缩进: 未设置
行间距: 未设置
从XML读取的格式:
  运行 1: '目前'
    字体: 未设置
    大小: 未设置
    粗体: 未设置
    斜体: 未设置
    下划线: 未设置
    标准颜色: 未设置
  运行 2: 'Y'
    字体: 未设置
    大小: 未设置
    粗体: 未设置
    斜体: 未设置
    下划线: 未设置
    标准颜色: 未设置
  运行 3: '公司的渠道策略是直销和分销充分结合的模式，'
    字体: 未设置
    大小: 未设置
    粗体: 未设置
    斜体: 未设置
    下划线: 未设置
    标准颜色: 未设置
  运行 4: '各省区没有设置固定的代理商网络。公司'
    字体: 未设置
    大小: 未设置
    粗体: 未设置
    斜体: 未设置
    下划线: 未设置
    标准颜色: 未设置
  运行 5: '招聘'
    字体: 未设置
    大小: 未设置
    粗体: 未设置
    斜体: 未设置
    下划线: 未设置
    标准颜色: 未设置
  运行 6: '销售人员'
    字体: 未设置
    大小: 未设置
    粗体: 未设置
    斜体: 未设置
    下划线: 未设置
    标准颜色: 未设置
  运行 7: '直接'
    字体: 未设置
    大小: 未设置
    粗体: 未设置
    斜体: 未设置
    下划线: 未设置
    标准颜色: 未设置
  运行 8: '拜访医院客户，'
    字体: 未设置
    大小: 未设置
    粗体: 未设置
    斜体: 未设置
    下划线: 未设置
    标准颜色: 未设置
  运行 9: '根据医院的'
    字体: 未设置
    大小: 未设置
    粗体: 未设置
    斜体: 未设置
    下划线: 未设置
    标准颜色: 未设置
  运行 10: '性质等具体情况，'
    字体: 未设置
    大小: 未设置
    粗体: 未设置
    斜体: 未设置
    下划线: 未设置
    标准颜色: 未设置
  运行 11: '来决定是直销还是分销'
    字体: 未设置
    大小: 未设置
    粗体: 未设置
    斜体: 未设置
    下划线: 未设置
    标准颜色: 未设置
  运行 12: '。'
    字体: 未设置
    大小: 未设置
    粗体: 未设置
    斜体: 未设置
    下划线: 未设置
    标准颜色: 未设置
  运行 13: '由于民营医院对价格较为敏感，并且倾向于通过比较不同供应商的报价来做出购买决策，'
    字体: 未设置
    大小: 未设置
    粗体: 未设置
    斜体: 未设置
    下划线: 未设置
    标准颜色: 未设置
  运行 14: 'Y'
    字体: 未设置
    大小: 未设置
    粗体: 未设置
    斜体: 未设置
    下划线: 未设置
    标准颜色: 未设置
  运行 15: '公司对这类医院主要采用直销模式，以便更直接地与客户沟通，提供更具竞争力的价格和个性化的服务。公立医院通常采用招投标模式进行采购，对供应商有一系列严格的资质要求。针对这种情况，'
    字体: 未设置
    大小: 未设置
    粗体: 未设置
    斜体: 未设置
    下划线: 未设置
    标准颜色: 未设置
  运行 16: 'Y'
    字体: 未设置
    大小: 未设置
    粗体: 未设置
    斜体: 未设置
    下划线: 未设置
    标准颜色: 未设置
  运行 17: '公司通常授权给医院认可的配送'
    字体: 未设置
    大小: 未设置
    粗体: 未设置
    斜体: 未设置
    下划线: 未设置
    标准颜色: 未设置
  运行 18: '服务'
    字体: 未设置
    大小: 未设置
    粗体: 未设置
    斜体: 未设置
    下划线: 未设置
    标准颜色: 未设置
  运行 19: '商来完成销售，这样可以满足公立医院的采购流程和合规要求'
    字体: 未设置
    大小: 未设置
    粗体: 未设置
    斜体: 未设置
    下划线: 未设置
    标准颜色: 未设置
  运行 20: '。'
    字体: 未设置
    大小: 未设置
    粗体: 未设置
    斜体: 未设置
    下划线: 未设置
    标准颜色: 未设置

段落 742:
文本内容: 尼德克原厂授权Y公司的服务范围是广东、海南、广西、福建、湖南等五省。公司在每个省区设置一名省区经理和若干销售经理，以及配备相应的工程师。管理上执行省区经理负责制，销售人员和工程师统一听从省区调度，所有工程师曲线汇报给工程部经理。具体的省区人员机构如表 4-4所示。
段落样式: 正文-缩进
从样式获取的格式:
  样式字体: 未设置
  样式字号: 未设置
  样式颜色: 未设置
对齐方式: 未设置
左缩进: 未设置
右缩进: 未设置
首行缩进: 未设置
行间距: 未设置
从XML读取的格式:
  运行 1: '尼德克原厂授权'
    字体: 未设置
    大小: 未设置
    粗体: 未设置
    斜体: 未设置
    下划线: 未设置
    标准颜色: 未设置
  运行 2: 'Y'
    字体: 未设置
    大小: 未设置
    粗体: 未设置
    斜体: 未设置
    下划线: 未设置
    标准颜色: 未设置
  运行 3: '公司'
    字体: 未设置
    大小: 未设置
    粗体: 未设置
    斜体: 未设置
    下划线: 未设置
    标准颜色: 未设置
  运行 4: '的'
    字体: 未设置
    大小: 未设置
    粗体: 未设置
    斜体: 未设置
    下划线: 未设置
    标准颜色: 未设置
  运行 5: '服务'
    字体: 未设置
    大小: 未设置
    粗体: 未设置
    斜体: 未设置
    下划线: 未设置
    标准颜色: 未设置
  运行 6: '范围是广东、海南、广西、福建、湖南等五省。'
    字体: 未设置
    大小: 未设置
    粗体: 未设置
    斜体: 未设置
    下划线: 未设置
    标准颜色: 未设置
  运行 7: '公司在'
    字体: 未设置
    大小: 未设置
    粗体: 未设置
    斜体: 未设置
    下划线: 未设置
    标准颜色: 未设置
  运行 8: '每个省区设置一名省区经理和若干销售经理，以及配备相应的工程师。'
    字体: 未设置
    大小: 未设置
    粗体: 未设置
    斜体: 未设置
    下划线: 未设置
    标准颜色: 未设置
  运行 9: '管理上'
    字体: 未设置
    大小: 未设置
    粗体: 未设置
    斜体: 未设置
    下划线: 未设置
    标准颜色: 未设置
  运行 10: '执行省区经理负责制，销售人员和工程师统一听从省区调度，所有工程师曲线汇报给工程部经理。'
    字体: 未设置
    大小: 未设置
    粗体: 未设置
    斜体: 未设置
    下划线: 未设置
    标准颜色: 未设置
  运行 11: '具体的省区人员机构如'
    字体: 未设置
    大小: 未设置
    粗体: 未设置
    斜体: 未设置
    下划线: 未设置
    标准颜色: 未设置
  运行 12: ''
    字体: 未设置
    大小: 未设置
    粗体: 未设置
    斜体: 未设置
    下划线: 未设置
    标准颜色: 未设置
  运行 13: ''
    字体: 未设置
    大小: 未设置
    粗体: 未设置
    斜体: 未设置
    下划线: 未设置
    标准颜色: 未设置
  运行 14: ''
    字体: 未设置
    大小: 未设置
    粗体: 未设置
    斜体: 未设置
    下划线: 未设置
    标准颜色: 未设置
  运行 15: ''
    字体: 未设置
    大小: 未设置
    粗体: 未设置
    斜体: 未设置
    下划线: 未设置
    标准颜色: 未设置
  运行 16: ''
    字体: 未设置
    大小: 未设置
    粗体: 未设置
    斜体: 未设置
    下划线: 未设置
    标准颜色: 未设置
  运行 17: '表'
    字体: 未设置
    大小: 未设置
    粗体: 未设置
    斜体: 未设置
    下划线: 未设置
    标准颜色: 未设置
  运行 18: ' '
    字体: 未设置
    大小: 未设置
    粗体: 未设置
    斜体: 未设置
    下划线: 未设置
    标准颜色: 未设置
  运行 19: '4'
    字体: 未设置
    大小: 未设置
    粗体: 未设置
    斜体: 未设置
    下划线: 未设置
    标准颜色: 未设置
  运行 20: '-'
    字体: 未设置
    大小: 未设置
    粗体: 未设置
    斜体: 未设置
    下划线: 未设置
    标准颜色: 未设置
  运行 21: '4'
    字体: 未设置
    大小: 未设置
    粗体: 未设置
    斜体: 未设置
    下划线: 未设置
    标准颜色: 未设置
  运行 22: ''
    字体: 未设置
    大小: 未设置
    粗体: 未设置
    斜体: 未设置
    下划线: 未设置
    标准颜色: 未设置
  运行 23: '所示。'
    字体: 未设置
    大小: 未设置
    粗体: 未设置
    斜体: 未设置
    下划线: 未设置
    标准颜色: 未设置

段落 744:
文本内容: 表 4-4　Y公司各省人员配置情况
段落样式: Caption
从样式获取的格式:
  样式字体: 未设置
  样式字号: 未设置
  样式颜色: 未设置
对齐方式: 未设置
左缩进: 未设置
右缩进: 未设置
首行缩进: 未设置
行间距: 未设置
从XML读取的格式:
  运行 1: '表'
    字体: 未设置
    大小: 未设置
    粗体: 未设置
    斜体: 未设置
    下划线: 未设置
    标准颜色: 未设置
  运行 2: ' '
    字体: 未设置
    大小: 未设置
    粗体: 未设置
    斜体: 未设置
    下划线: 未设置
    标准颜色: 未设置
  运行 3: ''
    字体: 未设置
    大小: 未设置
    粗体: 未设置
    斜体: 未设置
    下划线: 未设置
    标准颜色: 未设置
  运行 4: ''
    字体: 未设置
    大小: 未设置
    粗体: 未设置
    斜体: 未设置
    下划线: 未设置
    标准颜色: 未设置
  运行 5: ''
    字体: 未设置
    大小: 未设置
    粗体: 未设置
    斜体: 未设置
    下划线: 未设置
    标准颜色: 未设置
  运行 6: ''
    字体: 未设置
    大小: 未设置
    粗体: 未设置
    斜体: 未设置
    下划线: 未设置
    标准颜色: 未设置
  运行 7: ''
    字体: 未设置
    大小: 未设置
    粗体: 未设置
    斜体: 未设置
    下划线: 未设置
    标准颜色: 未设置
  运行 8: '4'
    字体: 未设置
    大小: 未设置
    粗体: 未设置
    斜体: 未设置
    下划线: 未设置
    标准颜色: 未设置
  运行 9: ''
    字体: 未设置
    大小: 未设置
    粗体: 未设置
    斜体: 未设置
    下划线: 未设置
    标准颜色: 未设置
  运行 10: '-'
    字体: 未设置
    大小: 未设置
    粗体: 未设置
    斜体: 未设置
    下划线: 未设置
    标准颜色: 未设置
  运行 11: ''
    字体: 未设置
    大小: 未设置
    粗体: 未设置
    斜体: 未设置
    下划线: 未设置
    标准颜色: 未设置
  运行 12: ''
    字体: 未设置
    大小: 未设置
    粗体: 未设置
    斜体: 未设置
    下划线: 未设置
    标准颜色: 未设置
  运行 13: ''
    字体: 未设置
    大小: 未设置
    粗体: 未设置
    斜体: 未设置
    下划线: 未设置
    标准颜色: 未设置
  运行 14: ''
    字体: 未设置
    大小: 未设置
    粗体: 未设置
    斜体: 未设置
    下划线: 未设置
    标准颜色: 未设置
  运行 15: ''
    字体: 未设置
    大小: 未设置
    粗体: 未设置
    斜体: 未设置
    下划线: 未设置
    标准颜色: 未设置
  运行 16: ''
    字体: 未设置
    大小: 未设置
    粗体: 未设置
    斜体: 未设置
    下划线: 未设置
    标准颜色: 未设置
  运行 17: ''
    字体: 未设置
    大小: 未设置
    粗体: 未设置
    斜体: 未设置
    下划线: 未设置
    标准颜色: 未设置
  运行 18: '4'
    字体: 未设置
    大小: 未设置
    粗体: 未设置
    斜体: 未设置
    下划线: 未设置
    标准颜色: 未设置
  运行 19: ''
    字体: 未设置
    大小: 未设置
    粗体: 未设置
    斜体: 未设置
    下划线: 未设置
    标准颜色: 未设置
  运行 20: '　'
    字体: 未设置
    大小: 未设置
    粗体: 未设置
    斜体: 未设置
    下划线: 未设置
    标准颜色: 未设置
  运行 21: 'Y'
    字体: 未设置
    大小: 未设置
    粗体: 未设置
    斜体: 未设置
    下划线: 未设置
    标准颜色: 未设置
  运行 22: '公司各'
    字体: 未设置
    大小: 未设置
    粗体: 未设置
    斜体: 未设置
    下划线: 未设置
    标准颜色: 未设置
  运行 23: '省'
    字体: 未设置
    大小: 未设置
    粗体: 未设置
    斜体: 未设置
    下划线: 未设置
    标准颜色: 未设置
  运行 24: '人员配置'
    字体: 未设置
    大小: 未设置
    粗体: 未设置
    斜体: 未设置
    下划线: 未设置
    标准颜色: 未设置
  运行 25: '情况'
    字体: 未设置
    大小: 未设置
    粗体: 未设置
    斜体: 未设置
    下划线: 未设置
    标准颜色: 未设置

段落 745:
文本内容: 资料来源：作者整理，Y公司内部资料，2024.
段落样式: 图表资料来源
从样式获取的格式:
  样式字体: 未设置
  样式字号: 114300
  样式字号(pt): 9.0
  样式颜色: 未设置
对齐方式: 未设置
左缩进: 未设置
右缩进: 未设置
首行缩进: 未设置
行间距: 未设置
从XML读取的格式:
  运行 1: '资料来源'
    字体: 未设置
    大小: 未设置
    粗体: 未设置
    斜体: 未设置
    下划线: 未设置
    标准颜色: 未设置
  运行 2: '：'
    字体: 未设置
    大小: 未设置
    粗体: 未设置
    斜体: 未设置
    下划线: 未设置
    标准颜色: 未设置
  运行 3: '作者整理，'
    字体: 未设置
    大小: 未设置
    粗体: 未设置
    斜体: 未设置
    下划线: 未设置
    标准颜色: 未设置
  运行 4: 'Y'
    字体: 未设置
    大小: 未设置
    粗体: 未设置
    斜体: 未设置
    下划线: 未设置
    标准颜色: 未设置
  运行 5: '公司内部资料，'
    字体: 未设置
    大小: 未设置
    粗体: 未设置
    斜体: 未设置
    下划线: 未设置
    标准颜色: 未设置
  运行 6: '20'
    字体: 未设置
    大小: 未设置
    粗体: 未设置
    斜体: 未设置
    下划线: 未设置
    标准颜色: 未设置
  运行 7: '2'
    字体: 未设置
    大小: 未设置
    粗体: 未设置
    斜体: 未设置
    下划线: 未设置
    标准颜色: 未设置
  运行 8: '4'
    字体: 未设置
    大小: 未设置
    粗体: 未设置
    斜体: 未设置
    下划线: 未设置
    标准颜色: 未设置
  运行 9: '.'
    字体: 未设置
    大小: 未设置
    粗体: 未设置
    斜体: 未设置
    下划线: 未设置
    标准颜色: 未设置

段落 747:
文本内容: 销售人员日常通过实地拜访或者电话、微信等方式拜访民营或公立医院客户，及时了解客户的需求。公司管理层每月参加省区的销售会议，通过对业务人员306090的意向汇报，及时发现问题解决问题，共同促进设备成交。销售人员的产品专业水平，商务礼仪等综合素质，会直接影响到单子的成败。
段落样式: 正文-缩进
从样式获取的格式:
  样式字体: 未设置
  样式字号: 未设置
  样式颜色: 未设置
对齐方式: 未设置
左缩进: 未设置
右缩进: 未设置
首行缩进: 未设置
行间距: 未设置
从XML读取的格式:
  运行 1: '销售人员'
    字体: 未设置
    大小: 未设置
    粗体: 未设置
    斜体: 未设置
    下划线: 未设置
    标准颜色: 未设置
  运行 2: '日常'
    字体: 未设置
    大小: 未设置
    粗体: 未设置
    斜体: 未设置
    下划线: 未设置
    标准颜色: 未设置
  运行 3: '通过实地拜访或者电话、微信等方式拜访民营或公立医院客户，及时了解客户的需求'
    字体: 未设置
    大小: 未设置
    粗体: 未设置
    斜体: 未设置
    下划线: 未设置
    标准颜色: 未设置
  运行 4: '。'
    字体: 未设置
    大小: 未设置
    粗体: 未设置
    斜体: 未设置
    下划线: 未设置
    标准颜色: 未设置
  运行 5: '公司'
    字体: 未设置
    大小: 未设置
    粗体: 未设置
    斜体: 未设置
    下划线: 未设置
    标准颜色: 未设置
  运行 6: '管理层'
    字体: 未设置
    大小: 未设置
    粗体: 未设置
    斜体: 未设置
    下划线: 未设置
    标准颜色: 未设置
  运行 7: '每月参加省区'
    字体: 未设置
    大小: 未设置
    粗体: 未设置
    斜体: 未设置
    下划线: 未设置
    标准颜色: 未设置
  运行 8: '的'
    字体: 未设置
    大小: 未设置
    粗体: 未设置
    斜体: 未设置
    下划线: 未设置
    标准颜色: 未设置
  运行 9: '销售会议，通过对业务人员'
    字体: 未设置
    大小: 未设置
    粗体: 未设置
    斜体: 未设置
    下划线: 未设置
    标准颜色: 未设置
  运行 10: '306090'
    字体: 未设置
    大小: 未设置
    粗体: 未设置
    斜体: 未设置
    下划线: 未设置
    标准颜色: 未设置
  运行 11: '的意向汇报，及时发现问题解决问题，共同促进设备成交。'
    字体: 未设置
    大小: 未设置
    粗体: 未设置
    斜体: 未设置
    下划线: 未设置
    标准颜色: 未设置
  运行 12: '销售人员的产品专业水平，商务礼仪等综合素质，会直接影响到单子的成败。'
    字体: 未设置
    大小: 未设置
    粗体: 未设置
    斜体: 未设置
    下划线: 未设置
    标准颜色: 未设置

段落 748:
文本内容: 公司现行促销策略
段落样式: Heading 4
从样式获取的格式:
  样式字体: 未设置
  样式字号: 未设置
  样式颜色: 未设置
对齐方式: 未设置
左缩进: 未设置
右缩进: 未设置
首行缩进: 未设置
行间距: 未设置
从XML读取的格式:
  运行 1: '公司现行促销策略'
    字体: 未设置
    大小: 未设置
    粗体: 未设置
    斜体: 未设置
    下划线: 未设置
    标准颜色: 未设置

段落 749:
文本内容: Y公司现行的促销策略主要有：
段落样式: 正文-缩进
从样式获取的格式:
  样式字体: 未设置
  样式字号: 未设置
  样式颜色: 未设置
对齐方式: 未设置
左缩进: 未设置
右缩进: 未设置
首行缩进: 未设置
行间距: 未设置
从XML读取的格式:
  运行 1: 'Y'
    字体: 未设置
    大小: 未设置
    粗体: 未设置
    斜体: 未设置
    下划线: 未设置
    标准颜色: 未设置
  运行 2: '公司现行的促销策略主要有：'
    字体: 未设置
    大小: 未设置
    粗体: 未设置
    斜体: 未设置
    下划线: 未设置
    标准颜色: 未设置

段落 750:
文本内容: 1. 销售人员促销为主。通过定期走访新老客户，推介新产品。对于已购买公司产品的客户，经常回访了解客户对产品的使用感受，以及在使用过程中遇到的常见问题进行解答处理。在走访的过程中形成拜访报告，更新至306090意向表中，发邮件给公司备案。
段落样式: 正文-缩进
从样式获取的格式:
  样式字体: 未设置
  样式字号: 未设置
  样式颜色: 未设置
对齐方式: 未设置
左缩进: 未设置
右缩进: 未设置
首行缩进: 未设置
行间距: 未设置
从XML读取的格式:
  运行 1: '1. '
    字体: 未设置
    大小: 未设置
    粗体: 未设置
    斜体: 未设置
    下划线: 未设置
    标准颜色: 未设置
  运行 2: '销售人员促销为主'
    字体: 未设置
    大小: 未设置
    粗体: 未设置
    斜体: 未设置
    下划线: 未设置
    标准颜色: 未设置
  运行 3: '。'
    字体: 未设置
    大小: 未设置
    粗体: 未设置
    斜体: 未设置
    下划线: 未设置
    标准颜色: 未设置
  运行 4: '通过定期走访新老客户，推介新产品。对于已购买公司产品的客户，经常回访了解客户对产品的使用感受，以及在使用过程中遇到的常见问题进行解答处理。在走访的过程中形成拜访报告，更新至'
    字体: 未设置
    大小: 未设置
    粗体: 未设置
    斜体: 未设置
    下划线: 未设置
    标准颜色: 未设置
  运行 5: '306090'
    字体: 未设置
    大小: 未设置
    粗体: 未设置
    斜体: 未设置
    下划线: 未设置
    标准颜色: 未设置
  运行 6: '意向表中，'
    字体: 未设置
    大小: 未设置
    粗体: 未设置
    斜体: 未设置
    下划线: 未设置
    标准颜色: 未设置
  运行 7: '发邮件给'
    字体: 未设置
    大小: 未设置
    粗体: 未设置
    斜体: 未设置
    下划线: 未设置
    标准颜色: 未设置
  运行 8: '公司'
    字体: 未设置
    大小: 未设置
    粗体: 未设置
    斜体: 未设置
    下划线: 未设置
    标准颜色: 未设置
  运行 9: '备案'
    字体: 未设置
    大小: 未设置
    粗体: 未设置
    斜体: 未设置
    下划线: 未设置
    标准颜色: 未设置
  运行 10: '。'
    字体: 未设置
    大小: 未设置
    粗体: 未设置
    斜体: 未设置
    下划线: 未设置
    标准颜色: 未设置

段落 751:
文本内容: 2. 参加眼科学术会议。主要的国内会议有：全国眼科学术大会、中国眼底病论坛暨国际视网膜研讨会等；以及各个省区的眼科年会，各地级市眼科年会。
段落样式: 正文-缩进
从样式获取的格式:
  样式字体: 未设置
  样式字号: 未设置
  样式颜色: 未设置
对齐方式: 未设置
左缩进: 未设置
右缩进: 未设置
首行缩进: 未设置
行间距: 未设置
从XML读取的格式:
  运行 1: '2'
    字体: 未设置
    大小: 未设置
    粗体: 未设置
    斜体: 未设置
    下划线: 未设置
    标准颜色: 未设置
  运行 2: '. '
    字体: 未设置
    大小: 未设置
    粗体: 未设置
    斜体: 未设置
    下划线: 未设置
    标准颜色: 未设置
  运行 3: '参加眼科学术会议。主要的国内'
    字体: 未设置
    大小: 未设置
    粗体: 未设置
    斜体: 未设置
    下划线: 未设置
    标准颜色: 未设置
  运行 4: '会议有：全国眼科学术大会、'
    字体: 未设置
    大小: 未设置
    粗体: 未设置
    斜体: 未设置
    下划线: 未设置
    标准颜色: 未设置
  运行 5: '中国眼底病论坛暨国际视网膜研讨会'
    字体: 未设置
    大小: 未设置
    粗体: 未设置
    斜体: 未设置
    下划线: 未设置
    标准颜色: 未设置
  运行 6: '等；以及各个省区的眼科年会，'
    字体: 未设置
    大小: 未设置
    粗体: 未设置
    斜体: 未设置
    下划线: 未设置
    标准颜色: 未设置
  运行 7: '各'
    字体: 未设置
    大小: 未设置
    粗体: 未设置
    斜体: 未设置
    下划线: 未设置
    标准颜色: 未设置
  运行 8: '地级市眼科年会。'
    字体: 未设置
    大小: 未设置
    粗体: 未设置
    斜体: 未设置
    下划线: 未设置
    标准颜色: 未设置

段落 752:
文本内容: 策略问题的调研与分析
段落样式: Heading 2
从样式获取的格式:
  样式字体: 未设置
  样式字号: 177800
  样式字号(pt): 14.0
  样式颜色: 未设置
对齐方式: 未设置
左缩进: 未设置
右缩进: 未设置
首行缩进: 未设置
行间距: 未设置
从XML读取的格式:
  运行 1: '策略'
    字体: 未设置
    大小: 未设置
    粗体: 未设置
    斜体: 未设置
    下划线: 未设置
    标准颜色: 未设置
  运行 2: '问题的'
    字体: 未设置
    大小: 未设置
    粗体: 未设置
    斜体: 未设置
    下划线: 未设置
    标准颜色: 未设置
  运行 3: '调研'
    字体: 未设置
    大小: 未设置
    粗体: 未设置
    斜体: 未设置
    下划线: 未设置
    标准颜色: 未设置
  运行 4: '与'
    字体: 未设置
    大小: 未设置
    粗体: 未设置
    斜体: 未设置
    下划线: 未设置
    标准颜色: 未设置
  运行 5: '分析'
    字体: 未设置
    大小: 未设置
    粗体: 未设置
    斜体: 未设置
    下划线: 未设置
    标准颜色: 未设置
  运行 6: ''
    字体: 未设置
    大小: 未设置
    粗体: 未设置
    斜体: 未设置
    下划线: 未设置
    标准颜色: 未设置
  运行 7: ''
    字体: 未设置
    大小: 未设置
    粗体: 未设置
    斜体: 未设置
    下划线: 未设置
    标准颜色: 未设置
  运行 8: ''
    字体: 未设置
    大小: 未设置
    粗体: 未设置
    斜体: 未设置
    下划线: 未设置
    标准颜色: 未设置
  运行 9: ''
    字体: 未设置
    大小: 未设置
    粗体: 未设置
    斜体: 未设置
    下划线: 未设置
    标准颜色: 未设置
  运行 10: ''
    字体: 未设置
    大小: 未设置
    粗体: 未设置
    斜体: 未设置
    下划线: 未设置
    标准颜色: 未设置
  运行 11: ''
    字体: 未设置
    大小: 未设置
    粗体: 未设置
    斜体: 未设置
    下划线: 未设置
    标准颜色: 未设置
  运行 12: ''
    字体: 未设置
    大小: 未设置
    粗体: 未设置
    斜体: 未设置
    下划线: 未设置
    标准颜色: 未设置
  运行 13: ''
    字体: 未设置
    大小: 未设置
    粗体: 未设置
    斜体: 未设置
    下划线: 未设置
    标准颜色: 未设置
  运行 14: ''
    字体: 未设置
    大小: 未设置
    粗体: 未设置
    斜体: 未设置
    下划线: 未设置
    标准颜色: 未设置
  运行 15: ''
    字体: 未设置
    大小: 未设置
    粗体: 未设置
    斜体: 未设置
    下划线: 未设置
    标准颜色: 未设置
  运行 16: ''
    字体: 未设置
    大小: 未设置
    粗体: 未设置
    斜体: 未设置
    下划线: 未设置
    标准颜色: 未设置
  运行 17: ''
    字体: 未设置
    大小: 未设置
    粗体: 未设置
    斜体: 未设置
    下划线: 未设置
    标准颜色: 未设置
  运行 18: ''
    字体: 未设置
    大小: 未设置
    粗体: 未设置
    斜体: 未设置
    下划线: 未设置
    标准颜色: 未设置
  运行 19: ''
    字体: 未设置
    大小: 未设置
    粗体: 未设置
    斜体: 未设置
    下划线: 未设置
    标准颜色: 未设置
  运行 20: ''
    字体: 未设置
    大小: 未设置
    粗体: 未设置
    斜体: 未设置
    下划线: 未设置
    标准颜色: 未设置
  运行 21: ''
    字体: 未设置
    大小: 未设置
    粗体: 未设置
    斜体: 未设置
    下划线: 未设置
    标准颜色: 未设置
  运行 22: ''
    字体: 未设置
    大小: 未设置
    粗体: 未设置
    斜体: 未设置
    下划线: 未设置
    标准颜色: 未设置

段落 753:
文本内容: 访谈调研与分析
段落样式: Heading 3
从样式获取的格式:
  样式字体: 未设置
  样式字号: 未设置
  样式颜色: 未设置
对齐方式: 未设置
左缩进: 未设置
右缩进: 未设置
首行缩进: 未设置
行间距: 未设置
从XML读取的格式:
  运行 1: '访谈调研与分析'
    字体: 未设置
    大小: 未设置
    粗体: 未设置
    斜体: 未设置
    下划线: 未设置
    标准颜色: 未设置
  运行 2: ''
    字体: 未设置
    大小: 未设置
    粗体: 未设置
    斜体: 未设置
    下划线: 未设置
    标准颜色: 未设置
  运行 3: ''
    字体: 未设置
    大小: 未设置
    粗体: 未设置
    斜体: 未设置
    下划线: 未设置
    标准颜色: 未设置
  运行 4: ''
    字体: 未设置
    大小: 未设置
    粗体: 未设置
    斜体: 未设置
    下划线: 未设置
    标准颜色: 未设置
  运行 5: ''
    字体: 未设置
    大小: 未设置
    粗体: 未设置
    斜体: 未设置
    下划线: 未设置
    标准颜色: 未设置
  运行 6: ''
    字体: 未设置
    大小: 未设置
    粗体: 未设置
    斜体: 未设置
    下划线: 未设置
    标准颜色: 未设置
  运行 7: ''
    字体: 未设置
    大小: 未设置
    粗体: 未设置
    斜体: 未设置
    下划线: 未设置
    标准颜色: 未设置
  运行 8: ''
    字体: 未设置
    大小: 未设置
    粗体: 未设置
    斜体: 未设置
    下划线: 未设置
    标准颜色: 未设置
  运行 9: ''
    字体: 未设置
    大小: 未设置
    粗体: 未设置
    斜体: 未设置
    下划线: 未设置
    标准颜色: 未设置
  运行 10: ''
    字体: 未设置
    大小: 未设置
    粗体: 未设置
    斜体: 未设置
    下划线: 未设置
    标准颜色: 未设置
  运行 11: ''
    字体: 未设置
    大小: 未设置
    粗体: 未设置
    斜体: 未设置
    下划线: 未设置
    标准颜色: 未设置
  运行 12: ''
    字体: 未设置
    大小: 未设置
    粗体: 未设置
    斜体: 未设置
    下划线: 未设置
    标准颜色: 未设置
  运行 13: ''
    字体: 未设置
    大小: 未设置
    粗体: 未设置
    斜体: 未设置
    下划线: 未设置
    标准颜色: 未设置

段落 754:
文本内容: 访谈设计
段落样式: Heading 4
从样式获取的格式:
  样式字体: 未设置
  样式字号: 未设置
  样式颜色: 未设置
对齐方式: 未设置
左缩进: 未设置
右缩进: 未设置
首行缩进: 未设置
行间距: 未设置
从XML读取的格式:
  运行 1: '访谈设计'
    字体: 未设置
    大小: 未设置
    粗体: 未设置
    斜体: 未设置
    下划线: 未设置
    标准颜色: 未设置

段落 755:
文本内容: 为了更清晰的了解Y公司在营销中存在的问题，并了解市场部人员、省区经理、一线销售人员对问题的认知和优化建议。2024年4月起，笔者邀请公司市场部、销售部、工程部等合计19位同事，以面对面的访谈形式进行访谈调研。
段落样式: 正文-缩进
从样式获取的格式:
  样式字体: 未设置
  样式字号: 未设置
  样式颜色: 未设置
对齐方式: 未设置
左缩进: 未设置
右缩进: 未设置
首行缩进: 未设置
行间距: 未设置
从XML读取的格式:
  运行 1: '为了更清晰的了解'
    字体: 未设置
    大小: 未设置
    粗体: 未设置
    斜体: 未设置
    下划线: 未设置
    标准颜色: 未设置
  运行 2: 'Y'
    字体: 未设置
    大小: 未设置
    粗体: 未设置
    斜体: 未设置
    下划线: 未设置
    标准颜色: 未设置
  运行 3: '公司在营销中存在的问题，'
    字体: 未设置
    大小: 未设置
    粗体: 未设置
    斜体: 未设置
    下划线: 未设置
    标准颜色: 未设置
  运行 4: '并了解市场部人员、省区经理、一线销售人员对问题的认知和'
    字体: 未设置
    大小: 未设置
    粗体: 未设置
    斜体: 未设置
    下划线: 未设置
    标准颜色: 未设置
  运行 5: '优化'
    字体: 未设置
    大小: 未设置
    粗体: 未设置
    斜体: 未设置
    下划线: 未设置
    标准颜色: 未设置
  运行 6: '建议。'
    字体: 未设置
    大小: 未设置
    粗体: 未设置
    斜体: 未设置
    下划线: 未设置
    标准颜色: 未设置
  运行 7: '2024'
    字体: 未设置
    大小: 未设置
    粗体: 未设置
    斜体: 未设置
    下划线: 未设置
    标准颜色: 未设置
  运行 8: '年'
    字体: 未设置
    大小: 未设置
    粗体: 未设置
    斜体: 未设置
    下划线: 未设置
    标准颜色: 未设置
  运行 9: '4'
    字体: 未设置
    大小: 未设置
    粗体: 未设置
    斜体: 未设置
    下划线: 未设置
    标准颜色: 未设置
  运行 10: '月'
    字体: 未设置
    大小: 未设置
    粗体: 未设置
    斜体: 未设置
    下划线: 未设置
    标准颜色: 未设置
  运行 11: '起'
    字体: 未设置
    大小: 未设置
    粗体: 未设置
    斜体: 未设置
    下划线: 未设置
    标准颜色: 未设置
  运行 12: '，笔者邀请公司市场部、销售部、工程部等合计'
    字体: 未设置
    大小: 未设置
    粗体: 未设置
    斜体: 未设置
    下划线: 未设置
    标准颜色: 未设置
  运行 13: '19'
    字体: 未设置
    大小: 未设置
    粗体: 未设置
    斜体: 未设置
    下划线: 未设置
    标准颜色: 未设置
  运行 14: '位同事，以面对面的访谈形式进行访谈调研。'
    字体: 未设置
    大小: 未设置
    粗体: 未设置
    斜体: 未设置
    下划线: 未设置
    标准颜色: 未设置

段落 756:
文本内容: 访谈目的。了解Y公司产品在市场定位、营销策略是否适应市场发展的需求。请一线人员评估分析Y公司营销策略存在的问题，讨论分析问题产生的原因。为后续的问卷设计提供方向和思路。
段落样式: 正文-缩进
从样式获取的格式:
  样式字体: 未设置
  样式字号: 未设置
  样式颜色: 未设置
对齐方式: 未设置
左缩进: 未设置
右缩进: 未设置
首行缩进: 未设置
行间距: 未设置
从XML读取的格式:
  运行 1: '访谈目的'
    字体: 未设置
    大小: 未设置
    粗体: 未设置
    斜体: 未设置
    下划线: 未设置
    标准颜色: 未设置
  运行 2: '。'
    字体: 未设置
    大小: 未设置
    粗体: 未设置
    斜体: 未设置
    下划线: 未设置
    标准颜色: 未设置
  运行 3: '了解'
    字体: 未设置
    大小: 未设置
    粗体: 未设置
    斜体: 未设置
    下划线: 未设置
    标准颜色: 未设置
  运行 4: 'Y'
    字体: 未设置
    大小: 未设置
    粗体: 未设置
    斜体: 未设置
    下划线: 未设置
    标准颜色: 未设置
  运行 5: '公司'
    字体: 未设置
    大小: 未设置
    粗体: 未设置
    斜体: 未设置
    下划线: 未设置
    标准颜色: 未设置
  运行 6: '产品'
    字体: 未设置
    大小: 未设置
    粗体: 未设置
    斜体: 未设置
    下划线: 未设置
    标准颜色: 未设置
  运行 7: '在市场定位、营销策略是否适应市场发展的需求'
    字体: 未设置
    大小: 未设置
    粗体: 未设置
    斜体: 未设置
    下划线: 未设置
    标准颜色: 未设置
  运行 8: '。'
    字体: 未设置
    大小: 未设置
    粗体: 未设置
    斜体: 未设置
    下划线: 未设置
    标准颜色: 未设置
  运行 9: '请一线人员评估分析'
    字体: 未设置
    大小: 未设置
    粗体: 未设置
    斜体: 未设置
    下划线: 未设置
    标准颜色: 未设置
  运行 10: 'Y'
    字体: 未设置
    大小: 未设置
    粗体: 未设置
    斜体: 未设置
    下划线: 未设置
    标准颜色: 未设置
  运行 11: '公司营销策略存在的问题，'
    字体: 未设置
    大小: 未设置
    粗体: 未设置
    斜体: 未设置
    下划线: 未设置
    标准颜色: 未设置
  运行 12: '讨论分析问题产生的原因。为后'
    字体: 未设置
    大小: 未设置
    粗体: 未设置
    斜体: 未设置
    下划线: 未设置
    标准颜色: 未设置
  运行 13: '续的问卷设计提供方向和思路。'
    字体: 未设置
    大小: 未设置
    粗体: 未设置
    斜体: 未设置
    下划线: 未设置
    标准颜色: 未设置

段落 757:
文本内容: 访谈对象。访谈的主要对象有：公司各省区经理、部分业务经理、部分市场部人员、部分工程师等。之所以选择这些岗位人员作为访谈对象，主要是因为这些员工是公司营销策略的具体执行者，他们在日常工作中经常和医院医师技师等客户、眼科设备厂家、经销商等同行接触，能了解到各方面的信息。他们对于Y公司的营销策略、产品销售情况，以及公司品牌形象等存在的优劣势有更直接的感受，也对眼科诊疗设备的市场现状和未来发展趋势有相对准确的把握。通过和他们面对面的访谈，可以获取较为准确的一手信息，能为后续有针对性的制定Y公司营销策略优化方案提供参考。
段落样式: 正文-缩进
从样式获取的格式:
  样式字体: 未设置
  样式字号: 未设置
  样式颜色: 未设置
对齐方式: 未设置
左缩进: 未设置
右缩进: 未设置
首行缩进: 未设置
行间距: 未设置
从XML读取的格式:
  运行 1: '访谈对象'
    字体: 未设置
    大小: 未设置
    粗体: 未设置
    斜体: 未设置
    下划线: 未设置
    标准颜色: 未设置
  运行 2: '。'
    字体: 未设置
    大小: 未设置
    粗体: 未设置
    斜体: 未设置
    下划线: 未设置
    标准颜色: 未设置
  运行 3: '访谈的主要对象有：'
    字体: 未设置
    大小: 未设置
    粗体: 未设置
    斜体: 未设置
    下划线: 未设置
    标准颜色: 未设置
  运行 4: '公司各省区经理'
    字体: 未设置
    大小: 未设置
    粗体: 未设置
    斜体: 未设置
    下划线: 未设置
    标准颜色: 未设置
  运行 5: '、'
    字体: 未设置
    大小: 未设置
    粗体: 未设置
    斜体: 未设置
    下划线: 未设置
    标准颜色: 未设置
  运行 6: '部分业务经理'
    字体: 未设置
    大小: 未设置
    粗体: 未设置
    斜体: 未设置
    下划线: 未设置
    标准颜色: 未设置
  运行 7: '、部分'
    字体: 未设置
    大小: 未设置
    粗体: 未设置
    斜体: 未设置
    下划线: 未设置
    标准颜色: 未设置
  运行 8: '市场部'
    字体: 未设置
    大小: 未设置
    粗体: 未设置
    斜体: 未设置
    下划线: 未设置
    标准颜色: 未设置
  运行 9: '人员、部分'
    字体: 未设置
    大小: 未设置
    粗体: 未设置
    斜体: 未设置
    下划线: 未设置
    标准颜色: 未设置
  运行 10: '工程师'
    字体: 未设置
    大小: 未设置
    粗体: 未设置
    斜体: 未设置
    下划线: 未设置
    标准颜色: 未设置
  运行 11: '等。之所以选择这些岗位人员作为访谈对象，主要是因为这些员工是公司营销策略的具体执行者，他们在日常工作中经常和'
    字体: 未设置
    大小: 未设置
    粗体: 未设置
    斜体: 未设置
    下划线: 未设置
    标准颜色: 未设置
  运行 12: '医院医师技师等客户'
    字体: 未设置
    大小: 未设置
    粗体: 未设置
    斜体: 未设置
    下划线: 未设置
    标准颜色: 未设置
  运行 13: '、眼科设备厂家、经销商等同行接触，能了解到各方面的信息。'
    字体: 未设置
    大小: 未设置
    粗体: 未设置
    斜体: 未设置
    下划线: 未设置
    标准颜色: 未设置
  运行 14: '他们对于'
    字体: 未设置
    大小: 未设置
    粗体: 未设置
    斜体: 未设置
    下划线: 未设置
    标准颜色: 未设置
  运行 15: 'Y'
    字体: 未设置
    大小: 未设置
    粗体: 未设置
    斜体: 未设置
    下划线: 未设置
    标准颜色: 未设置
  运行 16: '公司的营销策略、产品销售情况'
    字体: 未设置
    大小: 未设置
    粗体: 未设置
    斜体: 未设置
    下划线: 未设置
    标准颜色: 未设置
  运行 17: '，'
    字体: 未设置
    大小: 未设置
    粗体: 未设置
    斜体: 未设置
    下划线: 未设置
    标准颜色: 未设置
  运行 18: '以及公司品牌形象等存在的优劣势有更直接的感受，也对眼科诊疗设备的市场现状和未来发展趋势有相对准确的把握。通过和他们面对面的访谈，可以获取较为准确的一手信息，能为后续有针对性的制定'
    字体: 未设置
    大小: 未设置
    粗体: 未设置
    斜体: 未设置
    下划线: 未设置
    标准颜色: 未设置
  运行 19: 'Y'
    字体: 未设置
    大小: 未设置
    粗体: 未设置
    斜体: 未设置
    下划线: 未设置
    标准颜色: 未设置
  运行 20: '公司营销策略优化方案提供参考。'
    字体: 未设置
    大小: 未设置
    粗体: 未设置
    斜体: 未设置
    下划线: 未设置
    标准颜色: 未设置

段落 758:
文本内容: 访谈形式。每位受访者访谈时间为30分钟，地点是Y公司会议室，或者各省办事处。访谈结束后，对所有的访谈纪要做汇总处理，用于对Y公司的营销策略问题和成因进行剖析。访谈提纲详见附录 1。
段落样式: 正文-缩进
从样式获取的格式:
  样式字体: 未设置
  样式字号: 未设置
  样式颜色: 未设置
对齐方式: 未设置
左缩进: 未设置
右缩进: 未设置
首行缩进: 未设置
行间距: 未设置
从XML读取的格式:
  运行 1: '访谈形式'
    字体: 未设置
    大小: 未设置
    粗体: 未设置
    斜体: 未设置
    下划线: 未设置
    标准颜色: 未设置
  运行 2: '。'
    字体: 未设置
    大小: 未设置
    粗体: 未设置
    斜体: 未设置
    下划线: 未设置
    标准颜色: 未设置
  运行 3: '每'
    字体: 未设置
    大小: 未设置
    粗体: 未设置
    斜体: 未设置
    下划线: 未设置
    标准颜色: 未设置
  运行 4: '位受访者'
    字体: 未设置
    大小: 未设置
    粗体: 未设置
    斜体: 未设置
    下划线: 未设置
    标准颜色: 未设置
  运行 5: '访谈时间为'
    字体: 未设置
    大小: 未设置
    粗体: 未设置
    斜体: 未设置
    下划线: 未设置
    标准颜色: 未设置
  运行 6: '30'
    字体: 未设置
    大小: 未设置
    粗体: 未设置
    斜体: 未设置
    下划线: 未设置
    标准颜色: 未设置
  运行 7: '分钟，'
    字体: 未设置
    大小: 未设置
    粗体: 未设置
    斜体: 未设置
    下划线: 未设置
    标准颜色: 未设置
  运行 8: '地点是'
    字体: 未设置
    大小: 未设置
    粗体: 未设置
    斜体: 未设置
    下划线: 未设置
    标准颜色: 未设置
  运行 9: 'Y'
    字体: 未设置
    大小: 未设置
    粗体: 未设置
    斜体: 未设置
    下划线: 未设置
    标准颜色: 未设置
  运行 10: '公司会议室，或者各省办事处。访谈结束后，对所有的访谈纪要做汇总处理，用于对'
    字体: 未设置
    大小: 未设置
    粗体: 未设置
    斜体: 未设置
    下划线: 未设置
    标准颜色: 未设置
  运行 11: 'Y'
    字体: 未设置
    大小: 未设置
    粗体: 未设置
    斜体: 未设置
    下划线: 未设置
    标准颜色: 未设置
  运行 12: '公司的营销策略问题和成因进行剖析。访谈提纲详见'
    字体: 未设置
    大小: 未设置
    粗体: 未设置
    斜体: 未设置
    下划线: 未设置
    标准颜色: 未设置
  运行 13: ''
    字体: 未设置
    大小: 未设置
    粗体: 未设置
    斜体: 未设置
    下划线: 未设置
    标准颜色: 未设置
  运行 14: ''
    字体: 未设置
    大小: 未设置
    粗体: 未设置
    斜体: 未设置
    下划线: 未设置
    标准颜色: 未设置
  运行 15: ''
    字体: 未设置
    大小: 未设置
    粗体: 未设置
    斜体: 未设置
    下划线: 未设置
    标准颜色: 未设置
  运行 16: ''
    字体: 未设置
    大小: 未设置
    粗体: 未设置
    斜体: 未设置
    下划线: 未设置
    标准颜色: 未设置
  运行 17: ''
    字体: 未设置
    大小: 未设置
    粗体: 未设置
    斜体: 未设置
    下划线: 未设置
    标准颜色: 未设置
  运行 18: '附录'
    字体: 未设置
    大小: 未设置
    粗体: 未设置
    斜体: 未设置
    下划线: 未设置
    标准颜色: 未设置
  运行 19: ' '
    字体: 未设置
    大小: 未设置
    粗体: 未设置
    斜体: 未设置
    下划线: 未设置
    标准颜色: 未设置
  运行 20: '1'
    字体: 未设置
    大小: 未设置
    粗体: 未设置
    斜体: 未设置
    下划线: 未设置
    标准颜色: 未设置
  运行 21: ''
    字体: 未设置
    大小: 未设置
    粗体: 未设置
    斜体: 未设置
    下划线: 未设置
    标准颜色: 未设置
  运行 22: '。'
    字体: 未设置
    大小: 未设置
    粗体: 未设置
    斜体: 未设置
    下划线: 未设置
    标准颜色: 未设置

段落 759:
文本内容: 访谈信息总结
段落样式: Heading 4
从样式获取的格式:
  样式字体: 未设置
  样式字号: 未设置
  样式颜色: 未设置
对齐方式: 未设置
左缩进: 未设置
右缩进: 未设置
首行缩进: 未设置
行间距: 未设置
从XML读取的格式:
  运行 1: '访谈信息总结'
    字体: 未设置
    大小: 未设置
    粗体: 未设置
    斜体: 未设置
    下划线: 未设置
    标准颜色: 未设置

段落 760:
文本内容: 访谈人员情况。本次受邀访谈的Y公司员工总共19人。按职能部门分析，其中市场部4人，占21.05%；销售人员13人，占68.42%；工程部2人，占10.52%。按区域分析，4人来自福建，占21.05%；湖南和广西各3人，各占15.79%；9人来自广东，占47.37%。按学历分析，研究生1人，占访谈人数5.26%；本科学历5人，占访谈人数26.32%；大专学历13人，占访谈人数68.42%。在服务年限层面上分析，三年以下的有5人，占26.32%。三年到五年之间的有2人，占10.53%。五年以上的有12人，占63.16%，具体如表 4-5所示。接受访谈公司员工服务年限都较长，对公司的情况了解的更清楚，对公司的营销问题的反映会更真实可信。
段落样式: 正文-缩进
从样式获取的格式:
  样式字体: 未设置
  样式字号: 未设置
  样式颜色: 未设置
对齐方式: 未设置
左缩进: 未设置
右缩进: 未设置
首行缩进: 未设置
行间距: 未设置
从XML读取的格式:
  运行 1: '访谈人员情况'
    字体: 未设置
    大小: 未设置
    粗体: 未设置
    斜体: 未设置
    下划线: 未设置
    标准颜色: 未设置
  运行 2: '。'
    字体: 未设置
    大小: 未设置
    粗体: 未设置
    斜体: 未设置
    下划线: 未设置
    标准颜色: 未设置
  运行 3: '本次受邀访谈'
    字体: 未设置
    大小: 未设置
    粗体: 未设置
    斜体: 未设置
    下划线: 未设置
    标准颜色: 未设置
  运行 4: '的'
    字体: 未设置
    大小: 未设置
    粗体: 未设置
    斜体: 未设置
    下划线: 未设置
    标准颜色: 未设置
  运行 5: 'Y'
    字体: 未设置
    大小: 未设置
    粗体: 未设置
    斜体: 未设置
    下划线: 未设置
    标准颜色: 未设置
  运行 6: '公司员工'
    字体: 未设置
    大小: 未设置
    粗体: 未设置
    斜体: 未设置
    下划线: 未设置
    标准颜色: 未设置
  运行 7: '总共'
    字体: 未设置
    大小: 未设置
    粗体: 未设置
    斜体: 未设置
    下划线: 未设置
    标准颜色: 未设置
  运行 8: '19'
    字体: 未设置
    大小: 未设置
    粗体: 未设置
    斜体: 未设置
    下划线: 未设置
    标准颜色: 未设置
  运行 9: '人'
    字体: 未设置
    大小: 未设置
    粗体: 未设置
    斜体: 未设置
    下划线: 未设置
    标准颜色: 未设置
  运行 10: '。'
    字体: 未设置
    大小: 未设置
    粗体: 未设置
    斜体: 未设置
    下划线: 未设置
    标准颜色: 未设置
  运行 11: '按职能部门分析，其中'
    字体: 未设置
    大小: 未设置
    粗体: 未设置
    斜体: 未设置
    下划线: 未设置
    标准颜色: 未设置
  运行 12: '市场部'
    字体: 未设置
    大小: 未设置
    粗体: 未设置
    斜体: 未设置
    下划线: 未设置
    标准颜色: 未设置
  运行 13: '4'
    字体: 未设置
    大小: 未设置
    粗体: 未设置
    斜体: 未设置
    下划线: 未设置
    标准颜色: 未设置
  运行 14: '人，占'
    字体: 未设置
    大小: 未设置
    粗体: 未设置
    斜体: 未设置
    下划线: 未设置
    标准颜色: 未设置
  运行 15: '21.05%'
    字体: 未设置
    大小: 未设置
    粗体: 未设置
    斜体: 未设置
    下划线: 未设置
    标准颜色: 未设置
  运行 16: '；销售人员'
    字体: 未设置
    大小: 未设置
    粗体: 未设置
    斜体: 未设置
    下划线: 未设置
    标准颜色: 未设置
  运行 17: '13'
    字体: 未设置
    大小: 未设置
    粗体: 未设置
    斜体: 未设置
    下划线: 未设置
    标准颜色: 未设置
  运行 18: '人，占'
    字体: 未设置
    大小: 未设置
    粗体: 未设置
    斜体: 未设置
    下划线: 未设置
    标准颜色: 未设置
  运行 19: '68.42%'
    字体: 未设置
    大小: 未设置
    粗体: 未设置
    斜体: 未设置
    下划线: 未设置
    标准颜色: 未设置
  运行 20: '；工程部'
    字体: 未设置
    大小: 未设置
    粗体: 未设置
    斜体: 未设置
    下划线: 未设置
    标准颜色: 未设置
  运行 21: '2'
    字体: 未设置
    大小: 未设置
    粗体: 未设置
    斜体: 未设置
    下划线: 未设置
    标准颜色: 未设置
  运行 22: '人，占'
    字体: 未设置
    大小: 未设置
    粗体: 未设置
    斜体: 未设置
    下划线: 未设置
    标准颜色: 未设置
  运行 23: '10.52%'
    字体: 未设置
    大小: 未设置
    粗体: 未设置
    斜体: 未设置
    下划线: 未设置
    标准颜色: 未设置
  运行 24: '。按区域分析，'
    字体: 未设置
    大小: 未设置
    粗体: 未设置
    斜体: 未设置
    下划线: 未设置
    标准颜色: 未设置
  运行 25: '4'
    字体: 未设置
    大小: 未设置
    粗体: 未设置
    斜体: 未设置
    下划线: 未设置
    标准颜色: 未设置
  运行 26: '人来自福建，占'
    字体: 未设置
    大小: 未设置
    粗体: 未设置
    斜体: 未设置
    下划线: 未设置
    标准颜色: 未设置
  运行 27: '21.05%'
    字体: 未设置
    大小: 未设置
    粗体: 未设置
    斜体: 未设置
    下划线: 未设置
    标准颜色: 未设置
  运行 28: '；湖南和广西各'
    字体: 未设置
    大小: 未设置
    粗体: 未设置
    斜体: 未设置
    下划线: 未设置
    标准颜色: 未设置
  运行 29: '3'
    字体: 未设置
    大小: 未设置
    粗体: 未设置
    斜体: 未设置
    下划线: 未设置
    标准颜色: 未设置
  运行 30: '人，各占'
    字体: 未设置
    大小: 未设置
    粗体: 未设置
    斜体: 未设置
    下划线: 未设置
    标准颜色: 未设置
  运行 31: '15.79%'
    字体: 未设置
    大小: 未设置
    粗体: 未设置
    斜体: 未设置
    下划线: 未设置
    标准颜色: 未设置
  运行 32: '；'
    字体: 未设置
    大小: 未设置
    粗体: 未设置
    斜体: 未设置
    下划线: 未设置
    标准颜色: 未设置
  运行 33: '9'
    字体: 未设置
    大小: 未设置
    粗体: 未设置
    斜体: 未设置
    下划线: 未设置
    标准颜色: 未设置
  运行 34: '人来自广东，占'
    字体: 未设置
    大小: 未设置
    粗体: 未设置
    斜体: 未设置
    下划线: 未设置
    标准颜色: 未设置
  运行 35: '47.37%'
    字体: 未设置
    大小: 未设置
    粗体: 未设置
    斜体: 未设置
    下划线: 未设置
    标准颜色: 未设置
  运行 36: '。按学历分析，研究生'
    字体: 未设置
    大小: 未设置
    粗体: 未设置
    斜体: 未设置
    下划线: 未设置
    标准颜色: 未设置
  运行 37: '1'
    字体: 未设置
    大小: 未设置
    粗体: 未设置
    斜体: 未设置
    下划线: 未设置
    标准颜色: 未设置
  运行 38: '人，占访谈人数'
    字体: 未设置
    大小: 未设置
    粗体: 未设置
    斜体: 未设置
    下划线: 未设置
    标准颜色: 未设置
  运行 39: '5.26%'
    字体: 未设置
    大小: 未设置
    粗体: 未设置
    斜体: 未设置
    下划线: 未设置
    标准颜色: 未设置
  运行 40: '；本科学历'
    字体: 未设置
    大小: 未设置
    粗体: 未设置
    斜体: 未设置
    下划线: 未设置
    标准颜色: 未设置
  运行 41: '5'
    字体: 未设置
    大小: 未设置
    粗体: 未设置
    斜体: 未设置
    下划线: 未设置
    标准颜色: 未设置
  运行 42: '人，占访谈人数'
    字体: 未设置
    大小: 未设置
    粗体: 未设置
    斜体: 未设置
    下划线: 未设置
    标准颜色: 未设置
  运行 43: '26.32%'
    字体: 未设置
    大小: 未设置
    粗体: 未设置
    斜体: 未设置
    下划线: 未设置
    标准颜色: 未设置
  运行 44: '；大专学历'
    字体: 未设置
    大小: 未设置
    粗体: 未设置
    斜体: 未设置
    下划线: 未设置
    标准颜色: 未设置
  运行 45: '13'
    字体: 未设置
    大小: 未设置
    粗体: 未设置
    斜体: 未设置
    下划线: 未设置
    标准颜色: 未设置
  运行 46: '人，占访谈人数'
    字体: 未设置
    大小: 未设置
    粗体: 未设置
    斜体: 未设置
    下划线: 未设置
    标准颜色: 未设置
  运行 47: '68.42%'
    字体: 未设置
    大小: 未设置
    粗体: 未设置
    斜体: 未设置
    下划线: 未设置
    标准颜色: 未设置
  运行 48: '。在服务年限层面上分析，三年以下的有'
    字体: 未设置
    大小: 未设置
    粗体: 未设置
    斜体: 未设置
    下划线: 未设置
    标准颜色: 未设置
  运行 49: '5'
    字体: 未设置
    大小: 未设置
    粗体: 未设置
    斜体: 未设置
    下划线: 未设置
    标准颜色: 未设置
  运行 50: '人，占'
    字体: 未设置
    大小: 未设置
    粗体: 未设置
    斜体: 未设置
    下划线: 未设置
    标准颜色: 未设置
  运行 51: '26.32%'
    字体: 未设置
    大小: 未设置
    粗体: 未设置
    斜体: 未设置
    下划线: 未设置
    标准颜色: 未设置
  运行 52: '。三年到五年之间的有'
    字体: 未设置
    大小: 未设置
    粗体: 未设置
    斜体: 未设置
    下划线: 未设置
    标准颜色: 未设置
  运行 53: '2'
    字体: 未设置
    大小: 未设置
    粗体: 未设置
    斜体: 未设置
    下划线: 未设置
    标准颜色: 未设置
  运行 54: '人，占'
    字体: 未设置
    大小: 未设置
    粗体: 未设置
    斜体: 未设置
    下划线: 未设置
    标准颜色: 未设置
  运行 55: '10.53%'
    字体: 未设置
    大小: 未设置
    粗体: 未设置
    斜体: 未设置
    下划线: 未设置
    标准颜色: 未设置
  运行 56: '。五年以上的有'
    字体: 未设置
    大小: 未设置
    粗体: 未设置
    斜体: 未设置
    下划线: 未设置
    标准颜色: 未设置
  运行 57: '12'
    字体: 未设置
    大小: 未设置
    粗体: 未设置
    斜体: 未设置
    下划线: 未设置
    标准颜色: 未设置
  运行 58: '人，占'
    字体: 未设置
    大小: 未设置
    粗体: 未设置
    斜体: 未设置
    下划线: 未设置
    标准颜色: 未设置
  运行 59: '63.16%'
    字体: 未设置
    大小: 未设置
    粗体: 未设置
    斜体: 未设置
    下划线: 未设置
    标准颜色: 未设置
  运行 60: '，具体如'
    字体: 未设置
    大小: 未设置
    粗体: 未设置
    斜体: 未设置
    下划线: 未设置
    标准颜色: 未设置
  运行 61: ''
    字体: 未设置
    大小: 未设置
    粗体: 未设置
    斜体: 未设置
    下划线: 未设置
    标准颜色: 未设置
  运行 62: ''
    字体: 未设置
    大小: 未设置
    粗体: 未设置
    斜体: 未设置
    下划线: 未设置
    标准颜色: 未设置
  运行 63: ''
    字体: 未设置
    大小: 未设置
    粗体: 未设置
    斜体: 未设置
    下划线: 未设置
    标准颜色: 未设置
  运行 64: ''
    字体: 未设置
    大小: 未设置
    粗体: 未设置
    斜体: 未设置
    下划线: 未设置
    标准颜色: 未设置
  运行 65: ''
    字体: 未设置
    大小: 未设置
    粗体: 未设置
    斜体: 未设置
    下划线: 未设置
    标准颜色: 未设置
  运行 66: '表'
    字体: 未设置
    大小: 未设置
    粗体: 未设置
    斜体: 未设置
    下划线: 未设置
    标准颜色: 未设置
  运行 67: ' '
    字体: 未设置
    大小: 未设置
    粗体: 未设置
    斜体: 未设置
    下划线: 未设置
    标准颜色: 未设置
  运行 68: '4'
    字体: 未设置
    大小: 未设置
    粗体: 未设置
    斜体: 未设置
    下划线: 未设置
    标准颜色: 未设置
  运行 69: '-'
    字体: 未设置
    大小: 未设置
    粗体: 未设置
    斜体: 未设置
    下划线: 未设置
    标准颜色: 未设置
  运行 70: '5'
    字体: 未设置
    大小: 未设置
    粗体: 未设置
    斜体: 未设置
    下划线: 未设置
    标准颜色: 未设置
  运行 71: ''
    字体: 未设置
    大小: 未设置
    粗体: 未设置
    斜体: 未设置
    下划线: 未设置
    标准颜色: 未设置
  运行 72: '所示。接受访谈公司员工服务年限都较长，对公司的情况了解的更清楚，对公司的营销问题的反映会更真实可信。'
    字体: 未设置
    大小: 未设置
    粗体: 未设置
    斜体: 未设置
    下划线: 未设置
    标准颜色: 未设置

段落 762:
文本内容: 表 4-5　访谈人员结构信息
段落样式: Caption
从样式获取的格式:
  样式字体: 未设置
  样式字号: 未设置
  样式颜色: 未设置
对齐方式: 未设置
左缩进: 未设置
右缩进: 未设置
首行缩进: 未设置
行间距: 未设置
从XML读取的格式:
  运行 1: '表'
    字体: 未设置
    大小: 未设置
    粗体: 未设置
    斜体: 未设置
    下划线: 未设置
    标准颜色: 未设置
  运行 2: ' '
    字体: 未设置
    大小: 未设置
    粗体: 未设置
    斜体: 未设置
    下划线: 未设置
    标准颜色: 未设置
  运行 3: ''
    字体: 未设置
    大小: 未设置
    粗体: 未设置
    斜体: 未设置
    下划线: 未设置
    标准颜色: 未设置
  运行 4: ''
    字体: 未设置
    大小: 未设置
    粗体: 未设置
    斜体: 未设置
    下划线: 未设置
    标准颜色: 未设置
  运行 5: ''
    字体: 未设置
    大小: 未设置
    粗体: 未设置
    斜体: 未设置
    下划线: 未设置
    标准颜色: 未设置
  运行 6: ''
    字体: 未设置
    大小: 未设置
    粗体: 未设置
    斜体: 未设置
    下划线: 未设置
    标准颜色: 未设置
  运行 7: ''
    字体: 未设置
    大小: 未设置
    粗体: 未设置
    斜体: 未设置
    下划线: 未设置
    标准颜色: 未设置
  运行 8: '4'
    字体: 未设置
    大小: 未设置
    粗体: 未设置
    斜体: 未设置
    下划线: 未设置
    标准颜色: 未设置
  运行 9: ''
    字体: 未设置
    大小: 未设置
    粗体: 未设置
    斜体: 未设置
    下划线: 未设置
    标准颜色: 未设置
  运行 10: '-'
    字体: 未设置
    大小: 未设置
    粗体: 未设置
    斜体: 未设置
    下划线: 未设置
    标准颜色: 未设置
  运行 11: ''
    字体: 未设置
    大小: 未设置
    粗体: 未设置
    斜体: 未设置
    下划线: 未设置
    标准颜色: 未设置
  运行 12: ''
    字体: 未设置
    大小: 未设置
    粗体: 未设置
    斜体: 未设置
    下划线: 未设置
    标准颜色: 未设置
  运行 13: ''
    字体: 未设置
    大小: 未设置
    粗体: 未设置
    斜体: 未设置
    下划线: 未设置
    标准颜色: 未设置
  运行 14: ''
    字体: 未设置
    大小: 未设置
    粗体: 未设置
    斜体: 未设置
    下划线: 未设置
    标准颜色: 未设置
  运行 15: ''
    字体: 未设置
    大小: 未设置
    粗体: 未设置
    斜体: 未设置
    下划线: 未设置
    标准颜色: 未设置
  运行 16: ''
    字体: 未设置
    大小: 未设置
    粗体: 未设置
    斜体: 未设置
    下划线: 未设置
    标准颜色: 未设置
  运行 17: ''
    字体: 未设置
    大小: 未设置
    粗体: 未设置
    斜体: 未设置
    下划线: 未设置
    标准颜色: 未设置
  运行 18: '5'
    字体: 未设置
    大小: 未设置
    粗体: 未设置
    斜体: 未设置
    下划线: 未设置
    标准颜色: 未设置
  运行 19: ''
    字体: 未设置
    大小: 未设置
    粗体: 未设置
    斜体: 未设置
    下划线: 未设置
    标准颜色: 未设置
  运行 20: '　'
    字体: 未设置
    大小: 未设置
    粗体: 未设置
    斜体: 未设置
    下划线: 未设置
    标准颜色: 未设置
  运行 21: '访谈人员结构'
    字体: 未设置
    大小: 未设置
    粗体: 未设置
    斜体: 未设置
    下划线: 未设置
    标准颜色: 未设置
  运行 22: '信息'
    字体: 未设置
    大小: 未设置
    粗体: 未设置
    斜体: 未设置
    下划线: 未设置
    标准颜色: 未设置

段落 763:
文本内容: 资料来源：作者整理，Y公司内部资料，2024.
段落样式: 图表资料来源
从样式获取的格式:
  样式字体: 未设置
  样式字号: 114300
  样式字号(pt): 9.0
  样式颜色: 未设置
对齐方式: 未设置
左缩进: 未设置
右缩进: 未设置
首行缩进: 未设置
行间距: 未设置
从XML读取的格式:
  运行 1: '资料来源'
    字体: 未设置
    大小: 未设置
    粗体: 未设置
    斜体: 未设置
    下划线: 未设置
    标准颜色: 未设置
  运行 2: '：'
    字体: 未设置
    大小: 未设置
    粗体: 未设置
    斜体: 未设置
    下划线: 未设置
    标准颜色: 未设置
  运行 3: '作者整理，'
    字体: 未设置
    大小: 未设置
    粗体: 未设置
    斜体: 未设置
    下划线: 未设置
    标准颜色: 未设置
  运行 4: 'Y'
    字体: 未设置
    大小: 未设置
    粗体: 未设置
    斜体: 未设置
    下划线: 未设置
    标准颜色: 未设置
  运行 5: '公司内部资料'
    字体: 未设置
    大小: 未设置
    粗体: 未设置
    斜体: 未设置
    下划线: 未设置
    标准颜色: 未设置
  运行 6: '，'
    字体: 未设置
    大小: 未设置
    粗体: 未设置
    斜体: 未设置
    下划线: 未设置
    标准颜色: 未设置
  运行 7: '20'
    字体: 未设置
    大小: 未设置
    粗体: 未设置
    斜体: 未设置
    下划线: 未设置
    标准颜色: 未设置
  运行 8: '2'
    字体: 未设置
    大小: 未设置
    粗体: 未设置
    斜体: 未设置
    下划线: 未设置
    标准颜色: 未设置
  运行 9: '4'
    字体: 未设置
    大小: 未设置
    粗体: 未设置
    斜体: 未设置
    下划线: 未设置
    标准颜色: 未设置
  运行 10: '.'
    字体: 未设置
    大小: 未设置
    粗体: 未设置
    斜体: 未设置
    下划线: 未设置
    标准颜色: 未设置

段落 765:
文本内容: 访谈涉及主要问题。经过对访谈纪要的整理，访谈人员提到的在Y公司营销策略方面存在的主要问题如表 4-6所示。
段落样式: 正文-缩进
从样式获取的格式:
  样式字体: 未设置
  样式字号: 未设置
  样式颜色: 未设置
对齐方式: 未设置
左缩进: 未设置
右缩进: 未设置
首行缩进: 未设置
行间距: 未设置
从XML读取的格式:
  运行 1: '访谈涉及主要问题'
    字体: 未设置
    大小: 未设置
    粗体: 未设置
    斜体: 未设置
    下划线: 未设置
    标准颜色: 未设置
  运行 2: '。'
    字体: 未设置
    大小: 未设置
    粗体: 未设置
    斜体: 未设置
    下划线: 未设置
    标准颜色: 未设置
  运行 3: '经过对访谈纪要的整理，访谈人员提到的在'
    字体: 未设置
    大小: 未设置
    粗体: 未设置
    斜体: 未设置
    下划线: 未设置
    标准颜色: 未设置
  运行 4: 'Y'
    字体: 未设置
    大小: 未设置
    粗体: 未设置
    斜体: 未设置
    下划线: 未设置
    标准颜色: 未设置
  运行 5: '公司营销策略方面存在的主要问题如'
    字体: 未设置
    大小: 未设置
    粗体: 未设置
    斜体: 未设置
    下划线: 未设置
    标准颜色: 未设置
  运行 6: ''
    字体: 未设置
    大小: 未设置
    粗体: 未设置
    斜体: 未设置
    下划线: 未设置
    标准颜色: 未设置
  运行 7: ''
    字体: 未设置
    大小: 未设置
    粗体: 未设置
    斜体: 未设置
    下划线: 未设置
    标准颜色: 未设置
  运行 8: ''
    字体: 未设置
    大小: 未设置
    粗体: 未设置
    斜体: 未设置
    下划线: 未设置
    标准颜色: 未设置
  运行 9: ''
    字体: 未设置
    大小: 未设置
    粗体: 未设置
    斜体: 未设置
    下划线: 未设置
    标准颜色: 未设置
  运行 10: ''
    字体: 未设置
    大小: 未设置
    粗体: 未设置
    斜体: 未设置
    下划线: 未设置
    标准颜色: 未设置
  运行 11: '表'
    字体: 未设置
    大小: 未设置
    粗体: 未设置
    斜体: 未设置
    下划线: 未设置
    标准颜色: 未设置
  运行 12: ' '
    字体: 未设置
    大小: 未设置
    粗体: 未设置
    斜体: 未设置
    下划线: 未设置
    标准颜色: 未设置
  运行 13: '4'
    字体: 未设置
    大小: 未设置
    粗体: 未设置
    斜体: 未设置
    下划线: 未设置
    标准颜色: 未设置
  运行 14: '-'
    字体: 未设置
    大小: 未设置
    粗体: 未设置
    斜体: 未设置
    下划线: 未设置
    标准颜色: 未设置
  运行 15: '6'
    字体: 未设置
    大小: 未设置
    粗体: 未设置
    斜体: 未设置
    下划线: 未设置
    标准颜色: 未设置
  运行 16: ''
    字体: 未设置
    大小: 未设置
    粗体: 未设置
    斜体: 未设置
    下划线: 未设置
    标准颜色: 未设置
  运行 17: '所示。'
    字体: 未设置
    大小: 未设置
    粗体: 未设置
    斜体: 未设置
    下划线: 未设置
    标准颜色: 未设置

段落 767:
文本内容: 表 4-6　访谈主要问题整理
段落样式: Caption
从样式获取的格式:
  样式字体: 未设置
  样式字号: 未设置
  样式颜色: 未设置
对齐方式: 未设置
左缩进: 未设置
右缩进: 未设置
首行缩进: 未设置
行间距: 未设置
从XML读取的格式:
  运行 1: '表'
    字体: 未设置
    大小: 未设置
    粗体: 未设置
    斜体: 未设置
    下划线: 未设置
    标准颜色: 未设置
  运行 2: ' '
    字体: 未设置
    大小: 未设置
    粗体: 未设置
    斜体: 未设置
    下划线: 未设置
    标准颜色: 未设置
  运行 3: ''
    字体: 未设置
    大小: 未设置
    粗体: 未设置
    斜体: 未设置
    下划线: 未设置
    标准颜色: 未设置
  运行 4: ''
    字体: 未设置
    大小: 未设置
    粗体: 未设置
    斜体: 未设置
    下划线: 未设置
    标准颜色: 未设置
  运行 5: ''
    字体: 未设置
    大小: 未设置
    粗体: 未设置
    斜体: 未设置
    下划线: 未设置
    标准颜色: 未设置
  运行 6: ''
    字体: 未设置
    大小: 未设置
    粗体: 未设置
    斜体: 未设置
    下划线: 未设置
    标准颜色: 未设置
  运行 7: ''
    字体: 未设置
    大小: 未设置
    粗体: 未设置
    斜体: 未设置
    下划线: 未设置
    标准颜色: 未设置
  运行 8: '4'
    字体: 未设置
    大小: 未设置
    粗体: 未设置
    斜体: 未设置
    下划线: 未设置
    标准颜色: 未设置
  运行 9: ''
    字体: 未设置
    大小: 未设置
    粗体: 未设置
    斜体: 未设置
    下划线: 未设置
    标准颜色: 未设置
  运行 10: '-'
    字体: 未设置
    大小: 未设置
    粗体: 未设置
    斜体: 未设置
    下划线: 未设置
    标准颜色: 未设置
  运行 11: ''
    字体: 未设置
    大小: 未设置
    粗体: 未设置
    斜体: 未设置
    下划线: 未设置
    标准颜色: 未设置
  运行 12: ''
    字体: 未设置
    大小: 未设置
    粗体: 未设置
    斜体: 未设置
    下划线: 未设置
    标准颜色: 未设置
  运行 13: ''
    字体: 未设置
    大小: 未设置
    粗体: 未设置
    斜体: 未设置
    下划线: 未设置
    标准颜色: 未设置
  运行 14: ''
    字体: 未设置
    大小: 未设置
    粗体: 未设置
    斜体: 未设置
    下划线: 未设置
    标准颜色: 未设置
  运行 15: ''
    字体: 未设置
    大小: 未设置
    粗体: 未设置
    斜体: 未设置
    下划线: 未设置
    标准颜色: 未设置
  运行 16: ''
    字体: 未设置
    大小: 未设置
    粗体: 未设置
    斜体: 未设置
    下划线: 未设置
    标准颜色: 未设置
  运行 17: ''
    字体: 未设置
    大小: 未设置
    粗体: 未设置
    斜体: 未设置
    下划线: 未设置
    标准颜色: 未设置
  运行 18: '6'
    字体: 未设置
    大小: 未设置
    粗体: 未设置
    斜体: 未设置
    下划线: 未设置
    标准颜色: 未设置
  运行 19: ''
    字体: 未设置
    大小: 未设置
    粗体: 未设置
    斜体: 未设置
    下划线: 未设置
    标准颜色: 未设置
  运行 20: '　'
    字体: 未设置
    大小: 未设置
    粗体: 未设置
    斜体: 未设置
    下划线: 未设置
    标准颜色: 未设置
  运行 21: '访谈主要问题整理'
    字体: 未设置
    大小: 未设置
    粗体: 未设置
    斜体: 未设置
    下划线: 未设置
    标准颜色: 未设置

段落 768:
文本内容: 资料来源：作者整理，Y公司内部访谈调研，2024.
段落样式: 图表资料来源
从样式获取的格式:
  样式字体: 未设置
  样式字号: 114300
  样式字号(pt): 9.0
  样式颜色: 未设置
对齐方式: 未设置
左缩进: 未设置
右缩进: 未设置
首行缩进: 未设置
行间距: 未设置
从XML读取的格式:
  运行 1: '资料来源'
    字体: 未设置
    大小: 未设置
    粗体: 未设置
    斜体: 未设置
    下划线: 未设置
    标准颜色: 未设置
  运行 2: '：'
    字体: 未设置
    大小: 未设置
    粗体: 未设置
    斜体: 未设置
    下划线: 未设置
    标准颜色: 未设置
  运行 3: '作者整理，'
    字体: 未设置
    大小: 未设置
    粗体: 未设置
    斜体: 未设置
    下划线: 未设置
    标准颜色: 未设置
  运行 4: 'Y'
    字体: 未设置
    大小: 未设置
    粗体: 未设置
    斜体: 未设置
    下划线: 未设置
    标准颜色: 未设置
  运行 5: '公司'
    字体: 未设置
    大小: 未设置
    粗体: 未设置
    斜体: 未设置
    下划线: 未设置
    标准颜色: 未设置
  运行 6: '内部'
    字体: 未设置
    大小: 未设置
    粗体: 未设置
    斜体: 未设置
    下划线: 未设置
    标准颜色: 未设置
  运行 7: '访谈调研，'
    字体: 未设置
    大小: 未设置
    粗体: 未设置
    斜体: 未设置
    下划线: 未设置
    标准颜色: 未设置
  运行 8: '20'
    字体: 未设置
    大小: 未设置
    粗体: 未设置
    斜体: 未设置
    下划线: 未设置
    标准颜色: 未设置
  运行 9: '2'
    字体: 未设置
    大小: 未设置
    粗体: 未设置
    斜体: 未设置
    下划线: 未设置
    标准颜色: 未设置
  运行 10: '4'
    字体: 未设置
    大小: 未设置
    粗体: 未设置
    斜体: 未设置
    下划线: 未设置
    标准颜色: 未设置
  运行 11: '.'
    字体: 未设置
    大小: 未设置
    粗体: 未设置
    斜体: 未设置
    下划线: 未设置
    标准颜色: 未设置

段落 770:
文本内容: 访谈人员大部分认为，暴露出来的营销策略主要的问题是中小型设备代理公司的普遍现象，问题产生的根源主要来自企业内部。如公司内部各部门沟通协作效率低、对客户的需求响应不及时；临床应用支持人才和专业营销人才欠缺，设备试用效果差；公司品牌宣传意识差，市场投入较少。
段落样式: 正文-缩进
从样式获取的格式:
  样式字体: 未设置
  样式字号: 未设置
  样式颜色: 未设置
对齐方式: 未设置
左缩进: 未设置
右缩进: 未设置
首行缩进: 未设置
行间距: 未设置
从XML读取的格式:
  运行 1: '访谈人员大部分认为'
    字体: 未设置
    大小: 未设置
    粗体: 未设置
    斜体: 未设置
    下划线: 未设置
    标准颜色: 未设置
  运行 2: '，暴露出来的营销策略主要的问题是中小型设备代理公司的普遍现象，问题产生的根源主要来自企业内部。如公司内部各部门沟通协作效率低、对客户的需求响应不及时；临床应用支持人才和专业营销人才欠缺，设备试用效果差；公司品牌宣传意识差，市场投入较少。'
    字体: 未设置
    大小: 未设置
    粗体: 未设置
    斜体: 未设置
    下划线: 未设置
    标准颜色: 未设置

段落 771:
文本内容: 访谈结果分析。通过深度访谈发现，Y公司的员工服务时间都较长，对公司面临的营销策略问题都有清晰的认识。该访谈一定程度上可以反映公司存在的主要问题。总结访谈的纪要，目前Y公司存在的主要营销策略问题有：缺乏品牌定位建设、临床应用支持度低、设备试用借用量大、定价混乱损害品牌、设备国产化水平低等。然而，这次访谈并没有从客户的角度充分覆盖研究信息，也没有对营销策略问题提供足够的定量研究。因此计划设计和发放问卷调研，以更深入地确认和验证这一结果。
段落样式: 正文-缩进
从样式获取的格式:
  样式字体: 未设置
  样式字号: 未设置
  样式颜色: 未设置
对齐方式: 未设置
左缩进: 未设置
右缩进: 未设置
首行缩进: 未设置
行间距: 未设置
从XML读取的格式:
  运行 1: '访谈结果分析'
    字体: 未设置
    大小: 未设置
    粗体: 未设置
    斜体: 未设置
    下划线: 未设置
    标准颜色: 未设置
  运行 2: '。通过深度访谈发现，'
    字体: 未设置
    大小: 未设置
    粗体: 未设置
    斜体: 未设置
    下划线: 未设置
    标准颜色: 未设置
  运行 3: 'Y'
    字体: 未设置
    大小: 未设置
    粗体: 未设置
    斜体: 未设置
    下划线: 未设置
    标准颜色: 未设置
  运行 4: '公司的员工服务时间都较长，对公司面临的营销策略问题都有清晰的认识。该访谈一定程度上可以反映公司存在的主要问题。总结访谈的纪要，目前'
    字体: 未设置
    大小: 未设置
    粗体: 未设置
    斜体: 未设置
    下划线: 未设置
    标准颜色: 未设置
  运行 5: 'Y'
    字体: 未设置
    大小: 未设置
    粗体: 未设置
    斜体: 未设置
    下划线: 未设置
    标准颜色: 未设置
  运行 6: '公司存在的主要营销策略问题有：缺乏品牌定位建设、临床应用支持度低、'
    字体: 未设置
    大小: 未设置
    粗体: 未设置
    斜体: 未设置
    下划线: 未设置
    标准颜色: 未设置
  运行 7: '设备试用借用量大'
    字体: 未设置
    大小: 未设置
    粗体: 未设置
    斜体: 未设置
    下划线: 未设置
    标准颜色: 未设置
  运行 8: '、定价混乱损害品牌、设备国产化水平低等。'
    字体: 未设置
    大小: 未设置
    粗体: 未设置
    斜体: 未设置
    下划线: 未设置
    标准颜色: 未设置
  运行 9: '然而，这次访谈并没有从客户的角度充分覆盖研究信息，也没有对营销策略问题提供足够的定量研究。因此计划'
    字体: 未设置
    大小: 未设置
    粗体: 未设置
    斜体: 未设置
    下划线: 未设置
    标准颜色: 未设置
  运行 10: '设计'
    字体: 未设置
    大小: 未设置
    粗体: 未设置
    斜体: 未设置
    下划线: 未设置
    标准颜色: 未设置
  运行 11: '和'
    字体: 未设置
    大小: 未设置
    粗体: 未设置
    斜体: 未设置
    下划线: 未设置
    标准颜色: 未设置
  运行 12: '发放'
    字体: 未设置
    大小: 未设置
    粗体: 未设置
    斜体: 未设置
    下划线: 未设置
    标准颜色: 未设置
  运行 13: '问卷'
    字体: 未设置
    大小: 未设置
    粗体: 未设置
    斜体: 未设置
    下划线: 未设置
    标准颜色: 未设置
  运行 14: '调研'
    字体: 未设置
    大小: 未设置
    粗体: 未设置
    斜体: 未设置
    下划线: 未设置
    标准颜色: 未设置
  运行 15: '，以更深入地确认和验证这一结果。'
    字体: 未设置
    大小: 未设置
    粗体: 未设置
    斜体: 未设置
    下划线: 未设置
    标准颜色: 未设置

段落 772:
文本内容: 问卷调查和分析
段落样式: Heading 3
从样式获取的格式:
  样式字体: 未设置
  样式字号: 未设置
  样式颜色: 未设置
对齐方式: 未设置
左缩进: 未设置
右缩进: 未设置
首行缩进: 未设置
行间距: 未设置
从XML读取的格式:
  运行 1: '问卷'
    字体: 未设置
    大小: 未设置
    粗体: 未设置
    斜体: 未设置
    下划线: 未设置
    标准颜色: 未设置
  运行 2: '调'
    字体: 未设置
    大小: 未设置
    粗体: 未设置
    斜体: 未设置
    下划线: 未设置
    标准颜色: 未设置
  运行 3: '查和'
    字体: 未设置
    大小: 未设置
    粗体: 未设置
    斜体: 未设置
    下划线: 未设置
    标准颜色: 未设置
  运行 4: '分析'
    字体: 未设置
    大小: 未设置
    粗体: 未设置
    斜体: 未设置
    下划线: 未设置
    标准颜色: 未设置
  运行 5: ''
    字体: 未设置
    大小: 未设置
    粗体: 未设置
    斜体: 未设置
    下划线: 未设置
    标准颜色: 未设置
  运行 6: ''
    字体: 未设置
    大小: 未设置
    粗体: 未设置
    斜体: 未设置
    下划线: 未设置
    标准颜色: 未设置
  运行 7: ''
    字体: 未设置
    大小: 未设置
    粗体: 未设置
    斜体: 未设置
    下划线: 未设置
    标准颜色: 未设置
  运行 8: ''
    字体: 未设置
    大小: 未设置
    粗体: 未设置
    斜体: 未设置
    下划线: 未设置
    标准颜色: 未设置
  运行 9: ''
    字体: 未设置
    大小: 未设置
    粗体: 未设置
    斜体: 未设置
    下划线: 未设置
    标准颜色: 未设置
  运行 10: ''
    字体: 未设置
    大小: 未设置
    粗体: 未设置
    斜体: 未设置
    下划线: 未设置
    标准颜色: 未设置
  运行 11: ''
    字体: 未设置
    大小: 未设置
    粗体: 未设置
    斜体: 未设置
    下划线: 未设置
    标准颜色: 未设置
  运行 12: ''
    字体: 未设置
    大小: 未设置
    粗体: 未设置
    斜体: 未设置
    下划线: 未设置
    标准颜色: 未设置
  运行 13: ''
    字体: 未设置
    大小: 未设置
    粗体: 未设置
    斜体: 未设置
    下划线: 未设置
    标准颜色: 未设置
  运行 14: ''
    字体: 未设置
    大小: 未设置
    粗体: 未设置
    斜体: 未设置
    下划线: 未设置
    标准颜色: 未设置
  运行 15: ''
    字体: 未设置
    大小: 未设置
    粗体: 未设置
    斜体: 未设置
    下划线: 未设置
    标准颜色: 未设置
  运行 16: ''
    字体: 未设置
    大小: 未设置
    粗体: 未设置
    斜体: 未设置
    下划线: 未设置
    标准颜色: 未设置

段落 773:
文本内容: 问卷设计与发放
段落样式: Heading 4
从样式获取的格式:
  样式字体: 未设置
  样式字号: 未设置
  样式颜色: 未设置
对齐方式: 未设置
左缩进: 未设置
右缩进: 未设置
首行缩进: 未设置
行间距: 未设置
从XML读取的格式:
  运行 1: '问卷设计与'
    字体: 未设置
    大小: 未设置
    粗体: 未设置
    斜体: 未设置
    下划线: 未设置
    标准颜色: 未设置
  运行 2: '发放'
    字体: 未设置
    大小: 未设置
    粗体: 未设置
    斜体: 未设置
    下划线: 未设置
    标准颜色: 未设置

段落 774:
文本内容: 问卷调查的重点是收集医疗机构客户、代理商和部分友商对Y公司产品的认可和使用情况的反馈，并根据这些信息进一步分析Y公司营销中可能存在的问题和原因。笔者预计发放330份调查问卷，以各级公立医疗机构、民营医院和部分经销商为主要调查对象。
段落样式: 正文-缩进
从样式获取的格式:
  样式字体: 未设置
  样式字号: 未设置
  样式颜色: 未设置
对齐方式: 未设置
左缩进: 未设置
右缩进: 未设置
首行缩进: 未设置
行间距: 未设置
从XML读取的格式:
  运行 1: '问卷调查的重点是收集医疗机构客户、代理商和部分'
    字体: 未设置
    大小: 未设置
    粗体: 未设置
    斜体: 未设置
    下划线: 未设置
    标准颜色: 未设置
  运行 2: '友商'
    字体: 未设置
    大小: 未设置
    粗体: 未设置
    斜体: 未设置
    下划线: 未设置
    标准颜色: 未设置
  运行 3: '对'
    字体: 未设置
    大小: 未设置
    粗体: 未设置
    斜体: 未设置
    下划线: 未设置
    标准颜色: 未设置
  运行 4: 'Y'
    字体: 未设置
    大小: 未设置
    粗体: 未设置
    斜体: 未设置
    下划线: 未设置
    标准颜色: 未设置
  运行 5: '公司产品的认可和使用情况的反馈，并根据这些信息进一步分析'
    字体: 未设置
    大小: 未设置
    粗体: 未设置
    斜体: 未设置
    下划线: 未设置
    标准颜色: 未设置
  运行 6: 'Y'
    字体: 未设置
    大小: 未设置
    粗体: 未设置
    斜体: 未设置
    下划线: 未设置
    标准颜色: 未设置
  运行 7: '公司营销中可能存在的问题和原因。'
    字体: 未设置
    大小: 未设置
    粗体: 未设置
    斜体: 未设置
    下划线: 未设置
    标准颜色: 未设置
  运行 8: '笔者'
    字体: 未设置
    大小: 未设置
    粗体: 未设置
    斜体: 未设置
    下划线: 未设置
    标准颜色: 未设置
  运行 9: '预计发放'
    字体: 未设置
    大小: 未设置
    粗体: 未设置
    斜体: 未设置
    下划线: 未设置
    标准颜色: 未设置
  运行 10: '3'
    字体: 未设置
    大小: 未设置
    粗体: 未设置
    斜体: 未设置
    下划线: 未设置
    标准颜色: 未设置
  运行 11: '3'
    字体: 未设置
    大小: 未设置
    粗体: 未设置
    斜体: 未设置
    下划线: 未设置
    标准颜色: 未设置
  运行 12: '0'
    字体: 未设置
    大小: 未设置
    粗体: 未设置
    斜体: 未设置
    下划线: 未设置
    标准颜色: 未设置
  运行 13: '份调查问卷，以各级公立医疗机构、民营医院和部分经销商'
    字体: 未设置
    大小: 未设置
    粗体: 未设置
    斜体: 未设置
    下划线: 未设置
    标准颜色: 未设置
  运行 14: '为主要'
    字体: 未设置
    大小: 未设置
    粗体: 未设置
    斜体: 未设置
    下划线: 未设置
    标准颜色: 未设置
  运行 15: '调查'
    字体: 未设置
    大小: 未设置
    粗体: 未设置
    斜体: 未设置
    下划线: 未设置
    标准颜色: 未设置
  运行 16: '对象。'
    字体: 未设置
    大小: 未设置
    粗体: 未设置
    斜体: 未设置
    下划线: 未设置
    标准颜色: 未设置

段落 775:
文本内容: 问卷对象基本信息
段落样式: Heading 5
从样式获取的格式:
  样式字体: 未设置
  样式字号: 未设置
  样式颜色: 未设置
对齐方式: 未设置
左缩进: 未设置
右缩进: 未设置
首行缩进: 304800
行间距: 未设置
从XML读取的格式:
  运行 1: '问卷'
    字体: 未设置
    大小: 未设置
    粗体: 未设置
    斜体: 未设置
    下划线: 未设置
    标准颜色: 未设置
  运行 2: '对象基本'
    字体: 未设置
    大小: 未设置
    粗体: 未设置
    斜体: 未设置
    下划线: 未设置
    标准颜色: 未设置
  运行 3: '信息'
    字体: 未设置
    大小: 未设置
    粗体: 未设置
    斜体: 未设置
    下划线: 未设置
    标准颜色: 未设置

段落 776:
文本内容: 本问卷主要发放给Y公司客户的工作人员，包括各级公立和私立医疗机构的医生、CEO、采购人员，以及眼科研究机构和代理商的工作人员。这有助于衡量Y公司在市场上的产品销售、客户服务和促销活动的实际情况。
段落样式: 正文-缩进
从样式获取的格式:
  样式字体: 未设置
  样式字号: 未设置
  样式颜色: 未设置
对齐方式: 未设置
左缩进: 未设置
右缩进: 未设置
首行缩进: 未设置
行间距: 未设置
从XML读取的格式:
  运行 1: '本问卷'
    字体: 未设置
    大小: 未设置
    粗体: 未设置
    斜体: 未设置
    下划线: 未设置
    标准颜色: 未设置
  运行 2: '主要'
    字体: 未设置
    大小: 未设置
    粗体: 未设置
    斜体: 未设置
    下划线: 未设置
    标准颜色: 未设置
  运行 3: '发放给'
    字体: 未设置
    大小: 未设置
    粗体: 未设置
    斜体: 未设置
    下划线: 未设置
    标准颜色: 未设置
  运行 4: 'Y'
    字体: 未设置
    大小: 未设置
    粗体: 未设置
    斜体: 未设置
    下划线: 未设置
    标准颜色: 未设置
  运行 5: '公司客户的工作人员，包括各级公立和私立医疗机构的医生、'
    字体: 未设置
    大小: 未设置
    粗体: 未设置
    斜体: 未设置
    下划线: 未设置
    标准颜色: 未设置
  运行 6: 'CEO'
    字体: 未设置
    大小: 未设置
    粗体: 未设置
    斜体: 未设置
    下划线: 未设置
    标准颜色: 未设置
  运行 7: '、采购人员，以及眼科研究机构和代理商的工作人员。这有助于衡量'
    字体: 未设置
    大小: 未设置
    粗体: 未设置
    斜体: 未设置
    下划线: 未设置
    标准颜色: 未设置
  运行 8: 'Y'
    字体: 未设置
    大小: 未设置
    粗体: 未设置
    斜体: 未设置
    下划线: 未设置
    标准颜色: 未设置
  运行 9: '公司在市场'
    字体: 未设置
    大小: 未设置
    粗体: 未设置
    斜体: 未设置
    下划线: 未设置
    标准颜色: 未设置
  运行 10: '上'
    字体: 未设置
    大小: 未设置
    粗体: 未设置
    斜体: 未设置
    下划线: 未设置
    标准颜色: 未设置
  运行 11: '的产品销售、客户服务和促销活动的实际'
    字体: 未设置
    大小: 未设置
    粗体: 未设置
    斜体: 未设置
    下划线: 未设置
    标准颜色: 未设置
  运行 12: '情况'
    字体: 未设置
    大小: 未设置
    粗体: 未设置
    斜体: 未设置
    下划线: 未设置
    标准颜色: 未设置
  运行 13: '。'
    字体: 未设置
    大小: 未设置
    粗体: 未设置
    斜体: 未设置
    下划线: 未设置
    标准颜色: 未设置

段落 777:
文本内容: 调研问卷问题设计
段落样式: Heading 5
从样式获取的格式:
  样式字体: 未设置
  样式字号: 未设置
  样式颜色: 未设置
对齐方式: 未设置
左缩进: 未设置
右缩进: 未设置
首行缩进: 304800
行间距: 未设置
从XML读取的格式:
  运行 1: '调'
    字体: 未设置
    大小: 未设置
    粗体: 未设置
    斜体: 未设置
    下划线: 未设置
    标准颜色: 未设置
  运行 2: '研'
    字体: 未设置
    大小: 未设置
    粗体: 未设置
    斜体: 未设置
    下划线: 未设置
    标准颜色: 未设置
  运行 3: '问卷问题设计'
    字体: 未设置
    大小: 未设置
    粗体: 未设置
    斜体: 未设置
    下划线: 未设置
    标准颜色: 未设置

段落 778:
文本内容: 本项研究借鉴了医疗器械行业产品营销策略的现有文献，并针对Y医疗器械公司眼科产品的营销策略调研需求，构建了问卷的基础结构与内容。问卷共设有27个问题，分为两个主要部分。详见附录 2。
段落样式: 正文-缩进
从样式获取的格式:
  样式字体: 未设置
  样式字号: 未设置
  样式颜色: 未设置
对齐方式: 未设置
左缩进: 未设置
右缩进: 未设置
首行缩进: 未设置
行间距: 未设置
从XML读取的格式:
  运行 1: '本项研究借鉴了医疗器械行业产品营销策略的现有文献，并针对'
    字体: 未设置
    大小: 未设置
    粗体: 未设置
    斜体: 未设置
    下划线: 未设置
    标准颜色: 未设置
  运行 2: 'Y'
    字体: 未设置
    大小: 未设置
    粗体: 未设置
    斜体: 未设置
    下划线: 未设置
    标准颜色: 未设置
  运行 3: '医疗器械公司眼科产品的营销策略调研需求，构建了问卷的基础结构与内容。问卷共设有'
    字体: 未设置
    大小: 未设置
    粗体: 未设置
    斜体: 未设置
    下划线: 未设置
    标准颜色: 未设置
  运行 4: '27'
    字体: 未设置
    大小: 未设置
    粗体: 未设置
    斜体: 未设置
    下划线: 未设置
    标准颜色: 未设置
  运行 5: '个问题，分为'
    字体: 未设置
    大小: 未设置
    粗体: 未设置
    斜体: 未设置
    下划线: 未设置
    标准颜色: 未设置
  运行 6: '两'
    字体: 未设置
    大小: 未设置
    粗体: 未设置
    斜体: 未设置
    下划线: 未设置
    标准颜色: 未设置
  运行 7: '个主要部分。'
    字体: 未设置
    大小: 未设置
    粗体: 未设置
    斜体: 未设置
    下划线: 未设置
    标准颜色: 未设置
  运行 8: '详见'
    字体: 未设置
    大小: 未设置
    粗体: 未设置
    斜体: 未设置
    下划线: 未设置
    标准颜色: 未设置
  运行 9: ''
    字体: 未设置
    大小: 未设置
    粗体: 未设置
    斜体: 未设置
    下划线: 未设置
    标准颜色: 未设置
  运行 10: ''
    字体: 未设置
    大小: 未设置
    粗体: 未设置
    斜体: 未设置
    下划线: 未设置
    标准颜色: 未设置
  运行 11: ''
    字体: 未设置
    大小: 未设置
    粗体: 未设置
    斜体: 未设置
    下划线: 未设置
    标准颜色: 未设置
  运行 12: ''
    字体: 未设置
    大小: 未设置
    粗体: 未设置
    斜体: 未设置
    下划线: 未设置
    标准颜色: 未设置
  运行 13: ''
    字体: 未设置
    大小: 未设置
    粗体: 未设置
    斜体: 未设置
    下划线: 未设置
    标准颜色: 未设置
  运行 14: '附录'
    字体: 未设置
    大小: 未设置
    粗体: 未设置
    斜体: 未设置
    下划线: 未设置
    标准颜色: 未设置
  运行 15: ' '
    字体: 未设置
    大小: 未设置
    粗体: 未设置
    斜体: 未设置
    下划线: 未设置
    标准颜色: 未设置
  运行 16: '2'
    字体: 未设置
    大小: 未设置
    粗体: 未设置
    斜体: 未设置
    下划线: 未设置
    标准颜色: 未设置
  运行 17: ''
    字体: 未设置
    大小: 未设置
    粗体: 未设置
    斜体: 未设置
    下划线: 未设置
    标准颜色: 未设置
  运行 18: '。'
    字体: 未设置
    大小: 未设置
    粗体: 未设置
    斜体: 未设置
    下划线: 未设置
    标准颜色: 未设置

段落 779:
文本内容: 第1部分是调查对象的基本信息和意见收集，包括5个问题，收集调查对象的基本信息，包括他们的职业、所在的医院级别，他们的年龄，他们所在的省份，以及关于受访者对Y公司产品熟悉程度的研究。
段落样式: 正文-缩进
从样式获取的格式:
  样式字体: 未设置
  样式字号: 未设置
  样式颜色: 未设置
对齐方式: 未设置
左缩进: 未设置
右缩进: 未设置
首行缩进: 未设置
行间距: 未设置
从XML读取的格式:
  运行 1: '第'
    字体: 未设置
    大小: 未设置
    粗体: 未设置
    斜体: 未设置
    下划线: 未设置
    标准颜色: 未设置
  运行 2: '1'
    字体: 未设置
    大小: 未设置
    粗体: 未设置
    斜体: 未设置
    下划线: 未设置
    标准颜色: 未设置
  运行 3: '部分是调查对象的基本信息和意见收集，包括'
    字体: 未设置
    大小: 未设置
    粗体: 未设置
    斜体: 未设置
    下划线: 未设置
    标准颜色: 未设置
  运行 4: '5'
    字体: 未设置
    大小: 未设置
    粗体: 未设置
    斜体: 未设置
    下划线: 未设置
    标准颜色: 未设置
  运行 5: '个问题，收集调查对象的基本信息，包括他们的职业、所在的医院级别，他们的年龄，他们所在的省份，以及关于受访者对'
    字体: 未设置
    大小: 未设置
    粗体: 未设置
    斜体: 未设置
    下划线: 未设置
    标准颜色: 未设置
  运行 6: 'Y'
    字体: 未设置
    大小: 未设置
    粗体: 未设置
    斜体: 未设置
    下划线: 未设置
    标准颜色: 未设置
  运行 7: '公司产品熟悉程度的研究。'
    字体: 未设置
    大小: 未设置
    粗体: 未设置
    斜体: 未设置
    下划线: 未设置
    标准颜色: 未设置

段落 780:
文本内容: 第2部分旨在定量分析受访者对Y公司营销策略的看法和反馈。问题涵盖八个关键领域，包括市场定位、产品特性、定价、渠道、促销、人员、过程管理和有形展示，被访谈者需要更加问题的事情感受进行回答。
段落样式: 正文-缩进
从样式获取的格式:
  样式字体: 未设置
  样式字号: 未设置
  样式颜色: 未设置
对齐方式: 未设置
左缩进: 未设置
右缩进: 未设置
首行缩进: 未设置
行间距: 未设置
从XML读取的格式:
  运行 1: '第'
    字体: 未设置
    大小: 未设置
    粗体: 未设置
    斜体: 未设置
    下划线: 未设置
    标准颜色: 未设置
  运行 2: '2'
    字体: 未设置
    大小: 未设置
    粗体: 未设置
    斜体: 未设置
    下划线: 未设置
    标准颜色: 未设置
  运行 3: '部分'
    字体: 未设置
    大小: 未设置
    粗体: 未设置
    斜体: 未设置
    下划线: 未设置
    标准颜色: 未设置
  运行 4: '旨在定量分析受访者对'
    字体: 未设置
    大小: 未设置
    粗体: 未设置
    斜体: 未设置
    下划线: 未设置
    标准颜色: 未设置
  运行 5: 'Y'
    字体: 未设置
    大小: 未设置
    粗体: 未设置
    斜体: 未设置
    下划线: 未设置
    标准颜色: 未设置
  运行 6: '公司营销策略的看法和反馈。问题涵盖八个关键领域，包括市场定位、产品特性、定价、渠道、促销、'
    字体: 未设置
    大小: 未设置
    粗体: 未设置
    斜体: 未设置
    下划线: 未设置
    标准颜色: 未设置
  运行 7: '人员'
    字体: 未设置
    大小: 未设置
    粗体: 未设置
    斜体: 未设置
    下划线: 未设置
    标准颜色: 未设置
  运行 8: '、'
    字体: 未设置
    大小: 未设置
    粗体: 未设置
    斜体: 未设置
    下划线: 未设置
    标准颜色: 未设置
  运行 9: '过程管理'
    字体: 未设置
    大小: 未设置
    粗体: 未设置
    斜体: 未设置
    下划线: 未设置
    标准颜色: 未设置
  运行 10: '和'
    字体: 未设置
    大小: 未设置
    粗体: 未设置
    斜体: 未设置
    下划线: 未设置
    标准颜色: 未设置
  运行 11: '有形'
    字体: 未设置
    大小: 未设置
    粗体: 未设置
    斜体: 未设置
    下划线: 未设置
    标准颜色: 未设置
  运行 12: '展示，'
    字体: 未设置
    大小: 未设置
    粗体: 未设置
    斜体: 未设置
    下划线: 未设置
    标准颜色: 未设置
  运行 13: '被访谈者需要更加问题的事情感受进行回答。'
    字体: 未设置
    大小: 未设置
    粗体: 未设置
    斜体: 未设置
    下划线: 未设置
    标准颜色: 未设置

段落 781:
文本内容: 问卷统计与分析
段落样式: Heading 4
从样式获取的格式:
  样式字体: 未设置
  样式字号: 未设置
  样式颜色: 未设置
对齐方式: 未设置
左缩进: 未设置
右缩进: 未设置
首行缩进: 未设置
行间距: 未设置
从XML读取的格式:
  运行 1: '问卷统计与分析'
    字体: 未设置
    大小: 未设置
    粗体: 未设置
    斜体: 未设置
    下划线: 未设置
    标准颜色: 未设置

段落 782:
文本内容: 问卷信度分析
段落样式: Heading 5
从样式获取的格式:
  样式字体: 未设置
  样式字号: 未设置
  样式颜色: 未设置
对齐方式: 未设置
左缩进: 未设置
右缩进: 未设置
首行缩进: 304800
行间距: 未设置
从XML读取的格式:
  运行 1: '问卷信度分析'
    字体: 未设置
    大小: 未设置
    粗体: 未设置
    斜体: 未设置
    下划线: 未设置
    标准颜色: 未设置

段落 783:
文本内容: 问卷调查的信度（也称为可靠性），反映了从问卷中获得的数据的一致性或稳定性。这里的一致性是指在相同的调查条件下所得到的结果的一致性程度[]。
段落样式: 正文-缩进
从样式获取的格式:
  样式字体: 未设置
  样式字号: 未设置
  样式颜色: 未设置
对齐方式: 未设置
左缩进: 未设置
右缩进: 未设置
首行缩进: 未设置
行间距: 未设置
从XML读取的格式:
  运行 1: '问卷调查的信度'
    字体: 未设置
    大小: 未设置
    粗体: 未设置
    斜体: 未设置
    下划线: 未设置
    标准颜色: 未设置
  运行 2: '（'
    字体: 未设置
    大小: 未设置
    粗体: 未设置
    斜体: 未设置
    下划线: 未设置
    标准颜色: 未设置
  运行 3: '也称为'
    字体: 未设置
    大小: 未设置
    粗体: 未设置
    斜体: 未设置
    下划线: 未设置
    标准颜色: 未设置
  运行 4: '可靠性），'
    字体: 未设置
    大小: 未设置
    粗体: 未设置
    斜体: 未设置
    下划线: 未设置
    标准颜色: 未设置
  运行 5: '反映了从问卷中获得的数据的一致性或稳定性。这里的一致性是指在相同的调查条件下所得到的结果的一致性'
    字体: 未设置
    大小: 未设置
    粗体: 未设置
    斜体: 未设置
    下划线: 未设置
    标准颜色: 未设置
  运行 6: '程度'
    字体: 未设置
    大小: 未设置
    粗体: 未设置
    斜体: 未设置
    下划线: 未设置
    标准颜色: 未设置
  运行 7: '['
    字体: 未设置
    大小: 未设置
    粗体: 未设置
    斜体: 未设置
    下划线: 未设置
    标准颜色: 未设置
  运行 8: ''
    字体: 未设置
    大小: 未设置
    粗体: 未设置
    斜体: 未设置
    下划线: 未设置
    标准颜色: 未设置
  运行 9: ']'
    字体: 未设置
    大小: 未设置
    粗体: 未设置
    斜体: 未设置
    下划线: 未设置
    标准颜色: 未设置
  运行 10: '。'
    字体: 未设置
    大小: 未设置
    粗体: 未设置
    斜体: 未设置
    下划线: 未设置
    标准颜色: 未设置

段落 784:
文本内容: 笔者从2024年5月开始，进行了近三个月的调研，共发放330份问卷，其中福建、湖南、广西各60份，各18.18%；广东海南合计150份，占45.45%。问卷形式多样，包括纸质问卷和网络在线问卷，共回收有效问卷319份，有效回收率为96.67%。研究数据输入IBM SPSS Statistics 27.0.1.0版本，采用该软件进行信度检验。检验结果如表 4-7所示。
段落样式: 正文-缩进
从样式获取的格式:
  样式字体: 未设置
  样式字号: 未设置
  样式颜色: 未设置
对齐方式: 未设置
左缩进: 未设置
右缩进: 未设置
首行缩进: 未设置
行间距: 未设置
从XML读取的格式:
  运行 1: '笔者从'
    字体: 未设置
    大小: 未设置
    粗体: 未设置
    斜体: 未设置
    下划线: 未设置
    标准颜色: 未设置
  运行 2: '2024'
    字体: 未设置
    大小: 未设置
    粗体: 未设置
    斜体: 未设置
    下划线: 未设置
    标准颜色: 未设置
  运行 3: '年'
    字体: 未设置
    大小: 未设置
    粗体: 未设置
    斜体: 未设置
    下划线: 未设置
    标准颜色: 未设置
  运行 4: '5'
    字体: 未设置
    大小: 未设置
    粗体: 未设置
    斜体: 未设置
    下划线: 未设置
    标准颜色: 未设置
  运行 5: '月开始，进行了近三个月的调研，共发放'
    字体: 未设置
    大小: 未设置
    粗体: 未设置
    斜体: 未设置
    下划线: 未设置
    标准颜色: 未设置
  运行 6: '330'
    字体: 未设置
    大小: 未设置
    粗体: 未设置
    斜体: 未设置
    下划线: 未设置
    标准颜色: 未设置
  运行 7: '份问卷，其中福建、湖南、广西各'
    字体: 未设置
    大小: 未设置
    粗体: 未设置
    斜体: 未设置
    下划线: 未设置
    标准颜色: 未设置
  运行 8: '60'
    字体: 未设置
    大小: 未设置
    粗体: 未设置
    斜体: 未设置
    下划线: 未设置
    标准颜色: 未设置
  运行 9: '份，各'
    字体: 未设置
    大小: 未设置
    粗体: 未设置
    斜体: 未设置
    下划线: 未设置
    标准颜色: 未设置
  运行 10: '18.18%'
    字体: 未设置
    大小: 未设置
    粗体: 未设置
    斜体: 未设置
    下划线: 未设置
    标准颜色: 未设置
  运行 11: '；广东海南合计'
    字体: 未设置
    大小: 未设置
    粗体: 未设置
    斜体: 未设置
    下划线: 未设置
    标准颜色: 未设置
  运行 12: '150'
    字体: 未设置
    大小: 未设置
    粗体: 未设置
    斜体: 未设置
    下划线: 未设置
    标准颜色: 未设置
  运行 13: '份，占'
    字体: 未设置
    大小: 未设置
    粗体: 未设置
    斜体: 未设置
    下划线: 未设置
    标准颜色: 未设置
  运行 14: '45.45%'
    字体: 未设置
    大小: 未设置
    粗体: 未设置
    斜体: 未设置
    下划线: 未设置
    标准颜色: 未设置
  运行 15: '。'
    字体: 未设置
    大小: 未设置
    粗体: 未设置
    斜体: 未设置
    下划线: 未设置
    标准颜色: 未设置
  运行 16: '问卷形式多样，包括纸质问卷和网络在线问卷，共回收有效问卷'
    字体: 未设置
    大小: 未设置
    粗体: 未设置
    斜体: 未设置
    下划线: 未设置
    标准颜色: 未设置
  运行 17: '319'
    字体: 未设置
    大小: 未设置
    粗体: 未设置
    斜体: 未设置
    下划线: 未设置
    标准颜色: 未设置
  运行 18: '份，有效回收率为'
    字体: 未设置
    大小: 未设置
    粗体: 未设置
    斜体: 未设置
    下划线: 未设置
    标准颜色: 未设置
  运行 19: '96.67%'
    字体: 未设置
    大小: 未设置
    粗体: 未设置
    斜体: 未设置
    下划线: 未设置
    标准颜色: 未设置
  运行 20: '。研究数据输入'
    字体: 未设置
    大小: 未设置
    粗体: 未设置
    斜体: 未设置
    下划线: 未设置
    标准颜色: 未设置
  运行 21: 'IBM SPSS Statistics 27.0.1.0'
    字体: 未设置
    大小: 未设置
    粗体: 未设置
    斜体: 未设置
    下划线: 未设置
    标准颜色: 未设置
  运行 22: '版本，采用该软件进行信度检验。'
    字体: 未设置
    大小: 未设置
    粗体: 未设置
    斜体: 未设置
    下划线: 未设置
    标准颜色: 未设置
  运行 23: '检验结果如'
    字体: 未设置
    大小: 未设置
    粗体: 未设置
    斜体: 未设置
    下划线: 未设置
    标准颜色: 未设置
  运行 24: ''
    字体: 未设置
    大小: 未设置
    粗体: 未设置
    斜体: 未设置
    下划线: 未设置
    标准颜色: 未设置
  运行 25: ''
    字体: 未设置
    大小: 未设置
    粗体: 未设置
    斜体: 未设置
    下划线: 未设置
    标准颜色: 未设置
  运行 26: ''
    字体: 未设置
    大小: 未设置
    粗体: 未设置
    斜体: 未设置
    下划线: 未设置
    标准颜色: 未设置
  运行 27: ''
    字体: 未设置
    大小: 未设置
    粗体: 未设置
    斜体: 未设置
    下划线: 未设置
    标准颜色: 未设置
  运行 28: ''
    字体: 未设置
    大小: 未设置
    粗体: 未设置
    斜体: 未设置
    下划线: 未设置
    标准颜色: 未设置
  运行 29: '表'
    字体: 未设置
    大小: 未设置
    粗体: 未设置
    斜体: 未设置
    下划线: 未设置
    标准颜色: 未设置
  运行 30: ' '
    字体: 未设置
    大小: 未设置
    粗体: 未设置
    斜体: 未设置
    下划线: 未设置
    标准颜色: 未设置
  运行 31: '4'
    字体: 未设置
    大小: 未设置
    粗体: 未设置
    斜体: 未设置
    下划线: 未设置
    标准颜色: 未设置
  运行 32: '-'
    字体: 未设置
    大小: 未设置
    粗体: 未设置
    斜体: 未设置
    下划线: 未设置
    标准颜色: 未设置
  运行 33: '7'
    字体: 未设置
    大小: 未设置
    粗体: 未设置
    斜体: 未设置
    下划线: 未设置
    标准颜色: 未设置
  运行 34: ''
    字体: 未设置
    大小: 未设置
    粗体: 未设置
    斜体: 未设置
    下划线: 未设置
    标准颜色: 未设置
  运行 35: '所示。'
    字体: 未设置
    大小: 未设置
    粗体: 未设置
    斜体: 未设置
    下划线: 未设置
    标准颜色: 未设置

段落 785:
文本内容: 通过SPSS信度检验得出的结果可以看出，本次问卷的克隆巴赫 Alpha的最低值是0.803，克隆巴赫Alpha值在所有项目中均超过0.8，表明问卷具有很高的信度。因此本次的调研问卷设计的可靠性、稳定性、一致性和信度较好。问卷整体设计和结构满足研究条件。
段落样式: 正文-缩进
从样式获取的格式:
  样式字体: 未设置
  样式字号: 未设置
  样式颜色: 未设置
对齐方式: 未设置
左缩进: 未设置
右缩进: 未设置
首行缩进: 未设置
行间距: 未设置
从XML读取的格式:
  运行 1: '通过'
    字体: 未设置
    大小: 未设置
    粗体: 未设置
    斜体: 未设置
    下划线: 未设置
    标准颜色: 未设置
  运行 2: 'SPSS'
    字体: 未设置
    大小: 未设置
    粗体: 未设置
    斜体: 未设置
    下划线: 未设置
    标准颜色: 未设置
  运行 3: '信度检验得出的结果可以看出，本次问卷的'
    字体: 未设置
    大小: 未设置
    粗体: 未设置
    斜体: 未设置
    下划线: 未设置
    标准颜色: 未设置
  运行 4: '克隆巴赫'
    字体: 未设置
    大小: 未设置
    粗体: 未设置
    斜体: 未设置
    下划线: 未设置
    标准颜色: 未设置
  运行 5: ' Alpha'
    字体: 未设置
    大小: 未设置
    粗体: 未设置
    斜体: 未设置
    下划线: 未设置
    标准颜色: 未设置
  运行 6: '的最低值是'
    字体: 未设置
    大小: 未设置
    粗体: 未设置
    斜体: 未设置
    下划线: 未设置
    标准颜色: 未设置
  运行 7: '0.803'
    字体: 未设置
    大小: 未设置
    粗体: 未设置
    斜体: 未设置
    下划线: 未设置
    标准颜色: 未设置
  运行 8: '，'
    字体: 未设置
    大小: 未设置
    粗体: 未设置
    斜体: 未设置
    下划线: 未设置
    标准颜色: 未设置
  运行 9: '克隆巴赫'
    字体: 未设置
    大小: 未设置
    粗体: 未设置
    斜体: 未设置
    下划线: 未设置
    标准颜色: 未设置
  运行 10: 'Alpha'
    字体: 未设置
    大小: 未设置
    粗体: 未设置
    斜体: 未设置
    下划线: 未设置
    标准颜色: 未设置
  运行 11: '值在所有项目中均超过'
    字体: 未设置
    大小: 未设置
    粗体: 未设置
    斜体: 未设置
    下划线: 未设置
    标准颜色: 未设置
  运行 12: '0.8'
    字体: 未设置
    大小: 未设置
    粗体: 未设置
    斜体: 未设置
    下划线: 未设置
    标准颜色: 未设置
  运行 13: '，表明问卷具有很高的信度。'
    字体: 未设置
    大小: 未设置
    粗体: 未设置
    斜体: 未设置
    下划线: 未设置
    标准颜色: 未设置
  运行 14: '因此本次的调研问卷设计的可靠性、稳定性、一致性和信度较好。问卷整体设计和结构满足研究条件。'
    字体: 未设置
    大小: 未设置
    粗体: 未设置
    斜体: 未设置
    下划线: 未设置
    标准颜色: 未设置

段落 787:
文本内容: 表 4-7　调研问卷信度检验
段落样式: Caption
从样式获取的格式:
  样式字体: 未设置
  样式字号: 未设置
  样式颜色: 未设置
对齐方式: 未设置
左缩进: 未设置
右缩进: 未设置
首行缩进: 未设置
行间距: 未设置
从XML读取的格式:
  运行 1: '表'
    字体: 未设置
    大小: 未设置
    粗体: 未设置
    斜体: 未设置
    下划线: 未设置
    标准颜色: 未设置
  运行 2: ' '
    字体: 未设置
    大小: 未设置
    粗体: 未设置
    斜体: 未设置
    下划线: 未设置
    标准颜色: 未设置
  运行 3: ''
    字体: 未设置
    大小: 未设置
    粗体: 未设置
    斜体: 未设置
    下划线: 未设置
    标准颜色: 未设置
  运行 4: ''
    字体: 未设置
    大小: 未设置
    粗体: 未设置
    斜体: 未设置
    下划线: 未设置
    标准颜色: 未设置
  运行 5: ''
    字体: 未设置
    大小: 未设置
    粗体: 未设置
    斜体: 未设置
    下划线: 未设置
    标准颜色: 未设置
  运行 6: ''
    字体: 未设置
    大小: 未设置
    粗体: 未设置
    斜体: 未设置
    下划线: 未设置
    标准颜色: 未设置
  运行 7: ''
    字体: 未设置
    大小: 未设置
    粗体: 未设置
    斜体: 未设置
    下划线: 未设置
    标准颜色: 未设置
  运行 8: '4'
    字体: 未设置
    大小: 未设置
    粗体: 未设置
    斜体: 未设置
    下划线: 未设置
    标准颜色: 未设置
  运行 9: ''
    字体: 未设置
    大小: 未设置
    粗体: 未设置
    斜体: 未设置
    下划线: 未设置
    标准颜色: 未设置
  运行 10: '-'
    字体: 未设置
    大小: 未设置
    粗体: 未设置
    斜体: 未设置
    下划线: 未设置
    标准颜色: 未设置
  运行 11: ''
    字体: 未设置
    大小: 未设置
    粗体: 未设置
    斜体: 未设置
    下划线: 未设置
    标准颜色: 未设置
  运行 12: ''
    字体: 未设置
    大小: 未设置
    粗体: 未设置
    斜体: 未设置
    下划线: 未设置
    标准颜色: 未设置
  运行 13: ''
    字体: 未设置
    大小: 未设置
    粗体: 未设置
    斜体: 未设置
    下划线: 未设置
    标准颜色: 未设置
  运行 14: ''
    字体: 未设置
    大小: 未设置
    粗体: 未设置
    斜体: 未设置
    下划线: 未设置
    标准颜色: 未设置
  运行 15: ''
    字体: 未设置
    大小: 未设置
    粗体: 未设置
    斜体: 未设置
    下划线: 未设置
    标准颜色: 未设置
  运行 16: ''
    字体: 未设置
    大小: 未设置
    粗体: 未设置
    斜体: 未设置
    下划线: 未设置
    标准颜色: 未设置
  运行 17: ''
    字体: 未设置
    大小: 未设置
    粗体: 未设置
    斜体: 未设置
    下划线: 未设置
    标准颜色: 未设置
  运行 18: '7'
    字体: 未设置
    大小: 未设置
    粗体: 未设置
    斜体: 未设置
    下划线: 未设置
    标准颜色: 未设置
  运行 19: ''
    字体: 未设置
    大小: 未设置
    粗体: 未设置
    斜体: 未设置
    下划线: 未设置
    标准颜色: 未设置
  运行 20: '　'
    字体: 未设置
    大小: 未设置
    粗体: 未设置
    斜体: 未设置
    下划线: 未设置
    标准颜色: 未设置
  运行 21: '调研'
    字体: 未设置
    大小: 未设置
    粗体: 未设置
    斜体: 未设置
    下划线: 未设置
    标准颜色: 未设置
  运行 22: '问卷信度检验'
    字体: 未设置
    大小: 未设置
    粗体: 未设置
    斜体: 未设置
    下划线: 未设置
    标准颜色: 未设置

段落 788:
文本内容: 资料来源：作者整理，Y公司问卷调研，2024.
段落样式: 图表资料来源
从样式获取的格式:
  样式字体: 未设置
  样式字号: 114300
  样式字号(pt): 9.0
  样式颜色: 未设置
对齐方式: 未设置
左缩进: 未设置
右缩进: 未设置
首行缩进: 未设置
行间距: 未设置
从XML读取的格式:
  运行 1: '资料来源'
    字体: 未设置
    大小: 未设置
    粗体: 未设置
    斜体: 未设置
    下划线: 未设置
    标准颜色: 未设置
  运行 2: '：'
    字体: 未设置
    大小: 未设置
    粗体: 未设置
    斜体: 未设置
    下划线: 未设置
    标准颜色: 未设置
  运行 3: '作者整理，'
    字体: 未设置
    大小: 未设置
    粗体: 未设置
    斜体: 未设置
    下划线: 未设置
    标准颜色: 未设置
  运行 4: 'Y'
    字体: 未设置
    大小: 未设置
    粗体: 未设置
    斜体: 未设置
    下划线: 未设置
    标准颜色: 未设置
  运行 5: '公司'
    字体: 未设置
    大小: 未设置
    粗体: 未设置
    斜体: 未设置
    下划线: 未设置
    标准颜色: 未设置
  运行 6: '问卷'
    字体: 未设置
    大小: 未设置
    粗体: 未设置
    斜体: 未设置
    下划线: 未设置
    标准颜色: 未设置
  运行 7: '调研，'
    字体: 未设置
    大小: 未设置
    粗体: 未设置
    斜体: 未设置
    下划线: 未设置
    标准颜色: 未设置
  运行 8: '20'
    字体: 未设置
    大小: 未设置
    粗体: 未设置
    斜体: 未设置
    下划线: 未设置
    标准颜色: 未设置
  运行 9: '2'
    字体: 未设置
    大小: 未设置
    粗体: 未设置
    斜体: 未设置
    下划线: 未设置
    标准颜色: 未设置
  运行 10: '4'
    字体: 未设置
    大小: 未设置
    粗体: 未设置
    斜体: 未设置
    下划线: 未设置
    标准颜色: 未设置
  运行 11: '.'
    字体: 未设置
    大小: 未设置
    粗体: 未设置
    斜体: 未设置
    下划线: 未设置
    标准颜色: 未设置

段落 790:
文本内容: 问卷效度分析
段落样式: Heading 5
从样式获取的格式:
  样式字体: 未设置
  样式字号: 未设置
  样式颜色: 未设置
对齐方式: 未设置
左缩进: 未设置
右缩进: 未设置
首行缩进: 304800
行间距: 未设置
从XML读取的格式:
  运行 1: '问卷效度分析'
    字体: 未设置
    大小: 未设置
    粗体: 未设置
    斜体: 未设置
    下划线: 未设置
    标准颜色: 未设置

段落 791:
文本内容: 效度（也称为有效度）是指测量结果的准确性，即测量结果与其测量目标的接近程度。对于问卷来说，效度反映了问卷测量理论概念的能力，即问卷实际测量的内容与设计问卷的理论框架的一致性[57]。效度分析可以用来检验调研问卷是否可以实现研究目的，主要考察KMO值和巴特利球形检验的p值。根据这些标准，对本研究的问卷进行了效度评估，结果如表 4-8所示。
段落样式: 正文-缩进
从样式获取的格式:
  样式字体: 未设置
  样式字号: 未设置
  样式颜色: 未设置
对齐方式: 未设置
左缩进: 未设置
右缩进: 未设置
首行缩进: 未设置
行间距: 未设置
从XML读取的格式:
  运行 1: '效'
    字体: 未设置
    大小: 未设置
    粗体: 未设置
    斜体: 未设置
    下划线: 未设置
    标准颜色: 未设置
  运行 2: '度'
    字体: 未设置
    大小: 未设置
    粗体: 未设置
    斜体: 未设置
    下划线: 未设置
    标准颜色: 未设置
  运行 3: '（'
    字体: 未设置
    大小: 未设置
    粗体: 未设置
    斜体: 未设置
    下划线: 未设置
    标准颜色: 未设置
  运行 4: '也称为'
    字体: 未设置
    大小: 未设置
    粗体: 未设置
    斜体: 未设置
    下划线: 未设置
    标准颜色: 未设置
  运行 5: '有'
    字体: 未设置
    大小: 未设置
    粗体: 未设置
    斜体: 未设置
    下划线: 未设置
    标准颜色: 未设置
  运行 6: '效度'
    字体: 未设置
    大小: 未设置
    粗体: 未设置
    斜体: 未设置
    下划线: 未设置
    标准颜色: 未设置
  运行 7: '）'
    字体: 未设置
    大小: 未设置
    粗体: 未设置
    斜体: 未设置
    下划线: 未设置
    标准颜色: 未设置
  运行 8: '是指测量结果的准确性，即测量结果与其测量目标的接近程度。对于问卷来说，效度反映了问卷测量理论概念的能力，即问卷实际测量的内容与设计问卷的理论框架的'
    字体: 未设置
    大小: 未设置
    粗体: 未设置
    斜体: 未设置
    下划线: 未设置
    标准颜色: 未设置
  运行 9: '一致性'
    字体: 未设置
    大小: 未设置
    粗体: 未设置
    斜体: 未设置
    下划线: 未设置
    标准颜色: 未设置
  运行 10: '['
    字体: 未设置
    大小: 未设置
    粗体: 未设置
    斜体: 未设置
    下划线: 未设置
    标准颜色: 未设置
  运行 11: ''
    字体: 未设置
    大小: 未设置
    粗体: 未设置
    斜体: 未设置
    下划线: 未设置
    标准颜色: 未设置
  运行 12: ''
    字体: 未设置
    大小: 未设置
    粗体: 未设置
    斜体: 未设置
    下划线: 未设置
    标准颜色: 未设置
  运行 13: ''
    字体: 未设置
    大小: 未设置
    粗体: 未设置
    斜体: 未设置
    下划线: 未设置
    标准颜色: 未设置
  运行 14: ''
    字体: 未设置
    大小: 未设置
    粗体: 未设置
    斜体: 未设置
    下划线: 未设置
    标准颜色: 未设置
  运行 15: ''
    字体: 未设置
    大小: 未设置
    粗体: 未设置
    斜体: 未设置
    下划线: 未设置
    标准颜色: 未设置
  运行 16: ''
    字体: 未设置
    大小: 未设置
    粗体: 未设置
    斜体: 未设置
    下划线: 未设置
    标准颜色: 未设置
  运行 17: '57'
    字体: 未设置
    大小: 未设置
    粗体: 未设置
    斜体: 未设置
    下划线: 未设置
    标准颜色: 未设置
  运行 18: ''
    字体: 未设置
    大小: 未设置
    粗体: 未设置
    斜体: 未设置
    下划线: 未设置
    标准颜色: 未设置
  运行 19: ']'
    字体: 未设置
    大小: 未设置
    粗体: 未设置
    斜体: 未设置
    下划线: 未设置
    标准颜色: 未设置
  运行 20: '。'
    字体: 未设置
    大小: 未设置
    粗体: 未设置
    斜体: 未设置
    下划线: 未设置
    标准颜色: 未设置
  运行 21: '效度分析可以用来检验调研问卷是否可以实现研究目的，主要考察'
    字体: 未设置
    大小: 未设置
    粗体: 未设置
    斜体: 未设置
    下划线: 未设置
    标准颜色: 未设置
  运行 22: 'KMO'
    字体: 未设置
    大小: 未设置
    粗体: 未设置
    斜体: 未设置
    下划线: 未设置
    标准颜色: 未设置
  运行 23: '值和巴特利球形检验的'
    字体: 未设置
    大小: 未设置
    粗体: 未设置
    斜体: 未设置
    下划线: 未设置
    标准颜色: 未设置
  运行 24: 'p'
    字体: 未设置
    大小: 未设置
    粗体: 未设置
    斜体: 未设置
    下划线: 未设置
    标准颜色: 未设置
  运行 25: '值。'
    字体: 未设置
    大小: 未设置
    粗体: 未设置
    斜体: 未设置
    下划线: 未设置
    标准颜色: 未设置
  运行 26: '根据这些标准，对本研究的问卷进行了效度评估'
    字体: 未设置
    大小: 未设置
    粗体: 未设置
    斜体: 未设置
    下划线: 未设置
    标准颜色: 未设置
  运行 27: '，'
    字体: 未设置
    大小: 未设置
    粗体: 未设置
    斜体: 未设置
    下划线: 未设置
    标准颜色: 未设置
  运行 28: '结果如'
    字体: 未设置
    大小: 未设置
    粗体: 未设置
    斜体: 未设置
    下划线: 未设置
    标准颜色: 未设置
  运行 29: ''
    字体: 未设置
    大小: 未设置
    粗体: 未设置
    斜体: 未设置
    下划线: 未设置
    标准颜色: 未设置
  运行 30: ''
    字体: 未设置
    大小: 未设置
    粗体: 未设置
    斜体: 未设置
    下划线: 未设置
    标准颜色: 未设置
  运行 31: ''
    字体: 未设置
    大小: 未设置
    粗体: 未设置
    斜体: 未设置
    下划线: 未设置
    标准颜色: 未设置
  运行 32: ''
    字体: 未设置
    大小: 未设置
    粗体: 未设置
    斜体: 未设置
    下划线: 未设置
    标准颜色: 未设置
  运行 33: ''
    字体: 未设置
    大小: 未设置
    粗体: 未设置
    斜体: 未设置
    下划线: 未设置
    标准颜色: 未设置
  运行 34: '表'
    字体: 未设置
    大小: 未设置
    粗体: 未设置
    斜体: 未设置
    下划线: 未设置
    标准颜色: 未设置
  运行 35: ' '
    字体: 未设置
    大小: 未设置
    粗体: 未设置
    斜体: 未设置
    下划线: 未设置
    标准颜色: 未设置
  运行 36: '4'
    字体: 未设置
    大小: 未设置
    粗体: 未设置
    斜体: 未设置
    下划线: 未设置
    标准颜色: 未设置
  运行 37: '-'
    字体: 未设置
    大小: 未设置
    粗体: 未设置
    斜体: 未设置
    下划线: 未设置
    标准颜色: 未设置
  运行 38: '8'
    字体: 未设置
    大小: 未设置
    粗体: 未设置
    斜体: 未设置
    下划线: 未设置
    标准颜色: 未设置
  运行 39: ''
    字体: 未设置
    大小: 未设置
    粗体: 未设置
    斜体: 未设置
    下划线: 未设置
    标准颜色: 未设置
  运行 40: '所示'
    字体: 未设置
    大小: 未设置
    粗体: 未设置
    斜体: 未设置
    下划线: 未设置
    标准颜色: 未设置
  运行 41: '。'
    字体: 未设置
    大小: 未设置
    粗体: 未设置
    斜体: 未设置
    下划线: 未设置
    标准颜色: 未设置

段落 793:
文本内容: 表 4-8　KMO值与巴特利特球形检验
段落样式: Caption
从样式获取的格式:
  样式字体: 未设置
  样式字号: 未设置
  样式颜色: 未设置
对齐方式: 未设置
左缩进: 未设置
右缩进: 未设置
首行缩进: 未设置
行间距: 未设置
从XML读取的格式:
  运行 1: '表'
    字体: 未设置
    大小: 未设置
    粗体: 未设置
    斜体: 未设置
    下划线: 未设置
    标准颜色: 未设置
  运行 2: ' '
    字体: 未设置
    大小: 未设置
    粗体: 未设置
    斜体: 未设置
    下划线: 未设置
    标准颜色: 未设置
  运行 3: ''
    字体: 未设置
    大小: 未设置
    粗体: 未设置
    斜体: 未设置
    下划线: 未设置
    标准颜色: 未设置
  运行 4: ''
    字体: 未设置
    大小: 未设置
    粗体: 未设置
    斜体: 未设置
    下划线: 未设置
    标准颜色: 未设置
  运行 5: ''
    字体: 未设置
    大小: 未设置
    粗体: 未设置
    斜体: 未设置
    下划线: 未设置
    标准颜色: 未设置
  运行 6: ''
    字体: 未设置
    大小: 未设置
    粗体: 未设置
    斜体: 未设置
    下划线: 未设置
    标准颜色: 未设置
  运行 7: ''
    字体: 未设置
    大小: 未设置
    粗体: 未设置
    斜体: 未设置
    下划线: 未设置
    标准颜色: 未设置
  运行 8: '4'
    字体: 未设置
    大小: 未设置
    粗体: 未设置
    斜体: 未设置
    下划线: 未设置
    标准颜色: 未设置
  运行 9: ''
    字体: 未设置
    大小: 未设置
    粗体: 未设置
    斜体: 未设置
    下划线: 未设置
    标准颜色: 未设置
  运行 10: '-'
    字体: 未设置
    大小: 未设置
    粗体: 未设置
    斜体: 未设置
    下划线: 未设置
    标准颜色: 未设置
  运行 11: ''
    字体: 未设置
    大小: 未设置
    粗体: 未设置
    斜体: 未设置
    下划线: 未设置
    标准颜色: 未设置
  运行 12: ''
    字体: 未设置
    大小: 未设置
    粗体: 未设置
    斜体: 未设置
    下划线: 未设置
    标准颜色: 未设置
  运行 13: ''
    字体: 未设置
    大小: 未设置
    粗体: 未设置
    斜体: 未设置
    下划线: 未设置
    标准颜色: 未设置
  运行 14: ''
    字体: 未设置
    大小: 未设置
    粗体: 未设置
    斜体: 未设置
    下划线: 未设置
    标准颜色: 未设置
  运行 15: ''
    字体: 未设置
    大小: 未设置
    粗体: 未设置
    斜体: 未设置
    下划线: 未设置
    标准颜色: 未设置
  运行 16: ''
    字体: 未设置
    大小: 未设置
    粗体: 未设置
    斜体: 未设置
    下划线: 未设置
    标准颜色: 未设置
  运行 17: ''
    字体: 未设置
    大小: 未设置
    粗体: 未设置
    斜体: 未设置
    下划线: 未设置
    标准颜色: 未设置
  运行 18: '8'
    字体: 未设置
    大小: 未设置
    粗体: 未设置
    斜体: 未设置
    下划线: 未设置
    标准颜色: 未设置
  运行 19: ''
    字体: 未设置
    大小: 未设置
    粗体: 未设置
    斜体: 未设置
    下划线: 未设置
    标准颜色: 未设置
  运行 20: '　'
    字体: 未设置
    大小: 未设置
    粗体: 未设置
    斜体: 未设置
    下划线: 未设置
    标准颜色: 未设置
  运行 21: 'KMO'
    字体: 未设置
    大小: 未设置
    粗体: 未设置
    斜体: 未设置
    下划线: 未设置
    标准颜色: 未设置
  运行 22: '值与巴特利特球形检验'
    字体: 未设置
    大小: 未设置
    粗体: 未设置
    斜体: 未设置
    下划线: 未设置
    标准颜色: 未设置

段落 794:
文本内容: 资料来源：作者整理，Y公司问卷调研，2024.
段落样式: 图表资料来源
从样式获取的格式:
  样式字体: 未设置
  样式字号: 114300
  样式字号(pt): 9.0
  样式颜色: 未设置
对齐方式: 未设置
左缩进: 未设置
右缩进: 未设置
首行缩进: 未设置
行间距: 未设置
从XML读取的格式:
  运行 1: '资料来源'
    字体: 未设置
    大小: 未设置
    粗体: 未设置
    斜体: 未设置
    下划线: 未设置
    标准颜色: 未设置
  运行 2: '：'
    字体: 未设置
    大小: 未设置
    粗体: 未设置
    斜体: 未设置
    下划线: 未设置
    标准颜色: 未设置
  运行 3: '作者整理，'
    字体: 未设置
    大小: 未设置
    粗体: 未设置
    斜体: 未设置
    下划线: 未设置
    标准颜色: 未设置
  运行 4: 'Y'
    字体: 未设置
    大小: 未设置
    粗体: 未设置
    斜体: 未设置
    下划线: 未设置
    标准颜色: 未设置
  运行 5: '公司问卷调研'
    字体: 未设置
    大小: 未设置
    粗体: 未设置
    斜体: 未设置
    下划线: 未设置
    标准颜色: 未设置
  运行 6: '，'
    字体: 未设置
    大小: 未设置
    粗体: 未设置
    斜体: 未设置
    下划线: 未设置
    标准颜色: 未设置
  运行 7: '20'
    字体: 未设置
    大小: 未设置
    粗体: 未设置
    斜体: 未设置
    下划线: 未设置
    标准颜色: 未设置
  运行 8: '2'
    字体: 未设置
    大小: 未设置
    粗体: 未设置
    斜体: 未设置
    下划线: 未设置
    标准颜色: 未设置
  运行 9: '4'
    字体: 未设置
    大小: 未设置
    粗体: 未设置
    斜体: 未设置
    下划线: 未设置
    标准颜色: 未设置
  运行 10: '.'
    字体: 未设置
    大小: 未设置
    粗体: 未设置
    斜体: 未设置
    下划线: 未设置
    标准颜色: 未设置

段落 796:
文本内容: 本问卷的KMO检验结果为0.857，表明本调查问卷效度高。本调查问卷的巴特利特球形检验显著性p值为0，小于0.05阈值，表明此调查问卷通过检验。
段落样式: 正文-缩进
从样式获取的格式:
  样式字体: 未设置
  样式字号: 未设置
  样式颜色: 未设置
对齐方式: 未设置
左缩进: 未设置
右缩进: 未设置
首行缩进: 未设置
行间距: 未设置
从XML读取的格式:
  运行 1: '本问卷的'
    字体: 未设置
    大小: 未设置
    粗体: 未设置
    斜体: 未设置
    下划线: 未设置
    标准颜色: 未设置
  运行 2: 'KMO'
    字体: 未设置
    大小: 未设置
    粗体: 未设置
    斜体: 未设置
    下划线: 未设置
    标准颜色: 未设置
  运行 3: '检验结果为'
    字体: 未设置
    大小: 未设置
    粗体: 未设置
    斜体: 未设置
    下划线: 未设置
    标准颜色: 未设置
  运行 4: '0.857'
    字体: 未设置
    大小: 未设置
    粗体: 未设置
    斜体: 未设置
    下划线: 未设置
    标准颜色: 未设置
  运行 5: '，表明本调查问卷效度高。本调查问卷的巴特利特球形检验显著性'
    字体: 未设置
    大小: 未设置
    粗体: 未设置
    斜体: 未设置
    下划线: 未设置
    标准颜色: 未设置
  运行 6: 'p'
    字体: 未设置
    大小: 未设置
    粗体: 未设置
    斜体: 未设置
    下划线: 未设置
    标准颜色: 未设置
  运行 7: '值为'
    字体: 未设置
    大小: 未设置
    粗体: 未设置
    斜体: 未设置
    下划线: 未设置
    标准颜色: 未设置
  运行 8: '0'
    字体: 未设置
    大小: 未设置
    粗体: 未设置
    斜体: 未设置
    下划线: 未设置
    标准颜色: 未设置
  运行 9: '，小于'
    字体: 未设置
    大小: 未设置
    粗体: 未设置
    斜体: 未设置
    下划线: 未设置
    标准颜色: 未设置
  运行 10: '0.05'
    字体: 未设置
    大小: 未设置
    粗体: 未设置
    斜体: 未设置
    下划线: 未设置
    标准颜色: 未设置
  运行 11: '阈值，表明此调查问卷通过检验。'
    字体: 未设置
    大小: 未设置
    粗体: 未设置
    斜体: 未设置
    下划线: 未设置
    标准颜色: 未设置

段落 797:
文本内容: 问卷调查结果
段落样式: Heading 5
从样式获取的格式:
  样式字体: 未设置
  样式字号: 未设置
  样式颜色: 未设置
对齐方式: 未设置
左缩进: 未设置
右缩进: 未设置
首行缩进: 304800
行间距: 未设置
从XML读取的格式:
  运行 1: '问卷'
    字体: 未设置
    大小: 未设置
    粗体: 未设置
    斜体: 未设置
    下划线: 未设置
    标准颜色: 未设置
  运行 2: '调查'
    字体: 未设置
    大小: 未设置
    粗体: 未设置
    斜体: 未设置
    下划线: 未设置
    标准颜色: 未设置
  运行 3: '结果'
    字体: 未设置
    大小: 未设置
    粗体: 未设置
    斜体: 未设置
    下划线: 未设置
    标准颜色: 未设置

段落 798:
文本内容: 笔者对问卷调研的基本信息进行描述性统计，从年龄角度看，45以下的占据75.2%，说明Y公司产品的使用客户趋向年轻化，主要以视光产品和检查产品为主。从对公司产品了解情况上看，熟悉视光产品的占37.9%，熟悉检查产品的占29.2%，这两部分合计占67.1%，具体结果如表 4-9所示。这和Y公司的产品结构有关，视光产品和检查产品在医疗机构有较高知名度。
段落样式: 正文-缩进
从样式获取的格式:
  样式字体: 未设置
  样式字号: 未设置
  样式颜色: 未设置
对齐方式: 未设置
左缩进: 未设置
右缩进: 未设置
首行缩进: 未设置
行间距: 未设置
从XML读取的格式:
  运行 1: '笔者对问卷调研的基本信息进行描述性统计，'
    字体: 未设置
    大小: 未设置
    粗体: 未设置
    斜体: 未设置
    下划线: 未设置
    标准颜色: 未设置
  运行 2: '从年龄角度看，'
    字体: 未设置
    大小: 未设置
    粗体: 未设置
    斜体: 未设置
    下划线: 未设置
    标准颜色: 未设置
  运行 3: '45'
    字体: 未设置
    大小: 未设置
    粗体: 未设置
    斜体: 未设置
    下划线: 未设置
    标准颜色: 未设置
  运行 4: '以下的占据'
    字体: 未设置
    大小: 未设置
    粗体: 未设置
    斜体: 未设置
    下划线: 未设置
    标准颜色: 未设置
  运行 5: '75.2%'
    字体: 未设置
    大小: 未设置
    粗体: 未设置
    斜体: 未设置
    下划线: 未设置
    标准颜色: 未设置
  运行 6: '，说明'
    字体: 未设置
    大小: 未设置
    粗体: 未设置
    斜体: 未设置
    下划线: 未设置
    标准颜色: 未设置
  运行 7: 'Y'
    字体: 未设置
    大小: 未设置
    粗体: 未设置
    斜体: 未设置
    下划线: 未设置
    标准颜色: 未设置
  运行 8: '公司产品的使用客户趋向年轻化，主要以视光产品和检查产品为主。从对公司产品了解情况上看，熟悉视光产品的占'
    字体: 未设置
    大小: 未设置
    粗体: 未设置
    斜体: 未设置
    下划线: 未设置
    标准颜色: 未设置
  运行 9: '37.9%'
    字体: 未设置
    大小: 未设置
    粗体: 未设置
    斜体: 未设置
    下划线: 未设置
    标准颜色: 未设置
  运行 10: '，熟悉检查产品的占'
    字体: 未设置
    大小: 未设置
    粗体: 未设置
    斜体: 未设置
    下划线: 未设置
    标准颜色: 未设置
  运行 11: '29.2%'
    字体: 未设置
    大小: 未设置
    粗体: 未设置
    斜体: 未设置
    下划线: 未设置
    标准颜色: 未设置
  运行 12: '，这两部分合计占'
    字体: 未设置
    大小: 未设置
    粗体: 未设置
    斜体: 未设置
    下划线: 未设置
    标准颜色: 未设置
  运行 13: '67.1%'
    字体: 未设置
    大小: 未设置
    粗体: 未设置
    斜体: 未设置
    下划线: 未设置
    标准颜色: 未设置
  运行 14: '，具体结果'
    字体: 未设置
    大小: 未设置
    粗体: 未设置
    斜体: 未设置
    下划线: 未设置
    标准颜色: 未设置
  运行 15: '如'
    字体: 未设置
    大小: 未设置
    粗体: 未设置
    斜体: 未设置
    下划线: 未设置
    标准颜色: 未设置
  运行 16: ''
    字体: 未设置
    大小: 未设置
    粗体: 未设置
    斜体: 未设置
    下划线: 未设置
    标准颜色: 未设置
  运行 17: ''
    字体: 未设置
    大小: 未设置
    粗体: 未设置
    斜体: 未设置
    下划线: 未设置
    标准颜色: 未设置
  运行 18: ''
    字体: 未设置
    大小: 未设置
    粗体: 未设置
    斜体: 未设置
    下划线: 未设置
    标准颜色: 未设置
  运行 19: ''
    字体: 未设置
    大小: 未设置
    粗体: 未设置
    斜体: 未设置
    下划线: 未设置
    标准颜色: 未设置
  运行 20: ''
    字体: 未设置
    大小: 未设置
    粗体: 未设置
    斜体: 未设置
    下划线: 未设置
    标准颜色: 未设置
  运行 21: '表'
    字体: 未设置
    大小: 未设置
    粗体: 未设置
    斜体: 未设置
    下划线: 未设置
    标准颜色: 未设置
  运行 22: ' '
    字体: 未设置
    大小: 未设置
    粗体: 未设置
    斜体: 未设置
    下划线: 未设置
    标准颜色: 未设置
  运行 23: '4'
    字体: 未设置
    大小: 未设置
    粗体: 未设置
    斜体: 未设置
    下划线: 未设置
    标准颜色: 未设置
  运行 24: '-'
    字体: 未设置
    大小: 未设置
    粗体: 未设置
    斜体: 未设置
    下划线: 未设置
    标准颜色: 未设置
  运行 25: '9'
    字体: 未设置
    大小: 未设置
    粗体: 未设置
    斜体: 未设置
    下划线: 未设置
    标准颜色: 未设置
  运行 26: ''
    字体: 未设置
    大小: 未设置
    粗体: 未设置
    斜体: 未设置
    下划线: 未设置
    标准颜色: 未设置
  运行 27: '所示'
    字体: 未设置
    大小: 未设置
    粗体: 未设置
    斜体: 未设置
    下划线: 未设置
    标准颜色: 未设置
  运行 28: '。'
    字体: 未设置
    大小: 未设置
    粗体: 未设置
    斜体: 未设置
    下划线: 未设置
    标准颜色: 未设置
  运行 29: '这和'
    字体: 未设置
    大小: 未设置
    粗体: 未设置
    斜体: 未设置
    下划线: 未设置
    标准颜色: 未设置
  运行 30: 'Y'
    字体: 未设置
    大小: 未设置
    粗体: 未设置
    斜体: 未设置
    下划线: 未设置
    标准颜色: 未设置
  运行 31: '公司的产品结构有关，视光产品和检查产品在医疗机构有较高知名度。'
    字体: 未设置
    大小: 未设置
    粗体: 未设置
    斜体: 未设置
    下划线: 未设置
    标准颜色: 未设置

段落 800:
文本内容: 表 4-9　调研问卷结果第一部分
段落样式: Caption
从样式获取的格式:
  样式字体: 未设置
  样式字号: 未设置
  样式颜色: 未设置
对齐方式: 未设置
左缩进: 未设置
右缩进: 未设置
首行缩进: 未设置
行间距: 未设置
从XML读取的格式:
  运行 1: '表'
    字体: 未设置
    大小: 未设置
    粗体: 未设置
    斜体: 未设置
    下划线: 未设置
    标准颜色: 未设置
  运行 2: ' '
    字体: 未设置
    大小: 未设置
    粗体: 未设置
    斜体: 未设置
    下划线: 未设置
    标准颜色: 未设置
  运行 3: ''
    字体: 未设置
    大小: 未设置
    粗体: 未设置
    斜体: 未设置
    下划线: 未设置
    标准颜色: 未设置
  运行 4: ''
    字体: 未设置
    大小: 未设置
    粗体: 未设置
    斜体: 未设置
    下划线: 未设置
    标准颜色: 未设置
  运行 5: ''
    字体: 未设置
    大小: 未设置
    粗体: 未设置
    斜体: 未设置
    下划线: 未设置
    标准颜色: 未设置
  运行 6: ''
    字体: 未设置
    大小: 未设置
    粗体: 未设置
    斜体: 未设置
    下划线: 未设置
    标准颜色: 未设置
  运行 7: ''
    字体: 未设置
    大小: 未设置
    粗体: 未设置
    斜体: 未设置
    下划线: 未设置
    标准颜色: 未设置
  运行 8: '4'
    字体: 未设置
    大小: 未设置
    粗体: 未设置
    斜体: 未设置
    下划线: 未设置
    标准颜色: 未设置
  运行 9: ''
    字体: 未设置
    大小: 未设置
    粗体: 未设置
    斜体: 未设置
    下划线: 未设置
    标准颜色: 未设置
  运行 10: '-'
    字体: 未设置
    大小: 未设置
    粗体: 未设置
    斜体: 未设置
    下划线: 未设置
    标准颜色: 未设置
  运行 11: ''
    字体: 未设置
    大小: 未设置
    粗体: 未设置
    斜体: 未设置
    下划线: 未设置
    标准颜色: 未设置
  运行 12: ''
    字体: 未设置
    大小: 未设置
    粗体: 未设置
    斜体: 未设置
    下划线: 未设置
    标准颜色: 未设置
  运行 13: ''
    字体: 未设置
    大小: 未设置
    粗体: 未设置
    斜体: 未设置
    下划线: 未设置
    标准颜色: 未设置
  运行 14: ''
    字体: 未设置
    大小: 未设置
    粗体: 未设置
    斜体: 未设置
    下划线: 未设置
    标准颜色: 未设置
  运行 15: ''
    字体: 未设置
    大小: 未设置
    粗体: 未设置
    斜体: 未设置
    下划线: 未设置
    标准颜色: 未设置
  运行 16: ''
    字体: 未设置
    大小: 未设置
    粗体: 未设置
    斜体: 未设置
    下划线: 未设置
    标准颜色: 未设置
  运行 17: ''
    字体: 未设置
    大小: 未设置
    粗体: 未设置
    斜体: 未设置
    下划线: 未设置
    标准颜色: 未设置
  运行 18: '9'
    字体: 未设置
    大小: 未设置
    粗体: 未设置
    斜体: 未设置
    下划线: 未设置
    标准颜色: 未设置
  运行 19: ''
    字体: 未设置
    大小: 未设置
    粗体: 未设置
    斜体: 未设置
    下划线: 未设置
    标准颜色: 未设置
  运行 20: '　'
    字体: 未设置
    大小: 未设置
    粗体: 未设置
    斜体: 未设置
    下划线: 未设置
    标准颜色: 未设置
  运行 21: '调研问卷'
    字体: 未设置
    大小: 未设置
    粗体: 未设置
    斜体: 未设置
    下划线: 未设置
    标准颜色: 未设置
  运行 22: '结果第一部分'
    字体: 未设置
    大小: 未设置
    粗体: 未设置
    斜体: 未设置
    下划线: 未设置
    标准颜色: 未设置

段落 801:
文本内容: 资料来源：作者整理，Y公司问卷调研，2024.
段落样式: 图表资料来源
从样式获取的格式:
  样式字体: 未设置
  样式字号: 114300
  样式字号(pt): 9.0
  样式颜色: 未设置
对齐方式: 未设置
左缩进: 未设置
右缩进: 未设置
首行缩进: 未设置
行间距: 未设置
从XML读取的格式:
  运行 1: '资料来源'
    字体: 未设置
    大小: 未设置
    粗体: 未设置
    斜体: 未设置
    下划线: 未设置
    标准颜色: 未设置
  运行 2: '：'
    字体: 未设置
    大小: 未设置
    粗体: 未设置
    斜体: 未设置
    下划线: 未设置
    标准颜色: 未设置
  运行 3: '作者整理，'
    字体: 未设置
    大小: 未设置
    粗体: 未设置
    斜体: 未设置
    下划线: 未设置
    标准颜色: 未设置
  运行 4: 'Y'
    字体: 未设置
    大小: 未设置
    粗体: 未设置
    斜体: 未设置
    下划线: 未设置
    标准颜色: 未设置
  运行 5: '公司问卷调研'
    字体: 未设置
    大小: 未设置
    粗体: 未设置
    斜体: 未设置
    下划线: 未设置
    标准颜色: 未设置
  运行 6: '，'
    字体: 未设置
    大小: 未设置
    粗体: 未设置
    斜体: 未设置
    下划线: 未设置
    标准颜色: 未设置
  运行 7: '20'
    字体: 未设置
    大小: 未设置
    粗体: 未设置
    斜体: 未设置
    下划线: 未设置
    标准颜色: 未设置
  运行 8: '2'
    字体: 未设置
    大小: 未设置
    粗体: 未设置
    斜体: 未设置
    下划线: 未设置
    标准颜色: 未设置
  运行 9: '4'
    字体: 未设置
    大小: 未设置
    粗体: 未设置
    斜体: 未设置
    下划线: 未设置
    标准颜色: 未设置
  运行 10: '.'
    字体: 未设置
    大小: 未设置
    粗体: 未设置
    斜体: 未设置
    下划线: 未设置
    标准颜色: 未设置

段落 803:
文本内容: 通过以上初步分析可以看出，问卷的信度和效度较高，说明问卷的结构和量表设计合理，因此在后续对公司营销问题的分析中，可以对问卷调研结果数据，如表 4-10所示，进行深入分析找出营销策略的具体短板和可以改进的地方。
段落样式: 正文-缩进
从样式获取的格式:
  样式字体: 未设置
  样式字号: 未设置
  样式颜色: 未设置
对齐方式: 未设置
左缩进: 未设置
右缩进: 未设置
首行缩进: 未设置
行间距: 未设置
从XML读取的格式:
  运行 1: '通过以上初步分析可以看出，问卷的信度和效度较高，说明问卷的结构和量表设计合理，因此在后续对公司营销问题的分析中，可以对问卷'
    字体: 未设置
    大小: 未设置
    粗体: 未设置
    斜体: 未设置
    下划线: 未设置
    标准颜色: 未设置
  运行 2: '调研'
    字体: 未设置
    大小: 未设置
    粗体: 未设置
    斜体: 未设置
    下划线: 未设置
    标准颜色: 未设置
  运行 3: '结果'
    字体: 未设置
    大小: 未设置
    粗体: 未设置
    斜体: 未设置
    下划线: 未设置
    标准颜色: 未设置
  运行 4: '数据'
    字体: 未设置
    大小: 未设置
    粗体: 未设置
    斜体: 未设置
    下划线: 未设置
    标准颜色: 未设置
  运行 5: '，如'
    字体: 未设置
    大小: 未设置
    粗体: 未设置
    斜体: 未设置
    下划线: 未设置
    标准颜色: 未设置
  运行 6: ''
    字体: 未设置
    大小: 未设置
    粗体: 未设置
    斜体: 未设置
    下划线: 未设置
    标准颜色: 未设置
  运行 7: ''
    字体: 未设置
    大小: 未设置
    粗体: 未设置
    斜体: 未设置
    下划线: 未设置
    标准颜色: 未设置
  运行 8: ''
    字体: 未设置
    大小: 未设置
    粗体: 未设置
    斜体: 未设置
    下划线: 未设置
    标准颜色: 未设置
  运行 9: ''
    字体: 未设置
    大小: 未设置
    粗体: 未设置
    斜体: 未设置
    下划线: 未设置
    标准颜色: 未设置
  运行 10: ''
    字体: 未设置
    大小: 未设置
    粗体: 未设置
    斜体: 未设置
    下划线: 未设置
    标准颜色: 未设置
  运行 11: '表'
    字体: 未设置
    大小: 未设置
    粗体: 未设置
    斜体: 未设置
    下划线: 未设置
    标准颜色: 未设置
  运行 12: ' '
    字体: 未设置
    大小: 未设置
    粗体: 未设置
    斜体: 未设置
    下划线: 未设置
    标准颜色: 未设置
  运行 13: '4'
    字体: 未设置
    大小: 未设置
    粗体: 未设置
    斜体: 未设置
    下划线: 未设置
    标准颜色: 未设置
  运行 14: '-'
    字体: 未设置
    大小: 未设置
    粗体: 未设置
    斜体: 未设置
    下划线: 未设置
    标准颜色: 未设置
  运行 15: '10'
    字体: 未设置
    大小: 未设置
    粗体: 未设置
    斜体: 未设置
    下划线: 未设置
    标准颜色: 未设置
  运行 16: ''
    字体: 未设置
    大小: 未设置
    粗体: 未设置
    斜体: 未设置
    下划线: 未设置
    标准颜色: 未设置
  运行 17: '所示，'
    字体: 未设置
    大小: 未设置
    粗体: 未设置
    斜体: 未设置
    下划线: 未设置
    标准颜色: 未设置
  运行 18: '进行深入分析找出营销策略的具体短板和可以改进的地方。'
    字体: 未设置
    大小: 未设置
    粗体: 未设置
    斜体: 未设置
    下划线: 未设置
    标准颜色: 未设置

段落 805:
文本内容: 表 4-10  调研问卷结果第二部分
段落样式: Caption
从样式获取的格式:
  样式字体: 未设置
  样式字号: 未设置
  样式颜色: 未设置
对齐方式: 未设置
左缩进: 未设置
右缩进: 未设置
首行缩进: 未设置
行间距: 未设置
从XML读取的格式:
  运行 1: '表'
    字体: 未设置
    大小: 未设置
    粗体: 未设置
    斜体: 未设置
    下划线: 未设置
    标准颜色: 未设置
  运行 2: ' '
    字体: 未设置
    大小: 未设置
    粗体: 未设置
    斜体: 未设置
    下划线: 未设置
    标准颜色: 未设置
  运行 3: ''
    字体: 未设置
    大小: 未设置
    粗体: 未设置
    斜体: 未设置
    下划线: 未设置
    标准颜色: 未设置
  运行 4: ''
    字体: 未设置
    大小: 未设置
    粗体: 未设置
    斜体: 未设置
    下划线: 未设置
    标准颜色: 未设置
  运行 5: ''
    字体: 未设置
    大小: 未设置
    粗体: 未设置
    斜体: 未设置
    下划线: 未设置
    标准颜色: 未设置
  运行 6: ''
    字体: 未设置
    大小: 未设置
    粗体: 未设置
    斜体: 未设置
    下划线: 未设置
    标准颜色: 未设置
  运行 7: ''
    字体: 未设置
    大小: 未设置
    粗体: 未设置
    斜体: 未设置
    下划线: 未设置
    标准颜色: 未设置
  运行 8: '4'
    字体: 未设置
    大小: 未设置
    粗体: 未设置
    斜体: 未设置
    下划线: 未设置
    标准颜色: 未设置
  运行 9: ''
    字体: 未设置
    大小: 未设置
    粗体: 未设置
    斜体: 未设置
    下划线: 未设置
    标准颜色: 未设置
  运行 10: '-'
    字体: 未设置
    大小: 未设置
    粗体: 未设置
    斜体: 未设置
    下划线: 未设置
    标准颜色: 未设置
  运行 11: ''
    字体: 未设置
    大小: 未设置
    粗体: 未设置
    斜体: 未设置
    下划线: 未设置
    标准颜色: 未设置
  运行 12: ''
    字体: 未设置
    大小: 未设置
    粗体: 未设置
    斜体: 未设置
    下划线: 未设置
    标准颜色: 未设置
  运行 13: ''
    字体: 未设置
    大小: 未设置
    粗体: 未设置
    斜体: 未设置
    下划线: 未设置
    标准颜色: 未设置
  运行 14: ''
    字体: 未设置
    大小: 未设置
    粗体: 未设置
    斜体: 未设置
    下划线: 未设置
    标准颜色: 未设置
  运行 15: ''
    字体: 未设置
    大小: 未设置
    粗体: 未设置
    斜体: 未设置
    下划线: 未设置
    标准颜色: 未设置
  运行 16: ''
    字体: 未设置
    大小: 未设置
    粗体: 未设置
    斜体: 未设置
    下划线: 未设置
    标准颜色: 未设置
  运行 17: ''
    字体: 未设置
    大小: 未设置
    粗体: 未设置
    斜体: 未设置
    下划线: 未设置
    标准颜色: 未设置
  运行 18: '10'
    字体: 未设置
    大小: 未设置
    粗体: 未设置
    斜体: 未设置
    下划线: 未设置
    标准颜色: 未设置
  运行 19: ''
    字体: 未设置
    大小: 未设置
    粗体: 未设置
    斜体: 未设置
    下划线: 未设置
    标准颜色: 未设置
  运行 20: '  '
    字体: 未设置
    大小: 未设置
    粗体: 未设置
    斜体: 未设置
    下划线: 未设置
    标准颜色: 未设置
  运行 21: '调研问卷结果第'
    字体: 未设置
    大小: 未设置
    粗体: 未设置
    斜体: 未设置
    下划线: 未设置
    标准颜色: 未设置
  运行 22: '二'
    字体: 未设置
    大小: 未设置
    粗体: 未设置
    斜体: 未设置
    下划线: 未设置
    标准颜色: 未设置
  运行 23: '部分'
    字体: 未设置
    大小: 未设置
    粗体: 未设置
    斜体: 未设置
    下划线: 未设置
    标准颜色: 未设置

段落 806:
文本内容: 资料来源：作者整理，Y公司问卷调研，2024.
段落样式: 图表资料来源
从样式获取的格式:
  样式字体: 未设置
  样式字号: 114300
  样式字号(pt): 9.0
  样式颜色: 未设置
对齐方式: 未设置
左缩进: 未设置
右缩进: 未设置
首行缩进: 未设置
行间距: 未设置
从XML读取的格式:
  运行 1: '资料来源'
    字体: 未设置
    大小: 未设置
    粗体: 未设置
    斜体: 未设置
    下划线: 未设置
    标准颜色: 未设置
  运行 2: '：作者整理，'
    字体: 未设置
    大小: 未设置
    粗体: 未设置
    斜体: 未设置
    下划线: 未设置
    标准颜色: 未设置
  运行 3: 'Y'
    字体: 未设置
    大小: 未设置
    粗体: 未设置
    斜体: 未设置
    下划线: 未设置
    标准颜色: 未设置
  运行 4: '公司问卷调研'
    字体: 未设置
    大小: 未设置
    粗体: 未设置
    斜体: 未设置
    下划线: 未设置
    标准颜色: 未设置
  运行 5: '，'
    字体: 未设置
    大小: 未设置
    粗体: 未设置
    斜体: 未设置
    下划线: 未设置
    标准颜色: 未设置
  运行 6: '20'
    字体: 未设置
    大小: 未设置
    粗体: 未设置
    斜体: 未设置
    下划线: 未设置
    标准颜色: 未设置
  运行 7: '2'
    字体: 未设置
    大小: 未设置
    粗体: 未设置
    斜体: 未设置
    下划线: 未设置
    标准颜色: 未设置
  运行 8: '4'
    字体: 未设置
    大小: 未设置
    粗体: 未设置
    斜体: 未设置
    下划线: 未设置
    标准颜色: 未设置
  运行 9: '.'
    字体: 未设置
    大小: 未设置
    粗体: 未设置
    斜体: 未设置
    下划线: 未设置
    标准颜色: 未设置

段落 808:
文本内容: Y公司营销策略的问题
段落样式: Heading 2
从样式获取的格式:
  样式字体: 未设置
  样式字号: 177800
  样式字号(pt): 14.0
  样式颜色: 未设置
对齐方式: 未设置
左缩进: 未设置
右缩进: 未设置
首行缩进: 未设置
行间距: 未设置
从XML读取的格式:
  运行 1: 'Y'
    字体: 未设置
    大小: 未设置
    粗体: 未设置
    斜体: 未设置
    下划线: 未设置
    标准颜色: 未设置
  运行 2: '公司营销策略'
    字体: 未设置
    大小: 未设置
    粗体: 未设置
    斜体: 未设置
    下划线: 未设置
    标准颜色: 未设置
  运行 3: '的'
    字体: 未设置
    大小: 未设置
    粗体: 未设置
    斜体: 未设置
    下划线: 未设置
    标准颜色: 未设置
  运行 4: '问题'
    字体: 未设置
    大小: 未设置
    粗体: 未设置
    斜体: 未设置
    下划线: 未设置
    标准颜色: 未设置
  运行 5: ''
    字体: 未设置
    大小: 未设置
    粗体: 未设置
    斜体: 未设置
    下划线: 未设置
    标准颜色: 未设置
  运行 6: ''
    字体: 未设置
    大小: 未设置
    粗体: 未设置
    斜体: 未设置
    下划线: 未设置
    标准颜色: 未设置
  运行 7: ''
    字体: 未设置
    大小: 未设置
    粗体: 未设置
    斜体: 未设置
    下划线: 未设置
    标准颜色: 未设置
  运行 8: ''
    字体: 未设置
    大小: 未设置
    粗体: 未设置
    斜体: 未设置
    下划线: 未设置
    标准颜色: 未设置
  运行 9: ''
    字体: 未设置
    大小: 未设置
    粗体: 未设置
    斜体: 未设置
    下划线: 未设置
    标准颜色: 未设置
  运行 10: ''
    字体: 未设置
    大小: 未设置
    粗体: 未设置
    斜体: 未设置
    下划线: 未设置
    标准颜色: 未设置
  运行 11: ''
    字体: 未设置
    大小: 未设置
    粗体: 未设置
    斜体: 未设置
    下划线: 未设置
    标准颜色: 未设置
  运行 12: ''
    字体: 未设置
    大小: 未设置
    粗体: 未设置
    斜体: 未设置
    下划线: 未设置
    标准颜色: 未设置
  运行 13: ''
    字体: 未设置
    大小: 未设置
    粗体: 未设置
    斜体: 未设置
    下划线: 未设置
    标准颜色: 未设置

段落 809:
文本内容: 品牌定位问题
段落样式: Heading 3
从样式获取的格式:
  样式字体: 未设置
  样式字号: 未设置
  样式颜色: 未设置
对齐方式: 未设置
左缩进: 未设置
右缩进: 未设置
首行缩进: 未设置
行间距: 未设置
从XML读取的格式:
  运行 1: '品牌'
    字体: 未设置
    大小: 未设置
    粗体: 未设置
    斜体: 未设置
    下划线: 未设置
    标准颜色: 未设置
  运行 2: '定位'
    字体: 未设置
    大小: 未设置
    粗体: 未设置
    斜体: 未设置
    下划线: 未设置
    标准颜色: 未设置
  运行 3: '问题'
    字体: 未设置
    大小: 未设置
    粗体: 未设置
    斜体: 未设置
    下划线: 未设置
    标准颜色: 未设置
  运行 4: ''
    字体: 未设置
    大小: 未设置
    粗体: 未设置
    斜体: 未设置
    下划线: 未设置
    标准颜色: 未设置
  运行 5: ''
    字体: 未设置
    大小: 未设置
    粗体: 未设置
    斜体: 未设置
    下划线: 未设置
    标准颜色: 未设置
  运行 6: ''
    字体: 未设置
    大小: 未设置
    粗体: 未设置
    斜体: 未设置
    下划线: 未设置
    标准颜色: 未设置
  运行 7: ''
    字体: 未设置
    大小: 未设置
    粗体: 未设置
    斜体: 未设置
    下划线: 未设置
    标准颜色: 未设置
  运行 8: ''
    字体: 未设置
    大小: 未设置
    粗体: 未设置
    斜体: 未设置
    下划线: 未设置
    标准颜色: 未设置
  运行 9: ''
    字体: 未设置
    大小: 未设置
    粗体: 未设置
    斜体: 未设置
    下划线: 未设置
    标准颜色: 未设置
  运行 10: ''
    字体: 未设置
    大小: 未设置
    粗体: 未设置
    斜体: 未设置
    下划线: 未设置
    标准颜色: 未设置
  运行 11: ''
    字体: 未设置
    大小: 未设置
    粗体: 未设置
    斜体: 未设置
    下划线: 未设置
    标准颜色: 未设置
  运行 12: ''
    字体: 未设置
    大小: 未设置
    粗体: 未设置
    斜体: 未设置
    下划线: 未设置
    标准颜色: 未设置
  运行 13: ''
    字体: 未设置
    大小: 未设置
    粗体: 未设置
    斜体: 未设置
    下划线: 未设置
    标准颜色: 未设置
  运行 14: ''
    字体: 未设置
    大小: 未设置
    粗体: 未设置
    斜体: 未设置
    下划线: 未设置
    标准颜色: 未设置
  运行 15: ''
    字体: 未设置
    大小: 未设置
    粗体: 未设置
    斜体: 未设置
    下划线: 未设置
    标准颜色: 未设置

段落 810:
文本内容: 通过公司内部的深度访谈，19位受访者中，有16人提及了品牌定位建设问题，占总访谈人数的84.21%。在分析市场定位问卷调研数据发现，对于“Y公司设备位高端产品”的问题上，47.6%的人认为不确定。品牌定位和品牌营销是当代商业中极其重要的一个环节。
段落样式: 正文-缩进
从样式获取的格式:
  样式字体: 未设置
  样式字号: 未设置
  样式颜色: 未设置
对齐方式: 未设置
左缩进: 未设置
右缩进: 未设置
首行缩进: 未设置
行间距: 未设置
从XML读取的格式:
  运行 1: '通过公司内部的深度访谈，'
    字体: 未设置
    大小: 未设置
    粗体: 未设置
    斜体: 未设置
    下划线: 未设置
    标准颜色: 未设置
  运行 2: '19'
    字体: 未设置
    大小: 未设置
    粗体: 未设置
    斜体: 未设置
    下划线: 未设置
    标准颜色: 未设置
  运行 3: '位受访者中，'
    字体: 未设置
    大小: 未设置
    粗体: 未设置
    斜体: 未设置
    下划线: 未设置
    标准颜色: 未设置
  运行 4: '有'
    字体: 未设置
    大小: 未设置
    粗体: 未设置
    斜体: 未设置
    下划线: 未设置
    标准颜色: 未设置
  运行 5: '16'
    字体: 未设置
    大小: 未设置
    粗体: 未设置
    斜体: 未设置
    下划线: 未设置
    标准颜色: 未设置
  运行 6: '人提及了品牌定位建设问题，占总访谈人数的'
    字体: 未设置
    大小: 未设置
    粗体: 未设置
    斜体: 未设置
    下划线: 未设置
    标准颜色: 未设置
  运行 7: '84.21%'
    字体: 未设置
    大小: 未设置
    粗体: 未设置
    斜体: 未设置
    下划线: 未设置
    标准颜色: 未设置
  运行 8: '。在分析市场定位问卷调研数据发现，对于“'
    字体: 未设置
    大小: 未设置
    粗体: 未设置
    斜体: 未设置
    下划线: 未设置
    标准颜色: 未设置
  运行 9: 'Y'
    字体: 未设置
    大小: 未设置
    粗体: 未设置
    斜体: 未设置
    下划线: 未设置
    标准颜色: 未设置
  运行 10: '公司设备位高端产品”的问题上，'
    字体: 未设置
    大小: 未设置
    粗体: 未设置
    斜体: 未设置
    下划线: 未设置
    标准颜色: 未设置
  运行 11: '47.6%'
    字体: 未设置
    大小: 未设置
    粗体: 未设置
    斜体: 未设置
    下划线: 未设置
    标准颜色: 未设置
  运行 12: '的人认为不确定。品牌定位和品牌营销是当代商业中极其重要的一个环节。'
    字体: 未设置
    大小: 未设置
    粗体: 未设置
    斜体: 未设置
    下划线: 未设置
    标准颜色: 未设置

段落 811:
文本内容: 有效的品牌营销战略可以促进企业持续增长，扩大其在市场中的影响力。相对知名度较低的品牌可能会面临多种挑战，包括失去忠实客户群和竞争对手抢占市场份额的机会。正如Isaac Jacob, Monica Khanna, Krupa A. Rai 等学者所认为的，个性化品牌营销是消费者识别和选择产品或服务的关键，强调品牌独特性、创新性和差异性在商业社会中的重要性。随着个性化营销成为品牌追求的目标，企业需要通过个性化品牌形象和标识来吸引消费者[]。A. Shivakanth Shetty, Kerena Anand, Dilip Chandra 等学者进一步深入分析了标志性品牌在营销领域的关键策略，涉及品牌维护、市场推广、战略规划以及消费者心理等方面。研究提出了一系列创新方法，旨在强化品牌影响力、积累品牌资本、提升品牌市场价值，并激发消费者的购买欲望。这些见解为企业提供了一系列宝贵的策略指导，帮助它们在品牌塑造和市场推广上实现个性化和差异化发展 []。
段落样式: 正文-缩进
从样式获取的格式:
  样式字体: 未设置
  样式字号: 未设置
  样式颜色: 未设置
对齐方式: 未设置
左缩进: 未设置
右缩进: 未设置
首行缩进: 未设置
行间距: 未设置
从XML读取的格式:
  运行 1: '有效的品牌营销战略可以促进企业持续增长，扩大其在市场中的影响力。'
    字体: 未设置
    大小: 未设置
    粗体: 未设置
    斜体: 未设置
    下划线: 未设置
    标准颜色: 未设置
  运行 2: '相对'
    字体: 未设置
    大小: 未设置
    粗体: 未设置
    斜体: 未设置
    下划线: 未设置
    标准颜色: 未设置
  运行 3: '知名度较低的品牌可能会面临多种挑战，包括失去忠实客户群和竞争对手抢占市场份额的机会。'
    字体: 未设置
    大小: 未设置
    粗体: 未设置
    斜体: 未设置
    下划线: 未设置
    标准颜色: 未设置
  运行 4: '正如'
    字体: 未设置
    大小: 未设置
    粗体: 未设置
    斜体: 未设置
    下划线: 未设置
    标准颜色: 未设置
  运行 5: 'Isaac Jacob, Monica Khanna, Krupa A. Rai '
    字体: 未设置
    大小: 未设置
    粗体: 未设置
    斜体: 未设置
    下划线: 未设置
    标准颜色: 未设置
  运行 6: '等学者'
    字体: 未设置
    大小: 未设置
    粗体: 未设置
    斜体: 未设置
    下划线: 未设置
    标准颜色: 未设置
  运行 7: '所'
    字体: 未设置
    大小: 未设置
    粗体: 未设置
    斜体: 未设置
    下划线: 未设置
    标准颜色: 未设置
  运行 8: '认为'
    字体: 未设置
    大小: 未设置
    粗体: 未设置
    斜体: 未设置
    下划线: 未设置
    标准颜色: 未设置
  运行 9: '的，'
    字体: 未设置
    大小: 未设置
    粗体: 未设置
    斜体: 未设置
    下划线: 未设置
    标准颜色: 未设置
  运行 10: '个性化品牌营销是消费者识别和选择产品或服务的关键，强调品牌独特性、创新性和差异性在商业社会中的重要性。随着个性化营销成为品牌追求的目标，企'
    字体: 未设置
    大小: 未设置
    粗体: 未设置
    斜体: 未设置
    下划线: 未设置
    标准颜色: 未设置
  运行 11: '业需要通过个性化品牌形象和标识来吸引消费者'
    字体: 未设置
    大小: 未设置
    粗体: 未设置
    斜体: 未设置
    下划线: 未设置
    标准颜色: 未设置
  运行 12: '['
    字体: 未设置
    大小: 未设置
    粗体: 未设置
    斜体: 未设置
    下划线: 未设置
    标准颜色: 未设置
  运行 13: ''
    字体: 未设置
    大小: 未设置
    粗体: 未设置
    斜体: 未设置
    下划线: 未设置
    标准颜色: 未设置
  运行 14: ']'
    字体: 未设置
    大小: 未设置
    粗体: 未设置
    斜体: 未设置
    下划线: 未设置
    标准颜色: 未设置
  运行 15: '。'
    字体: 未设置
    大小: 未设置
    粗体: 未设置
    斜体: 未设置
    下划线: 未设置
    标准颜色: 未设置
  运行 16: 'A. Shivakanth Shetty, Kerena Anand, Dilip Chandra '
    字体: 未设置
    大小: 未设置
    粗体: 未设置
    斜体: 未设置
    下划线: 未设置
    标准颜色: 未设置
  运行 17: '等'
    字体: 未设置
    大小: 未设置
    粗体: 未设置
    斜体: 未设置
    下划线: 未设置
    标准颜色: 未设置
  运行 18: '学者进一步深入分析了标志性品牌在营销领域的关键策略，涉及品牌维护、市场推广、战略规划以及消费者心理等方面。研究提出了一系列创'
    字体: 未设置
    大小: 未设置
    粗体: 未设置
    斜体: 未设置
    下划线: 未设置
    标准颜色: 未设置
  运行 19: '新方法，旨在强化品牌影响力、积累品牌资本、提升品牌市场价值，并激发消费者的购买欲望。这些见解为企业提供了一系列宝贵的策略指导，'
    字体: 未设置
    大小: 未设置
    粗体: 未设置
    斜体: 未设置
    下划线: 未设置
    标准颜色: 未设置
  运行 20: '帮助它们在品牌塑造和市场推广上实现个性化和差异化发展'
    字体: 未设置
    大小: 未设置
    粗体: 未设置
    斜体: 未设置
    下划线: 未设置
    标准颜色: 未设置
  运行 21: ' ['
    字体: 未设置
    大小: 未设置
    粗体: 未设置
    斜体: 未设置
    下划线: 未设置
    标准颜色: 未设置
  运行 22: ''
    字体: 未设置
    大小: 未设置
    粗体: 未设置
    斜体: 未设置
    下划线: 未设置
    标准颜色: 未设置
  运行 23: ']'
    字体: 未设置
    大小: 未设置
    粗体: 未设置
    斜体: 未设置
    下划线: 未设置
    标准颜色: 未设置
  运行 24: '。'
    字体: 未设置
    大小: 未设置
    粗体: 未设置
    斜体: 未设置
    下划线: 未设置
    标准颜色: 未设置

段落 812:
文本内容: Y公司没有明确的品牌定位。因此需明确公司品牌定位，强化与代理商的差异性，并构建独特竞争战略以增强品牌核心价值。Y公司缺失品牌定位，没有明确与传统代理商的区别，没有制定差异化竞争战略，公司缺乏独特品牌价值。缺乏战略，Y公司很难在市场上站稳脚跟。鉴于Y公司在眼科行业广泛的市场覆盖面和长远的发展愿景，Y公司应更加重视品牌形象的塑造和营销战略的创新。
段落样式: 正文-缩进
从样式获取的格式:
  样式字体: 未设置
  样式字号: 未设置
  样式颜色: 未设置
对齐方式: 未设置
左缩进: 未设置
右缩进: 未设置
首行缩进: 未设置
行间距: 未设置
从XML读取的格式:
  运行 1: 'Y'
    字体: 未设置
    大小: 未设置
    粗体: 未设置
    斜体: 未设置
    下划线: 未设置
    标准颜色: 未设置
  运行 2: '公司'
    字体: 未设置
    大小: 未设置
    粗体: 未设置
    斜体: 未设置
    下划线: 未设置
    标准颜色: 未设置
  运行 3: '没有明确的品牌定位'
    字体: 未设置
    大小: 未设置
    粗体: 未设置
    斜体: 未设置
    下划线: 未设置
    标准颜色: 未设置
  运行 4: '。'
    字体: 未设置
    大小: 未设置
    粗体: 未设置
    斜体: 未设置
    下划线: 未设置
    标准颜色: 未设置
  运行 5: '因此'
    字体: 未设置
    大小: 未设置
    粗体: 未设置
    斜体: 未设置
    下划线: 未设置
    标准颜色: 未设置
  运行 6: '需明确'
    字体: 未设置
    大小: 未设置
    粗体: 未设置
    斜体: 未设置
    下划线: 未设置
    标准颜色: 未设置
  运行 7: '公司'
    字体: 未设置
    大小: 未设置
    粗体: 未设置
    斜体: 未设置
    下划线: 未设置
    标准颜色: 未设置
  运行 8: '品牌定位，强化与代理商的差异性，并构建独特竞争战略以增强品牌核心价值。'
    字体: 未设置
    大小: 未设置
    粗体: 未设置
    斜体: 未设置
    下划线: 未设置
    标准颜色: 未设置
  运行 9: 'Y'
    字体: 未设置
    大小: 未设置
    粗体: 未设置
    斜体: 未设置
    下划线: 未设置
    标准颜色: 未设置
  运行 10: '公司'
    字体: 未设置
    大小: 未设置
    粗体: 未设置
    斜体: 未设置
    下划线: 未设置
    标准颜色: 未设置
  运行 11: '缺失'
    字体: 未设置
    大小: 未设置
    粗体: 未设置
    斜体: 未设置
    下划线: 未设置
    标准颜色: 未设置
  运行 12: '品牌定位'
    字体: 未设置
    大小: 未设置
    粗体: 未设置
    斜体: 未设置
    下划线: 未设置
    标准颜色: 未设置
  运行 13: '，'
    字体: 未设置
    大小: 未设置
    粗体: 未设置
    斜体: 未设置
    下划线: 未设置
    标准颜色: 未设置
  运行 14: '没有明确与传统代理商的区别，没有制定差异化竞争战略，公司缺乏独特'
    字体: 未设置
    大小: 未设置
    粗体: 未设置
    斜体: 未设置
    下划线: 未设置
    标准颜色: 未设置
  运行 15: '品牌'
    字体: 未设置
    大小: 未设置
    粗体: 未设置
    斜体: 未设置
    下划线: 未设置
    标准颜色: 未设置
  运行 16: '价值。'
    字体: 未设置
    大小: 未设置
    粗体: 未设置
    斜体: 未设置
    下划线: 未设置
    标准颜色: 未设置
  运行 17: '缺乏战略，'
    字体: 未设置
    大小: 未设置
    粗体: 未设置
    斜体: 未设置
    下划线: 未设置
    标准颜色: 未设置
  运行 18: 'Y'
    字体: 未设置
    大小: 未设置
    粗体: 未设置
    斜体: 未设置
    下划线: 未设置
    标准颜色: 未设置
  运行 19: '公司很难在市场上站稳脚跟。'
    字体: 未设置
    大小: 未设置
    粗体: 未设置
    斜体: 未设置
    下划线: 未设置
    标准颜色: 未设置
  运行 20: '鉴于'
    字体: 未设置
    大小: 未设置
    粗体: 未设置
    斜体: 未设置
    下划线: 未设置
    标准颜色: 未设置
  运行 21: 'Y'
    字体: 未设置
    大小: 未设置
    粗体: 未设置
    斜体: 未设置
    下划线: 未设置
    标准颜色: 未设置
  运行 22: '公司在眼科行业广泛的市场覆盖面和长远的发展愿景，'
    字体: 未设置
    大小: 未设置
    粗体: 未设置
    斜体: 未设置
    下划线: 未设置
    标准颜色: 未设置
  运行 23: 'Y'
    字体: 未设置
    大小: 未设置
    粗体: 未设置
    斜体: 未设置
    下划线: 未设置
    标准颜色: 未设置
  运行 24: '公司应更加重视品牌形象的塑造和营销战略的创新。'
    字体: 未设置
    大小: 未设置
    粗体: 未设置
    斜体: 未设置
    下划线: 未设置
    标准颜色: 未设置

段落 813:
文本内容: 对公司品牌缺乏的维护和管理。在我国供给侧改革的背景下，品牌的维护和管理对于品牌的建设至关重要。Y公司现在的工作重点都放在如何短期内提升销售业绩，完成公司既定的业绩目标，而忽略了对公司品牌的管理和维护，这对于公司的长期发展是不利的。公司应充分认识到品牌管理的重要性，应采取创新的管理方式来优化当前的品牌策略，不断地扩大公司在行业的影响力。
段落样式: 正文-缩进
从样式获取的格式:
  样式字体: 未设置
  样式字号: 未设置
  样式颜色: 未设置
对齐方式: 未设置
左缩进: 未设置
右缩进: 未设置
首行缩进: 未设置
行间距: 未设置
从XML读取的格式:
  运行 1: '对'
    字体: 未设置
    大小: 未设置
    粗体: 未设置
    斜体: 未设置
    下划线: 未设置
    标准颜色: 未设置
  运行 2: '公司'
    字体: 未设置
    大小: 未设置
    粗体: 未设置
    斜体: 未设置
    下划线: 未设置
    标准颜色: 未设置
  运行 3: '品牌'
    字体: 未设置
    大小: 未设置
    粗体: 未设置
    斜体: 未设置
    下划线: 未设置
    标准颜色: 未设置
  运行 4: '缺乏'
    字体: 未设置
    大小: 未设置
    粗体: 未设置
    斜体: 未设置
    下划线: 未设置
    标准颜色: 未设置
  运行 5: '的维护和管理'
    字体: 未设置
    大小: 未设置
    粗体: 未设置
    斜体: 未设置
    下划线: 未设置
    标准颜色: 未设置
  运行 6: '。'
    字体: 未设置
    大小: 未设置
    粗体: 未设置
    斜体: 未设置
    下划线: 未设置
    标准颜色: 未设置
  运行 7: '在我国供给'
    字体: 未设置
    大小: 未设置
    粗体: 未设置
    斜体: 未设置
    下划线: 未设置
    标准颜色: 未设置
  运行 8: '侧'
    字体: 未设置
    大小: 未设置
    粗体: 未设置
    斜体: 未设置
    下划线: 未设置
    标准颜色: 未设置
  运行 9: '改革的背景下，品牌的维护和管理对于品牌的建设至关重要。'
    字体: 未设置
    大小: 未设置
    粗体: 未设置
    斜体: 未设置
    下划线: 未设置
    标准颜色: 未设置
  运行 10: 'Y'
    字体: 未设置
    大小: 未设置
    粗体: 未设置
    斜体: 未设置
    下划线: 未设置
    标准颜色: 未设置
  运行 11: '公司现在的工作重点都放在如何短期内提升销售业绩，完成公司既定的业绩目标，而忽略了对公司品牌的管理和维护，这对于公司的长期发展是不利的。公司应充分认识到品牌管理的重要性，应采取创新的管理方式来优化当前的品牌策略，不断地扩大公司在行业的影响力。'
    字体: 未设置
    大小: 未设置
    粗体: 未设置
    斜体: 未设置
    下划线: 未设置
    标准颜色: 未设置

段落 814:
文本内容: 缺乏互联网品牌建设。目前Y公司只是建立了网站，以及注册了公众号，在公司网站及公众号上发布公司的介绍，以及不同类别产品的介绍，资讯动态更新不及时。现在的眼科医师都已经拥有个人的营销号，特别是关于近视防控话题，他们都在如抖音、小红书、哔哩哔哩等个人营销号上更新关于近视防控的知识点。利用“互联网+”做好新时期的品牌营销，可以促进企业更加健康的发展。
段落样式: 正文-缩进
从样式获取的格式:
  样式字体: 未设置
  样式字号: 未设置
  样式颜色: 未设置
对齐方式: 未设置
左缩进: 未设置
右缩进: 未设置
首行缩进: 未设置
行间距: 未设置
从XML读取的格式:
  运行 1: '缺乏'
    字体: 未设置
    大小: 未设置
    粗体: 未设置
    斜体: 未设置
    下划线: 未设置
    标准颜色: 未设置
  运行 2: '互联网品牌建设'
    字体: 未设置
    大小: 未设置
    粗体: 未设置
    斜体: 未设置
    下划线: 未设置
    标准颜色: 未设置
  运行 3: '。'
    字体: 未设置
    大小: 未设置
    粗体: 未设置
    斜体: 未设置
    下划线: 未设置
    标准颜色: 未设置
  运行 4: '目前'
    字体: 未设置
    大小: 未设置
    粗体: 未设置
    斜体: 未设置
    下划线: 未设置
    标准颜色: 未设置
  运行 5: 'Y'
    字体: 未设置
    大小: 未设置
    粗体: 未设置
    斜体: 未设置
    下划线: 未设置
    标准颜色: 未设置
  运行 6: '公司只是建立了网站，以及注册了公众号，在公司网站及公众号上发布公司的介绍，以及不同类别产品的介绍，'
    字体: 未设置
    大小: 未设置
    粗体: 未设置
    斜体: 未设置
    下划线: 未设置
    标准颜色: 未设置
  运行 7: '资讯'
    字体: 未设置
    大小: 未设置
    粗体: 未设置
    斜体: 未设置
    下划线: 未设置
    标准颜色: 未设置
  运行 8: '动态更新不及时。现在的眼科医师都已经拥有个人的营销号，'
    字体: 未设置
    大小: 未设置
    粗体: 未设置
    斜体: 未设置
    下划线: 未设置
    标准颜色: 未设置
  运行 9: '特别是关于近视防控话题，他们都在'
    字体: 未设置
    大小: 未设置
    粗体: 未设置
    斜体: 未设置
    下划线: 未设置
    标准颜色: 未设置
  运行 10: '如抖音、小红书、'
    字体: 未设置
    大小: 未设置
    粗体: 未设置
    斜体: 未设置
    下划线: 未设置
    标准颜色: 未设置
  运行 11: '哔哩哔哩'
    字体: 未设置
    大小: 未设置
    粗体: 未设置
    斜体: 未设置
    下划线: 未设置
    标准颜色: 未设置
  运行 12: '等个人营销号上更新关于'
    字体: 未设置
    大小: 未设置
    粗体: 未设置
    斜体: 未设置
    下划线: 未设置
    标准颜色: 未设置
  运行 13: '近视防控的知识点。利用“互联网'
    字体: 未设置
    大小: 未设置
    粗体: 未设置
    斜体: 未设置
    下划线: 未设置
    标准颜色: 未设置
  运行 14: '+'
    字体: 未设置
    大小: 未设置
    粗体: 未设置
    斜体: 未设置
    下划线: 未设置
    标准颜色: 未设置
  运行 15: '”做好新时期的品牌营销，可以促进企业更加'
    字体: 未设置
    大小: 未设置
    粗体: 未设置
    斜体: 未设置
    下划线: 未设置
    标准颜色: 未设置
  运行 16: '健康'
    字体: 未设置
    大小: 未设置
    粗体: 未设置
    斜体: 未设置
    下划线: 未设置
    标准颜色: 未设置
  运行 17: '的发展。'
    字体: 未设置
    大小: 未设置
    粗体: 未设置
    斜体: 未设置
    下划线: 未设置
    标准颜色: 未设置

段落 815:
文本内容: 产品结构问题
段落样式: Heading 3
从样式获取的格式:
  样式字体: 未设置
  样式字号: 未设置
  样式颜色: 未设置
对齐方式: 未设置
左缩进: 未设置
右缩进: 未设置
首行缩进: 未设置
行间距: 未设置
从XML读取的格式:
  运行 1: '产品结构问题'
    字体: 未设置
    大小: 未设置
    粗体: 未设置
    斜体: 未设置
    下划线: 未设置
    标准颜色: 未设置
  运行 2: ''
    字体: 未设置
    大小: 未设置
    粗体: 未设置
    斜体: 未设置
    下划线: 未设置
    标准颜色: 未设置
  运行 3: ''
    字体: 未设置
    大小: 未设置
    粗体: 未设置
    斜体: 未设置
    下划线: 未设置
    标准颜色: 未设置
  运行 4: ''
    字体: 未设置
    大小: 未设置
    粗体: 未设置
    斜体: 未设置
    下划线: 未设置
    标准颜色: 未设置
  运行 5: ''
    字体: 未设置
    大小: 未设置
    粗体: 未设置
    斜体: 未设置
    下划线: 未设置
    标准颜色: 未设置
  运行 6: ''
    字体: 未设置
    大小: 未设置
    粗体: 未设置
    斜体: 未设置
    下划线: 未设置
    标准颜色: 未设置
  运行 7: ''
    字体: 未设置
    大小: 未设置
    粗体: 未设置
    斜体: 未设置
    下划线: 未设置
    标准颜色: 未设置
  运行 8: ''
    字体: 未设置
    大小: 未设置
    粗体: 未设置
    斜体: 未设置
    下划线: 未设置
    标准颜色: 未设置
  运行 9: ''
    字体: 未设置
    大小: 未设置
    粗体: 未设置
    斜体: 未设置
    下划线: 未设置
    标准颜色: 未设置
  运行 10: ''
    字体: 未设置
    大小: 未设置
    粗体: 未设置
    斜体: 未设置
    下划线: 未设置
    标准颜色: 未设置
  运行 11: ''
    字体: 未设置
    大小: 未设置
    粗体: 未设置
    斜体: 未设置
    下划线: 未设置
    标准颜色: 未设置
  运行 12: ''
    字体: 未设置
    大小: 未设置
    粗体: 未设置
    斜体: 未设置
    下划线: 未设置
    标准颜色: 未设置
  运行 13: ''
    字体: 未设置
    大小: 未设置
    粗体: 未设置
    斜体: 未设置
    下划线: 未设置
    标准颜色: 未设置

段落 816:
文本内容: 通过公司内部的深度访谈，有12人提及了设备国产化水平低，占总访谈人数的63.16%。在分析问卷调研数据中发现，对于“Y公司医疗器械可以满足单位/科室需求”的问题上，49.8%的人认为不确定。Y公司目前在售的产品主要分三大类别，外加眼镜加工设备等，合计114个规格型号，其中国产化的只有AR-1、ARK-1、LM-7、LM-7P以及检查台等21个品规，国产品种仅占18.42%。在国家和地方国产化替代政策层层加码的环境下，Y公司要完成既定的业绩目标难度很大。
段落样式: 正文-缩进
从样式获取的格式:
  样式字体: 未设置
  样式字号: 未设置
  样式颜色: 未设置
对齐方式: 未设置
左缩进: 未设置
右缩进: 未设置
首行缩进: 未设置
行间距: 未设置
从XML读取的格式:
  运行 1: '通过公司内部的深度访谈，有'
    字体: 未设置
    大小: 未设置
    粗体: 未设置
    斜体: 未设置
    下划线: 未设置
    标准颜色: 未设置
  运行 2: '1'
    字体: 未设置
    大小: 未设置
    粗体: 未设置
    斜体: 未设置
    下划线: 未设置
    标准颜色: 未设置
  运行 3: '2'
    字体: 未设置
    大小: 未设置
    粗体: 未设置
    斜体: 未设置
    下划线: 未设置
    标准颜色: 未设置
  运行 4: '人提及了'
    字体: 未设置
    大小: 未设置
    粗体: 未设置
    斜体: 未设置
    下划线: 未设置
    标准颜色: 未设置
  运行 5: '设备国产化水平低'
    字体: 未设置
    大小: 未设置
    粗体: 未设置
    斜体: 未设置
    下划线: 未设置
    标准颜色: 未设置
  运行 6: '，占总访谈人数的'
    字体: 未设置
    大小: 未设置
    粗体: 未设置
    斜体: 未设置
    下划线: 未设置
    标准颜色: 未设置
  运行 7: '63.16%'
    字体: 未设置
    大小: 未设置
    粗体: 未设置
    斜体: 未设置
    下划线: 未设置
    标准颜色: 未设置
  运行 8: '。在分析问卷调研数据中发现，对于“'
    字体: 未设置
    大小: 未设置
    粗体: 未设置
    斜体: 未设置
    下划线: 未设置
    标准颜色: 未设置
  运行 9: 'Y'
    字体: 未设置
    大小: 未设置
    粗体: 未设置
    斜体: 未设置
    下划线: 未设置
    标准颜色: 未设置
  运行 10: '公司'
    字体: 未设置
    大小: 未设置
    粗体: 未设置
    斜体: 未设置
    下划线: 未设置
    标准颜色: 未设置
  运行 11: '医疗器械可以满足单位'
    字体: 未设置
    大小: 未设置
    粗体: 未设置
    斜体: 未设置
    下划线: 未设置
    标准颜色: 未设置
  运行 12: '/'
    字体: 未设置
    大小: 未设置
    粗体: 未设置
    斜体: 未设置
    下划线: 未设置
    标准颜色: 未设置
  运行 13: '科室需'
    字体: 未设置
    大小: 未设置
    粗体: 未设置
    斜体: 未设置
    下划线: 未设置
    标准颜色: 未设置
  运行 14: '求'
    字体: 未设置
    大小: 未设置
    粗体: 未设置
    斜体: 未设置
    下划线: 未设置
    标准颜色: 未设置
  运行 15: '”的问题上，'
    字体: 未设置
    大小: 未设置
    粗体: 未设置
    斜体: 未设置
    下划线: 未设置
    标准颜色: 未设置
  运行 16: '49.8%'
    字体: 未设置
    大小: 未设置
    粗体: 未设置
    斜体: 未设置
    下划线: 未设置
    标准颜色: 未设置
  运行 17: '的人认为不确定。'
    字体: 未设置
    大小: 未设置
    粗体: 未设置
    斜体: 未设置
    下划线: 未设置
    标准颜色: 未设置
  运行 18: 'Y'
    字体: 未设置
    大小: 未设置
    粗体: 未设置
    斜体: 未设置
    下划线: 未设置
    标准颜色: 未设置
  运行 19: '公司目前在售的产品主要分三大类别，外加眼镜加工设备等，合计'
    字体: 未设置
    大小: 未设置
    粗体: 未设置
    斜体: 未设置
    下划线: 未设置
    标准颜色: 未设置
  运行 20: '114'
    字体: 未设置
    大小: 未设置
    粗体: 未设置
    斜体: 未设置
    下划线: 未设置
    标准颜色: 未设置
  运行 21: '个规格型号，其中国产化的只有'
    字体: 未设置
    大小: 未设置
    粗体: 未设置
    斜体: 未设置
    下划线: 未设置
    标准颜色: 未设置
  运行 22: 'AR-1'
    字体: 未设置
    大小: 未设置
    粗体: 未设置
    斜体: 未设置
    下划线: 未设置
    标准颜色: 未设置
  运行 23: '、'
    字体: 未设置
    大小: 未设置
    粗体: 未设置
    斜体: 未设置
    下划线: 未设置
    标准颜色: 未设置
  运行 24: 'ARK-1'
    字体: 未设置
    大小: 未设置
    粗体: 未设置
    斜体: 未设置
    下划线: 未设置
    标准颜色: 未设置
  运行 25: '、'
    字体: 未设置
    大小: 未设置
    粗体: 未设置
    斜体: 未设置
    下划线: 未设置
    标准颜色: 未设置
  运行 26: 'LM-7'
    字体: 未设置
    大小: 未设置
    粗体: 未设置
    斜体: 未设置
    下划线: 未设置
    标准颜色: 未设置
  运行 27: '、'
    字体: 未设置
    大小: 未设置
    粗体: 未设置
    斜体: 未设置
    下划线: 未设置
    标准颜色: 未设置
  运行 28: 'LM-7P'
    字体: 未设置
    大小: 未设置
    粗体: 未设置
    斜体: 未设置
    下划线: 未设置
    标准颜色: 未设置
  运行 29: '以及检查台等'
    字体: 未设置
    大小: 未设置
    粗体: 未设置
    斜体: 未设置
    下划线: 未设置
    标准颜色: 未设置
  运行 30: '21'
    字体: 未设置
    大小: 未设置
    粗体: 未设置
    斜体: 未设置
    下划线: 未设置
    标准颜色: 未设置
  运行 31: '个品规，国产品种仅占'
    字体: 未设置
    大小: 未设置
    粗体: 未设置
    斜体: 未设置
    下划线: 未设置
    标准颜色: 未设置
  运行 32: '18.42%'
    字体: 未设置
    大小: 未设置
    粗体: 未设置
    斜体: 未设置
    下划线: 未设置
    标准颜色: 未设置
  运行 33: '。在国家和地方国产化替代政策层层加码的环境下，'
    字体: 未设置
    大小: 未设置
    粗体: 未设置
    斜体: 未设置
    下划线: 未设置
    标准颜色: 未设置
  运行 34: 'Y'
    字体: 未设置
    大小: 未设置
    粗体: 未设置
    斜体: 未设置
    下划线: 未设置
    标准颜色: 未设置
  运行 35: '公司要完成既定的业绩目标难度很大。'
    字体: 未设置
    大小: 未设置
    粗体: 未设置
    斜体: 未设置
    下划线: 未设置
    标准颜色: 未设置

段落 817:
文本内容: 公司的重点产品如白内障产品和眼底病产品，都是属于高价值产品，但都是原装进口引进国内。如前文所分析的，这些重点产品的销售数量虽然只占公司销售数量的10%左右，但销售金额贡献却达到45%左右。用较低的价格销售进口品给民营医院集团，在短期内可以弥补业绩的下跌，但长期来看，公立医院才是业绩增长的源泉。
段落样式: 正文-缩进
从样式获取的格式:
  样式字体: 未设置
  样式字号: 未设置
  样式颜色: 未设置
对齐方式: 未设置
左缩进: 未设置
右缩进: 未设置
首行缩进: 未设置
行间距: 未设置
从XML读取的格式:
  运行 1: '公司的重点产品如白内障产品和眼底病产品，都是属于高价值产品，但都是原装进口引进国内。如前文所分析的，这些重点产品的销售数量虽然只占公司销售数量的'
    字体: 未设置
    大小: 未设置
    粗体: 未设置
    斜体: 未设置
    下划线: 未设置
    标准颜色: 未设置
  运行 2: '10%'
    字体: 未设置
    大小: 未设置
    粗体: 未设置
    斜体: 未设置
    下划线: 未设置
    标准颜色: 未设置
  运行 3: '左右，但销售金额贡献却达到'
    字体: 未设置
    大小: 未设置
    粗体: 未设置
    斜体: 未设置
    下划线: 未设置
    标准颜色: 未设置
  运行 4: '45%'
    字体: 未设置
    大小: 未设置
    粗体: 未设置
    斜体: 未设置
    下划线: 未设置
    标准颜色: 未设置
  运行 5: '左右。用较低的价格销售进口品给民营医院集团，在短期内可以弥补业绩的下跌，但长期来看，公立医院才是业绩增长的源泉。'
    字体: 未设置
    大小: 未设置
    粗体: 未设置
    斜体: 未设置
    下划线: 未设置
    标准颜色: 未设置

段落 818:
文本内容: 市场定价问题
段落样式: Heading 3
从样式获取的格式:
  样式字体: 未设置
  样式字号: 未设置
  样式颜色: 未设置
对齐方式: 未设置
左缩进: 未设置
右缩进: 未设置
首行缩进: 未设置
行间距: 未设置
从XML读取的格式:
  运行 1: '市场定价问题'
    字体: 未设置
    大小: 未设置
    粗体: 未设置
    斜体: 未设置
    下划线: 未设置
    标准颜色: 未设置
  运行 2: ''
    字体: 未设置
    大小: 未设置
    粗体: 未设置
    斜体: 未设置
    下划线: 未设置
    标准颜色: 未设置
  运行 3: ''
    字体: 未设置
    大小: 未设置
    粗体: 未设置
    斜体: 未设置
    下划线: 未设置
    标准颜色: 未设置
  运行 4: ''
    字体: 未设置
    大小: 未设置
    粗体: 未设置
    斜体: 未设置
    下划线: 未设置
    标准颜色: 未设置
  运行 5: ''
    字体: 未设置
    大小: 未设置
    粗体: 未设置
    斜体: 未设置
    下划线: 未设置
    标准颜色: 未设置
  运行 6: ''
    字体: 未设置
    大小: 未设置
    粗体: 未设置
    斜体: 未设置
    下划线: 未设置
    标准颜色: 未设置
  运行 7: ''
    字体: 未设置
    大小: 未设置
    粗体: 未设置
    斜体: 未设置
    下划线: 未设置
    标准颜色: 未设置
  运行 8: ''
    字体: 未设置
    大小: 未设置
    粗体: 未设置
    斜体: 未设置
    下划线: 未设置
    标准颜色: 未设置
  运行 9: ''
    字体: 未设置
    大小: 未设置
    粗体: 未设置
    斜体: 未设置
    下划线: 未设置
    标准颜色: 未设置
  运行 10: ''
    字体: 未设置
    大小: 未设置
    粗体: 未设置
    斜体: 未设置
    下划线: 未设置
    标准颜色: 未设置
  运行 11: ''
    字体: 未设置
    大小: 未设置
    粗体: 未设置
    斜体: 未设置
    下划线: 未设置
    标准颜色: 未设置
  运行 12: ''
    字体: 未设置
    大小: 未设置
    粗体: 未设置
    斜体: 未设置
    下划线: 未设置
    标准颜色: 未设置
  运行 13: ''
    字体: 未设置
    大小: 未设置
    粗体: 未设置
    斜体: 未设置
    下划线: 未设置
    标准颜色: 未设置

段落 819:
文本内容: 在内部的深度访谈中，有13人提及了市场定价灵活性低，占总访谈人数的68.42%。在分析问卷调研数据中发现，对于“Y公司医疗设备性价比高”的问题上，只有12.2%的人认为符合，10%的人认为完全符合。
段落样式: 正文-缩进
从样式获取的格式:
  样式字体: 未设置
  样式字号: 未设置
  样式颜色: 未设置
对齐方式: 未设置
左缩进: 未设置
右缩进: 未设置
首行缩进: 未设置
行间距: 未设置
从XML读取的格式:
  运行 1: '在'
    字体: 未设置
    大小: 未设置
    粗体: 未设置
    斜体: 未设置
    下划线: 未设置
    标准颜色: 未设置
  运行 2: '内部的深度访谈'
    字体: 未设置
    大小: 未设置
    粗体: 未设置
    斜体: 未设置
    下划线: 未设置
    标准颜色: 未设置
  运行 3: '中'
    字体: 未设置
    大小: 未设置
    粗体: 未设置
    斜体: 未设置
    下划线: 未设置
    标准颜色: 未设置
  运行 4: '，有'
    字体: 未设置
    大小: 未设置
    粗体: 未设置
    斜体: 未设置
    下划线: 未设置
    标准颜色: 未设置
  运行 5: '1'
    字体: 未设置
    大小: 未设置
    粗体: 未设置
    斜体: 未设置
    下划线: 未设置
    标准颜色: 未设置
  运行 6: '3'
    字体: 未设置
    大小: 未设置
    粗体: 未设置
    斜体: 未设置
    下划线: 未设置
    标准颜色: 未设置
  运行 7: '人提及了'
    字体: 未设置
    大小: 未设置
    粗体: 未设置
    斜体: 未设置
    下划线: 未设置
    标准颜色: 未设置
  运行 8: '市场定价灵活性低'
    字体: 未设置
    大小: 未设置
    粗体: 未设置
    斜体: 未设置
    下划线: 未设置
    标准颜色: 未设置
  运行 9: '，占总访谈人数的'
    字体: 未设置
    大小: 未设置
    粗体: 未设置
    斜体: 未设置
    下划线: 未设置
    标准颜色: 未设置
  运行 10: '68.42%'
    字体: 未设置
    大小: 未设置
    粗体: 未设置
    斜体: 未设置
    下划线: 未设置
    标准颜色: 未设置
  运行 11: '。在分析问卷调研数据中发现，对于“'
    字体: 未设置
    大小: 未设置
    粗体: 未设置
    斜体: 未设置
    下划线: 未设置
    标准颜色: 未设置
  运行 12: 'Y'
    字体: 未设置
    大小: 未设置
    粗体: 未设置
    斜体: 未设置
    下划线: 未设置
    标准颜色: 未设置
  运行 13: '公司医疗设备性价比高'
    字体: 未设置
    大小: 未设置
    粗体: 未设置
    斜体: 未设置
    下划线: 未设置
    标准颜色: 未设置
  运行 14: '”的问题上，只有'
    字体: 未设置
    大小: 未设置
    粗体: 未设置
    斜体: 未设置
    下划线: 未设置
    标准颜色: 未设置
  运行 15: '12.2%'
    字体: 未设置
    大小: 未设置
    粗体: 未设置
    斜体: 未设置
    下划线: 未设置
    标准颜色: 未设置
  运行 16: '的人认为符合，'
    字体: 未设置
    大小: 未设置
    粗体: 未设置
    斜体: 未设置
    下划线: 未设置
    标准颜色: 未设置
  运行 17: '10%'
    字体: 未设置
    大小: 未设置
    粗体: 未设置
    斜体: 未设置
    下划线: 未设置
    标准颜色: 未设置
  运行 18: '的人认为完全符合。'
    字体: 未设置
    大小: 未设置
    粗体: 未设置
    斜体: 未设置
    下划线: 未设置
    标准颜色: 未设置

段落 820:
文本内容: 在市场经济中，价格是影响产品销售的关键因素。如果定价过高，可能会导致销量下降，失去市场份额以及市场占有率降低。相反如果定价过低，会导致利润空间缩减，对公司的整体盈利能力造成负面影响。常见的定价策略有成本加成、渗透定价、撇脂定价、组合定价、促销定价等。每种定价策略有其适用的场景和市场环境，企业需要根据自己所处的行业和市场环境选择适合自己的定价策略。Y公司是眼科产品代理企业，选择成本加成定价策略，主要的定价因素有进货成本、公司运营费用、市场投入费用、人员工资奖金以及股东适当的利润。
段落样式: 正文-缩进
从样式获取的格式:
  样式字体: 未设置
  样式字号: 未设置
  样式颜色: 未设置
对齐方式: 未设置
左缩进: 未设置
右缩进: 未设置
首行缩进: 未设置
行间距: 未设置
从XML读取的格式:
  运行 1: '在市场经济中，价格是影响产品销售的关键因素。如果定价过高，可能会导致销量下降，失去市场份额'
    字体: 未设置
    大小: 未设置
    粗体: 未设置
    斜体: 未设置
    下划线: 未设置
    标准颜色: 未设置
  运行 2: '以及'
    字体: 未设置
    大小: 未设置
    粗体: 未设置
    斜体: 未设置
    下划线: 未设置
    标准颜色: 未设置
  运行 3: '市场占有率'
    字体: 未设置
    大小: 未设置
    粗体: 未设置
    斜体: 未设置
    下划线: 未设置
    标准颜色: 未设置
  运行 4: '降低'
    字体: 未设置
    大小: 未设置
    粗体: 未设置
    斜体: 未设置
    下划线: 未设置
    标准颜色: 未设置
  运行 5: '。相反如果定价过低，'
    字体: 未设置
    大小: 未设置
    粗体: 未设置
    斜体: 未设置
    下划线: 未设置
    标准颜色: 未设置
  运行 6: '会导致利润空间缩减，对公司的整体盈利能力造成负面影响。'
    字体: 未设置
    大小: 未设置
    粗体: 未设置
    斜体: 未设置
    下划线: 未设置
    标准颜色: 未设置
  运行 7: '常见的定价策略有成本加成、渗透定价、撇脂定价、组合定价、促销定价等。每种定价策略有其适用的场景和市场环境，企业需要根据自己所处的行业和市场环境选择适合自己的定价策略。'
    字体: 未设置
    大小: 未设置
    粗体: 未设置
    斜体: 未设置
    下划线: 未设置
    标准颜色: 未设置
  运行 8: 'Y'
    字体: 未设置
    大小: 未设置
    粗体: 未设置
    斜体: 未设置
    下划线: 未设置
    标准颜色: 未设置
  运行 9: '公司是眼科产品代理企业，'
    字体: 未设置
    大小: 未设置
    粗体: 未设置
    斜体: 未设置
    下划线: 未设置
    标准颜色: 未设置
  运行 10: '选择成本加成定价策略，'
    字体: 未设置
    大小: 未设置
    粗体: 未设置
    斜体: 未设置
    下划线: 未设置
    标准颜色: 未设置
  运行 11: '主要的定价因素有进货成本、公司运营费用、市场投入费用、人员工资奖金以及'
    字体: 未设置
    大小: 未设置
    粗体: 未设置
    斜体: 未设置
    下划线: 未设置
    标准颜色: 未设置
  运行 12: '股东'
    字体: 未设置
    大小: 未设置
    粗体: 未设置
    斜体: 未设置
    下划线: 未设置
    标准颜色: 未设置
  运行 13: '适当的利润。'
    字体: 未设置
    大小: 未设置
    粗体: 未设置
    斜体: 未设置
    下划线: 未设置
    标准颜色: 未设置

段落 821:
文本内容: 缺乏完善的定价体系。Y公司在眼科医疗器械领域深耕8年对，产品业务覆盖广泛，但在定价体系的构建上，Y公司仍有很大的提升空间。目前Y公司主要依赖成本导向的定价策略，并通过直销或通过一级、二级经销商进行销售。在华南地区，Y公司的眼科产品代理商出货价保持一致性，但对于医院市场成交价没有效的控制管理。随着医疗器械行业整体利润率的下降，Y公司的定价策略并没有充分预见到产品通过招标进入市场后，其售价可能会持续降低的情况。这导致其定价策略显得单一且不够灵活，无法确保在价格竞争中的优势。由于国家国产化替代政策的影响，每个省都出台了相应的限制采购进口的设备种类，以及可以采购进口品的比例。因此当出现个别医院可以购买进口品出现时，势必引起进口厂商的激烈竞争。公司为了拿下单子，经常采取降低成交价的方式进行促销。导致同个产品规格的中标价在不同医院有很大差距，代理商利润空间下降，给后续的销售带来很大的阻力。对于眼镜店、视光中心和公立医疗机构是不同的销售渠道，同个型号产品有价格上的差距，部分没有拿到授权的代理商四处寻价，找到眼镜的渠道寻得低价，冲击医疗机构的采购项目。同时公Y司还面临着经销商可能被Z公司、T公司等竞争对手以更高利润吸引的风险。在瞬息万变的市场环境中，Y公司将面临更多的市场挑战。如果不建立一个更科学、更完善且能够实时调整的定价体系，会造成客户对品牌消极的认知，会损害公司品牌的价值，对公司品牌的长期健康发展构成威胁。公司可能会面临竞争力下降和市场萎缩等不可预知的经营问题。
段落样式: 正文-缩进
从样式获取的格式:
  样式字体: 未设置
  样式字号: 未设置
  样式颜色: 未设置
对齐方式: 未设置
左缩进: 未设置
右缩进: 未设置
首行缩进: 未设置
行间距: 未设置
从XML读取的格式:
  运行 1: '缺乏完善的定价体系'
    字体: 未设置
    大小: 未设置
    粗体: 未设置
    斜体: 未设置
    下划线: 未设置
    标准颜色: 未设置
  运行 2: '。'
    字体: 未设置
    大小: 未设置
    粗体: 未设置
    斜体: 未设置
    下划线: 未设置
    标准颜色: 未设置
  运行 3: 'Y'
    字体: 未设置
    大小: 未设置
    粗体: 未设置
    斜体: 未设置
    下划线: 未设置
    标准颜色: 未设置
  运行 4: '公司在眼科医疗器械领域深耕'
    字体: 未设置
    大小: 未设置
    粗体: 未设置
    斜体: 未设置
    下划线: 未设置
    标准颜色: 未设置
  运行 5: '8'
    字体: 未设置
    大小: 未设置
    粗体: 未设置
    斜体: 未设置
    下划线: 未设置
    标准颜色: 未设置
  运行 6: '年对，产品业务覆盖广泛，但在定价体系的构建上，'
    字体: 未设置
    大小: 未设置
    粗体: 未设置
    斜体: 未设置
    下划线: 未设置
    标准颜色: 未设置
  运行 7: 'Y'
    字体: 未设置
    大小: 未设置
    粗体: 未设置
    斜体: 未设置
    下划线: 未设置
    标准颜色: 未设置
  运行 8: '公司仍有很大的提升空间。目前'
    字体: 未设置
    大小: 未设置
    粗体: 未设置
    斜体: 未设置
    下划线: 未设置
    标准颜色: 未设置
  运行 9: 'Y'
    字体: 未设置
    大小: 未设置
    粗体: 未设置
    斜体: 未设置
    下划线: 未设置
    标准颜色: 未设置
  运行 10: '公司主要依赖成本导向的定价策略，并通过直销或通过一级、二级经销商进行销售。在华南地区，'
    字体: 未设置
    大小: 未设置
    粗体: 未设置
    斜体: 未设置
    下划线: 未设置
    标准颜色: 未设置
  运行 11: 'Y'
    字体: 未设置
    大小: 未设置
    粗体: 未设置
    斜体: 未设置
    下划线: 未设置
    标准颜色: 未设置
  运行 12: '公司的眼科产品'
    字体: 未设置
    大小: 未设置
    粗体: 未设置
    斜体: 未设置
    下划线: 未设置
    标准颜色: 未设置
  运行 13: '代理商出货价'
    字体: 未设置
    大小: 未设置
    粗体: 未设置
    斜体: 未设置
    下划线: 未设置
    标准颜色: 未设置
  运行 14: '保持一致性'
    字体: 未设置
    大小: 未设置
    粗体: 未设置
    斜体: 未设置
    下划线: 未设置
    标准颜色: 未设置
  运行 15: '，但对于医院市场成交价没有效的控制'
    字体: 未设置
    大小: 未设置
    粗体: 未设置
    斜体: 未设置
    下划线: 未设置
    标准颜色: 未设置
  运行 16: '管理'
    字体: 未设置
    大小: 未设置
    粗体: 未设置
    斜体: 未设置
    下划线: 未设置
    标准颜色: 未设置
  运行 17: '。'
    字体: 未设置
    大小: 未设置
    粗体: 未设置
    斜体: 未设置
    下划线: 未设置
    标准颜色: 未设置
  运行 18: '随着'
    字体: 未设置
    大小: 未设置
    粗体: 未设置
    斜体: 未设置
    下划线: 未设置
    标准颜色: 未设置
  运行 19: '医疗器械'
    字体: 未设置
    大小: 未设置
    粗体: 未设置
    斜体: 未设置
    下划线: 未设置
    标准颜色: 未设置
  运行 20: '行业整体利润率的下降，'
    字体: 未设置
    大小: 未设置
    粗体: 未设置
    斜体: 未设置
    下划线: 未设置
    标准颜色: 未设置
  运行 21: 'Y'
    字体: 未设置
    大小: 未设置
    粗体: 未设置
    斜体: 未设置
    下划线: 未设置
    标准颜色: 未设置
  运行 22: '公司的定价策略并没有充分预见到产品通过招标进入市场后，其售价可能会持续降低的情况。这导致其定价策略显得单一且不够灵活，无法确保在价格竞争中的优势。'
    字体: 未设置
    大小: 未设置
    粗体: 未设置
    斜体: 未设置
    下划线: 未设置
    标准颜色: 未设置
  运行 23: '由于国家国产化替代政策的影响，每个省都出台了相应的限制采购进口的设备种类，以及可以采购进口品的比例。因'
    字体: 未设置
    大小: 未设置
    粗体: 未设置
    斜体: 未设置
    下划线: 未设置
    标准颜色: 未设置
  运行 24: '此当出现个别医院可以购买进口品出现时，势必引起进口厂商的激烈竞争。公司为了拿下单子，经常采取降低成交价的方式进行促销。导致同个产品规格的中标价在不同医院有很大差距，代理商利润'
    字体: 未设置
    大小: 未设置
    粗体: 未设置
    斜体: 未设置
    下划线: 未设置
    标准颜色: 未设置
  运行 25: '空间'
    字体: 未设置
    大小: 未设置
    粗体: 未设置
    斜体: 未设置
    下划线: 未设置
    标准颜色: 未设置
  运行 26: '下降，给后续的销售带来很大的阻力。'
    字体: 未设置
    大小: 未设置
    粗体: 未设置
    斜体: 未设置
    下划线: 未设置
    标准颜色: 未设置
  运行 27: '对于眼镜店、视光中心和公立医疗机构是不同的销售渠道，同个型号产品有价格上的差距'
    字体: 未设置
    大小: 未设置
    粗体: 未设置
    斜体: 未设置
    下划线: 未设置
    标准颜色: 未设置
  运行 28: '，部分没'
    字体: 未设置
    大小: 未设置
    粗体: 未设置
    斜体: 未设置
    下划线: 未设置
    标准颜色: 未设置
  运行 29: '有拿到'
    字体: 未设置
    大小: 未设置
    粗体: 未设置
    斜体: 未设置
    下划线: 未设置
    标准颜色: 未设置
  运行 30: '授权的代理商四处寻价，找到眼镜的渠道寻得低价，冲击医疗机构的采购项目。同时'
    字体: 未设置
    大小: 未设置
    粗体: 未设置
    斜体: 未设置
    下划线: 未设置
    标准颜色: 未设置
  运行 31: '公'
    字体: 未设置
    大小: 未设置
    粗体: 未设置
    斜体: 未设置
    下划线: 未设置
    标准颜色: 未设置
  运行 32: 'Y'
    字体: 未设置
    大小: 未设置
    粗体: 未设置
    斜体: 未设置
    下划线: 未设置
    标准颜色: 未设置
  运行 33: '司还面临着经销商可能被'
    字体: 未设置
    大小: 未设置
    粗体: 未设置
    斜体: 未设置
    下划线: 未设置
    标准颜色: 未设置
  运行 34: 'Z'
    字体: 未设置
    大小: 未设置
    粗体: 未设置
    斜体: 未设置
    下划线: 未设置
    标准颜色: 未设置
  运行 35: '公司、'
    字体: 未设置
    大小: 未设置
    粗体: 未设置
    斜体: 未设置
    下划线: 未设置
    标准颜色: 未设置
  运行 36: 'T'
    字体: 未设置
    大小: 未设置
    粗体: 未设置
    斜体: 未设置
    下划线: 未设置
    标准颜色: 未设置
  运行 37: '公司等竞争对手以更高利润吸引的风险。在'
    字体: 未设置
    大小: 未设置
    粗体: 未设置
    斜体: 未设置
    下划线: 未设置
    标准颜色: 未设置
  运行 38: '瞬息万变'
    字体: 未设置
    大小: 未设置
    粗体: 未设置
    斜体: 未设置
    下划线: 未设置
    标准颜色: 未设置
  运行 39: '的市场环境中，'
    字体: 未设置
    大小: 未设置
    粗体: 未设置
    斜体: 未设置
    下划线: 未设置
    标准颜色: 未设置
  运行 40: 'Y'
    字体: 未设置
    大小: 未设置
    粗体: 未设置
    斜体: 未设置
    下划线: 未设置
    标准颜色: 未设置
  运行 41: '公司将面临更多的市场挑战。如果不建立一个更科学、更完善且能够实时调整的定价体系，'
    字体: 未设置
    大小: 未设置
    粗体: 未设置
    斜体: 未设置
    下划线: 未设置
    标准颜色: 未设置
  运行 42: '会造成客户对品牌消极的认知，会损害公司品牌的价值，对公司品牌的长期健康发展构成威胁。'
    字体: 未设置
    大小: 未设置
    粗体: 未设置
    斜体: 未设置
    下划线: 未设置
    标准颜色: 未设置
  运行 43: '公司可能会面临竞争力下降和市场萎缩等不可'
    字体: 未设置
    大小: 未设置
    粗体: 未设置
    斜体: 未设置
    下划线: 未设置
    标准颜色: 未设置
  运行 44: '预知'
    字体: 未设置
    大小: 未设置
    粗体: 未设置
    斜体: 未设置
    下划线: 未设置
    标准颜色: 未设置
  运行 45: '的经营问题。'
    字体: 未设置
    大小: 未设置
    粗体: 未设置
    斜体: 未设置
    下划线: 未设置
    标准颜色: 未设置

段落 822:
文本内容: 定价缺乏灵活性。Y公司的产品定价策略显示出一定的僵化性，产品从上市到退市的价格变动范围较小，公司未能根据产品生命周期和客户需求灵活调整产品在不同阶段的价格。一旦产品定价确定，公司分销渠道的价格便长期保持稳定，导致经销商能够获得的返利有限。在这种定价模式下，Y公司可能会面临来自竞争对手的挑战，这些竞争对手可能会推出更优质、价格更低的产品来争夺市场份额，从而削弱Y公司的竞争优势，导致市场份额的减少。此外由于华南地区经销商的价格是统一，公司没有根据各省当地的经济发展水平和居民收入水平进行适当的价格调整，这使得Y公司在经济相对落后的广西、湖南等地区缺乏价格竞争力，增加了这些地区市场拓展的难度。
段落样式: 正文-缩进
从样式获取的格式:
  样式字体: 未设置
  样式字号: 未设置
  样式颜色: 未设置
对齐方式: 未设置
左缩进: 未设置
右缩进: 未设置
首行缩进: 未设置
行间距: 未设置
从XML读取的格式:
  运行 1: '定价缺乏灵活性'
    字体: 未设置
    大小: 未设置
    粗体: 未设置
    斜体: 未设置
    下划线: 未设置
    标准颜色: 未设置
  运行 2: '。'
    字体: 未设置
    大小: 未设置
    粗体: 未设置
    斜体: 未设置
    下划线: 未设置
    标准颜色: 未设置
  运行 3: 'Y'
    字体: 未设置
    大小: 未设置
    粗体: 未设置
    斜体: 未设置
    下划线: 未设置
    标准颜色: 未设置
  运行 4: '公司的产品定价策略显示出一定的僵化性，产品从上市到退市的价格变动范围较小，公司未能根据产品生命周期和客户需求灵活调整产品在不同阶段的价格。一旦产品定价确定，公司分销渠道的价格便长期保持稳定，导致经销商能够获得的返利有限。在这种定价模式下，'
    字体: 未设置
    大小: 未设置
    粗体: 未设置
    斜体: 未设置
    下划线: 未设置
    标准颜色: 未设置
  运行 5: 'Y'
    字体: 未设置
    大小: 未设置
    粗体: 未设置
    斜体: 未设置
    下划线: 未设置
    标准颜色: 未设置
  运行 6: '公司可能会面临来自竞争对手的挑战，这些竞争对手可能会推出更优质、价格更低的产品来争夺市场份额，从而削弱'
    字体: 未设置
    大小: 未设置
    粗体: 未设置
    斜体: 未设置
    下划线: 未设置
    标准颜色: 未设置
  运行 7: 'Y'
    字体: 未设置
    大小: 未设置
    粗体: 未设置
    斜体: 未设置
    下划线: 未设置
    标准颜色: 未设置
  运行 8: '公司的竞争优势，导致市场份额的减少。此外'
    字体: 未设置
    大小: 未设置
    粗体: 未设置
    斜体: 未设置
    下划线: 未设置
    标准颜色: 未设置
  运行 9: '由于华南'
    字体: 未设置
    大小: 未设置
    粗体: 未设置
    斜体: 未设置
    下划线: 未设置
    标准颜色: 未设置
  运行 10: '地区经销商的价格'
    字体: 未设置
    大小: 未设置
    粗体: 未设置
    斜体: 未设置
    下划线: 未设置
    标准颜色: 未设置
  运行 11: '是'
    字体: 未设置
    大小: 未设置
    粗体: 未设置
    斜体: 未设置
    下划线: 未设置
    标准颜色: 未设置
  运行 12: '统一，公司没有根据'
    字体: 未设置
    大小: 未设置
    粗体: 未设置
    斜体: 未设置
    下划线: 未设置
    标准颜色: 未设置
  运行 13: '各省'
    字体: 未设置
    大小: 未设置
    粗体: 未设置
    斜体: 未设置
    下划线: 未设置
    标准颜色: 未设置
  运行 14: '当地的经济发展水平和居民收入水平进行适当的价格调整，这使得'
    字体: 未设置
    大小: 未设置
    粗体: 未设置
    斜体: 未设置
    下划线: 未设置
    标准颜色: 未设置
  运行 15: 'Y'
    字体: 未设置
    大小: 未设置
    粗体: 未设置
    斜体: 未设置
    下划线: 未设置
    标准颜色: 未设置
  运行 16: '公司在经济相对落后'
    字体: 未设置
    大小: 未设置
    粗体: 未设置
    斜体: 未设置
    下划线: 未设置
    标准颜色: 未设置
  运行 17: '的广西'
    字体: 未设置
    大小: 未设置
    粗体: 未设置
    斜体: 未设置
    下划线: 未设置
    标准颜色: 未设置
  运行 18: '、'
    字体: 未设置
    大小: 未设置
    粗体: 未设置
    斜体: 未设置
    下划线: 未设置
    标准颜色: 未设置
  运行 19: '湖南'
    字体: 未设置
    大小: 未设置
    粗体: 未设置
    斜体: 未设置
    下划线: 未设置
    标准颜色: 未设置
  运行 20: '等地区缺乏价格竞争力，增加了'
    字体: 未设置
    大小: 未设置
    粗体: 未设置
    斜体: 未设置
    下划线: 未设置
    标准颜色: 未设置
  运行 21: '这些地区'
    字体: 未设置
    大小: 未设置
    粗体: 未设置
    斜体: 未设置
    下划线: 未设置
    标准颜色: 未设置
  运行 22: '市场拓展的难度。'
    字体: 未设置
    大小: 未设置
    粗体: 未设置
    斜体: 未设置
    下划线: 未设置
    标准颜色: 未设置

段落 823:
文本内容: 推广促销问题
段落样式: Heading 3
从样式获取的格式:
  样式字体: 未设置
  样式字号: 未设置
  样式颜色: 未设置
对齐方式: 未设置
左缩进: 未设置
右缩进: 未设置
首行缩进: 未设置
行间距: 未设置
从XML读取的格式:
  运行 1: '推广促销问题'
    字体: 未设置
    大小: 未设置
    粗体: 未设置
    斜体: 未设置
    下划线: 未设置
    标准颜色: 未设置
  运行 2: ''
    字体: 未设置
    大小: 未设置
    粗体: 未设置
    斜体: 未设置
    下划线: 未设置
    标准颜色: 未设置
  运行 3: ''
    字体: 未设置
    大小: 未设置
    粗体: 未设置
    斜体: 未设置
    下划线: 未设置
    标准颜色: 未设置
  运行 4: ''
    字体: 未设置
    大小: 未设置
    粗体: 未设置
    斜体: 未设置
    下划线: 未设置
    标准颜色: 未设置
  运行 5: ''
    字体: 未设置
    大小: 未设置
    粗体: 未设置
    斜体: 未设置
    下划线: 未设置
    标准颜色: 未设置
  运行 6: ''
    字体: 未设置
    大小: 未设置
    粗体: 未设置
    斜体: 未设置
    下划线: 未设置
    标准颜色: 未设置
  运行 7: ''
    字体: 未设置
    大小: 未设置
    粗体: 未设置
    斜体: 未设置
    下划线: 未设置
    标准颜色: 未设置
  运行 8: ''
    字体: 未设置
    大小: 未设置
    粗体: 未设置
    斜体: 未设置
    下划线: 未设置
    标准颜色: 未设置
  运行 9: ''
    字体: 未设置
    大小: 未设置
    粗体: 未设置
    斜体: 未设置
    下划线: 未设置
    标准颜色: 未设置
  运行 10: ''
    字体: 未设置
    大小: 未设置
    粗体: 未设置
    斜体: 未设置
    下划线: 未设置
    标准颜色: 未设置
  运行 11: ''
    字体: 未设置
    大小: 未设置
    粗体: 未设置
    斜体: 未设置
    下划线: 未设置
    标准颜色: 未设置

段落 824:
文本内容: 分析公司内部的深度访谈中，有14人提及了设备试用转化率低，占总访谈人数的73.68%。在分析问卷调研数据中发现，对于“您经常参加Y公司的产品学术活动”的问题上，9.7%的人认为完全符合。根据实际情况综合分析后，笔者认为Y公司在推广促销方便的问题主要是以下两个。
段落样式: 正文-缩进
从样式获取的格式:
  样式字体: 未设置
  样式字号: 未设置
  样式颜色: 未设置
对齐方式: 未设置
左缩进: 未设置
右缩进: 未设置
首行缩进: 未设置
行间距: 未设置
从XML读取的格式:
  运行 1: '分析'
    字体: 未设置
    大小: 未设置
    粗体: 未设置
    斜体: 未设置
    下划线: 未设置
    标准颜色: 未设置
  运行 2: '公司内部的深度访谈'
    字体: 未设置
    大小: 未设置
    粗体: 未设置
    斜体: 未设置
    下划线: 未设置
    标准颜色: 未设置
  运行 3: '中'
    字体: 未设置
    大小: 未设置
    粗体: 未设置
    斜体: 未设置
    下划线: 未设置
    标准颜色: 未设置
  运行 4: '，有'
    字体: 未设置
    大小: 未设置
    粗体: 未设置
    斜体: 未设置
    下划线: 未设置
    标准颜色: 未设置
  运行 5: '1'
    字体: 未设置
    大小: 未设置
    粗体: 未设置
    斜体: 未设置
    下划线: 未设置
    标准颜色: 未设置
  运行 6: '4'
    字体: 未设置
    大小: 未设置
    粗体: 未设置
    斜体: 未设置
    下划线: 未设置
    标准颜色: 未设置
  运行 7: '人提及了'
    字体: 未设置
    大小: 未设置
    粗体: 未设置
    斜体: 未设置
    下划线: 未设置
    标准颜色: 未设置
  运行 8: '设备试用转化率低'
    字体: 未设置
    大小: 未设置
    粗体: 未设置
    斜体: 未设置
    下划线: 未设置
    标准颜色: 未设置
  运行 9: '，占总访谈人数的'
    字体: 未设置
    大小: 未设置
    粗体: 未设置
    斜体: 未设置
    下划线: 未设置
    标准颜色: 未设置
  运行 10: '73.68'
    字体: 未设置
    大小: 未设置
    粗体: 未设置
    斜体: 未设置
    下划线: 未设置
    标准颜色: 未设置
  运行 11: '%'
    字体: 未设置
    大小: 未设置
    粗体: 未设置
    斜体: 未设置
    下划线: 未设置
    标准颜色: 未设置
  运行 12: '。在分析问卷调研数据中发现，对于“'
    字体: 未设置
    大小: 未设置
    粗体: 未设置
    斜体: 未设置
    下划线: 未设置
    标准颜色: 未设置
  运行 13: '您经常参加'
    字体: 未设置
    大小: 未设置
    粗体: 未设置
    斜体: 未设置
    下划线: 未设置
    标准颜色: 未设置
  运行 14: 'Y'
    字体: 未设置
    大小: 未设置
    粗体: 未设置
    斜体: 未设置
    下划线: 未设置
    标准颜色: 未设置
  运行 15: '公司的产品学术活动'
    字体: 未设置
    大小: 未设置
    粗体: 未设置
    斜体: 未设置
    下划线: 未设置
    标准颜色: 未设置
  运行 16: '”的问题上，'
    字体: 未设置
    大小: 未设置
    粗体: 未设置
    斜体: 未设置
    下划线: 未设置
    标准颜色: 未设置
  运行 17: '9'
    字体: 未设置
    大小: 未设置
    粗体: 未设置
    斜体: 未设置
    下划线: 未设置
    标准颜色: 未设置
  运行 18: '.'
    字体: 未设置
    大小: 未设置
    粗体: 未设置
    斜体: 未设置
    下划线: 未设置
    标准颜色: 未设置
  运行 19: '7'
    字体: 未设置
    大小: 未设置
    粗体: 未设置
    斜体: 未设置
    下划线: 未设置
    标准颜色: 未设置
  运行 20: '%'
    字体: 未设置
    大小: 未设置
    粗体: 未设置
    斜体: 未设置
    下划线: 未设置
    标准颜色: 未设置
  运行 21: '的人认为'
    字体: 未设置
    大小: 未设置
    粗体: 未设置
    斜体: 未设置
    下划线: 未设置
    标准颜色: 未设置
  运行 22: '完全符合'
    字体: 未设置
    大小: 未设置
    粗体: 未设置
    斜体: 未设置
    下划线: 未设置
    标准颜色: 未设置
  运行 23: '。'
    字体: 未设置
    大小: 未设置
    粗体: 未设置
    斜体: 未设置
    下划线: 未设置
    标准颜色: 未设置
  运行 24: '根据实际情况综合分析后，笔者认为'
    字体: 未设置
    大小: 未设置
    粗体: 未设置
    斜体: 未设置
    下划线: 未设置
    标准颜色: 未设置
  运行 25: 'Y'
    字体: 未设置
    大小: 未设置
    粗体: 未设置
    斜体: 未设置
    下划线: 未设置
    标准颜色: 未设置
  运行 26: '公司在推广促销方便的问题主要是以下两个。'
    字体: 未设置
    大小: 未设置
    粗体: 未设置
    斜体: 未设置
    下划线: 未设置
    标准颜色: 未设置

段落 825:
文本内容: 设备试用成交率低。Y公司是2015年底成立，在国内眼科行业算是后起之秀，大部分客户对于这个新的品牌都没太多的认知。Y公司只能先通过销售人员向客户介绍产品，对于有产品需求的客户再安排样机到医院试用。目前在市场上试用、借用的设备金额近2,700万元左右。原本很多设备是可以直接试用转销售的，但现在的国产化替代政策出来之后，很多采购计划搁置，导致试用成交转化率低。
段落样式: 正文-缩进
从样式获取的格式:
  样式字体: 未设置
  样式字号: 未设置
  样式颜色: 未设置
对齐方式: 未设置
左缩进: 未设置
右缩进: 未设置
首行缩进: 未设置
行间距: 未设置
从XML读取的格式:
  运行 1: '设备试用'
    字体: 未设置
    大小: 未设置
    粗体: 未设置
    斜体: 未设置
    下划线: 未设置
    标准颜色: 未设置
  运行 2: '成交率低'
    字体: 未设置
    大小: 未设置
    粗体: 未设置
    斜体: 未设置
    下划线: 未设置
    标准颜色: 未设置
  运行 3: '。'
    字体: 未设置
    大小: 未设置
    粗体: 未设置
    斜体: 未设置
    下划线: 未设置
    标准颜色: 未设置
  运行 4: 'Y'
    字体: 未设置
    大小: 未设置
    粗体: 未设置
    斜体: 未设置
    下划线: 未设置
    标准颜色: 未设置
  运行 5: '公司是'
    字体: 未设置
    大小: 未设置
    粗体: 未设置
    斜体: 未设置
    下划线: 未设置
    标准颜色: 未设置
  运行 6: '2015'
    字体: 未设置
    大小: 未设置
    粗体: 未设置
    斜体: 未设置
    下划线: 未设置
    标准颜色: 未设置
  运行 7: '年底成立，在国内眼科行业算是后起之秀，大部分客户对于这个新的品牌都没太多的认知。'
    字体: 未设置
    大小: 未设置
    粗体: 未设置
    斜体: 未设置
    下划线: 未设置
    标准颜色: 未设置
  运行 8: 'Y'
    字体: 未设置
    大小: 未设置
    粗体: 未设置
    斜体: 未设置
    下划线: 未设置
    标准颜色: 未设置
  运行 9: '公司只能先通过销售人员向客户介绍产品，对于有产品需求的客户再安排样机到医院试用。目前在市场上试用、借用的设备金额近'
    字体: 未设置
    大小: 未设置
    粗体: 未设置
    斜体: 未设置
    下划线: 未设置
    标准颜色: 未设置
  运行 10: '2'
    字体: 未设置
    大小: 未设置
    粗体: 未设置
    斜体: 未设置
    下划线: 未设置
    标准颜色: 未设置
  运行 11: ','
    字体: 未设置
    大小: 未设置
    粗体: 未设置
    斜体: 未设置
    下划线: 未设置
    标准颜色: 未设置
  运行 12: '700'
    字体: 未设置
    大小: 未设置
    粗体: 未设置
    斜体: 未设置
    下划线: 未设置
    标准颜色: 未设置
  运行 13: '万元左右。原本很多设备是可以直接试用转销售的，但现在'
    字体: 未设置
    大小: 未设置
    粗体: 未设置
    斜体: 未设置
    下划线: 未设置
    标准颜色: 未设置
  运行 14: '的国产化替代政策出来之后，很多采购计划搁置，导致试用成交转化率低。'
    字体: 未设置
    大小: 未设置
    粗体: 未设置
    斜体: 未设置
    下划线: 未设置
    标准颜色: 未设置

段落 826:
文本内容: 学术会议投入不足。在国内外的专业展会和国际展览会中，赞助级别处于中等水平，展位面积不够大，主办方经常会将同类厂商集中展示在同一展馆。这种展会 布局为Y公司带来了挑战，同时也提供了机遇。不利之处在于，参观者在同一展馆内可以迅速比较不同企业的产品，一旦他们对某个知名企业的产品产生了偏好，Y公司想要后来居上吸引这些客户就会变得相对困难。而优势在于这些知名度较高的企业能够吸引大量访客，从而为整个展馆带来人流，为Y公司提供了更多接触潜在客户的机会。Y公司在这样的环境中，需要通过精心策划的营销活动和突出的产品特性，来吸引参观者的注意力，并在竞争中获得优势。
段落样式: 正文-缩进
从样式获取的格式:
  样式字体: 未设置
  样式字号: 未设置
  样式颜色: 未设置
对齐方式: 未设置
左缩进: 未设置
右缩进: 未设置
首行缩进: 未设置
行间距: 未设置
从XML读取的格式:
  运行 1: '学术会议投入不足。在国内外的专业展会和国际展览会中，'
    字体: 未设置
    大小: 未设置
    粗体: 未设置
    斜体: 未设置
    下划线: 未设置
    标准颜色: 未设置
  运行 2: '赞助级别'
    字体: 未设置
    大小: 未设置
    粗体: 未设置
    斜体: 未设置
    下划线: 未设置
    标准颜色: 未设置
  运行 3: '处于'
    字体: 未设置
    大小: 未设置
    粗体: 未设置
    斜体: 未设置
    下划线: 未设置
    标准颜色: 未设置
  运行 4: '中等'
    字体: 未设置
    大小: 未设置
    粗体: 未设置
    斜体: 未设置
    下划线: 未设置
    标准颜色: 未设置
  运行 5: '水平'
    字体: 未设置
    大小: 未设置
    粗体: 未设置
    斜体: 未设置
    下划线: 未设置
    标准颜色: 未设置
  运行 6: '，展位'
    字体: 未设置
    大小: 未设置
    粗体: 未设置
    斜体: 未设置
    下划线: 未设置
    标准颜色: 未设置
  运行 7: '面积'
    字体: 未设置
    大小: 未设置
    粗体: 未设置
    斜体: 未设置
    下划线: 未设置
    标准颜色: 未设置
  运行 8: '不够大，'
    字体: 未设置
    大小: 未设置
    粗体: 未设置
    斜体: 未设置
    下划线: 未设置
    标准颜色: 未设置
  运行 9: '主办方'
    字体: 未设置
    大小: 未设置
    粗体: 未设置
    斜体: 未设置
    下划线: 未设置
    标准颜色: 未设置
  运行 10: '经常'
    字体: 未设置
    大小: 未设置
    粗体: 未设置
    斜体: 未设置
    下划线: 未设置
    标准颜色: 未设置
  运行 11: '会将'
    字体: 未设置
    大小: 未设置
    粗体: 未设置
    斜体: 未设置
    下划线: 未设置
    标准颜色: 未设置
  运行 12: '同类厂商'
    字体: 未设置
    大小: 未设置
    粗体: 未设置
    斜体: 未设置
    下划线: 未设置
    标准颜色: 未设置
  运行 13: '集中展示在同一展馆'
    字体: 未设置
    大小: 未设置
    粗体: 未设置
    斜体: 未设置
    下划线: 未设置
    标准颜色: 未设置
  运行 14: '。'
    字体: 未设置
    大小: 未设置
    粗体: 未设置
    斜体: 未设置
    下划线: 未设置
    标准颜色: 未设置
  运行 15: '这种'
    字体: 未设置
    大小: 未设置
    粗体: 未设置
    斜体: 未设置
    下划线: 未设置
    标准颜色: 未设置
  运行 16: '展会'
    字体: 未设置
    大小: 未设置
    粗体: 未设置
    斜体: 未设置
    下划线: 未设置
    标准颜色: 未设置
  运行 17: ' '
    字体: 未设置
    大小: 未设置
    粗体: 未设置
    斜体: 未设置
    下划线: 未设置
    标准颜色: 未设置
  运行 18: '布局为'
    字体: 未设置
    大小: 未设置
    粗体: 未设置
    斜体: 未设置
    下划线: 未设置
    标准颜色: 未设置
  运行 19: 'Y'
    字体: 未设置
    大小: 未设置
    粗体: 未设置
    斜体: 未设置
    下划线: 未设置
    标准颜色: 未设置
  运行 20: '公司带来了挑战，同时也提供了机遇。'
    字体: 未设置
    大小: 未设置
    粗体: 未设置
    斜体: 未设置
    下划线: 未设置
    标准颜色: 未设置
  运行 21: '不利之处在于，参观者在同一展馆内可以迅速比较不同企业的产品，一旦他们对某个知名企业的产品产生了偏好，'
    字体: 未设置
    大小: 未设置
    粗体: 未设置
    斜体: 未设置
    下划线: 未设置
    标准颜色: 未设置
  运行 22: 'Y'
    字体: 未设置
    大小: 未设置
    粗体: 未设置
    斜体: 未设置
    下划线: 未设置
    标准颜色: 未设置
  运行 23: '公司想要后来居上吸引这些客户就会变得相对困难。而优势在于这些知名度较高的企业能够吸引大量访客，从'
    字体: 未设置
    大小: 未设置
    粗体: 未设置
    斜体: 未设置
    下划线: 未设置
    标准颜色: 未设置
  运行 24: '而为整个展馆带来人流，为'
    字体: 未设置
    大小: 未设置
    粗体: 未设置
    斜体: 未设置
    下划线: 未设置
    标准颜色: 未设置
  运行 25: 'Y'
    字体: 未设置
    大小: 未设置
    粗体: 未设置
    斜体: 未设置
    下划线: 未设置
    标准颜色: 未设置
  运行 26: '公司提供了更多接触潜在客户的机会。'
    字体: 未设置
    大小: 未设置
    粗体: 未设置
    斜体: 未设置
    下划线: 未设置
    标准颜色: 未设置
  运行 27: 'Y'
    字体: 未设置
    大小: 未设置
    粗体: 未设置
    斜体: 未设置
    下划线: 未设置
    标准颜色: 未设置
  运行 28: '公司在这样的环境中，'
    字体: 未设置
    大小: 未设置
    粗体: 未设置
    斜体: 未设置
    下划线: 未设置
    标准颜色: 未设置
  运行 29: '需要'
    字体: 未设置
    大小: 未设置
    粗体: 未设置
    斜体: 未设置
    下划线: 未设置
    标准颜色: 未设置
  运行 30: '通过精心策划的营销活动和突出的产品特性，来吸引参观者的注意力，并在竞争中获得优势。'
    字体: 未设置
    大小: 未设置
    粗体: 未设置
    斜体: 未设置
    下划线: 未设置
    标准颜色: 未设置

段落 827:
文本内容: 营销渠道问题
段落样式: Heading 3
从样式获取的格式:
  样式字体: 未设置
  样式字号: 未设置
  样式颜色: 未设置
对齐方式: 未设置
左缩进: 未设置
右缩进: 未设置
首行缩进: 未设置
行间距: 未设置
从XML读取的格式:
  运行 1: '营销渠道'
    字体: 未设置
    大小: 未设置
    粗体: 未设置
    斜体: 未设置
    下划线: 未设置
    标准颜色: 未设置
  运行 2: '问题'
    字体: 未设置
    大小: 未设置
    粗体: 未设置
    斜体: 未设置
    下划线: 未设置
    标准颜色: 未设置
  运行 3: ''
    字体: 未设置
    大小: 未设置
    粗体: 未设置
    斜体: 未设置
    下划线: 未设置
    标准颜色: 未设置
  运行 4: ''
    字体: 未设置
    大小: 未设置
    粗体: 未设置
    斜体: 未设置
    下划线: 未设置
    标准颜色: 未设置
  运行 5: ''
    字体: 未设置
    大小: 未设置
    粗体: 未设置
    斜体: 未设置
    下划线: 未设置
    标准颜色: 未设置
  运行 6: ''
    字体: 未设置
    大小: 未设置
    粗体: 未设置
    斜体: 未设置
    下划线: 未设置
    标准颜色: 未设置
  运行 7: ''
    字体: 未设置
    大小: 未设置
    粗体: 未设置
    斜体: 未设置
    下划线: 未设置
    标准颜色: 未设置
  运行 8: ''
    字体: 未设置
    大小: 未设置
    粗体: 未设置
    斜体: 未设置
    下划线: 未设置
    标准颜色: 未设置
  运行 9: ''
    字体: 未设置
    大小: 未设置
    粗体: 未设置
    斜体: 未设置
    下划线: 未设置
    标准颜色: 未设置
  运行 10: ''
    字体: 未设置
    大小: 未设置
    粗体: 未设置
    斜体: 未设置
    下划线: 未设置
    标准颜色: 未设置
  运行 11: ''
    字体: 未设置
    大小: 未设置
    粗体: 未设置
    斜体: 未设置
    下划线: 未设置
    标准颜色: 未设置
  运行 12: ''
    字体: 未设置
    大小: 未设置
    粗体: 未设置
    斜体: 未设置
    下划线: 未设置
    标准颜色: 未设置
  运行 13: ''
    字体: 未设置
    大小: 未设置
    粗体: 未设置
    斜体: 未设置
    下划线: 未设置
    标准颜色: 未设置

段落 828:
文本内容: 在问卷调查中，关于“您获取Y公司产品信息是通过上门营销”的问题回答中，只有22.3%的受访者认为是完全符合的。在内部的深度访谈中，有10人提及了“大客户关系维护效果差”的问题。通过分析Y公司实际情况，公司主要负责华南区的销售服务工作，实际覆盖5个省区，但销售人员却只有29人，主要以直销推广为主，没有授权分销商，拜访覆盖辖区的客户量占比较低。
段落样式: 正文-缩进
从样式获取的格式:
  样式字体: 未设置
  样式字号: 未设置
  样式颜色: 未设置
对齐方式: 未设置
左缩进: 未设置
右缩进: 未设置
首行缩进: 未设置
行间距: 未设置
从XML读取的格式:
  运行 1: '在问卷调查中，关于“'
    字体: 未设置
    大小: 未设置
    粗体: 未设置
    斜体: 未设置
    下划线: 未设置
    标准颜色: 未设置
  运行 2: '您获取'
    字体: 未设置
    大小: 未设置
    粗体: 未设置
    斜体: 未设置
    下划线: 未设置
    标准颜色: 未设置
  运行 3: 'Y'
    字体: 未设置
    大小: 未设置
    粗体: 未设置
    斜体: 未设置
    下划线: 未设置
    标准颜色: 未设置
  运行 4: '公司产品信息是通过上门营销'
    字体: 未设置
    大小: 未设置
    粗体: 未设置
    斜体: 未设置
    下划线: 未设置
    标准颜色: 未设置
  运行 5: '”的问题回答中，只有'
    字体: 未设置
    大小: 未设置
    粗体: 未设置
    斜体: 未设置
    下划线: 未设置
    标准颜色: 未设置
  运行 6: '22.3%'
    字体: 未设置
    大小: 未设置
    粗体: 未设置
    斜体: 未设置
    下划线: 未设置
    标准颜色: 未设置
  运行 7: '的受访者认为是完全符合的。在内部的深度访谈中，有'
    字体: 未设置
    大小: 未设置
    粗体: 未设置
    斜体: 未设置
    下划线: 未设置
    标准颜色: 未设置
  运行 8: '10'
    字体: 未设置
    大小: 未设置
    粗体: 未设置
    斜体: 未设置
    下划线: 未设置
    标准颜色: 未设置
  运行 9: '人提及了“'
    字体: 未设置
    大小: 未设置
    粗体: 未设置
    斜体: 未设置
    下划线: 未设置
    标准颜色: 未设置
  运行 10: '大客户关系维护效果差'
    字体: 未设置
    大小: 未设置
    粗体: 未设置
    斜体: 未设置
    下划线: 未设置
    标准颜色: 未设置
  运行 11: '”的问题。通过分析'
    字体: 未设置
    大小: 未设置
    粗体: 未设置
    斜体: 未设置
    下划线: 未设置
    标准颜色: 未设置
  运行 12: 'Y'
    字体: 未设置
    大小: 未设置
    粗体: 未设置
    斜体: 未设置
    下划线: 未设置
    标准颜色: 未设置
  运行 13: '公司实际情况，公司主要负责华南区的销售服务工作，实际覆盖'
    字体: 未设置
    大小: 未设置
    粗体: 未设置
    斜体: 未设置
    下划线: 未设置
    标准颜色: 未设置
  运行 14: '5'
    字体: 未设置
    大小: 未设置
    粗体: 未设置
    斜体: 未设置
    下划线: 未设置
    标准颜色: 未设置
  运行 15: '个省区，但销售人员却只有'
    字体: 未设置
    大小: 未设置
    粗体: 未设置
    斜体: 未设置
    下划线: 未设置
    标准颜色: 未设置
  运行 16: '29'
    字体: 未设置
    大小: 未设置
    粗体: 未设置
    斜体: 未设置
    下划线: 未设置
    标准颜色: 未设置
  运行 17: '人，'
    字体: 未设置
    大小: 未设置
    粗体: 未设置
    斜体: 未设置
    下划线: 未设置
    标准颜色: 未设置
  运行 18: '主要以直销推广为主，'
    字体: 未设置
    大小: 未设置
    粗体: 未设置
    斜体: 未设置
    下划线: 未设置
    标准颜色: 未设置
  运行 19: '没有'
    字体: 未设置
    大小: 未设置
    粗体: 未设置
    斜体: 未设置
    下划线: 未设置
    标准颜色: 未设置
  运行 20: '授权'
    字体: 未设置
    大小: 未设置
    粗体: 未设置
    斜体: 未设置
    下划线: 未设置
    标准颜色: 未设置
  运行 21: '分销商'
    字体: 未设置
    大小: 未设置
    粗体: 未设置
    斜体: 未设置
    下划线: 未设置
    标准颜色: 未设置
  运行 22: '，拜访覆盖辖区的客户量占比较低'
    字体: 未设置
    大小: 未设置
    粗体: 未设置
    斜体: 未设置
    下划线: 未设置
    标准颜色: 未设置
  运行 23: '。'
    字体: 未设置
    大小: 未设置
    粗体: 未设置
    斜体: 未设置
    下划线: 未设置
    标准颜色: 未设置

段落 829:
文本内容: Y公司的下游主要是医疗机构，或是医疗机构的配送商。公司的营销策略以专业直销团队的推广作为核心，辅以关系营销手段。随着医疗器械行业的持续发展，产品采购的决策过程已经从单纯依赖临床需求的意见，转变为一个综合考虑临床需求和行政干预的模式。对于那些产品特性相似度高的医疗器械，如果缺乏价格或品质上的竞争优势，行政干预在采购决策中的影响力将会变得更加显著。Y公司目前在医疗机构的行政部门中的关系营销能力相对较弱，这可能会限制公司在未来市场开拓中的潜力。
段落样式: 正文-缩进
从样式获取的格式:
  样式字体: 未设置
  样式字号: 未设置
  样式颜色: 未设置
对齐方式: 未设置
左缩进: 未设置
右缩进: 未设置
首行缩进: 未设置
行间距: 未设置
从XML读取的格式:
  运行 1: 'Y'
    字体: 未设置
    大小: 未设置
    粗体: 未设置
    斜体: 未设置
    下划线: 未设置
    标准颜色: 未设置
  运行 2: '公司'
    字体: 未设置
    大小: 未设置
    粗体: 未设置
    斜体: 未设置
    下划线: 未设置
    标准颜色: 未设置
  运行 3: '的'
    字体: 未设置
    大小: 未设置
    粗体: 未设置
    斜体: 未设置
    下划线: 未设置
    标准颜色: 未设置
  运行 4: '下游主要'
    字体: 未设置
    大小: 未设置
    粗体: 未设置
    斜体: 未设置
    下划线: 未设置
    标准颜色: 未设置
  运行 5: '是'
    字体: 未设置
    大小: 未设置
    粗体: 未设置
    斜体: 未设置
    下划线: 未设置
    标准颜色: 未设置
  运行 6: '医疗机构，或是医疗机构的配送商。'
    字体: 未设置
    大小: 未设置
    粗体: 未设置
    斜体: 未设置
    下划线: 未设置
    标准颜色: 未设置
  运行 7: '公司的'
    字体: 未设置
    大小: 未设置
    粗体: 未设置
    斜体: 未设置
    下划线: 未设置
    标准颜色: 未设置
  运行 8: '营销策略以专业直销团队的推广作为核心，辅以关系营销手段。随着医疗器械行业的持续发展，产品采购的决策过程已经从单纯依赖临床需求的意见，转变为一个综合考虑临床需求和行政干预的模式。对于那些产品特性相似度高的医疗器械，如果缺乏价格或品质上的竞争优势，行政干预在采购决策中的影响力将会变得更加显著。'
    字体: 未设置
    大小: 未设置
    粗体: 未设置
    斜体: 未设置
    下划线: 未设置
    标准颜色: 未设置
  运行 9: 'Y'
    字体: 未设置
    大小: 未设置
    粗体: 未设置
    斜体: 未设置
    下划线: 未设置
    标准颜色: 未设置
  运行 10: '公司目前在医疗机构的行政部门中的关系营销能力相对较弱，这可能会限制公司在未来市场开拓中的潜力。'
    字体: 未设置
    大小: 未设置
    粗体: 未设置
    斜体: 未设置
    下划线: 未设置
    标准颜色: 未设置

段落 830:
文本内容: 为了在竞争激烈的市场中取得优势，Y公司需要考虑直销和分销相结合的模式。加强与医疗机构行政部门的联系的同时，也加强和渠道商合作，提升关系营销的策略和效果，从而更好地应对市场变化和挑战。
段落样式: 正文-缩进
从样式获取的格式:
  样式字体: 未设置
  样式字号: 未设置
  样式颜色: 未设置
对齐方式: 未设置
左缩进: 未设置
右缩进: 未设置
首行缩进: 未设置
行间距: 未设置
从XML读取的格式:
  运行 1: '为了在竞争激烈的市场中取得优势，'
    字体: 未设置
    大小: 未设置
    粗体: 未设置
    斜体: 未设置
    下划线: 未设置
    标准颜色: 未设置
  运行 2: 'Y'
    字体: 未设置
    大小: 未设置
    粗体: 未设置
    斜体: 未设置
    下划线: 未设置
    标准颜色: 未设置
  运行 3: '公司需要'
    字体: 未设置
    大小: 未设置
    粗体: 未设置
    斜体: 未设置
    下划线: 未设置
    标准颜色: 未设置
  运行 4: '考虑直销和分销相结合的模式。'
    字体: 未设置
    大小: 未设置
    粗体: 未设置
    斜体: 未设置
    下划线: 未设置
    标准颜色: 未设置
  运行 5: '加强与医疗机构行政部门的联系'
    字体: 未设置
    大小: 未设置
    粗体: 未设置
    斜体: 未设置
    下划线: 未设置
    标准颜色: 未设置
  运行 6: '的同时'
    字体: 未设置
    大小: 未设置
    粗体: 未设置
    斜体: 未设置
    下划线: 未设置
    标准颜色: 未设置
  运行 7: '，'
    字体: 未设置
    大小: 未设置
    粗体: 未设置
    斜体: 未设置
    下划线: 未设置
    标准颜色: 未设置
  运行 8: '也加强和渠道商合作，'
    字体: 未设置
    大小: 未设置
    粗体: 未设置
    斜体: 未设置
    下划线: 未设置
    标准颜色: 未设置
  运行 9: '提升关系营销的策略和效果，从而更好地应对市场变化和挑战。'
    字体: 未设置
    大小: 未设置
    粗体: 未设置
    斜体: 未设置
    下划线: 未设置
    标准颜色: 未设置

段落 831:
文本内容: 专业人员问题
段落样式: Heading 3
从样式获取的格式:
  样式字体: 未设置
  样式字号: 未设置
  样式颜色: 未设置
对齐方式: 未设置
左缩进: 未设置
右缩进: 未设置
首行缩进: 未设置
行间距: 未设置
从XML读取的格式:
  运行 1: '专业人员问题'
    字体: 未设置
    大小: 未设置
    粗体: 未设置
    斜体: 未设置
    下划线: 未设置
    标准颜色: 未设置
  运行 2: ''
    字体: 未设置
    大小: 未设置
    粗体: 未设置
    斜体: 未设置
    下划线: 未设置
    标准颜色: 未设置
  运行 3: ''
    字体: 未设置
    大小: 未设置
    粗体: 未设置
    斜体: 未设置
    下划线: 未设置
    标准颜色: 未设置
  运行 4: ''
    字体: 未设置
    大小: 未设置
    粗体: 未设置
    斜体: 未设置
    下划线: 未设置
    标准颜色: 未设置
  运行 5: ''
    字体: 未设置
    大小: 未设置
    粗体: 未设置
    斜体: 未设置
    下划线: 未设置
    标准颜色: 未设置
  运行 6: ''
    字体: 未设置
    大小: 未设置
    粗体: 未设置
    斜体: 未设置
    下划线: 未设置
    标准颜色: 未设置
  运行 7: ''
    字体: 未设置
    大小: 未设置
    粗体: 未设置
    斜体: 未设置
    下划线: 未设置
    标准颜色: 未设置
  运行 8: ''
    字体: 未设置
    大小: 未设置
    粗体: 未设置
    斜体: 未设置
    下划线: 未设置
    标准颜色: 未设置
  运行 9: ''
    字体: 未设置
    大小: 未设置
    粗体: 未设置
    斜体: 未设置
    下划线: 未设置
    标准颜色: 未设置
  运行 10: ''
    字体: 未设置
    大小: 未设置
    粗体: 未设置
    斜体: 未设置
    下划线: 未设置
    标准颜色: 未设置
  运行 11: ''
    字体: 未设置
    大小: 未设置
    粗体: 未设置
    斜体: 未设置
    下划线: 未设置
    标准颜色: 未设置

段落 832:
文本内容: 在内部访谈中，也有15位受访对象提到了“临床应用支持度低”，占受访人数的78.95%。在调查问卷中，关于“你认为Y公司市场人员专业化程度很高”的问题上，只有3.8%的人表示完全符合。关于“你认为Y公司销售人员专业化程度很高”的问题上，只有1.6%的受访者认为完全符合。企业营销战略的成功与否在很大程度上取决于营销领域的专业人才。营销人才不足企业就失去抢占市场先机的能力，营销活动也会因为缺乏有效的协调和统一规划而变得没有效用。为了保证企业品牌在市场上的竞争力和可持续发展，吸引和培养营销人才是品牌战略中不可缺少的一部分。
段落样式: 正文-缩进
从样式获取的格式:
  样式字体: 未设置
  样式字号: 未设置
  样式颜色: 未设置
对齐方式: 未设置
左缩进: 未设置
右缩进: 未设置
首行缩进: 未设置
行间距: 未设置
从XML读取的格式:
  运行 1: '在内部访谈中，也有'
    字体: 未设置
    大小: 未设置
    粗体: 未设置
    斜体: 未设置
    下划线: 未设置
    标准颜色: 未设置
  运行 2: '15'
    字体: 未设置
    大小: 未设置
    粗体: 未设置
    斜体: 未设置
    下划线: 未设置
    标准颜色: 未设置
  运行 3: '位受访对象提到了“'
    字体: 未设置
    大小: 未设置
    粗体: 未设置
    斜体: 未设置
    下划线: 未设置
    标准颜色: 未设置
  运行 4: '临床应用支持度低'
    字体: 未设置
    大小: 未设置
    粗体: 未设置
    斜体: 未设置
    下划线: 未设置
    标准颜色: 未设置
  运行 5: '”，占受访人数的'
    字体: 未设置
    大小: 未设置
    粗体: 未设置
    斜体: 未设置
    下划线: 未设置
    标准颜色: 未设置
  运行 6: '78.95%'
    字体: 未设置
    大小: 未设置
    粗体: 未设置
    斜体: 未设置
    下划线: 未设置
    标准颜色: 未设置
  运行 7: '。在调查问卷中，关于“'
    字体: 未设置
    大小: 未设置
    粗体: 未设置
    斜体: 未设置
    下划线: 未设置
    标准颜色: 未设置
  运行 8: '你认为'
    字体: 未设置
    大小: 未设置
    粗体: 未设置
    斜体: 未设置
    下划线: 未设置
    标准颜色: 未设置
  运行 9: 'Y'
    字体: 未设置
    大小: 未设置
    粗体: 未设置
    斜体: 未设置
    下划线: 未设置
    标准颜色: 未设置
  运行 10: '公司市场人员专业化程度很高'
    字体: 未设置
    大小: 未设置
    粗体: 未设置
    斜体: 未设置
    下划线: 未设置
    标准颜色: 未设置
  运行 11: '”的问题'
    字体: 未设置
    大小: 未设置
    粗体: 未设置
    斜体: 未设置
    下划线: 未设置
    标准颜色: 未设置
  运行 12: '上，只有'
    字体: 未设置
    大小: 未设置
    粗体: 未设置
    斜体: 未设置
    下划线: 未设置
    标准颜色: 未设置
  运行 13: '3.8%'
    字体: 未设置
    大小: 未设置
    粗体: 未设置
    斜体: 未设置
    下划线: 未设置
    标准颜色: 未设置
  运行 14: '的人表示完全符合。关于“'
    字体: 未设置
    大小: 未设置
    粗体: 未设置
    斜体: 未设置
    下划线: 未设置
    标准颜色: 未设置
  运行 15: '你认为'
    字体: 未设置
    大小: 未设置
    粗体: 未设置
    斜体: 未设置
    下划线: 未设置
    标准颜色: 未设置
  运行 16: 'Y'
    字体: 未设置
    大小: 未设置
    粗体: 未设置
    斜体: 未设置
    下划线: 未设置
    标准颜色: 未设置
  运行 17: '公司销售人员专业化程度很高'
    字体: 未设置
    大小: 未设置
    粗体: 未设置
    斜体: 未设置
    下划线: 未设置
    标准颜色: 未设置
  运行 18: '”的问题上，只有'
    字体: 未设置
    大小: 未设置
    粗体: 未设置
    斜体: 未设置
    下划线: 未设置
    标准颜色: 未设置
  运行 19: '1.6%'
    字体: 未设置
    大小: 未设置
    粗体: 未设置
    斜体: 未设置
    下划线: 未设置
    标准颜色: 未设置
  运行 20: '的受访者认为完全符合。'
    字体: 未设置
    大小: 未设置
    粗体: 未设置
    斜体: 未设置
    下划线: 未设置
    标准颜色: 未设置
  运行 21: '企业营销战略的成功与否在很大程度上取决于营销领域的专业人才。营销人才不足企业就失去抢占市场先机的能力，营销活动也会因为缺乏有效的协调和统一规划而变得'
    字体: 未设置
    大小: 未设置
    粗体: 未设置
    斜体: 未设置
    下划线: 未设置
    标准颜色: 未设置
  运行 22: '没有效用'
    字体: 未设置
    大小: 未设置
    粗体: 未设置
    斜体: 未设置
    下划线: 未设置
    标准颜色: 未设置
  运行 23: '。为了保证企业'
    字体: 未设置
    大小: 未设置
    粗体: 未设置
    斜体: 未设置
    下划线: 未设置
    标准颜色: 未设置
  运行 24: '品牌'
    字体: 未设置
    大小: 未设置
    粗体: 未设置
    斜体: 未设置
    下划线: 未设置
    标准颜色: 未设置
  运行 25: '在市场上的竞争力和可持续发展，吸引和培养营销人才是品牌战略中不可缺少的一部分。'
    字体: 未设置
    大小: 未设置
    粗体: 未设置
    斜体: 未设置
    下划线: 未设置
    标准颜色: 未设置

段落 833:
文本内容: 如前文所分析的，Y公司员工组成是合并了一位股东前公司的职工之后，再根据工作的实际需求，招聘相应的销售人员、市场部人员等。销售人员的专业水平参差不齐，部分销售人员的专业知识，无法满足客户的临床需求，即使有市场部人员的支持，短时间内无法全部满足。临床应用的支持度低，也是业绩增长放缓的重要因素之一。医疗机构的医师更关注的是设备的性能，如何帮助到医师方便诊疗，诊断设备的检查报告如何解读，治疗设备的参数设置如何能帮助客户更高效完成治疗，这些临床应用的支持对于产品的成交是非常关键的因素。
段落样式: 正文-缩进
从样式获取的格式:
  样式字体: 未设置
  样式字号: 未设置
  样式颜色: 未设置
对齐方式: 未设置
左缩进: 未设置
右缩进: 未设置
首行缩进: 未设置
行间距: 未设置
从XML读取的格式:
  运行 1: '如前文所分析的，'
    字体: 未设置
    大小: 未设置
    粗体: 未设置
    斜体: 未设置
    下划线: 未设置
    标准颜色: 未设置
  运行 2: 'Y'
    字体: 未设置
    大小: 未设置
    粗体: 未设置
    斜体: 未设置
    下划线: 未设置
    标准颜色: 未设置
  运行 3: '公司'
    字体: 未设置
    大小: 未设置
    粗体: 未设置
    斜体: 未设置
    下划线: 未设置
    标准颜色: 未设置
  运行 4: '员工组成'
    字体: 未设置
    大小: 未设置
    粗体: 未设置
    斜体: 未设置
    下划线: 未设置
    标准颜色: 未设置
  运行 5: '是合并了'
    字体: 未设置
    大小: 未设置
    粗体: 未设置
    斜体: 未设置
    下划线: 未设置
    标准颜色: 未设置
  运行 6: '一位股东'
    字体: 未设置
    大小: 未设置
    粗体: 未设置
    斜体: 未设置
    下划线: 未设置
    标准颜色: 未设置
  运行 7: '前公司的职工之后，再根据工作的实际需求，招聘相应的销售人员、市场部人员等。'
    字体: 未设置
    大小: 未设置
    粗体: 未设置
    斜体: 未设置
    下划线: 未设置
    标准颜色: 未设置
  运行 8: '销售人员的专业水平参差不齐，部分销售人员的专业知识，无法满足客户的临床需求，即使有市场部人员的支持，短时间内无法全部满足。临床应用的支持度低，也是业绩增长放缓的重要因素之一。'
    字体: 未设置
    大小: 未设置
    粗体: 未设置
    斜体: 未设置
    下划线: 未设置
    标准颜色: 未设置
  运行 9: '医疗机构的医师更关注的是设备的性能，如何帮助到医师方便诊疗，诊断设备的检查报告如何解读'
    字体: 未设置
    大小: 未设置
    粗体: 未设置
    斜体: 未设置
    下划线: 未设置
    标准颜色: 未设置
  运行 10: '，'
    字体: 未设置
    大小: 未设置
    粗体: 未设置
    斜体: 未设置
    下划线: 未设置
    标准颜色: 未设置
  运行 11: '治疗设备的参数设置如何能帮助客户更高效完成治疗'
    字体: 未设置
    大小: 未设置
    粗体: 未设置
    斜体: 未设置
    下划线: 未设置
    标准颜色: 未设置
  运行 12: '，'
    字体: 未设置
    大小: 未设置
    粗体: 未设置
    斜体: 未设置
    下划线: 未设置
    标准颜色: 未设置
  运行 13: '这些临床应用的支持对于产品的成交是非常关键的因素。'
    字体: 未设置
    大小: 未设置
    粗体: 未设置
    斜体: 未设置
    下划线: 未设置
    标准颜色: 未设置

段落 834:
文本内容: 过程管理问题
段落样式: Heading 3
从样式获取的格式:
  样式字体: 未设置
  样式字号: 未设置
  样式颜色: 未设置
对齐方式: 未设置
左缩进: 未设置
右缩进: 未设置
首行缩进: 未设置
行间距: 未设置
从XML读取的格式:
  运行 1: '过程管理问题'
    字体: 未设置
    大小: 未设置
    粗体: 未设置
    斜体: 未设置
    下划线: 未设置
    标准颜色: 未设置
  运行 2: ''
    字体: 未设置
    大小: 未设置
    粗体: 未设置
    斜体: 未设置
    下划线: 未设置
    标准颜色: 未设置
  运行 3: ''
    字体: 未设置
    大小: 未设置
    粗体: 未设置
    斜体: 未设置
    下划线: 未设置
    标准颜色: 未设置
  运行 4: ''
    字体: 未设置
    大小: 未设置
    粗体: 未设置
    斜体: 未设置
    下划线: 未设置
    标准颜色: 未设置
  运行 5: ''
    字体: 未设置
    大小: 未设置
    粗体: 未设置
    斜体: 未设置
    下划线: 未设置
    标准颜色: 未设置
  运行 6: ''
    字体: 未设置
    大小: 未设置
    粗体: 未设置
    斜体: 未设置
    下划线: 未设置
    标准颜色: 未设置
  运行 7: ''
    字体: 未设置
    大小: 未设置
    粗体: 未设置
    斜体: 未设置
    下划线: 未设置
    标准颜色: 未设置
  运行 8: ''
    字体: 未设置
    大小: 未设置
    粗体: 未设置
    斜体: 未设置
    下划线: 未设置
    标准颜色: 未设置
  运行 9: ''
    字体: 未设置
    大小: 未设置
    粗体: 未设置
    斜体: 未设置
    下划线: 未设置
    标准颜色: 未设置
  运行 10: ''
    字体: 未设置
    大小: 未设置
    粗体: 未设置
    斜体: 未设置
    下划线: 未设置
    标准颜色: 未设置
  运行 11: ''
    字体: 未设置
    大小: 未设置
    粗体: 未设置
    斜体: 未设置
    下划线: 未设置
    标准颜色: 未设置
  运行 12: ''
    字体: 未设置
    大小: 未设置
    粗体: 未设置
    斜体: 未设置
    下划线: 未设置
    标准颜色: 未设置

段落 835:
文本内容: 在内部的访谈调研过程中，有9位同事提出“售后服务响应不及时”的问题，占访谈人数的47.37%。在问卷调查问题中，关于“你认为Y公司工程师专业化程度很高”的问题的回答中，只有9.1%的受访者认为符合，3.8%的受访者认为完全符合。关于“你对Y公司的服务过程特别满意”的问题回答中，只有13.2%的受访者认为符合，5%的受访者认为完全符合。
段落样式: 正文-缩进
从样式获取的格式:
  样式字体: 未设置
  样式字号: 未设置
  样式颜色: 未设置
对齐方式: 未设置
左缩进: 未设置
右缩进: 未设置
首行缩进: 未设置
行间距: 未设置
从XML读取的格式:
  运行 1: '在内部的访谈调研过程中，有'
    字体: 未设置
    大小: 未设置
    粗体: 未设置
    斜体: 未设置
    下划线: 未设置
    标准颜色: 未设置
  运行 2: '9'
    字体: 未设置
    大小: 未设置
    粗体: 未设置
    斜体: 未设置
    下划线: 未设置
    标准颜色: 未设置
  运行 3: '位同事提出“'
    字体: 未设置
    大小: 未设置
    粗体: 未设置
    斜体: 未设置
    下划线: 未设置
    标准颜色: 未设置
  运行 4: '售后服务响应不及时'
    字体: 未设置
    大小: 未设置
    粗体: 未设置
    斜体: 未设置
    下划线: 未设置
    标准颜色: 未设置
  运行 5: '”的问题，占访谈人数的'
    字体: 未设置
    大小: 未设置
    粗体: 未设置
    斜体: 未设置
    下划线: 未设置
    标准颜色: 未设置
  运行 6: '47.37%'
    字体: 未设置
    大小: 未设置
    粗体: 未设置
    斜体: 未设置
    下划线: 未设置
    标准颜色: 未设置
  运行 7: '。在问卷调查问题中，关于“'
    字体: 未设置
    大小: 未设置
    粗体: 未设置
    斜体: 未设置
    下划线: 未设置
    标准颜色: 未设置
  运行 8: '你认为'
    字体: 未设置
    大小: 未设置
    粗体: 未设置
    斜体: 未设置
    下划线: 未设置
    标准颜色: 未设置
  运行 9: 'Y'
    字体: 未设置
    大小: 未设置
    粗体: 未设置
    斜体: 未设置
    下划线: 未设置
    标准颜色: 未设置
  运行 10: '公司工程师专业化程度很高'
    字体: 未设置
    大小: 未设置
    粗体: 未设置
    斜体: 未设置
    下划线: 未设置
    标准颜色: 未设置
  运行 11: '”的问题的回答中，只有'
    字体: 未设置
    大小: 未设置
    粗体: 未设置
    斜体: 未设置
    下划线: 未设置
    标准颜色: 未设置
  运行 12: '9.1%'
    字体: 未设置
    大小: 未设置
    粗体: 未设置
    斜体: 未设置
    下划线: 未设置
    标准颜色: 未设置
  运行 13: '的受访者认为符合，'
    字体: 未设置
    大小: 未设置
    粗体: 未设置
    斜体: 未设置
    下划线: 未设置
    标准颜色: 未设置
  运行 14: '3.8%'
    字体: 未设置
    大小: 未设置
    粗体: 未设置
    斜体: 未设置
    下划线: 未设置
    标准颜色: 未设置
  运行 15: '的受访者认为完全符合。关于“'
    字体: 未设置
    大小: 未设置
    粗体: 未设置
    斜体: 未设置
    下划线: 未设置
    标准颜色: 未设置
  运行 16: '你对'
    字体: 未设置
    大小: 未设置
    粗体: 未设置
    斜体: 未设置
    下划线: 未设置
    标准颜色: 未设置
  运行 17: 'Y'
    字体: 未设置
    大小: 未设置
    粗体: 未设置
    斜体: 未设置
    下划线: 未设置
    标准颜色: 未设置
  运行 18: '公司的服务过程特别满意'
    字体: 未设置
    大小: 未设置
    粗体: 未设置
    斜体: 未设置
    下划线: 未设置
    标准颜色: 未设置
  运行 19: '”的问题回答中，只有'
    字体: 未设置
    大小: 未设置
    粗体: 未设置
    斜体: 未设置
    下划线: 未设置
    标准颜色: 未设置
  运行 20: '13.2%'
    字体: 未设置
    大小: 未设置
    粗体: 未设置
    斜体: 未设置
    下划线: 未设置
    标准颜色: 未设置
  运行 21: '的受访者认为符合，'
    字体: 未设置
    大小: 未设置
    粗体: 未设置
    斜体: 未设置
    下划线: 未设置
    标准颜色: 未设置
  运行 22: '5%'
    字体: 未设置
    大小: 未设置
    粗体: 未设置
    斜体: 未设置
    下划线: 未设置
    标准颜色: 未设置
  运行 23: '的受访者认为完全符合。'
    字体: 未设置
    大小: 未设置
    粗体: 未设置
    斜体: 未设置
    下划线: 未设置
    标准颜色: 未设置

段落 836:
文本内容: 我国医疗器械行业起步较晚，许多企业的售后服务体系尚未跟上，许多迅速成长的医疗器械公司并没有建立起完善的服务网络和服务体系，这导致了一种“重销售、轻服务”的现象。这种现象可能会影响客户满意度和品牌忠诚度，因为客户不仅需要高质量的产品，还需要及时、有效的售后服务。为了在竞争激烈的市场中获得优势，医疗器械公司需要重视并加强售后服务的建设，确保能够提供与产品相匹配的高质量服务。
段落样式: 正文-缩进
从样式获取的格式:
  样式字体: 未设置
  样式字号: 未设置
  样式颜色: 未设置
对齐方式: 未设置
左缩进: 未设置
右缩进: 未设置
首行缩进: 未设置
行间距: 未设置
从XML读取的格式:
  运行 1: '我国医疗器械行业起步较晚，许多企业的售后服务体系尚未跟上，许多迅速成长的医疗器械公司并没有建立起完善的服务网络和服务体系，这导致了一种'
    字体: 未设置
    大小: 未设置
    粗体: 未设置
    斜体: 未设置
    下划线: 未设置
    标准颜色: 未设置
  运行 2: '“'
    字体: 未设置
    大小: 未设置
    粗体: 未设置
    斜体: 未设置
    下划线: 未设置
    标准颜色: 未设置
  运行 3: '重销售、轻服务'
    字体: 未设置
    大小: 未设置
    粗体: 未设置
    斜体: 未设置
    下划线: 未设置
    标准颜色: 未设置
  运行 4: '”'
    字体: 未设置
    大小: 未设置
    粗体: 未设置
    斜体: 未设置
    下划线: 未设置
    标准颜色: 未设置
  运行 5: '的现象。这种现象可能会影响客户满意度和品牌忠诚度，因为客户不仅需要高质量的产品，还需要及时、有效的售后服务。为了在竞争激烈的市场中获得优势，医疗器械公司需要重视并加强售后服务的建设，确保能够提供与产品相匹配的高质量服务。'
    字体: 未设置
    大小: 未设置
    粗体: 未设置
    斜体: 未设置
    下划线: 未设置
    标准颜色: 未设置

段落 837:
文本内容: Y医疗器械公司的售后服务管理主要依赖于传统的线下方法。公司对外承诺的服务标准包括：快速响应、规范流程培训、高效解决问题。对于保修期内的产品问题，如果电话诊断无法解决，公司承诺与客户协商，并在24小时内派遣专业工程师进行处理。但在实际操作中，这些服务原则并不总是能够得到有效执行。公司在服务管理上缺乏整体规划和数据分析支持，导致客户互动不足、服务不完善、部门间协同困难以及服务环节的数字化程度低等问题。这些问题的存在，使得服务响应和质量难以满足客户的期望。随着医疗器械行业竞争的加剧，Y公司对售后服务的重视程度不断提高，这些问题也成为公司亟需解决的重点。为了提升服务质量和客户满意度，Y公司需要加强服务管理的数字化和系统化，优化服务流程，提高服务团队的专业能力和响应速度，确保能够提供更加高效、规范和个性化的售后服务。
段落样式: 正文-缩进
从样式获取的格式:
  样式字体: 未设置
  样式字号: 未设置
  样式颜色: 未设置
对齐方式: 未设置
左缩进: 未设置
右缩进: 未设置
首行缩进: 未设置
行间距: 未设置
从XML读取的格式:
  运行 1: 'Y'
    字体: 未设置
    大小: 未设置
    粗体: 未设置
    斜体: 未设置
    下划线: 未设置
    标准颜色: 未设置
  运行 2: '医疗器械公司的售后服务管理主要依赖于传统的线下方法。公司对外承诺的服务标准包括：快速响应、规范流程'
    字体: 未设置
    大小: 未设置
    粗体: 未设置
    斜体: 未设置
    下划线: 未设置
    标准颜色: 未设置
  运行 3: '培训'
    字体: 未设置
    大小: 未设置
    粗体: 未设置
    斜体: 未设置
    下划线: 未设置
    标准颜色: 未设置
  运行 4: '、'
    字体: 未设置
    大小: 未设置
    粗体: 未设置
    斜体: 未设置
    下划线: 未设置
    标准颜色: 未设置
  运行 5: '高'
    字体: 未设置
    大小: 未设置
    粗体: 未设置
    斜体: 未设置
    下划线: 未设置
    标准颜色: 未设置
  运行 6: '效解决问题。对于保修期内的产品问题，如果电话诊断无法解决，公司承诺'
    字体: 未设置
    大小: 未设置
    粗体: 未设置
    斜体: 未设置
    下划线: 未设置
    标准颜色: 未设置
  运行 7: '与客户'
    字体: 未设置
    大小: 未设置
    粗体: 未设置
    斜体: 未设置
    下划线: 未设置
    标准颜色: 未设置
  运行 8: '协商，并在'
    字体: 未设置
    大小: 未设置
    粗体: 未设置
    斜体: 未设置
    下划线: 未设置
    标准颜色: 未设置
  运行 9: '24'
    字体: 未设置
    大小: 未设置
    粗体: 未设置
    斜体: 未设置
    下划线: 未设置
    标准颜色: 未设置
  运行 10: '小时内派遣专业工程师'
    字体: 未设置
    大小: 未设置
    粗体: 未设置
    斜体: 未设置
    下划线: 未设置
    标准颜色: 未设置
  运行 11: '进行处理。但在实际操作中，这些服务原则并不总是能够得到有效执行。公司在服务管理上缺乏整体规划和数据分析支持，导致客户互动不足、服务不完善、部门间协同困难以及服务环节的数字化程度'
    字体: 未设置
    大小: 未设置
    粗体: 未设置
    斜体: 未设置
    下划线: 未设置
    标准颜色: 未设置
  运行 12: '低'
    字体: 未设置
    大小: 未设置
    粗体: 未设置
    斜体: 未设置
    下划线: 未设置
    标准颜色: 未设置
  运行 13: '等问题。这些问题的存在，使得服务响应和质量难以满足客户的期望。随着医疗器械行业竞争的加剧，'
    字体: 未设置
    大小: 未设置
    粗体: 未设置
    斜体: 未设置
    下划线: 未设置
    标准颜色: 未设置
  运行 14: 'Y'
    字体: 未设置
    大小: 未设置
    粗体: 未设置
    斜体: 未设置
    下划线: 未设置
    标准颜色: 未设置
  运行 15: '公司对售后服务的重视程度不断提高，这些问题也成为公司亟需解决的重点。为了提升服务质量和客户满意度，'
    字体: 未设置
    大小: 未设置
    粗体: 未设置
    斜体: 未设置
    下划线: 未设置
    标准颜色: 未设置
  运行 16: 'Y'
    字体: 未设置
    大小: 未设置
    粗体: 未设置
    斜体: 未设置
    下划线: 未设置
    标准颜色: 未设置
  运行 17: '公司需要加强服务管理的数字化和系统化，优化服务流程，提高服务团队的专业能力和响应速度，确保能够提供更加高效、规范和个性化的售后服务。'
    字体: 未设置
    大小: 未设置
    粗体: 未设置
    斜体: 未设置
    下划线: 未设置
    标准颜色: 未设置

段落 838:
文本内容: Y公司在客户关系管理的也存在不足。在医疗器械行业，维护和管理客户关系被看作是企业成功的关键因素。但Y公司目前尚未建立起一套成熟的客户关系管理体系，导致销售人员需要自行负责客户关系的维护和管理，这使得管理制度缺乏统一性和规范性。同时公司还缺乏一个全面、完善的客户数据库，现有客户资源的利用和挖掘也不够。对于希望建立长期稳定客户关系的企业来说，这种现状无疑限制了其发展潜力。没有建立有效的CRM系统，公司难以实现客户信息的集中管理、分析和应用，这在一定程度上影响了客户满意度和忠诚度的提升。
段落样式: 正文-缩进
从样式获取的格式:
  样式字体: 未设置
  样式字号: 未设置
  样式颜色: 未设置
对齐方式: 未设置
左缩进: 未设置
右缩进: 未设置
首行缩进: 未设置
行间距: 未设置
从XML读取的格式:
  运行 1: 'Y'
    字体: 未设置
    大小: 未设置
    粗体: 未设置
    斜体: 未设置
    下划线: 未设置
    标准颜色: 未设置
  运行 2: '公司在'
    字体: 未设置
    大小: 未设置
    粗体: 未设置
    斜体: 未设置
    下划线: 未设置
    标准颜色: 未设置
  运行 3: '客户关系管理的也存在不足。在医疗器械行业，维护和管理客户关系被看作是企业成功的关键因素。但'
    字体: 未设置
    大小: 未设置
    粗体: 未设置
    斜体: 未设置
    下划线: 未设置
    标准颜色: 未设置
  运行 4: 'Y'
    字体: 未设置
    大小: 未设置
    粗体: 未设置
    斜体: 未设置
    下划线: 未设置
    标准颜色: 未设置
  运行 5: '公司目前尚未建立起一套成熟的客户关系管理体系，导致销售人员需要自行负责客户关系的维护和管理，这使得管理制度缺乏统一性和规范性。同时公司还缺乏一个全面'
    字体: 未设置
    大小: 未设置
    粗体: 未设置
    斜体: 未设置
    下划线: 未设置
    标准颜色: 未设置
  运行 6: '、'
    字体: 未设置
    大小: 未设置
    粗体: 未设置
    斜体: 未设置
    下划线: 未设置
    标准颜色: 未设置
  运行 7: '完善的客户数据库，现有客户资源的利用和挖掘也不够。对于希望建立长期稳定客户关系的企业来说，这种现状无疑限制了其发展潜力。没有'
    字体: 未设置
    大小: 未设置
    粗体: 未设置
    斜体: 未设置
    下划线: 未设置
    标准颜色: 未设置
  运行 8: '建立'
    字体: 未设置
    大小: 未设置
    粗体: 未设置
    斜体: 未设置
    下划线: 未设置
    标准颜色: 未设置
  运行 9: '有效的'
    字体: 未设置
    大小: 未设置
    粗体: 未设置
    斜体: 未设置
    下划线: 未设置
    标准颜色: 未设置
  运行 10: 'CRM'
    字体: 未设置
    大小: 未设置
    粗体: 未设置
    斜体: 未设置
    下划线: 未设置
    标准颜色: 未设置
  运行 11: '系统，公司难以实现客户信息的集中管理、分析和应用，这在一定程度上影响了客户满意度和忠诚度的提升。'
    字体: 未设置
    大小: 未设置
    粗体: 未设置
    斜体: 未设置
    下划线: 未设置
    标准颜色: 未设置

段落 839:
文本内容: Y公司需要投资于CRM系统的建设和优化，通过收集和分析客户数据来更好地理解客户需求和行为。同时应该制定明确的客户关系管理策略和流程，确保销售人员能够按照既定的标准和方法来维护和发展客户关系。通过这些措施，Y公司可以提高客户服务质量，增强客户忠诚度，并在竞争激烈的市场中获得优势。
段落样式: 正文-缩进
从样式获取的格式:
  样式字体: 未设置
  样式字号: 未设置
  样式颜色: 未设置
对齐方式: 未设置
左缩进: 未设置
右缩进: 未设置
首行缩进: 未设置
行间距: 未设置
从XML读取的格式:
  运行 1: 'Y'
    字体: 未设置
    大小: 未设置
    粗体: 未设置
    斜体: 未设置
    下划线: 未设置
    标准颜色: 未设置
  运行 2: '公司需要投资于'
    字体: 未设置
    大小: 未设置
    粗体: 未设置
    斜体: 未设置
    下划线: 未设置
    标准颜色: 未设置
  运行 3: 'CRM'
    字体: 未设置
    大小: 未设置
    粗体: 未设置
    斜体: 未设置
    下划线: 未设置
    标准颜色: 未设置
  运行 4: '系统的建设和优化，通过收集和分析客户数据来更好地理解客户需求和行为。同时应该制定明确的客户关系管理策略和流程，确保销售人员能够按照既定的标准和方法来维护和发展客户关系。通过这些措施，'
    字体: 未设置
    大小: 未设置
    粗体: 未设置
    斜体: 未设置
    下划线: 未设置
    标准颜色: 未设置
  运行 5: 'Y'
    字体: 未设置
    大小: 未设置
    粗体: 未设置
    斜体: 未设置
    下划线: 未设置
    标准颜色: 未设置
  运行 6: '公司可以提高客户服务质量，增强客户忠诚度，并在竞争激烈的市场中获得优势。'
    字体: 未设置
    大小: 未设置
    粗体: 未设置
    斜体: 未设置
    下划线: 未设置
    标准颜色: 未设置

段落 840:
文本内容: Y公司策略问题的成因
段落样式: Heading 2
从样式获取的格式:
  样式字体: 未设置
  样式字号: 177800
  样式字号(pt): 14.0
  样式颜色: 未设置
对齐方式: 未设置
左缩进: 未设置
右缩进: 未设置
首行缩进: 未设置
行间距: 未设置
从XML读取的格式:
  运行 1: 'Y'
    字体: 未设置
    大小: 未设置
    粗体: 未设置
    斜体: 未设置
    下划线: 未设置
    标准颜色: 未设置
  运行 2: '公司策略问题的'
    字体: 未设置
    大小: 未设置
    粗体: 未设置
    斜体: 未设置
    下划线: 未设置
    标准颜色: 未设置
  运行 3: '成'
    字体: 未设置
    大小: 未设置
    粗体: 未设置
    斜体: 未设置
    下划线: 未设置
    标准颜色: 未设置
  运行 4: '因'
    字体: 未设置
    大小: 未设置
    粗体: 未设置
    斜体: 未设置
    下划线: 未设置
    标准颜色: 未设置
  运行 5: ''
    字体: 未设置
    大小: 未设置
    粗体: 未设置
    斜体: 未设置
    下划线: 未设置
    标准颜色: 未设置
  运行 6: ''
    字体: 未设置
    大小: 未设置
    粗体: 未设置
    斜体: 未设置
    下划线: 未设置
    标准颜色: 未设置
  运行 7: ''
    字体: 未设置
    大小: 未设置
    粗体: 未设置
    斜体: 未设置
    下划线: 未设置
    标准颜色: 未设置
  运行 8: ''
    字体: 未设置
    大小: 未设置
    粗体: 未设置
    斜体: 未设置
    下划线: 未设置
    标准颜色: 未设置
  运行 9: ''
    字体: 未设置
    大小: 未设置
    粗体: 未设置
    斜体: 未设置
    下划线: 未设置
    标准颜色: 未设置
  运行 10: ''
    字体: 未设置
    大小: 未设置
    粗体: 未设置
    斜体: 未设置
    下划线: 未设置
    标准颜色: 未设置
  运行 11: ''
    字体: 未设置
    大小: 未设置
    粗体: 未设置
    斜体: 未设置
    下划线: 未设置
    标准颜色: 未设置
  运行 12: ''
    字体: 未设置
    大小: 未设置
    粗体: 未设置
    斜体: 未设置
    下划线: 未设置
    标准颜色: 未设置
  运行 13: ''
    字体: 未设置
    大小: 未设置
    粗体: 未设置
    斜体: 未设置
    下划线: 未设置
    标准颜色: 未设置

段落 841:
文本内容: 市场调研不足
段落样式: Heading 3
从样式获取的格式:
  样式字体: 未设置
  样式字号: 未设置
  样式颜色: 未设置
对齐方式: 未设置
左缩进: 未设置
右缩进: 未设置
首行缩进: 未设置
行间距: 未设置
从XML读取的格式:
  运行 1: '市场调研不足'
    字体: 未设置
    大小: 未设置
    粗体: 未设置
    斜体: 未设置
    下划线: 未设置
    标准颜色: 未设置
  运行 2: ''
    字体: 未设置
    大小: 未设置
    粗体: 未设置
    斜体: 未设置
    下划线: 未设置
    标准颜色: 未设置
  运行 3: ''
    字体: 未设置
    大小: 未设置
    粗体: 未设置
    斜体: 未设置
    下划线: 未设置
    标准颜色: 未设置
  运行 4: ''
    字体: 未设置
    大小: 未设置
    粗体: 未设置
    斜体: 未设置
    下划线: 未设置
    标准颜色: 未设置
  运行 5: ''
    字体: 未设置
    大小: 未设置
    粗体: 未设置
    斜体: 未设置
    下划线: 未设置
    标准颜色: 未设置
  运行 6: ''
    字体: 未设置
    大小: 未设置
    粗体: 未设置
    斜体: 未设置
    下划线: 未设置
    标准颜色: 未设置
  运行 7: ''
    字体: 未设置
    大小: 未设置
    粗体: 未设置
    斜体: 未设置
    下划线: 未设置
    标准颜色: 未设置
  运行 8: ''
    字体: 未设置
    大小: 未设置
    粗体: 未设置
    斜体: 未设置
    下划线: 未设置
    标准颜色: 未设置
  运行 9: ''
    字体: 未设置
    大小: 未设置
    粗体: 未设置
    斜体: 未设置
    下划线: 未设置
    标准颜色: 未设置
  运行 10: ''
    字体: 未设置
    大小: 未设置
    粗体: 未设置
    斜体: 未设置
    下划线: 未设置
    标准颜色: 未设置
  运行 11: ''
    字体: 未设置
    大小: 未设置
    粗体: 未设置
    斜体: 未设置
    下划线: 未设置
    标准颜色: 未设置
  运行 12: ''
    字体: 未设置
    大小: 未设置
    粗体: 未设置
    斜体: 未设置
    下划线: 未设置
    标准颜色: 未设置
  运行 13: ''
    字体: 未设置
    大小: 未设置
    粗体: 未设置
    斜体: 未设置
    下划线: 未设置
    标准颜色: 未设置
  运行 14: ''
    字体: 未设置
    大小: 未设置
    粗体: 未设置
    斜体: 未设置
    下划线: 未设置
    标准颜色: 未设置
  运行 15: ''
    字体: 未设置
    大小: 未设置
    粗体: 未设置
    斜体: 未设置
    下划线: 未设置
    标准颜色: 未设置
  运行 16: ''
    字体: 未设置
    大小: 未设置
    粗体: 未设置
    斜体: 未设置
    下划线: 未设置
    标准颜色: 未设置
  运行 17: ''
    字体: 未设置
    大小: 未设置
    粗体: 未设置
    斜体: 未设置
    下划线: 未设置
    标准颜色: 未设置
  运行 18: ''
    字体: 未设置
    大小: 未设置
    粗体: 未设置
    斜体: 未设置
    下划线: 未设置
    标准颜色: 未设置
  运行 19: ''
    字体: 未设置
    大小: 未设置
    粗体: 未设置
    斜体: 未设置
    下划线: 未设置
    标准颜色: 未设置
  运行 20: ''
    字体: 未设置
    大小: 未设置
    粗体: 未设置
    斜体: 未设置
    下划线: 未设置
    标准颜色: 未设置
  运行 21: ''
    字体: 未设置
    大小: 未设置
    粗体: 未设置
    斜体: 未设置
    下划线: 未设置
    标准颜色: 未设置
  运行 22: ''
    字体: 未设置
    大小: 未设置
    粗体: 未设置
    斜体: 未设置
    下划线: 未设置
    标准颜色: 未设置
  运行 23: ''
    字体: 未设置
    大小: 未设置
    粗体: 未设置
    斜体: 未设置
    下划线: 未设置
    标准颜色: 未设置
  运行 24: ''
    字体: 未设置
    大小: 未设置
    粗体: 未设置
    斜体: 未设置
    下划线: 未设置
    标准颜色: 未设置
  运行 25: ''
    字体: 未设置
    大小: 未设置
    粗体: 未设置
    斜体: 未设置
    下划线: 未设置
    标准颜色: 未设置
  运行 26: ''
    字体: 未设置
    大小: 未设置
    粗体: 未设置
    斜体: 未设置
    下划线: 未设置
    标准颜色: 未设置
  运行 27: ''
    字体: 未设置
    大小: 未设置
    粗体: 未设置
    斜体: 未设置
    下划线: 未设置
    标准颜色: 未设置
  运行 28: ''
    字体: 未设置
    大小: 未设置
    粗体: 未设置
    斜体: 未设置
    下划线: 未设置
    标准颜色: 未设置
  运行 29: ''
    字体: 未设置
    大小: 未设置
    粗体: 未设置
    斜体: 未设置
    下划线: 未设置
    标准颜色: 未设置

段落 842:
文本内容: Y公司在成立之初，进入华南市场时，由于市场上缺乏有力的竞争对手，公司简单地将原厂的经营策略应用到中国市场，就对公司销售产生正面影响。但原厂的策略是基于对日本和海外市场的调研结果制定的，而中国市场正处于迅猛发展阶段，发展规模与原厂制定策略逐渐出现显著差异。因此Y公司现阶段的市场策略需要根据国内眼科市场请具体情况，制定适合中国市场，特别是华南区的营销优化方案。
段落样式: 正文-缩进
从样式获取的格式:
  样式字体: 未设置
  样式字号: 未设置
  样式颜色: 未设置
对齐方式: 未设置
左缩进: 未设置
右缩进: 未设置
首行缩进: 未设置
行间距: 未设置
从XML读取的格式:
  运行 1: 'Y'
    字体: 未设置
    大小: 未设置
    粗体: 未设置
    斜体: 未设置
    下划线: 未设置
    标准颜色: 未设置
  运行 2: '公'
    字体: 未设置
    大小: 未设置
    粗体: 未设置
    斜体: 未设置
    下划线: 未设置
    标准颜色: 未设置
  运行 3: '司'
    字体: 未设置
    大小: 未设置
    粗体: 未设置
    斜体: 未设置
    下划线: 未设置
    标准颜色: 未设置
  运行 4: '在成立之初，'
    字体: 未设置
    大小: 未设置
    粗体: 未设置
    斜体: 未设置
    下划线: 未设置
    标准颜色: 未设置
  运行 5: '进'
    字体: 未设置
    大小: 未设置
    粗体: 未设置
    斜体: 未设置
    下划线: 未设置
    标准颜色: 未设置
  运行 6: '入'
    字体: 未设置
    大小: 未设置
    粗体: 未设置
    斜体: 未设置
    下划线: 未设置
    标准颜色: 未设置
  运行 7: '华南'
    字体: 未设置
    大小: 未设置
    粗体: 未设置
    斜体: 未设置
    下划线: 未设置
    标准颜色: 未设置
  运行 8: '市场时，由于市场上缺乏有力的竞争对手，公司简单地将'
    字体: 未设置
    大小: 未设置
    粗体: 未设置
    斜体: 未设置
    下划线: 未设置
    标准颜色: 未设置
  运行 9: '原厂'
    字体: 未设置
    大小: 未设置
    粗体: 未设置
    斜体: 未设置
    下划线: 未设置
    标准颜色: 未设置
  运行 10: '的经营策略应用到中国市场，'
    字体: 未设置
    大小: 未设置
    粗体: 未设置
    斜体: 未设置
    下划线: 未设置
    标准颜色: 未设置
  运行 11: '就对公司'
    字体: 未设置
    大小: 未设置
    粗体: 未设置
    斜体: 未设置
    下划线: 未设置
    标准颜色: 未设置
  运行 12: '销售产生'
    字体: 未设置
    大小: 未设置
    粗体: 未设置
    斜体: 未设置
    下划线: 未设置
    标准颜色: 未设置
  运行 13: '正'
    字体: 未设置
    大小: 未设置
    粗体: 未设置
    斜体: 未设置
    下划线: 未设置
    标准颜色: 未设置
  运行 14: '面影响。但'
    字体: 未设置
    大小: 未设置
    粗体: 未设置
    斜体: 未设置
    下划线: 未设置
    标准颜色: 未设置
  运行 15: '原厂'
    字体: 未设置
    大小: 未设置
    粗体: 未设置
    斜体: 未设置
    下划线: 未设置
    标准颜色: 未设置
  运行 16: '的策略是基于对日本和海外市场的调研结果制定的，而中国市场'
    字体: 未设置
    大小: 未设置
    粗体: 未设置
    斜体: 未设置
    下划线: 未设置
    标准颜色: 未设置
  运行 17: '正处于迅猛'
    字体: 未设置
    大小: 未设置
    粗体: 未设置
    斜体: 未设置
    下划线: 未设置
    标准颜色: 未设置
  运行 18: '发展阶段'
    字体: 未设置
    大小: 未设置
    粗体: 未设置
    斜体: 未设置
    下划线: 未设置
    标准颜色: 未设置
  运行 19: '，发展'
    字体: 未设置
    大小: 未设置
    粗体: 未设置
    斜体: 未设置
    下划线: 未设置
    标准颜色: 未设置
  运行 20: '规模与'
    字体: 未设置
    大小: 未设置
    粗体: 未设置
    斜体: 未设置
    下划线: 未设置
    标准颜色: 未设置
  运行 21: '原厂制定策略逐渐出现显著'
    字体: 未设置
    大小: 未设置
    粗体: 未设置
    斜体: 未设置
    下划线: 未设置
    标准颜色: 未设置
  运行 22: '差异。因此'
    字体: 未设置
    大小: 未设置
    粗体: 未设置
    斜体: 未设置
    下划线: 未设置
    标准颜色: 未设置
  运行 23: 'Y'
    字体: 未设置
    大小: 未设置
    粗体: 未设置
    斜体: 未设置
    下划线: 未设置
    标准颜色: 未设置
  运行 24: '公司现阶段的市场策略'
    字体: 未设置
    大小: 未设置
    粗体: 未设置
    斜体: 未设置
    下划线: 未设置
    标准颜色: 未设置
  运行 25: '需要根据国内眼科市场请具体情况'
    字体: 未设置
    大小: 未设置
    粗体: 未设置
    斜体: 未设置
    下划线: 未设置
    标准颜色: 未设置
  运行 26: '，'
    字体: 未设置
    大小: 未设置
    粗体: 未设置
    斜体: 未设置
    下划线: 未设置
    标准颜色: 未设置
  运行 27: '制定'
    字体: 未设置
    大小: 未设置
    粗体: 未设置
    斜体: 未设置
    下划线: 未设置
    标准颜色: 未设置
  运行 28: '适合中国市场'
    字体: 未设置
    大小: 未设置
    粗体: 未设置
    斜体: 未设置
    下划线: 未设置
    标准颜色: 未设置
  运行 29: '，特别是华南区'
    字体: 未设置
    大小: 未设置
    粗体: 未设置
    斜体: 未设置
    下划线: 未设置
    标准颜色: 未设置
  运行 30: '的营销'
    字体: 未设置
    大小: 未设置
    粗体: 未设置
    斜体: 未设置
    下划线: 未设置
    标准颜色: 未设置
  运行 31: '优化方案'
    字体: 未设置
    大小: 未设置
    粗体: 未设置
    斜体: 未设置
    下划线: 未设置
    标准颜色: 未设置
  运行 32: '。'
    字体: 未设置
    大小: 未设置
    粗体: 未设置
    斜体: 未设置
    下划线: 未设置
    标准颜色: 未设置

段落 843:
文本内容: 由于缺乏对华南区市场需求和行业竞争环境的深入调研，Y公司在经营过程中消耗了大量资源，却未能精准地服务于关键客户群体，同时也缺乏全面的竞争策略和长期发展计划。没有对目标医疗机构市场进行深入的研究，导致无法准确识别客户的需求、偏好和行为模式。没有足够的市场洞察，股东很难确定自己公司的品牌定位，也难以制定有效的品牌策略。
段落样式: 正文-缩进
从样式获取的格式:
  样式字体: 未设置
  样式字号: 未设置
  样式颜色: 未设置
对齐方式: 未设置
左缩进: 未设置
右缩进: 未设置
首行缩进: 未设置
行间距: 未设置
从XML读取的格式:
  运行 1: '由于缺乏对'
    字体: 未设置
    大小: 未设置
    粗体: 未设置
    斜体: 未设置
    下划线: 未设置
    标准颜色: 未设置
  运行 2: '华南区'
    字体: 未设置
    大小: 未设置
    粗体: 未设置
    斜体: 未设置
    下划线: 未设置
    标准颜色: 未设置
  运行 3: '市场需求和行业竞争环境的深入调研，'
    字体: 未设置
    大小: 未设置
    粗体: 未设置
    斜体: 未设置
    下划线: 未设置
    标准颜色: 未设置
  运行 4: 'Y'
    字体: 未设置
    大小: 未设置
    粗体: 未设置
    斜体: 未设置
    下划线: 未设置
    标准颜色: 未设置
  运行 5: '公司在经营过程中消耗了大量资源，却未能精准地服务于关键客户群体，同时也缺乏全面的竞争策略'
    字体: 未设置
    大小: 未设置
    粗体: 未设置
    斜体: 未设置
    下划线: 未设置
    标准颜色: 未设置
  运行 6: '和长期发展计划。'
    字体: 未设置
    大小: 未设置
    粗体: 未设置
    斜体: 未设置
    下划线: 未设置
    标准颜色: 未设置
  运行 7: '没有对目标'
    字体: 未设置
    大小: 未设置
    粗体: 未设置
    斜体: 未设置
    下划线: 未设置
    标准颜色: 未设置
  运行 8: '医疗机构'
    字体: 未设置
    大小: 未设置
    粗体: 未设置
    斜体: 未设置
    下划线: 未设置
    标准颜色: 未设置
  运行 9: '市场进行深入的研究，导致无法准确识别'
    字体: 未设置
    大小: 未设置
    粗体: 未设置
    斜体: 未设置
    下划线: 未设置
    标准颜色: 未设置
  运行 10: '客户'
    字体: 未设置
    大小: 未设置
    粗体: 未设置
    斜体: 未设置
    下划线: 未设置
    标准颜色: 未设置
  运行 11: '的需求、偏好和行为模式。没有足够的市场洞察，'
    字体: 未设置
    大小: 未设置
    粗体: 未设置
    斜体: 未设置
    下划线: 未设置
    标准颜色: 未设置
  运行 12: '股东'
    字体: 未设置
    大小: 未设置
    粗体: 未设置
    斜体: 未设置
    下划线: 未设置
    标准颜色: 未设置
  运行 13: '很难确定自己'
    字体: 未设置
    大小: 未设置
    粗体: 未设置
    斜体: 未设置
    下划线: 未设置
    标准颜色: 未设置
  运行 14: '公司'
    字体: 未设置
    大小: 未设置
    粗体: 未设置
    斜体: 未设置
    下划线: 未设置
    标准颜色: 未设置
  运行 15: '的'
    字体: 未设置
    大小: 未设置
    粗体: 未设置
    斜体: 未设置
    下划线: 未设置
    标准颜色: 未设置
  运行 16: '品牌'
    字体: 未设置
    大小: 未设置
    粗体: 未设置
    斜体: 未设置
    下划线: 未设置
    标准颜色: 未设置
  运行 17: '定位，也难以制定有效的品牌策略。'
    字体: 未设置
    大小: 未设置
    粗体: 未设置
    斜体: 未设置
    下划线: 未设置
    标准颜色: 未设置

段落 844:
文本内容: 供应链不完善
段落样式: Heading 3
从样式获取的格式:
  样式字体: 未设置
  样式字号: 未设置
  样式颜色: 未设置
对齐方式: 未设置
左缩进: 未设置
右缩进: 未设置
首行缩进: 未设置
行间距: 未设置
从XML读取的格式:
  运行 1: '供应链不完善'
    字体: 未设置
    大小: 未设置
    粗体: 未设置
    斜体: 未设置
    下划线: 未设置
    标准颜色: 未设置
  运行 2: ''
    字体: 未设置
    大小: 未设置
    粗体: 未设置
    斜体: 未设置
    下划线: 未设置
    标准颜色: 未设置
  运行 3: ''
    字体: 未设置
    大小: 未设置
    粗体: 未设置
    斜体: 未设置
    下划线: 未设置
    标准颜色: 未设置
  运行 4: ''
    字体: 未设置
    大小: 未设置
    粗体: 未设置
    斜体: 未设置
    下划线: 未设置
    标准颜色: 未设置
  运行 5: ''
    字体: 未设置
    大小: 未设置
    粗体: 未设置
    斜体: 未设置
    下划线: 未设置
    标准颜色: 未设置
  运行 6: ''
    字体: 未设置
    大小: 未设置
    粗体: 未设置
    斜体: 未设置
    下划线: 未设置
    标准颜色: 未设置
  运行 7: ''
    字体: 未设置
    大小: 未设置
    粗体: 未设置
    斜体: 未设置
    下划线: 未设置
    标准颜色: 未设置
  运行 8: ''
    字体: 未设置
    大小: 未设置
    粗体: 未设置
    斜体: 未设置
    下划线: 未设置
    标准颜色: 未设置
  运行 9: ''
    字体: 未设置
    大小: 未设置
    粗体: 未设置
    斜体: 未设置
    下划线: 未设置
    标准颜色: 未设置
  运行 10: ''
    字体: 未设置
    大小: 未设置
    粗体: 未设置
    斜体: 未设置
    下划线: 未设置
    标准颜色: 未设置
  运行 11: ''
    字体: 未设置
    大小: 未设置
    粗体: 未设置
    斜体: 未设置
    下划线: 未设置
    标准颜色: 未设置
  运行 12: ''
    字体: 未设置
    大小: 未设置
    粗体: 未设置
    斜体: 未设置
    下划线: 未设置
    标准颜色: 未设置

段落 845:
文本内容: 技术壁垒与知识产权。尼德克作为一家拥有先进技术和知识产权的企业，在眼科医疗设备领域具有显著优势。原厂在国内独资建立了常熟工厂，但生产线有限，无法扩大到其他产品的国产化生产。尼德克的产品技术和知识产权往往受到严格的保护，授权给其他国内生产也是很难的，使得国内企业在引进和吸收这些技术时面临较大的难度，国产化进展缓慢。
段落样式: 正文-缩进
从样式获取的格式:
  样式字体: 未设置
  样式字号: 未设置
  样式颜色: 未设置
对齐方式: 未设置
左缩进: 未设置
右缩进: 未设置
首行缩进: 未设置
行间距: 未设置
从XML读取的格式:
  运行 1: '技术'
    字体: 未设置
    大小: 未设置
    粗体: 未设置
    斜体: 未设置
    下划线: 未设置
    标准颜色: 未设置
  运行 2: '壁垒与知识产权'
    字体: 未设置
    大小: 未设置
    粗体: 未设置
    斜体: 未设置
    下划线: 未设置
    标准颜色: 未设置
  运行 3: '。'
    字体: 未设置
    大小: 未设置
    粗体: 未设置
    斜体: 未设置
    下划线: 未设置
    标准颜色: 未设置
  运行 4: '尼德克作为一家拥有先进技术和知识产权的企业，在眼科医疗设备领域具有显著优势。'
    字体: 未设置
    大小: 未设置
    粗体: 未设置
    斜体: 未设置
    下划线: 未设置
    标准颜色: 未设置
  运行 5: '原厂在国内独资建立了常熟工厂，但生产线有限，无法扩大到其他产品的国产化生产。尼德克的产品'
    字体: 未设置
    大小: 未设置
    粗体: 未设置
    斜体: 未设置
    下划线: 未设置
    标准颜色: 未设置
  运行 6: '技术和知识产权往往受到严格的保护'
    字体: 未设置
    大小: 未设置
    粗体: 未设置
    斜体: 未设置
    下划线: 未设置
    标准颜色: 未设置
  运行 7: '，授权给其他国内生产也是很难的，'
    字体: 未设置
    大小: 未设置
    粗体: 未设置
    斜体: 未设置
    下划线: 未设置
    标准颜色: 未设置
  运行 8: '使得国内企业在引进和吸收这些技术时面临较大的难度'
    字体: 未设置
    大小: 未设置
    粗体: 未设置
    斜体: 未设置
    下划线: 未设置
    标准颜色: 未设置
  运行 9: '，国产化进展缓慢。'
    字体: 未设置
    大小: 未设置
    粗体: 未设置
    斜体: 未设置
    下划线: 未设置
    标准颜色: 未设置

段落 846:
文本内容: 研发投入与创新能力。眼科医疗设备行业对技术的要求极高，需要持续投入大量的研发资金和人力资源。与尼德克等国际工厂相比，尼德克国内工厂在研发投入和创新能力上可能存在一定的差距，导致在国产化过程中难以达到同等的技术水平。
段落样式: 正文-缩进
从样式获取的格式:
  样式字体: 未设置
  样式字号: 未设置
  样式颜色: 未设置
对齐方式: 未设置
左缩进: 未设置
右缩进: 未设置
首行缩进: 未设置
行间距: 未设置
从XML读取的格式:
  运行 1: '研发投入与创新能力'
    字体: 未设置
    大小: 未设置
    粗体: 未设置
    斜体: 未设置
    下划线: 未设置
    标准颜色: 未设置
  运行 2: '。'
    字体: 未设置
    大小: 未设置
    粗体: 未设置
    斜体: 未设置
    下划线: 未设置
    标准颜色: 未设置
  运行 3: '眼科医疗设备行业对技术的要求极高，需要持续投入大量的研发资金和人力资源。与尼德克等国际'
    字体: 未设置
    大小: 未设置
    粗体: 未设置
    斜体: 未设置
    下划线: 未设置
    标准颜色: 未设置
  运行 4: '工厂'
    字体: 未设置
    大小: 未设置
    粗体: 未设置
    斜体: 未设置
    下划线: 未设置
    标准颜色: 未设置
  运行 5: '相比，'
    字体: 未设置
    大小: 未设置
    粗体: 未设置
    斜体: 未设置
    下划线: 未设置
    标准颜色: 未设置
  运行 6: '尼德克'
    字体: 未设置
    大小: 未设置
    粗体: 未设置
    斜体: 未设置
    下划线: 未设置
    标准颜色: 未设置
  运行 7: '国内'
    字体: 未设置
    大小: 未设置
    粗体: 未设置
    斜体: 未设置
    下划线: 未设置
    标准颜色: 未设置
  运行 8: '工厂'
    字体: 未设置
    大小: 未设置
    粗体: 未设置
    斜体: 未设置
    下划线: 未设置
    标准颜色: 未设置
  运行 9: '在研发投入和创新能力上可能存在一定的差距，导致在国产化过程中难以达到同等的技术水平。'
    字体: 未设置
    大小: 未设置
    粗体: 未设置
    斜体: 未设置
    下划线: 未设置
    标准颜色: 未设置

段落 847:
文本内容: 国内供应链不完善。眼科医疗设备的生产涉及多个环节，包括原材料供应、零部件制造、组装测试等。目前国内相关供应链不完善，大部分关键零部件依赖进口，产品短时间内国产化成本会相应增加，完全国产化难度大。
段落样式: 正文-缩进
从样式获取的格式:
  样式字体: 未设置
  样式字号: 未设置
  样式颜色: 未设置
对齐方式: 未设置
左缩进: 未设置
右缩进: 未设置
首行缩进: 未设置
行间距: 未设置
从XML读取的格式:
  运行 1: '国内供应'
    字体: 未设置
    大小: 未设置
    粗体: 未设置
    斜体: 未设置
    下划线: 未设置
    标准颜色: 未设置
  运行 2: '链'
    字体: 未设置
    大小: 未设置
    粗体: 未设置
    斜体: 未设置
    下划线: 未设置
    标准颜色: 未设置
  运行 3: '不完善'
    字体: 未设置
    大小: 未设置
    粗体: 未设置
    斜体: 未设置
    下划线: 未设置
    标准颜色: 未设置
  运行 4: '。'
    字体: 未设置
    大小: 未设置
    粗体: 未设置
    斜体: 未设置
    下划线: 未设置
    标准颜色: 未设置
  运行 5: '眼科医疗设备的生产涉及多个环节，包括原材料供应、零部件制造、组装测试等。'
    字体: 未设置
    大小: 未设置
    粗体: 未设置
    斜体: 未设置
    下划线: 未设置
    标准颜色: 未设置
  运行 6: '目前'
    字体: 未设置
    大小: 未设置
    粗体: 未设置
    斜体: 未设置
    下划线: 未设置
    标准颜色: 未设置
  运行 7: '国内相关'
    字体: 未设置
    大小: 未设置
    粗体: 未设置
    斜体: 未设置
    下划线: 未设置
    标准颜色: 未设置
  运行 8: '供应'
    字体: 未设置
    大小: 未设置
    粗体: 未设置
    斜体: 未设置
    下划线: 未设置
    标准颜色: 未设置
  运行 9: '链不完善，'
    字体: 未设置
    大小: 未设置
    粗体: 未设置
    斜体: 未设置
    下划线: 未设置
    标准颜色: 未设置
  运行 10: '大部分'
    字体: 未设置
    大小: 未设置
    粗体: 未设置
    斜体: 未设置
    下划线: 未设置
    标准颜色: 未设置
  运行 11: '关键零部件依赖进口，'
    字体: 未设置
    大小: 未设置
    粗体: 未设置
    斜体: 未设置
    下划线: 未设置
    标准颜色: 未设置
  运行 12: '产品短时间内'
    字体: 未设置
    大小: 未设置
    粗体: 未设置
    斜体: 未设置
    下划线: 未设置
    标准颜色: 未设置
  运行 13: '国产化成本会相应增加'
    字体: 未设置
    大小: 未设置
    粗体: 未设置
    斜体: 未设置
    下划线: 未设置
    标准颜色: 未设置
  运行 14: '，完全国产化难度大'
    字体: 未设置
    大小: 未设置
    粗体: 未设置
    斜体: 未设置
    下划线: 未设置
    标准颜色: 未设置
  运行 15: '。'
    字体: 未设置
    大小: 未设置
    粗体: 未设置
    斜体: 未设置
    下划线: 未设置
    标准颜色: 未设置

段落 848:
文本内容: 市场准入与监管要求。眼科医疗设备属于高风险产品，对安全性和有效性有严格的要求。国内在医疗设备的市场准入和监管方面也有严格的法规和标准。要将所有的产品规格全部在国内生产，需要重新申请注册证，费用大，时间长。这些要求使得原厂国产化过程中，需要投入更多的时间和资源来完成。
段落样式: 正文-缩进
从样式获取的格式:
  样式字体: 未设置
  样式字号: 未设置
  样式颜色: 未设置
对齐方式: 未设置
左缩进: 未设置
右缩进: 未设置
首行缩进: 未设置
行间距: 未设置
从XML读取的格式:
  运行 1: '市场准入与监管要求'
    字体: 未设置
    大小: 未设置
    粗体: 未设置
    斜体: 未设置
    下划线: 未设置
    标准颜色: 未设置
  运行 2: '。'
    字体: 未设置
    大小: 未设置
    粗体: 未设置
    斜体: 未设置
    下划线: 未设置
    标准颜色: 未设置
  运行 3: '眼科医疗设备属于高风险产品，对安全性和有效性有严格的要求。国内在医疗设备的市场准入和监管方面也有严格的法规和标准。'
    字体: 未设置
    大小: 未设置
    粗体: 未设置
    斜体: 未设置
    下划线: 未设置
    标准颜色: 未设置
  运行 4: '要将所有的产品规格全部在国内生产，需要重新申请注册证，费用大，时间长。'
    字体: 未设置
    大小: 未设置
    粗体: 未设置
    斜体: 未设置
    下划线: 未设置
    标准颜色: 未设置
  运行 5: '这些要求'
    字体: 未设置
    大小: 未设置
    粗体: 未设置
    斜体: 未设置
    下划线: 未设置
    标准颜色: 未设置
  运行 6: '使得原厂'
    字体: 未设置
    大小: 未设置
    粗体: 未设置
    斜体: 未设置
    下划线: 未设置
    标准颜色: 未设置
  运行 7: '国产化过程中'
    字体: 未设置
    大小: 未设置
    粗体: 未设置
    斜体: 未设置
    下划线: 未设置
    标准颜色: 未设置
  运行 8: '，'
    字体: 未设置
    大小: 未设置
    粗体: 未设置
    斜体: 未设置
    下划线: 未设置
    标准颜色: 未设置
  运行 9: '需要投入更多的时间和资源来'
    字体: 未设置
    大小: 未设置
    粗体: 未设置
    斜体: 未设置
    下划线: 未设置
    标准颜色: 未设置
  运行 10: '完成'
    字体: 未设置
    大小: 未设置
    粗体: 未设置
    斜体: 未设置
    下划线: 未设置
    标准颜色: 未设置
  运行 11: '。'
    字体: 未设置
    大小: 未设置
    粗体: 未设置
    斜体: 未设置
    下划线: 未设置
    标准颜色: 未设置

段落 849:
文本内容: 成本限制定价
段落样式: Heading 3
从样式获取的格式:
  样式字体: 未设置
  样式字号: 未设置
  样式颜色: 未设置
对齐方式: 未设置
左缩进: 未设置
右缩进: 未设置
首行缩进: 未设置
行间距: 未设置
从XML读取的格式:
  运行 1: '成本限制定价'
    字体: 未设置
    大小: 未设置
    粗体: 未设置
    斜体: 未设置
    下划线: 未设置
    标准颜色: 未设置
  运行 2: ''
    字体: 未设置
    大小: 未设置
    粗体: 未设置
    斜体: 未设置
    下划线: 未设置
    标准颜色: 未设置
  运行 3: ''
    字体: 未设置
    大小: 未设置
    粗体: 未设置
    斜体: 未设置
    下划线: 未设置
    标准颜色: 未设置
  运行 4: ''
    字体: 未设置
    大小: 未设置
    粗体: 未设置
    斜体: 未设置
    下划线: 未设置
    标准颜色: 未设置
  运行 5: ''
    字体: 未设置
    大小: 未设置
    粗体: 未设置
    斜体: 未设置
    下划线: 未设置
    标准颜色: 未设置
  运行 6: ''
    字体: 未设置
    大小: 未设置
    粗体: 未设置
    斜体: 未设置
    下划线: 未设置
    标准颜色: 未设置
  运行 7: ''
    字体: 未设置
    大小: 未设置
    粗体: 未设置
    斜体: 未设置
    下划线: 未设置
    标准颜色: 未设置
  运行 8: ''
    字体: 未设置
    大小: 未设置
    粗体: 未设置
    斜体: 未设置
    下划线: 未设置
    标准颜色: 未设置
  运行 9: ''
    字体: 未设置
    大小: 未设置
    粗体: 未设置
    斜体: 未设置
    下划线: 未设置
    标准颜色: 未设置

段落 850:
文本内容: Y公司是尼德克公司在华南区的代理商，产品定价采用成本加成策略。Y公司目前大多数产品从日本进口，仅有少数产品规格在国内采购。进口产品的价格都高于国内生产的产品规格，再加上物流运输费用以及汇率差等成本因素，导致Y公司难以价格优势在竞争中取胜。
段落样式: 正文-缩进
从样式获取的格式:
  样式字体: 未设置
  样式字号: 未设置
  样式颜色: 未设置
对齐方式: 未设置
左缩进: 未设置
右缩进: 未设置
首行缩进: 未设置
行间距: 未设置
从XML读取的格式:
  运行 1: 'Y'
    字体: 未设置
    大小: 未设置
    粗体: 未设置
    斜体: 未设置
    下划线: 未设置
    标准颜色: 未设置
  运行 2: '公司是尼德克公司在华南区的代理商，产品定价采用成本加成策略。'
    字体: 未设置
    大小: 未设置
    粗体: 未设置
    斜体: 未设置
    下划线: 未设置
    标准颜色: 未设置
  运行 3: 'Y'
    字体: 未设置
    大小: 未设置
    粗体: 未设置
    斜体: 未设置
    下划线: 未设置
    标准颜色: 未设置
  运行 4: '公司目前大多数产品从日本进口，仅有少数'
    字体: 未设置
    大小: 未设置
    粗体: 未设置
    斜体: 未设置
    下划线: 未设置
    标准颜色: 未设置
  运行 5: '产品规格'
    字体: 未设置
    大小: 未设置
    粗体: 未设置
    斜体: 未设置
    下划线: 未设置
    标准颜色: 未设置
  运行 6: '在国内采购。进口'
    字体: 未设置
    大小: 未设置
    粗体: 未设置
    斜体: 未设置
    下划线: 未设置
    标准颜色: 未设置
  运行 7: '产品的'
    字体: 未设置
    大小: 未设置
    粗体: 未设置
    斜体: 未设置
    下划线: 未设置
    标准颜色: 未设置
  运行 8: '价格都高于国内生产'
    字体: 未设置
    大小: 未设置
    粗体: 未设置
    斜体: 未设置
    下划线: 未设置
    标准颜色: 未设置
  运行 9: '的产品规格'
    字体: 未设置
    大小: 未设置
    粗体: 未设置
    斜体: 未设置
    下划线: 未设置
    标准颜色: 未设置
  运行 10: '，再加上物流运输费用以及汇率差等成本因素，导致'
    字体: 未设置
    大小: 未设置
    粗体: 未设置
    斜体: 未设置
    下划线: 未设置
    标准颜色: 未设置
  运行 11: 'Y'
    字体: 未设置
    大小: 未设置
    粗体: 未设置
    斜体: 未设置
    下划线: 未设置
    标准颜色: 未设置
  运行 12: '公司难以价格优势在竞争中取胜。'
    字体: 未设置
    大小: 未设置
    粗体: 未设置
    斜体: 未设置
    下划线: 未设置
    标准颜色: 未设置

段落 851:
文本内容: 受到原厂进货成本的限制，公司的定价调整幅度较小。由于尼德克原厂不了解国内市场的竞争激烈程度，以及我国对于政府机构采购大比例国产化产品的要求，销售给Y公司的产品成本还是很难降低。特别是对于竞争国产品牌的冲击，一时难有良好的对策，导致部分市场份额被竞争对手占领。
段落样式: 正文-缩进
从样式获取的格式:
  样式字体: 未设置
  样式字号: 未设置
  样式颜色: 未设置
对齐方式: 未设置
左缩进: 未设置
右缩进: 未设置
首行缩进: 未设置
行间距: 未设置
从XML读取的格式:
  运行 1: '受到原厂进货成本的限制，公司的定价调整幅度较小。'
    字体: 未设置
    大小: 未设置
    粗体: 未设置
    斜体: 未设置
    下划线: 未设置
    标准颜色: 未设置
  运行 2: '由于'
    字体: 未设置
    大小: 未设置
    粗体: 未设置
    斜体: 未设置
    下划线: 未设置
    标准颜色: 未设置
  运行 3: '尼德克'
    字体: 未设置
    大小: 未设置
    粗体: 未设置
    斜体: 未设置
    下划线: 未设置
    标准颜色: 未设置
  运行 4: '原厂不了解国内市场的竞争激烈程度，以及'
    字体: 未设置
    大小: 未设置
    粗体: 未设置
    斜体: 未设置
    下划线: 未设置
    标准颜色: 未设置
  运行 5: '我国'
    字体: 未设置
    大小: 未设置
    粗体: 未设置
    斜体: 未设置
    下划线: 未设置
    标准颜色: 未设置
  运行 6: '对于政府机构采购大比例国产化产品的要求，销售给'
    字体: 未设置
    大小: 未设置
    粗体: 未设置
    斜体: 未设置
    下划线: 未设置
    标准颜色: 未设置
  运行 7: 'Y'
    字体: 未设置
    大小: 未设置
    粗体: 未设置
    斜体: 未设置
    下划线: 未设置
    标准颜色: 未设置
  运行 8: '公司的产品成本还是很难降低。特别是对于'
    字体: 未设置
    大小: 未设置
    粗体: 未设置
    斜体: 未设置
    下划线: 未设置
    标准颜色: 未设置
  运行 9: '竞争'
    字体: 未设置
    大小: 未设置
    粗体: 未设置
    斜体: 未设置
    下划线: 未设置
    标准颜色: 未设置
  运行 10: '国产品牌的冲击，一时难有良好的对策'
    字体: 未设置
    大小: 未设置
    粗体: 未设置
    斜体: 未设置
    下划线: 未设置
    标准颜色: 未设置
  运行 11: '，'
    字体: 未设置
    大小: 未设置
    粗体: 未设置
    斜体: 未设置
    下划线: 未设置
    标准颜色: 未设置
  运行 12: '导致部分市场份额被'
    字体: 未设置
    大小: 未设置
    粗体: 未设置
    斜体: 未设置
    下划线: 未设置
    标准颜色: 未设置
  运行 13: '竞争对手'
    字体: 未设置
    大小: 未设置
    粗体: 未设置
    斜体: 未设置
    下划线: 未设置
    标准颜色: 未设置
  运行 14: '占领'
    字体: 未设置
    大小: 未设置
    粗体: 未设置
    斜体: 未设置
    下划线: 未设置
    标准颜色: 未设置
  运行 15: '。'
    字体: 未设置
    大小: 未设置
    粗体: 未设置
    斜体: 未设置
    下划线: 未设置
    标准颜色: 未设置

段落 852:
文本内容: 为了提高在国内眼科医疗设备市场的份额，公司需要向原厂说明国内的竞争现状，以及重新审视现行的定价策略，以增强在市场上的竞争优势。
段落样式: 正文-缩进
从样式获取的格式:
  样式字体: 未设置
  样式字号: 未设置
  样式颜色: 未设置
对齐方式: 未设置
左缩进: 未设置
右缩进: 未设置
首行缩进: 未设置
行间距: 未设置
从XML读取的格式:
  运行 1: '为了'
    字体: 未设置
    大小: 未设置
    粗体: 未设置
    斜体: 未设置
    下划线: 未设置
    标准颜色: 未设置
  运行 2: '提高'
    字体: 未设置
    大小: 未设置
    粗体: 未设置
    斜体: 未设置
    下划线: 未设置
    标准颜色: 未设置
  运行 3: '在国内'
    字体: 未设置
    大小: 未设置
    粗体: 未设置
    斜体: 未设置
    下划线: 未设置
    标准颜色: 未设置
  运行 4: '眼科医疗'
    字体: 未设置
    大小: 未设置
    粗体: 未设置
    斜体: 未设置
    下划线: 未设置
    标准颜色: 未设置
  运行 5: '设备'
    字体: 未设置
    大小: 未设置
    粗体: 未设置
    斜体: 未设置
    下划线: 未设置
    标准颜色: 未设置
  运行 6: '市场的'
    字体: 未设置
    大小: 未设置
    粗体: 未设置
    斜体: 未设置
    下划线: 未设置
    标准颜色: 未设置
  运行 7: '份额，'
    字体: 未设置
    大小: 未设置
    粗体: 未设置
    斜体: 未设置
    下划线: 未设置
    标准颜色: 未设置
  运行 8: '公司'
    字体: 未设置
    大小: 未设置
    粗体: 未设置
    斜体: 未设置
    下划线: 未设置
    标准颜色: 未设置
  运行 9: '需要'
    字体: 未设置
    大小: 未设置
    粗体: 未设置
    斜体: 未设置
    下划线: 未设置
    标准颜色: 未设置
  运行 10: '向原厂说明国内的竞争现状，以及'
    字体: 未设置
    大小: 未设置
    粗体: 未设置
    斜体: 未设置
    下划线: 未设置
    标准颜色: 未设置
  运行 11: '重新审视'
    字体: 未设置
    大小: 未设置
    粗体: 未设置
    斜体: 未设置
    下划线: 未设置
    标准颜色: 未设置
  运行 12: '现行的'
    字体: 未设置
    大小: 未设置
    粗体: 未设置
    斜体: 未设置
    下划线: 未设置
    标准颜色: 未设置
  运行 13: '定价策略，以增强在市场上的竞争'
    字体: 未设置
    大小: 未设置
    粗体: 未设置
    斜体: 未设置
    下划线: 未设置
    标准颜色: 未设置
  运行 14: '优势'
    字体: 未设置
    大小: 未设置
    粗体: 未设置
    斜体: 未设置
    下划线: 未设置
    标准颜色: 未设置
  运行 15: '。'
    字体: 未设置
    大小: 未设置
    粗体: 未设置
    斜体: 未设置
    下划线: 未设置
    标准颜色: 未设置

段落 853:
文本内容: 促销意识薄弱
段落样式: Heading 3
从样式获取的格式:
  样式字体: 未设置
  样式字号: 未设置
  样式颜色: 未设置
对齐方式: 未设置
左缩进: 0
右缩进: 未设置
首行缩进: 未设置
行间距: 未设置
从XML读取的格式:
  运行 1: '促销意识薄弱'
    字体: 未设置
    大小: 未设置
    粗体: 未设置
    斜体: 未设置
    下划线: 未设置
    标准颜色: 未设置
  运行 2: ''
    字体: 未设置
    大小: 未设置
    粗体: 未设置
    斜体: 未设置
    下划线: 未设置
    标准颜色: 未设置
  运行 3: ''
    字体: 未设置
    大小: 未设置
    粗体: 未设置
    斜体: 未设置
    下划线: 未设置
    标准颜色: 未设置
  运行 4: ''
    字体: 未设置
    大小: 未设置
    粗体: 未设置
    斜体: 未设置
    下划线: 未设置
    标准颜色: 未设置
  运行 5: ''
    字体: 未设置
    大小: 未设置
    粗体: 未设置
    斜体: 未设置
    下划线: 未设置
    标准颜色: 未设置
  运行 6: ''
    字体: 未设置
    大小: 未设置
    粗体: 未设置
    斜体: 未设置
    下划线: 未设置
    标准颜色: 未设置
  运行 7: ''
    字体: 未设置
    大小: 未设置
    粗体: 未设置
    斜体: 未设置
    下划线: 未设置
    标准颜色: 未设置
  运行 8: ''
    字体: 未设置
    大小: 未设置
    粗体: 未设置
    斜体: 未设置
    下划线: 未设置
    标准颜色: 未设置
  运行 9: ''
    字体: 未设置
    大小: 未设置
    粗体: 未设置
    斜体: 未设置
    下划线: 未设置
    标准颜色: 未设置

段落 854:
文本内容: Y公司成立之初的员工主要由两部分组成，技术工程师、内勤、财务人员等是来自一个股东的原公司，直接入职到Y公司。销售人员、市场部等人员由另一个股东重新招聘。新团队架构是按省区经理负责制，每个省有销售人员、工程师、市场部人员等。Y公司在国内眼科行业算是后起之秀，大部分客户对于这个新的品牌都没太多的认知。公司只能先通过销售人员向客户介绍产品，对于有产品需求的客户再安排样机到医院试用。团队之间、部门之间的配合不够默契，导致试用效果欠佳，不得不延长试用期限。加上公司急需业绩表现来巩固代理权，竞争对手活动频繁，因此对于样机的管理也相对松散，加剧了这些情况的发生。
段落样式: 正文-缩进
从样式获取的格式:
  样式字体: 未设置
  样式字号: 未设置
  样式颜色: 未设置
对齐方式: 未设置
左缩进: 未设置
右缩进: 未设置
首行缩进: 未设置
行间距: 未设置
从XML读取的格式:
  运行 1: 'Y'
    字体: 未设置
    大小: 未设置
    粗体: 未设置
    斜体: 未设置
    下划线: 未设置
    标准颜色: 未设置
  运行 2: '公司成立之初的员工主要由两部分组成，技术工程师、内勤、财务人员等是来自一个股东的原公司，直接'
    字体: 未设置
    大小: 未设置
    粗体: 未设置
    斜体: 未设置
    下划线: 未设置
    标准颜色: 未设置
  运行 3: '入职'
    字体: 未设置
    大小: 未设置
    粗体: 未设置
    斜体: 未设置
    下划线: 未设置
    标准颜色: 未设置
  运行 4: '到'
    字体: 未设置
    大小: 未设置
    粗体: 未设置
    斜体: 未设置
    下划线: 未设置
    标准颜色: 未设置
  运行 5: 'Y'
    字体: 未设置
    大小: 未设置
    粗体: 未设置
    斜体: 未设置
    下划线: 未设置
    标准颜色: 未设置
  运行 6: '公司。销售人员、市场部等人员由另一个股东重新招聘。'
    字体: 未设置
    大小: 未设置
    粗体: 未设置
    斜体: 未设置
    下划线: 未设置
    标准颜色: 未设置
  运行 7: '新团队架构是按省区经理负责制，每个省有销售人员、工程师、市场部人员等'
    字体: 未设置
    大小: 未设置
    粗体: 未设置
    斜体: 未设置
    下划线: 未设置
    标准颜色: 未设置
  运行 8: '。'
    字体: 未设置
    大小: 未设置
    粗体: 未设置
    斜体: 未设置
    下划线: 未设置
    标准颜色: 未设置
  运行 9: 'Y'
    字体: 未设置
    大小: 未设置
    粗体: 未设置
    斜体: 未设置
    下划线: 未设置
    标准颜色: 未设置
  运行 10: '公司在国内眼科行业算是后起之秀，大部分客户对于这个新的品牌都没太多的认知。公司只能先通过销售人员向客户介绍产品，对于有产品需求的客户再安排样机到医院试用'
    字体: 未设置
    大小: 未设置
    粗体: 未设置
    斜体: 未设置
    下划线: 未设置
    标准颜色: 未设置
  运行 11: '。'
    字体: 未设置
    大小: 未设置
    粗体: 未设置
    斜体: 未设置
    下划线: 未设置
    标准颜色: 未设置
  运行 12: '团队之间、部门之间的配合不够默契，'
    字体: 未设置
    大小: 未设置
    粗体: 未设置
    斜体: 未设置
    下划线: 未设置
    标准颜色: 未设置
  运行 13: '导致试用效果欠佳，不得不延长试用期限。加上公司急需业绩表现来巩固代理权，竞争对手活动频繁，因此对于样机的管理也相对松散'
    字体: 未设置
    大小: 未设置
    粗体: 未设置
    斜体: 未设置
    下划线: 未设置
    标准颜色: 未设置
  运行 14: '，加剧了这些情况的发生。'
    字体: 未设置
    大小: 未设置
    粗体: 未设置
    斜体: 未设置
    下划线: 未设置
    标准颜色: 未设置

段落 855:
文本内容: 在促销推广实际操作层面，Y公司的一线员工，包括业务经理、市场部临床应用专员主人翁意识较薄弱。例如邀请客户参加展会等活动时，负责产品介绍的临床专员都是先了解来自那个地区的医生，然后再叫负责相应区域的业务经理前来接待，市场专员才开始介绍产品，给客户带来很不好的体验。此外在特价促销的情况下，由于产品特价促销，相应的产品奖金等比例都很低，部分业务经理对于此类的产品的推广不够积极主动，公司的促销政策得不到很好执行落实。
段落样式: 正文-缩进
从样式获取的格式:
  样式字体: 未设置
  样式字号: 未设置
  样式颜色: 未设置
对齐方式: 未设置
左缩进: 未设置
右缩进: 未设置
首行缩进: 未设置
行间距: 未设置
从XML读取的格式:
  运行 1: '在'
    字体: 未设置
    大小: 未设置
    粗体: 未设置
    斜体: 未设置
    下划线: 未设置
    标准颜色: 未设置
  运行 2: '促销推广'
    字体: 未设置
    大小: 未设置
    粗体: 未设置
    斜体: 未设置
    下划线: 未设置
    标准颜色: 未设置
  运行 3: '实际操作层面，'
    字体: 未设置
    大小: 未设置
    粗体: 未设置
    斜体: 未设置
    下划线: 未设置
    标准颜色: 未设置
  运行 4: 'Y'
    字体: 未设置
    大小: 未设置
    粗体: 未设置
    斜体: 未设置
    下划线: 未设置
    标准颜色: 未设置
  运行 5: '公司'
    字体: 未设置
    大小: 未设置
    粗体: 未设置
    斜体: 未设置
    下划线: 未设置
    标准颜色: 未设置
  运行 6: '的'
    字体: 未设置
    大小: 未设置
    粗体: 未设置
    斜体: 未设置
    下划线: 未设置
    标准颜色: 未设置
  运行 7: '一线员工，包括业务经理、市场部'
    字体: 未设置
    大小: 未设置
    粗体: 未设置
    斜体: 未设置
    下划线: 未设置
    标准颜色: 未设置
  运行 8: '临床'
    字体: 未设置
    大小: 未设置
    粗体: 未设置
    斜体: 未设置
    下划线: 未设置
    标准颜色: 未设置
  运行 9: '应用专员主人翁意识较薄弱。'
    字体: 未设置
    大小: 未设置
    粗体: 未设置
    斜体: 未设置
    下划线: 未设置
    标准颜色: 未设置
  运行 10: '例如邀请客户参加展会等活动时，负责产品介绍的临床专员'
    字体: 未设置
    大小: 未设置
    粗体: 未设置
    斜体: 未设置
    下划线: 未设置
    标准颜色: 未设置
  运行 11: '都是先了解来自'
    字体: 未设置
    大小: 未设置
    粗体: 未设置
    斜体: 未设置
    下划线: 未设置
    标准颜色: 未设置
  运行 12: '那个地区的医生，然后再叫负责相应区域的业务经理前来接待，市场专员才开始介绍产品，给客户带来很不好的体验。'
    字体: 未设置
    大小: 未设置
    粗体: 未设置
    斜体: 未设置
    下划线: 未设置
    标准颜色: 未设置
  运行 13: '此外在'
    字体: 未设置
    大小: 未设置
    粗体: 未设置
    斜体: 未设置
    下划线: 未设置
    标准颜色: 未设置
  运行 14: '特价促销的情况下，由于产品特价促销，相应的'
    字体: 未设置
    大小: 未设置
    粗体: 未设置
    斜体: 未设置
    下划线: 未设置
    标准颜色: 未设置
  运行 15: '产品'
    字体: 未设置
    大小: 未设置
    粗体: 未设置
    斜体: 未设置
    下划线: 未设置
    标准颜色: 未设置
  运行 16: '奖金等比例都很低，部分业务经理对于此类的产品'
    字体: 未设置
    大小: 未设置
    粗体: 未设置
    斜体: 未设置
    下划线: 未设置
    标准颜色: 未设置
  运行 17: '的推广不够'
    字体: 未设置
    大小: 未设置
    粗体: 未设置
    斜体: 未设置
    下划线: 未设置
    标准颜色: 未设置
  运行 18: '积极主动，公司的促销政策得不到'
    字体: 未设置
    大小: 未设置
    粗体: 未设置
    斜体: 未设置
    下划线: 未设置
    标准颜色: 未设置
  运行 19: '很好'
    字体: 未设置
    大小: 未设置
    粗体: 未设置
    斜体: 未设置
    下划线: 未设置
    标准颜色: 未设置
  运行 20: '执行'
    字体: 未设置
    大小: 未设置
    粗体: 未设置
    斜体: 未设置
    下划线: 未设置
    标准颜色: 未设置
  运行 21: '落实'
    字体: 未设置
    大小: 未设置
    粗体: 未设置
    斜体: 未设置
    下划线: 未设置
    标准颜色: 未设置
  运行 22: '。'
    字体: 未设置
    大小: 未设置
    粗体: 未设置
    斜体: 未设置
    下划线: 未设置
    标准颜色: 未设置

段落 856:
文本内容: 营销渠道不足
段落样式: Heading 3
从样式获取的格式:
  样式字体: 未设置
  样式字号: 未设置
  样式颜色: 未设置
对齐方式: 未设置
左缩进: 未设置
右缩进: 未设置
首行缩进: 未设置
行间距: 未设置
从XML读取的格式:
  运行 1: '营销'
    字体: 未设置
    大小: 未设置
    粗体: 未设置
    斜体: 未设置
    下划线: 未设置
    标准颜色: 未设置
  运行 2: '渠道'
    字体: 未设置
    大小: 未设置
    粗体: 未设置
    斜体: 未设置
    下划线: 未设置
    标准颜色: 未设置
  运行 3: '不足'
    字体: 未设置
    大小: 未设置
    粗体: 未设置
    斜体: 未设置
    下划线: 未设置
    标准颜色: 未设置
  运行 4: ''
    字体: 未设置
    大小: 未设置
    粗体: 未设置
    斜体: 未设置
    下划线: 未设置
    标准颜色: 未设置
  运行 5: ''
    字体: 未设置
    大小: 未设置
    粗体: 未设置
    斜体: 未设置
    下划线: 未设置
    标准颜色: 未设置
  运行 6: ''
    字体: 未设置
    大小: 未设置
    粗体: 未设置
    斜体: 未设置
    下划线: 未设置
    标准颜色: 未设置
  运行 7: ''
    字体: 未设置
    大小: 未设置
    粗体: 未设置
    斜体: 未设置
    下划线: 未设置
    标准颜色: 未设置
  运行 8: ''
    字体: 未设置
    大小: 未设置
    粗体: 未设置
    斜体: 未设置
    下划线: 未设置
    标准颜色: 未设置
  运行 9: ''
    字体: 未设置
    大小: 未设置
    粗体: 未设置
    斜体: 未设置
    下划线: 未设置
    标准颜色: 未设置
  运行 10: ''
    字体: 未设置
    大小: 未设置
    粗体: 未设置
    斜体: 未设置
    下划线: 未设置
    标准颜色: 未设置
  运行 11: ''
    字体: 未设置
    大小: 未设置
    粗体: 未设置
    斜体: 未设置
    下划线: 未设置
    标准颜色: 未设置
  运行 12: ''
    字体: 未设置
    大小: 未设置
    粗体: 未设置
    斜体: 未设置
    下划线: 未设置
    标准颜色: 未设置
  运行 13: ''
    字体: 未设置
    大小: 未设置
    粗体: 未设置
    斜体: 未设置
    下划线: 未设置
    标准颜色: 未设置
  运行 14: ''
    字体: 未设置
    大小: 未设置
    粗体: 未设置
    斜体: 未设置
    下划线: 未设置
    标准颜色: 未设置
  运行 15: ''
    字体: 未设置
    大小: 未设置
    粗体: 未设置
    斜体: 未设置
    下划线: 未设置
    标准颜色: 未设置
  运行 16: ''
    字体: 未设置
    大小: 未设置
    粗体: 未设置
    斜体: 未设置
    下划线: 未设置
    标准颜色: 未设置

段落 857:
文本内容: 市场竞争激烈。在国产化替代的环境下，眼科进口产品的销售压力巨大，各厂商为了将设备卖给医疗机构，会采取各种定价策略，包括低价、折扣等。这种竞争必然导致定价的不稳定性，压缩利润空间，使得分销商不愿意做，只能总代理商自己直销，造成营销渠道的不稳定。
段落样式: 正文-缩进
从样式获取的格式:
  样式字体: 未设置
  样式字号: 未设置
  样式颜色: 未设置
对齐方式: 未设置
左缩进: 未设置
右缩进: 未设置
首行缩进: 未设置
行间距: 未设置
从XML读取的格式:
  运行 1: '市场竞争激烈'
    字体: 未设置
    大小: 未设置
    粗体: 未设置
    斜体: 未设置
    下划线: 未设置
    标准颜色: 未设置
  运行 2: '。'
    字体: 未设置
    大小: 未设置
    粗体: 未设置
    斜体: 未设置
    下划线: 未设置
    标准颜色: 未设置
  运行 3: '在'
    字体: 未设置
    大小: 未设置
    粗体: 未设置
    斜体: 未设置
    下划线: 未设置
    标准颜色: 未设置
  运行 4: '国产化替代的环境下，眼科进口'
    字体: 未设置
    大小: 未设置
    粗体: 未设置
    斜体: 未设置
    下划线: 未设置
    标准颜色: 未设置
  运行 5: '产品'
    字体: 未设置
    大小: 未设置
    粗体: 未设置
    斜体: 未设置
    下划线: 未设置
    标准颜色: 未设置
  运行 6: '的销售压力巨大'
    字体: 未设置
    大小: 未设置
    粗体: 未设置
    斜体: 未设置
    下划线: 未设置
    标准颜色: 未设置
  运行 7: '，'
    字体: 未设置
    大小: 未设置
    粗体: 未设置
    斜体: 未设置
    下划线: 未设置
    标准颜色: 未设置
  运行 8: '各厂商'
    字体: 未设置
    大小: 未设置
    粗体: 未设置
    斜体: 未设置
    下划线: 未设置
    标准颜色: 未设置
  运行 9: '为了'
    字体: 未设置
    大小: 未设置
    粗体: 未设置
    斜体: 未设置
    下划线: 未设置
    标准颜色: 未设置
  运行 10: '将设备'
    字体: 未设置
    大小: 未设置
    粗体: 未设置
    斜体: 未设置
    下划线: 未设置
    标准颜色: 未设置
  运行 11: '卖给'
    字体: 未设置
    大小: 未设置
    粗体: 未设置
    斜体: 未设置
    下划线: 未设置
    标准颜色: 未设置
  运行 12: '医疗机构'
    字体: 未设置
    大小: 未设置
    粗体: 未设置
    斜体: 未设置
    下划线: 未设置
    标准颜色: 未设置
  运行 13: '，会采取各种定价策略，包括低价、折扣等。这种竞争'
    字体: 未设置
    大小: 未设置
    粗体: 未设置
    斜体: 未设置
    下划线: 未设置
    标准颜色: 未设置
  运行 14: '必然'
    字体: 未设置
    大小: 未设置
    粗体: 未设置
    斜体: 未设置
    下划线: 未设置
    标准颜色: 未设置
  运行 15: '导致定价的不稳定性，'
    字体: 未设置
    大小: 未设置
    粗体: 未设置
    斜体: 未设置
    下划线: 未设置
    标准颜色: 未设置
  运行 16: '压缩利润空间，'
    字体: 未设置
    大小: 未设置
    粗体: 未设置
    斜体: 未设置
    下划线: 未设置
    标准颜色: 未设置
  运行 17: '使得'
    字体: 未设置
    大小: 未设置
    粗体: 未设置
    斜体: 未设置
    下划线: 未设置
    标准颜色: 未设置
  运行 18: '分销商不愿意做，只能总'
    字体: 未设置
    大小: 未设置
    粗体: 未设置
    斜体: 未设置
    下划线: 未设置
    标准颜色: 未设置
  运行 19: '代理商'
    字体: 未设置
    大小: 未设置
    粗体: 未设置
    斜体: 未设置
    下划线: 未设置
    标准颜色: 未设置
  运行 20: '自己直销'
    字体: 未设置
    大小: 未设置
    粗体: 未设置
    斜体: 未设置
    下划线: 未设置
    标准颜色: 未设置
  运行 21: '，造成营销渠道的不稳定。'
    字体: 未设置
    大小: 未设置
    粗体: 未设置
    斜体: 未设置
    下划线: 未设置
    标准颜色: 未设置

段落 858:
文本内容: 营销渠道不丰富。渠道在现代市场营销策略中扮演着关键角色，是公司和产品接触最终购买者、使用者，并与他们有效互动的重要途径，同时也是商业模式中不可或缺的一部分。涉及授权代理分销的问题，就会有制定年度分销任务量的问题。现在很多代理上都不要愿意签订类似的代理分销协议，更多的是愿意做报单制的代理商，导致营销渠道网络不发达。
段落样式: 正文-缩进
从样式获取的格式:
  样式字体: 未设置
  样式字号: 未设置
  样式颜色: 未设置
对齐方式: 未设置
左缩进: 未设置
右缩进: 未设置
首行缩进: 未设置
行间距: 未设置
从XML读取的格式:
  运行 1: '营销'
    字体: 未设置
    大小: 未设置
    粗体: 未设置
    斜体: 未设置
    下划线: 未设置
    标准颜色: 未设置
  运行 2: '渠道'
    字体: 未设置
    大小: 未设置
    粗体: 未设置
    斜体: 未设置
    下划线: 未设置
    标准颜色: 未设置
  运行 3: '不丰富'
    字体: 未设置
    大小: 未设置
    粗体: 未设置
    斜体: 未设置
    下划线: 未设置
    标准颜色: 未设置
  运行 4: '。'
    字体: 未设置
    大小: 未设置
    粗体: 未设置
    斜体: 未设置
    下划线: 未设置
    标准颜色: 未设置
  运行 5: '渠道在现代市场营销策略中扮演着关键角色，是公司和产品接触最终购买者、使用者，并与他们有效互动的重要途径，同时也是商业模式中不可或缺的一部分。'
    字体: 未设置
    大小: 未设置
    粗体: 未设置
    斜体: 未设置
    下划线: 未设置
    标准颜色: 未设置
  运行 6: '涉及授权代理分销的问题，就会有制定年度分销任务量的问题'
    字体: 未设置
    大小: 未设置
    粗体: 未设置
    斜体: 未设置
    下划线: 未设置
    标准颜色: 未设置
  运行 7: '。'
    字体: 未设置
    大小: 未设置
    粗体: 未设置
    斜体: 未设置
    下划线: 未设置
    标准颜色: 未设置
  运行 8: '现在很多代理上都不要愿意签订类似的代理分销协议'
    字体: 未设置
    大小: 未设置
    粗体: 未设置
    斜体: 未设置
    下划线: 未设置
    标准颜色: 未设置
  运行 9: '，'
    字体: 未设置
    大小: 未设置
    粗体: 未设置
    斜体: 未设置
    下划线: 未设置
    标准颜色: 未设置
  运行 10: '更多的是愿意做报单制的代理商'
    字体: 未设置
    大小: 未设置
    粗体: 未设置
    斜体: 未设置
    下划线: 未设置
    标准颜色: 未设置
  运行 11: '，导致营销渠道网络不发达。'
    字体: 未设置
    大小: 未设置
    粗体: 未设置
    斜体: 未设置
    下划线: 未设置
    标准颜色: 未设置

段落 859:
文本内容: Y公司想要在未来的竞争市场占据一席之地，必须通过发展具有行业和区域资源的代理商来建立营销渠道。这种模式使得公司在销售人力不足的情况下，更快的对目标区域完成高频的拜访覆盖。区域代理商也在协议规定的范围内可以自主发展具有区域和行业特色的营销策略。
段落样式: 正文-缩进
从样式获取的格式:
  样式字体: 未设置
  样式字号: 未设置
  样式颜色: 未设置
对齐方式: 未设置
左缩进: 未设置
右缩进: 未设置
首行缩进: 未设置
行间距: 未设置
从XML读取的格式:
  运行 1: 'Y'
    字体: 未设置
    大小: 未设置
    粗体: 未设置
    斜体: 未设置
    下划线: 未设置
    标准颜色: 未设置
  运行 2: '公司'
    字体: 未设置
    大小: 未设置
    粗体: 未设置
    斜体: 未设置
    下划线: 未设置
    标准颜色: 未设置
  运行 3: '想要在未来的竞争市场占据一席之地，必须'
    字体: 未设置
    大小: 未设置
    粗体: 未设置
    斜体: 未设置
    下划线: 未设置
    标准颜色: 未设置
  运行 4: '通过发展具有行业和区域资'
    字体: 未设置
    大小: 未设置
    粗体: 未设置
    斜体: 未设置
    下划线: 未设置
    标准颜色: 未设置
  运行 5: '源的代理商来建立营销渠道'
    字体: 未设置
    大小: 未设置
    粗体: 未设置
    斜体: 未设置
    下划线: 未设置
    标准颜色: 未设置
  运行 6: '。'
    字体: 未设置
    大小: 未设置
    粗体: 未设置
    斜体: 未设置
    下划线: 未设置
    标准颜色: 未设置
  运行 7: '这种模式使得公司在销售'
    字体: 未设置
    大小: 未设置
    粗体: 未设置
    斜体: 未设置
    下划线: 未设置
    标准颜色: 未设置
  运行 8: '人力不足的情况下，更快的对目标区域完成高频的拜访覆盖。区域'
    字体: 未设置
    大小: 未设置
    粗体: 未设置
    斜体: 未设置
    下划线: 未设置
    标准颜色: 未设置
  运行 9: '代理商'
    字体: 未设置
    大小: 未设置
    粗体: 未设置
    斜体: 未设置
    下划线: 未设置
    标准颜色: 未设置
  运行 10: '也'
    字体: 未设置
    大小: 未设置
    粗体: 未设置
    斜体: 未设置
    下划线: 未设置
    标准颜色: 未设置
  运行 11: '在协议规定的范围内可以自主发展具有区域和行业特色的营销策略。'
    字体: 未设置
    大小: 未设置
    粗体: 未设置
    斜体: 未设置
    下划线: 未设置
    标准颜色: 未设置

段落 860:
文本内容: 缺少专业人才
段落样式: Heading 3
从样式获取的格式:
  样式字体: 未设置
  样式字号: 未设置
  样式颜色: 未设置
对齐方式: 未设置
左缩进: 未设置
右缩进: 未设置
首行缩进: 未设置
行间距: 未设置
从XML读取的格式:
  运行 1: '缺少专业人才'
    字体: 未设置
    大小: 未设置
    粗体: 未设置
    斜体: 未设置
    下划线: 未设置
    标准颜色: 未设置
  运行 2: ''
    字体: 未设置
    大小: 未设置
    粗体: 未设置
    斜体: 未设置
    下划线: 未设置
    标准颜色: 未设置
  运行 3: ''
    字体: 未设置
    大小: 未设置
    粗体: 未设置
    斜体: 未设置
    下划线: 未设置
    标准颜色: 未设置
  运行 4: ''
    字体: 未设置
    大小: 未设置
    粗体: 未设置
    斜体: 未设置
    下划线: 未设置
    标准颜色: 未设置
  运行 5: ''
    字体: 未设置
    大小: 未设置
    粗体: 未设置
    斜体: 未设置
    下划线: 未设置
    标准颜色: 未设置
  运行 6: ''
    字体: 未设置
    大小: 未设置
    粗体: 未设置
    斜体: 未设置
    下划线: 未设置
    标准颜色: 未设置
  运行 7: ''
    字体: 未设置
    大小: 未设置
    粗体: 未设置
    斜体: 未设置
    下划线: 未设置
    标准颜色: 未设置
  运行 8: ''
    字体: 未设置
    大小: 未设置
    粗体: 未设置
    斜体: 未设置
    下划线: 未设置
    标准颜色: 未设置
  运行 9: ''
    字体: 未设置
    大小: 未设置
    粗体: 未设置
    斜体: 未设置
    下划线: 未设置
    标准颜色: 未设置
  运行 10: ''
    字体: 未设置
    大小: 未设置
    粗体: 未设置
    斜体: 未设置
    下划线: 未设置
    标准颜色: 未设置

段落 861:
文本内容: Y公司现有86名员工，其中研究生学历3人，占3%；本科学历32人，占37%；大专学历47人，占55%；平均年龄36岁，中位数33岁。其中医药相关专业毕业的11人，占总人数的12.79%。市场部人员11人，其中两名是负责广告设计相关工作，实际可以出差进行临床应用推广的人员只有9个，占公司员工的10%左右。从数据上可以看出，公司对于员工的专业性不够重视。
段落样式: 正文-缩进
从样式获取的格式:
  样式字体: 未设置
  样式字号: 未设置
  样式颜色: 未设置
对齐方式: 未设置
左缩进: 未设置
右缩进: 未设置
首行缩进: 未设置
行间距: 未设置
从XML读取的格式:
  运行 1: 'Y'
    字体: 未设置
    大小: 未设置
    粗体: 未设置
    斜体: 未设置
    下划线: 未设置
    标准颜色: 未设置
  运行 2: '公司现有'
    字体: 未设置
    大小: 未设置
    粗体: 未设置
    斜体: 未设置
    下划线: 未设置
    标准颜色: 未设置
  运行 3: '86'
    字体: 未设置
    大小: 未设置
    粗体: 未设置
    斜体: 未设置
    下划线: 未设置
    标准颜色: 未设置
  运行 4: '名员工，其中'
    字体: 未设置
    大小: 未设置
    粗体: 未设置
    斜体: 未设置
    下划线: 未设置
    标准颜色: 未设置
  运行 5: '研究生学历'
    字体: 未设置
    大小: 未设置
    粗体: 未设置
    斜体: 未设置
    下划线: 未设置
    标准颜色: 未设置
  运行 6: '3'
    字体: 未设置
    大小: 未设置
    粗体: 未设置
    斜体: 未设置
    下划线: 未设置
    标准颜色: 未设置
  运行 7: '人，占'
    字体: 未设置
    大小: 未设置
    粗体: 未设置
    斜体: 未设置
    下划线: 未设置
    标准颜色: 未设置
  运行 8: '3%'
    字体: 未设置
    大小: 未设置
    粗体: 未设置
    斜体: 未设置
    下划线: 未设置
    标准颜色: 未设置
  运行 9: '；本科学历'
    字体: 未设置
    大小: 未设置
    粗体: 未设置
    斜体: 未设置
    下划线: 未设置
    标准颜色: 未设置
  运行 10: '32'
    字体: 未设置
    大小: 未设置
    粗体: 未设置
    斜体: 未设置
    下划线: 未设置
    标准颜色: 未设置
  运行 11: '人，占'
    字体: 未设置
    大小: 未设置
    粗体: 未设置
    斜体: 未设置
    下划线: 未设置
    标准颜色: 未设置
  运行 12: '37%'
    字体: 未设置
    大小: 未设置
    粗体: 未设置
    斜体: 未设置
    下划线: 未设置
    标准颜色: 未设置
  运行 13: '；大专学历'
    字体: 未设置
    大小: 未设置
    粗体: 未设置
    斜体: 未设置
    下划线: 未设置
    标准颜色: 未设置
  运行 14: '47'
    字体: 未设置
    大小: 未设置
    粗体: 未设置
    斜体: 未设置
    下划线: 未设置
    标准颜色: 未设置
  运行 15: '人，占'
    字体: 未设置
    大小: 未设置
    粗体: 未设置
    斜体: 未设置
    下划线: 未设置
    标准颜色: 未设置
  运行 16: '55%'
    字体: 未设置
    大小: 未设置
    粗体: 未设置
    斜体: 未设置
    下划线: 未设置
    标准颜色: 未设置
  运行 17: '；平均年龄'
    字体: 未设置
    大小: 未设置
    粗体: 未设置
    斜体: 未设置
    下划线: 未设置
    标准颜色: 未设置
  运行 18: '36'
    字体: 未设置
    大小: 未设置
    粗体: 未设置
    斜体: 未设置
    下划线: 未设置
    标准颜色: 未设置
  运行 19: '岁，中位数'
    字体: 未设置
    大小: 未设置
    粗体: 未设置
    斜体: 未设置
    下划线: 未设置
    标准颜色: 未设置
  运行 20: '33'
    字体: 未设置
    大小: 未设置
    粗体: 未设置
    斜体: 未设置
    下划线: 未设置
    标准颜色: 未设置
  运行 21: '岁。'
    字体: 未设置
    大小: 未设置
    粗体: 未设置
    斜体: 未设置
    下划线: 未设置
    标准颜色: 未设置
  运行 22: '其中医药相关专业毕业的'
    字体: 未设置
    大小: 未设置
    粗体: 未设置
    斜体: 未设置
    下划线: 未设置
    标准颜色: 未设置
  运行 23: '11'
    字体: 未设置
    大小: 未设置
    粗体: 未设置
    斜体: 未设置
    下划线: 未设置
    标准颜色: 未设置
  运行 24: '人，占总人数的'
    字体: 未设置
    大小: 未设置
    粗体: 未设置
    斜体: 未设置
    下划线: 未设置
    标准颜色: 未设置
  运行 25: '12.79%'
    字体: 未设置
    大小: 未设置
    粗体: 未设置
    斜体: 未设置
    下划线: 未设置
    标准颜色: 未设置
  运行 26: '。市场部人员'
    字体: 未设置
    大小: 未设置
    粗体: 未设置
    斜体: 未设置
    下划线: 未设置
    标准颜色: 未设置
  运行 27: '11'
    字体: 未设置
    大小: 未设置
    粗体: 未设置
    斜体: 未设置
    下划线: 未设置
    标准颜色: 未设置
  运行 28: '人，其中两名是负责广告设计相关工作，实际可以出差进行临床应用推广的人员只有'
    字体: 未设置
    大小: 未设置
    粗体: 未设置
    斜体: 未设置
    下划线: 未设置
    标准颜色: 未设置
  运行 29: '9'
    字体: 未设置
    大小: 未设置
    粗体: 未设置
    斜体: 未设置
    下划线: 未设置
    标准颜色: 未设置
  运行 30: '个，占公司员工的'
    字体: 未设置
    大小: 未设置
    粗体: 未设置
    斜体: 未设置
    下划线: 未设置
    标准颜色: 未设置
  运行 31: '10%'
    字体: 未设置
    大小: 未设置
    粗体: 未设置
    斜体: 未设置
    下划线: 未设置
    标准颜色: 未设置
  运行 32: '左右。从数据上可以看出，公司对于员工的专业性不够重视。'
    字体: 未设置
    大小: 未设置
    粗体: 未设置
    斜体: 未设置
    下划线: 未设置
    标准颜色: 未设置

段落 862:
文本内容: Y公司对于市场的投入一直是持支持态度，每年的市场费用占公司营业额的3%左右。但对于市场部的员工和一线销售的员基本待遇一般，导致招不到眼科行业内有经验的人才，只能招到新手自己慢慢培养。随着国内许多创新企业的崛起，他们更需要专业人才，经常通过猎头到处挖人。Y公司慢慢培养起来优秀的员工，往往就成为猎头的目标。待遇不高是造成专业人才流失的主要原因。
段落样式: 正文-缩进
从样式获取的格式:
  样式字体: 未设置
  样式字号: 未设置
  样式颜色: 未设置
对齐方式: 未设置
左缩进: 未设置
右缩进: 未设置
首行缩进: 未设置
行间距: 未设置
从XML读取的格式:
  运行 1: 'Y'
    字体: 未设置
    大小: 未设置
    粗体: 未设置
    斜体: 未设置
    下划线: 未设置
    标准颜色: 未设置
  运行 2: '公司对于市场的投入一直是持支持态度，每年的市场费用占公司营业额的'
    字体: 未设置
    大小: 未设置
    粗体: 未设置
    斜体: 未设置
    下划线: 未设置
    标准颜色: 未设置
  运行 3: '3'
    字体: 未设置
    大小: 未设置
    粗体: 未设置
    斜体: 未设置
    下划线: 未设置
    标准颜色: 未设置
  运行 4: '%'
    字体: 未设置
    大小: 未设置
    粗体: 未设置
    斜体: 未设置
    下划线: 未设置
    标准颜色: 未设置
  运行 5: '左右。但对于市场部的员工和一线销售的员基本待遇一般，导致招不到眼科行业内'
    字体: 未设置
    大小: 未设置
    粗体: 未设置
    斜体: 未设置
    下划线: 未设置
    标准颜色: 未设置
  运行 6: '有经验的人才'
    字体: 未设置
    大小: 未设置
    粗体: 未设置
    斜体: 未设置
    下划线: 未设置
    标准颜色: 未设置
  运行 7: '，只能招到新手自己慢慢培养。随着国内'
    字体: 未设置
    大小: 未设置
    粗体: 未设置
    斜体: 未设置
    下划线: 未设置
    标准颜色: 未设置
  运行 8: '许多'
    字体: 未设置
    大小: 未设置
    粗体: 未设置
    斜体: 未设置
    下划线: 未设置
    标准颜色: 未设置
  运行 9: '创新企业的崛起，他们更需要专业人才，'
    字体: 未设置
    大小: 未设置
    粗体: 未设置
    斜体: 未设置
    下划线: 未设置
    标准颜色: 未设置
  运行 10: '经常'
    字体: 未设置
    大小: 未设置
    粗体: 未设置
    斜体: 未设置
    下划线: 未设置
    标准颜色: 未设置
  运行 11: '通过猎头到处挖人。'
    字体: 未设置
    大小: 未设置
    粗体: 未设置
    斜体: 未设置
    下划线: 未设置
    标准颜色: 未设置
  运行 12: 'Y'
    字体: 未设置
    大小: 未设置
    粗体: 未设置
    斜体: 未设置
    下划线: 未设置
    标准颜色: 未设置
  运行 13: '公司慢慢培养起来优秀的员工，往往就成为猎头的目标。待遇不高是造成专业人才流失的'
    字体: 未设置
    大小: 未设置
    粗体: 未设置
    斜体: 未设置
    下划线: 未设置
    标准颜色: 未设置
  运行 14: '主要'
    字体: 未设置
    大小: 未设置
    粗体: 未设置
    斜体: 未设置
    下划线: 未设置
    标准颜色: 未设置
  运行 15: '原因。'
    字体: 未设置
    大小: 未设置
    粗体: 未设置
    斜体: 未设置
    下划线: 未设置
    标准颜色: 未设置

段落 863:
文本内容: Y公司应该在提高待遇的同时，提高对一线员工综合素质的要求，才能保持销售队伍团结稳定。同时加强日常行为规范的要求，以及对产品知识、销售技巧、团队合作等方面素质的考核，才能给客户满意的体验，使得Y公司保持持续发展。
段落样式: 正文-缩进
从样式获取的格式:
  样式字体: 未设置
  样式字号: 未设置
  样式颜色: 未设置
对齐方式: 未设置
左缩进: 未设置
右缩进: 未设置
首行缩进: 未设置
行间距: 未设置
从XML读取的格式:
  运行 1: 'Y'
    字体: 未设置
    大小: 未设置
    粗体: 未设置
    斜体: 未设置
    下划线: 未设置
    标准颜色: 未设置
  运行 2: '公司应该'
    字体: 未设置
    大小: 未设置
    粗体: 未设置
    斜体: 未设置
    下划线: 未设置
    标准颜色: 未设置
  运行 3: '在'
    字体: 未设置
    大小: 未设置
    粗体: 未设置
    斜体: 未设置
    下划线: 未设置
    标准颜色: 未设置
  运行 4: '提高待遇'
    字体: 未设置
    大小: 未设置
    粗体: 未设置
    斜体: 未设置
    下划线: 未设置
    标准颜色: 未设置
  运行 5: '的同时'
    字体: 未设置
    大小: 未设置
    粗体: 未设置
    斜体: 未设置
    下划线: 未设置
    标准颜色: 未设置
  运行 6: '，'
    字体: 未设置
    大小: 未设置
    粗体: 未设置
    斜体: 未设置
    下划线: 未设置
    标准颜色: 未设置
  运行 7: '提高对一线员工综合素质的要求，'
    字体: 未设置
    大小: 未设置
    粗体: 未设置
    斜体: 未设置
    下划线: 未设置
    标准颜色: 未设置
  运行 8: '才能保持销售队伍'
    字体: 未设置
    大小: 未设置
    粗体: 未设置
    斜体: 未设置
    下划线: 未设置
    标准颜色: 未设置
  运行 9: '团结'
    字体: 未设置
    大小: 未设置
    粗体: 未设置
    斜体: 未设置
    下划线: 未设置
    标准颜色: 未设置
  运行 10: '稳定。'
    字体: 未设置
    大小: 未设置
    粗体: 未设置
    斜体: 未设置
    下划线: 未设置
    标准颜色: 未设置
  运行 11: '同时加强日常行为规范的要求，以及对产品知识、销售技巧、团队合作等方面素质的考核，才能给'
    字体: 未设置
    大小: 未设置
    粗体: 未设置
    斜体: 未设置
    下划线: 未设置
    标准颜色: 未设置
  运行 12: '客户满意的体验，使得'
    字体: 未设置
    大小: 未设置
    粗体: 未设置
    斜体: 未设置
    下划线: 未设置
    标准颜色: 未设置
  运行 13: 'Y'
    字体: 未设置
    大小: 未设置
    粗体: 未设置
    斜体: 未设置
    下划线: 未设置
    标准颜色: 未设置
  运行 14: '公司保持持续发展。'
    字体: 未设置
    大小: 未设置
    粗体: 未设置
    斜体: 未设置
    下划线: 未设置
    标准颜色: 未设置

段落 864:
文本内容: 缺乏管理制度
段落样式: Heading 3
从样式获取的格式:
  样式字体: 未设置
  样式字号: 未设置
  样式颜色: 未设置
对齐方式: 未设置
左缩进: 未设置
右缩进: 未设置
首行缩进: 未设置
行间距: 未设置
从XML读取的格式:
  运行 1: '缺乏管理制度'
    字体: 未设置
    大小: 未设置
    粗体: 未设置
    斜体: 未设置
    下划线: 未设置
    标准颜色: 未设置
  运行 2: ''
    字体: 未设置
    大小: 未设置
    粗体: 未设置
    斜体: 未设置
    下划线: 未设置
    标准颜色: 未设置
  运行 3: ''
    字体: 未设置
    大小: 未设置
    粗体: 未设置
    斜体: 未设置
    下划线: 未设置
    标准颜色: 未设置
  运行 4: ''
    字体: 未设置
    大小: 未设置
    粗体: 未设置
    斜体: 未设置
    下划线: 未设置
    标准颜色: 未设置
  运行 5: ''
    字体: 未设置
    大小: 未设置
    粗体: 未设置
    斜体: 未设置
    下划线: 未设置
    标准颜色: 未设置
  运行 6: ''
    字体: 未设置
    大小: 未设置
    粗体: 未设置
    斜体: 未设置
    下划线: 未设置
    标准颜色: 未设置
  运行 7: ''
    字体: 未设置
    大小: 未设置
    粗体: 未设置
    斜体: 未设置
    下划线: 未设置
    标准颜色: 未设置
  运行 8: ''
    字体: 未设置
    大小: 未设置
    粗体: 未设置
    斜体: 未设置
    下划线: 未设置
    标准颜色: 未设置
  运行 9: ''
    字体: 未设置
    大小: 未设置
    粗体: 未设置
    斜体: 未设置
    下划线: 未设置
    标准颜色: 未设置
  运行 10: ''
    字体: 未设置
    大小: 未设置
    粗体: 未设置
    斜体: 未设置
    下划线: 未设置
    标准颜色: 未设置

段落 865:
文本内容: 管理制度缺失的影响。决策随意性：在没有明确的管理制度指导下，企业的定价决策往往依赖于个别管理者或团队的直觉和经验，导致设备借用和试用的决策缺乏系统性和科学性，容易出现随意性和偏差；内部沟通不畅：缺乏规范的管理制度意味着企业内部的决策流程不清晰，各省区部门之间难以有效沟通和协作。员工行为不规范：例如差旅报销、会议报销、出差申请等，有的同事一年才做一次报销，给财务记账带来很多麻烦。
段落样式: 正文-缩进
从样式获取的格式:
  样式字体: 未设置
  样式字号: 未设置
  样式颜色: 未设置
对齐方式: 未设置
左缩进: 未设置
右缩进: 未设置
首行缩进: 未设置
行间距: 未设置
从XML读取的格式:
  运行 1: '管理制度缺失的影响'
    字体: 未设置
    大小: 未设置
    粗体: 未设置
    斜体: 未设置
    下划线: 未设置
    标准颜色: 未设置
  运行 2: '。'
    字体: 未设置
    大小: 未设置
    粗体: 未设置
    斜体: 未设置
    下划线: 未设置
    标准颜色: 未设置
  运行 3: '决策随意性'
    字体: 未设置
    大小: 未设置
    粗体: 未设置
    斜体: 未设置
    下划线: 未设置
    标准颜色: 未设置
  运行 4: '：'
    字体: 未设置
    大小: 未设置
    粗体: 未设置
    斜体: 未设置
    下划线: 未设置
    标准颜色: 未设置
  运行 5: '在没有明确的管理制度指导下，企业的定价决策往往依赖于个别管理者或团队的直觉和经验，导致'
    字体: 未设置
    大小: 未设置
    粗体: 未设置
    斜体: 未设置
    下划线: 未设置
    标准颜色: 未设置
  运行 6: '设备借用和试用的'
    字体: 未设置
    大小: 未设置
    粗体: 未设置
    斜体: 未设置
    下划线: 未设置
    标准颜色: 未设置
  运行 7: '决策缺乏系统性和科学性，容易出现随意性和偏差'
    字体: 未设置
    大小: 未设置
    粗体: 未设置
    斜体: 未设置
    下划线: 未设置
    标准颜色: 未设置
  运行 8: '；'
    字体: 未设置
    大小: 未设置
    粗体: 未设置
    斜体: 未设置
    下划线: 未设置
    标准颜色: 未设置
  运行 9: '内部沟通不畅'
    字体: 未设置
    大小: 未设置
    粗体: 未设置
    斜体: 未设置
    下划线: 未设置
    标准颜色: 未设置
  运行 10: '：'
    字体: 未设置
    大小: 未设置
    粗体: 未设置
    斜体: 未设置
    下划线: 未设置
    标准颜色: 未设置
  运行 11: '缺乏规范的管理制度意味着企业内部的决策流程不清晰，各'
    字体: 未设置
    大小: 未设置
    粗体: 未设置
    斜体: 未设置
    下划线: 未设置
    标准颜色: 未设置
  运行 12: '省区'
    字体: 未设置
    大小: 未设置
    粗体: 未设置
    斜体: 未设置
    下划线: 未设置
    标准颜色: 未设置
  运行 13: '部门之间难以有效沟通和协作。员工行为'
    字体: 未设置
    大小: 未设置
    粗体: 未设置
    斜体: 未设置
    下划线: 未设置
    标准颜色: 未设置
  运行 14: '不'
    字体: 未设置
    大小: 未设置
    粗体: 未设置
    斜体: 未设置
    下划线: 未设置
    标准颜色: 未设置
  运行 15: '规范'
    字体: 未设置
    大小: 未设置
    粗体: 未设置
    斜体: 未设置
    下划线: 未设置
    标准颜色: 未设置
  运行 16: '：例如'
    字体: 未设置
    大小: 未设置
    粗体: 未设置
    斜体: 未设置
    下划线: 未设置
    标准颜色: 未设置
  运行 17: '差旅报销、会议报销、出差申请等，有的同事一年才做一次报销，给财务记账带来很多麻烦。'
    字体: 未设置
    大小: 未设置
    粗体: 未设置
    斜体: 未设置
    下划线: 未设置
    标准颜色: 未设置

段落 866:
文本内容: 设备试用效率低下。没有规范的试用审批流程，经常出现各省区经理、销售经理、仓库管理员来回沟通很久也无法解决样机借用的问题；没有规范的流程，经常出现撤回的设备配件丢失。不规范的流程可能导致责任不清，设备配件数量统计错误、信息传递失误等问题，给公司带来经济损失；客户满意度下降，没有规范的试用流程，经常会遇到，设备到了医院很久都没工程师去安装，即使安装完了也没市场部人员进行培训跟机，讲解临床应用，降低客户满意度和忠诚度。
段落样式: 正文-缩进
从样式获取的格式:
  样式字体: 未设置
  样式字号: 未设置
  样式颜色: 未设置
对齐方式: 未设置
左缩进: 未设置
右缩进: 未设置
首行缩进: 未设置
行间距: 未设置
从XML读取的格式:
  运行 1: '设备试用'
    字体: 未设置
    大小: 未设置
    粗体: 未设置
    斜体: 未设置
    下划线: 未设置
    标准颜色: 未设置
  运行 2: '效率低下'
    字体: 未设置
    大小: 未设置
    粗体: 未设置
    斜体: 未设置
    下划线: 未设置
    标准颜色: 未设置
  运行 3: '。'
    字体: 未设置
    大小: 未设置
    粗体: 未设置
    斜体: 未设置
    下划线: 未设置
    标准颜色: 未设置
  运行 4: '没有规范的试用审批流程，经常出现各省区经理、销售经理、仓库管理员来回沟通很久也无法解决样机借用的问题'
    字体: 未设置
    大小: 未设置
    粗体: 未设置
    斜体: 未设置
    下划线: 未设置
    标准颜色: 未设置
  运行 5: '；'
    字体: 未设置
    大小: 未设置
    粗体: 未设置
    斜体: 未设置
    下划线: 未设置
    标准颜色: 未设置
  运行 6: '没有规范的流程，经常出现撤回的设备配件丢失'
    字体: 未设置
    大小: 未设置
    粗体: 未设置
    斜体: 未设置
    下划线: 未设置
    标准颜色: 未设置
  运行 7: '。'
    字体: 未设置
    大小: 未设置
    粗体: 未设置
    斜体: 未设置
    下划线: 未设置
    标准颜色: 未设置
  运行 8: '不规范的流程可能导致'
    字体: 未设置
    大小: 未设置
    粗体: 未设置
    斜体: 未设置
    下划线: 未设置
    标准颜色: 未设置
  运行 9: '责任不清，设备配件数量统计'
    字体: 未设置
    大小: 未设置
    粗体: 未设置
    斜体: 未设置
    下划线: 未设置
    标准颜色: 未设置
  运行 10: '错误、信息传递失误等问题，给'
    字体: 未设置
    大小: 未设置
    粗体: 未设置
    斜体: 未设置
    下划线: 未设置
    标准颜色: 未设置
  运行 11: '公司'
    字体: 未设置
    大小: 未设置
    粗体: 未设置
    斜体: 未设置
    下划线: 未设置
    标准颜色: 未设置
  运行 12: '带来经济损失'
    字体: 未设置
    大小: 未设置
    粗体: 未设置
    斜体: 未设置
    下划线: 未设置
    标准颜色: 未设置
  运行 13: '；'
    字体: 未设置
    大小: 未设置
    粗体: 未设置
    斜体: 未设置
    下划线: 未设置
    标准颜色: 未设置
  运行 14: '客户满意度下降'
    字体: 未设置
    大小: 未设置
    粗体: 未设置
    斜体: 未设置
    下划线: 未设置
    标准颜色: 未设置
  运行 15: '，'
    字体: 未设置
    大小: 未设置
    粗体: 未设置
    斜体: 未设置
    下划线: 未设置
    标准颜色: 未设置
  运行 16: '没有规范的试'
    字体: 未设置
    大小: 未设置
    粗体: 未设置
    斜体: 未设置
    下划线: 未设置
    标准颜色: 未设置
  运行 17: '用流程，经常会'
    字体: 未设置
    大小: 未设置
    粗体: 未设置
    斜体: 未设置
    下划线: 未设置
    标准颜色: 未设置
  运行 18: '遇到，'
    字体: 未设置
    大小: 未设置
    粗体: 未设置
    斜体: 未设置
    下划线: 未设置
    标准颜色: 未设置
  运行 19: '设备到了医院很久都没工程师去安装'
    字体: 未设置
    大小: 未设置
    粗体: 未设置
    斜体: 未设置
    下划线: 未设置
    标准颜色: 未设置
  运行 20: '，'
    字体: 未设置
    大小: 未设置
    粗体: 未设置
    斜体: 未设置
    下划线: 未设置
    标准颜色: 未设置
  运行 21: '即使安装完了也没市场部人员进行培训跟机，讲解临床应用，'
    字体: 未设置
    大小: 未设置
    粗体: 未设置
    斜体: 未设置
    下划线: 未设置
    标准颜色: 未设置
  运行 22: '降低客户满意度和忠诚度。'
    字体: 未设置
    大小: 未设置
    粗体: 未设置
    斜体: 未设置
    下划线: 未设置
    标准颜色: 未设置

段落 867:
文本内容: 第五章　Y公司市场营销策略优化
段落样式: Heading 1
从样式获取的格式:
  样式字体: 未设置
  样式字号: 190500
  样式字号(pt): 15.0
  样式颜色: 未设置
对齐方式: 未设置
左缩进: 未设置
右缩进: 未设置
首行缩进: 未设置
行间距: 未设置
从XML读取的格式:
  运行 1: '第五章'
    字体: 未设置
    大小: 未设置
    粗体: 未设置
    斜体: 未设置
    下划线: 未设置
    标准颜色: 未设置
  运行 2: '　'
    字体: 未设置
    大小: 未设置
    粗体: 未设置
    斜体: 未设置
    下划线: 未设置
    标准颜色: 未设置
  运行 3: 'Y'
    字体: 未设置
    大小: 未设置
    粗体: 未设置
    斜体: 未设置
    下划线: 未设置
    标准颜色: 未设置
  运行 4: '公司市场营销策略'
    字体: 未设置
    大小: 未设置
    粗体: 未设置
    斜体: 未设置
    下划线: 未设置
    标准颜色: 未设置
  运行 5: '优化'
    字体: 未设置
    大小: 未设置
    粗体: 未设置
    斜体: 未设置
    下划线: 未设置
    标准颜色: 未设置
  运行 6: ''
    字体: 未设置
    大小: 未设置
    粗体: 未设置
    斜体: 未设置
    下划线: 未设置
    标准颜色: 未设置
  运行 7: ''
    字体: 未设置
    大小: 未设置
    粗体: 未设置
    斜体: 未设置
    下划线: 未设置
    标准颜色: 未设置
  运行 8: ''
    字体: 未设置
    大小: 未设置
    粗体: 未设置
    斜体: 未设置
    下划线: 未设置
    标准颜色: 未设置
  运行 9: ''
    字体: 未设置
    大小: 未设置
    粗体: 未设置
    斜体: 未设置
    下划线: 未设置
    标准颜色: 未设置
  运行 10: ''
    字体: 未设置
    大小: 未设置
    粗体: 未设置
    斜体: 未设置
    下划线: 未设置
    标准颜色: 未设置
  运行 11: ''
    字体: 未设置
    大小: 未设置
    粗体: 未设置
    斜体: 未设置
    下划线: 未设置
    标准颜色: 未设置
  运行 12: ''
    字体: 未设置
    大小: 未设置
    粗体: 未设置
    斜体: 未设置
    下划线: 未设置
    标准颜色: 未设置
  运行 13: ''
    字体: 未设置
    大小: 未设置
    粗体: 未设置
    斜体: 未设置
    下划线: 未设置
    标准颜色: 未设置
  运行 14: ''
    字体: 未设置
    大小: 未设置
    粗体: 未设置
    斜体: 未设置
    下划线: 未设置
    标准颜色: 未设置

段落 868:
文本内容: 结合上文提到的Y公司存在的市场营销问题，以及公司实际运行的市场环境，公司应从产品、营销人员以及客户的角度进行分析，制定适合Y公司市场营销措施，才能真正的把握住市场机遇，改变业绩增长放缓的局面。大多数的眼科设备企业在研究和制定市场营销策略的时候，往往是从“产品”本身的角度出发，而忽视了“客户”对于产品以外的需求。正如学者杨玉奇所指出的，新医改的实施导致整个医药器械大环境发生了很大的变化，所以医疗器械相关企业需顺应市场变化，调整营销策略以实现持续发展。可以考虑引进和培养专业人才，优化产品定价策略，建立员工激励和考核体系，完善监督管理，加强品牌宣传。这些措施将推动企业向规模化、专业化和精细化方向发展，提升市场竞争力[]。
段落样式: 正文-缩进
从样式获取的格式:
  样式字体: 未设置
  样式字号: 未设置
  样式颜色: 未设置
对齐方式: 未设置
左缩进: 未设置
右缩进: 未设置
首行缩进: 未设置
行间距: 未设置
从XML读取的格式:
  运行 1: '结合上文提到的'
    字体: 未设置
    大小: 未设置
    粗体: 未设置
    斜体: 未设置
    下划线: 未设置
    标准颜色: 未设置
  运行 2: 'Y'
    字体: 未设置
    大小: 未设置
    粗体: 未设置
    斜体: 未设置
    下划线: 未设置
    标准颜色: 未设置
  运行 3: '公司存在的市场营销问题，以及公司实际运行的市场环境，'
    字体: 未设置
    大小: 未设置
    粗体: 未设置
    斜体: 未设置
    下划线: 未设置
    标准颜色: 未设置
  运行 4: '公司应'
    字体: 未设置
    大小: 未设置
    粗体: 未设置
    斜体: 未设置
    下划线: 未设置
    标准颜色: 未设置
  运行 5: '从产品、营销人员以及客户的角度进行分析，制定适合'
    字体: 未设置
    大小: 未设置
    粗体: 未设置
    斜体: 未设置
    下划线: 未设置
    标准颜色: 未设置
  运行 6: 'Y'
    字体: 未设置
    大小: 未设置
    粗体: 未设置
    斜体: 未设置
    下划线: 未设置
    标准颜色: 未设置
  运行 7: '公司市场营销措施，才能真正的把握住市场机遇，改变业绩增长放缓的局面。大多数的眼科设备企业在研究和制定市场营销策略的时候，往往是从“产品”本身的角度出发，而忽视了“客户”对于产品以外的需求。'
    字体: 未设置
    大小: 未设置
    粗体: 未设置
    斜体: 未设置
    下划线: 未设置
    标准颜色: 未设置
  运行 8: '正如学者杨玉奇所指出的，新医改的实施导致整个医药器械大环境发生了很大的变化，所以医疗器械相关企业'
    字体: 未设置
    大小: 未设置
    粗体: 未设置
    斜体: 未设置
    下划线: 未设置
    标准颜色: 未设置
  运行 9: '需顺应市场变化，调整营销策略以实现持续发展。'
    字体: 未设置
    大小: 未设置
    粗体: 未设置
    斜体: 未设置
    下划线: 未设置
    标准颜色: 未设置
  运行 10: '可以考虑'
    字体: 未设置
    大小: 未设置
    粗体: 未设置
    斜体: 未设置
    下划线: 未设置
    标准颜色: 未设置
  运行 11: '引进和培养专业人才，优化产品定价策略，建立员工激励和考核体系，完善监督管理，加强品牌宣传。这些措施将推动企业向规模化、专业化和精细化方向发展，提升市场竞争力'
    字体: 未设置
    大小: 未设置
    粗体: 未设置
    斜体: 未设置
    下划线: 未设置
    标准颜色: 未设置
  运行 12: '['
    字体: 未设置
    大小: 未设置
    粗体: 未设置
    斜体: 未设置
    下划线: 未设置
    标准颜色: 未设置
  运行 13: ''
    字体: 未设置
    大小: 未设置
    粗体: 未设置
    斜体: 未设置
    下划线: 未设置
    标准颜色: 未设置
  运行 14: ']'
    字体: 未设置
    大小: 未设置
    粗体: 未设置
    斜体: 未设置
    下划线: 未设置
    标准颜色: 未设置
  运行 15: '。'
    字体: 未设置
    大小: 未设置
    粗体: 未设置
    斜体: 未设置
    下划线: 未设置
    标准颜色: 未设置

段落 869:
文本内容: 本章根据7Ps理论，从产品、价格、渠道、促销、人员、有形展示和过程管理等7个角度来进行市场营销策略的策划；再根据4Cs理论，从消费者、成本、便利、沟通等四个方面进行市场营销策略的优化。这些方面兼顾了厂商的价值利益和服务性质，将“产品”价值和“客户”需求有机融合，从市场需求出发，营造市场口碑，产生市场效益，实现共赢。
段落样式: 正文-缩进
从样式获取的格式:
  样式字体: 未设置
  样式字号: 未设置
  样式颜色: 未设置
对齐方式: 未设置
左缩进: 未设置
右缩进: 未设置
首行缩进: 未设置
行间距: 未设置
从XML读取的格式:
  运行 1: '本章根据'
    字体: 未设置
    大小: 未设置
    粗体: 未设置
    斜体: 未设置
    下划线: 未设置
    标准颜色: 未设置
  运行 2: '7P'
    字体: 未设置
    大小: 未设置
    粗体: 未设置
    斜体: 未设置
    下划线: 未设置
    标准颜色: 未设置
  运行 3: 's'
    字体: 未设置
    大小: 未设置
    粗体: 未设置
    斜体: 未设置
    下划线: 未设置
    标准颜色: 未设置
  运行 4: '理论，从产品、价格、渠道、促销、人员、有'
    字体: 未设置
    大小: 未设置
    粗体: 未设置
    斜体: 未设置
    下划线: 未设置
    标准颜色: 未设置
  运行 5: '形'
    字体: 未设置
    大小: 未设置
    粗体: 未设置
    斜体: 未设置
    下划线: 未设置
    标准颜色: 未设置
  运行 6: '展示'
    字体: 未设置
    大小: 未设置
    粗体: 未设置
    斜体: 未设置
    下划线: 未设置
    标准颜色: 未设置
  运行 7: '和过程管理等'
    字体: 未设置
    大小: 未设置
    粗体: 未设置
    斜体: 未设置
    下划线: 未设置
    标准颜色: 未设置
  运行 8: '7'
    字体: 未设置
    大小: 未设置
    粗体: 未设置
    斜体: 未设置
    下划线: 未设置
    标准颜色: 未设置
  运行 9: '个角度来进行市场营销策略的策划；再根据'
    字体: 未设置
    大小: 未设置
    粗体: 未设置
    斜体: 未设置
    下划线: 未设置
    标准颜色: 未设置
  运行 10: '4'
    字体: 未设置
    大小: 未设置
    粗体: 未设置
    斜体: 未设置
    下划线: 未设置
    标准颜色: 未设置
  运行 11: 'C'
    字体: 未设置
    大小: 未设置
    粗体: 未设置
    斜体: 未设置
    下划线: 未设置
    标准颜色: 未设置
  运行 12: 's'
    字体: 未设置
    大小: 未设置
    粗体: 未设置
    斜体: 未设置
    下划线: 未设置
    标准颜色: 未设置
  运行 13: '理论，从消费者、成本、便利、沟通等四个方面进行市场营销策略的优化。这些方面兼顾了厂商的价值利益和服务性质，将“产品”价值和“客户”需求有机融合，从市场需求出发，营造市场口碑，产生市场效益，实现共赢。'
    字体: 未设置
    大小: 未设置
    粗体: 未设置
    斜体: 未设置
    下划线: 未设置
    标准颜色: 未设置

段落 870:
文本内容: 基于STP理论的策略优化
段落样式: Heading 2
从样式获取的格式:
  样式字体: 未设置
  样式字号: 177800
  样式字号(pt): 14.0
  样式颜色: 未设置
对齐方式: 未设置
左缩进: 未设置
右缩进: 未设置
首行缩进: 未设置
行间距: 未设置
从XML读取的格式:
  运行 1: '基于'
    字体: 未设置
    大小: 未设置
    粗体: 未设置
    斜体: 未设置
    下划线: 未设置
    标准颜色: 未设置
  运行 2: 'STP'
    字体: 未设置
    大小: 未设置
    粗体: 未设置
    斜体: 未设置
    下划线: 未设置
    标准颜色: 未设置
  运行 3: '理论的策略'
    字体: 未设置
    大小: 未设置
    粗体: 未设置
    斜体: 未设置
    下划线: 未设置
    标准颜色: 未设置
  运行 4: '优化'
    字体: 未设置
    大小: 未设置
    粗体: 未设置
    斜体: 未设置
    下划线: 未设置
    标准颜色: 未设置
  运行 5: ''
    字体: 未设置
    大小: 未设置
    粗体: 未设置
    斜体: 未设置
    下划线: 未设置
    标准颜色: 未设置
  运行 6: ''
    字体: 未设置
    大小: 未设置
    粗体: 未设置
    斜体: 未设置
    下划线: 未设置
    标准颜色: 未设置
  运行 7: ''
    字体: 未设置
    大小: 未设置
    粗体: 未设置
    斜体: 未设置
    下划线: 未设置
    标准颜色: 未设置
  运行 8: ''
    字体: 未设置
    大小: 未设置
    粗体: 未设置
    斜体: 未设置
    下划线: 未设置
    标准颜色: 未设置
  运行 9: ''
    字体: 未设置
    大小: 未设置
    粗体: 未设置
    斜体: 未设置
    下划线: 未设置
    标准颜色: 未设置
  运行 10: ''
    字体: 未设置
    大小: 未设置
    粗体: 未设置
    斜体: 未设置
    下划线: 未设置
    标准颜色: 未设置
  运行 11: ''
    字体: 未设置
    大小: 未设置
    粗体: 未设置
    斜体: 未设置
    下划线: 未设置
    标准颜色: 未设置
  运行 12: ''
    字体: 未设置
    大小: 未设置
    粗体: 未设置
    斜体: 未设置
    下划线: 未设置
    标准颜色: 未设置
  运行 13: ''
    字体: 未设置
    大小: 未设置
    粗体: 未设置
    斜体: 未设置
    下划线: 未设置
    标准颜色: 未设置
  运行 14: ''
    字体: 未设置
    大小: 未设置
    粗体: 未设置
    斜体: 未设置
    下划线: 未设置
    标准颜色: 未设置
  运行 15: ''
    字体: 未设置
    大小: 未设置
    粗体: 未设置
    斜体: 未设置
    下划线: 未设置
    标准颜色: 未设置
  运行 16: ''
    字体: 未设置
    大小: 未设置
    粗体: 未设置
    斜体: 未设置
    下划线: 未设置
    标准颜色: 未设置
  运行 17: ''
    字体: 未设置
    大小: 未设置
    粗体: 未设置
    斜体: 未设置
    下划线: 未设置
    标准颜色: 未设置
  运行 18: ''
    字体: 未设置
    大小: 未设置
    粗体: 未设置
    斜体: 未设置
    下划线: 未设置
    标准颜色: 未设置
  运行 19: ''
    字体: 未设置
    大小: 未设置
    粗体: 未设置
    斜体: 未设置
    下划线: 未设置
    标准颜色: 未设置
  运行 20: ''
    字体: 未设置
    大小: 未设置
    粗体: 未设置
    斜体: 未设置
    下划线: 未设置
    标准颜色: 未设置
  运行 21: ''
    字体: 未设置
    大小: 未设置
    粗体: 未设置
    斜体: 未设置
    下划线: 未设置
    标准颜色: 未设置
  运行 22: ''
    字体: 未设置
    大小: 未设置
    粗体: 未设置
    斜体: 未设置
    下划线: 未设置
    标准颜色: 未设置
  运行 23: ''
    字体: 未设置
    大小: 未设置
    粗体: 未设置
    斜体: 未设置
    下划线: 未设置
    标准颜色: 未设置
  运行 24: ''
    字体: 未设置
    大小: 未设置
    粗体: 未设置
    斜体: 未设置
    下划线: 未设置
    标准颜色: 未设置
  运行 25: ''
    字体: 未设置
    大小: 未设置
    粗体: 未设置
    斜体: 未设置
    下划线: 未设置
    标准颜色: 未设置
  运行 26: ''
    字体: 未设置
    大小: 未设置
    粗体: 未设置
    斜体: 未设置
    下划线: 未设置
    标准颜色: 未设置
  运行 27: ''
    字体: 未设置
    大小: 未设置
    粗体: 未设置
    斜体: 未设置
    下划线: 未设置
    标准颜色: 未设置
  运行 28: ''
    字体: 未设置
    大小: 未设置
    粗体: 未设置
    斜体: 未设置
    下划线: 未设置
    标准颜色: 未设置
  运行 29: ''
    字体: 未设置
    大小: 未设置
    粗体: 未设置
    斜体: 未设置
    下划线: 未设置
    标准颜色: 未设置
  运行 30: ''
    字体: 未设置
    大小: 未设置
    粗体: 未设置
    斜体: 未设置
    下划线: 未设置
    标准颜色: 未设置
  运行 31: ''
    字体: 未设置
    大小: 未设置
    粗体: 未设置
    斜体: 未设置
    下划线: 未设置
    标准颜色: 未设置
  运行 32: ''
    字体: 未设置
    大小: 未设置
    粗体: 未设置
    斜体: 未设置
    下划线: 未设置
    标准颜色: 未设置

段落 871:
文本内容: 市场细分
段落样式: Heading 3
从样式获取的格式:
  样式字体: 未设置
  样式字号: 未设置
  样式颜色: 未设置
对齐方式: 未设置
左缩进: 未设置
右缩进: 未设置
首行缩进: 未设置
行间距: 未设置
从XML读取的格式:
  运行 1: '市场细分'
    字体: 未设置
    大小: 未设置
    粗体: 未设置
    斜体: 未设置
    下划线: 未设置
    标准颜色: 未设置
  运行 2: ''
    字体: 未设置
    大小: 未设置
    粗体: 未设置
    斜体: 未设置
    下划线: 未设置
    标准颜色: 未设置
  运行 3: ''
    字体: 未设置
    大小: 未设置
    粗体: 未设置
    斜体: 未设置
    下划线: 未设置
    标准颜色: 未设置
  运行 4: ''
    字体: 未设置
    大小: 未设置
    粗体: 未设置
    斜体: 未设置
    下划线: 未设置
    标准颜色: 未设置
  运行 5: ''
    字体: 未设置
    大小: 未设置
    粗体: 未设置
    斜体: 未设置
    下划线: 未设置
    标准颜色: 未设置
  运行 6: ''
    字体: 未设置
    大小: 未设置
    粗体: 未设置
    斜体: 未设置
    下划线: 未设置
    标准颜色: 未设置
  运行 7: ''
    字体: 未设置
    大小: 未设置
    粗体: 未设置
    斜体: 未设置
    下划线: 未设置
    标准颜色: 未设置
  运行 8: ''
    字体: 未设置
    大小: 未设置
    粗体: 未设置
    斜体: 未设置
    下划线: 未设置
    标准颜色: 未设置
  运行 9: ''
    字体: 未设置
    大小: 未设置
    粗体: 未设置
    斜体: 未设置
    下划线: 未设置
    标准颜色: 未设置
  运行 10: ''
    字体: 未设置
    大小: 未设置
    粗体: 未设置
    斜体: 未设置
    下划线: 未设置
    标准颜色: 未设置
  运行 11: ''
    字体: 未设置
    大小: 未设置
    粗体: 未设置
    斜体: 未设置
    下划线: 未设置
    标准颜色: 未设置
  运行 12: ''
    字体: 未设置
    大小: 未设置
    粗体: 未设置
    斜体: 未设置
    下划线: 未设置
    标准颜色: 未设置
  运行 13: ''
    字体: 未设置
    大小: 未设置
    粗体: 未设置
    斜体: 未设置
    下划线: 未设置
    标准颜色: 未设置
  运行 14: ''
    字体: 未设置
    大小: 未设置
    粗体: 未设置
    斜体: 未设置
    下划线: 未设置
    标准颜色: 未设置
  运行 15: ''
    字体: 未设置
    大小: 未设置
    粗体: 未设置
    斜体: 未设置
    下划线: 未设置
    标准颜色: 未设置
  运行 16: ''
    字体: 未设置
    大小: 未设置
    粗体: 未设置
    斜体: 未设置
    下划线: 未设置
    标准颜色: 未设置
  运行 17: ''
    字体: 未设置
    大小: 未设置
    粗体: 未设置
    斜体: 未设置
    下划线: 未设置
    标准颜色: 未设置
  运行 18: ''
    字体: 未设置
    大小: 未设置
    粗体: 未设置
    斜体: 未设置
    下划线: 未设置
    标准颜色: 未设置
  运行 19: ''
    字体: 未设置
    大小: 未设置
    粗体: 未设置
    斜体: 未设置
    下划线: 未设置
    标准颜色: 未设置
  运行 20: ''
    字体: 未设置
    大小: 未设置
    粗体: 未设置
    斜体: 未设置
    下划线: 未设置
    标准颜色: 未设置
  运行 21: ''
    字体: 未设置
    大小: 未设置
    粗体: 未设置
    斜体: 未设置
    下划线: 未设置
    标准颜色: 未设置
  运行 22: ''
    字体: 未设置
    大小: 未设置
    粗体: 未设置
    斜体: 未设置
    下划线: 未设置
    标准颜色: 未设置
  运行 23: ''
    字体: 未设置
    大小: 未设置
    粗体: 未设置
    斜体: 未设置
    下划线: 未设置
    标准颜色: 未设置
  运行 24: ''
    字体: 未设置
    大小: 未设置
    粗体: 未设置
    斜体: 未设置
    下划线: 未设置
    标准颜色: 未设置
  运行 25: ''
    字体: 未设置
    大小: 未设置
    粗体: 未设置
    斜体: 未设置
    下划线: 未设置
    标准颜色: 未设置
  运行 26: ''
    字体: 未设置
    大小: 未设置
    粗体: 未设置
    斜体: 未设置
    下划线: 未设置
    标准颜色: 未设置
  运行 27: ''
    字体: 未设置
    大小: 未设置
    粗体: 未设置
    斜体: 未设置
    下划线: 未设置
    标准颜色: 未设置
  运行 28: ''
    字体: 未设置
    大小: 未设置
    粗体: 未设置
    斜体: 未设置
    下划线: 未设置
    标准颜色: 未设置

段落 872:
文本内容: 对于眼科医疗市场而言，购买者相对固定，主要客户为不同级别的医院和诊所等医疗机构，及医疗相关部门。所以Y公司的市场细分，可以根据各省份的GDP以及常驻人口数量进行细分；同时可以结合《医院分级管理办法》等文件细分客户。考虑眼科市场的特殊性，本文根据GDP和医院等级进行细分，如图 5-1所示。
段落样式: 正文-缩进
从样式获取的格式:
  样式字体: 未设置
  样式字号: 未设置
  样式颜色: 未设置
对齐方式: 未设置
左缩进: 未设置
右缩进: 未设置
首行缩进: 未设置
行间距: 未设置
从XML读取的格式:
  运行 1: '对于眼科医疗市场而言，购买者相对固定，'
    字体: 未设置
    大小: 未设置
    粗体: 未设置
    斜体: 未设置
    下划线: 未设置
    标准颜色: 未设置
  运行 2: '主要客户为'
    字体: 未设置
    大小: 未设置
    粗体: 未设置
    斜体: 未设置
    下划线: 未设置
    标准颜色: 未设置
  运行 3: '不同级别的医院和诊所等医疗机构，及医疗相关部门。所以'
    字体: 未设置
    大小: 未设置
    粗体: 未设置
    斜体: 未设置
    下划线: 未设置
    标准颜色: 未设置
  运行 4: 'Y'
    字体: 未设置
    大小: 未设置
    粗体: 未设置
    斜体: 未设置
    下划线: 未设置
    标准颜色: 未设置
  运行 5: '公司的市场细分'
    字体: 未设置
    大小: 未设置
    粗体: 未设置
    斜体: 未设置
    下划线: 未设置
    标准颜色: 未设置
  运行 6: '，'
    字体: 未设置
    大小: 未设置
    粗体: 未设置
    斜体: 未设置
    下划线: 未设置
    标准颜色: 未设置
  运行 7: '可以根据各省份的'
    字体: 未设置
    大小: 未设置
    粗体: 未设置
    斜体: 未设置
    下划线: 未设置
    标准颜色: 未设置
  运行 8: 'GDP'
    字体: 未设置
    大小: 未设置
    粗体: 未设置
    斜体: 未设置
    下划线: 未设置
    标准颜色: 未设置
  运行 9: '以及常驻人口数量进行细分'
    字体: 未设置
    大小: 未设置
    粗体: 未设置
    斜体: 未设置
    下划线: 未设置
    标准颜色: 未设置
  运行 10: '；同时可以结合《'
    字体: 未设置
    大小: 未设置
    粗体: 未设置
    斜体: 未设置
    下划线: 未设置
    标准颜色: 未设置
  运行 11: '医院分级管理办法'
    字体: 未设置
    大小: 未设置
    粗体: 未设置
    斜体: 未设置
    下划线: 未设置
    标准颜色: 未设置
  运行 12: '》'
    字体: 未设置
    大小: 未设置
    粗体: 未设置
    斜体: 未设置
    下划线: 未设置
    标准颜色: 未设置
  运行 13: ''
    字体: 未设置
    大小: 未设置
    粗体: 未设置
    斜体: 未设置
    下划线: 未设置
    标准颜色: 未设置
  运行 14: '等文件细分客户'
    字体: 未设置
    大小: 未设置
    粗体: 未设置
    斜体: 未设置
    下划线: 未设置
    标准颜色: 未设置
  运行 15: '。'
    字体: 未设置
    大小: 未设置
    粗体: 未设置
    斜体: 未设置
    下划线: 未设置
    标准颜色: 未设置
  运行 16: '考虑眼科市场的特殊性，本文根据'
    字体: 未设置
    大小: 未设置
    粗体: 未设置
    斜体: 未设置
    下划线: 未设置
    标准颜色: 未设置
  运行 17: 'GDP'
    字体: 未设置
    大小: 未设置
    粗体: 未设置
    斜体: 未设置
    下划线: 未设置
    标准颜色: 未设置
  运行 18: '和医院等级进行细分'
    字体: 未设置
    大小: 未设置
    粗体: 未设置
    斜体: 未设置
    下划线: 未设置
    标准颜色: 未设置
  运行 19: '，'
    字体: 未设置
    大小: 未设置
    粗体: 未设置
    斜体: 未设置
    下划线: 未设置
    标准颜色: 未设置
  运行 20: '如'
    字体: 未设置
    大小: 未设置
    粗体: 未设置
    斜体: 未设置
    下划线: 未设置
    标准颜色: 未设置
  运行 21: ''
    字体: 未设置
    大小: 未设置
    粗体: 未设置
    斜体: 未设置
    下划线: 未设置
    标准颜色: 未设置
  运行 22: ''
    字体: 未设置
    大小: 未设置
    粗体: 未设置
    斜体: 未设置
    下划线: 未设置
    标准颜色: 未设置
  运行 23: ''
    字体: 未设置
    大小: 未设置
    粗体: 未设置
    斜体: 未设置
    下划线: 未设置
    标准颜色: 未设置
  运行 24: ''
    字体: 未设置
    大小: 未设置
    粗体: 未设置
    斜体: 未设置
    下划线: 未设置
    标准颜色: 未设置
  运行 25: ''
    字体: 未设置
    大小: 未设置
    粗体: 未设置
    斜体: 未设置
    下划线: 未设置
    标准颜色: 未设置
  运行 26: '图'
    字体: 未设置
    大小: 未设置
    粗体: 未设置
    斜体: 未设置
    下划线: 未设置
    标准颜色: 未设置
  运行 27: ' '
    字体: 未设置
    大小: 未设置
    粗体: 未设置
    斜体: 未设置
    下划线: 未设置
    标准颜色: 未设置
  运行 28: '5'
    字体: 未设置
    大小: 未设置
    粗体: 未设置
    斜体: 未设置
    下划线: 未设置
    标准颜色: 未设置
  运行 29: '-'
    字体: 未设置
    大小: 未设置
    粗体: 未设置
    斜体: 未设置
    下划线: 未设置
    标准颜色: 未设置
  运行 30: '1'
    字体: 未设置
    大小: 未设置
    粗体: 未设置
    斜体: 未设置
    下划线: 未设置
    标准颜色: 未设置
  运行 31: ''
    字体: 未设置
    大小: 未设置
    粗体: 未设置
    斜体: 未设置
    下划线: 未设置
    标准颜色: 未设置
  运行 32: '所示。'
    字体: 未设置
    大小: 未设置
    粗体: 未设置
    斜体: 未设置
    下划线: 未设置
    标准颜色: 未设置

段落 875:
文本内容: 图 5-1　Y公司眼科产品STP定位图
段落样式: Caption
从样式获取的格式:
  样式字体: 未设置
  样式字号: 未设置
  样式颜色: 未设置
对齐方式: 未设置
左缩进: 未设置
右缩进: 未设置
首行缩进: 未设置
行间距: 未设置
从XML读取的格式:
  运行 1: '图'
    字体: 未设置
    大小: 未设置
    粗体: 未设置
    斜体: 未设置
    下划线: 未设置
    标准颜色: 未设置
  运行 2: ' '
    字体: 未设置
    大小: 未设置
    粗体: 未设置
    斜体: 未设置
    下划线: 未设置
    标准颜色: 未设置
  运行 3: ''
    字体: 未设置
    大小: 未设置
    粗体: 未设置
    斜体: 未设置
    下划线: 未设置
    标准颜色: 未设置
  运行 4: ''
    字体: 未设置
    大小: 未设置
    粗体: 未设置
    斜体: 未设置
    下划线: 未设置
    标准颜色: 未设置
  运行 5: ''
    字体: 未设置
    大小: 未设置
    粗体: 未设置
    斜体: 未设置
    下划线: 未设置
    标准颜色: 未设置
  运行 6: ''
    字体: 未设置
    大小: 未设置
    粗体: 未设置
    斜体: 未设置
    下划线: 未设置
    标准颜色: 未设置
  运行 7: ''
    字体: 未设置
    大小: 未设置
    粗体: 未设置
    斜体: 未设置
    下划线: 未设置
    标准颜色: 未设置
  运行 8: '5'
    字体: 未设置
    大小: 未设置
    粗体: 未设置
    斜体: 未设置
    下划线: 未设置
    标准颜色: 未设置
  运行 9: ''
    字体: 未设置
    大小: 未设置
    粗体: 未设置
    斜体: 未设置
    下划线: 未设置
    标准颜色: 未设置
  运行 10: '-'
    字体: 未设置
    大小: 未设置
    粗体: 未设置
    斜体: 未设置
    下划线: 未设置
    标准颜色: 未设置
  运行 11: ''
    字体: 未设置
    大小: 未设置
    粗体: 未设置
    斜体: 未设置
    下划线: 未设置
    标准颜色: 未设置
  运行 12: ''
    字体: 未设置
    大小: 未设置
    粗体: 未设置
    斜体: 未设置
    下划线: 未设置
    标准颜色: 未设置
  运行 13: ''
    字体: 未设置
    大小: 未设置
    粗体: 未设置
    斜体: 未设置
    下划线: 未设置
    标准颜色: 未设置
  运行 14: ''
    字体: 未设置
    大小: 未设置
    粗体: 未设置
    斜体: 未设置
    下划线: 未设置
    标准颜色: 未设置
  运行 15: ''
    字体: 未设置
    大小: 未设置
    粗体: 未设置
    斜体: 未设置
    下划线: 未设置
    标准颜色: 未设置
  运行 16: ''
    字体: 未设置
    大小: 未设置
    粗体: 未设置
    斜体: 未设置
    下划线: 未设置
    标准颜色: 未设置
  运行 17: ''
    字体: 未设置
    大小: 未设置
    粗体: 未设置
    斜体: 未设置
    下划线: 未设置
    标准颜色: 未设置
  运行 18: '1'
    字体: 未设置
    大小: 未设置
    粗体: 未设置
    斜体: 未设置
    下划线: 未设置
    标准颜色: 未设置
  运行 19: ''
    字体: 未设置
    大小: 未设置
    粗体: 未设置
    斜体: 未设置
    下划线: 未设置
    标准颜色: 未设置
  运行 20: '　'
    字体: 未设置
    大小: 未设置
    粗体: 未设置
    斜体: 未设置
    下划线: 未设置
    标准颜色: 未设置
  运行 21: 'Y'
    字体: 未设置
    大小: 未设置
    粗体: 未设置
    斜体: 未设置
    下划线: 未设置
    标准颜色: 未设置
  运行 22: '公司'
    字体: 未设置
    大小: 未设置
    粗体: 未设置
    斜体: 未设置
    下划线: 未设置
    标准颜色: 未设置
  运行 23: '眼科'
    字体: 未设置
    大小: 未设置
    粗体: 未设置
    斜体: 未设置
    下划线: 未设置
    标准颜色: 未设置
  运行 24: '产品'
    字体: 未设置
    大小: 未设置
    粗体: 未设置
    斜体: 未设置
    下划线: 未设置
    标准颜色: 未设置
  运行 25: 'STP'
    字体: 未设置
    大小: 未设置
    粗体: 未设置
    斜体: 未设置
    下划线: 未设置
    标准颜色: 未设置
  运行 26: '定位图'
    字体: 未设置
    大小: 未设置
    粗体: 未设置
    斜体: 未设置
    下划线: 未设置
    标准颜色: 未设置

段落 876:
文本内容: 资料来源：作者整理，Y公司内部资料，2024.
段落样式: 图表资料来源
从样式获取的格式:
  样式字体: 未设置
  样式字号: 114300
  样式字号(pt): 9.0
  样式颜色: 未设置
对齐方式: 未设置
左缩进: 未设置
右缩进: 未设置
首行缩进: 未设置
行间距: 未设置
从XML读取的格式:
  运行 1: '资料来源：'
    字体: 未设置
    大小: 未设置
    粗体: 未设置
    斜体: 未设置
    下划线: 未设置
    标准颜色: 未设置
  运行 2: '作者整理，'
    字体: 未设置
    大小: 未设置
    粗体: 未设置
    斜体: 未设置
    下划线: 未设置
    标准颜色: 未设置
  运行 3: 'Y'
    字体: 未设置
    大小: 未设置
    粗体: 未设置
    斜体: 未设置
    下划线: 未设置
    标准颜色: 未设置
  运行 4: '公司内部'
    字体: 未设置
    大小: 未设置
    粗体: 未设置
    斜体: 未设置
    下划线: 未设置
    标准颜色: 未设置
  运行 5: '资料'
    字体: 未设置
    大小: 未设置
    粗体: 未设置
    斜体: 未设置
    下划线: 未设置
    标准颜色: 未设置
  运行 6: '，'
    字体: 未设置
    大小: 未设置
    粗体: 未设置
    斜体: 未设置
    下划线: 未设置
    标准颜色: 未设置
  运行 7: '2'
    字体: 未设置
    大小: 未设置
    粗体: 未设置
    斜体: 未设置
    下划线: 未设置
    标准颜色: 未设置
  运行 8: '02'
    字体: 未设置
    大小: 未设置
    粗体: 未设置
    斜体: 未设置
    下划线: 未设置
    标准颜色: 未设置
  运行 9: '4'
    字体: 未设置
    大小: 未设置
    粗体: 未设置
    斜体: 未设置
    下划线: 未设置
    标准颜色: 未设置
  运行 10: '.'
    字体: 未设置
    大小: 未设置
    粗体: 未设置
    斜体: 未设置
    下划线: 未设置
    标准颜色: 未设置

段落 878:
文本内容: 按生产总值细分
段落样式: Heading 4
从样式获取的格式:
  样式字体: 未设置
  样式字号: 未设置
  样式颜色: 未设置
对齐方式: 未设置
左缩进: 未设置
右缩进: 未设置
首行缩进: 未设置
行间距: 未设置
从XML读取的格式:
  运行 1: '按'
    字体: 未设置
    大小: 未设置
    粗体: 未设置
    斜体: 未设置
    下划线: 未设置
    标准颜色: 未设置
  运行 2: '生产总值细'
    字体: 未设置
    大小: 未设置
    粗体: 未设置
    斜体: 未设置
    下划线: 未设置
    标准颜色: 未设置
  运行 3: '分'
    字体: 未设置
    大小: 未设置
    粗体: 未设置
    斜体: 未设置
    下划线: 未设置
    标准颜色: 未设置

段落 879:
文本内容: 根据国家统计局数据查询显示，2023年度各省地区生产总值如表 5-1所示。
段落样式: Normal
从样式获取的格式:
  样式字体: Times New Roman
  样式字号: 152400
  样式字号(pt): 12.0
  样式颜色: 未设置
对齐方式: 未设置
左缩进: 未设置
右缩进: 未设置
首行缩进: 未设置
行间距: 未设置
从XML读取的格式:
  运行 1: '根据国家统计局数据查询显示，'
    字体: 未设置
    大小: 未设置
    粗体: 未设置
    斜体: 未设置
    下划线: 未设置
    标准颜色: 未设置
  运行 2: '202'
    字体: 未设置
    大小: 未设置
    粗体: 未设置
    斜体: 未设置
    下划线: 未设置
    标准颜色: 未设置
  运行 3: '3'
    字体: 未设置
    大小: 未设置
    粗体: 未设置
    斜体: 未设置
    下划线: 未设置
    标准颜色: 未设置
  运行 4: '年'
    字体: 未设置
    大小: 未设置
    粗体: 未设置
    斜体: 未设置
    下划线: 未设置
    标准颜色: 未设置
  运行 5: '度'
    字体: 未设置
    大小: 未设置
    粗体: 未设置
    斜体: 未设置
    下划线: 未设置
    标准颜色: 未设置
  运行 6: '各'
    字体: 未设置
    大小: 未设置
    粗体: 未设置
    斜体: 未设置
    下划线: 未设置
    标准颜色: 未设置
  运行 7: '省地区生产总值'
    字体: 未设置
    大小: 未设置
    粗体: 未设置
    斜体: 未设置
    下划线: 未设置
    标准颜色: 未设置
  运行 8: '如'
    字体: 未设置
    大小: 未设置
    粗体: 未设置
    斜体: 未设置
    下划线: 未设置
    标准颜色: 未设置
  运行 9: ''
    字体: 未设置
    大小: 未设置
    粗体: 未设置
    斜体: 未设置
    下划线: 未设置
    标准颜色: 未设置
  运行 10: ''
    字体: 未设置
    大小: 未设置
    粗体: 未设置
    斜体: 未设置
    下划线: 未设置
    标准颜色: 未设置
  运行 11: ''
    字体: 未设置
    大小: 未设置
    粗体: 未设置
    斜体: 未设置
    下划线: 未设置
    标准颜色: 未设置
  运行 12: ''
    字体: 未设置
    大小: 未设置
    粗体: 未设置
    斜体: 未设置
    下划线: 未设置
    标准颜色: 未设置
  运行 13: ''
    字体: 未设置
    大小: 未设置
    粗体: 未设置
    斜体: 未设置
    下划线: 未设置
    标准颜色: 未设置
  运行 14: '表'
    字体: 未设置
    大小: 未设置
    粗体: 未设置
    斜体: 未设置
    下划线: 未设置
    标准颜色: 未设置
  运行 15: ' '
    字体: 未设置
    大小: 未设置
    粗体: 未设置
    斜体: 未设置
    下划线: 未设置
    标准颜色: 未设置
  运行 16: '5'
    字体: 未设置
    大小: 未设置
    粗体: 未设置
    斜体: 未设置
    下划线: 未设置
    标准颜色: 未设置
  运行 17: '-'
    字体: 未设置
    大小: 未设置
    粗体: 未设置
    斜体: 未设置
    下划线: 未设置
    标准颜色: 未设置
  运行 18: '1'
    字体: 未设置
    大小: 未设置
    粗体: 未设置
    斜体: 未设置
    下划线: 未设置
    标准颜色: 未设置
  运行 19: ''
    字体: 未设置
    大小: 未设置
    粗体: 未设置
    斜体: 未设置
    下划线: 未设置
    标准颜色: 未设置
  运行 20: '所示。'
    字体: 未设置
    大小: 未设置
    粗体: 未设置
    斜体: 未设置
    下划线: 未设置
    标准颜色: 未设置

段落 881:
文本内容: 表 5-1　2023年度华南各省生产总值情况
段落样式: Caption
从样式获取的格式:
  样式字体: 未设置
  样式字号: 未设置
  样式颜色: 未设置
对齐方式: 未设置
左缩进: 未设置
右缩进: 未设置
首行缩进: 未设置
行间距: 未设置
从XML读取的格式:
  运行 1: '表'
    字体: 未设置
    大小: 未设置
    粗体: 未设置
    斜体: 未设置
    下划线: 未设置
    标准颜色: 未设置
  运行 2: ' '
    字体: 未设置
    大小: 未设置
    粗体: 未设置
    斜体: 未设置
    下划线: 未设置
    标准颜色: 未设置
  运行 3: ''
    字体: 未设置
    大小: 未设置
    粗体: 未设置
    斜体: 未设置
    下划线: 未设置
    标准颜色: 未设置
  运行 4: ''
    字体: 未设置
    大小: 未设置
    粗体: 未设置
    斜体: 未设置
    下划线: 未设置
    标准颜色: 未设置
  运行 5: ''
    字体: 未设置
    大小: 未设置
    粗体: 未设置
    斜体: 未设置
    下划线: 未设置
    标准颜色: 未设置
  运行 6: ''
    字体: 未设置
    大小: 未设置
    粗体: 未设置
    斜体: 未设置
    下划线: 未设置
    标准颜色: 未设置
  运行 7: ''
    字体: 未设置
    大小: 未设置
    粗体: 未设置
    斜体: 未设置
    下划线: 未设置
    标准颜色: 未设置
  运行 8: '5'
    字体: 未设置
    大小: 未设置
    粗体: 未设置
    斜体: 未设置
    下划线: 未设置
    标准颜色: 未设置
  运行 9: ''
    字体: 未设置
    大小: 未设置
    粗体: 未设置
    斜体: 未设置
    下划线: 未设置
    标准颜色: 未设置
  运行 10: '-'
    字体: 未设置
    大小: 未设置
    粗体: 未设置
    斜体: 未设置
    下划线: 未设置
    标准颜色: 未设置
  运行 11: ''
    字体: 未设置
    大小: 未设置
    粗体: 未设置
    斜体: 未设置
    下划线: 未设置
    标准颜色: 未设置
  运行 12: ''
    字体: 未设置
    大小: 未设置
    粗体: 未设置
    斜体: 未设置
    下划线: 未设置
    标准颜色: 未设置
  运行 13: ''
    字体: 未设置
    大小: 未设置
    粗体: 未设置
    斜体: 未设置
    下划线: 未设置
    标准颜色: 未设置
  运行 14: ''
    字体: 未设置
    大小: 未设置
    粗体: 未设置
    斜体: 未设置
    下划线: 未设置
    标准颜色: 未设置
  运行 15: ''
    字体: 未设置
    大小: 未设置
    粗体: 未设置
    斜体: 未设置
    下划线: 未设置
    标准颜色: 未设置
  运行 16: ''
    字体: 未设置
    大小: 未设置
    粗体: 未设置
    斜体: 未设置
    下划线: 未设置
    标准颜色: 未设置
  运行 17: ''
    字体: 未设置
    大小: 未设置
    粗体: 未设置
    斜体: 未设置
    下划线: 未设置
    标准颜色: 未设置
  运行 18: '1'
    字体: 未设置
    大小: 未设置
    粗体: 未设置
    斜体: 未设置
    下划线: 未设置
    标准颜色: 未设置
  运行 19: ''
    字体: 未设置
    大小: 未设置
    粗体: 未设置
    斜体: 未设置
    下划线: 未设置
    标准颜色: 未设置
  运行 20: '　'
    字体: 未设置
    大小: 未设置
    粗体: 未设置
    斜体: 未设置
    下划线: 未设置
    标准颜色: 未设置
  运行 21: '2023'
    字体: 未设置
    大小: 未设置
    粗体: 未设置
    斜体: 未设置
    下划线: 未设置
    标准颜色: 未设置
  运行 22: '年度华南各省生产总'
    字体: 未设置
    大小: 未设置
    粗体: 未设置
    斜体: 未设置
    下划线: 未设置
    标准颜色: 未设置
  运行 23: '值'
    字体: 未设置
    大小: 未设置
    粗体: 未设置
    斜体: 未设置
    下划线: 未设置
    标准颜色: 未设置
  运行 24: '情况'
    字体: 未设置
    大小: 未设置
    粗体: 未设置
    斜体: 未设置
    下划线: 未设置
    标准颜色: 未设置

段落 882:
文本内容: 单位：亿元
段落样式: 图表单位
从样式获取的格式:
  样式字体: 未设置
  样式字号: 133350
  样式字号(pt): 10.5
  样式颜色: 未设置
对齐方式: 未设置
左缩进: 未设置
右缩进: 未设置
首行缩进: 未设置
行间距: 未设置
从XML读取的格式:
  运行 1: '单位：'
    字体: 未设置
    大小: 未设置
    粗体: 未设置
    斜体: 未设置
    下划线: 未设置
    标准颜色: 未设置
  运行 2: '亿元'
    字体: 未设置
    大小: 未设置
    粗体: 未设置
    斜体: 未设置
    下划线: 未设置
    标准颜色: 未设置

段落 883:
文本内容: 资料来源：作者整理，国家统计局， 2024
段落样式: 厦大表注
从样式获取的格式:
  样式字体: 未设置
  样式字号: 114300
  样式字号(pt): 9.0
  样式颜色: 000000
对齐方式: 未设置
左缩进: 未设置
右缩进: 未设置
首行缩进: 未设置
行间距: 未设置
从XML读取的格式:
  运行 1: '资料来源：'
    字体: 未设置
    大小: 未设置
    粗体: 未设置
    斜体: 未设置
    下划线: 未设置
    标准颜色: 未设置
  运行 2: '作者整'
    字体: 未设置
    大小: 未设置
    粗体: 未设置
    斜体: 未设置
    下划线: 未设置
    标准颜色: 未设置
  运行 3: '理，'
    字体: 未设置
    大小: 未设置
    粗体: 未设置
    斜体: 未设置
    下划线: 未设置
    标准颜色: 未设置
  运行 4: '国家统计局，'
    字体: 未设置
    大小: 未设置
    粗体: 未设置
    斜体: 未设置
    下划线: 未设置
    标准颜色: 未设置
  运行 5: ' '
    字体: 未设置
    大小: 未设置
    粗体: 未设置
    斜体: 未设置
    下划线: 未设置
    标准颜色: 未设置
  运行 6: '202'
    字体: 未设置
    大小: 未设置
    粗体: 未设置
    斜体: 未设置
    下划线: 未设置
    标准颜色: 未设置
  运行 7: '4'
    字体: 未设置
    大小: 未设置
    粗体: 未设置
    斜体: 未设置
    下划线: 未设置
    标准颜色: 未设置

段落 885:
文本内容: 各省地区生产总值分别是：广东省的生产总值为人民币135,673.2亿元，生产总值指数为104.8（上年=100）；海南省的生产总值为人民币7,551.2亿元，生产总值指数为109.2（上年=100）；福建省生产总值为人民币54,355.1亿元，生产总值指数为104.5（上年=100）；广西壮族自治区生产总值为人民币27,202.4亿元，生产总值指数为104.1（上年=100）；湖南省生产总值为人民币50,012.9亿元，生产总值指数为104.6（上年=100）。其中广东省是生产总值最大的省，福建湖南的总值分别约为广东省的41.96%和38.62%左右，增长速度相当。广西地区生产总值较低，约为广东省的的生产总值的21%左右，增速仅次于福建和湖南。海南省是辖区里面体量最小的一个省份，生产总值约为广东省的5.83%左右，但增长最高。
段落样式: 正文-缩进
从样式获取的格式:
  样式字体: 未设置
  样式字号: 未设置
  样式颜色: 未设置
对齐方式: 未设置
左缩进: 未设置
右缩进: 未设置
首行缩进: 未设置
行间距: 未设置
从XML读取的格式:
  运行 1: '各省地区生产总值分别是：广东省的生产总值为人民币'
    字体: 未设置
    大小: 未设置
    粗体: 未设置
    斜体: 未设置
    下划线: 未设置
    标准颜色: 未设置
  运行 2: '135'
    字体: 未设置
    大小: 未设置
    粗体: 未设置
    斜体: 未设置
    下划线: 未设置
    标准颜色: 未设置
  运行 3: ','
    字体: 未设置
    大小: 未设置
    粗体: 未设置
    斜体: 未设置
    下划线: 未设置
    标准颜色: 未设置
  运行 4: '673.2'
    字体: 未设置
    大小: 未设置
    粗体: 未设置
    斜体: 未设置
    下划线: 未设置
    标准颜色: 未设置
  运行 5: '亿元，生产总值指数为'
    字体: 未设置
    大小: 未设置
    粗体: 未设置
    斜体: 未设置
    下划线: 未设置
    标准颜色: 未设置
  运行 6: '104.8'
    字体: 未设置
    大小: 未设置
    粗体: 未设置
    斜体: 未设置
    下划线: 未设置
    标准颜色: 未设置
  运行 7: '（上年'
    字体: 未设置
    大小: 未设置
    粗体: 未设置
    斜体: 未设置
    下划线: 未设置
    标准颜色: 未设置
  运行 8: '=100'
    字体: 未设置
    大小: 未设置
    粗体: 未设置
    斜体: 未设置
    下划线: 未设置
    标准颜色: 未设置
  运行 9: '）；海南省的生产总值为人民币'
    字体: 未设置
    大小: 未设置
    粗体: 未设置
    斜体: 未设置
    下划线: 未设置
    标准颜色: 未设置
  运行 10: '7'
    字体: 未设置
    大小: 未设置
    粗体: 未设置
    斜体: 未设置
    下划线: 未设置
    标准颜色: 未设置
  运行 11: ','
    字体: 未设置
    大小: 未设置
    粗体: 未设置
    斜体: 未设置
    下划线: 未设置
    标准颜色: 未设置
  运行 12: '551.2'
    字体: 未设置
    大小: 未设置
    粗体: 未设置
    斜体: 未设置
    下划线: 未设置
    标准颜色: 未设置
  运行 13: '亿元，生产总值指数为'
    字体: 未设置
    大小: 未设置
    粗体: 未设置
    斜体: 未设置
    下划线: 未设置
    标准颜色: 未设置
  运行 14: '109.2'
    字体: 未设置
    大小: 未设置
    粗体: 未设置
    斜体: 未设置
    下划线: 未设置
    标准颜色: 未设置
  运行 15: '（上年'
    字体: 未设置
    大小: 未设置
    粗体: 未设置
    斜体: 未设置
    下划线: 未设置
    标准颜色: 未设置
  运行 16: '=100'
    字体: 未设置
    大小: 未设置
    粗体: 未设置
    斜体: 未设置
    下划线: 未设置
    标准颜色: 未设置
  运行 17: '）；福建省生产总值为人民币'
    字体: 未设置
    大小: 未设置
    粗体: 未设置
    斜体: 未设置
    下划线: 未设置
    标准颜色: 未设置
  运行 18: '54'
    字体: 未设置
    大小: 未设置
    粗体: 未设置
    斜体: 未设置
    下划线: 未设置
    标准颜色: 未设置
  运行 19: ','
    字体: 未设置
    大小: 未设置
    粗体: 未设置
    斜体: 未设置
    下划线: 未设置
    标准颜色: 未设置
  运行 20: '355.1'
    字体: 未设置
    大小: 未设置
    粗体: 未设置
    斜体: 未设置
    下划线: 未设置
    标准颜色: 未设置
  运行 21: '亿元，生产总值指数为'
    字体: 未设置
    大小: 未设置
    粗体: 未设置
    斜体: 未设置
    下划线: 未设置
    标准颜色: 未设置
  运行 22: '104.5'
    字体: 未设置
    大小: 未设置
    粗体: 未设置
    斜体: 未设置
    下划线: 未设置
    标准颜色: 未设置
  运行 23: '（上年'
    字体: 未设置
    大小: 未设置
    粗体: 未设置
    斜体: 未设置
    下划线: 未设置
    标准颜色: 未设置
  运行 24: '=100'
    字体: 未设置
    大小: 未设置
    粗体: 未设置
    斜体: 未设置
    下划线: 未设置
    标准颜色: 未设置
  运行 25: '）；广西壮族自治区生产总值为人民币'
    字体: 未设置
    大小: 未设置
    粗体: 未设置
    斜体: 未设置
    下划线: 未设置
    标准颜色: 未设置
  运行 26: '27'
    字体: 未设置
    大小: 未设置
    粗体: 未设置
    斜体: 未设置
    下划线: 未设置
    标准颜色: 未设置
  运行 27: ','
    字体: 未设置
    大小: 未设置
    粗体: 未设置
    斜体: 未设置
    下划线: 未设置
    标准颜色: 未设置
  运行 28: '202.4'
    字体: 未设置
    大小: 未设置
    粗体: 未设置
    斜体: 未设置
    下划线: 未设置
    标准颜色: 未设置
  运行 29: '亿元，生产总值指'
    字体: 未设置
    大小: 未设置
    粗体: 未设置
    斜体: 未设置
    下划线: 未设置
    标准颜色: 未设置
  运行 30: '数为'
    字体: 未设置
    大小: 未设置
    粗体: 未设置
    斜体: 未设置
    下划线: 未设置
    标准颜色: 未设置
  运行 31: '104.1'
    字体: 未设置
    大小: 未设置
    粗体: 未设置
    斜体: 未设置
    下划线: 未设置
    标准颜色: 未设置
  运行 32: '（上年'
    字体: 未设置
    大小: 未设置
    粗体: 未设置
    斜体: 未设置
    下划线: 未设置
    标准颜色: 未设置
  运行 33: '=100'
    字体: 未设置
    大小: 未设置
    粗体: 未设置
    斜体: 未设置
    下划线: 未设置
    标准颜色: 未设置
  运行 34: '）；湖南省生产总值为人民币'
    字体: 未设置
    大小: 未设置
    粗体: 未设置
    斜体: 未设置
    下划线: 未设置
    标准颜色: 未设置
  运行 35: '50'
    字体: 未设置
    大小: 未设置
    粗体: 未设置
    斜体: 未设置
    下划线: 未设置
    标准颜色: 未设置
  运行 36: ','
    字体: 未设置
    大小: 未设置
    粗体: 未设置
    斜体: 未设置
    下划线: 未设置
    标准颜色: 未设置
  运行 37: '012.9'
    字体: 未设置
    大小: 未设置
    粗体: 未设置
    斜体: 未设置
    下划线: 未设置
    标准颜色: 未设置
  运行 38: '亿元，生产总值指数为'
    字体: 未设置
    大小: 未设置
    粗体: 未设置
    斜体: 未设置
    下划线: 未设置
    标准颜色: 未设置
  运行 39: '104.6'
    字体: 未设置
    大小: 未设置
    粗体: 未设置
    斜体: 未设置
    下划线: 未设置
    标准颜色: 未设置
  运行 40: '（上年'
    字体: 未设置
    大小: 未设置
    粗体: 未设置
    斜体: 未设置
    下划线: 未设置
    标准颜色: 未设置
  运行 41: '=100'
    字体: 未设置
    大小: 未设置
    粗体: 未设置
    斜体: 未设置
    下划线: 未设置
    标准颜色: 未设置
  运行 42: '）。其中广东省是生产总值最大的省，福建湖南的总值分别约为广东省的'
    字体: 未设置
    大小: 未设置
    粗体: 未设置
    斜体: 未设置
    下划线: 未设置
    标准颜色: 未设置
  运行 43: '41.96%'
    字体: 未设置
    大小: 未设置
    粗体: 未设置
    斜体: 未设置
    下划线: 未设置
    标准颜色: 未设置
  运行 44: '和'
    字体: 未设置
    大小: 未设置
    粗体: 未设置
    斜体: 未设置
    下划线: 未设置
    标准颜色: 未设置
  运行 45: '38.62%'
    字体: 未设置
    大小: 未设置
    粗体: 未设置
    斜体: 未设置
    下划线: 未设置
    标准颜色: 未设置
  运行 46: '左右，增长速度相当。广西地区生产总值较低，约为广东省的的生产总值的'
    字体: 未设置
    大小: 未设置
    粗体: 未设置
    斜体: 未设置
    下划线: 未设置
    标准颜色: 未设置
  运行 47: '21%'
    字体: 未设置
    大小: 未设置
    粗体: 未设置
    斜体: 未设置
    下划线: 未设置
    标准颜色: 未设置
  运行 48: '左右，增速仅次于福建和湖南。海南省是辖区里面体量最小的一个省份，生产总值约为广东省的'
    字体: 未设置
    大小: 未设置
    粗体: 未设置
    斜体: 未设置
    下划线: 未设置
    标准颜色: 未设置
  运行 49: '5'
    字体: 未设置
    大小: 未设置
    粗体: 未设置
    斜体: 未设置
    下划线: 未设置
    标准颜色: 未设置
  运行 50: '.'
    字体: 未设置
    大小: 未设置
    粗体: 未设置
    斜体: 未设置
    下划线: 未设置
    标准颜色: 未设置
  运行 51: '83%'
    字体: 未设置
    大小: 未设置
    粗体: 未设置
    斜体: 未设置
    下划线: 未设置
    标准颜色: 未设置
  运行 52: '左右，但增长最高。'
    字体: 未设置
    大小: 未设置
    粗体: 未设置
    斜体: 未设置
    下划线: 未设置
    标准颜色: 未设置

段落 886:
文本内容: 根据以上数据，可以按照3万亿、7万亿为界限，将辖区省份三类。广东省超过10万亿，三级医院多，购买能力强，可以全线产品推广，重点推广眼底大设备，如微视野视野计、眼科诊断仪等。福建湖南处于中间挡位，重点推广白内障产品和眼底的简配产品。广西和海南以视光为主，重点推广白内障产品。
段落样式: 正文-缩进
从样式获取的格式:
  样式字体: 未设置
  样式字号: 未设置
  样式颜色: 未设置
对齐方式: 未设置
左缩进: 未设置
右缩进: 未设置
首行缩进: 未设置
行间距: 未设置
从XML读取的格式:
  运行 1: '根据以上数据，可以按照'
    字体: 未设置
    大小: 未设置
    粗体: 未设置
    斜体: 未设置
    下划线: 未设置
    标准颜色: 未设置
  运行 2: '3'
    字体: 未设置
    大小: 未设置
    粗体: 未设置
    斜体: 未设置
    下划线: 未设置
    标准颜色: 未设置
  运行 3: '万亿、'
    字体: 未设置
    大小: 未设置
    粗体: 未设置
    斜体: 未设置
    下划线: 未设置
    标准颜色: 未设置
  运行 4: '7'
    字体: 未设置
    大小: 未设置
    粗体: 未设置
    斜体: 未设置
    下划线: 未设置
    标准颜色: 未设置
  运行 5: '万亿为界限，将辖区省份三类。广东省超过'
    字体: 未设置
    大小: 未设置
    粗体: 未设置
    斜体: 未设置
    下划线: 未设置
    标准颜色: 未设置
  运行 6: '10'
    字体: 未设置
    大小: 未设置
    粗体: 未设置
    斜体: 未设置
    下划线: 未设置
    标准颜色: 未设置
  运行 7: '万亿，三级医院多，购买能力强，可以全线产品推广，重点推广眼底大设备，如微视野视野计、眼科诊断仪等。'
    字体: 未设置
    大小: 未设置
    粗体: 未设置
    斜体: 未设置
    下划线: 未设置
    标准颜色: 未设置
  运行 8: '福建湖南处于中间挡位，重点推广白内障产品和眼底的简配产品。广西和海南以视光为主，重点推广白内障产品。'
    字体: 未设置
    大小: 未设置
    粗体: 未设置
    斜体: 未设置
    下划线: 未设置
    标准颜色: 未设置

段落 887:
文本内容: 按医院等级细分
段落样式: Heading 4
从样式获取的格式:
  样式字体: 未设置
  样式字号: 未设置
  样式颜色: 未设置
对齐方式: 未设置
左缩进: 未设置
右缩进: 未设置
首行缩进: 未设置
行间距: 未设置
从XML读取的格式:
  运行 1: '按医院等级细分'
    字体: 未设置
    大小: 未设置
    粗体: 未设置
    斜体: 未设置
    下划线: 未设置
    标准颜色: 未设置

段落 888:
文本内容: 按照《医院分级管理标准》，医院在经过评审后，被划分为三个等级，每个等级进一步细分为甲、乙、丙三个子等级。此外，对于三级医院，还特别设立了特等级别，使得医院的分级总共达到了十个不同的等级。华南区各省三级、二级、一级及以下的医院如表 5-2所示。
段落样式: 正文-缩进
从样式获取的格式:
  样式字体: 未设置
  样式字号: 未设置
  样式颜色: 未设置
对齐方式: 未设置
左缩进: 未设置
右缩进: 未设置
首行缩进: 未设置
行间距: 未设置
从XML读取的格式:
  运行 1: '按照'
    字体: 未设置
    大小: 未设置
    粗体: 未设置
    斜体: 未设置
    下划线: 未设置
    标准颜色: 未设置
  运行 2: '《医院分级管理标准》，医院在经过评审后，被划分为三个等级，每个等级进一步细分为甲、乙、丙三个子等级。此外，对于三级医院，还特别设立了特等级别，使得医院的分级总共达到了十个不同的等级。'
    字体: 未设置
    大小: 未设置
    粗体: 未设置
    斜体: 未设置
    下划线: 未设置
    标准颜色: 未设置
  运行 3: '华南区'
    字体: 未设置
    大小: 未设置
    粗体: 未设置
    斜体: 未设置
    下划线: 未设置
    标准颜色: 未设置
  运行 4: '各省三级'
    字体: 未设置
    大小: 未设置
    粗体: 未设置
    斜体: 未设置
    下划线: 未设置
    标准颜色: 未设置
  运行 5: '、二级、一级及以下的医院'
    字体: 未设置
    大小: 未设置
    粗体: 未设置
    斜体: 未设置
    下划线: 未设置
    标准颜色: 未设置
  运行 6: '如'
    字体: 未设置
    大小: 未设置
    粗体: 未设置
    斜体: 未设置
    下划线: 未设置
    标准颜色: 未设置
  运行 7: ''
    字体: 未设置
    大小: 未设置
    粗体: 未设置
    斜体: 未设置
    下划线: 未设置
    标准颜色: 未设置
  运行 8: ''
    字体: 未设置
    大小: 未设置
    粗体: 未设置
    斜体: 未设置
    下划线: 未设置
    标准颜色: 未设置
  运行 9: ''
    字体: 未设置
    大小: 未设置
    粗体: 未设置
    斜体: 未设置
    下划线: 未设置
    标准颜色: 未设置
  运行 10: ''
    字体: 未设置
    大小: 未设置
    粗体: 未设置
    斜体: 未设置
    下划线: 未设置
    标准颜色: 未设置
  运行 11: ''
    字体: 未设置
    大小: 未设置
    粗体: 未设置
    斜体: 未设置
    下划线: 未设置
    标准颜色: 未设置
  运行 12: '表'
    字体: 未设置
    大小: 未设置
    粗体: 未设置
    斜体: 未设置
    下划线: 未设置
    标准颜色: 未设置
  运行 13: ' '
    字体: 未设置
    大小: 未设置
    粗体: 未设置
    斜体: 未设置
    下划线: 未设置
    标准颜色: 未设置
  运行 14: '5'
    字体: 未设置
    大小: 未设置
    粗体: 未设置
    斜体: 未设置
    下划线: 未设置
    标准颜色: 未设置
  运行 15: '-'
    字体: 未设置
    大小: 未设置
    粗体: 未设置
    斜体: 未设置
    下划线: 未设置
    标准颜色: 未设置
  运行 16: '2'
    字体: 未设置
    大小: 未设置
    粗体: 未设置
    斜体: 未设置
    下划线: 未设置
    标准颜色: 未设置
  运行 17: ''
    字体: 未设置
    大小: 未设置
    粗体: 未设置
    斜体: 未设置
    下划线: 未设置
    标准颜色: 未设置
  运行 18: '所示。'
    字体: 未设置
    大小: 未设置
    粗体: 未设置
    斜体: 未设置
    下划线: 未设置
    标准颜色: 未设置

段落 890:
文本内容: 表 5-2　2023年度华南各省医院级别数量
段落样式: Caption
从样式获取的格式:
  样式字体: 未设置
  样式字号: 未设置
  样式颜色: 未设置
对齐方式: 未设置
左缩进: 未设置
右缩进: 未设置
首行缩进: 未设置
行间距: 未设置
从XML读取的格式:
  运行 1: '表'
    字体: 未设置
    大小: 未设置
    粗体: 未设置
    斜体: 未设置
    下划线: 未设置
    标准颜色: 未设置
  运行 2: ' '
    字体: 未设置
    大小: 未设置
    粗体: 未设置
    斜体: 未设置
    下划线: 未设置
    标准颜色: 未设置
  运行 3: ''
    字体: 未设置
    大小: 未设置
    粗体: 未设置
    斜体: 未设置
    下划线: 未设置
    标准颜色: 未设置
  运行 4: ''
    字体: 未设置
    大小: 未设置
    粗体: 未设置
    斜体: 未设置
    下划线: 未设置
    标准颜色: 未设置
  运行 5: ''
    字体: 未设置
    大小: 未设置
    粗体: 未设置
    斜体: 未设置
    下划线: 未设置
    标准颜色: 未设置
  运行 6: ''
    字体: 未设置
    大小: 未设置
    粗体: 未设置
    斜体: 未设置
    下划线: 未设置
    标准颜色: 未设置
  运行 7: ''
    字体: 未设置
    大小: 未设置
    粗体: 未设置
    斜体: 未设置
    下划线: 未设置
    标准颜色: 未设置
  运行 8: '5'
    字体: 未设置
    大小: 未设置
    粗体: 未设置
    斜体: 未设置
    下划线: 未设置
    标准颜色: 未设置
  运行 9: ''
    字体: 未设置
    大小: 未设置
    粗体: 未设置
    斜体: 未设置
    下划线: 未设置
    标准颜色: 未设置
  运行 10: '-'
    字体: 未设置
    大小: 未设置
    粗体: 未设置
    斜体: 未设置
    下划线: 未设置
    标准颜色: 未设置
  运行 11: ''
    字体: 未设置
    大小: 未设置
    粗体: 未设置
    斜体: 未设置
    下划线: 未设置
    标准颜色: 未设置
  运行 12: ''
    字体: 未设置
    大小: 未设置
    粗体: 未设置
    斜体: 未设置
    下划线: 未设置
    标准颜色: 未设置
  运行 13: ''
    字体: 未设置
    大小: 未设置
    粗体: 未设置
    斜体: 未设置
    下划线: 未设置
    标准颜色: 未设置
  运行 14: ''
    字体: 未设置
    大小: 未设置
    粗体: 未设置
    斜体: 未设置
    下划线: 未设置
    标准颜色: 未设置
  运行 15: ''
    字体: 未设置
    大小: 未设置
    粗体: 未设置
    斜体: 未设置
    下划线: 未设置
    标准颜色: 未设置
  运行 16: ''
    字体: 未设置
    大小: 未设置
    粗体: 未设置
    斜体: 未设置
    下划线: 未设置
    标准颜色: 未设置
  运行 17: ''
    字体: 未设置
    大小: 未设置
    粗体: 未设置
    斜体: 未设置
    下划线: 未设置
    标准颜色: 未设置
  运行 18: '2'
    字体: 未设置
    大小: 未设置
    粗体: 未设置
    斜体: 未设置
    下划线: 未设置
    标准颜色: 未设置
  运行 19: ''
    字体: 未设置
    大小: 未设置
    粗体: 未设置
    斜体: 未设置
    下划线: 未设置
    标准颜色: 未设置
  运行 20: '　'
    字体: 未设置
    大小: 未设置
    粗体: 未设置
    斜体: 未设置
    下划线: 未设置
    标准颜色: 未设置
  运行 21: '2023'
    字体: 未设置
    大小: 未设置
    粗体: 未设置
    斜体: 未设置
    下划线: 未设置
    标准颜色: 未设置
  运行 22: '年度华南各省医院级别数量'
    字体: 未设置
    大小: 未设置
    粗体: 未设置
    斜体: 未设置
    下划线: 未设置
    标准颜色: 未设置

段落 891:
文本内容: 单位：个
段落样式: 图表单位
从样式获取的格式:
  样式字体: 未设置
  样式字号: 133350
  样式字号(pt): 10.5
  样式颜色: 未设置
对齐方式: 未设置
左缩进: 未设置
右缩进: 未设置
首行缩进: 未设置
行间距: 未设置
从XML读取的格式:
  运行 1: '单位：'
    字体: 未设置
    大小: 未设置
    粗体: 未设置
    斜体: 未设置
    下划线: 未设置
    标准颜色: 未设置
  运行 2: '个'
    字体: 未设置
    大小: 未设置
    粗体: 未设置
    斜体: 未设置
    下划线: 未设置
    标准颜色: 未设置

段落 892:
文本内容: 资料来源：作者整理，各省卫计委数据， 2024
段落样式: 厦大表注
从样式获取的格式:
  样式字体: 未设置
  样式字号: 114300
  样式字号(pt): 9.0
  样式颜色: 000000
对齐方式: 未设置
左缩进: 未设置
右缩进: 未设置
首行缩进: 未设置
行间距: 未设置
从XML读取的格式:
  运行 1: '资料来源：'
    字体: 未设置
    大小: 未设置
    粗体: 未设置
    斜体: 未设置
    下划线: 未设置
    标准颜色: 未设置
  运行 2: '作者整'
    字体: 未设置
    大小: 未设置
    粗体: 未设置
    斜体: 未设置
    下划线: 未设置
    标准颜色: 未设置
  运行 3: '理，'
    字体: 未设置
    大小: 未设置
    粗体: 未设置
    斜体: 未设置
    下划线: 未设置
    标准颜色: 未设置
  运行 4: '各省'
    字体: 未设置
    大小: 未设置
    粗体: 未设置
    斜体: 未设置
    下划线: 未设置
    标准颜色: 未设置
  运行 5: '卫计委'
    字体: 未设置
    大小: 未设置
    粗体: 未设置
    斜体: 未设置
    下划线: 未设置
    标准颜色: 未设置
  运行 6: '数据'
    字体: 未设置
    大小: 未设置
    粗体: 未设置
    斜体: 未设置
    下划线: 未设置
    标准颜色: 未设置
  运行 7: '，'
    字体: 未设置
    大小: 未设置
    粗体: 未设置
    斜体: 未设置
    下划线: 未设置
    标准颜色: 未设置
  运行 8: ' '
    字体: 未设置
    大小: 未设置
    粗体: 未设置
    斜体: 未设置
    下划线: 未设置
    标准颜色: 未设置
  运行 9: '202'
    字体: 未设置
    大小: 未设置
    粗体: 未设置
    斜体: 未设置
    下划线: 未设置
    标准颜色: 未设置
  运行 10: '4'
    字体: 未设置
    大小: 未设置
    粗体: 未设置
    斜体: 未设置
    下划线: 未设置
    标准颜色: 未设置

段落 894:
文本内容: 对于三级医院，广东省有270家，福建省有99家，湖南省有143家，广西98家，海南15家，合计625家。这些三级医院大部分是省级医院和地级市医院，其中有不少是国家级的知名医院，如中山大学眼科中心中南大学湘雅医院、中南大学湘雅二院、福建医科大学附属第一医院等，这些医院对高新科技产品更感兴趣，更关注临床科研研究和综合应用。可以在这些医院推广眼底病和白内障产品，以及高端的视光产品。
段落样式: 正文-缩进
从样式获取的格式:
  样式字体: 未设置
  样式字号: 未设置
  样式颜色: 未设置
对齐方式: 未设置
左缩进: 未设置
右缩进: 未设置
首行缩进: 未设置
行间距: 未设置
从XML读取的格式:
  运行 1: '对于'
    字体: 未设置
    大小: 未设置
    粗体: 未设置
    斜体: 未设置
    下划线: 未设置
    标准颜色: 未设置
  运行 2: '三级医院，广东省有'
    字体: 未设置
    大小: 未设置
    粗体: 未设置
    斜体: 未设置
    下划线: 未设置
    标准颜色: 未设置
  运行 3: '270'
    字体: 未设置
    大小: 未设置
    粗体: 未设置
    斜体: 未设置
    下划线: 未设置
    标准颜色: 未设置
  运行 4: '家'
    字体: 未设置
    大小: 未设置
    粗体: 未设置
    斜体: 未设置
    下划线: 未设置
    标准颜色: 未设置
  运行 5: ''
    字体: 未设置
    大小: 未设置
    粗体: 未设置
    斜体: 未设置
    下划线: 未设置
    标准颜色: 未设置
  运行 6: '，福建省有'
    字体: 未设置
    大小: 未设置
    粗体: 未设置
    斜体: 未设置
    下划线: 未设置
    标准颜色: 未设置
  运行 7: '99'
    字体: 未设置
    大小: 未设置
    粗体: 未设置
    斜体: 未设置
    下划线: 未设置
    标准颜色: 未设置
  运行 8: '家'
    字体: 未设置
    大小: 未设置
    粗体: 未设置
    斜体: 未设置
    下划线: 未设置
    标准颜色: 未设置
  运行 9: ''
    字体: 未设置
    大小: 未设置
    粗体: 未设置
    斜体: 未设置
    下划线: 未设置
    标准颜色: 未设置
  运行 10: '，湖南省有'
    字体: 未设置
    大小: 未设置
    粗体: 未设置
    斜体: 未设置
    下划线: 未设置
    标准颜色: 未设置
  运行 11: '143'
    字体: 未设置
    大小: 未设置
    粗体: 未设置
    斜体: 未设置
    下划线: 未设置
    标准颜色: 未设置
  运行 12: '家'
    字体: 未设置
    大小: 未设置
    粗体: 未设置
    斜体: 未设置
    下划线: 未设置
    标准颜色: 未设置
  运行 13: ''
    字体: 未设置
    大小: 未设置
    粗体: 未设置
    斜体: 未设置
    下划线: 未设置
    标准颜色: 未设置
  运行 14: '，广西'
    字体: 未设置
    大小: 未设置
    粗体: 未设置
    斜体: 未设置
    下划线: 未设置
    标准颜色: 未设置
  运行 15: '98'
    字体: 未设置
    大小: 未设置
    粗体: 未设置
    斜体: 未设置
    下划线: 未设置
    标准颜色: 未设置
  运行 16: '家，海南'
    字体: 未设置
    大小: 未设置
    粗体: 未设置
    斜体: 未设置
    下划线: 未设置
    标准颜色: 未设置
  运行 17: '15'
    字体: 未设置
    大小: 未设置
    粗体: 未设置
    斜体: 未设置
    下划线: 未设置
    标准颜色: 未设置
  运行 18: '家，'
    字体: 未设置
    大小: 未设置
    粗体: 未设置
    斜体: 未设置
    下划线: 未设置
    标准颜色: 未设置
  运行 19: '合计'
    字体: 未设置
    大小: 未设置
    粗体: 未设置
    斜体: 未设置
    下划线: 未设置
    标准颜色: 未设置
  运行 20: '625'
    字体: 未设置
    大小: 未设置
    粗体: 未设置
    斜体: 未设置
    下划线: 未设置
    标准颜色: 未设置
  运行 21: '家。'
    字体: 未设置
    大小: 未设置
    粗体: 未设置
    斜体: 未设置
    下划线: 未设置
    标准颜色: 未设置
  运行 22: '这些三级医院'
    字体: 未设置
    大小: 未设置
    粗体: 未设置
    斜体: 未设置
    下划线: 未设置
    标准颜色: 未设置
  运行 23: '大部分是省级医院和地级市医院，其'
    字体: 未设置
    大小: 未设置
    粗体: 未设置
    斜体: 未设置
    下划线: 未设置
    标准颜色: 未设置
  运行 24: '中'
    字体: 未设置
    大小: 未设置
    粗体: 未设置
    斜体: 未设置
    下划线: 未设置
    标准颜色: 未设置
  运行 25: '有不少是国家级的知名医院，如中山大学眼科中心中南大学湘雅医院、中南大学湘雅二院、福建医科大学附属第一医院等，这些医院'
    字体: 未设置
    大小: 未设置
    粗体: 未设置
    斜体: 未设置
    下划线: 未设置
    标准颜色: 未设置
  运行 26: '对高新科技产品更感兴趣，更关注临床科研研究和综合应用。可以在这些医院推广眼底病和白内障产品，以及高端的视光产品。'
    字体: 未设置
    大小: 未设置
    粗体: 未设置
    斜体: 未设置
    下划线: 未设置
    标准颜色: 未设置

段落 895:
文本内容: 大多数二级医院一般都是县级市医院，广东省有644家、福建省有288家、湖南省有620家、广西有370家，海南有56家，合计1978家。这些医院的眼科大多数都有开展屈光不正诊疗、白内障诊疗，开展眼底病的诊疗的较少。因此可以在二级医院推广视光产品和白内障产品为主，对于个别有开展眼底病诊疗的客户，也可推广相应的设备。
段落样式: 正文-缩进
从样式获取的格式:
  样式字体: 未设置
  样式字号: 未设置
  样式颜色: 未设置
对齐方式: 未设置
左缩进: 未设置
右缩进: 未设置
首行缩进: 未设置
行间距: 未设置
从XML读取的格式:
  运行 1: '大多数'
    字体: 未设置
    大小: 未设置
    粗体: 未设置
    斜体: 未设置
    下划线: 未设置
    标准颜色: 未设置
  运行 2: '二级医院一般都是'
    字体: 未设置
    大小: 未设置
    粗体: 未设置
    斜体: 未设置
    下划线: 未设置
    标准颜色: 未设置
  运行 3: '县级市医院'
    字体: 未设置
    大小: 未设置
    粗体: 未设置
    斜体: 未设置
    下划线: 未设置
    标准颜色: 未设置
  运行 4: '，广东省有'
    字体: 未设置
    大小: 未设置
    粗体: 未设置
    斜体: 未设置
    下划线: 未设置
    标准颜色: 未设置
  运行 5: '644'
    字体: 未设置
    大小: 未设置
    粗体: 未设置
    斜体: 未设置
    下划线: 未设置
    标准颜色: 未设置
  运行 6: '家、福建省有'
    字体: 未设置
    大小: 未设置
    粗体: 未设置
    斜体: 未设置
    下划线: 未设置
    标准颜色: 未设置
  运行 7: '288'
    字体: 未设置
    大小: 未设置
    粗体: 未设置
    斜体: 未设置
    下划线: 未设置
    标准颜色: 未设置
  运行 8: '家、湖南省有'
    字体: 未设置
    大小: 未设置
    粗体: 未设置
    斜体: 未设置
    下划线: 未设置
    标准颜色: 未设置
  运行 9: '620'
    字体: 未设置
    大小: 未设置
    粗体: 未设置
    斜体: 未设置
    下划线: 未设置
    标准颜色: 未设置
  运行 10: '家、广西有'
    字体: 未设置
    大小: 未设置
    粗体: 未设置
    斜体: 未设置
    下划线: 未设置
    标准颜色: 未设置
  运行 11: '370'
    字体: 未设置
    大小: 未设置
    粗体: 未设置
    斜体: 未设置
    下划线: 未设置
    标准颜色: 未设置
  运行 12: '家，'
    字体: 未设置
    大小: 未设置
    粗体: 未设置
    斜体: 未设置
    下划线: 未设置
    标准颜色: 未设置
  运行 13: '海南有'
    字体: 未设置
    大小: 未设置
    粗体: 未设置
    斜体: 未设置
    下划线: 未设置
    标准颜色: 未设置
  运行 14: '56'
    字体: 未设置
    大小: 未设置
    粗体: 未设置
    斜体: 未设置
    下划线: 未设置
    标准颜色: 未设置
  运行 15: '家，'
    字体: 未设置
    大小: 未设置
    粗体: 未设置
    斜体: 未设置
    下划线: 未设置
    标准颜色: 未设置
  运行 16: '合计'
    字体: 未设置
    大小: 未设置
    粗体: 未设置
    斜体: 未设置
    下划线: 未设置
    标准颜色: 未设置
  运行 17: '19'
    字体: 未设置
    大小: 未设置
    粗体: 未设置
    斜体: 未设置
    下划线: 未设置
    标准颜色: 未设置
  运行 18: '78'
    字体: 未设置
    大小: 未设置
    粗体: 未设置
    斜体: 未设置
    下划线: 未设置
    标准颜色: 未设置
  运行 19: '家。'
    字体: 未设置
    大小: 未设置
    粗体: 未设置
    斜体: 未设置
    下划线: 未设置
    标准颜色: 未设置
  运行 20: '这些医院的眼科大多数都有开展屈光不正诊疗、白内障诊疗，开展眼底病的诊疗的较少。因此可以在二级医院推广视光产品和白内障产品为主，对于个别有开展眼底病诊疗的客户，也可推广相应的设备。'
    字体: 未设置
    大小: 未设置
    粗体: 未设置
    斜体: 未设置
    下划线: 未设置
    标准颜色: 未设置

段落 896:
文本内容: 对于一级及以下医疗机构，广东省有468家，福建省有333家，湖南有490家，广西有382家、海南有33家，合计1706家。这些医院一般是社区卫生服务中心或者镇级卫生院，没有专门的眼科诊室，通常都是大内大外科，可以推广基础的门诊检查设备，如裂隙灯显微镜、电脑验光仪等。
段落样式: 正文-缩进
从样式获取的格式:
  样式字体: 未设置
  样式字号: 未设置
  样式颜色: 未设置
对齐方式: 未设置
左缩进: 未设置
右缩进: 未设置
首行缩进: 未设置
行间距: 未设置
从XML读取的格式:
  运行 1: '对于'
    字体: 未设置
    大小: 未设置
    粗体: 未设置
    斜体: 未设置
    下划线: 未设置
    标准颜色: 未设置
  运行 2: '一级及以下医疗'
    字体: 未设置
    大小: 未设置
    粗体: 未设置
    斜体: 未设置
    下划线: 未设置
    标准颜色: 未设置
  运行 3: '机构，广东省有'
    字体: 未设置
    大小: 未设置
    粗体: 未设置
    斜体: 未设置
    下划线: 未设置
    标准颜色: 未设置
  运行 4: '468'
    字体: 未设置
    大小: 未设置
    粗体: 未设置
    斜体: 未设置
    下划线: 未设置
    标准颜色: 未设置
  运行 5: '家'
    字体: 未设置
    大小: 未设置
    粗体: 未设置
    斜体: 未设置
    下划线: 未设置
    标准颜色: 未设置
  运行 6: '，福建省有'
    字体: 未设置
    大小: 未设置
    粗体: 未设置
    斜体: 未设置
    下划线: 未设置
    标准颜色: 未设置
  运行 7: '333'
    字体: 未设置
    大小: 未设置
    粗体: 未设置
    斜体: 未设置
    下划线: 未设置
    标准颜色: 未设置
  运行 8: '家，湖南有'
    字体: 未设置
    大小: 未设置
    粗体: 未设置
    斜体: 未设置
    下划线: 未设置
    标准颜色: 未设置
  运行 9: '490'
    字体: 未设置
    大小: 未设置
    粗体: 未设置
    斜体: 未设置
    下划线: 未设置
    标准颜色: 未设置
  运行 10: '家，广西有'
    字体: 未设置
    大小: 未设置
    粗体: 未设置
    斜体: 未设置
    下划线: 未设置
    标准颜色: 未设置
  运行 11: '382'
    字体: 未设置
    大小: 未设置
    粗体: 未设置
    斜体: 未设置
    下划线: 未设置
    标准颜色: 未设置
  运行 12: '家、海南有'
    字体: 未设置
    大小: 未设置
    粗体: 未设置
    斜体: 未设置
    下划线: 未设置
    标准颜色: 未设置
  运行 13: '33'
    字体: 未设置
    大小: 未设置
    粗体: 未设置
    斜体: 未设置
    下划线: 未设置
    标准颜色: 未设置
  运行 14: '家，合计'
    字体: 未设置
    大小: 未设置
    粗体: 未设置
    斜体: 未设置
    下划线: 未设置
    标准颜色: 未设置
  运行 15: '1706'
    字体: 未设置
    大小: 未设置
    粗体: 未设置
    斜体: 未设置
    下划线: 未设置
    标准颜色: 未设置
  运行 16: '家。这些医院一般是社区卫生服务中心或者镇级卫生院，没有专门的眼科诊室，通常都是大内大外科，可以推广基础的门诊检查设备，如裂隙灯显微镜、电脑验光仪等。'
    字体: 未设置
    大小: 未设置
    粗体: 未设置
    斜体: 未设置
    下划线: 未设置
    标准颜色: 未设置

段落 897:
文本内容: 目标市场
段落样式: Heading 3
从样式获取的格式:
  样式字体: 未设置
  样式字号: 未设置
  样式颜色: 未设置
对齐方式: 未设置
左缩进: 未设置
右缩进: 未设置
首行缩进: 未设置
行间距: 未设置
从XML读取的格式:
  运行 1: '目标市场'
    字体: 未设置
    大小: 未设置
    粗体: 未设置
    斜体: 未设置
    下划线: 未设置
    标准颜色: 未设置
  运行 2: ''
    字体: 未设置
    大小: 未设置
    粗体: 未设置
    斜体: 未设置
    下划线: 未设置
    标准颜色: 未设置
  运行 3: ''
    字体: 未设置
    大小: 未设置
    粗体: 未设置
    斜体: 未设置
    下划线: 未设置
    标准颜色: 未设置
  运行 4: ''
    字体: 未设置
    大小: 未设置
    粗体: 未设置
    斜体: 未设置
    下划线: 未设置
    标准颜色: 未设置
  运行 5: ''
    字体: 未设置
    大小: 未设置
    粗体: 未设置
    斜体: 未设置
    下划线: 未设置
    标准颜色: 未设置
  运行 6: ''
    字体: 未设置
    大小: 未设置
    粗体: 未设置
    斜体: 未设置
    下划线: 未设置
    标准颜色: 未设置
  运行 7: ''
    字体: 未设置
    大小: 未设置
    粗体: 未设置
    斜体: 未设置
    下划线: 未设置
    标准颜色: 未设置
  运行 8: ''
    字体: 未设置
    大小: 未设置
    粗体: 未设置
    斜体: 未设置
    下划线: 未设置
    标准颜色: 未设置
  运行 9: ''
    字体: 未设置
    大小: 未设置
    粗体: 未设置
    斜体: 未设置
    下划线: 未设置
    标准颜色: 未设置
  运行 10: ''
    字体: 未设置
    大小: 未设置
    粗体: 未设置
    斜体: 未设置
    下划线: 未设置
    标准颜色: 未设置
  运行 11: ''
    字体: 未设置
    大小: 未设置
    粗体: 未设置
    斜体: 未设置
    下划线: 未设置
    标准颜色: 未设置
  运行 12: ''
    字体: 未设置
    大小: 未设置
    粗体: 未设置
    斜体: 未设置
    下划线: 未设置
    标准颜色: 未设置
  运行 13: ''
    字体: 未设置
    大小: 未设置
    粗体: 未设置
    斜体: 未设置
    下划线: 未设置
    标准颜色: 未设置
  运行 14: ''
    字体: 未设置
    大小: 未设置
    粗体: 未设置
    斜体: 未设置
    下划线: 未设置
    标准颜色: 未设置
  运行 15: ''
    字体: 未设置
    大小: 未设置
    粗体: 未设置
    斜体: 未设置
    下划线: 未设置
    标准颜色: 未设置
  运行 16: ''
    字体: 未设置
    大小: 未设置
    粗体: 未设置
    斜体: 未设置
    下划线: 未设置
    标准颜色: 未设置
  运行 17: ''
    字体: 未设置
    大小: 未设置
    粗体: 未设置
    斜体: 未设置
    下划线: 未设置
    标准颜色: 未设置
  运行 18: ''
    字体: 未设置
    大小: 未设置
    粗体: 未设置
    斜体: 未设置
    下划线: 未设置
    标准颜色: 未设置
  运行 19: ''
    字体: 未设置
    大小: 未设置
    粗体: 未设置
    斜体: 未设置
    下划线: 未设置
    标准颜色: 未设置
  运行 20: ''
    字体: 未设置
    大小: 未设置
    粗体: 未设置
    斜体: 未设置
    下划线: 未设置
    标准颜色: 未设置
  运行 21: ''
    字体: 未设置
    大小: 未设置
    粗体: 未设置
    斜体: 未设置
    下划线: 未设置
    标准颜色: 未设置
  运行 22: ''
    字体: 未设置
    大小: 未设置
    粗体: 未设置
    斜体: 未设置
    下划线: 未设置
    标准颜色: 未设置
  运行 23: ''
    字体: 未设置
    大小: 未设置
    粗体: 未设置
    斜体: 未设置
    下划线: 未设置
    标准颜色: 未设置
  运行 24: ''
    字体: 未设置
    大小: 未设置
    粗体: 未设置
    斜体: 未设置
    下划线: 未设置
    标准颜色: 未设置
  运行 25: ''
    字体: 未设置
    大小: 未设置
    粗体: 未设置
    斜体: 未设置
    下划线: 未设置
    标准颜色: 未设置
  运行 26: ''
    字体: 未设置
    大小: 未设置
    粗体: 未设置
    斜体: 未设置
    下划线: 未设置
    标准颜色: 未设置
  运行 27: ''
    字体: 未设置
    大小: 未设置
    粗体: 未设置
    斜体: 未设置
    下划线: 未设置
    标准颜色: 未设置
  运行 28: ''
    字体: 未设置
    大小: 未设置
    粗体: 未设置
    斜体: 未设置
    下划线: 未设置
    标准颜色: 未设置

段落 898:
文本内容: 根据对Y公司2021年至2023年的销售数据分析可以得出，视光类产品ARK-1和NT-530等产品销售数量大，已经在同类产中排名处于领先地位。可以利用该产品的国产化优势，在市场上提供有竞争力的价格，继续保持视光市场竞争力。在白内障领域和眼底病，这两类产品销售的产品数量较少，明显低于蔡司、爱尔康、强生视力健、高视远望等公司。因此笔者就白内障和眼底病两类领域进行分析。
段落样式: 正文-缩进
从样式获取的格式:
  样式字体: 未设置
  样式字号: 未设置
  样式颜色: 未设置
对齐方式: 未设置
左缩进: 未设置
右缩进: 未设置
首行缩进: 未设置
行间距: 未设置
从XML读取的格式:
  运行 1: '根据对'
    字体: 未设置
    大小: 未设置
    粗体: 未设置
    斜体: 未设置
    下划线: 未设置
    标准颜色: 未设置
  运行 2: 'Y'
    字体: 未设置
    大小: 未设置
    粗体: 未设置
    斜体: 未设置
    下划线: 未设置
    标准颜色: 未设置
  运行 3: '公司'
    字体: 未设置
    大小: 未设置
    粗体: 未设置
    斜体: 未设置
    下划线: 未设置
    标准颜色: 未设置
  运行 4: '2021'
    字体: 未设置
    大小: 未设置
    粗体: 未设置
    斜体: 未设置
    下划线: 未设置
    标准颜色: 未设置
  运行 5: '年至'
    字体: 未设置
    大小: 未设置
    粗体: 未设置
    斜体: 未设置
    下划线: 未设置
    标准颜色: 未设置
  运行 6: '2023'
    字体: 未设置
    大小: 未设置
    粗体: 未设置
    斜体: 未设置
    下划线: 未设置
    标准颜色: 未设置
  运行 7: '年的销售数据分析可以得出，视光类产品'
    字体: 未设置
    大小: 未设置
    粗体: 未设置
    斜体: 未设置
    下划线: 未设置
    标准颜色: 未设置
  运行 8: 'ARK-1'
    字体: 未设置
    大小: 未设置
    粗体: 未设置
    斜体: 未设置
    下划线: 未设置
    标准颜色: 未设置
  运行 9: '和'
    字体: 未设置
    大小: 未设置
    粗体: 未设置
    斜体: 未设置
    下划线: 未设置
    标准颜色: 未设置
  运行 10: 'NT-530'
    字体: 未设置
    大小: 未设置
    粗体: 未设置
    斜体: 未设置
    下划线: 未设置
    标准颜色: 未设置
  运行 11: '等产品销售数量大，已经在同类产中排名处于领先地位。可以利用该产品的国产化优势，在市场上提供有竞争力的价格，继续保持视光市场竞争力。在白内障领域和眼底病，这两类产品销售的产品数量较少，明显低于蔡司、爱尔康、强生视力健、高视远望等公司。'
    字体: 未设置
    大小: 未设置
    粗体: 未设置
    斜体: 未设置
    下划线: 未设置
    标准颜色: 未设置
  运行 12: '因此'
    字体: 未设置
    大小: 未设置
    粗体: 未设置
    斜体: 未设置
    下划线: 未设置
    标准颜色: 未设置
  运行 13: '笔者'
    字体: 未设置
    大小: 未设置
    粗体: 未设置
    斜体: 未设置
    下划线: 未设置
    标准颜色: 未设置
  运行 14: '就白内障和眼底病两类领域进行分析'
    字体: 未设置
    大小: 未设置
    粗体: 未设置
    斜体: 未设置
    下划线: 未设置
    标准颜色: 未设置
  运行 15: '。'
    字体: 未设置
    大小: 未设置
    粗体: 未设置
    斜体: 未设置
    下划线: 未设置
    标准颜色: 未设置

段落 899:
文本内容: 在白内障领域，按照客户需求和购买力划分，应该在二级医院重点发力。辖区的二级医院有1978家，客户数量大，机会多。Y公司的白内产品总多，有评估患者角膜内皮细胞的内皮显微镜、有计算晶体度数的生物测量仪、有帮助医生做晶体选
段落样式: 正文-缩进
从样式获取的格式:
  样式字体: 未设置
  样式字号: 未设置
  样式颜色: 未设置
对齐方式: 未设置
左缩进: 未设置
右缩进: 未设置
首行缩进: 未设置
行间距: 未设置
从XML读取的格式:
  运行 1: '在白内障领域，按照客户需求和购买力划分，应该在二级医院重点发力。辖区的二级医院有'
    字体: 未设置
    大小: 未设置
    粗体: 未设置
    斜体: 未设置
    下划线: 未设置
    标准颜色: 未设置
  运行 2: '1978'
    字体: 未设置
    大小: 未设置
    粗体: 未设置
    斜体: 未设置
    下划线: 未设置
    标准颜色: 未设置
  运行 3: '家，客户数量大，机会多。'
    字体: 未设置
    大小: 未设置
    粗体: 未设置
    斜体: 未设置
    下划线: 未设置
    标准颜色: 未设置
  运行 4: 'Y'
    字体: 未设置
    大小: 未设置
    粗体: 未设置
    斜体: 未设置
    下划线: 未设置
    标准颜色: 未设置
  运行 5: '公司的白内产品总多，有评估患者角膜内皮细胞的内皮显微镜、有计算晶体度数的生物测量仪、有帮助医生做晶体选'
    字体: 未设置
    大小: 未设置
    粗体: 未设置
    斜体: 未设置
    下划线: 未设置
    标准颜色: 未设置

段落 900:
文本内容: 择和术后分析的屈光分析仪、有行白内障瘦的超声乳化仪、有处理后发障的眼前节YAG激光系统等。只要增加这个领域的市场投入，就势必会提高白内障产品的销售数量。
段落样式: Normal
从样式获取的格式:
  样式字体: Times New Roman
  样式字号: 152400
  样式字号(pt): 12.0
  样式颜色: 未设置
对齐方式: 未设置
左缩进: 未设置
右缩进: 未设置
首行缩进: 未设置
行间距: 未设置
从XML读取的格式:
  运行 1: '择和术后分析的屈光分析仪、有行白内障瘦的超声乳化仪、有处理后发障的'
    字体: 未设置
    大小: 未设置
    粗体: 未设置
    斜体: 未设置
    下划线: 未设置
    标准颜色: 未设置
  运行 2: '眼前节'
    字体: 未设置
    大小: 未设置
    粗体: 未设置
    斜体: 未设置
    下划线: 未设置
    标准颜色: 未设置
  运行 3: 'YAG'
    字体: 未设置
    大小: 未设置
    粗体: 未设置
    斜体: 未设置
    下划线: 未设置
    标准颜色: 未设置
  运行 4: '激光系统'
    字体: 未设置
    大小: 未设置
    粗体: 未设置
    斜体: 未设置
    下划线: 未设置
    标准颜色: 未设置
  运行 5: '等。只要增加这个领域的市场投入，就势必会提高白内障产品的销售数量。'
    字体: 未设置
    大小: 未设置
    粗体: 未设置
    斜体: 未设置
    下划线: 未设置
    标准颜色: 未设置

段落 901:
文本内容: 在眼底病领域，产品单价高，科技含量高。如眼科诊断仪Mirante SLO/OCT、光干涉断层扫描仪RS-3000Advance、多波长激光（绿、黄、红）MC-500、微视野视野计MP-3。按经济水平划分，应该重点对经济发达地区进行覆盖，如广州、深圳、长沙、南宁、福州、厦门等省会城市或者经济特区。特别是这些城市的三甲医院，需要重点关注和拜访，可以安排设备到医院试用，和医院开展科研课题合作。设备在这些医院的销售进院，不但会给公司业绩做出巨大贡献，而且也可以给省内乃至华南地区带来标杆示范作用。具体如表 5-3所示。
段落样式: 正文-缩进
从样式获取的格式:
  样式字体: 未设置
  样式字号: 未设置
  样式颜色: 未设置
对齐方式: 未设置
左缩进: 未设置
右缩进: 未设置
首行缩进: 未设置
行间距: 未设置
从XML读取的格式:
  运行 1: '在眼底病领域，产品单价高，科技含量高。如'
    字体: 未设置
    大小: 未设置
    粗体: 未设置
    斜体: 未设置
    下划线: 未设置
    标准颜色: 未设置
  运行 2: '眼科诊断仪'
    字体: 未设置
    大小: 未设置
    粗体: 未设置
    斜体: 未设置
    下划线: 未设置
    标准颜色: 未设置
  运行 3: 'Mirante SLO/OCT'
    字体: 未设置
    大小: 未设置
    粗体: 未设置
    斜体: 未设置
    下划线: 未设置
    标准颜色: 未设置
  运行 4: '、光干涉断层扫描仪'
    字体: 未设置
    大小: 未设置
    粗体: 未设置
    斜体: 未设置
    下划线: 未设置
    标准颜色: 未设置
  运行 5: 'RS-3000Advance'
    字体: 未设置
    大小: 未设置
    粗体: 未设置
    斜体: 未设置
    下划线: 未设置
    标准颜色: 未设置
  运行 6: '、多波长激光'
    字体: 未设置
    大小: 未设置
    粗体: 未设置
    斜体: 未设置
    下划线: 未设置
    标准颜色: 未设置
  运行 7: '（'
    字体: 未设置
    大小: 未设置
    粗体: 未设置
    斜体: 未设置
    下划线: 未设置
    标准颜色: 未设置
  运行 8: '绿、黄、红'
    字体: 未设置
    大小: 未设置
    粗体: 未设置
    斜体: 未设置
    下划线: 未设置
    标准颜色: 未设置
  运行 9: '）'
    字体: 未设置
    大小: 未设置
    粗体: 未设置
    斜体: 未设置
    下划线: 未设置
    标准颜色: 未设置
  运行 10: 'MC-500'
    字体: 未设置
    大小: 未设置
    粗体: 未设置
    斜体: 未设置
    下划线: 未设置
    标准颜色: 未设置
  运行 11: '、微视野视野计'
    字体: 未设置
    大小: 未设置
    粗体: 未设置
    斜体: 未设置
    下划线: 未设置
    标准颜色: 未设置
  运行 12: 'MP-3'
    字体: 未设置
    大小: 未设置
    粗体: 未设置
    斜体: 未设置
    下划线: 未设置
    标准颜色: 未设置
  运行 13: '。按经济水平划分，应该重点对经济发达地区进行覆盖，如广州、深'
    字体: 未设置
    大小: 未设置
    粗体: 未设置
    斜体: 未设置
    下划线: 未设置
    标准颜色: 未设置
  运行 14: '圳、长沙、南宁、福州、厦门等省会城市或者经济特区。特别是这些城市的三甲医院，需要重点关注和拜访，可以安排设备到医院试用，和医院开展科研课题合作。设备在这些医院的销售进院，不但会给公司业绩做出巨大贡献，而且也可以给省内乃至华南地区带来标杆示范作用。具体如'
    字体: 未设置
    大小: 未设置
    粗体: 未设置
    斜体: 未设置
    下划线: 未设置
    标准颜色: 未设置
  运行 15: ''
    字体: 未设置
    大小: 未设置
    粗体: 未设置
    斜体: 未设置
    下划线: 未设置
    标准颜色: 未设置
  运行 16: ''
    字体: 未设置
    大小: 未设置
    粗体: 未设置
    斜体: 未设置
    下划线: 未设置
    标准颜色: 未设置
  运行 17: ''
    字体: 未设置
    大小: 未设置
    粗体: 未设置
    斜体: 未设置
    下划线: 未设置
    标准颜色: 未设置
  运行 18: '表'
    字体: 未设置
    大小: 未设置
    粗体: 未设置
    斜体: 未设置
    下划线: 未设置
    标准颜色: 未设置
  运行 19: ' '
    字体: 未设置
    大小: 未设置
    粗体: 未设置
    斜体: 未设置
    下划线: 未设置
    标准颜色: 未设置
  运行 20: '5'
    字体: 未设置
    大小: 未设置
    粗体: 未设置
    斜体: 未设置
    下划线: 未设置
    标准颜色: 未设置
  运行 21: '-'
    字体: 未设置
    大小: 未设置
    粗体: 未设置
    斜体: 未设置
    下划线: 未设置
    标准颜色: 未设置
  运行 22: '3'
    字体: 未设置
    大小: 未设置
    粗体: 未设置
    斜体: 未设置
    下划线: 未设置
    标准颜色: 未设置
  运行 23: ''
    字体: 未设置
    大小: 未设置
    粗体: 未设置
    斜体: 未设置
    下划线: 未设置
    标准颜色: 未设置
  运行 24: '所示。'
    字体: 未设置
    大小: 未设置
    粗体: 未设置
    斜体: 未设置
    下划线: 未设置
    标准颜色: 未设置

段落 903:
文本内容: 表 5-3　Y公司产品目标市场细分
段落样式: Caption
从样式获取的格式:
  样式字体: 未设置
  样式字号: 未设置
  样式颜色: 未设置
对齐方式: 未设置
左缩进: 未设置
右缩进: 未设置
首行缩进: 未设置
行间距: 未设置
从XML读取的格式:
  运行 1: '表'
    字体: 未设置
    大小: 未设置
    粗体: 未设置
    斜体: 未设置
    下划线: 未设置
    标准颜色: 未设置
  运行 2: ' '
    字体: 未设置
    大小: 未设置
    粗体: 未设置
    斜体: 未设置
    下划线: 未设置
    标准颜色: 未设置
  运行 3: ''
    字体: 未设置
    大小: 未设置
    粗体: 未设置
    斜体: 未设置
    下划线: 未设置
    标准颜色: 未设置
  运行 4: ''
    字体: 未设置
    大小: 未设置
    粗体: 未设置
    斜体: 未设置
    下划线: 未设置
    标准颜色: 未设置
  运行 5: ''
    字体: 未设置
    大小: 未设置
    粗体: 未设置
    斜体: 未设置
    下划线: 未设置
    标准颜色: 未设置
  运行 6: ''
    字体: 未设置
    大小: 未设置
    粗体: 未设置
    斜体: 未设置
    下划线: 未设置
    标准颜色: 未设置
  运行 7: ''
    字体: 未设置
    大小: 未设置
    粗体: 未设置
    斜体: 未设置
    下划线: 未设置
    标准颜色: 未设置
  运行 8: '5'
    字体: 未设置
    大小: 未设置
    粗体: 未设置
    斜体: 未设置
    下划线: 未设置
    标准颜色: 未设置
  运行 9: ''
    字体: 未设置
    大小: 未设置
    粗体: 未设置
    斜体: 未设置
    下划线: 未设置
    标准颜色: 未设置
  运行 10: '-'
    字体: 未设置
    大小: 未设置
    粗体: 未设置
    斜体: 未设置
    下划线: 未设置
    标准颜色: 未设置
  运行 11: ''
    字体: 未设置
    大小: 未设置
    粗体: 未设置
    斜体: 未设置
    下划线: 未设置
    标准颜色: 未设置
  运行 12: ''
    字体: 未设置
    大小: 未设置
    粗体: 未设置
    斜体: 未设置
    下划线: 未设置
    标准颜色: 未设置
  运行 13: ''
    字体: 未设置
    大小: 未设置
    粗体: 未设置
    斜体: 未设置
    下划线: 未设置
    标准颜色: 未设置
  运行 14: ''
    字体: 未设置
    大小: 未设置
    粗体: 未设置
    斜体: 未设置
    下划线: 未设置
    标准颜色: 未设置
  运行 15: ''
    字体: 未设置
    大小: 未设置
    粗体: 未设置
    斜体: 未设置
    下划线: 未设置
    标准颜色: 未设置
  运行 16: ''
    字体: 未设置
    大小: 未设置
    粗体: 未设置
    斜体: 未设置
    下划线: 未设置
    标准颜色: 未设置
  运行 17: ''
    字体: 未设置
    大小: 未设置
    粗体: 未设置
    斜体: 未设置
    下划线: 未设置
    标准颜色: 未设置
  运行 18: '3'
    字体: 未设置
    大小: 未设置
    粗体: 未设置
    斜体: 未设置
    下划线: 未设置
    标准颜色: 未设置
  运行 19: ''
    字体: 未设置
    大小: 未设置
    粗体: 未设置
    斜体: 未设置
    下划线: 未设置
    标准颜色: 未设置
  运行 20: '　'
    字体: 未设置
    大小: 未设置
    粗体: 未设置
    斜体: 未设置
    下划线: 未设置
    标准颜色: 未设置
  运行 21: 'Y'
    字体: 未设置
    大小: 未设置
    粗体: 未设置
    斜体: 未设置
    下划线: 未设置
    标准颜色: 未设置
  运行 22: '公司产品'
    字体: 未设置
    大小: 未设置
    粗体: 未设置
    斜体: 未设置
    下划线: 未设置
    标准颜色: 未设置
  运行 23: '目标市场细分'
    字体: 未设置
    大小: 未设置
    粗体: 未设置
    斜体: 未设置
    下划线: 未设置
    标准颜色: 未设置

段落 904:
文本内容: 资料来源：作者整理，Y公司内部数据，2024
段落样式: 厦大表注
从样式获取的格式:
  样式字体: 未设置
  样式字号: 114300
  样式字号(pt): 9.0
  样式颜色: 000000
对齐方式: 未设置
左缩进: 未设置
右缩进: 未设置
首行缩进: 未设置
行间距: 未设置
从XML读取的格式:
  运行 1: '资料来源：'
    字体: 未设置
    大小: 未设置
    粗体: 未设置
    斜体: 未设置
    下划线: 未设置
    标准颜色: 未设置
  运行 2: '作者整'
    字体: 未设置
    大小: 未设置
    粗体: 未设置
    斜体: 未设置
    下划线: 未设置
    标准颜色: 未设置
  运行 3: '理，'
    字体: 未设置
    大小: 未设置
    粗体: 未设置
    斜体: 未设置
    下划线: 未设置
    标准颜色: 未设置
  运行 4: 'Y'
    字体: 未设置
    大小: 未设置
    粗体: 未设置
    斜体: 未设置
    下划线: 未设置
    标准颜色: 未设置
  运行 5: '公司内部数据'
    字体: 未设置
    大小: 未设置
    粗体: 未设置
    斜体: 未设置
    下划线: 未设置
    标准颜色: 未设置
  运行 6: '，'
    字体: 未设置
    大小: 未设置
    粗体: 未设置
    斜体: 未设置
    下划线: 未设置
    标准颜色: 未设置
  运行 7: '202'
    字体: 未设置
    大小: 未设置
    粗体: 未设置
    斜体: 未设置
    下划线: 未设置
    标准颜色: 未设置
  运行 8: '4'
    字体: 未设置
    大小: 未设置
    粗体: 未设置
    斜体: 未设置
    下划线: 未设置
    标准颜色: 未设置

段落 906:
文本内容: 综上所述，Y公司应该在巩固视光产品市场的前提下，重点发力于白内障和眼底病领域市场，抓住经济发达地区的大型三甲综合性医院或三级眼科专科医院。
段落样式: 正文-缩进
从样式获取的格式:
  样式字体: 未设置
  样式字号: 未设置
  样式颜色: 未设置
对齐方式: 未设置
左缩进: 未设置
右缩进: 未设置
首行缩进: 未设置
行间距: 未设置
从XML读取的格式:
  运行 1: '综上所述，'
    字体: 未设置
    大小: 未设置
    粗体: 未设置
    斜体: 未设置
    下划线: 未设置
    标准颜色: 未设置
  运行 2: 'Y'
    字体: 未设置
    大小: 未设置
    粗体: 未设置
    斜体: 未设置
    下划线: 未设置
    标准颜色: 未设置
  运行 3: '公司应该在巩固视光产品市场的前提下，重点发力于白内障和眼底病领域市场，抓住经济发达地区的大型三甲综合性医院或三级眼科专科医院。'
    字体: 未设置
    大小: 未设置
    粗体: 未设置
    斜体: 未设置
    下划线: 未设置
    标准颜色: 未设置

段落 907:
文本内容: 市场定位
段落样式: Heading 3
从样式获取的格式:
  样式字体: 未设置
  样式字号: 未设置
  样式颜色: 未设置
对齐方式: 未设置
左缩进: 未设置
右缩进: 未设置
首行缩进: 未设置
行间距: 未设置
从XML读取的格式:
  运行 1: '市场定位'
    字体: 未设置
    大小: 未设置
    粗体: 未设置
    斜体: 未设置
    下划线: 未设置
    标准颜色: 未设置
  运行 2: ''
    字体: 未设置
    大小: 未设置
    粗体: 未设置
    斜体: 未设置
    下划线: 未设置
    标准颜色: 未设置
  运行 3: ''
    字体: 未设置
    大小: 未设置
    粗体: 未设置
    斜体: 未设置
    下划线: 未设置
    标准颜色: 未设置
  运行 4: ''
    字体: 未设置
    大小: 未设置
    粗体: 未设置
    斜体: 未设置
    下划线: 未设置
    标准颜色: 未设置
  运行 5: ''
    字体: 未设置
    大小: 未设置
    粗体: 未设置
    斜体: 未设置
    下划线: 未设置
    标准颜色: 未设置
  运行 6: ''
    字体: 未设置
    大小: 未设置
    粗体: 未设置
    斜体: 未设置
    下划线: 未设置
    标准颜色: 未设置
  运行 7: ''
    字体: 未设置
    大小: 未设置
    粗体: 未设置
    斜体: 未设置
    下划线: 未设置
    标准颜色: 未设置
  运行 8: ''
    字体: 未设置
    大小: 未设置
    粗体: 未设置
    斜体: 未设置
    下划线: 未设置
    标准颜色: 未设置
  运行 9: ''
    字体: 未设置
    大小: 未设置
    粗体: 未设置
    斜体: 未设置
    下划线: 未设置
    标准颜色: 未设置

段落 908:
文本内容:     通过市场细分，选择了目标市场后，Y公司需重新定位市场。在视光领域产品，需要定位在高端市场，Y公司眼科医疗器械领域拥有较高的技术水平和产品质量，能够满足高端市场的需求。公司需要继续提供高品质的产品和服务，以及有效的市场推广策略，来确保其在高端市场的地位和市场份额。如表 5-4所示。
段落样式: 正文-缩进
从样式获取的格式:
  样式字体: 未设置
  样式字号: 未设置
  样式颜色: 未设置
对齐方式: 未设置
左缩进: 未设置
右缩进: 未设置
首行缩进: 未设置
行间距: 未设置
从XML读取的格式:
  运行 1: '    '
    字体: 未设置
    大小: 未设置
    粗体: 未设置
    斜体: 未设置
    下划线: 未设置
    标准颜色: 未设置
  运行 2: '通过市场细分，选择了目标市场后，'
    字体: 未设置
    大小: 未设置
    粗体: 未设置
    斜体: 未设置
    下划线: 未设置
    标准颜色: 未设置
  运行 3: 'Y'
    字体: 未设置
    大小: 未设置
    粗体: 未设置
    斜体: 未设置
    下划线: 未设置
    标准颜色: 未设置
  运行 4: '公司需重新定位市场。在视光领域产品，需要定位在高端'
    字体: 未设置
    大小: 未设置
    粗体: 未设置
    斜体: 未设置
    下划线: 未设置
    标准颜色: 未设置
  运行 5: '市场，'
    字体: 未设置
    大小: 未设置
    粗体: 未设置
    斜体: 未设置
    下划线: 未设置
    标准颜色: 未设置
  运行 6: 'Y'
    字体: 未设置
    大小: 未设置
    粗体: 未设置
    斜体: 未设置
    下划线: 未设置
    标准颜色: 未设置
  运行 7: '公司'
    字体: 未设置
    大小: 未设置
    粗体: 未设置
    斜体: 未设置
    下划线: 未设置
    标准颜色: 未设置
  运行 8: '眼科医疗器械领域拥有较高的技术水平和产品质量，能够满足高端市场的需求'
    字体: 未设置
    大小: 未设置
    粗体: 未设置
    斜体: 未设置
    下划线: 未设置
    标准颜色: 未设置
  运行 9: '。公司需要继续提供高品质的产品和服务，以及有效的市场推广策略，来确保其在高端市场的地位和市场份额'
    字体: 未设置
    大小: 未设置
    粗体: 未设置
    斜体: 未设置
    下划线: 未设置
    标准颜色: 未设置
  运行 10: '。'
    字体: 未设置
    大小: 未设置
    粗体: 未设置
    斜体: 未设置
    下划线: 未设置
    标准颜色: 未设置
  运行 11: '如'
    字体: 未设置
    大小: 未设置
    粗体: 未设置
    斜体: 未设置
    下划线: 未设置
    标准颜色: 未设置
  运行 12: ''
    字体: 未设置
    大小: 未设置
    粗体: 未设置
    斜体: 未设置
    下划线: 未设置
    标准颜色: 未设置
  运行 13: ''
    字体: 未设置
    大小: 未设置
    粗体: 未设置
    斜体: 未设置
    下划线: 未设置
    标准颜色: 未设置
  运行 14: ''
    字体: 未设置
    大小: 未设置
    粗体: 未设置
    斜体: 未设置
    下划线: 未设置
    标准颜色: 未设置
  运行 15: ''
    字体: 未设置
    大小: 未设置
    粗体: 未设置
    斜体: 未设置
    下划线: 未设置
    标准颜色: 未设置
  运行 16: ''
    字体: 未设置
    大小: 未设置
    粗体: 未设置
    斜体: 未设置
    下划线: 未设置
    标准颜色: 未设置
  运行 17: '表'
    字体: 未设置
    大小: 未设置
    粗体: 未设置
    斜体: 未设置
    下划线: 未设置
    标准颜色: 未设置
  运行 18: ' '
    字体: 未设置
    大小: 未设置
    粗体: 未设置
    斜体: 未设置
    下划线: 未设置
    标准颜色: 未设置
  运行 19: '5'
    字体: 未设置
    大小: 未设置
    粗体: 未设置
    斜体: 未设置
    下划线: 未设置
    标准颜色: 未设置
  运行 20: '-'
    字体: 未设置
    大小: 未设置
    粗体: 未设置
    斜体: 未设置
    下划线: 未设置
    标准颜色: 未设置
  运行 21: '4'
    字体: 未设置
    大小: 未设置
    粗体: 未设置
    斜体: 未设置
    下划线: 未设置
    标准颜色: 未设置
  运行 22: ''
    字体: 未设置
    大小: 未设置
    粗体: 未设置
    斜体: 未设置
    下划线: 未设置
    标准颜色: 未设置
  运行 23: '所示'
    字体: 未设置
    大小: 未设置
    粗体: 未设置
    斜体: 未设置
    下划线: 未设置
    标准颜色: 未设置
  运行 24: '。'
    字体: 未设置
    大小: 未设置
    粗体: 未设置
    斜体: 未设置
    下划线: 未设置
    标准颜色: 未设置

段落 910:
文本内容: 表 5-4　Y公司重点产品市场定位
段落样式: Caption
从样式获取的格式:
  样式字体: 未设置
  样式字号: 未设置
  样式颜色: 未设置
对齐方式: 未设置
左缩进: 未设置
右缩进: 未设置
首行缩进: 未设置
行间距: 未设置
从XML读取的格式:
  运行 1: '表'
    字体: 未设置
    大小: 未设置
    粗体: 未设置
    斜体: 未设置
    下划线: 未设置
    标准颜色: 未设置
  运行 2: ' '
    字体: 未设置
    大小: 未设置
    粗体: 未设置
    斜体: 未设置
    下划线: 未设置
    标准颜色: 未设置
  运行 3: ''
    字体: 未设置
    大小: 未设置
    粗体: 未设置
    斜体: 未设置
    下划线: 未设置
    标准颜色: 未设置
  运行 4: ''
    字体: 未设置
    大小: 未设置
    粗体: 未设置
    斜体: 未设置
    下划线: 未设置
    标准颜色: 未设置
  运行 5: ''
    字体: 未设置
    大小: 未设置
    粗体: 未设置
    斜体: 未设置
    下划线: 未设置
    标准颜色: 未设置
  运行 6: ''
    字体: 未设置
    大小: 未设置
    粗体: 未设置
    斜体: 未设置
    下划线: 未设置
    标准颜色: 未设置
  运行 7: ''
    字体: 未设置
    大小: 未设置
    粗体: 未设置
    斜体: 未设置
    下划线: 未设置
    标准颜色: 未设置
  运行 8: '5'
    字体: 未设置
    大小: 未设置
    粗体: 未设置
    斜体: 未设置
    下划线: 未设置
    标准颜色: 未设置
  运行 9: ''
    字体: 未设置
    大小: 未设置
    粗体: 未设置
    斜体: 未设置
    下划线: 未设置
    标准颜色: 未设置
  运行 10: '-'
    字体: 未设置
    大小: 未设置
    粗体: 未设置
    斜体: 未设置
    下划线: 未设置
    标准颜色: 未设置
  运行 11: ''
    字体: 未设置
    大小: 未设置
    粗体: 未设置
    斜体: 未设置
    下划线: 未设置
    标准颜色: 未设置
  运行 12: ''
    字体: 未设置
    大小: 未设置
    粗体: 未设置
    斜体: 未设置
    下划线: 未设置
    标准颜色: 未设置
  运行 13: ''
    字体: 未设置
    大小: 未设置
    粗体: 未设置
    斜体: 未设置
    下划线: 未设置
    标准颜色: 未设置
  运行 14: ''
    字体: 未设置
    大小: 未设置
    粗体: 未设置
    斜体: 未设置
    下划线: 未设置
    标准颜色: 未设置
  运行 15: ''
    字体: 未设置
    大小: 未设置
    粗体: 未设置
    斜体: 未设置
    下划线: 未设置
    标准颜色: 未设置
  运行 16: ''
    字体: 未设置
    大小: 未设置
    粗体: 未设置
    斜体: 未设置
    下划线: 未设置
    标准颜色: 未设置
  运行 17: ''
    字体: 未设置
    大小: 未设置
    粗体: 未设置
    斜体: 未设置
    下划线: 未设置
    标准颜色: 未设置
  运行 18: '4'
    字体: 未设置
    大小: 未设置
    粗体: 未设置
    斜体: 未设置
    下划线: 未设置
    标准颜色: 未设置
  运行 19: ''
    字体: 未设置
    大小: 未设置
    粗体: 未设置
    斜体: 未设置
    下划线: 未设置
    标准颜色: 未设置
  运行 20: '　'
    字体: 未设置
    大小: 未设置
    粗体: 未设置
    斜体: 未设置
    下划线: 未设置
    标准颜色: 未设置
  运行 21: 'Y'
    字体: 未设置
    大小: 未设置
    粗体: 未设置
    斜体: 未设置
    下划线: 未设置
    标准颜色: 未设置
  运行 22: '公司'
    字体: 未设置
    大小: 未设置
    粗体: 未设置
    斜体: 未设置
    下划线: 未设置
    标准颜色: 未设置
  运行 23: '重点产品市场定位'
    字体: 未设置
    大小: 未设置
    粗体: 未设置
    斜体: 未设置
    下划线: 未设置
    标准颜色: 未设置

段落 911:
文本内容: 资料来源：作者整理，Y公司内部数据，2024
段落样式: 厦大表注
从样式获取的格式:
  样式字体: 未设置
  样式字号: 114300
  样式字号(pt): 9.0
  样式颜色: 000000
对齐方式: 未设置
左缩进: 未设置
右缩进: 未设置
首行缩进: 未设置
行间距: 未设置
从XML读取的格式:
  运行 1: '资料来源：'
    字体: 未设置
    大小: 未设置
    粗体: 未设置
    斜体: 未设置
    下划线: 未设置
    标准颜色: 未设置
  运行 2: '作者整'
    字体: 未设置
    大小: 未设置
    粗体: 未设置
    斜体: 未设置
    下划线: 未设置
    标准颜色: 未设置
  运行 3: '理，'
    字体: 未设置
    大小: 未设置
    粗体: 未设置
    斜体: 未设置
    下划线: 未设置
    标准颜色: 未设置
  运行 4: 'Y'
    字体: 未设置
    大小: 未设置
    粗体: 未设置
    斜体: 未设置
    下划线: 未设置
    标准颜色: 未设置
  运行 5: '公司内部'
    字体: 未设置
    大小: 未设置
    粗体: 未设置
    斜体: 未设置
    下划线: 未设置
    标准颜色: 未设置
  运行 6: '数据'
    字体: 未设置
    大小: 未设置
    粗体: 未设置
    斜体: 未设置
    下划线: 未设置
    标准颜色: 未设置
  运行 7: '，'
    字体: 未设置
    大小: 未设置
    粗体: 未设置
    斜体: 未设置
    下划线: 未设置
    标准颜色: 未设置
  运行 8: '202'
    字体: 未设置
    大小: 未设置
    粗体: 未设置
    斜体: 未设置
    下划线: 未设置
    标准颜色: 未设置
  运行 9: '4'
    字体: 未设置
    大小: 未设置
    粗体: 未设置
    斜体: 未设置
    下划线: 未设置
    标准颜色: 未设置

段落 913:
文本内容: 从白内障设备的市场定位来看，公司白内障设备主要面向高端眼科医疗市场。
段落样式: 正文-缩进
从样式获取的格式:
  样式字体: 未设置
  样式字号: 未设置
  样式颜色: 未设置
对齐方式: 未设置
左缩进: 未设置
右缩进: 未设置
首行缩进: 未设置
行间距: 未设置
从XML读取的格式:
  运行 1: '从白内障设备的'
    字体: 未设置
    大小: 未设置
    粗体: 未设置
    斜体: 未设置
    下划线: 未设置
    标准颜色: 未设置
  运行 2: '市场定位来看，'
    字体: 未设置
    大小: 未设置
    粗体: 未设置
    斜体: 未设置
    下划线: 未设置
    标准颜色: 未设置
  运行 3: '公司'
    字体: 未设置
    大小: 未设置
    粗体: 未设置
    斜体: 未设置
    下划线: 未设置
    标准颜色: 未设置
  运行 4: '白内障设备主要面向高端眼科医疗市场。'
    字体: 未设置
    大小: 未设置
    粗体: 未设置
    斜体: 未设置
    下划线: 未设置
    标准颜色: 未设置

段落 914:
文本内容: 虽然价格相对较高，但考虑到其卓越的性能和品质，以及能够为医疗机构和医生带来的实际效益，这一价格定位是合理的。白内障诊疗设备主要聚焦于提供高精度、高效能且用户友好的眼科诊疗设备，以满足医疗机构和眼科医生在白内障手术及其相关诊疗过程中的需求。从产品技术层面来看，白内障设备采用了先进的测量和分析技术，如OPD-Scan III屈光分析仪能够快速、准确地为白内障患者完成测量，并提供有价值的诊断建议。这些设备不仅具有测量范围大、操作简易的特性，而且能够精准提供全眼、角膜、眼内的波像前差以及全眼散光和角膜散光、日间和夜间瞳孔及Kappa角、Alpha角、角膜球差等关键信息，从而帮助医生为患者选择最适合的人工晶状体，并全程评估患者的视觉质量。同时公司也致力于通过不断的研发和创新，提高产品的性价比，以满足更广泛的市场需求。
段落样式: 正文-缩进
从样式获取的格式:
  样式字体: 未设置
  样式字号: 未设置
  样式颜色: 未设置
对齐方式: 未设置
左缩进: 未设置
右缩进: 未设置
首行缩进: 0
行间距: 未设置
从XML读取的格式:
  运行 1: '虽然价格相对较高'
    字体: 未设置
    大小: 未设置
    粗体: 未设置
    斜体: 未设置
    下划线: 未设置
    标准颜色: 未设置
  运行 2: '，'
    字体: 未设置
    大小: 未设置
    粗体: 未设置
    斜体: 未设置
    下划线: 未设置
    标准颜色: 未设置
  运行 3: '但考虑到其卓越的性能和品质，以及能够为医疗机构和医生带来的实际效益，这一价格定位是合理的。'
    字体: 未设置
    大小: 未设置
    粗体: 未设置
    斜体: 未设置
    下划线: 未设置
    标准颜色: 未设置
  运行 4: '白内障诊疗设备主要聚焦于提供高精度、高效能且用户友好的眼科诊疗设备，以满足医疗机构和眼科医生在白内障手术及其相关诊疗过程中的需求。从产品技术层面来看，白内障设备采用了先进的测量和分析技术，如'
    字体: 未设置
    大小: 未设置
    粗体: 未设置
    斜体: 未设置
    下划线: 未设置
    标准颜色: 未设置
  运行 5: 'OPD-Scan III'
    字体: 未设置
    大小: 未设置
    粗体: 未设置
    斜体: 未设置
    下划线: 未设置
    标准颜色: 未设置
  运行 6: '屈光分析仪能够快速、准确地为白内障患者完成测量，并提供有价值的'
    字体: 未设置
    大小: 未设置
    粗体: 未设置
    斜体: 未设置
    下划线: 未设置
    标准颜色: 未设置
  运行 7: '诊断建议'
    字体: 未设置
    大小: 未设置
    粗体: 未设置
    斜体: 未设置
    下划线: 未设置
    标准颜色: 未设置
  运行 8: '。这些设备不仅具有测量范围大、操作简易的特性，而且能够精准提供全眼、角膜、眼内的波像前差以及全眼散光和角膜散光、日间和夜间瞳孔及'
    字体: 未设置
    大小: 未设置
    粗体: 未设置
    斜体: 未设置
    下划线: 未设置
    标准颜色: 未设置
  运行 9: 'Kappa'
    字体: 未设置
    大小: 未设置
    粗体: 未设置
    斜体: 未设置
    下划线: 未设置
    标准颜色: 未设置
  运行 10: '角、'
    字体: 未设置
    大小: 未设置
    粗体: 未设置
    斜体: 未设置
    下划线: 未设置
    标准颜色: 未设置
  运行 11: 'Alpha'
    字体: 未设置
    大小: 未设置
    粗体: 未设置
    斜体: 未设置
    下划线: 未设置
    标准颜色: 未设置
  运行 12: '角、角膜球差等关键信息，从而帮助医生为患者选择最适合的人工晶状体，并全程评估患者的视觉质量。'
    字体: 未设置
    大小: 未设置
    粗体: 未设置
    斜体: 未设置
    下划线: 未设置
    标准颜色: 未设置
  运行 13: '同时'
    字体: 未设置
    大小: 未设置
    粗体: 未设置
    斜体: 未设置
    下划线: 未设置
    标准颜色: 未设置
  运行 14: '公司'
    字体: 未设置
    大小: 未设置
    粗体: 未设置
    斜体: 未设置
    下划线: 未设置
    标准颜色: 未设置
  运行 15: '也致力于通过不断的研发和创新，提高产品的性价比，以满足更广泛的市场需求。'
    字体: 未设置
    大小: 未设置
    粗体: 未设置
    斜体: 未设置
    下划线: 未设置
    标准颜色: 未设置

段落 915:
文本内容: 从眼底产品的市场定位来看，应该根据具体的产品来做细分定位。例如微视野视野计MP-3的市场定位可以概括为：面向眼科医生和相关医疗机构的高端、专业眼科医疗诊断设备，以其先进的技术特点和卓越的性能满足客户对于高精度眼科测量的需求。从技术特点来看，MP-3具有测量范围宽、自动追踪和自动对焦、高分辨率免散瞳眼底照相机以及治疗前和治疗后的测量结果对位比较等功能。这些特点使得它在眼科诊断、视觉功能评估以及眼科治疗后的效果评估等领域具有广泛的应用前景。因此MP-3可以定位为高端、专业的眼科医疗诊断设备。考虑到目标客户的需求，MP-3的市场定位应着重于眼科医生、眼科诊所、医院眼科部门以及相关的研究机构。这些客户对于精确、可靠的眼科测量设备有着较高的需求，MP-3正能够满足他们对于高质量眼科诊疗和研究的需要。此外与市场上的其他竞品相比，MP-3具有其独特之处。例如，与MP-1相比，MP-3具有更大的阈值范围和更宽的刺激光强度范围，能够测量到临界阈值，并评估很低视敏度以区分盲点。这些优势使得MP-3在市场上具有更强的竞争力，能够吸引更多对性能要求较高的客户。
段落样式: 正文-缩进
从样式获取的格式:
  样式字体: 未设置
  样式字号: 未设置
  样式颜色: 未设置
对齐方式: 未设置
左缩进: 未设置
右缩进: 未设置
首行缩进: 未设置
行间距: 未设置
从XML读取的格式:
  运行 1: '从眼底产品的市场定位来看，应该根据具体的产品来做细分定位。例如'
    字体: 未设置
    大小: 未设置
    粗体: 未设置
    斜体: 未设置
    下划线: 未设置
    标准颜色: 未设置
  运行 2: '微视野视野计'
    字体: 未设置
    大小: 未设置
    粗体: 未设置
    斜体: 未设置
    下划线: 未设置
    标准颜色: 未设置
  运行 3: 'MP-3'
    字体: 未设置
    大小: 未设置
    粗体: 未设置
    斜体: 未设置
    下划线: 未设置
    标准颜色: 未设置
  运行 4: '的市场定位可以概括为：面向眼科医生和相关医疗机构的高端、专业眼科医疗诊断设备，以其先进的技术特点和卓越的性能满足客户对于高精度眼科测量的需求。'
    字体: 未设置
    大小: 未设置
    粗体: 未设置
    斜体: 未设置
    下划线: 未设置
    标准颜色: 未设置
  运行 5: '从技术特点来看，'
    字体: 未设置
    大小: 未设置
    粗体: 未设置
    斜体: 未设置
    下划线: 未设置
    标准颜色: 未设置
  运行 6: 'MP-3'
    字体: 未设置
    大小: 未设置
    粗体: 未设置
    斜体: 未设置
    下划线: 未设置
    标准颜色: 未设置
  运行 7: '具有测量范围宽、自动追踪和自动对焦、高分辨率免散瞳眼底照相机以及治疗前和治疗后的测量结果对位比较等功能。这些特点使得它在眼科诊断、视觉功能评估以及眼科治疗后的效果评估等领域具有广泛的应用前景。因此'
    字体: 未设置
    大小: 未设置
    粗体: 未设置
    斜体: 未设置
    下划线: 未设置
    标准颜色: 未设置
  运行 8: 'MP-3'
    字体: 未设置
    大小: 未设置
    粗体: 未设置
    斜体: 未设置
    下划线: 未设置
    标准颜色: 未设置
  运行 9: '可以定位为高端、专业的眼科医疗诊断设备。考虑到目标客户的需求，'
    字体: 未设置
    大小: 未设置
    粗体: 未设置
    斜体: 未设置
    下划线: 未设置
    标准颜色: 未设置
  运行 10: 'MP-3'
    字体: 未设置
    大小: 未设置
    粗体: 未设置
    斜体: 未设置
    下划线: 未设置
    标准颜色: 未设置
  运行 11: '的市场定位应着重于眼科医生、眼科诊所、医院眼科部门以及相关的研究机构。这些客户对于精确、可靠的眼科测量设备有着较高的需求，'
    字体: 未设置
    大小: 未设置
    粗体: 未设置
    斜体: 未设置
    下划线: 未设置
    标准颜色: 未设置
  运行 12: 'MP-3'
    字体: 未设置
    大小: 未设置
    粗体: 未设置
    斜体: 未设置
    下划线: 未设置
    标准颜色: 未设置
  运行 13: '正能够满足他们对于高质量眼科诊疗和研究的需要。此外与市场上的其他竞品相比，'
    字体: 未设置
    大小: 未设置
    粗体: 未设置
    斜体: 未设置
    下划线: 未设置
    标准颜色: 未设置
  运行 14: 'MP-3'
    字体: 未设置
    大小: 未设置
    粗体: 未设置
    斜体: 未设置
    下划线: 未设置
    标准颜色: 未设置
  运行 15: '具有其独特之处。例如，与'
    字体: 未设置
    大小: 未设置
    粗体: 未设置
    斜体: 未设置
    下划线: 未设置
    标准颜色: 未设置
  运行 16: 'MP-1'
    字体: 未设置
    大小: 未设置
    粗体: 未设置
    斜体: 未设置
    下划线: 未设置
    标准颜色: 未设置
  运行 17: '相比，'
    字体: 未设置
    大小: 未设置
    粗体: 未设置
    斜体: 未设置
    下划线: 未设置
    标准颜色: 未设置
  运行 18: 'MP-3'
    字体: 未设置
    大小: 未设置
    粗体: 未设置
    斜体: 未设置
    下划线: 未设置
    标准颜色: 未设置
  运行 19: '具有更大的阈值范围和更宽的刺激光强度范围，能够测量到临界阈值，并评估很低视敏度以区分盲点。这些优势使得'
    字体: 未设置
    大小: 未设置
    粗体: 未设置
    斜体: 未设置
    下划线: 未设置
    标准颜色: 未设置
  运行 20: 'MP-3'
    字体: 未设置
    大小: 未设置
    粗体: 未设置
    斜体: 未设置
    下划线: 未设置
    标准颜色: 未设置
  运行 21: '在市场上具有更强的竞争力，能够吸引更多对性能要求较高的客户。'
    字体: 未设置
    大小: 未设置
    粗体: 未设置
    斜体: 未设置
    下划线: 未设置
    标准颜色: 未设置

段落 916:
文本内容: 需要注意的是，市场定位是一个动态的过程，需要根据市场变化和客户需求的变化进行不断调整和优化。因此Y公司对于不同产品的市场定位，还需要根据市场反馈和客户需求进行持续的监测和调整，以确保其在市场上的竞争力和市场份额。
段落样式: 正文-缩进
从样式获取的格式:
  样式字体: 未设置
  样式字号: 未设置
  样式颜色: 未设置
对齐方式: 未设置
左缩进: 未设置
右缩进: 未设置
首行缩进: 未设置
行间距: 未设置
从XML读取的格式:
  运行 1: '需要注意的是，市场定位是一个动态的过程，需要根据市场变化和客户需求的变化进行不断调整和优化。因此'
    字体: 未设置
    大小: 未设置
    粗体: 未设置
    斜体: 未设置
    下划线: 未设置
    标准颜色: 未设置
  运行 2: 'Y'
    字体: 未设置
    大小: 未设置
    粗体: 未设置
    斜体: 未设置
    下划线: 未设置
    标准颜色: 未设置
  运行 3: '公司'
    字体: 未设置
    大小: 未设置
    粗体: 未设置
    斜体: 未设置
    下划线: 未设置
    标准颜色: 未设置
  运行 4: '对'
    字体: 未设置
    大小: 未设置
    粗体: 未设置
    斜体: 未设置
    下划线: 未设置
    标准颜色: 未设置
  运行 5: '于不同产品'
    字体: 未设置
    大小: 未设置
    粗体: 未设置
    斜体: 未设置
    下划线: 未设置
    标准颜色: 未设置
  运行 6: '的市场定位，还需要根据市场反馈和客户需求进行持续的监测和调整，以确保其在市场上的竞争力和市场份额。'
    字体: 未设置
    大小: 未设置
    粗体: 未设置
    斜体: 未设置
    下划线: 未设置
    标准颜色: 未设置

段落 917:
文本内容: 基于7Ps理论的策略优化
段落样式: Heading 2
从样式获取的格式:
  样式字体: 未设置
  样式字号: 177800
  样式字号(pt): 14.0
  样式颜色: 未设置
对齐方式: 未设置
左缩进: 未设置
右缩进: 未设置
首行缩进: 未设置
行间距: 未设置
从XML读取的格式:
  运行 1: '基于'
    字体: 未设置
    大小: 未设置
    粗体: 未设置
    斜体: 未设置
    下划线: 未设置
    标准颜色: 未设置
  运行 2: '7'
    字体: 未设置
    大小: 未设置
    粗体: 未设置
    斜体: 未设置
    下划线: 未设置
    标准颜色: 未设置
  运行 3: 'P'
    字体: 未设置
    大小: 未设置
    粗体: 未设置
    斜体: 未设置
    下划线: 未设置
    标准颜色: 未设置
  运行 4: 's'
    字体: 未设置
    大小: 未设置
    粗体: 未设置
    斜体: 未设置
    下划线: 未设置
    标准颜色: 未设置
  运行 5: '理论'
    字体: 未设置
    大小: 未设置
    粗体: 未设置
    斜体: 未设置
    下划线: 未设置
    标准颜色: 未设置
  运行 6: '的策略'
    字体: 未设置
    大小: 未设置
    粗体: 未设置
    斜体: 未设置
    下划线: 未设置
    标准颜色: 未设置
  运行 7: '优化'
    字体: 未设置
    大小: 未设置
    粗体: 未设置
    斜体: 未设置
    下划线: 未设置
    标准颜色: 未设置
  运行 8: ''
    字体: 未设置
    大小: 未设置
    粗体: 未设置
    斜体: 未设置
    下划线: 未设置
    标准颜色: 未设置
  运行 9: ''
    字体: 未设置
    大小: 未设置
    粗体: 未设置
    斜体: 未设置
    下划线: 未设置
    标准颜色: 未设置
  运行 10: ''
    字体: 未设置
    大小: 未设置
    粗体: 未设置
    斜体: 未设置
    下划线: 未设置
    标准颜色: 未设置
  运行 11: ''
    字体: 未设置
    大小: 未设置
    粗体: 未设置
    斜体: 未设置
    下划线: 未设置
    标准颜色: 未设置
  运行 12: ''
    字体: 未设置
    大小: 未设置
    粗体: 未设置
    斜体: 未设置
    下划线: 未设置
    标准颜色: 未设置
  运行 13: ''
    字体: 未设置
    大小: 未设置
    粗体: 未设置
    斜体: 未设置
    下划线: 未设置
    标准颜色: 未设置
  运行 14: ''
    字体: 未设置
    大小: 未设置
    粗体: 未设置
    斜体: 未设置
    下划线: 未设置
    标准颜色: 未设置
  运行 15: ''
    字体: 未设置
    大小: 未设置
    粗体: 未设置
    斜体: 未设置
    下划线: 未设置
    标准颜色: 未设置
  运行 16: ''
    字体: 未设置
    大小: 未设置
    粗体: 未设置
    斜体: 未设置
    下划线: 未设置
    标准颜色: 未设置
  运行 17: ''
    字体: 未设置
    大小: 未设置
    粗体: 未设置
    斜体: 未设置
    下划线: 未设置
    标准颜色: 未设置
  运行 18: ''
    字体: 未设置
    大小: 未设置
    粗体: 未设置
    斜体: 未设置
    下划线: 未设置
    标准颜色: 未设置
  运行 19: ''
    字体: 未设置
    大小: 未设置
    粗体: 未设置
    斜体: 未设置
    下划线: 未设置
    标准颜色: 未设置
  运行 20: ''
    字体: 未设置
    大小: 未设置
    粗体: 未设置
    斜体: 未设置
    下划线: 未设置
    标准颜色: 未设置
  运行 21: ''
    字体: 未设置
    大小: 未设置
    粗体: 未设置
    斜体: 未设置
    下划线: 未设置
    标准颜色: 未设置
  运行 22: ''
    字体: 未设置
    大小: 未设置
    粗体: 未设置
    斜体: 未设置
    下划线: 未设置
    标准颜色: 未设置
  运行 23: ''
    字体: 未设置
    大小: 未设置
    粗体: 未设置
    斜体: 未设置
    下划线: 未设置
    标准颜色: 未设置
  运行 24: ''
    字体: 未设置
    大小: 未设置
    粗体: 未设置
    斜体: 未设置
    下划线: 未设置
    标准颜色: 未设置
  运行 25: ''
    字体: 未设置
    大小: 未设置
    粗体: 未设置
    斜体: 未设置
    下划线: 未设置
    标准颜色: 未设置
  运行 26: ''
    字体: 未设置
    大小: 未设置
    粗体: 未设置
    斜体: 未设置
    下划线: 未设置
    标准颜色: 未设置
  运行 27: ''
    字体: 未设置
    大小: 未设置
    粗体: 未设置
    斜体: 未设置
    下划线: 未设置
    标准颜色: 未设置
  运行 28: ''
    字体: 未设置
    大小: 未设置
    粗体: 未设置
    斜体: 未设置
    下划线: 未设置
    标准颜色: 未设置
  运行 29: ''
    字体: 未设置
    大小: 未设置
    粗体: 未设置
    斜体: 未设置
    下划线: 未设置
    标准颜色: 未设置
  运行 30: ''
    字体: 未设置
    大小: 未设置
    粗体: 未设置
    斜体: 未设置
    下划线: 未设置
    标准颜色: 未设置
  运行 31: ''
    字体: 未设置
    大小: 未设置
    粗体: 未设置
    斜体: 未设置
    下划线: 未设置
    标准颜色: 未设置
  运行 32: ''
    字体: 未设置
    大小: 未设置
    粗体: 未设置
    斜体: 未设置
    下划线: 未设置
    标准颜色: 未设置
  运行 33: ''
    字体: 未设置
    大小: 未设置
    粗体: 未设置
    斜体: 未设置
    下划线: 未设置
    标准颜色: 未设置
  运行 34: ''
    字体: 未设置
    大小: 未设置
    粗体: 未设置
    斜体: 未设置
    下划线: 未设置
    标准颜色: 未设置
  运行 35: ''
    字体: 未设置
    大小: 未设置
    粗体: 未设置
    斜体: 未设置
    下划线: 未设置
    标准颜色: 未设置

段落 918:
文本内容: 产品策略
段落样式: Heading 3
从样式获取的格式:
  样式字体: 未设置
  样式字号: 未设置
  样式颜色: 未设置
对齐方式: 未设置
左缩进: 未设置
右缩进: 未设置
首行缩进: 未设置
行间距: 未设置
从XML读取的格式:
  运行 1: '产品策略'
    字体: 未设置
    大小: 未设置
    粗体: 未设置
    斜体: 未设置
    下划线: 未设置
    标准颜色: 未设置
  运行 2: ''
    字体: 未设置
    大小: 未设置
    粗体: 未设置
    斜体: 未设置
    下划线: 未设置
    标准颜色: 未设置
  运行 3: ''
    字体: 未设置
    大小: 未设置
    粗体: 未设置
    斜体: 未设置
    下划线: 未设置
    标准颜色: 未设置
  运行 4: ''
    字体: 未设置
    大小: 未设置
    粗体: 未设置
    斜体: 未设置
    下划线: 未设置
    标准颜色: 未设置
  运行 5: ''
    字体: 未设置
    大小: 未设置
    粗体: 未设置
    斜体: 未设置
    下划线: 未设置
    标准颜色: 未设置
  运行 6: ''
    字体: 未设置
    大小: 未设置
    粗体: 未设置
    斜体: 未设置
    下划线: 未设置
    标准颜色: 未设置
  运行 7: ''
    字体: 未设置
    大小: 未设置
    粗体: 未设置
    斜体: 未设置
    下划线: 未设置
    标准颜色: 未设置
  运行 8: ''
    字体: 未设置
    大小: 未设置
    粗体: 未设置
    斜体: 未设置
    下划线: 未设置
    标准颜色: 未设置
  运行 9: ''
    字体: 未设置
    大小: 未设置
    粗体: 未设置
    斜体: 未设置
    下划线: 未设置
    标准颜色: 未设置
  运行 10: ''
    字体: 未设置
    大小: 未设置
    粗体: 未设置
    斜体: 未设置
    下划线: 未设置
    标准颜色: 未设置
  运行 11: ''
    字体: 未设置
    大小: 未设置
    粗体: 未设置
    斜体: 未设置
    下划线: 未设置
    标准颜色: 未设置
  运行 12: ''
    字体: 未设置
    大小: 未设置
    粗体: 未设置
    斜体: 未设置
    下划线: 未设置
    标准颜色: 未设置
  运行 13: ''
    字体: 未设置
    大小: 未设置
    粗体: 未设置
    斜体: 未设置
    下划线: 未设置
    标准颜色: 未设置
  运行 14: ''
    字体: 未设置
    大小: 未设置
    粗体: 未设置
    斜体: 未设置
    下划线: 未设置
    标准颜色: 未设置
  运行 15: ''
    字体: 未设置
    大小: 未设置
    粗体: 未设置
    斜体: 未设置
    下划线: 未设置
    标准颜色: 未设置
  运行 16: ''
    字体: 未设置
    大小: 未设置
    粗体: 未设置
    斜体: 未设置
    下划线: 未设置
    标准颜色: 未设置
  运行 17: ''
    字体: 未设置
    大小: 未设置
    粗体: 未设置
    斜体: 未设置
    下划线: 未设置
    标准颜色: 未设置
  运行 18: ''
    字体: 未设置
    大小: 未设置
    粗体: 未设置
    斜体: 未设置
    下划线: 未设置
    标准颜色: 未设置
  运行 19: ''
    字体: 未设置
    大小: 未设置
    粗体: 未设置
    斜体: 未设置
    下划线: 未设置
    标准颜色: 未设置
  运行 20: ''
    字体: 未设置
    大小: 未设置
    粗体: 未设置
    斜体: 未设置
    下划线: 未设置
    标准颜色: 未设置
  运行 21: ''
    字体: 未设置
    大小: 未设置
    粗体: 未设置
    斜体: 未设置
    下划线: 未设置
    标准颜色: 未设置
  运行 22: ''
    字体: 未设置
    大小: 未设置
    粗体: 未设置
    斜体: 未设置
    下划线: 未设置
    标准颜色: 未设置
  运行 23: ''
    字体: 未设置
    大小: 未设置
    粗体: 未设置
    斜体: 未设置
    下划线: 未设置
    标准颜色: 未设置
  运行 24: ''
    字体: 未设置
    大小: 未设置
    粗体: 未设置
    斜体: 未设置
    下划线: 未设置
    标准颜色: 未设置
  运行 25: ''
    字体: 未设置
    大小: 未设置
    粗体: 未设置
    斜体: 未设置
    下划线: 未设置
    标准颜色: 未设置
  运行 26: ''
    字体: 未设置
    大小: 未设置
    粗体: 未设置
    斜体: 未设置
    下划线: 未设置
    标准颜色: 未设置
  运行 27: ''
    字体: 未设置
    大小: 未设置
    粗体: 未设置
    斜体: 未设置
    下划线: 未设置
    标准颜色: 未设置
  运行 28: ''
    字体: 未设置
    大小: 未设置
    粗体: 未设置
    斜体: 未设置
    下划线: 未设置
    标准颜色: 未设置

段落 919:
文本内容: 产品是公司发展的重中之重，Y公司在眼科设备的产品线较长，涵盖了眼科主要的视光、白内障、眼底病等三个亚专科，具备很好的发展前景。笔者根据Y公司运行过程中遇到的实际情况和问题，来优化Y公司的产品策略。
段落样式: 正文-缩进
从样式获取的格式:
  样式字体: 未设置
  样式字号: 未设置
  样式颜色: 未设置
对齐方式: 未设置
左缩进: 未设置
右缩进: 未设置
首行缩进: 未设置
行间距: 未设置
从XML读取的格式:
  运行 1: '产品是'
    字体: 未设置
    大小: 未设置
    粗体: 未设置
    斜体: 未设置
    下划线: 未设置
    标准颜色: 未设置
  运行 2: '公司发展的重中之重，'
    字体: 未设置
    大小: 未设置
    粗体: 未设置
    斜体: 未设置
    下划线: 未设置
    标准颜色: 未设置
  运行 3: 'Y'
    字体: 未设置
    大小: 未设置
    粗体: 未设置
    斜体: 未设置
    下划线: 未设置
    标准颜色: 未设置
  运行 4: '公司在眼科设备'
    字体: 未设置
    大小: 未设置
    粗体: 未设置
    斜体: 未设置
    下划线: 未设置
    标准颜色: 未设置
  运行 5: '的'
    字体: 未设置
    大小: 未设置
    粗体: 未设置
    斜体: 未设置
    下划线: 未设置
    标准颜色: 未设置
  运行 6: '产品线'
    字体: 未设置
    大小: 未设置
    粗体: 未设置
    斜体: 未设置
    下划线: 未设置
    标准颜色: 未设置
  运行 7: '较长'
    字体: 未设置
    大小: 未设置
    粗体: 未设置
    斜体: 未设置
    下划线: 未设置
    标准颜色: 未设置
  运行 8: '，涵盖了眼科主要的视光、白内障、眼底病'
    字体: 未设置
    大小: 未设置
    粗体: 未设置
    斜体: 未设置
    下划线: 未设置
    标准颜色: 未设置
  运行 9: '等'
    字体: 未设置
    大小: 未设置
    粗体: 未设置
    斜体: 未设置
    下划线: 未设置
    标准颜色: 未设置
  运行 10: '三个'
    字体: 未设置
    大小: 未设置
    粗体: 未设置
    斜体: 未设置
    下划线: 未设置
    标准颜色: 未设置
  运行 11: '亚'
    字体: 未设置
    大小: 未设置
    粗体: 未设置
    斜体: 未设置
    下划线: 未设置
    标准颜色: 未设置
  运行 12: '专科，具备很好的发展前景。'
    字体: 未设置
    大小: 未设置
    粗体: 未设置
    斜体: 未设置
    下划线: 未设置
    标准颜色: 未设置
  运行 13: '笔者'
    字体: 未设置
    大小: 未设置
    粗体: 未设置
    斜体: 未设置
    下划线: 未设置
    标准颜色: 未设置
  运行 14: '根据'
    字体: 未设置
    大小: 未设置
    粗体: 未设置
    斜体: 未设置
    下划线: 未设置
    标准颜色: 未设置
  运行 15: 'Y'
    字体: 未设置
    大小: 未设置
    粗体: 未设置
    斜体: 未设置
    下划线: 未设置
    标准颜色: 未设置
  运行 16: '公司运行过程中遇到的实际情况和问题，来'
    字体: 未设置
    大小: 未设置
    粗体: 未设置
    斜体: 未设置
    下划线: 未设置
    标准颜色: 未设置
  运行 17: '优化'
    字体: 未设置
    大小: 未设置
    粗体: 未设置
    斜体: 未设置
    下划线: 未设置
    标准颜色: 未设置
  运行 18: 'Y'
    字体: 未设置
    大小: 未设置
    粗体: 未设置
    斜体: 未设置
    下划线: 未设置
    标准颜色: 未设置
  运行 19: '公司的'
    字体: 未设置
    大小: 未设置
    粗体: 未设置
    斜体: 未设置
    下划线: 未设置
    标准颜色: 未设置
  运行 20: '产品策略。'
    字体: 未设置
    大小: 未设置
    粗体: 未设置
    斜体: 未设置
    下划线: 未设置
    标准颜色: 未设置

段落 920:
文本内容: 加强品牌推广建设
段落样式: Heading 4
从样式获取的格式:
  样式字体: 未设置
  样式字号: 未设置
  样式颜色: 未设置
对齐方式: 未设置
左缩进: 未设置
右缩进: 未设置
首行缩进: 未设置
行间距: 未设置
从XML读取的格式:
  运行 1: '加强品牌'
    字体: 未设置
    大小: 未设置
    粗体: 未设置
    斜体: 未设置
    下划线: 未设置
    标准颜色: 未设置
  运行 2: '推广'
    字体: 未设置
    大小: 未设置
    粗体: 未设置
    斜体: 未设置
    下划线: 未设置
    标准颜色: 未设置
  运行 3: '建设'
    字体: 未设置
    大小: 未设置
    粗体: 未设置
    斜体: 未设置
    下划线: 未设置
    标准颜色: 未设置

段落 921:
文本内容: 公司应加大品牌建设和宣传力度，提升公司眼科设备在国内市场的知名度和影响力。通过参加行业展会、举办技术研讨会、开展市场推广活动等方式，展示进口和国产设备的优势和特点，吸引潜在客户的关注。同时积极与医疗机构、眼科医师等建立合作关系，在专业学术会议上介绍尼德克产品，特别是重点产品的临床应用的推广。
段落样式: 正文-缩进
从样式获取的格式:
  样式字体: 未设置
  样式字号: 未设置
  样式颜色: 未设置
对齐方式: 未设置
左缩进: 未设置
右缩进: 未设置
首行缩进: 未设置
行间距: 未设置
从XML读取的格式:
  运行 1: '公司应加大品牌建设和宣传力度，提升公司眼科设备在国内市场的知名度和影响力。通过参加行业展会、举办技术研讨会、开展市场推广活动等方式，展示进口和国产设备的优势和特点，吸引潜在客户的关注。同时积极与医疗机构、眼科'
    字体: 未设置
    大小: 未设置
    粗体: 未设置
    斜体: 未设置
    下划线: 未设置
    标准颜色: 未设置
  运行 2: '医师'
    字体: 未设置
    大小: 未设置
    粗体: 未设置
    斜体: 未设置
    下划线: 未设置
    标准颜色: 未设置
  运行 3: '等建立合作关系，'
    字体: 未设置
    大小: 未设置
    粗体: 未设置
    斜体: 未设置
    下划线: 未设置
    标准颜色: 未设置
  运行 4: '在专业学术会议上介绍尼德克产品，特别是'
    字体: 未设置
    大小: 未设置
    粗体: 未设置
    斜体: 未设置
    下划线: 未设置
    标准颜色: 未设置
  运行 5: '重点产品的临床应用'
    字体: 未设置
    大小: 未设置
    粗体: 未设置
    斜体: 未设置
    下划线: 未设置
    标准颜色: 未设置
  运行 6: '的推广'
    字体: 未设置
    大小: 未设置
    粗体: 未设置
    斜体: 未设置
    下划线: 未设置
    标准颜色: 未设置
  运行 7: '。'
    字体: 未设置
    大小: 未设置
    粗体: 未设置
    斜体: 未设置
    下划线: 未设置
    标准颜色: 未设置

段落 922:
文本内容: 加强对互联网信息技术的应用，利用“互联网+”做好新时期的品牌营销，完善公司在网站、公众号、视频号等方面的建设。可和辖区内的医院合作，或者有个人营销号的医师，在他们的文字宣传和视频宣传中植入产品信息。好的品牌建设可以促进企业更健康的发展。
段落样式: 正文-缩进
从样式获取的格式:
  样式字体: 未设置
  样式字号: 未设置
  样式颜色: 未设置
对齐方式: 未设置
左缩进: 未设置
右缩进: 未设置
首行缩进: 未设置
行间距: 未设置
从XML读取的格式:
  运行 1: '加强对互联网信息技术的应用'
    字体: 未设置
    大小: 未设置
    粗体: 未设置
    斜体: 未设置
    下划线: 未设置
    标准颜色: 未设置
  运行 2: '，'
    字体: 未设置
    大小: 未设置
    粗体: 未设置
    斜体: 未设置
    下划线: 未设置
    标准颜色: 未设置
  运行 3: '利用“互联网'
    字体: 未设置
    大小: 未设置
    粗体: 未设置
    斜体: 未设置
    下划线: 未设置
    标准颜色: 未设置
  运行 4: '+'
    字体: 未设置
    大小: 未设置
    粗体: 未设置
    斜体: 未设置
    下划线: 未设置
    标准颜色: 未设置
  运行 5: '”做好新时期的品牌营销，'
    字体: 未设置
    大小: 未设置
    粗体: 未设置
    斜体: 未设置
    下划线: 未设置
    标准颜色: 未设置
  运行 6: '完善公司在网站、公众号、视频号等方面的建设。可和辖区内的医院合作，或者有个人营销号的医师，在他们的文字宣传和'
    字体: 未设置
    大小: 未设置
    粗体: 未设置
    斜体: 未设置
    下划线: 未设置
    标准颜色: 未设置
  运行 7: '视频'
    字体: 未设置
    大小: 未设置
    粗体: 未设置
    斜体: 未设置
    下划线: 未设置
    标准颜色: 未设置
  运行 8: '宣传中植入产品信息。好的品牌建设'
    字体: 未设置
    大小: 未设置
    粗体: 未设置
    斜体: 未设置
    下划线: 未设置
    标准颜色: 未设置
  运行 9: '可以促进企业更'
    字体: 未设置
    大小: 未设置
    粗体: 未设置
    斜体: 未设置
    下划线: 未设置
    标准颜色: 未设置
  运行 10: '健康'
    字体: 未设置
    大小: 未设置
    粗体: 未设置
    斜体: 未设置
    下划线: 未设置
    标准颜色: 未设置
  运行 11: '的发展。'
    字体: 未设置
    大小: 未设置
    粗体: 未设置
    斜体: 未设置
    下划线: 未设置
    标准颜色: 未设置

段落 923:
文本内容: 同时可以考虑跨行业合作模式，加强品牌建设。正如学者张钰敏所强调的，在当今竞争激烈的商业环境中，品牌企业需要不断创新和拓展合作模式，以适应市场的变化和需求。通过跨行业合作，不仅可以为品牌带来新的增长点，还能促进不同行业间的交流与融合，实现多方共赢的局面。这种开放和协作的精神，对于推动品牌企业的长远发展具有重要的战略意义[]。
段落样式: 正文-缩进
从样式获取的格式:
  样式字体: 未设置
  样式字号: 未设置
  样式颜色: 未设置
对齐方式: 未设置
左缩进: 未设置
右缩进: 未设置
首行缩进: 未设置
行间距: 未设置
从XML读取的格式:
  运行 1: '同时可以考虑跨行业合作模式，加强品牌建设。正如学者'
    字体: 未设置
    大小: 未设置
    粗体: 未设置
    斜体: 未设置
    下划线: 未设置
    标准颜色: 未设置
  运行 2: '张钰敏'
    字体: 未设置
    大小: 未设置
    粗体: 未设置
    斜体: 未设置
    下划线: 未设置
    标准颜色: 未设置
  运行 3: '所'
    字体: 未设置
    大小: 未设置
    粗体: 未设置
    斜体: 未设置
    下划线: 未设置
    标准颜色: 未设置
  运行 4: '强调'
    字体: 未设置
    大小: 未设置
    粗体: 未设置
    斜体: 未设置
    下划线: 未设置
    标准颜色: 未设置
  运行 5: '的，'
    字体: 未设置
    大小: 未设置
    粗体: 未设置
    斜体: 未设置
    下划线: 未设置
    标准颜色: 未设置
  运行 6: '在当今竞争激烈的商业环境中，品牌企业需要不断创新和拓展合作模式，以适应市场的变化和需求。通过跨行业合作，不仅可以为品牌带来新的增长点，还能促进不同行业间的交流与融合，实现多方共赢的局面。这种开放和协作的精神，对于推动品牌企业的长远发展具有重要的战略意义'
    字体: 未设置
    大小: 未设置
    粗体: 未设置
    斜体: 未设置
    下划线: 未设置
    标准颜色: 未设置
  运行 7: '['
    字体: 未设置
    大小: 未设置
    粗体: 未设置
    斜体: 未设置
    下划线: 未设置
    标准颜色: 未设置
  运行 8: ''
    字体: 未设置
    大小: 未设置
    粗体: 未设置
    斜体: 未设置
    下划线: 未设置
    标准颜色: 未设置
  运行 9: ']'
    字体: 未设置
    大小: 未设置
    粗体: 未设置
    斜体: 未设置
    下划线: 未设置
    标准颜色: 未设置
  运行 10: '。'
    字体: 未设置
    大小: 未设置
    粗体: 未设置
    斜体: 未设置
    下划线: 未设置
    标准颜色: 未设置

段落 924:
文本内容: 国产化和重点产品
段落样式: Heading 4
从样式获取的格式:
  样式字体: 未设置
  样式字号: 未设置
  样式颜色: 未设置
对齐方式: 未设置
左缩进: 未设置
右缩进: 未设置
首行缩进: 未设置
行间距: 未设置
从XML读取的格式:
  运行 1: '国产化'
    字体: 未设置
    大小: 未设置
    粗体: 未设置
    斜体: 未设置
    下划线: 未设置
    标准颜色: 未设置
  运行 2: '和重点产品'
    字体: 未设置
    大小: 未设置
    粗体: 未设置
    斜体: 未设置
    下划线: 未设置
    标准颜色: 未设置

段落 925:
文本内容: 加快国产化进程是Y公司一项重要的战略举措，旨在提升公司在国内市场的竞争力，满足日益增长的眼科设备需求。原厂应增加在国内的研发投资，设立专门的研发团队，针对国内市场的特点和需求进行产品设计和创新。通过与国内科研机构、高校等合作，引进和培养高端人才，推动技术创新和成果转化。优化供应链和生产流程，国产化进程需要建立稳定、高效的供应链和生产体系。原厂可以优化原材料的采购渠道，降低采购成本，并与国内优秀的零部件供应商建立长期合作关系。并通过改进生产流程、提高生产效率，降低制造成本，提升产品竞争力。
段落样式: 正文-缩进
从样式获取的格式:
  样式字体: 未设置
  样式字号: 未设置
  样式颜色: 未设置
对齐方式: 未设置
左缩进: 未设置
右缩进: 未设置
首行缩进: 未设置
行间距: 未设置
从XML读取的格式:
  运行 1: '加快国产化进程是'
    字体: 未设置
    大小: 未设置
    粗体: 未设置
    斜体: 未设置
    下划线: 未设置
    标准颜色: 未设置
  运行 2: 'Y'
    字体: 未设置
    大小: 未设置
    粗体: 未设置
    斜体: 未设置
    下划线: 未设置
    标准颜色: 未设置
  运行 3: '公司一项重要的战略举措，旨在提升公司在国内市场的竞争力，满足日益增长的眼科设备需求'
    字体: 未设置
    大小: 未设置
    粗体: 未设置
    斜体: 未设置
    下划线: 未设置
    标准颜色: 未设置
  运行 4: '。'
    字体: 未设置
    大小: 未设置
    粗体: 未设置
    斜体: 未设置
    下划线: 未设置
    标准颜色: 未设置
  运行 5: '原厂'
    字体: 未设置
    大小: 未设置
    粗体: 未设置
    斜体: 未设置
    下划线: 未设置
    标准颜色: 未设置
  运行 6: '应增加在'
    字体: 未设置
    大小: 未设置
    粗体: 未设置
    斜体: 未设置
    下划线: 未设置
    标准颜色: 未设置
  运行 7: '国内'
    字体: 未设置
    大小: 未设置
    粗体: 未设置
    斜体: 未设置
    下划线: 未设置
    标准颜色: 未设置
  运行 8: '的研发投资，设立专门的研发团队，针对国内市场的特点和需求进行产品设计和创新。通过与国内科研机构、高校等合作，引进和培养高端人才，推动技术创新和成果转化。优化供应链和生产流程'
    字体: 未设置
    大小: 未设置
    粗体: 未设置
    斜体: 未设置
    下划线: 未设置
    标准颜色: 未设置
  运行 9: '，'
    字体: 未设置
    大小: 未设置
    粗体: 未设置
    斜体: 未设置
    下划线: 未设置
    标准颜色: 未设置
  运行 10: '国产化进程需要建立稳定、高效的供应链和生产体系。'
    字体: 未设置
    大小: 未设置
    粗体: 未设置
    斜体: 未设置
    下划线: 未设置
    标准颜色: 未设置
  运行 11: '原厂'
    字体: 未设置
    大小: 未设置
    粗体: 未设置
    斜体: 未设置
    下划线: 未设置
    标准颜色: 未设置
  运行 12: '可以优化原材料的采购渠道，降低采购成本，并与国内优秀的零部件供应商建立长期合作关系。'
    字体: 未设置
    大小: 未设置
    粗体: 未设置
    斜体: 未设置
    下划线: 未设置
    标准颜色: 未设置
  运行 13: '并'
    字体: 未设置
    大小: 未设置
    粗体: 未设置
    斜体: 未设置
    下划线: 未设置
    标准颜色: 未设置
  运行 14: '通过改进生产流程、提高生产效率，降低制造成本，提升产品竞争力。'
    字体: 未设置
    大小: 未设置
    粗体: 未设置
    斜体: 未设置
    下划线: 未设置
    标准颜色: 未设置

段落 926:
文本内容: 国产化并不意味着降低产品质量。相反，公司应更加注重国产设备的性能和品质，确保与进口设备在技术水平上保持一致。通过引进先进的生产设备和技术，加强质量控制和检测，提升国产设备的可靠性和稳定性。
段落样式: 正文-缩进
从样式获取的格式:
  样式字体: 未设置
  样式字号: 未设置
  样式颜色: 未设置
对齐方式: 未设置
左缩进: 未设置
右缩进: 未设置
首行缩进: 未设置
行间距: 未设置
从XML读取的格式:
  运行 1: '国产化并不意味着降低产品质量。相反，'
    字体: 未设置
    大小: 未设置
    粗体: 未设置
    斜体: 未设置
    下划线: 未设置
    标准颜色: 未设置
  运行 2: '公司'
    字体: 未设置
    大小: 未设置
    粗体: 未设置
    斜体: 未设置
    下划线: 未设置
    标准颜色: 未设置
  运行 3: '应更加注重国产设备的性能和品质，确保与进口设备在技术水平上保持一致。通过引进先进的生产设备和技术，加强质量控制和检测，提升国产设备的可靠性和稳定性。'
    字体: 未设置
    大小: 未设置
    粗体: 未设置
    斜体: 未设置
    下划线: 未设置
    标准颜色: 未设置

段落 927:
文本内容: 根据市场竞争情况和Y公司产品的特点，选出具备优势的重点产品，加大推广力度，重点产品如表 5-5所示。市场部应根据不同省区医疗水平发展的不同，再细化到每个省区的重点产品推广计划。加强一线业务人员对重点产品的学习，确保可以独立完成产品DA介绍和科室会议的开展。
段落样式: 正文-缩进
从样式获取的格式:
  样式字体: 未设置
  样式字号: 未设置
  样式颜色: 未设置
对齐方式: 未设置
左缩进: 未设置
右缩进: 未设置
首行缩进: 未设置
行间距: 未设置
从XML读取的格式:
  运行 1: '根据市场竞争情况和'
    字体: 未设置
    大小: 未设置
    粗体: 未设置
    斜体: 未设置
    下划线: 未设置
    标准颜色: 未设置
  运行 2: 'Y'
    字体: 未设置
    大小: 未设置
    粗体: 未设置
    斜体: 未设置
    下划线: 未设置
    标准颜色: 未设置
  运行 3: '公司产品的特点，选出具备优势的重点产品，加大推广力度，'
    字体: 未设置
    大小: 未设置
    粗体: 未设置
    斜体: 未设置
    下划线: 未设置
    标准颜色: 未设置
  运行 4: '重点产品'
    字体: 未设置
    大小: 未设置
    粗体: 未设置
    斜体: 未设置
    下划线: 未设置
    标准颜色: 未设置
  运行 5: '如'
    字体: 未设置
    大小: 未设置
    粗体: 未设置
    斜体: 未设置
    下划线: 未设置
    标准颜色: 未设置
  运行 6: ''
    字体: 未设置
    大小: 未设置
    粗体: 未设置
    斜体: 未设置
    下划线: 未设置
    标准颜色: 未设置
  运行 7: ''
    字体: 未设置
    大小: 未设置
    粗体: 未设置
    斜体: 未设置
    下划线: 未设置
    标准颜色: 未设置
  运行 8: ''
    字体: 未设置
    大小: 未设置
    粗体: 未设置
    斜体: 未设置
    下划线: 未设置
    标准颜色: 未设置
  运行 9: ''
    字体: 未设置
    大小: 未设置
    粗体: 未设置
    斜体: 未设置
    下划线: 未设置
    标准颜色: 未设置
  运行 10: ''
    字体: 未设置
    大小: 未设置
    粗体: 未设置
    斜体: 未设置
    下划线: 未设置
    标准颜色: 未设置
  运行 11: '表'
    字体: 未设置
    大小: 未设置
    粗体: 未设置
    斜体: 未设置
    下划线: 未设置
    标准颜色: 未设置
  运行 12: ' '
    字体: 未设置
    大小: 未设置
    粗体: 未设置
    斜体: 未设置
    下划线: 未设置
    标准颜色: 未设置
  运行 13: '5'
    字体: 未设置
    大小: 未设置
    粗体: 未设置
    斜体: 未设置
    下划线: 未设置
    标准颜色: 未设置
  运行 14: '-'
    字体: 未设置
    大小: 未设置
    粗体: 未设置
    斜体: 未设置
    下划线: 未设置
    标准颜色: 未设置
  运行 15: '5'
    字体: 未设置
    大小: 未设置
    粗体: 未设置
    斜体: 未设置
    下划线: 未设置
    标准颜色: 未设置
  运行 16: ''
    字体: 未设置
    大小: 未设置
    粗体: 未设置
    斜体: 未设置
    下划线: 未设置
    标准颜色: 未设置
  运行 17: '所示。'
    字体: 未设置
    大小: 未设置
    粗体: 未设置
    斜体: 未设置
    下划线: 未设置
    标准颜色: 未设置
  运行 18: '市场部应根据不同省区医疗水平发展的不同，再细化到每个省区的重点产品推广计划。加强一线业务人员对重点产品的学习，确保可以独立完成产品'
    字体: 未设置
    大小: 未设置
    粗体: 未设置
    斜体: 未设置
    下划线: 未设置
    标准颜色: 未设置
  运行 19: 'DA'
    字体: 未设置
    大小: 未设置
    粗体: 未设置
    斜体: 未设置
    下划线: 未设置
    标准颜色: 未设置
  运行 20: '介绍和科室会议的开展。'
    字体: 未设置
    大小: 未设置
    粗体: 未设置
    斜体: 未设置
    下划线: 未设置
    标准颜色: 未设置

段落 929:
文本内容: 表 5-5　Y公司各产品组重点产品
段落样式: Caption
从样式获取的格式:
  样式字体: 未设置
  样式字号: 未设置
  样式颜色: 未设置
对齐方式: 未设置
左缩进: 未设置
右缩进: 未设置
首行缩进: 未设置
行间距: 未设置
从XML读取的格式:
  运行 1: '表'
    字体: 未设置
    大小: 未设置
    粗体: 未设置
    斜体: 未设置
    下划线: 未设置
    标准颜色: 未设置
  运行 2: ' '
    字体: 未设置
    大小: 未设置
    粗体: 未设置
    斜体: 未设置
    下划线: 未设置
    标准颜色: 未设置
  运行 3: ''
    字体: 未设置
    大小: 未设置
    粗体: 未设置
    斜体: 未设置
    下划线: 未设置
    标准颜色: 未设置
  运行 4: ''
    字体: 未设置
    大小: 未设置
    粗体: 未设置
    斜体: 未设置
    下划线: 未设置
    标准颜色: 未设置
  运行 5: ''
    字体: 未设置
    大小: 未设置
    粗体: 未设置
    斜体: 未设置
    下划线: 未设置
    标准颜色: 未设置
  运行 6: ''
    字体: 未设置
    大小: 未设置
    粗体: 未设置
    斜体: 未设置
    下划线: 未设置
    标准颜色: 未设置
  运行 7: ''
    字体: 未设置
    大小: 未设置
    粗体: 未设置
    斜体: 未设置
    下划线: 未设置
    标准颜色: 未设置
  运行 8: '5'
    字体: 未设置
    大小: 未设置
    粗体: 未设置
    斜体: 未设置
    下划线: 未设置
    标准颜色: 未设置
  运行 9: ''
    字体: 未设置
    大小: 未设置
    粗体: 未设置
    斜体: 未设置
    下划线: 未设置
    标准颜色: 未设置
  运行 10: '-'
    字体: 未设置
    大小: 未设置
    粗体: 未设置
    斜体: 未设置
    下划线: 未设置
    标准颜色: 未设置
  运行 11: ''
    字体: 未设置
    大小: 未设置
    粗体: 未设置
    斜体: 未设置
    下划线: 未设置
    标准颜色: 未设置
  运行 12: ''
    字体: 未设置
    大小: 未设置
    粗体: 未设置
    斜体: 未设置
    下划线: 未设置
    标准颜色: 未设置
  运行 13: ''
    字体: 未设置
    大小: 未设置
    粗体: 未设置
    斜体: 未设置
    下划线: 未设置
    标准颜色: 未设置
  运行 14: ''
    字体: 未设置
    大小: 未设置
    粗体: 未设置
    斜体: 未设置
    下划线: 未设置
    标准颜色: 未设置
  运行 15: ''
    字体: 未设置
    大小: 未设置
    粗体: 未设置
    斜体: 未设置
    下划线: 未设置
    标准颜色: 未设置
  运行 16: ''
    字体: 未设置
    大小: 未设置
    粗体: 未设置
    斜体: 未设置
    下划线: 未设置
    标准颜色: 未设置
  运行 17: ''
    字体: 未设置
    大小: 未设置
    粗体: 未设置
    斜体: 未设置
    下划线: 未设置
    标准颜色: 未设置
  运行 18: '5'
    字体: 未设置
    大小: 未设置
    粗体: 未设置
    斜体: 未设置
    下划线: 未设置
    标准颜色: 未设置
  运行 19: ''
    字体: 未设置
    大小: 未设置
    粗体: 未设置
    斜体: 未设置
    下划线: 未设置
    标准颜色: 未设置
  运行 20: '　'
    字体: 未设置
    大小: 未设置
    粗体: 未设置
    斜体: 未设置
    下划线: 未设置
    标准颜色: 未设置
  运行 21: 'Y'
    字体: 未设置
    大小: 未设置
    粗体: 未设置
    斜体: 未设置
    下划线: 未设置
    标准颜色: 未设置
  运行 22: '公司'
    字体: 未设置
    大小: 未设置
    粗体: 未设置
    斜体: 未设置
    下划线: 未设置
    标准颜色: 未设置
  运行 23: '各'
    字体: 未设置
    大小: 未设置
    粗体: 未设置
    斜体: 未设置
    下划线: 未设置
    标准颜色: 未设置
  运行 24: '产品'
    字体: 未设置
    大小: 未设置
    粗体: 未设置
    斜体: 未设置
    下划线: 未设置
    标准颜色: 未设置
  运行 25: '组重点产品'
    字体: 未设置
    大小: 未设置
    粗体: 未设置
    斜体: 未设置
    下划线: 未设置
    标准颜色: 未设置

段落 930:
文本内容: 资料来源：作者整理，Y公司内部资料，2024.
段落样式: 图表资料来源
从样式获取的格式:
  样式字体: 未设置
  样式字号: 114300
  样式字号(pt): 9.0
  样式颜色: 未设置
对齐方式: 未设置
左缩进: 未设置
右缩进: 未设置
首行缩进: 未设置
行间距: 未设置
从XML读取的格式:
  运行 1: '资料来源'
    字体: 未设置
    大小: 未设置
    粗体: 未设置
    斜体: 未设置
    下划线: 未设置
    标准颜色: 未设置
  运行 2: '：'
    字体: 未设置
    大小: 未设置
    粗体: 未设置
    斜体: 未设置
    下划线: 未设置
    标准颜色: 未设置
  运行 3: '作者整'
    字体: 未设置
    大小: 未设置
    粗体: 未设置
    斜体: 未设置
    下划线: 未设置
    标准颜色: 未设置
  运行 4: '理，'
    字体: 未设置
    大小: 未设置
    粗体: 未设置
    斜体: 未设置
    下划线: 未设置
    标准颜色: 未设置
  运行 5: 'Y'
    字体: 未设置
    大小: 未设置
    粗体: 未设置
    斜体: 未设置
    下划线: 未设置
    标准颜色: 未设置
  运行 6: '公司内部资料，'
    字体: 未设置
    大小: 未设置
    粗体: 未设置
    斜体: 未设置
    下划线: 未设置
    标准颜色: 未设置
  运行 7: '20'
    字体: 未设置
    大小: 未设置
    粗体: 未设置
    斜体: 未设置
    下划线: 未设置
    标准颜色: 未设置
  运行 8: '2'
    字体: 未设置
    大小: 未设置
    粗体: 未设置
    斜体: 未设置
    下划线: 未设置
    标准颜色: 未设置
  运行 9: '4'
    字体: 未设置
    大小: 未设置
    粗体: 未设置
    斜体: 未设置
    下划线: 未设置
    标准颜色: 未设置
  运行 10: '.'
    字体: 未设置
    大小: 未设置
    粗体: 未设置
    斜体: 未设置
    下划线: 未设置
    标准颜色: 未设置

段落 932:
文本内容: 完善售后服务体系
段落样式: Heading 4
从样式获取的格式:
  样式字体: 未设置
  样式字号: 未设置
  样式颜色: 未设置
对齐方式: 未设置
左缩进: 未设置
右缩进: 未设置
首行缩进: 未设置
行间距: 未设置
从XML读取的格式:
  运行 1: '完善售后服务体系'
    字体: 未设置
    大小: 未设置
    粗体: 未设置
    斜体: 未设置
    下划线: 未设置
    标准颜色: 未设置

段落 933:
文本内容: 售后服务是提升客户满意度和忠诚度的重要环节。公司应不断完善现有的售后服务体系，提供及时、专业的技术支持和维修服务。通过各省区工程师本地化、培训服务团队、提供定期维护和保养等方式，确保眼科设备在使用过程中得到良好的支持和服务。通过每个月的省区销售月会，销售人员和售后人员充分沟通讨论市场上遇到的常见问题，并给出解决方案或者制定统一处理流程。
段落样式: 正文-缩进
从样式获取的格式:
  样式字体: 未设置
  样式字号: 未设置
  样式颜色: 未设置
对齐方式: 未设置
左缩进: 未设置
右缩进: 未设置
首行缩进: 未设置
行间距: 未设置
从XML读取的格式:
  运行 1: '售后服务是提升客户满意度和忠诚度的重要环节。'
    字体: 未设置
    大小: 未设置
    粗体: 未设置
    斜体: 未设置
    下划线: 未设置
    标准颜色: 未设置
  运行 2: '公司应不断'
    字体: 未设置
    大小: 未设置
    粗体: 未设置
    斜体: 未设置
    下划线: 未设置
    标准颜色: 未设置
  运行 3: '完善'
    字体: 未设置
    大小: 未设置
    粗体: 未设置
    斜体: 未设置
    下划线: 未设置
    标准颜色: 未设置
  运行 4: '现有的'
    字体: 未设置
    大小: 未设置
    粗体: 未设置
    斜体: 未设置
    下划线: 未设置
    标准颜色: 未设置
  运行 5: '售后服务体系，提供及时、专业的技术支持和维修服务。通过'
    字体: 未设置
    大小: 未设置
    粗体: 未设置
    斜体: 未设置
    下划线: 未设置
    标准颜色: 未设置
  运行 6: '各省区工程师本地化'
    字体: 未设置
    大小: 未设置
    粗体: 未设置
    斜体: 未设置
    下划线: 未设置
    标准颜色: 未设置
  运行 7: '、培训服务团队、提供定期维护和保养等方式，确保'
    字体: 未设置
    大小: 未设置
    粗体: 未设置
    斜体: 未设置
    下划线: 未设置
    标准颜色: 未设置
  运行 8: '眼科'
    字体: 未设置
    大小: 未设置
    粗体: 未设置
    斜体: 未设置
    下划线: 未设置
    标准颜色: 未设置
  运行 9: '设备在使用过程中得到良好的支持和服务。'
    字体: 未设置
    大小: 未设置
    粗体: 未设置
    斜体: 未设置
    下划线: 未设置
    标准颜色: 未设置
  运行 10: '通过每个月的省区销售月会，销售人员和售后人员充分沟通讨论市场上遇到的常见问题，并给出解决方案或者制定统一处理流程。'
    字体: 未设置
    大小: 未设置
    粗体: 未设置
    斜体: 未设置
    下划线: 未设置
    标准颜色: 未设置

段落 934:
文本内容: 此外，销售人员应接受产品原理、保养等方面的培训，以掌握处理简单售后问题的技能，减轻工程师的工作量，加快问题解决速度。通过这些综合措施，公司能够建立一个高效、专业的售后服务体系，不仅能够快速响应客户需求，还能够通过卓越的服务增强客户的信任和忠诚度，从而在市场中获得竞争优势。
段落样式: 正文-缩进
从样式获取的格式:
  样式字体: 未设置
  样式字号: 未设置
  样式颜色: 未设置
对齐方式: 未设置
左缩进: 未设置
右缩进: 未设置
首行缩进: 未设置
行间距: 未设置
从XML读取的格式:
  运行 1: '此外，'
    字体: 未设置
    大小: 未设置
    粗体: 未设置
    斜体: 未设置
    下划线: 未设置
    标准颜色: 未设置
  运行 2: '销售人员应接受'
    字体: 未设置
    大小: 未设置
    粗体: 未设置
    斜体: 未设置
    下划线: 未设置
    标准颜色: 未设置
  运行 3: '产品原理、保养等方面的'
    字体: 未设置
    大小: 未设置
    粗体: 未设置
    斜体: 未设置
    下划线: 未设置
    标准颜色: 未设置
  运行 4: '培训，以掌握处理简单售后问题的技能，减轻工程师的工作量，加快问题解决速度。通过这些综合措施，公司能够建立一个高效、专业的售后服务体系，不仅能够快速响应客户需求，还能够通过卓越的服务增强客户的信任和忠诚度，从而在市场中获得竞争优势。'
    字体: 未设置
    大小: 未设置
    粗体: 未设置
    斜体: 未设置
    下划线: 未设置
    标准颜色: 未设置

段落 935:
文本内容: 价格策略
段落样式: Heading 3
从样式获取的格式:
  样式字体: 未设置
  样式字号: 未设置
  样式颜色: 未设置
对齐方式: 未设置
左缩进: 未设置
右缩进: 未设置
首行缩进: 未设置
行间距: 未设置
从XML读取的格式:
  运行 1: '价格策略'
    字体: 未设置
    大小: 未设置
    粗体: 未设置
    斜体: 未设置
    下划线: 未设置
    标准颜色: 未设置
  运行 2: ''
    字体: 未设置
    大小: 未设置
    粗体: 未设置
    斜体: 未设置
    下划线: 未设置
    标准颜色: 未设置
  运行 3: ''
    字体: 未设置
    大小: 未设置
    粗体: 未设置
    斜体: 未设置
    下划线: 未设置
    标准颜色: 未设置
  运行 4: ''
    字体: 未设置
    大小: 未设置
    粗体: 未设置
    斜体: 未设置
    下划线: 未设置
    标准颜色: 未设置
  运行 5: ''
    字体: 未设置
    大小: 未设置
    粗体: 未设置
    斜体: 未设置
    下划线: 未设置
    标准颜色: 未设置
  运行 6: ''
    字体: 未设置
    大小: 未设置
    粗体: 未设置
    斜体: 未设置
    下划线: 未设置
    标准颜色: 未设置
  运行 7: ''
    字体: 未设置
    大小: 未设置
    粗体: 未设置
    斜体: 未设置
    下划线: 未设置
    标准颜色: 未设置
  运行 8: ''
    字体: 未设置
    大小: 未设置
    粗体: 未设置
    斜体: 未设置
    下划线: 未设置
    标准颜色: 未设置
  运行 9: ''
    字体: 未设置
    大小: 未设置
    粗体: 未设置
    斜体: 未设置
    下划线: 未设置
    标准颜色: 未设置

段落 936:
文本内容: Y公司经常会遇到部分诊疗医疗设备价格较高的问题，特别是在资金有限的医院采购谈判中，价格敏感性成为成败的关键因素，降低售价或降低产品配置是不可行的解决方案。Y公司可以采取多种策略来应对资金有限的医院采购谈判中的挑战。Y公司应该参考产品的波士顿矩阵为产品定价，如图 5-2所示。提供差异化产品线、灵活的定价策略、增值服务、成本优化、市场细分和加强品牌建设等策略，以满足不同客户的需求，同时保持产品的质量和公司的盈利能力。
段落样式: 正文-缩进
从样式获取的格式:
  样式字体: 未设置
  样式字号: 未设置
  样式颜色: 未设置
对齐方式: 未设置
左缩进: 未设置
右缩进: 未设置
首行缩进: 未设置
行间距: 未设置
从XML读取的格式:
  运行 1: 'Y'
    字体: 未设置
    大小: 未设置
    粗体: 未设置
    斜体: 未设置
    下划线: 未设置
    标准颜色: 未设置
  运行 2: '公司'
    字体: 未设置
    大小: 未设置
    粗体: 未设置
    斜体: 未设置
    下划线: 未设置
    标准颜色: 未设置
  运行 3: '经常会遇到'
    字体: 未设置
    大小: 未设置
    粗体: 未设置
    斜体: 未设置
    下划线: 未设置
    标准颜色: 未设置
  运行 4: '部分诊疗'
    字体: 未设置
    大小: 未设置
    粗体: 未设置
    斜体: 未设置
    下划线: 未设置
    标准颜色: 未设置
  运行 5: '医疗设备'
    字体: 未设置
    大小: 未设置
    粗体: 未设置
    斜体: 未设置
    下划线: 未设置
    标准颜色: 未设置
  运行 6: '价格'
    字体: 未设置
    大小: 未设置
    粗体: 未设置
    斜体: 未设置
    下划线: 未设置
    标准颜色: 未设置
  运行 7: '较高的问题'
    字体: 未设置
    大小: 未设置
    粗体: 未设置
    斜体: 未设置
    下划线: 未设置
    标准颜色: 未设置
  运行 8: '，'
    字体: 未设置
    大小: 未设置
    粗体: 未设置
    斜体: 未设置
    下划线: 未设置
    标准颜色: 未设置
  运行 9: '特别是在资金有限的医院'
    字体: 未设置
    大小: 未设置
    粗体: 未设置
    斜体: 未设置
    下划线: 未设置
    标准颜色: 未设置
  运行 10: '采购谈判'
    字体: 未设置
    大小: 未设置
    粗体: 未设置
    斜体: 未设置
    下划线: 未设置
    标准颜色: 未设置
  运行 11: '中，价格敏感性成为'
    字体: 未设置
    大小: 未设置
    粗体: 未设置
    斜体: 未设置
    下划线: 未设置
    标准颜色: 未设置
  运行 12: '成败的'
    字体: 未设置
    大小: 未设置
    粗体: 未设置
    斜体: 未设置
    下划线: 未设置
    标准颜色: 未设置
  运行 13: '关键因素'
    字体: 未设置
    大小: 未设置
    粗体: 未设置
    斜体: 未设置
    下划线: 未设置
    标准颜色: 未设置
  运行 14: '，'
    字体: 未设置
    大小: 未设置
    粗体: 未设置
    斜体: 未设置
    下划线: 未设置
    标准颜色: 未设置
  运行 15: '降低售价或'
    字体: 未设置
    大小: 未设置
    粗体: 未设置
    斜体: 未设置
    下划线: 未设置
    标准颜色: 未设置
  运行 16: '降低产品配置是不'
    字体: 未设置
    大小: 未设置
    粗体: 未设置
    斜体: 未设置
    下划线: 未设置
    标准颜色: 未设置
  运行 17: '可行的解决方案'
    字体: 未设置
    大小: 未设置
    粗体: 未设置
    斜体: 未设置
    下划线: 未设置
    标准颜色: 未设置
  运行 18: '。'
    字体: 未设置
    大小: 未设置
    粗体: 未设置
    斜体: 未设置
    下划线: 未设置
    标准颜色: 未设置
  运行 19: 'Y'
    字体: 未设置
    大小: 未设置
    粗体: 未设置
    斜体: 未设置
    下划线: 未设置
    标准颜色: 未设置
  运行 20: '公司可以采取多种策略来应对资金有限的医院采购谈判中的挑战'
    字体: 未设置
    大小: 未设置
    粗体: 未设置
    斜体: 未设置
    下划线: 未设置
    标准颜色: 未设置
  运行 21: '。'
    字体: 未设置
    大小: 未设置
    粗体: 未设置
    斜体: 未设置
    下划线: 未设置
    标准颜色: 未设置
  运行 22: 'Y'
    字体: 未设置
    大小: 未设置
    粗体: 未设置
    斜体: 未设置
    下划线: 未设置
    标准颜色: 未设置
  运行 23: '公司'
    字体: 未设置
    大小: 未设置
    粗体: 未设置
    斜体: 未设置
    下划线: 未设置
    标准颜色: 未设置
  运行 24: '应该参考'
    字体: 未设置
    大小: 未设置
    粗体: 未设置
    斜体: 未设置
    下划线: 未设置
    标准颜色: 未设置
  运行 25: '产品'
    字体: 未设置
    大小: 未设置
    粗体: 未设置
    斜体: 未设置
    下划线: 未设置
    标准颜色: 未设置
  运行 26: '的'
    字体: 未设置
    大小: 未设置
    粗体: 未设置
    斜体: 未设置
    下划线: 未设置
    标准颜色: 未设置
  运行 27: '波士顿矩阵'
    字体: 未设置
    大小: 未设置
    粗体: 未设置
    斜体: 未设置
    下划线: 未设置
    标准颜色: 未设置
  运行 28: '为产品定价'
    字体: 未设置
    大小: 未设置
    粗体: 未设置
    斜体: 未设置
    下划线: 未设置
    标准颜色: 未设置
  运行 29: '，如'
    字体: 未设置
    大小: 未设置
    粗体: 未设置
    斜体: 未设置
    下划线: 未设置
    标准颜色: 未设置
  运行 30: ''
    字体: 未设置
    大小: 未设置
    粗体: 未设置
    斜体: 未设置
    下划线: 未设置
    标准颜色: 未设置
  运行 31: ''
    字体: 未设置
    大小: 未设置
    粗体: 未设置
    斜体: 未设置
    下划线: 未设置
    标准颜色: 未设置
  运行 32: ''
    字体: 未设置
    大小: 未设置
    粗体: 未设置
    斜体: 未设置
    下划线: 未设置
    标准颜色: 未设置
  运行 33: ''
    字体: 未设置
    大小: 未设置
    粗体: 未设置
    斜体: 未设置
    下划线: 未设置
    标准颜色: 未设置
  运行 34: ''
    字体: 未设置
    大小: 未设置
    粗体: 未设置
    斜体: 未设置
    下划线: 未设置
    标准颜色: 未设置
  运行 35: '图'
    字体: 未设置
    大小: 未设置
    粗体: 未设置
    斜体: 未设置
    下划线: 未设置
    标准颜色: 未设置
  运行 36: ' '
    字体: 未设置
    大小: 未设置
    粗体: 未设置
    斜体: 未设置
    下划线: 未设置
    标准颜色: 未设置
  运行 37: '5'
    字体: 未设置
    大小: 未设置
    粗体: 未设置
    斜体: 未设置
    下划线: 未设置
    标准颜色: 未设置
  运行 38: '-'
    字体: 未设置
    大小: 未设置
    粗体: 未设置
    斜体: 未设置
    下划线: 未设置
    标准颜色: 未设置
  运行 39: '2'
    字体: 未设置
    大小: 未设置
    粗体: 未设置
    斜体: 未设置
    下划线: 未设置
    标准颜色: 未设置
  运行 40: ''
    字体: 未设置
    大小: 未设置
    粗体: 未设置
    斜体: 未设置
    下划线: 未设置
    标准颜色: 未设置
  运行 41: '所示'
    字体: 未设置
    大小: 未设置
    粗体: 未设置
    斜体: 未设置
    下划线: 未设置
    标准颜色: 未设置
  运行 42: '。'
    字体: 未设置
    大小: 未设置
    粗体: 未设置
    斜体: 未设置
    下划线: 未设置
    标准颜色: 未设置
  运行 43: '提供差异化产品线、灵活的定价策略、增值服务、成本优化、市场细分和加强品牌建设等策略，以满足不同客户的需求，同时保持产品的质量和公司的盈利能力。'
    字体: 未设置
    大小: 未设置
    粗体: 未设置
    斜体: 未设置
    下划线: 未设置
    标准颜色: 未设置

段落 939:
文本内容: 图 5-2　Y公司产品波士顿矩阵
段落样式: Caption
从样式获取的格式:
  样式字体: 未设置
  样式字号: 未设置
  样式颜色: 未设置
对齐方式: 未设置
左缩进: 未设置
右缩进: 未设置
首行缩进: 未设置
行间距: 未设置
从XML读取的格式:
  运行 1: '图'
    字体: 未设置
    大小: 未设置
    粗体: 未设置
    斜体: 未设置
    下划线: 未设置
    标准颜色: 未设置
  运行 2: ' '
    字体: 未设置
    大小: 未设置
    粗体: 未设置
    斜体: 未设置
    下划线: 未设置
    标准颜色: 未设置
  运行 3: ''
    字体: 未设置
    大小: 未设置
    粗体: 未设置
    斜体: 未设置
    下划线: 未设置
    标准颜色: 未设置
  运行 4: ''
    字体: 未设置
    大小: 未设置
    粗体: 未设置
    斜体: 未设置
    下划线: 未设置
    标准颜色: 未设置
  运行 5: ''
    字体: 未设置
    大小: 未设置
    粗体: 未设置
    斜体: 未设置
    下划线: 未设置
    标准颜色: 未设置
  运行 6: ''
    字体: 未设置
    大小: 未设置
    粗体: 未设置
    斜体: 未设置
    下划线: 未设置
    标准颜色: 未设置
  运行 7: ''
    字体: 未设置
    大小: 未设置
    粗体: 未设置
    斜体: 未设置
    下划线: 未设置
    标准颜色: 未设置
  运行 8: '5'
    字体: 未设置
    大小: 未设置
    粗体: 未设置
    斜体: 未设置
    下划线: 未设置
    标准颜色: 未设置
  运行 9: ''
    字体: 未设置
    大小: 未设置
    粗体: 未设置
    斜体: 未设置
    下划线: 未设置
    标准颜色: 未设置
  运行 10: '-'
    字体: 未设置
    大小: 未设置
    粗体: 未设置
    斜体: 未设置
    下划线: 未设置
    标准颜色: 未设置
  运行 11: ''
    字体: 未设置
    大小: 未设置
    粗体: 未设置
    斜体: 未设置
    下划线: 未设置
    标准颜色: 未设置
  运行 12: ''
    字体: 未设置
    大小: 未设置
    粗体: 未设置
    斜体: 未设置
    下划线: 未设置
    标准颜色: 未设置
  运行 13: ''
    字体: 未设置
    大小: 未设置
    粗体: 未设置
    斜体: 未设置
    下划线: 未设置
    标准颜色: 未设置
  运行 14: ''
    字体: 未设置
    大小: 未设置
    粗体: 未设置
    斜体: 未设置
    下划线: 未设置
    标准颜色: 未设置
  运行 15: ''
    字体: 未设置
    大小: 未设置
    粗体: 未设置
    斜体: 未设置
    下划线: 未设置
    标准颜色: 未设置
  运行 16: ''
    字体: 未设置
    大小: 未设置
    粗体: 未设置
    斜体: 未设置
    下划线: 未设置
    标准颜色: 未设置
  运行 17: ''
    字体: 未设置
    大小: 未设置
    粗体: 未设置
    斜体: 未设置
    下划线: 未设置
    标准颜色: 未设置
  运行 18: '2'
    字体: 未设置
    大小: 未设置
    粗体: 未设置
    斜体: 未设置
    下划线: 未设置
    标准颜色: 未设置
  运行 19: ''
    字体: 未设置
    大小: 未设置
    粗体: 未设置
    斜体: 未设置
    下划线: 未设置
    标准颜色: 未设置
  运行 20: '　'
    字体: 未设置
    大小: 未设置
    粗体: 未设置
    斜体: 未设置
    下划线: 未设置
    标准颜色: 未设置
  运行 21: 'Y'
    字体: 未设置
    大小: 未设置
    粗体: 未设置
    斜体: 未设置
    下划线: 未设置
    标准颜色: 未设置
  运行 22: '公司产品波士顿矩阵'
    字体: 未设置
    大小: 未设置
    粗体: 未设置
    斜体: 未设置
    下划线: 未设置
    标准颜色: 未设置

段落 940:
文本内容: 资料来源：作者整理，Y公司内部资料，2024.
段落样式: 图表资料来源
从样式获取的格式:
  样式字体: 未设置
  样式字号: 114300
  样式字号(pt): 9.0
  样式颜色: 未设置
对齐方式: 未设置
左缩进: 未设置
右缩进: 未设置
首行缩进: 未设置
行间距: 未设置
从XML读取的格式:
  运行 1: '资料来源：'
    字体: 未设置
    大小: 未设置
    粗体: 未设置
    斜体: 未设置
    下划线: 未设置
    标准颜色: 未设置
  运行 2: '作者整'
    字体: 未设置
    大小: 未设置
    粗体: 未设置
    斜体: 未设置
    下划线: 未设置
    标准颜色: 未设置
  运行 3: '理，'
    字体: 未设置
    大小: 未设置
    粗体: 未设置
    斜体: 未设置
    下划线: 未设置
    标准颜色: 未设置
  运行 4: 'Y'
    字体: 未设置
    大小: 未设置
    粗体: 未设置
    斜体: 未设置
    下划线: 未设置
    标准颜色: 未设置
  运行 5: '公司内部资料'
    字体: 未设置
    大小: 未设置
    粗体: 未设置
    斜体: 未设置
    下划线: 未设置
    标准颜色: 未设置
  运行 6: '，'
    字体: 未设置
    大小: 未设置
    粗体: 未设置
    斜体: 未设置
    下划线: 未设置
    标准颜色: 未设置
  运行 7: '2'
    字体: 未设置
    大小: 未设置
    粗体: 未设置
    斜体: 未设置
    下划线: 未设置
    标准颜色: 未设置
  运行 8: '02'
    字体: 未设置
    大小: 未设置
    粗体: 未设置
    斜体: 未设置
    下划线: 未设置
    标准颜色: 未设置
  运行 9: '4'
    字体: 未设置
    大小: 未设置
    粗体: 未设置
    斜体: 未设置
    下划线: 未设置
    标准颜色: 未设置
  运行 10: '.'
    字体: 未设置
    大小: 未设置
    粗体: 未设置
    斜体: 未设置
    下划线: 未设置
    标准颜色: 未设置

段落 942:
文本内容: 波士顿矩阵定价法
段落样式: Heading 4
从样式获取的格式:
  样式字体: 未设置
  样式字号: 未设置
  样式颜色: 未设置
对齐方式: 未设置
左缩进: 未设置
右缩进: 未设置
首行缩进: 未设置
行间距: 未设置
从XML读取的格式:
  运行 1: '波士顿矩阵定价法'
    字体: 未设置
    大小: 未设置
    粗体: 未设置
    斜体: 未设置
    下划线: 未设置
    标准颜色: 未设置

段落 943:
文本内容: 对于MP-3、OPD-Scan III等属于明星产品，Y公司应该对这类产品进行投资，以维持和扩大市场份额，通过加大推广力度使得明星产品成为未来的金牛产品。明星产品需要大量的资金来支持其增长，通常会成为公司未来的主要收入来源。
段落样式: 正文-缩进
从样式获取的格式:
  样式字体: 未设置
  样式字号: 未设置
  样式颜色: 未设置
对齐方式: 未设置
左缩进: 未设置
右缩进: 未设置
首行缩进: 未设置
行间距: 未设置
从XML读取的格式:
  运行 1: '对于'
    字体: 未设置
    大小: 未设置
    粗体: 未设置
    斜体: 未设置
    下划线: 未设置
    标准颜色: 未设置
  运行 2: 'MP-3'
    字体: 未设置
    大小: 未设置
    粗体: 未设置
    斜体: 未设置
    下划线: 未设置
    标准颜色: 未设置
  运行 3: '、'
    字体: 未设置
    大小: 未设置
    粗体: 未设置
    斜体: 未设置
    下划线: 未设置
    标准颜色: 未设置
  运行 4: 'OPD-S'
    字体: 未设置
    大小: 未设置
    粗体: 未设置
    斜体: 未设置
    下划线: 未设置
    标准颜色: 未设置
  运行 5: 'can '
    字体: 未设置
    大小: 未设置
    粗体: 未设置
    斜体: 未设置
    下划线: 未设置
    标准颜色: 未设置
  运行 6: 'III'
    字体: 未设置
    大小: 未设置
    粗体: 未设置
    斜体: 未设置
    下划线: 未设置
    标准颜色: 未设置
  运行 7: '等'
    字体: 未设置
    大小: 未设置
    粗体: 未设置
    斜体: 未设置
    下划线: 未设置
    标准颜色: 未设置
  运行 8: '属于'
    字体: 未设置
    大小: 未设置
    粗体: 未设置
    斜体: 未设置
    下划线: 未设置
    标准颜色: 未设置
  运行 9: '明星产品，'
    字体: 未设置
    大小: 未设置
    粗体: 未设置
    斜体: 未设置
    下划线: 未设置
    标准颜色: 未设置
  运行 10: 'Y'
    字体: 未设置
    大小: 未设置
    粗体: 未设置
    斜体: 未设置
    下划线: 未设置
    标准颜色: 未设置
  运行 11: '公司应该对这类产品进行投资，以维持和扩大市场份额，通过加大推广力度'
    字体: 未设置
    大小: 未设置
    粗体: 未设置
    斜体: 未设置
    下划线: 未设置
    标准颜色: 未设置
  运行 12: '使得明星产品'
    字体: 未设置
    大小: 未设置
    粗体: 未设置
    斜体: 未设置
    下划线: 未设置
    标准颜色: 未设置
  运行 13: '成为未来的金牛产品。明星产品需要大量的资金来支持其增长，通常会成为'
    字体: 未设置
    大小: 未设置
    粗体: 未设置
    斜体: 未设置
    下划线: 未设置
    标准颜色: 未设置
  运行 14: '公司'
    字体: 未设置
    大小: 未设置
    粗体: 未设置
    斜体: 未设置
    下划线: 未设置
    标准颜色: 未设置
  运行 15: '未来的主要收入来源。'
    字体: 未设置
    大小: 未设置
    粗体: 未设置
    斜体: 未设置
    下划线: 未设置
    标准颜色: 未设置

段落 944:
文本内容: 对于Mirante、RS3000Advance等属于问题产品，这些产品目前处于高增长市场但市场份额较低。Y公司应该对这些产品进行更多的投资以提高市场份额。
段落样式: 正文-缩进
从样式获取的格式:
  样式字体: 未设置
  样式字号: 未设置
  样式颜色: 未设置
对齐方式: 未设置
左缩进: 未设置
右缩进: 未设置
首行缩进: 未设置
行间距: 未设置
从XML读取的格式:
  运行 1: '对于'
    字体: 未设置
    大小: 未设置
    粗体: 未设置
    斜体: 未设置
    下划线: 未设置
    标准颜色: 未设置
  运行 2: 'M'
    字体: 未设置
    大小: 未设置
    粗体: 未设置
    斜体: 未设置
    下划线: 未设置
    标准颜色: 未设置
  运行 3: 'irante'
    字体: 未设置
    大小: 未设置
    粗体: 未设置
    斜体: 未设置
    下划线: 未设置
    标准颜色: 未设置
  运行 4: '、'
    字体: 未设置
    大小: 未设置
    粗体: 未设置
    斜体: 未设置
    下划线: 未设置
    标准颜色: 未设置
  运行 5: 'RS'
    字体: 未设置
    大小: 未设置
    粗体: 未设置
    斜体: 未设置
    下划线: 未设置
    标准颜色: 未设置
  运行 6: '3000'
    字体: 未设置
    大小: 未设置
    粗体: 未设置
    斜体: 未设置
    下划线: 未设置
    标准颜色: 未设置
  运行 7: 'Advance'
    字体: 未设置
    大小: 未设置
    粗体: 未设置
    斜体: 未设置
    下划线: 未设置
    标准颜色: 未设置
  运行 8: '等属于'
    字体: 未设置
    大小: 未设置
    粗体: 未设置
    斜体: 未设置
    下划线: 未设置
    标准颜色: 未设置
  运行 9: '问题产品'
    字体: 未设置
    大小: 未设置
    粗体: 未设置
    斜体: 未设置
    下划线: 未设置
    标准颜色: 未设置
  运行 10: '，'
    字体: 未设置
    大小: 未设置
    粗体: 未设置
    斜体: 未设置
    下划线: 未设置
    标准颜色: 未设置
  运行 11: '这些产品'
    字体: 未设置
    大小: 未设置
    粗体: 未设置
    斜体: 未设置
    下划线: 未设置
    标准颜色: 未设置
  运行 12: '目前'
    字体: 未设置
    大小: 未设置
    粗体: 未设置
    斜体: 未设置
    下划线: 未设置
    标准颜色: 未设置
  运行 13: '处于高增长市场但市场份额较低。'
    字体: 未设置
    大小: 未设置
    粗体: 未设置
    斜体: 未设置
    下划线: 未设置
    标准颜色: 未设置
  运行 14: 'Y'
    字体: 未设置
    大小: 未设置
    粗体: 未设置
    斜体: 未设置
    下划线: 未设置
    标准颜色: 未设置
  运行 15: '公司'
    字体: 未设置
    大小: 未设置
    粗体: 未设置
    斜体: 未设置
    下划线: 未设置
    标准颜色: 未设置
  运行 16: '应该对这些产品进行更多的投资以提高市场份额'
    字体: 未设置
    大小: 未设置
    粗体: 未设置
    斜体: 未设置
    下划线: 未设置
    标准颜色: 未设置
  运行 17: '。'
    字体: 未设置
    大小: 未设置
    粗体: 未设置
    斜体: 未设置
    下划线: 未设置
    标准颜色: 未设置

段落 945:
文本内容: 对于ARK-1、RT-5100等视光累产品属于金牛产品，这些产品在成熟市场中高市场份额，但市场增长率较低。它们是Y公司的主要收入来源，公司应该通过有效的成本控制和市场维护来最大化这些产品的盈利能力。
段落样式: 正文-缩进
从样式获取的格式:
  样式字体: 未设置
  样式字号: 未设置
  样式颜色: 未设置
对齐方式: 未设置
左缩进: 未设置
右缩进: 未设置
首行缩进: 未设置
行间距: 未设置
从XML读取的格式:
  运行 1: '对于'
    字体: 未设置
    大小: 未设置
    粗体: 未设置
    斜体: 未设置
    下划线: 未设置
    标准颜色: 未设置
  运行 2: 'ARK-1'
    字体: 未设置
    大小: 未设置
    粗体: 未设置
    斜体: 未设置
    下划线: 未设置
    标准颜色: 未设置
  运行 3: '、'
    字体: 未设置
    大小: 未设置
    粗体: 未设置
    斜体: 未设置
    下划线: 未设置
    标准颜色: 未设置
  运行 4: 'RT-5100'
    字体: 未设置
    大小: 未设置
    粗体: 未设置
    斜体: 未设置
    下划线: 未设置
    标准颜色: 未设置
  运行 5: '等视光累产品属于'
    字体: 未设置
    大小: 未设置
    粗体: 未设置
    斜体: 未设置
    下划线: 未设置
    标准颜色: 未设置
  运行 6: '金牛产品'
    字体: 未设置
    大小: 未设置
    粗体: 未设置
    斜体: 未设置
    下划线: 未设置
    标准颜色: 未设置
  运行 7: '，'
    字体: 未设置
    大小: 未设置
    粗体: 未设置
    斜体: 未设置
    下划线: 未设置
    标准颜色: 未设置
  运行 8: '这些产品在成熟市场中高市场份额，但市场增长率较低。'
    字体: 未设置
    大小: 未设置
    粗体: 未设置
    斜体: 未设置
    下划线: 未设置
    标准颜色: 未设置
  运行 9: '它们'
    字体: 未设置
    大小: 未设置
    粗体: 未设置
    斜体: 未设置
    下划线: 未设置
    标准颜色: 未设置
  运行 10: '是'
    字体: 未设置
    大小: 未设置
    粗体: 未设置
    斜体: 未设置
    下划线: 未设置
    标准颜色: 未设置
  运行 11: 'Y'
    字体: 未设置
    大小: 未设置
    粗体: 未设置
    斜体: 未设置
    下划线: 未设置
    标准颜色: 未设置
  运行 12: '公司'
    字体: 未设置
    大小: 未设置
    粗体: 未设置
    斜体: 未设置
    下划线: 未设置
    标准颜色: 未设置
  运行 13: '的主要收入来源，'
    字体: 未设置
    大小: 未设置
    粗体: 未设置
    斜体: 未设置
    下划线: 未设置
    标准颜色: 未设置
  运行 14: '公司'
    字体: 未设置
    大小: 未设置
    粗体: 未设置
    斜体: 未设置
    下划线: 未设置
    标准颜色: 未设置
  运行 15: '应该通过有效的成本控制和市场维护来最大化这些产品的盈利能力。'
    字体: 未设置
    大小: 未设置
    粗体: 未设置
    斜体: 未设置
    下划线: 未设置
    标准颜色: 未设置

段落 946:
文本内容: 对于YC-1800、MC-500等产品属于瘦狗产品，这些产品在低增长市场并且市场份额较低。这些产品属于激光治疗类产品，销量低成本高利润薄，因为它们不会产生足够的利润来覆盖维护成本，但是在打包销售的时候又不能没有，因此只需维持常规3-5台的库存即可。
段落样式: 正文-缩进
从样式获取的格式:
  样式字体: 未设置
  样式字号: 未设置
  样式颜色: 未设置
对齐方式: 未设置
左缩进: 未设置
右缩进: 未设置
首行缩进: 未设置
行间距: 未设置
从XML读取的格式:
  运行 1: '对于'
    字体: 未设置
    大小: 未设置
    粗体: 未设置
    斜体: 未设置
    下划线: 未设置
    标准颜色: 未设置
  运行 2: 'YC-1800'
    字体: 未设置
    大小: 未设置
    粗体: 未设置
    斜体: 未设置
    下划线: 未设置
    标准颜色: 未设置
  运行 3: '、'
    字体: 未设置
    大小: 未设置
    粗体: 未设置
    斜体: 未设置
    下划线: 未设置
    标准颜色: 未设置
  运行 4: 'MC-500'
    字体: 未设置
    大小: 未设置
    粗体: 未设置
    斜体: 未设置
    下划线: 未设置
    标准颜色: 未设置
  运行 5: '等产品属于'
    字体: 未设置
    大小: 未设置
    粗体: 未设置
    斜体: 未设置
    下划线: 未设置
    标准颜色: 未设置
  运行 6: '瘦狗产品'
    字体: 未设置
    大小: 未设置
    粗体: 未设置
    斜体: 未设置
    下划线: 未设置
    标准颜色: 未设置
  运行 7: '，'
    字体: 未设置
    大小: 未设置
    粗体: 未设置
    斜体: 未设置
    下划线: 未设置
    标准颜色: 未设置
  运行 8: '这些产品在低增长市场并且市场份额较低。'
    字体: 未设置
    大小: 未设置
    粗体: 未设置
    斜体: 未设置
    下划线: 未设置
    标准颜色: 未设置
  运行 9: '这些产品属于激光治疗类产品，销量低成本高利润薄，'
    字体: 未设置
    大小: 未设置
    粗体: 未设置
    斜体: 未设置
    下划线: 未设置
    标准颜色: 未设置
  运行 10: '因为它们不会产生足够的利润来覆盖维护成本，'
    字体: 未设置
    大小: 未设置
    粗体: 未设置
    斜体: 未设置
    下划线: 未设置
    标准颜色: 未设置
  运行 11: '但是在打包销售的时候又不能没有，因此只需维持常规'
    字体: 未设置
    大小: 未设置
    粗体: 未设置
    斜体: 未设置
    下划线: 未设置
    标准颜色: 未设置
  运行 12: '3-5'
    字体: 未设置
    大小: 未设置
    粗体: 未设置
    斜体: 未设置
    下划线: 未设置
    标准颜色: 未设置
  运行 13: '台的库存即可。'
    字体: 未设置
    大小: 未设置
    粗体: 未设置
    斜体: 未设置
    下划线: 未设置
    标准颜色: 未设置

段落 947:
文本内容: 根据产品功能定价
段落样式: Heading 4
从样式获取的格式:
  样式字体: 未设置
  样式字号: 未设置
  样式颜色: 未设置
对齐方式: 未设置
左缩进: 未设置
右缩进: 未设置
首行缩进: 未设置
行间距: 未设置
从XML读取的格式:
  运行 1: '根据'
    字体: 未设置
    大小: 未设置
    粗体: 未设置
    斜体: 未设置
    下划线: 未设置
    标准颜色: 未设置
  运行 2: '产品'
    字体: 未设置
    大小: 未设置
    粗体: 未设置
    斜体: 未设置
    下划线: 未设置
    标准颜色: 未设置
  运行 3: '功能'
    字体: 未设置
    大小: 未设置
    粗体: 未设置
    斜体: 未设置
    下划线: 未设置
    标准颜色: 未设置
  运行 4: '定价'
    字体: 未设置
    大小: 未设置
    粗体: 未设置
    斜体: 未设置
    下划线: 未设置
    标准颜色: 未设置

段落 948:
文本内容: 产品的价格对于客户的购买决定有很大的影响，因此价格策略就显得非常重要。产品定价的合理与否，将直接影响产品的市场份额以及企业的营收利润。公司产品可以根据产品的特性，拆分成最小单元价格。销售人员根据客户的需求，例如主机、3个手柄、保修2年、需要移动台车等要求，再给到客户一个报价。真正做到个性化定制，即使查到相同产品型号的不同中标价格，也可以很好的解释。
段落样式: 正文-缩进
从样式获取的格式:
  样式字体: 未设置
  样式字号: 未设置
  样式颜色: 未设置
对齐方式: 未设置
左缩进: 未设置
右缩进: 未设置
首行缩进: 未设置
行间距: 未设置
从XML读取的格式:
  运行 1: '产品的价格对于客户的购买决定有很大的影响，因此价格策略'
    字体: 未设置
    大小: 未设置
    粗体: 未设置
    斜体: 未设置
    下划线: 未设置
    标准颜色: 未设置
  运行 2: '就显得非常重要。产品定价的合理与否，将直接影响产品的市场份额'
    字体: 未设置
    大小: 未设置
    粗体: 未设置
    斜体: 未设置
    下划线: 未设置
    标准颜色: 未设置
  运行 3: '以及'
    字体: 未设置
    大小: 未设置
    粗体: 未设置
    斜体: 未设置
    下划线: 未设置
    标准颜色: 未设置
  运行 4: '企业的营收利润。公司产品可以根据产品的特性，拆分成最小单元价格。销售人员根据客户的需求，例如主机、'
    字体: 未设置
    大小: 未设置
    粗体: 未设置
    斜体: 未设置
    下划线: 未设置
    标准颜色: 未设置
  运行 5: '3'
    字体: 未设置
    大小: 未设置
    粗体: 未设置
    斜体: 未设置
    下划线: 未设置
    标准颜色: 未设置
  运行 6: '个手柄、保修'
    字体: 未设置
    大小: 未设置
    粗体: 未设置
    斜体: 未设置
    下划线: 未设置
    标准颜色: 未设置
  运行 7: '2'
    字体: 未设置
    大小: 未设置
    粗体: 未设置
    斜体: 未设置
    下划线: 未设置
    标准颜色: 未设置
  运行 8: '年、需要'
    字体: 未设置
    大小: 未设置
    粗体: 未设置
    斜体: 未设置
    下划线: 未设置
    标准颜色: 未设置
  运行 9: '移动台车'
    字体: 未设置
    大小: 未设置
    粗体: 未设置
    斜体: 未设置
    下划线: 未设置
    标准颜色: 未设置
  运行 10: '等要求，再给到客户一个报价。真正做到个性化定制，即使查到'
    字体: 未设置
    大小: 未设置
    粗体: 未设置
    斜体: 未设置
    下划线: 未设置
    标准颜色: 未设置
  运行 11: '相同'
    字体: 未设置
    大小: 未设置
    粗体: 未设置
    斜体: 未设置
    下划线: 未设置
    标准颜色: 未设置
  运行 12: '产品型号的'
    字体: 未设置
    大小: 未设置
    粗体: 未设置
    斜体: 未设置
    下划线: 未设置
    标准颜色: 未设置
  运行 13: '不同'
    字体: 未设置
    大小: 未设置
    粗体: 未设置
    斜体: 未设置
    下划线: 未设置
    标准颜色: 未设置
  运行 14: '中标'
    字体: 未设置
    大小: 未设置
    粗体: 未设置
    斜体: 未设置
    下划线: 未设置
    标准颜色: 未设置
  运行 15: '价格'
    字体: 未设置
    大小: 未设置
    粗体: 未设置
    斜体: 未设置
    下划线: 未设置
    标准颜色: 未设置
  运行 16: '，也可以很好的解释。'
    字体: 未设置
    大小: 未设置
    粗体: 未设置
    斜体: 未设置
    下划线: 未设置
    标准颜色: 未设置

段落 949:
文本内容: 除了配置以外，还可以可以利用Y公司产品线长的优势，同类产品按产品功能的多少进行区别定价，以满足不同级别的医院需求。例如电脑验光系列，就有AR-1、AR-1a、AR-1s、ARK-1、ARK-1a、ARK-1s等6个产品规格。业务需要清晰的掌握每个型号的产品特点，如K字母是代表具备曲率测量功能，a字母是代表具备屈光介质评估和调节力测试功能，s字母是表示在具备a型号所有功能的基础上，增加了视敏度测量。销售人员可以根据医院客户的具体需求来定制不同价格的产品方案。
段落样式: 正文-缩进
从样式获取的格式:
  样式字体: 未设置
  样式字号: 未设置
  样式颜色: 未设置
对齐方式: 未设置
左缩进: 未设置
右缩进: 未设置
首行缩进: 未设置
行间距: 未设置
从XML读取的格式:
  运行 1: '除了配置以外，还可以'
    字体: 未设置
    大小: 未设置
    粗体: 未设置
    斜体: 未设置
    下划线: 未设置
    标准颜色: 未设置
  运行 2: '可以利用'
    字体: 未设置
    大小: 未设置
    粗体: 未设置
    斜体: 未设置
    下划线: 未设置
    标准颜色: 未设置
  运行 3: 'Y'
    字体: 未设置
    大小: 未设置
    粗体: 未设置
    斜体: 未设置
    下划线: 未设置
    标准颜色: 未设置
  运行 4: '公司产品线长的优势，同类产品按产品功能的多少进行区别定价，以满足不同级别的医院需求。例如电脑验光系列，'
    字体: 未设置
    大小: 未设置
    粗体: 未设置
    斜体: 未设置
    下划线: 未设置
    标准颜色: 未设置
  运行 5: '就有'
    字体: 未设置
    大小: 未设置
    粗体: 未设置
    斜体: 未设置
    下划线: 未设置
    标准颜色: 未设置
  运行 6: 'AR-1'
    字体: 未设置
    大小: 未设置
    粗体: 未设置
    斜体: 未设置
    下划线: 未设置
    标准颜色: 未设置
  运行 7: '、'
    字体: 未设置
    大小: 未设置
    粗体: 未设置
    斜体: 未设置
    下划线: 未设置
    标准颜色: 未设置
  运行 8: 'AR-1a'
    字体: 未设置
    大小: 未设置
    粗体: 未设置
    斜体: 未设置
    下划线: 未设置
    标准颜色: 未设置
  运行 9: '、'
    字体: 未设置
    大小: 未设置
    粗体: 未设置
    斜体: 未设置
    下划线: 未设置
    标准颜色: 未设置
  运行 10: 'AR-1'
    字体: 未设置
    大小: 未设置
    粗体: 未设置
    斜体: 未设置
    下划线: 未设置
    标准颜色: 未设置
  运行 11: 's'
    字体: 未设置
    大小: 未设置
    粗体: 未设置
    斜体: 未设置
    下划线: 未设置
    标准颜色: 未设置
  运行 12: '、'
    字体: 未设置
    大小: 未设置
    粗体: 未设置
    斜体: 未设置
    下划线: 未设置
    标准颜色: 未设置
  运行 13: 'ARK-1'
    字体: 未设置
    大小: 未设置
    粗体: 未设置
    斜体: 未设置
    下划线: 未设置
    标准颜色: 未设置
  运行 14: '、'
    字体: 未设置
    大小: 未设置
    粗体: 未设置
    斜体: 未设置
    下划线: 未设置
    标准颜色: 未设置
  运行 15: 'ARK-1'
    字体: 未设置
    大小: 未设置
    粗体: 未设置
    斜体: 未设置
    下划线: 未设置
    标准颜色: 未设置
  运行 16: 'a'
    字体: 未设置
    大小: 未设置
    粗体: 未设置
    斜体: 未设置
    下划线: 未设置
    标准颜色: 未设置
  运行 17: '、'
    字体: 未设置
    大小: 未设置
    粗体: 未设置
    斜体: 未设置
    下划线: 未设置
    标准颜色: 未设置
  运行 18: 'ARK-1'
    字体: 未设置
    大小: 未设置
    粗体: 未设置
    斜体: 未设置
    下划线: 未设置
    标准颜色: 未设置
  运行 19: 's'
    字体: 未设置
    大小: 未设置
    粗体: 未设置
    斜体: 未设置
    下划线: 未设置
    标准颜色: 未设置
  运行 20: '等'
    字体: 未设置
    大小: 未设置
    粗体: 未设置
    斜体: 未设置
    下划线: 未设置
    标准颜色: 未设置
  运行 21: '6'
    字体: 未设置
    大小: 未设置
    粗体: 未设置
    斜体: 未设置
    下划线: 未设置
    标准颜色: 未设置
  运行 22: '个产品规格。业务需要清晰的掌握每个型号的产品特点，如'
    字体: 未设置
    大小: 未设置
    粗体: 未设置
    斜体: 未设置
    下划线: 未设置
    标准颜色: 未设置
  运行 23: 'K'
    字体: 未设置
    大小: 未设置
    粗体: 未设置
    斜体: 未设置
    下划线: 未设置
    标准颜色: 未设置
  运行 24: '字母是代表具备曲率测量功能，'
    字体: 未设置
    大小: 未设置
    粗体: 未设置
    斜体: 未设置
    下划线: 未设置
    标准颜色: 未设置
  运行 25: 'a'
    字体: 未设置
    大小: 未设置
    粗体: 未设置
    斜体: 未设置
    下划线: 未设置
    标准颜色: 未设置
  运行 26: '字母是代表'
    字体: 未设置
    大小: 未设置
    粗体: 未设置
    斜体: 未设置
    下划线: 未设置
    标准颜色: 未设置
  运行 27: '具备'
    字体: 未设置
    大小: 未设置
    粗体: 未设置
    斜体: 未设置
    下划线: 未设置
    标准颜色: 未设置
  运行 28: '屈光'
    字体: 未设置
    大小: 未设置
    粗体: 未设置
    斜体: 未设置
    下划线: 未设置
    标准颜色: 未设置
  运行 29: '介质评估和调节力测试功能'
    字体: 未设置
    大小: 未设置
    粗体: 未设置
    斜体: 未设置
    下划线: 未设置
    标准颜色: 未设置
  运行 30: '，'
    字体: 未设置
    大小: 未设置
    粗体: 未设置
    斜体: 未设置
    下划线: 未设置
    标准颜色: 未设置
  运行 31: 's'
    字体: 未设置
    大小: 未设置
    粗体: 未设置
    斜体: 未设置
    下划线: 未设置
    标准颜色: 未设置
  运行 32: '字母是表示在具备'
    字体: 未设置
    大小: 未设置
    粗体: 未设置
    斜体: 未设置
    下划线: 未设置
    标准颜色: 未设置
  运行 33: 'a'
    字体: 未设置
    大小: 未设置
    粗体: 未设置
    斜体: 未设置
    下划线: 未设置
    标准颜色: 未设置
  运行 34: '型号所有功能的基础上，增加了视敏度测量。销售人员可以根据医院客户的具体需求来定制不同价格的产品方案。'
    字体: 未设置
    大小: 未设置
    粗体: 未设置
    斜体: 未设置
    下划线: 未设置
    标准颜色: 未设置

段落 950:
文本内容: 根据渠道不同定价
段落样式: Heading 4
从样式获取的格式:
  样式字体: 未设置
  样式字号: 未设置
  样式颜色: 未设置
对齐方式: 未设置
左缩进: 未设置
右缩进: 未设置
首行缩进: 未设置
行间距: 未设置
从XML读取的格式:
  运行 1: '根据渠道不同定价'
    字体: 未设置
    大小: 未设置
    粗体: 未设置
    斜体: 未设置
    下划线: 未设置
    标准颜色: 未设置

段落 951:
文本内容: 渠道是指产品到达最终用户的途径，可分为直销渠道和分销渠道。直销渠道是对于民营医疗机构而言。一般对于民营医疗集团来说，他们在全国各地都有医院，采购量大，往往会和公司洽谈大的框架协议，约定好采购量和采购价格。例如爱尔医疗集团、华厦医疗集团、普瑞医疗集团等。这些大的医疗集团可以采用薄利多销的方式，用低于市场行情价格销售。
段落样式: 正文-缩进
从样式获取的格式:
  样式字体: 未设置
  样式字号: 未设置
  样式颜色: 未设置
对齐方式: 未设置
左缩进: 未设置
右缩进: 未设置
首行缩进: 未设置
行间距: 未设置
从XML读取的格式:
  运行 1: '渠道是指产品到达最终用户的途径'
    字体: 未设置
    大小: 未设置
    粗体: 未设置
    斜体: 未设置
    下划线: 未设置
    标准颜色: 未设置
  运行 2: '，可分为直销渠道和分销渠道。直销渠道是对于民营医疗机构而言。一般对于民营医疗集团来说，他们在全国各地都有医院，采购量大，往往会和公司洽谈大的框架协议，约定好采购量和采购价格。'
    字体: 未设置
    大小: 未设置
    粗体: 未设置
    斜体: 未设置
    下划线: 未设置
    标准颜色: 未设置
  运行 3: '例如爱尔医疗集团、华厦医疗集团、普瑞医疗集团等。这些大的医疗集团可以采用薄利多销的方式，用低于市场行情价格销售。'
    字体: 未设置
    大小: 未设置
    粗体: 未设置
    斜体: 未设置
    下划线: 未设置
    标准颜色: 未设置

段落 952:
文本内容: 而分销渠道主要是针对各地的公立医疗机构而言，公司不直接和医院发生业务关系，而是通过分销商销售给医院。这部分市场成交价格较高，分销商或代理商利润较好，可适当提高出货价。分销商更熟悉当地医疗客户，他们和医疗机构业务往来，更了解当地的政策和客户回款情况等，让分销商去完成销售比直销更能确保资金安全。分销商有足够的利润空间，也愿意去积极的推广产品，帮助企业提升销售业绩。
段落样式: 正文-缩进
从样式获取的格式:
  样式字体: 未设置
  样式字号: 未设置
  样式颜色: 未设置
对齐方式: 未设置
左缩进: 未设置
右缩进: 未设置
首行缩进: 未设置
行间距: 未设置
从XML读取的格式:
  运行 1: '而分销渠道主要是针对各地的公立医疗机构而言，公司不直接和医院发生业务关系，而是通过分销商销售给医院。'
    字体: 未设置
    大小: 未设置
    粗体: 未设置
    斜体: 未设置
    下划线: 未设置
    标准颜色: 未设置
  运行 2: '这部分市场成交价格较高，分销商或代理商利润较好，可适当提高出货价。'
    字体: 未设置
    大小: 未设置
    粗体: 未设置
    斜体: 未设置
    下划线: 未设置
    标准颜色: 未设置
  运行 3: '分销商更熟悉当地'
    字体: 未设置
    大小: 未设置
    粗体: 未设置
    斜体: 未设置
    下划线: 未设置
    标准颜色: 未设置
  运行 4: '医疗客户'
    字体: 未设置
    大小: 未设置
    粗体: 未设置
    斜体: 未设置
    下划线: 未设置
    标准颜色: 未设置
  运行 5: '，'
    字体: 未设置
    大小: 未设置
    粗体: 未设置
    斜体: 未设置
    下划线: 未设置
    标准颜色: 未设置
  运行 6: '他们和医疗机构业务往来，更了解当地的政策和客户回款情况等，'
    字体: 未设置
    大小: 未设置
    粗体: 未设置
    斜体: 未设置
    下划线: 未设置
    标准颜色: 未设置
  运行 7: '让'
    字体: 未设置
    大小: 未设置
    粗体: 未设置
    斜体: 未设置
    下划线: 未设置
    标准颜色: 未设置
  运行 8: '分销商去完成销售比直销更能确保资金安全。分销商有足够的利润空间，也愿意去积极的推广产品，帮助企业提升销售业绩。'
    字体: 未设置
    大小: 未设置
    粗体: 未设置
    斜体: 未设置
    下划线: 未设置
    标准颜色: 未设置

段落 953:
文本内容: 不同发展阶段定价
段落样式: Heading 4
从样式获取的格式:
  样式字体: 未设置
  样式字号: 未设置
  样式颜色: 未设置
对齐方式: 未设置
左缩进: 未设置
右缩进: 未设置
首行缩进: 未设置
行间距: 未设置
从XML读取的格式:
  运行 1: '不同发展阶段定价'
    字体: 未设置
    大小: 未设置
    粗体: 未设置
    斜体: 未设置
    下划线: 未设置
    标准颜色: 未设置

段落 954:
文本内容: 任何产品都有生命周期，医疗设备产品也不例外，都会经历导入期、成长期、成熟期、衰退期。在产品发展的不同阶段，其定价策略也会有所不同。眼视光产品都进入成熟期，市场上出现越来越多的同类产品，竞争变得激烈。Y公司要根据竞争对手的市场定价来调整自己的价格，以保持市场竞争力。
段落样式: 正文-缩进
从样式获取的格式:
  样式字体: 未设置
  样式字号: 未设置
  样式颜色: 未设置
对齐方式: 未设置
左缩进: 未设置
右缩进: 未设置
首行缩进: 未设置
行间距: 未设置
从XML读取的格式:
  运行 1: '任何产品都有生命周期，'
    字体: 未设置
    大小: 未设置
    粗体: 未设置
    斜体: 未设置
    下划线: 未设置
    标准颜色: 未设置
  运行 2: '医疗设备产品也不例外，都会经历'
    字体: 未设置
    大小: 未设置
    粗体: 未设置
    斜体: 未设置
    下划线: 未设置
    标准颜色: 未设置
  运行 3: '导入期、成长期、成熟期、衰退期。在产品发展的不同阶段，其定价策略也会有所不同。'
    字体: 未设置
    大小: 未设置
    粗体: 未设置
    斜体: 未设置
    下划线: 未设置
    标准颜色: 未设置
  运行 4: '眼'
    字体: 未设置
    大小: 未设置
    粗体: 未设置
    斜体: 未设置
    下划线: 未设置
    标准颜色: 未设置
  运行 5: '视光产品都进入成熟期，市场上出现越来越多的同类产品，竞争变得激烈。'
    字体: 未设置
    大小: 未设置
    粗体: 未设置
    斜体: 未设置
    下划线: 未设置
    标准颜色: 未设置
  运行 6: 'Y'
    字体: 未设置
    大小: 未设置
    粗体: 未设置
    斜体: 未设置
    下划线: 未设置
    标准颜色: 未设置
  运行 7: '公司要根据竞争对手的市场定价来调整自己的价格，以保持市场竞争力。'
    字体: 未设置
    大小: 未设置
    粗体: 未设置
    斜体: 未设置
    下划线: 未设置
    标准颜色: 未设置

段落 955:
文本内容: 白内障组和眼底病组产品目前进入成长期，例如是屈光分析仪。随着人工晶体集采，功能性晶体也大幅降价，医师和患者都有更多晶体可选择，那就需要用到屈光分析仪OPD-Scan III来协助检查，根据患者的眼睛实际情况选择适合的人工晶体。OPD-Scan III设备具有自动化操作功能，简化了操作流程，提高了工作效率。这些技术创新不仅提升了设备的性能，也提高了患者的就医体验，更得到医师们的认同。Y公司就该产品应该用渗透定价策略，通过提供有竞争力的OPD-Scan III价格来吸引更多客户。
段落样式: 正文-缩进
从样式获取的格式:
  样式字体: 未设置
  样式字号: 未设置
  样式颜色: 未设置
对齐方式: 未设置
左缩进: 未设置
右缩进: 未设置
首行缩进: 未设置
行间距: 未设置
从XML读取的格式:
  运行 1: '白内障'
    字体: 未设置
    大小: 未设置
    粗体: 未设置
    斜体: 未设置
    下划线: 未设置
    标准颜色: 未设置
  运行 2: '组'
    字体: 未设置
    大小: 未设置
    粗体: 未设置
    斜体: 未设置
    下划线: 未设置
    标准颜色: 未设置
  运行 3: '和眼底病'
    字体: 未设置
    大小: 未设置
    粗体: 未设置
    斜体: 未设置
    下划线: 未设置
    标准颜色: 未设置
  运行 4: '组'
    字体: 未设置
    大小: 未设置
    粗体: 未设置
    斜体: 未设置
    下划线: 未设置
    标准颜色: 未设置
  运行 5: '产品'
    字体: 未设置
    大小: 未设置
    粗体: 未设置
    斜体: 未设置
    下划线: 未设置
    标准颜色: 未设置
  运行 6: '目前进入成长期，'
    字体: 未设置
    大小: 未设置
    粗体: 未设置
    斜体: 未设置
    下划线: 未设置
    标准颜色: 未设置
  运行 7: '例如'
    字体: 未设置
    大小: 未设置
    粗体: 未设置
    斜体: 未设置
    下划线: 未设置
    标准颜色: 未设置
  运行 8: '是屈光分析仪。随着人工晶体集采，功能性晶体也大幅降价，'
    字体: 未设置
    大小: 未设置
    粗体: 未设置
    斜体: 未设置
    下划线: 未设置
    标准颜色: 未设置
  运行 9: '医师和患者都有更多晶体可选择，那就需要用到屈光分析仪'
    字体: 未设置
    大小: 未设置
    粗体: 未设置
    斜体: 未设置
    下划线: 未设置
    标准颜色: 未设置
  运行 10: 'OPD-Scan III'
    字体: 未设置
    大小: 未设置
    粗体: 未设置
    斜体: 未设置
    下划线: 未设置
    标准颜色: 未设置
  运行 11: '来协助检查，'
    字体: 未设置
    大小: 未设置
    粗体: 未设置
    斜体: 未设置
    下划线: 未设置
    标准颜色: 未设置
  运行 12: '根据患者的眼睛实际情况选择适合的人工晶体。'
    字体: 未设置
    大小: 未设置
    粗体: 未设置
    斜体: 未设置
    下划线: 未设置
    标准颜色: 未设置
  运行 13: 'OPD-Scan III'
    字体: 未设置
    大小: 未设置
    粗体: 未设置
    斜体: 未设置
    下划线: 未设置
    标准颜色: 未设置
  运行 14: '设备具有自动化操作功能，简化了操作流程，提高了工作效率。这些技术创新不仅提升了设备的性能，也提高了患者的就医体验'
    字体: 未设置
    大小: 未设置
    粗体: 未设置
    斜体: 未设置
    下划线: 未设置
    标准颜色: 未设置
  运行 15: '，更'
    字体: 未设置
    大小: 未设置
    粗体: 未设置
    斜体: 未设置
    下划线: 未设置
    标准颜色: 未设置
  运行 16: '得到'
    字体: 未设置
    大小: 未设置
    粗体: 未设置
    斜体: 未设置
    下划线: 未设置
    标准颜色: 未设置
  运行 17: '医师们'
    字体: 未设置
    大小: 未设置
    粗体: 未设置
    斜体: 未设置
    下划线: 未设置
    标准颜色: 未设置
  运行 18: '的认同'
    字体: 未设置
    大小: 未设置
    粗体: 未设置
    斜体: 未设置
    下划线: 未设置
    标准颜色: 未设置
  运行 19: '。'
    字体: 未设置
    大小: 未设置
    粗体: 未设置
    斜体: 未设置
    下划线: 未设置
    标准颜色: 未设置
  运行 20: 'Y'
    字体: 未设置
    大小: 未设置
    粗体: 未设置
    斜体: 未设置
    下划线: 未设置
    标准颜色: 未设置
  运行 21: '公司'
    字体: 未设置
    大小: 未设置
    粗体: 未设置
    斜体: 未设置
    下划线: 未设置
    标准颜色: 未设置
  运行 22: '就该产品'
    字体: 未设置
    大小: 未设置
    粗体: 未设置
    斜体: 未设置
    下划线: 未设置
    标准颜色: 未设置
  运行 23: '应该用渗透定价策略，通过提供有竞争力的'
    字体: 未设置
    大小: 未设置
    粗体: 未设置
    斜体: 未设置
    下划线: 未设置
    标准颜色: 未设置
  运行 24: 'OPD-Scan III'
    字体: 未设置
    大小: 未设置
    粗体: 未设置
    斜体: 未设置
    下划线: 未设置
    标准颜色: 未设置
  运行 25: '价格来吸引更多客户。'
    字体: 未设置
    大小: 未设置
    粗体: 未设置
    斜体: 未设置
    下划线: 未设置
    标准颜色: 未设置

段落 956:
文本内容: 渠道策略
段落样式: Heading 3
从样式获取的格式:
  样式字体: 未设置
  样式字号: 未设置
  样式颜色: 未设置
对齐方式: 未设置
左缩进: 未设置
右缩进: 未设置
首行缩进: 未设置
行间距: 未设置
从XML读取的格式:
  运行 1: '渠道策略'
    字体: 未设置
    大小: 未设置
    粗体: 未设置
    斜体: 未设置
    下划线: 未设置
    标准颜色: 未设置
  运行 2: ''
    字体: 未设置
    大小: 未设置
    粗体: 未设置
    斜体: 未设置
    下划线: 未设置
    标准颜色: 未设置
  运行 3: ''
    字体: 未设置
    大小: 未设置
    粗体: 未设置
    斜体: 未设置
    下划线: 未设置
    标准颜色: 未设置
  运行 4: ''
    字体: 未设置
    大小: 未设置
    粗体: 未设置
    斜体: 未设置
    下划线: 未设置
    标准颜色: 未设置
  运行 5: ''
    字体: 未设置
    大小: 未设置
    粗体: 未设置
    斜体: 未设置
    下划线: 未设置
    标准颜色: 未设置
  运行 6: ''
    字体: 未设置
    大小: 未设置
    粗体: 未设置
    斜体: 未设置
    下划线: 未设置
    标准颜色: 未设置
  运行 7: ''
    字体: 未设置
    大小: 未设置
    粗体: 未设置
    斜体: 未设置
    下划线: 未设置
    标准颜色: 未设置
  运行 8: ''
    字体: 未设置
    大小: 未设置
    粗体: 未设置
    斜体: 未设置
    下划线: 未设置
    标准颜色: 未设置
  运行 9: ''
    字体: 未设置
    大小: 未设置
    粗体: 未设置
    斜体: 未设置
    下划线: 未设置
    标准颜色: 未设置

段落 957:
文本内容: Y公司渠道建设薄弱。公司根据公立医院和民营医院、二级及以上医院和二级以下医院等有分为直销和分销两种销售模式。针对于民营医院，不论是大的医疗集团，还是个体诊所，他们的很在意价格，都希望和厂商或者总代理商直接做业务，以获取最优惠的价格。对于大型三级的公立医院，对临床学术要求高，对售后服务响应及时的，也是直销模式。针对于其他级别公立医院，则一般以分销模型更多，这里的分销商一般都是医院的供应商。
段落样式: 正文-缩进
从样式获取的格式:
  样式字体: 未设置
  样式字号: 未设置
  样式颜色: 未设置
对齐方式: 未设置
左缩进: 未设置
右缩进: 未设置
首行缩进: 未设置
行间距: 未设置
从XML读取的格式:
  运行 1: 'Y'
    字体: 未设置
    大小: 未设置
    粗体: 未设置
    斜体: 未设置
    下划线: 未设置
    标准颜色: 未设置
  运行 2: '公司'
    字体: 未设置
    大小: 未设置
    粗体: 未设置
    斜体: 未设置
    下划线: 未设置
    标准颜色: 未设置
  运行 3: '渠道建设薄弱。公司根据公立医院和民营医院、二级及以上医院和二级以下医院等有分为直销和分销两种销售模式。针对于民营医院，不论是大的医疗集团，还是个体诊所，他们的很在意价格，都希望'
    字体: 未设置
    大小: 未设置
    粗体: 未设置
    斜体: 未设置
    下划线: 未设置
    标准颜色: 未设置
  运行 4: '和厂商'
    字体: 未设置
    大小: 未设置
    粗体: 未设置
    斜体: 未设置
    下划线: 未设置
    标准颜色: 未设置
  运行 5: '或者总'
    字体: 未设置
    大小: 未设置
    粗体: 未设置
    斜体: 未设置
    下划线: 未设置
    标准颜色: 未设置
  运行 6: '代理商'
    字体: 未设置
    大小: 未设置
    粗体: 未设置
    斜体: 未设置
    下划线: 未设置
    标准颜色: 未设置
  运行 7: '直接'
    字体: 未设置
    大小: 未设置
    粗体: 未设置
    斜体: 未设置
    下划线: 未设置
    标准颜色: 未设置
  运行 8: '做'
    字体: 未设置
    大小: 未设置
    粗体: 未设置
    斜体: 未设置
    下划线: 未设置
    标准颜色: 未设置
  运行 9: '业务，以获取最优惠的价格。'
    字体: 未设置
    大小: 未设置
    粗体: 未设置
    斜体: 未设置
    下划线: 未设置
    标准颜色: 未设置
  运行 10: '对于'
    字体: 未设置
    大小: 未设置
    粗体: 未设置
    斜体: 未设置
    下划线: 未设置
    标准颜色: 未设置
  运行 11: '大型'
    字体: 未设置
    大小: 未设置
    粗体: 未设置
    斜体: 未设置
    下划线: 未设置
    标准颜色: 未设置
  运行 12: '三级的公立医院，对临床学术要求高，'
    字体: 未设置
    大小: 未设置
    粗体: 未设置
    斜体: 未设置
    下划线: 未设置
    标准颜色: 未设置
  运行 13: '对售后服务响应及时的，也是直销模式。'
    字体: 未设置
    大小: 未设置
    粗体: 未设置
    斜体: 未设置
    下划线: 未设置
    标准颜色: 未设置
  运行 14: '针对于'
    字体: 未设置
    大小: 未设置
    粗体: 未设置
    斜体: 未设置
    下划线: 未设置
    标准颜色: 未设置
  运行 15: '其他级别'
    字体: 未设置
    大小: 未设置
    粗体: 未设置
    斜体: 未设置
    下划线: 未设置
    标准颜色: 未设置
  运行 16: '公立医院，则一般以分销模型更多'
    字体: 未设置
    大小: 未设置
    粗体: 未设置
    斜体: 未设置
    下划线: 未设置
    标准颜色: 未设置
  运行 17: '，这里的分销商一般都是医院的供应商'
    字体: 未设置
    大小: 未设置
    粗体: 未设置
    斜体: 未设置
    下划线: 未设置
    标准颜色: 未设置
  运行 18: '。'
    字体: 未设置
    大小: 未设置
    粗体: 未设置
    斜体: 未设置
    下划线: 未设置
    标准颜色: 未设置

段落 958:
文本内容: Y公司目前没有设置区域代理商，都是每个省派驻自己的销售人员，直接拜访客户，这样势必造成客户覆盖面不够广，重点客户覆盖频率不高的问题，造成漏单、丢单的情况，影响公司业绩。Y公司应该聚焦在整个市场总体的把控上，把有限的销售力量集中在三级医院的拜访，将二级以下的医院客户交给渠道代理商，如图 5-3所示。这样Y公司就可以和渠道相互配合，提高品牌知名度的同时有增了覆盖面，提高了服务质量，实现和客户及代理商的共赢。
段落样式: 正文-缩进
从样式获取的格式:
  样式字体: 未设置
  样式字号: 未设置
  样式颜色: 未设置
对齐方式: 未设置
左缩进: 未设置
右缩进: 未设置
首行缩进: 未设置
行间距: 未设置
从XML读取的格式:
  运行 1: 'Y'
    字体: 未设置
    大小: 未设置
    粗体: 未设置
    斜体: 未设置
    下划线: 未设置
    标准颜色: 未设置
  运行 2: '公司目前'
    字体: 未设置
    大小: 未设置
    粗体: 未设置
    斜体: 未设置
    下划线: 未设置
    标准颜色: 未设置
  运行 3: '没有设置区域代理商，'
    字体: 未设置
    大小: 未设置
    粗体: 未设置
    斜体: 未设置
    下划线: 未设置
    标准颜色: 未设置
  运行 4: '都是每个省派驻自己的销售人员，直接拜访客户，这样势必造成'
    字体: 未设置
    大小: 未设置
    粗体: 未设置
    斜体: 未设置
    下划线: 未设置
    标准颜色: 未设置
  运行 5: '客户'
    字体: 未设置
    大小: 未设置
    粗体: 未设置
    斜体: 未设置
    下划线: 未设置
    标准颜色: 未设置
  运行 6: '覆盖面不够广，'
    字体: 未设置
    大小: 未设置
    粗体: 未设置
    斜体: 未设置
    下划线: 未设置
    标准颜色: 未设置
  运行 7: '重点客户覆盖频率不高的问题，造成漏单'
    字体: 未设置
    大小: 未设置
    粗体: 未设置
    斜体: 未设置
    下划线: 未设置
    标准颜色: 未设置
  运行 8: '、'
    字体: 未设置
    大小: 未设置
    粗体: 未设置
    斜体: 未设置
    下划线: 未设置
    标准颜色: 未设置
  运行 9: '丢单的情况，影响公司业绩。'
    字体: 未设置
    大小: 未设置
    粗体: 未设置
    斜体: 未设置
    下划线: 未设置
    标准颜色: 未设置
  运行 10: 'Y'
    字体: 未设置
    大小: 未设置
    粗体: 未设置
    斜体: 未设置
    下划线: 未设置
    标准颜色: 未设置
  运行 11: '公司应该聚焦在整个市场总体的把控上，把有限的销售力量集中在三级医院的拜访，将二级以下的医院客户交给渠道代理商，'
    字体: 未设置
    大小: 未设置
    粗体: 未设置
    斜体: 未设置
    下划线: 未设置
    标准颜色: 未设置
  运行 12: '如'
    字体: 未设置
    大小: 未设置
    粗体: 未设置
    斜体: 未设置
    下划线: 未设置
    标准颜色: 未设置
  运行 13: ''
    字体: 未设置
    大小: 未设置
    粗体: 未设置
    斜体: 未设置
    下划线: 未设置
    标准颜色: 未设置
  运行 14: ''
    字体: 未设置
    大小: 未设置
    粗体: 未设置
    斜体: 未设置
    下划线: 未设置
    标准颜色: 未设置
  运行 15: ''
    字体: 未设置
    大小: 未设置
    粗体: 未设置
    斜体: 未设置
    下划线: 未设置
    标准颜色: 未设置
  运行 16: ''
    字体: 未设置
    大小: 未设置
    粗体: 未设置
    斜体: 未设置
    下划线: 未设置
    标准颜色: 未设置
  运行 17: ''
    字体: 未设置
    大小: 未设置
    粗体: 未设置
    斜体: 未设置
    下划线: 未设置
    标准颜色: 未设置
  运行 18: '图'
    字体: 未设置
    大小: 未设置
    粗体: 未设置
    斜体: 未设置
    下划线: 未设置
    标准颜色: 未设置
  运行 19: ' '
    字体: 未设置
    大小: 未设置
    粗体: 未设置
    斜体: 未设置
    下划线: 未设置
    标准颜色: 未设置
  运行 20: '5'
    字体: 未设置
    大小: 未设置
    粗体: 未设置
    斜体: 未设置
    下划线: 未设置
    标准颜色: 未设置
  运行 21: '-'
    字体: 未设置
    大小: 未设置
    粗体: 未设置
    斜体: 未设置
    下划线: 未设置
    标准颜色: 未设置
  运行 22: '3'
    字体: 未设置
    大小: 未设置
    粗体: 未设置
    斜体: 未设置
    下划线: 未设置
    标准颜色: 未设置
  运行 23: ''
    字体: 未设置
    大小: 未设置
    粗体: 未设置
    斜体: 未设置
    下划线: 未设置
    标准颜色: 未设置
  运行 24: '所示。'
    字体: 未设置
    大小: 未设置
    粗体: 未设置
    斜体: 未设置
    下划线: 未设置
    标准颜色: 未设置
  运行 25: '这样'
    字体: 未设置
    大小: 未设置
    粗体: 未设置
    斜体: 未设置
    下划线: 未设置
    标准颜色: 未设置
  运行 26: 'Y'
    字体: 未设置
    大小: 未设置
    粗体: 未设置
    斜体: 未设置
    下划线: 未设置
    标准颜色: 未设置
  运行 27: '公司就可以和渠道相互配合，提高品牌知名度的同时有增了'
    字体: 未设置
    大小: 未设置
    粗体: 未设置
    斜体: 未设置
    下划线: 未设置
    标准颜色: 未设置
  运行 28: '覆盖面，提高了服务质量，实现和客户及代理商的共赢。'
    字体: 未设置
    大小: 未设置
    粗体: 未设置
    斜体: 未设置
    下划线: 未设置
    标准颜色: 未设置

段落 959:
文本内容: 渠道网络建设
段落样式: Heading 4
从样式获取的格式:
  样式字体: 未设置
  样式字号: 未设置
  样式颜色: 未设置
对齐方式: 未设置
左缩进: 未设置
右缩进: 未设置
首行缩进: 未设置
行间距: 未设置
从XML读取的格式:
  运行 1: '渠道网络建设'
    字体: 未设置
    大小: 未设置
    粗体: 未设置
    斜体: 未设置
    下划线: 未设置
    标准颜色: 未设置

段落 960:
文本内容: Y公司应对各省有合作过的代理商进行梳理，重点评估业绩和区域客户覆盖率，选择价值观和服务理念接近的代理商作为省级代理商。省级代理商由公司直接授权，协助Y公司完成学术会议、产品推广以及市场推广等工作。同时省级代理商还要负责省内三级、二级医院的拜访推广，配合Y公司的销售人员，完成二级和三级客户的全覆盖。针对一级及以下的客户，可以找当地的医药配送公司配合，尽量扩大覆盖面。保留报单代理商，他们可能在某些医院有很深的客户关系，可以通过设备租赁、医院项目打包的形式对产品进行营销，可以根据实际情况授权给他们，也是对整个渠道网络有益的补充。
段落样式: 正文-缩进
从样式获取的格式:
  样式字体: 未设置
  样式字号: 未设置
  样式颜色: 未设置
对齐方式: 未设置
左缩进: 未设置
右缩进: 未设置
首行缩进: 0
行间距: 未设置
从XML读取的格式:
  运行 1: 'Y'
    字体: 未设置
    大小: 未设置
    粗体: 未设置
    斜体: 未设置
    下划线: 未设置
    标准颜色: 未设置
  运行 2: '公司应对各省有合作过的代理商进行梳理，重点评估业绩和区域客户覆盖率，选择价值观和服务理念接近的代理商作为省级代理商。省级代理商由公司直接授权，'
    字体: 未设置
    大小: 未设置
    粗体: 未设置
    斜体: 未设置
    下划线: 未设置
    标准颜色: 未设置
  运行 3: '协助'
    字体: 未设置
    大小: 未设置
    粗体: 未设置
    斜体: 未设置
    下划线: 未设置
    标准颜色: 未设置
  运行 4: 'Y'
    字体: 未设置
    大小: 未设置
    粗体: 未设置
    斜体: 未设置
    下划线: 未设置
    标准颜色: 未设置
  运行 5: '公司完成学术会议、产品推广以及市场推广等工作。同时省级代理商还要负责省内三级、二级医院的拜访推广，配合'
    字体: 未设置
    大小: 未设置
    粗体: 未设置
    斜体: 未设置
    下划线: 未设置
    标准颜色: 未设置
  运行 6: 'Y'
    字体: 未设置
    大小: 未设置
    粗体: 未设置
    斜体: 未设置
    下划线: 未设置
    标准颜色: 未设置
  运行 7: '公司的销售人员，完成二级和三级客户的全覆盖。针对一级及以下的客户，可以找当地的医药配送公司配合，尽量扩大覆盖面。保留报单代理商，他们可能在某些医院有很深的客户关系，可以通过设备租赁、医院项目打包的形式对产品进行营销，可以根据实际情况授权给他们，也是对整个渠道网络有益的补充。'
    字体: 未设置
    大小: 未设置
    粗体: 未设置
    斜体: 未设置
    下划线: 未设置
    标准颜色: 未设置

段落 963:
文本内容: 图 5-3　Y公司渠道结构优化图
段落样式: Caption
从样式获取的格式:
  样式字体: 未设置
  样式字号: 未设置
  样式颜色: 未设置
对齐方式: 未设置
左缩进: 未设置
右缩进: 未设置
首行缩进: 未设置
行间距: 未设置
从XML读取的格式:
  运行 1: '图'
    字体: 未设置
    大小: 未设置
    粗体: 未设置
    斜体: 未设置
    下划线: 未设置
    标准颜色: 未设置
  运行 2: ' '
    字体: 未设置
    大小: 未设置
    粗体: 未设置
    斜体: 未设置
    下划线: 未设置
    标准颜色: 未设置
  运行 3: ''
    字体: 未设置
    大小: 未设置
    粗体: 未设置
    斜体: 未设置
    下划线: 未设置
    标准颜色: 未设置
  运行 4: ''
    字体: 未设置
    大小: 未设置
    粗体: 未设置
    斜体: 未设置
    下划线: 未设置
    标准颜色: 未设置
  运行 5: ''
    字体: 未设置
    大小: 未设置
    粗体: 未设置
    斜体: 未设置
    下划线: 未设置
    标准颜色: 未设置
  运行 6: ''
    字体: 未设置
    大小: 未设置
    粗体: 未设置
    斜体: 未设置
    下划线: 未设置
    标准颜色: 未设置
  运行 7: ''
    字体: 未设置
    大小: 未设置
    粗体: 未设置
    斜体: 未设置
    下划线: 未设置
    标准颜色: 未设置
  运行 8: '5'
    字体: 未设置
    大小: 未设置
    粗体: 未设置
    斜体: 未设置
    下划线: 未设置
    标准颜色: 未设置
  运行 9: ''
    字体: 未设置
    大小: 未设置
    粗体: 未设置
    斜体: 未设置
    下划线: 未设置
    标准颜色: 未设置
  运行 10: '-'
    字体: 未设置
    大小: 未设置
    粗体: 未设置
    斜体: 未设置
    下划线: 未设置
    标准颜色: 未设置
  运行 11: ''
    字体: 未设置
    大小: 未设置
    粗体: 未设置
    斜体: 未设置
    下划线: 未设置
    标准颜色: 未设置
  运行 12: ''
    字体: 未设置
    大小: 未设置
    粗体: 未设置
    斜体: 未设置
    下划线: 未设置
    标准颜色: 未设置
  运行 13: ''
    字体: 未设置
    大小: 未设置
    粗体: 未设置
    斜体: 未设置
    下划线: 未设置
    标准颜色: 未设置
  运行 14: ''
    字体: 未设置
    大小: 未设置
    粗体: 未设置
    斜体: 未设置
    下划线: 未设置
    标准颜色: 未设置
  运行 15: ''
    字体: 未设置
    大小: 未设置
    粗体: 未设置
    斜体: 未设置
    下划线: 未设置
    标准颜色: 未设置
  运行 16: ''
    字体: 未设置
    大小: 未设置
    粗体: 未设置
    斜体: 未设置
    下划线: 未设置
    标准颜色: 未设置
  运行 17: ''
    字体: 未设置
    大小: 未设置
    粗体: 未设置
    斜体: 未设置
    下划线: 未设置
    标准颜色: 未设置
  运行 18: '3'
    字体: 未设置
    大小: 未设置
    粗体: 未设置
    斜体: 未设置
    下划线: 未设置
    标准颜色: 未设置
  运行 19: ''
    字体: 未设置
    大小: 未设置
    粗体: 未设置
    斜体: 未设置
    下划线: 未设置
    标准颜色: 未设置
  运行 20: '　'
    字体: 未设置
    大小: 未设置
    粗体: 未设置
    斜体: 未设置
    下划线: 未设置
    标准颜色: 未设置
  运行 21: 'Y'
    字体: 未设置
    大小: 未设置
    粗体: 未设置
    斜体: 未设置
    下划线: 未设置
    标准颜色: 未设置
  运行 22: '公司'
    字体: 未设置
    大小: 未设置
    粗体: 未设置
    斜体: 未设置
    下划线: 未设置
    标准颜色: 未设置
  运行 23: '渠道'
    字体: 未设置
    大小: 未设置
    粗体: 未设置
    斜体: 未设置
    下划线: 未设置
    标准颜色: 未设置
  运行 24: '结构'
    字体: 未设置
    大小: 未设置
    粗体: 未设置
    斜体: 未设置
    下划线: 未设置
    标准颜色: 未设置
  运行 25: '优化'
    字体: 未设置
    大小: 未设置
    粗体: 未设置
    斜体: 未设置
    下划线: 未设置
    标准颜色: 未设置
  运行 26: '图'
    字体: 未设置
    大小: 未设置
    粗体: 未设置
    斜体: 未设置
    下划线: 未设置
    标准颜色: 未设置

段落 964:
文本内容: 资料来源：作者整理，Y公司内部资料，2024.
段落样式: 图表资料来源
从样式获取的格式:
  样式字体: 未设置
  样式字号: 114300
  样式字号(pt): 9.0
  样式颜色: 未设置
对齐方式: 未设置
左缩进: 未设置
右缩进: 未设置
首行缩进: 未设置
行间距: 未设置
从XML读取的格式:
  运行 1: '资料来源：'
    字体: 未设置
    大小: 未设置
    粗体: 未设置
    斜体: 未设置
    下划线: 未设置
    标准颜色: 未设置
  运行 2: '作者整'
    字体: 未设置
    大小: 未设置
    粗体: 未设置
    斜体: 未设置
    下划线: 未设置
    标准颜色: 未设置
  运行 3: '理，'
    字体: 未设置
    大小: 未设置
    粗体: 未设置
    斜体: 未设置
    下划线: 未设置
    标准颜色: 未设置
  运行 4: 'Y'
    字体: 未设置
    大小: 未设置
    粗体: 未设置
    斜体: 未设置
    下划线: 未设置
    标准颜色: 未设置
  运行 5: '公司内部资料'
    字体: 未设置
    大小: 未设置
    粗体: 未设置
    斜体: 未设置
    下划线: 未设置
    标准颜色: 未设置
  运行 6: '，'
    字体: 未设置
    大小: 未设置
    粗体: 未设置
    斜体: 未设置
    下划线: 未设置
    标准颜色: 未设置
  运行 7: '2'
    字体: 未设置
    大小: 未设置
    粗体: 未设置
    斜体: 未设置
    下划线: 未设置
    标准颜色: 未设置
  运行 8: '02'
    字体: 未设置
    大小: 未设置
    粗体: 未设置
    斜体: 未设置
    下划线: 未设置
    标准颜色: 未设置
  运行 9: '4'
    字体: 未设置
    大小: 未设置
    粗体: 未设置
    斜体: 未设置
    下划线: 未设置
    标准颜色: 未设置
  运行 10: '.'
    字体: 未设置
    大小: 未设置
    粗体: 未设置
    斜体: 未设置
    下划线: 未设置
    标准颜色: 未设置

段落 966:
文本内容: 渠道代理商对公司的业绩达成能起到非常关键的作用，他们可以看作Y公司销售服务的延伸，覆盖到市场的每个客户。建设一个稳定的销售渠道网络一定会产生双赢的效果。对于Y公司而言，一个稳定专业的渠道网络可以保证公司在综合成本最合理的情况下产生最可观业绩，稳定的品牌形象也可以提升客户满意度。对于代理商而言，可以依靠Y公司强大的品牌形象，提高在业界的知名度，同时完成更多的销售业绩，或者可观的利润。因此在选择代理商时需要进行严格的评估，如表 5-6所示。
段落样式: 正文-缩进
从样式获取的格式:
  样式字体: 未设置
  样式字号: 未设置
  样式颜色: 未设置
对齐方式: 未设置
左缩进: 未设置
右缩进: 未设置
首行缩进: 未设置
行间距: 未设置
从XML读取的格式:
  运行 1: '渠道代理商对公司的业绩达成能起到非常关键的作用'
    字体: 未设置
    大小: 未设置
    粗体: 未设置
    斜体: 未设置
    下划线: 未设置
    标准颜色: 未设置
  运行 2: '，他们可以看作'
    字体: 未设置
    大小: 未设置
    粗体: 未设置
    斜体: 未设置
    下划线: 未设置
    标准颜色: 未设置
  运行 3: 'Y'
    字体: 未设置
    大小: 未设置
    粗体: 未设置
    斜体: 未设置
    下划线: 未设置
    标准颜色: 未设置
  运行 4: '公司销售服务的延伸，覆盖到市场的每个客户。建设一个稳定的销售渠道网络一定会产生双赢的效果。对于'
    字体: 未设置
    大小: 未设置
    粗体: 未设置
    斜体: 未设置
    下划线: 未设置
    标准颜色: 未设置
  运行 5: 'Y'
    字体: 未设置
    大小: 未设置
    粗体: 未设置
    斜体: 未设置
    下划线: 未设置
    标准颜色: 未设置
  运行 6: '公司而言，一个稳定专业的渠道网络可以保证公司在'
    字体: 未设置
    大小: 未设置
    粗体: 未设置
    斜体: 未设置
    下划线: 未设置
    标准颜色: 未设置
  运行 7: '综合'
    字体: 未设置
    大小: 未设置
    粗体: 未设置
    斜体: 未设置
    下划线: 未设置
    标准颜色: 未设置
  运行 8: '成本最合理的情况下产生最可观业绩'
    字体: 未设置
    大小: 未设置
    粗体: 未设置
    斜体: 未设置
    下划线: 未设置
    标准颜色: 未设置
  运行 9: '，稳定的品牌形象也可以提升客户满意度。对于代理商而言，可以依靠'
    字体: 未设置
    大小: 未设置
    粗体: 未设置
    斜体: 未设置
    下划线: 未设置
    标准颜色: 未设置
  运行 10: 'Y'
    字体: 未设置
    大小: 未设置
    粗体: 未设置
    斜体: 未设置
    下划线: 未设置
    标准颜色: 未设置
  运行 11: '公司强大的品牌形象，提高在业界的知名度，同时完成更多的销售业绩，或者可观的利润。'
    字体: 未设置
    大小: 未设置
    粗体: 未设置
    斜体: 未设置
    下划线: 未设置
    标准颜色: 未设置
  运行 12: '因此在选择代理商时需要进行严格的评估，如'
    字体: 未设置
    大小: 未设置
    粗体: 未设置
    斜体: 未设置
    下划线: 未设置
    标准颜色: 未设置
  运行 13: ''
    字体: 未设置
    大小: 未设置
    粗体: 未设置
    斜体: 未设置
    下划线: 未设置
    标准颜色: 未设置
  运行 14: ''
    字体: 未设置
    大小: 未设置
    粗体: 未设置
    斜体: 未设置
    下划线: 未设置
    标准颜色: 未设置
  运行 15: ''
    字体: 未设置
    大小: 未设置
    粗体: 未设置
    斜体: 未设置
    下划线: 未设置
    标准颜色: 未设置
  运行 16: ''
    字体: 未设置
    大小: 未设置
    粗体: 未设置
    斜体: 未设置
    下划线: 未设置
    标准颜色: 未设置
  运行 17: ''
    字体: 未设置
    大小: 未设置
    粗体: 未设置
    斜体: 未设置
    下划线: 未设置
    标准颜色: 未设置
  运行 18: '表'
    字体: 未设置
    大小: 未设置
    粗体: 未设置
    斜体: 未设置
    下划线: 未设置
    标准颜色: 未设置
  运行 19: ' '
    字体: 未设置
    大小: 未设置
    粗体: 未设置
    斜体: 未设置
    下划线: 未设置
    标准颜色: 未设置
  运行 20: '5'
    字体: 未设置
    大小: 未设置
    粗体: 未设置
    斜体: 未设置
    下划线: 未设置
    标准颜色: 未设置
  运行 21: '-'
    字体: 未设置
    大小: 未设置
    粗体: 未设置
    斜体: 未设置
    下划线: 未设置
    标准颜色: 未设置
  运行 22: '6'
    字体: 未设置
    大小: 未设置
    粗体: 未设置
    斜体: 未设置
    下划线: 未设置
    标准颜色: 未设置
  运行 23: ''
    字体: 未设置
    大小: 未设置
    粗体: 未设置
    斜体: 未设置
    下划线: 未设置
    标准颜色: 未设置
  运行 24: '所示。'
    字体: 未设置
    大小: 未设置
    粗体: 未设置
    斜体: 未设置
    下划线: 未设置
    标准颜色: 未设置

段落 967:
文本内容: 渠道权责分工
段落样式: Heading 4
从样式获取的格式:
  样式字体: 未设置
  样式字号: 未设置
  样式颜色: 未设置
对齐方式: 未设置
左缩进: 未设置
右缩进: 未设置
首行缩进: 未设置
行间距: 未设置
从XML读取的格式:
  运行 1: '渠道权责分工'
    字体: 未设置
    大小: 未设置
    粗体: 未设置
    斜体: 未设置
    下划线: 未设置
    标准颜色: 未设置

段落 968:
文本内容: 对于进口生产企业而言，他们对总代理商的审核，以及一、二级代理商的审核都是很严格的。Y公司在辖区的授权的代理商不但业务能力要符合公司要求，同时倒查5年内不能有违法乱纪的行为。因此对于各省的以及代理商，要明确其权利和责任。
段落样式: 正文-缩进
从样式获取的格式:
  样式字体: 未设置
  样式字号: 未设置
  样式颜色: 未设置
对齐方式: 未设置
左缩进: 未设置
右缩进: 未设置
首行缩进: 未设置
行间距: 未设置
从XML读取的格式:
  运行 1: '对于进口生产企业而言，他们对总代理商的审核，以及一、二级代理商的审核'
    字体: 未设置
    大小: 未设置
    粗体: 未设置
    斜体: 未设置
    下划线: 未设置
    标准颜色: 未设置
  运行 2: '都是很严格的。'
    字体: 未设置
    大小: 未设置
    粗体: 未设置
    斜体: 未设置
    下划线: 未设置
    标准颜色: 未设置
  运行 3: 'Y'
    字体: 未设置
    大小: 未设置
    粗体: 未设置
    斜体: 未设置
    下划线: 未设置
    标准颜色: 未设置
  运行 4: '公司在辖区的授权的代理商不但业务能力要符合公司要求，同时倒查'
    字体: 未设置
    大小: 未设置
    粗体: 未设置
    斜体: 未设置
    下划线: 未设置
    标准颜色: 未设置
  运行 5: '5'
    字体: 未设置
    大小: 未设置
    粗体: 未设置
    斜体: 未设置
    下划线: 未设置
    标准颜色: 未设置
  运行 6: '年内不能有违法乱纪的行为。因此对于各省的以及代理商，要明确其权利和责任。'
    字体: 未设置
    大小: 未设置
    粗体: 未设置
    斜体: 未设置
    下划线: 未设置
    标准颜色: 未设置

段落 970:
文本内容: 表 5-6　Y公司招代理商评估表
段落样式: Caption
从样式获取的格式:
  样式字体: 未设置
  样式字号: 未设置
  样式颜色: 未设置
对齐方式: 未设置
左缩进: 未设置
右缩进: 未设置
首行缩进: 未设置
行间距: 未设置
从XML读取的格式:
  运行 1: '表'
    字体: 未设置
    大小: 未设置
    粗体: 未设置
    斜体: 未设置
    下划线: 未设置
    标准颜色: 未设置
  运行 2: ' '
    字体: 未设置
    大小: 未设置
    粗体: 未设置
    斜体: 未设置
    下划线: 未设置
    标准颜色: 未设置
  运行 3: ''
    字体: 未设置
    大小: 未设置
    粗体: 未设置
    斜体: 未设置
    下划线: 未设置
    标准颜色: 未设置
  运行 4: ''
    字体: 未设置
    大小: 未设置
    粗体: 未设置
    斜体: 未设置
    下划线: 未设置
    标准颜色: 未设置
  运行 5: ''
    字体: 未设置
    大小: 未设置
    粗体: 未设置
    斜体: 未设置
    下划线: 未设置
    标准颜色: 未设置
  运行 6: ''
    字体: 未设置
    大小: 未设置
    粗体: 未设置
    斜体: 未设置
    下划线: 未设置
    标准颜色: 未设置
  运行 7: ''
    字体: 未设置
    大小: 未设置
    粗体: 未设置
    斜体: 未设置
    下划线: 未设置
    标准颜色: 未设置
  运行 8: '5'
    字体: 未设置
    大小: 未设置
    粗体: 未设置
    斜体: 未设置
    下划线: 未设置
    标准颜色: 未设置
  运行 9: ''
    字体: 未设置
    大小: 未设置
    粗体: 未设置
    斜体: 未设置
    下划线: 未设置
    标准颜色: 未设置
  运行 10: '-'
    字体: 未设置
    大小: 未设置
    粗体: 未设置
    斜体: 未设置
    下划线: 未设置
    标准颜色: 未设置
  运行 11: ''
    字体: 未设置
    大小: 未设置
    粗体: 未设置
    斜体: 未设置
    下划线: 未设置
    标准颜色: 未设置
  运行 12: ''
    字体: 未设置
    大小: 未设置
    粗体: 未设置
    斜体: 未设置
    下划线: 未设置
    标准颜色: 未设置
  运行 13: ''
    字体: 未设置
    大小: 未设置
    粗体: 未设置
    斜体: 未设置
    下划线: 未设置
    标准颜色: 未设置
  运行 14: ''
    字体: 未设置
    大小: 未设置
    粗体: 未设置
    斜体: 未设置
    下划线: 未设置
    标准颜色: 未设置
  运行 15: ''
    字体: 未设置
    大小: 未设置
    粗体: 未设置
    斜体: 未设置
    下划线: 未设置
    标准颜色: 未设置
  运行 16: ''
    字体: 未设置
    大小: 未设置
    粗体: 未设置
    斜体: 未设置
    下划线: 未设置
    标准颜色: 未设置
  运行 17: ''
    字体: 未设置
    大小: 未设置
    粗体: 未设置
    斜体: 未设置
    下划线: 未设置
    标准颜色: 未设置
  运行 18: '6'
    字体: 未设置
    大小: 未设置
    粗体: 未设置
    斜体: 未设置
    下划线: 未设置
    标准颜色: 未设置
  运行 19: ''
    字体: 未设置
    大小: 未设置
    粗体: 未设置
    斜体: 未设置
    下划线: 未设置
    标准颜色: 未设置
  运行 20: '　'
    字体: 未设置
    大小: 未设置
    粗体: 未设置
    斜体: 未设置
    下划线: 未设置
    标准颜色: 未设置
  运行 21: 'Y'
    字体: 未设置
    大小: 未设置
    粗体: 未设置
    斜体: 未设置
    下划线: 未设置
    标准颜色: 未设置
  运行 22: '公司'
    字体: 未设置
    大小: 未设置
    粗体: 未设置
    斜体: 未设置
    下划线: 未设置
    标准颜色: 未设置
  运行 23: '招'
    字体: 未设置
    大小: 未设置
    粗体: 未设置
    斜体: 未设置
    下划线: 未设置
    标准颜色: 未设置
  运行 24: '代理商评估表'
    字体: 未设置
    大小: 未设置
    粗体: 未设置
    斜体: 未设置
    下划线: 未设置
    标准颜色: 未设置

段落 971:
文本内容: 资料来源：作者整理，Y公司内部资料，2024
段落样式: 厦大表注
从样式获取的格式:
  样式字体: 未设置
  样式字号: 114300
  样式字号(pt): 9.0
  样式颜色: 000000
对齐方式: 未设置
左缩进: 未设置
右缩进: 未设置
首行缩进: 未设置
行间距: 未设置
从XML读取的格式:
  运行 1: '资料来源：'
    字体: 未设置
    大小: 未设置
    粗体: 未设置
    斜体: 未设置
    下划线: 未设置
    标准颜色: 未设置
  运行 2: '作者整'
    字体: 未设置
    大小: 未设置
    粗体: 未设置
    斜体: 未设置
    下划线: 未设置
    标准颜色: 未设置
  运行 3: '理，'
    字体: 未设置
    大小: 未设置
    粗体: 未设置
    斜体: 未设置
    下划线: 未设置
    标准颜色: 未设置
  运行 4: 'Y'
    字体: 未设置
    大小: 未设置
    粗体: 未设置
    斜体: 未设置
    下划线: 未设置
    标准颜色: 未设置
  运行 5: '公司内部资料'
    字体: 未设置
    大小: 未设置
    粗体: 未设置
    斜体: 未设置
    下划线: 未设置
    标准颜色: 未设置
  运行 6: '，'
    字体: 未设置
    大小: 未设置
    粗体: 未设置
    斜体: 未设置
    下划线: 未设置
    标准颜色: 未设置
  运行 7: '202'
    字体: 未设置
    大小: 未设置
    粗体: 未设置
    斜体: 未设置
    下划线: 未设置
    标准颜色: 未设置
  运行 8: '4'
    字体: 未设置
    大小: 未设置
    粗体: 未设置
    斜体: 未设置
    下划线: 未设置
    标准颜色: 未设置

段落 973:
文本内容: 责任方面，一级代理商必须按要求完成市场覆盖率的管理、指标完成率的管理、跟单成交率的预测管理、市场活动和宣传的管理。这些系统化的行为管理，对于Y公司业绩的完成可以起到非常关键的作用，同时也帮助一级代理商建立了一整套的业务流程，对于代理商的综合业务能力提高起到非常关键的作用。
段落样式: 正文-缩进
从样式获取的格式:
  样式字体: 未设置
  样式字号: 未设置
  样式颜色: 未设置
对齐方式: 未设置
左缩进: 未设置
右缩进: 未设置
首行缩进: 未设置
行间距: 未设置
从XML读取的格式:
  运行 1: '责任方面，一级代理商必须按要求完成市场覆盖率的管理、指标完成率的管理、'
    字体: 未设置
    大小: 未设置
    粗体: 未设置
    斜体: 未设置
    下划线: 未设置
    标准颜色: 未设置
  运行 2: '跟单成交率的预测管理、市场活动和宣传的管理。这些系统化的行为管理，对于'
    字体: 未设置
    大小: 未设置
    粗体: 未设置
    斜体: 未设置
    下划线: 未设置
    标准颜色: 未设置
  运行 3: 'Y'
    字体: 未设置
    大小: 未设置
    粗体: 未设置
    斜体: 未设置
    下划线: 未设置
    标准颜色: 未设置
  运行 4: '公司业绩的完成可以起到非常关键的作用，同时也帮助一级代理商建立了一整套的业务流程，对于代理商的综合业务能力提高起到非常关键的作用。'
    字体: 未设置
    大小: 未设置
    粗体: 未设置
    斜体: 未设置
    下划线: 未设置
    标准颜色: 未设置

段落 974:
文本内容: 权力方面，所有的省内销售进货渠道统一到一级代理商处，公司给到一级代理商出货的指导价格。省内的二级代理商或者报单代理商提交到Y公司销售经理的，也同时和一级代理商核实，优先保障一级代理商的跟单权限。一级代理商和报单代理商出现冲突时，由公司省区经理介入协调，确保成单的前提下使各代理商利益最大化。
段落样式: 正文-缩进
从样式获取的格式:
  样式字体: 未设置
  样式字号: 未设置
  样式颜色: 未设置
对齐方式: 未设置
左缩进: 未设置
右缩进: 未设置
首行缩进: 未设置
行间距: 未设置
从XML读取的格式:
  运行 1: '权力方面，所有的省内销售进货渠道统一到一级代理商处，公司给到一级代理商出货的指导价格。省内的二级代理商或者报单代理商提交到'
    字体: 未设置
    大小: 未设置
    粗体: 未设置
    斜体: 未设置
    下划线: 未设置
    标准颜色: 未设置
  运行 2: 'Y'
    字体: 未设置
    大小: 未设置
    粗体: 未设置
    斜体: 未设置
    下划线: 未设置
    标准颜色: 未设置
  运行 3: '公司销售经理的，也'
    字体: 未设置
    大小: 未设置
    粗体: 未设置
    斜体: 未设置
    下划线: 未设置
    标准颜色: 未设置
  运行 4: '同时'
    字体: 未设置
    大小: 未设置
    粗体: 未设置
    斜体: 未设置
    下划线: 未设置
    标准颜色: 未设置
  运行 5: '和一级代理商核实，优先保障一级代理商的跟单权限。一级代理商和报单代理商出现冲突时，由公司省区经理介入协调，确保成单的前提下'
    字体: 未设置
    大小: 未设置
    粗体: 未设置
    斜体: 未设置
    下划线: 未设置
    标准颜色: 未设置
  运行 6: '使'
    字体: 未设置
    大小: 未设置
    粗体: 未设置
    斜体: 未设置
    下划线: 未设置
    标准颜色: 未设置
  运行 7: '各代理商利益最大化。'
    字体: 未设置
    大小: 未设置
    粗体: 未设置
    斜体: 未设置
    下划线: 未设置
    标准颜色: 未设置

段落 975:
文本内容: 渠道能力提升
段落样式: Heading 4
从样式获取的格式:
  样式字体: 未设置
  样式字号: 未设置
  样式颜色: 未设置
对齐方式: 未设置
左缩进: 未设置
右缩进: 未设置
首行缩进: 未设置
行间距: 未设置
从XML读取的格式:
  运行 1: '渠道能力提升'
    字体: 未设置
    大小: 未设置
    粗体: 未设置
    斜体: 未设置
    下划线: 未设置
    标准颜色: 未设置

段落 976:
文本内容: Y公司所遴选的代理商都是和Y公司有共同业绩目标、相同价值观和相同的使命愿景，因此Y公司也要按照对自己员工的高标准来要求一级代理商的销售人员。提升渠道综合能力也是Y公司的任务之一。
段落样式: 正文-缩进
从样式获取的格式:
  样式字体: 未设置
  样式字号: 未设置
  样式颜色: 未设置
对齐方式: 未设置
左缩进: 未设置
右缩进: 未设置
首行缩进: 未设置
行间距: 未设置
从XML读取的格式:
  运行 1: 'Y'
    字体: 未设置
    大小: 未设置
    粗体: 未设置
    斜体: 未设置
    下划线: 未设置
    标准颜色: 未设置
  运行 2: '公司所遴选的代理商都是和'
    字体: 未设置
    大小: 未设置
    粗体: 未设置
    斜体: 未设置
    下划线: 未设置
    标准颜色: 未设置
  运行 3: 'Y'
    字体: 未设置
    大小: 未设置
    粗体: 未设置
    斜体: 未设置
    下划线: 未设置
    标准颜色: 未设置
  运行 4: '公司有共同业绩目标、相同价值观和相同的使'
    字体: 未设置
    大小: 未设置
    粗体: 未设置
    斜体: 未设置
    下划线: 未设置
    标准颜色: 未设置
  运行 5: '命愿景，因此'
    字体: 未设置
    大小: 未设置
    粗体: 未设置
    斜体: 未设置
    下划线: 未设置
    标准颜色: 未设置
  运行 6: 'Y'
    字体: 未设置
    大小: 未设置
    粗体: 未设置
    斜体: 未设置
    下划线: 未设置
    标准颜色: 未设置
  运行 7: '公司也'
    字体: 未设置
    大小: 未设置
    粗体: 未设置
    斜体: 未设置
    下划线: 未设置
    标准颜色: 未设置
  运行 8: '要'
    字体: 未设置
    大小: 未设置
    粗体: 未设置
    斜体: 未设置
    下划线: 未设置
    标准颜色: 未设置
  运行 9: '按照对自己员工的高标准来要求一级代理商的销售人员。提升渠道综合能力也是'
    字体: 未设置
    大小: 未设置
    粗体: 未设置
    斜体: 未设置
    下划线: 未设置
    标准颜色: 未设置
  运行 10: 'Y'
    字体: 未设置
    大小: 未设置
    粗体: 未设置
    斜体: 未设置
    下划线: 未设置
    标准颜色: 未设置
  运行 11: '公司的任务之一。'
    字体: 未设置
    大小: 未设置
    粗体: 未设置
    斜体: 未设置
    下划线: 未设置
    标准颜色: 未设置

段落 977:
文本内容: 定期对代理商的销售人员进行专业产品培训和和商务礼仪培训。Y公司产品种类丰富，涉及眼科三个主要压专科的相关疾病知识。公司会从眼解剖学，从眼睛的角膜一直到视网膜的组织结构、常见疾病以及治疗方法，会用到哪些Y公司产品等做系统详细的培训，提高代理商销售人员的专业水平。
段落样式: 正文-缩进
从样式获取的格式:
  样式字体: 未设置
  样式字号: 未设置
  样式颜色: 未设置
对齐方式: 未设置
左缩进: 未设置
右缩进: 未设置
首行缩进: 未设置
行间距: 未设置
从XML读取的格式:
  运行 1: '定期对代理商的销售人员进行'
    字体: 未设置
    大小: 未设置
    粗体: 未设置
    斜体: 未设置
    下划线: 未设置
    标准颜色: 未设置
  运行 2: '专业'
    字体: 未设置
    大小: 未设置
    粗体: 未设置
    斜体: 未设置
    下划线: 未设置
    标准颜色: 未设置
  运行 3: '产品培训和'
    字体: 未设置
    大小: 未设置
    粗体: 未设置
    斜体: 未设置
    下划线: 未设置
    标准颜色: 未设置
  运行 4: '和商务礼仪培训。'
    字体: 未设置
    大小: 未设置
    粗体: 未设置
    斜体: 未设置
    下划线: 未设置
    标准颜色: 未设置
  运行 5: 'Y'
    字体: 未设置
    大小: 未设置
    粗体: 未设置
    斜体: 未设置
    下划线: 未设置
    标准颜色: 未设置
  运行 6: '公司产品'
    字体: 未设置
    大小: 未设置
    粗体: 未设置
    斜体: 未设置
    下划线: 未设置
    标准颜色: 未设置
  运行 7: '种类'
    字体: 未设置
    大小: 未设置
    粗体: 未设置
    斜体: 未设置
    下划线: 未设置
    标准颜色: 未设置
  运行 8: '丰富，'
    字体: 未设置
    大小: 未设置
    粗体: 未设置
    斜体: 未设置
    下划线: 未设置
    标准颜色: 未设置
  运行 9: '涉及眼科三个主要压专科'
    字体: 未设置
    大小: 未设置
    粗体: 未设置
    斜体: 未设置
    下划线: 未设置
    标准颜色: 未设置
  运行 10: '的相关疾病知识。公司会从眼解剖学，从眼睛的角膜一直到视网膜的组织结构、常见疾病以及治疗方法，会用到哪些'
    字体: 未设置
    大小: 未设置
    粗体: 未设置
    斜体: 未设置
    下划线: 未设置
    标准颜色: 未设置
  运行 11: 'Y'
    字体: 未设置
    大小: 未设置
    粗体: 未设置
    斜体: 未设置
    下划线: 未设置
    标准颜色: 未设置
  运行 12: '公司产品等做系统详细的培训，提高代理商'
    字体: 未设置
    大小: 未设置
    粗体: 未设置
    斜体: 未设置
    下划线: 未设置
    标准颜色: 未设置
  运行 13: '销售人员'
    字体: 未设置
    大小: 未设置
    粗体: 未设置
    斜体: 未设置
    下划线: 未设置
    标准颜色: 未设置
  运行 14: '的专业水平。'
    字体: 未设置
    大小: 未设置
    粗体: 未设置
    斜体: 未设置
    下划线: 未设置
    标准颜色: 未设置

段落 978:
文本内容: 邀请代理商参加省区销售月会。邀请代理商销售人员跟着业务经理学习如何管理跟进意向单子，特别是306090的意向表填写，每周的工作计划和工作总结等。培养代理商员工过程管理的能力，提高生意敏感性以及跟单的逻辑思路。
段落样式: 正文-缩进
从样式获取的格式:
  样式字体: 未设置
  样式字号: 未设置
  样式颜色: 未设置
对齐方式: 未设置
左缩进: 未设置
右缩进: 未设置
首行缩进: 未设置
行间距: 未设置
从XML读取的格式:
  运行 1: '邀请代理商参加省区销售月会'
    字体: 未设置
    大小: 未设置
    粗体: 未设置
    斜体: 未设置
    下划线: 未设置
    标准颜色: 未设置
  运行 2: '。邀请代理商销售人员'
    字体: 未设置
    大小: 未设置
    粗体: 未设置
    斜体: 未设置
    下划线: 未设置
    标准颜色: 未设置
  运行 3: '跟着业务经理学习如何管理跟进'
    字体: 未设置
    大小: 未设置
    粗体: 未设置
    斜体: 未设置
    下划线: 未设置
    标准颜色: 未设置
  运行 4: '意向'
    字体: 未设置
    大小: 未设置
    粗体: 未设置
    斜体: 未设置
    下划线: 未设置
    标准颜色: 未设置
  运行 5: '单子，特别是'
    字体: 未设置
    大小: 未设置
    粗体: 未设置
    斜体: 未设置
    下划线: 未设置
    标准颜色: 未设置
  运行 6: '306090'
    字体: 未设置
    大小: 未设置
    粗体: 未设置
    斜体: 未设置
    下划线: 未设置
    标准颜色: 未设置
  运行 7: ''
    字体: 未设置
    大小: 未设置
    粗体: 未设置
    斜体: 未设置
    下划线: 未设置
    标准颜色: 未设置
  运行 8: '的意向表填写，每周的工作计划和工作总结等。培养代理商员工过程管理的能力，提高生意'
    字体: 未设置
    大小: 未设置
    粗体: 未设置
    斜体: 未设置
    下划线: 未设置
    标准颜色: 未设置
  运行 9: '敏感性以及跟单的'
    字体: 未设置
    大小: 未设置
    粗体: 未设置
    斜体: 未设置
    下划线: 未设置
    标准颜色: 未设置
  运行 10: '逻辑'
    字体: 未设置
    大小: 未设置
    粗体: 未设置
    斜体: 未设置
    下划线: 未设置
    标准颜色: 未设置
  运行 11: '思路'
    字体: 未设置
    大小: 未设置
    粗体: 未设置
    斜体: 未设置
    下划线: 未设置
    标准颜色: 未设置
  运行 12: '。'
    字体: 未设置
    大小: 未设置
    粗体: 未设置
    斜体: 未设置
    下划线: 未设置
    标准颜色: 未设置

段落 979:
文本内容: 协助代理商举办省内的学术会议。从会议项目策划，到全国级别的KOL以及省内知名专家的沟通和邀请，由省区经理和业务经理带着代理商的工作人员过一遍流程，提高代理商独立举办学术会议的市场策划能力。
段落样式: 正文-缩进
从样式获取的格式:
  样式字体: 未设置
  样式字号: 未设置
  样式颜色: 未设置
对齐方式: 未设置
左缩进: 未设置
右缩进: 未设置
首行缩进: 未设置
行间距: 未设置
从XML读取的格式:
  运行 1: '协助代理商举办省内的学术会议'
    字体: 未设置
    大小: 未设置
    粗体: 未设置
    斜体: 未设置
    下划线: 未设置
    标准颜色: 未设置
  运行 2: '。'
    字体: 未设置
    大小: 未设置
    粗体: 未设置
    斜体: 未设置
    下划线: 未设置
    标准颜色: 未设置
  运行 3: '从会议项目策划，'
    字体: 未设置
    大小: 未设置
    粗体: 未设置
    斜体: 未设置
    下划线: 未设置
    标准颜色: 未设置
  运行 4: '到'
    字体: 未设置
    大小: 未设置
    粗体: 未设置
    斜体: 未设置
    下划线: 未设置
    标准颜色: 未设置
  运行 5: '全国级别的'
    字体: 未设置
    大小: 未设置
    粗体: 未设置
    斜体: 未设置
    下划线: 未设置
    标准颜色: 未设置
  运行 6: 'KOL'
    字体: 未设置
    大小: 未设置
    粗体: 未设置
    斜体: 未设置
    下划线: 未设置
    标准颜色: 未设置
  运行 7: '以及省内知名专家'
    字体: 未设置
    大小: 未设置
    粗体: 未设置
    斜体: 未设置
    下划线: 未设置
    标准颜色: 未设置
  运行 8: '的沟通和邀请，'
    字体: 未设置
    大小: 未设置
    粗体: 未设置
    斜体: 未设置
    下划线: 未设置
    标准颜色: 未设置
  运行 9: '由省区经理和业务经理'
    字体: 未设置
    大小: 未设置
    粗体: 未设置
    斜体: 未设置
    下划线: 未设置
    标准颜色: 未设置
  运行 10: '带着代理商'
    字体: 未设置
    大小: 未设置
    粗体: 未设置
    斜体: 未设置
    下划线: 未设置
    标准颜色: 未设置
  运行 11: '的工作人员'
    字体: 未设置
    大小: 未设置
    粗体: 未设置
    斜体: 未设置
    下划线: 未设置
    标准颜色: 未设置
  运行 12: '过一遍'
    字体: 未设置
    大小: 未设置
    粗体: 未设置
    斜体: 未设置
    下划线: 未设置
    标准颜色: 未设置
  运行 13: '流程'
    字体: 未设置
    大小: 未设置
    粗体: 未设置
    斜体: 未设置
    下划线: 未设置
    标准颜色: 未设置
  运行 14: '，'
    字体: 未设置
    大小: 未设置
    粗体: 未设置
    斜体: 未设置
    下划线: 未设置
    标准颜色: 未设置
  运行 15: '提高'
    字体: 未设置
    大小: 未设置
    粗体: 未设置
    斜体: 未设置
    下划线: 未设置
    标准颜色: 未设置
  运行 16: '代理商独立举办学术会议的'
    字体: 未设置
    大小: 未设置
    粗体: 未设置
    斜体: 未设置
    下划线: 未设置
    标准颜色: 未设置
  运行 17: '市场策划能力。'
    字体: 未设置
    大小: 未设置
    粗体: 未设置
    斜体: 未设置
    下划线: 未设置
    标准颜色: 未设置

段落 980:
文本内容: 促销策略
段落样式: Heading 3
从样式获取的格式:
  样式字体: 未设置
  样式字号: 未设置
  样式颜色: 未设置
对齐方式: 未设置
左缩进: 未设置
右缩进: 未设置
首行缩进: 未设置
行间距: 未设置
从XML读取的格式:
  运行 1: '促销策略'
    字体: 未设置
    大小: 未设置
    粗体: 未设置
    斜体: 未设置
    下划线: 未设置
    标准颜色: 未设置
  运行 2: ''
    字体: 未设置
    大小: 未设置
    粗体: 未设置
    斜体: 未设置
    下划线: 未设置
    标准颜色: 未设置
  运行 3: ''
    字体: 未设置
    大小: 未设置
    粗体: 未设置
    斜体: 未设置
    下划线: 未设置
    标准颜色: 未设置
  运行 4: ''
    字体: 未设置
    大小: 未设置
    粗体: 未设置
    斜体: 未设置
    下划线: 未设置
    标准颜色: 未设置
  运行 5: ''
    字体: 未设置
    大小: 未设置
    粗体: 未设置
    斜体: 未设置
    下划线: 未设置
    标准颜色: 未设置
  运行 6: ''
    字体: 未设置
    大小: 未设置
    粗体: 未设置
    斜体: 未设置
    下划线: 未设置
    标准颜色: 未设置
  运行 7: ''
    字体: 未设置
    大小: 未设置
    粗体: 未设置
    斜体: 未设置
    下划线: 未设置
    标准颜色: 未设置
  运行 8: ''
    字体: 未设置
    大小: 未设置
    粗体: 未设置
    斜体: 未设置
    下划线: 未设置
    标准颜色: 未设置
  运行 9: ''
    字体: 未设置
    大小: 未设置
    粗体: 未设置
    斜体: 未设置
    下划线: 未设置
    标准颜色: 未设置

段落 981:
文本内容: 产品特价推广
段落样式: Heading 4
从样式获取的格式:
  样式字体: 未设置
  样式字号: 未设置
  样式颜色: 未设置
对齐方式: 未设置
左缩进: 未设置
右缩进: 未设置
首行缩进: 未设置
行间距: 未设置
从XML读取的格式:
  运行 1: '产品特价推广'
    字体: 未设置
    大小: 未设置
    粗体: 未设置
    斜体: 未设置
    下划线: 未设置
    标准颜色: 未设置

段落 982:
文本内容: 针对公司当前面临的库存量大和部分进口产品滞销问题，Y公司应计划采取一系列积极措施进行促销。根据管理经济学中的供给需求曲线我们可以知道，在需求不变的前提下，降低价格会使销量增加，供应曲线和需求曲线如图 5-4所示。
段落样式: 正文-缩进
从样式获取的格式:
  样式字体: 未设置
  样式字号: 未设置
  样式颜色: 未设置
对齐方式: 未设置
左缩进: 未设置
右缩进: 未设置
首行缩进: 未设置
行间距: 未设置
从XML读取的格式:
  运行 1: '针对公司当前面临的库存量大和部分进口产品滞销问题，'
    字体: 未设置
    大小: 未设置
    粗体: 未设置
    斜体: 未设置
    下划线: 未设置
    标准颜色: 未设置
  运行 2: 'Y'
    字体: 未设置
    大小: 未设置
    粗体: 未设置
    斜体: 未设置
    下划线: 未设置
    标准颜色: 未设置
  运行 3: '公司应计划采取一系列积极措施'
    字体: 未设置
    大小: 未设置
    粗体: 未设置
    斜体: 未设置
    下划线: 未设置
    标准颜色: 未设置
  运行 4: '进行促销'
    字体: 未设置
    大小: 未设置
    粗体: 未设置
    斜体: 未设置
    下划线: 未设置
    标准颜色: 未设置
  运行 5: '。'
    字体: 未设置
    大小: 未设置
    粗体: 未设置
    斜体: 未设置
    下划线: 未设置
    标准颜色: 未设置
  运行 6: '根据管理经济学中的供给需求曲线我们可以知道，在需求不变的前提下，降低价格会使销量增加，'
    字体: 未设置
    大小: 未设置
    粗体: 未设置
    斜体: 未设置
    下划线: 未设置
    标准颜色: 未设置
  运行 7: '供应曲线和需求曲线'
    字体: 未设置
    大小: 未设置
    粗体: 未设置
    斜体: 未设置
    下划线: 未设置
    标准颜色: 未设置
  运行 8: '如'
    字体: 未设置
    大小: 未设置
    粗体: 未设置
    斜体: 未设置
    下划线: 未设置
    标准颜色: 未设置
  运行 9: ''
    字体: 未设置
    大小: 未设置
    粗体: 未设置
    斜体: 未设置
    下划线: 未设置
    标准颜色: 未设置
  运行 10: ''
    字体: 未设置
    大小: 未设置
    粗体: 未设置
    斜体: 未设置
    下划线: 未设置
    标准颜色: 未设置
  运行 11: ''
    字体: 未设置
    大小: 未设置
    粗体: 未设置
    斜体: 未设置
    下划线: 未设置
    标准颜色: 未设置
  运行 12: ''
    字体: 未设置
    大小: 未设置
    粗体: 未设置
    斜体: 未设置
    下划线: 未设置
    标准颜色: 未设置
  运行 13: ''
    字体: 未设置
    大小: 未设置
    粗体: 未设置
    斜体: 未设置
    下划线: 未设置
    标准颜色: 未设置
  运行 14: '图'
    字体: 未设置
    大小: 未设置
    粗体: 未设置
    斜体: 未设置
    下划线: 未设置
    标准颜色: 未设置
  运行 15: ' '
    字体: 未设置
    大小: 未设置
    粗体: 未设置
    斜体: 未设置
    下划线: 未设置
    标准颜色: 未设置
  运行 16: '5'
    字体: 未设置
    大小: 未设置
    粗体: 未设置
    斜体: 未设置
    下划线: 未设置
    标准颜色: 未设置
  运行 17: '-'
    字体: 未设置
    大小: 未设置
    粗体: 未设置
    斜体: 未设置
    下划线: 未设置
    标准颜色: 未设置
  运行 18: '4'
    字体: 未设置
    大小: 未设置
    粗体: 未设置
    斜体: 未设置
    下划线: 未设置
    标准颜色: 未设置
  运行 19: ''
    字体: 未设置
    大小: 未设置
    粗体: 未设置
    斜体: 未设置
    下划线: 未设置
    标准颜色: 未设置
  运行 20: '所示。'
    字体: 未设置
    大小: 未设置
    粗体: 未设置
    斜体: 未设置
    下划线: 未设置
    标准颜色: 未设置

段落 983:
文本内容: 因此公司应该将这些产品实施特价促销策略，以优惠价格吸引民营医疗机构的客户，同时保持甚至延长产品的保修政策，以降低民营医疗机构客户的购买风险。为激发业务团队的积极性，建议公司保持业务人员的销售奖金不变。通过这些措施，可以加快滞销和库存产品的周转，迅速回收资金，增强公司的资金流动性。
段落样式: 正文-缩进
从样式获取的格式:
  样式字体: 未设置
  样式字号: 未设置
  样式颜色: 未设置
对齐方式: 未设置
左缩进: 未设置
右缩进: 未设置
首行缩进: 未设置
行间距: 未设置
从XML读取的格式:
  运行 1: '因此公司应该将这些产品实施特价促销策略，以优惠价格吸引民营医疗机构的客户，同时保持甚至延长产品的保修政策，以降低民营医疗机构客户的购买风险。为激发业务团队的积极性，建议公司保持业务人员的销售奖金不变。通过这些措施，可以加快滞销和库存产品的周转，迅速回收资金，增强公司的资金流动性。'
    字体: 未设置
    大小: 未设置
    粗体: 未设置
    斜体: 未设置
    下划线: 未设置
    标准颜色: 未设置

段落 984:
文本内容: 在执行特价促销的同时，公司需要将加强市场调研，确保促销策略符合民营客户的需求，并利用线上线下多渠道进行营销宣传，扩大活动的影响力。提供优质的客户服务也是公司应关注的重点，确保客户在购买过程中获得满意的产品和售后支持。最后将对促销活动的效果进行数据分析，评估并优化未来的库存管理和销售策略。
段落样式: 正文-缩进
从样式获取的格式:
  样式字体: 未设置
  样式字号: 未设置
  样式颜色: 未设置
对齐方式: 未设置
左缩进: 未设置
右缩进: 未设置
首行缩进: 未设置
行间距: 未设置
从XML读取的格式:
  运行 1: '在执行特价促销的同时，公司需要将加强市场调研，确保促销策略符合民营客户的需求，并利用线上线下多渠道进行营销宣传，扩大活动的影响力。提供优质的客户服务也是公司应关注的重点，确保客户在购买过程中获得满意的产品和售后支持。最后将对促销活动的效果进行数据分析，评估并优化未来的库存管理和销售策略。'
    字体: 未设置
    大小: 未设置
    粗体: 未设置
    斜体: 未设置
    下划线: 未设置
    标准颜色: 未设置

段落 987:
文本内容: 图 5-4　供应和需求曲线的关系
段落样式: Caption
从样式获取的格式:
  样式字体: 未设置
  样式字号: 未设置
  样式颜色: 未设置
对齐方式: 未设置
左缩进: 未设置
右缩进: 未设置
首行缩进: 未设置
行间距: 未设置
从XML读取的格式:
  运行 1: '图'
    字体: 未设置
    大小: 未设置
    粗体: 未设置
    斜体: 未设置
    下划线: 未设置
    标准颜色: 未设置
  运行 2: ' '
    字体: 未设置
    大小: 未设置
    粗体: 未设置
    斜体: 未设置
    下划线: 未设置
    标准颜色: 未设置
  运行 3: ''
    字体: 未设置
    大小: 未设置
    粗体: 未设置
    斜体: 未设置
    下划线: 未设置
    标准颜色: 未设置
  运行 4: ''
    字体: 未设置
    大小: 未设置
    粗体: 未设置
    斜体: 未设置
    下划线: 未设置
    标准颜色: 未设置
  运行 5: ''
    字体: 未设置
    大小: 未设置
    粗体: 未设置
    斜体: 未设置
    下划线: 未设置
    标准颜色: 未设置
  运行 6: ''
    字体: 未设置
    大小: 未设置
    粗体: 未设置
    斜体: 未设置
    下划线: 未设置
    标准颜色: 未设置
  运行 7: ''
    字体: 未设置
    大小: 未设置
    粗体: 未设置
    斜体: 未设置
    下划线: 未设置
    标准颜色: 未设置
  运行 8: '5'
    字体: 未设置
    大小: 未设置
    粗体: 未设置
    斜体: 未设置
    下划线: 未设置
    标准颜色: 未设置
  运行 9: ''
    字体: 未设置
    大小: 未设置
    粗体: 未设置
    斜体: 未设置
    下划线: 未设置
    标准颜色: 未设置
  运行 10: '-'
    字体: 未设置
    大小: 未设置
    粗体: 未设置
    斜体: 未设置
    下划线: 未设置
    标准颜色: 未设置
  运行 11: ''
    字体: 未设置
    大小: 未设置
    粗体: 未设置
    斜体: 未设置
    下划线: 未设置
    标准颜色: 未设置
  运行 12: ''
    字体: 未设置
    大小: 未设置
    粗体: 未设置
    斜体: 未设置
    下划线: 未设置
    标准颜色: 未设置
  运行 13: ''
    字体: 未设置
    大小: 未设置
    粗体: 未设置
    斜体: 未设置
    下划线: 未设置
    标准颜色: 未设置
  运行 14: ''
    字体: 未设置
    大小: 未设置
    粗体: 未设置
    斜体: 未设置
    下划线: 未设置
    标准颜色: 未设置
  运行 15: ''
    字体: 未设置
    大小: 未设置
    粗体: 未设置
    斜体: 未设置
    下划线: 未设置
    标准颜色: 未设置
  运行 16: ''
    字体: 未设置
    大小: 未设置
    粗体: 未设置
    斜体: 未设置
    下划线: 未设置
    标准颜色: 未设置
  运行 17: ''
    字体: 未设置
    大小: 未设置
    粗体: 未设置
    斜体: 未设置
    下划线: 未设置
    标准颜色: 未设置
  运行 18: '4'
    字体: 未设置
    大小: 未设置
    粗体: 未设置
    斜体: 未设置
    下划线: 未设置
    标准颜色: 未设置
  运行 19: ''
    字体: 未设置
    大小: 未设置
    粗体: 未设置
    斜体: 未设置
    下划线: 未设置
    标准颜色: 未设置
  运行 20: '　'
    字体: 未设置
    大小: 未设置
    粗体: 未设置
    斜体: 未设置
    下划线: 未设置
    标准颜色: 未设置
  运行 21: '供应和需求曲线'
    字体: 未设置
    大小: 未设置
    粗体: 未设置
    斜体: 未设置
    下划线: 未设置
    标准颜色: 未设置
  运行 22: '的关系'
    字体: 未设置
    大小: 未设置
    粗体: 未设置
    斜体: 未设置
    下划线: 未设置
    标准颜色: 未设置

段落 988:
文本内容: 资料来源：作者整理，薛兆丰经济学课，2024.
段落样式: 图表资料来源
从样式获取的格式:
  样式字体: 未设置
  样式字号: 114300
  样式字号(pt): 9.0
  样式颜色: 未设置
对齐方式: 未设置
左缩进: 未设置
右缩进: 未设置
首行缩进: 未设置
行间距: 未设置
从XML读取的格式:
  运行 1: '资料来源：'
    字体: 未设置
    大小: 未设置
    粗体: 未设置
    斜体: 未设置
    下划线: 未设置
    标准颜色: 未设置
  运行 2: '作者整理，'
    字体: 未设置
    大小: 未设置
    粗体: 未设置
    斜体: 未设置
    下划线: 未设置
    标准颜色: 未设置
  运行 3: '薛兆丰'
    字体: 未设置
    大小: 未设置
    粗体: 未设置
    斜体: 未设置
    下划线: 未设置
    标准颜色: 未设置
  运行 4: '经济学'
    字体: 未设置
    大小: 未设置
    粗体: 未设置
    斜体: 未设置
    下划线: 未设置
    标准颜色: 未设置
  运行 5: '课'
    字体: 未设置
    大小: 未设置
    粗体: 未设置
    斜体: 未设置
    下划线: 未设置
    标准颜色: 未设置
  运行 6: '，'
    字体: 未设置
    大小: 未设置
    粗体: 未设置
    斜体: 未设置
    下划线: 未设置
    标准颜色: 未设置
  运行 7: '2'
    字体: 未设置
    大小: 未设置
    粗体: 未设置
    斜体: 未设置
    下划线: 未设置
    标准颜色: 未设置
  运行 8: '02'
    字体: 未设置
    大小: 未设置
    粗体: 未设置
    斜体: 未设置
    下划线: 未设置
    标准颜色: 未设置
  运行 9: '4'
    字体: 未设置
    大小: 未设置
    粗体: 未设置
    斜体: 未设置
    下划线: 未设置
    标准颜色: 未设置
  运行 10: '.'
    字体: 未设置
    大小: 未设置
    粗体: 未设置
    斜体: 未设置
    下划线: 未设置
    标准颜色: 未设置

段落 990:
文本内容: 专业会议推广
段落样式: Heading 4
从样式获取的格式:
  样式字体: 未设置
  样式字号: 未设置
  样式颜色: 未设置
对齐方式: 未设置
左缩进: 未设置
右缩进: 未设置
首行缩进: 未设置
行间距: 未设置
从XML读取的格式:
  运行 1: '专业'
    字体: 未设置
    大小: 未设置
    粗体: 未设置
    斜体: 未设置
    下划线: 未设置
    标准颜色: 未设置
  运行 2: '会议推广'
    字体: 未设置
    大小: 未设置
    粗体: 未设置
    斜体: 未设置
    下划线: 未设置
    标准颜色: 未设置

段落 991:
文本内容: 在国家级、省级、地级市的眼科学术会议上，通过邀请不同级别的KOL在大会上的学术讲座，适当植入相应设备的临床应用。例如全国白内障年会上，可以邀请购买了或者试用过OPD-Scan III的客户介绍该产品在晶体选择的临床应用体会。或者在全国眼科年会上，举办专门的卫星会，重点介绍Y公司的产品。通过临床医师的使用经验分享，可以让更多的客户进一步了解产品，了解产品如何在临床的应用中协助医生更高效的进行诊疗，提高患者满意度。
段落样式: 正文-缩进
从样式获取的格式:
  样式字体: 未设置
  样式字号: 未设置
  样式颜色: 未设置
对齐方式: 未设置
左缩进: 未设置
右缩进: 未设置
首行缩进: 未设置
行间距: 未设置
从XML读取的格式:
  运行 1: '在国家级'
    字体: 未设置
    大小: 未设置
    粗体: 未设置
    斜体: 未设置
    下划线: 未设置
    标准颜色: 未设置
  运行 2: '、省级、地级市的'
    字体: 未设置
    大小: 未设置
    粗体: 未设置
    斜体: 未设置
    下划线: 未设置
    标准颜色: 未设置
  运行 3: '眼科学术会议上，通过邀请'
    字体: 未设置
    大小: 未设置
    粗体: 未设置
    斜体: 未设置
    下划线: 未设置
    标准颜色: 未设置
  运行 4: '不同级别的'
    字体: 未设置
    大小: 未设置
    粗体: 未设置
    斜体: 未设置
    下划线: 未设置
    标准颜色: 未设置
  运行 5: 'KOL'
    字体: 未设置
    大小: 未设置
    粗体: 未设置
    斜体: 未设置
    下划线: 未设置
    标准颜色: 未设置
  运行 6: '在大会上的学术讲座，适当植入相应设备的临床应用。例如全国白内障年会上，可以邀请'
    字体: 未设置
    大小: 未设置
    粗体: 未设置
    斜体: 未设置
    下划线: 未设置
    标准颜色: 未设置
  运行 7: '购买了或者试用'
    字体: 未设置
    大小: 未设置
    粗体: 未设置
    斜体: 未设置
    下划线: 未设置
    标准颜色: 未设置
  运行 8: '过'
    字体: 未设置
    大小: 未设置
    粗体: 未设置
    斜体: 未设置
    下划线: 未设置
    标准颜色: 未设置
  运行 9: 'OPD-Scan'
    字体: 未设置
    大小: 未设置
    粗体: 未设置
    斜体: 未设置
    下划线: 未设置
    标准颜色: 未设置
  运行 10: ' '
    字体: 未设置
    大小: 未设置
    粗体: 未设置
    斜体: 未设置
    下划线: 未设置
    标准颜色: 未设置
  运行 11: 'III'
    字体: 未设置
    大小: 未设置
    粗体: 未设置
    斜体: 未设置
    下划线: 未设置
    标准颜色: 未设置
  运行 12: '的客户'
    字体: 未设置
    大小: 未设置
    粗体: 未设置
    斜体: 未设置
    下划线: 未设置
    标准颜色: 未设置
  运行 13: '介绍'
    字体: 未设置
    大小: 未设置
    粗体: 未设置
    斜体: 未设置
    下划线: 未设置
    标准颜色: 未设置
  运行 14: '该产品在晶体选择的临床应用体会。或者在全国眼科年会上，举办专门的卫星会，重点介绍'
    字体: 未设置
    大小: 未设置
    粗体: 未设置
    斜体: 未设置
    下划线: 未设置
    标准颜色: 未设置
  运行 15: 'Y'
    字体: 未设置
    大小: 未设置
    粗体: 未设置
    斜体: 未设置
    下划线: 未设置
    标准颜色: 未设置
  运行 16: '公司的产品。通过临床医师的使用经验分享，可以让更多的客户进一步了解产品，了解产品如何在临床的应用中协助医生更高效的进行诊疗，提高患者满意度。'
    字体: 未设置
    大小: 未设置
    粗体: 未设置
    斜体: 未设置
    下划线: 未设置
    标准颜色: 未设置

段落 992:
文本内容: 举办专业培训班。可以和眼科专业协会或者个别知名的医院一起举办培训班。例如超声乳化培训班，Y公司提供若干台CV9000R超乳设备用于培训，在培训的过程中由市场部人员详细介绍产品各个功能和操作，由医生进行带教使用设备，在动物眼上练习白内障手术过程。通过类似的培训推广，医生学员在学会了手术技巧的同时，对公司的设备有了更近一步的了解，为将来的采购意向奠定了基础。
段落样式: 正文-缩进
从样式获取的格式:
  样式字体: 未设置
  样式字号: 未设置
  样式颜色: 未设置
对齐方式: 未设置
左缩进: 未设置
右缩进: 未设置
首行缩进: 未设置
行间距: 未设置
从XML读取的格式:
  运行 1: '举办专业培训班。'
    字体: 未设置
    大小: 未设置
    粗体: 未设置
    斜体: 未设置
    下划线: 未设置
    标准颜色: 未设置
  运行 2: '可以和眼科专业协会或者个别知名的医院'
    字体: 未设置
    大小: 未设置
    粗体: 未设置
    斜体: 未设置
    下划线: 未设置
    标准颜色: 未设置
  运行 3: '一起'
    字体: 未设置
    大小: 未设置
    粗体: 未设置
    斜体: 未设置
    下划线: 未设置
    标准颜色: 未设置
  运行 4: '举办培训班。例如超声乳化培训班，'
    字体: 未设置
    大小: 未设置
    粗体: 未设置
    斜体: 未设置
    下划线: 未设置
    标准颜色: 未设置
  运行 5: 'Y'
    字体: 未设置
    大小: 未设置
    粗体: 未设置
    斜体: 未设置
    下划线: 未设置
    标准颜色: 未设置
  运行 6: '公司提供若干台'
    字体: 未设置
    大小: 未设置
    粗体: 未设置
    斜体: 未设置
    下划线: 未设置
    标准颜色: 未设置
  运行 7: 'CV9000R'
    字体: 未设置
    大小: 未设置
    粗体: 未设置
    斜体: 未设置
    下划线: 未设置
    标准颜色: 未设置
  运行 8: '超乳设备'
    字体: 未设置
    大小: 未设置
    粗体: 未设置
    斜体: 未设置
    下划线: 未设置
    标准颜色: 未设置
  运行 9: '用于培训，在培训的过程中由市场部人员详细介绍产品各个功能和操作，由医生进行'
    字体: 未设置
    大小: 未设置
    粗体: 未设置
    斜体: 未设置
    下划线: 未设置
    标准颜色: 未设置
  运行 10: '带教使用'
    字体: 未设置
    大小: 未设置
    粗体: 未设置
    斜体: 未设置
    下划线: 未设置
    标准颜色: 未设置
  运行 11: '设备，在动物眼上练习白内障手术过程。通过类似的培训推广，医生学员在学会了手术技巧的同时，对公司的设备有了更近一步的了解，为将来的采购意向奠定了基础。'
    字体: 未设置
    大小: 未设置
    粗体: 未设置
    斜体: 未设置
    下划线: 未设置
    标准颜色: 未设置

段落 993:
文本内容: 产品科室会推广。针对重点的大三甲客户，由购买意向的科室，举办相应产品的科室推广介绍会，介绍产品在该科室的临床应用、产品工作原理等，提高临床医师对产品了解程度，促进产品购买。对于已经购买产品的客户，可以对产品的新功能进行科室会推广，例如微视野视野计MP3，原来的主要功能是检查患者黄斑区的视力情况，现在原厂推出了新的使用功能，做视力训练。对于黄斑中心区视力不好，但黄斑周边视力健康的患者，可以训练患者用黄斑周边来完成视物过程。
段落样式: 正文-缩进
从样式获取的格式:
  样式字体: 未设置
  样式字号: 未设置
  样式颜色: 未设置
对齐方式: 未设置
左缩进: 未设置
右缩进: 未设置
首行缩进: 未设置
行间距: 未设置
从XML读取的格式:
  运行 1: '产品科室会推广。针对重点的大三甲客户，由购买意向的科室，举办相应产品的科室推广介绍会，介绍产品在该科室的临床应用、产品工作原理等，提高临床医'
    字体: 未设置
    大小: 未设置
    粗体: 未设置
    斜体: 未设置
    下划线: 未设置
    标准颜色: 未设置
  运行 2: '师对产品了解程度，促进产品购买。对于已经购买产品的客户，可以对产品的新功能进行科室会推广，例如微视野视野计'
    字体: 未设置
    大小: 未设置
    粗体: 未设置
    斜体: 未设置
    下划线: 未设置
    标准颜色: 未设置
  运行 3: 'MP3'
    字体: 未设置
    大小: 未设置
    粗体: 未设置
    斜体: 未设置
    下划线: 未设置
    标准颜色: 未设置
  运行 4: '，原来的主要功能是检查患者黄斑区的视力情况，现在原厂推出了新的使用功能，做视力训练。对于黄斑中心区视力不好，但黄斑周边视力健康的患者，可以训练患者用黄斑周边来完成视物'
    字体: 未设置
    大小: 未设置
    粗体: 未设置
    斜体: 未设置
    下划线: 未设置
    标准颜色: 未设置
  运行 5: '过程'
    字体: 未设置
    大小: 未设置
    粗体: 未设置
    斜体: 未设置
    下划线: 未设置
    标准颜色: 未设置
  运行 6: '。'
    字体: 未设置
    大小: 未设置
    粗体: 未设置
    斜体: 未设置
    下划线: 未设置
    标准颜色: 未设置

段落 994:
文本内容: 互联网+推广
段落样式: Heading 4
从样式获取的格式:
  样式字体: 未设置
  样式字号: 未设置
  样式颜色: 未设置
对齐方式: 未设置
左缩进: 未设置
右缩进: 未设置
首行缩进: 未设置
行间距: 未设置
从XML读取的格式:
  运行 1: '互联网'
    字体: 未设置
    大小: 未设置
    粗体: 未设置
    斜体: 未设置
    下划线: 未设置
    标准颜色: 未设置
  运行 2: '+'
    字体: 未设置
    大小: 未设置
    粗体: 未设置
    斜体: 未设置
    下划线: 未设置
    标准颜色: 未设置
  运行 3: '推广'
    字体: 未设置
    大小: 未设置
    粗体: 未设置
    斜体: 未设置
    下划线: 未设置
    标准颜色: 未设置

段落 995:
文本内容: 随着国家信息化进程的深入，“互联网+”浪潮已经席卷医疗器械产业，各大公司纷纷拥抱互联网，探索信息化创新的商业模式。Y公司也应该积极拓展互联网销售渠道，在眼科领域实现尼德克的品牌推广。Y公司可利用小红书、抖音、微信公众号等高流量平台，在法律法规允许的范围内，分享眼科治疗的成功案例，尤其是那些采用重点产品设备技术的案例，通过短视频等形式生动展示，增强产品的市场认知度，如表 5-7所示。
段落样式: 正文-缩进
从样式获取的格式:
  样式字体: 未设置
  样式字号: 未设置
  样式颜色: 未设置
对齐方式: 未设置
左缩进: 未设置
右缩进: 未设置
首行缩进: 未设置
行间距: 未设置
从XML读取的格式:
  运行 1: '随着国家信息化进程的深入，'
    字体: 未设置
    大小: 未设置
    粗体: 未设置
    斜体: 未设置
    下划线: 未设置
    标准颜色: 未设置
  运行 2: '“'
    字体: 未设置
    大小: 未设置
    粗体: 未设置
    斜体: 未设置
    下划线: 未设置
    标准颜色: 未设置
  运行 3: '互联网'
    字体: 未设置
    大小: 未设置
    粗体: 未设置
    斜体: 未设置
    下划线: 未设置
    标准颜色: 未设置
  运行 4: '+'
    字体: 未设置
    大小: 未设置
    粗体: 未设置
    斜体: 未设置
    下划线: 未设置
    标准颜色: 未设置
  运行 5: '”'
    字体: 未设置
    大小: 未设置
    粗体: 未设置
    斜体: 未设置
    下划线: 未设置
    标准颜色: 未设置
  运行 6: '浪潮已经席卷医疗器械产业，各大公司纷纷拥抱互联网，探索信息化创新的商业模式。'
    字体: 未设置
    大小: 未设置
    粗体: 未设置
    斜体: 未设置
    下划线: 未设置
    标准颜色: 未设置
  运行 7: 'Y'
    字体: 未设置
    大小: 未设置
    粗体: 未设置
    斜体: 未设置
    下划线: 未设置
    标准颜色: 未设置
  运行 8: '公司也应该积极拓展互联网销售渠道，在眼科领域实现'
    字体: 未设置
    大小: 未设置
    粗体: 未设置
    斜体: 未设置
    下划线: 未设置
    标准颜色: 未设置
  运行 9: '尼德克的'
    字体: 未设置
    大小: 未设置
    粗体: 未设置
    斜体: 未设置
    下划线: 未设置
    标准颜色: 未设置
  运行 10: '品牌推广'
    字体: 未设置
    大小: 未设置
    粗体: 未设置
    斜体: 未设置
    下划线: 未设置
    标准颜色: 未设置
  运行 11: '。'
    字体: 未设置
    大小: 未设置
    粗体: 未设置
    斜体: 未设置
    下划线: 未设置
    标准颜色: 未设置
  运行 12: 'Y'
    字体: 未设置
    大小: 未设置
    粗体: 未设置
    斜体: 未设置
    下划线: 未设置
    标准颜色: 未设置
  运行 13: '公司'
    字体: 未设置
    大小: 未设置
    粗体: 未设置
    斜体: 未设置
    下划线: 未设置
    标准颜色: 未设置
  运行 14: '可利用小红书'
    字体: 未设置
    大小: 未设置
    粗体: 未设置
    斜体: 未设置
    下划线: 未设置
    标准颜色: 未设置
  运行 15: '、抖音、微信公众号等高流量平台，在法律法规允许的范围内，分享眼科治疗的成功案例，尤其是那些采用'
    字体: 未设置
    大小: 未设置
    粗体: 未设置
    斜体: 未设置
    下划线: 未设置
    标准颜色: 未设置
  运行 16: '重点产品设备'
    字体: 未设置
    大小: 未设置
    粗体: 未设置
    斜体: 未设置
    下划线: 未设置
    标准颜色: 未设置
  运行 17: '技术的案例，通过短视频等形式生动展示，增强产品的市场认知度'
    字体: 未设置
    大小: 未设置
    粗体: 未设置
    斜体: 未设置
    下划线: 未设置
    标准颜色: 未设置
  运行 18: '，如'
    字体: 未设置
    大小: 未设置
    粗体: 未设置
    斜体: 未设置
    下划线: 未设置
    标准颜色: 未设置
  运行 19: ''
    字体: 未设置
    大小: 未设置
    粗体: 未设置
    斜体: 未设置
    下划线: 未设置
    标准颜色: 未设置
  运行 20: ''
    字体: 未设置
    大小: 未设置
    粗体: 未设置
    斜体: 未设置
    下划线: 未设置
    标准颜色: 未设置
  运行 21: ''
    字体: 未设置
    大小: 未设置
    粗体: 未设置
    斜体: 未设置
    下划线: 未设置
    标准颜色: 未设置
  运行 22: ''
    字体: 未设置
    大小: 未设置
    粗体: 未设置
    斜体: 未设置
    下划线: 未设置
    标准颜色: 未设置
  运行 23: ''
    字体: 未设置
    大小: 未设置
    粗体: 未设置
    斜体: 未设置
    下划线: 未设置
    标准颜色: 未设置
  运行 24: '表'
    字体: 未设置
    大小: 未设置
    粗体: 未设置
    斜体: 未设置
    下划线: 未设置
    标准颜色: 未设置
  运行 25: ' '
    字体: 未设置
    大小: 未设置
    粗体: 未设置
    斜体: 未设置
    下划线: 未设置
    标准颜色: 未设置
  运行 26: '5'
    字体: 未设置
    大小: 未设置
    粗体: 未设置
    斜体: 未设置
    下划线: 未设置
    标准颜色: 未设置
  运行 27: '-'
    字体: 未设置
    大小: 未设置
    粗体: 未设置
    斜体: 未设置
    下划线: 未设置
    标准颜色: 未设置
  运行 28: '7'
    字体: 未设置
    大小: 未设置
    粗体: 未设置
    斜体: 未设置
    下划线: 未设置
    标准颜色: 未设置
  运行 29: ''
    字体: 未设置
    大小: 未设置
    粗体: 未设置
    斜体: 未设置
    下划线: 未设置
    标准颜色: 未设置
  运行 30: '所示'
    字体: 未设置
    大小: 未设置
    粗体: 未设置
    斜体: 未设置
    下划线: 未设置
    标准颜色: 未设置
  运行 31: '。'
    字体: 未设置
    大小: 未设置
    粗体: 未设置
    斜体: 未设置
    下划线: 未设置
    标准颜色: 未设置

段落 997:
文本内容: 表 5-7　Y公司产品新媒体促销
段落样式: Caption
从样式获取的格式:
  样式字体: 未设置
  样式字号: 未设置
  样式颜色: 未设置
对齐方式: 未设置
左缩进: 未设置
右缩进: 未设置
首行缩进: 未设置
行间距: 未设置
从XML读取的格式:
  运行 1: '表'
    字体: 未设置
    大小: 未设置
    粗体: 未设置
    斜体: 未设置
    下划线: 未设置
    标准颜色: 未设置
  运行 2: ' '
    字体: 未设置
    大小: 未设置
    粗体: 未设置
    斜体: 未设置
    下划线: 未设置
    标准颜色: 未设置
  运行 3: ''
    字体: 未设置
    大小: 未设置
    粗体: 未设置
    斜体: 未设置
    下划线: 未设置
    标准颜色: 未设置
  运行 4: ''
    字体: 未设置
    大小: 未设置
    粗体: 未设置
    斜体: 未设置
    下划线: 未设置
    标准颜色: 未设置
  运行 5: ''
    字体: 未设置
    大小: 未设置
    粗体: 未设置
    斜体: 未设置
    下划线: 未设置
    标准颜色: 未设置
  运行 6: ''
    字体: 未设置
    大小: 未设置
    粗体: 未设置
    斜体: 未设置
    下划线: 未设置
    标准颜色: 未设置
  运行 7: ''
    字体: 未设置
    大小: 未设置
    粗体: 未设置
    斜体: 未设置
    下划线: 未设置
    标准颜色: 未设置
  运行 8: '5'
    字体: 未设置
    大小: 未设置
    粗体: 未设置
    斜体: 未设置
    下划线: 未设置
    标准颜色: 未设置
  运行 9: ''
    字体: 未设置
    大小: 未设置
    粗体: 未设置
    斜体: 未设置
    下划线: 未设置
    标准颜色: 未设置
  运行 10: '-'
    字体: 未设置
    大小: 未设置
    粗体: 未设置
    斜体: 未设置
    下划线: 未设置
    标准颜色: 未设置
  运行 11: ''
    字体: 未设置
    大小: 未设置
    粗体: 未设置
    斜体: 未设置
    下划线: 未设置
    标准颜色: 未设置
  运行 12: ''
    字体: 未设置
    大小: 未设置
    粗体: 未设置
    斜体: 未设置
    下划线: 未设置
    标准颜色: 未设置
  运行 13: ''
    字体: 未设置
    大小: 未设置
    粗体: 未设置
    斜体: 未设置
    下划线: 未设置
    标准颜色: 未设置
  运行 14: ''
    字体: 未设置
    大小: 未设置
    粗体: 未设置
    斜体: 未设置
    下划线: 未设置
    标准颜色: 未设置
  运行 15: ''
    字体: 未设置
    大小: 未设置
    粗体: 未设置
    斜体: 未设置
    下划线: 未设置
    标准颜色: 未设置
  运行 16: ''
    字体: 未设置
    大小: 未设置
    粗体: 未设置
    斜体: 未设置
    下划线: 未设置
    标准颜色: 未设置
  运行 17: ''
    字体: 未设置
    大小: 未设置
    粗体: 未设置
    斜体: 未设置
    下划线: 未设置
    标准颜色: 未设置
  运行 18: '7'
    字体: 未设置
    大小: 未设置
    粗体: 未设置
    斜体: 未设置
    下划线: 未设置
    标准颜色: 未设置
  运行 19: ''
    字体: 未设置
    大小: 未设置
    粗体: 未设置
    斜体: 未设置
    下划线: 未设置
    标准颜色: 未设置
  运行 20: '　'
    字体: 未设置
    大小: 未设置
    粗体: 未设置
    斜体: 未设置
    下划线: 未设置
    标准颜色: 未设置
  运行 21: 'Y'
    字体: 未设置
    大小: 未设置
    粗体: 未设置
    斜体: 未设置
    下划线: 未设置
    标准颜色: 未设置
  运行 22: '公司产品新媒体促销'
    字体: 未设置
    大小: 未设置
    粗体: 未设置
    斜体: 未设置
    下划线: 未设置
    标准颜色: 未设置

段落 998:
文本内容: 资料来源：作者整理，Y公司内部资料，2024
段落样式: 厦大表注
从样式获取的格式:
  样式字体: 未设置
  样式字号: 114300
  样式字号(pt): 9.0
  样式颜色: 000000
对齐方式: 未设置
左缩进: 未设置
右缩进: 未设置
首行缩进: 未设置
行间距: 未设置
从XML读取的格式:
  运行 1: '资料来源：'
    字体: 未设置
    大小: 未设置
    粗体: 未设置
    斜体: 未设置
    下划线: 未设置
    标准颜色: 未设置
  运行 2: '作者整'
    字体: 未设置
    大小: 未设置
    粗体: 未设置
    斜体: 未设置
    下划线: 未设置
    标准颜色: 未设置
  运行 3: '理，'
    字体: 未设置
    大小: 未设置
    粗体: 未设置
    斜体: 未设置
    下划线: 未设置
    标准颜色: 未设置
  运行 4: 'Y'
    字体: 未设置
    大小: 未设置
    粗体: 未设置
    斜体: 未设置
    下划线: 未设置
    标准颜色: 未设置
  运行 5: '公司内部资料'
    字体: 未设置
    大小: 未设置
    粗体: 未设置
    斜体: 未设置
    下划线: 未设置
    标准颜色: 未设置
  运行 6: '，'
    字体: 未设置
    大小: 未设置
    粗体: 未设置
    斜体: 未设置
    下划线: 未设置
    标准颜色: 未设置
  运行 7: '202'
    字体: 未设置
    大小: 未设置
    粗体: 未设置
    斜体: 未设置
    下划线: 未设置
    标准颜色: 未设置
  运行 8: '4'
    字体: 未设置
    大小: 未设置
    粗体: 未设置
    斜体: 未设置
    下划线: 未设置
    标准颜色: 未设置

段落 1000:
文本内容: Y公司还可以与公益组织联手，在网络平台上推广眼科健康公益活动，定期发布不同省区，地级市等不同医院眼科医生的义诊信息，以及近视防控筛查等，吸引潜在客户的关注。通过这些举措，Y公司将充分利用互联网+的机遇，结合信息化社会和大数据资源，提升服务质量，扩大眼科产品的市场影响力，从而在竞争激烈的眼科医疗器械市场中占据有利地位。
段落样式: 正文-缩进
从样式获取的格式:
  样式字体: 未设置
  样式字号: 未设置
  样式颜色: 未设置
对齐方式: 未设置
左缩进: 未设置
右缩进: 未设置
首行缩进: 未设置
行间距: 未设置
从XML读取的格式:
  运行 1: 'Y'
    字体: 未设置
    大小: 未设置
    粗体: 未设置
    斜体: 未设置
    下划线: 未设置
    标准颜色: 未设置
  运行 2: '公司还可以与公益组织联手，在网络平台上推广眼科健康公益活动，定期发布不同省区，地级市等不同医院眼科医生的义诊信息，'
    字体: 未设置
    大小: 未设置
    粗体: 未设置
    斜体: 未设置
    下划线: 未设置
    标准颜色: 未设置
  运行 3: '以及'
    字体: 未设置
    大小: 未设置
    粗体: 未设置
    斜体: 未设置
    下划线: 未设置
    标准颜色: 未设置
  运行 4: '近视防控筛查等，吸引潜在客户的关注。通过这些举措，'
    字体: 未设置
    大小: 未设置
    粗体: 未设置
    斜体: 未设置
    下划线: 未设置
    标准颜色: 未设置
  运行 5: 'Y'
    字体: 未设置
    大小: 未设置
    粗体: 未设置
    斜体: 未设置
    下划线: 未设置
    标准颜色: 未设置
  运行 6: '公司将充分利用互联网'
    字体: 未设置
    大小: 未设置
    粗体: 未设置
    斜体: 未设置
    下划线: 未设置
    标准颜色: 未设置
  运行 7: '+'
    字体: 未设置
    大小: 未设置
    粗体: 未设置
    斜体: 未设置
    下划线: 未设置
    标准颜色: 未设置
  运行 8: '的机遇，结合信息化社会和大数据资源，提升服务质量，扩大眼科产品的市场影响力，从而在竞争激烈的眼科医疗器械市场中占据有利地位。'
    字体: 未设置
    大小: 未设置
    粗体: 未设置
    斜体: 未设置
    下划线: 未设置
    标准颜色: 未设置

段落 1001:
文本内容: 人员策略
段落样式: Heading 3
从样式获取的格式:
  样式字体: 未设置
  样式字号: 未设置
  样式颜色: 未设置
对齐方式: 未设置
左缩进: 未设置
右缩进: 未设置
首行缩进: 未设置
行间距: 未设置
从XML读取的格式:
  运行 1: '人员策略'
    字体: 未设置
    大小: 未设置
    粗体: 未设置
    斜体: 未设置
    下划线: 未设置
    标准颜色: 未设置
  运行 2: ''
    字体: 未设置
    大小: 未设置
    粗体: 未设置
    斜体: 未设置
    下划线: 未设置
    标准颜色: 未设置
  运行 3: ''
    字体: 未设置
    大小: 未设置
    粗体: 未设置
    斜体: 未设置
    下划线: 未设置
    标准颜色: 未设置
  运行 4: ''
    字体: 未设置
    大小: 未设置
    粗体: 未设置
    斜体: 未设置
    下划线: 未设置
    标准颜色: 未设置
  运行 5: ''
    字体: 未设置
    大小: 未设置
    粗体: 未设置
    斜体: 未设置
    下划线: 未设置
    标准颜色: 未设置
  运行 6: ''
    字体: 未设置
    大小: 未设置
    粗体: 未设置
    斜体: 未设置
    下划线: 未设置
    标准颜色: 未设置
  运行 7: ''
    字体: 未设置
    大小: 未设置
    粗体: 未设置
    斜体: 未设置
    下划线: 未设置
    标准颜色: 未设置
  运行 8: ''
    字体: 未设置
    大小: 未设置
    粗体: 未设置
    斜体: 未设置
    下划线: 未设置
    标准颜色: 未设置
  运行 9: ''
    字体: 未设置
    大小: 未设置
    粗体: 未设置
    斜体: 未设置
    下划线: 未设置
    标准颜色: 未设置

段落 1002:
文本内容: 在市场营销的过程中少不了人员的参与，不仅包含了客户和公司销售人员、市场部人员、工程师等，也包含了渠道代理商的员工。Y公司可以通过以下三点来实现市场营销过程中人员的价值最大化。
段落样式: 正文-缩进
从样式获取的格式:
  样式字体: 未设置
  样式字号: 未设置
  样式颜色: 未设置
对齐方式: 未设置
左缩进: 未设置
右缩进: 未设置
首行缩进: 未设置
行间距: 未设置
从XML读取的格式:
  运行 1: '在市场营销的过程中少不了人员的参与，不仅包含了客户和公司销售人员、市'
    字体: 未设置
    大小: 未设置
    粗体: 未设置
    斜体: 未设置
    下划线: 未设置
    标准颜色: 未设置
  运行 2: '场部人员、工程师等，也包含了渠道代理商的员工。'
    字体: 未设置
    大小: 未设置
    粗体: 未设置
    斜体: 未设置
    下划线: 未设置
    标准颜色: 未设置
  运行 3: 'Y'
    字体: 未设置
    大小: 未设置
    粗体: 未设置
    斜体: 未设置
    下划线: 未设置
    标准颜色: 未设置
  运行 4: '公司'
    字体: 未设置
    大小: 未设置
    粗体: 未设置
    斜体: 未设置
    下划线: 未设置
    标准颜色: 未设置
  运行 5: '可以通过以下三点来实现市场营销过程中人员的价值最大化。'
    字体: 未设置
    大小: 未设置
    粗体: 未设置
    斜体: 未设置
    下划线: 未设置
    标准颜色: 未设置

段落 1003:
文本内容: 职业能力提升
段落样式: Heading 4
从样式获取的格式:
  样式字体: 未设置
  样式字号: 未设置
  样式颜色: 未设置
对齐方式: 未设置
左缩进: 未设置
右缩进: 未设置
首行缩进: 未设置
行间距: 未设置
从XML读取的格式:
  运行 1: '职业'
    字体: 未设置
    大小: 未设置
    粗体: 未设置
    斜体: 未设置
    下划线: 未设置
    标准颜色: 未设置
  运行 2: '能力提升'
    字体: 未设置
    大小: 未设置
    粗体: 未设置
    斜体: 未设置
    下划线: 未设置
    标准颜色: 未设置

段落 1004:
文本内容: 眼科医疗销售行业对于从业人员的职业能力要求很高。职业能力包括举止行为和眼科产品知识的专业。举止行为的专业包括良好的外观形象、接人待物、沟通技巧等。眼科产品知识的专业包括对于医学基础知识、眼科基础知识和眼科疾病的基础知识，以及Y公司产品在这些疾病的诊疗过程中时怎样发挥作用的，其原理是什么等。具备高水平职能力的员工在给客户服务的过程中，会让客户对公司产生更大的信任。同时需要培养员工的主人翁意识，特别是省区经理以上的管理层，需要提高他们的责任心和领导能力，确保公司的营销策略得到良好的执行，推进公司业务正常开展。正如学者王琪（2022）在其研究中所指出的，增强员工责任心、提高员工执行力，对于医疗器械生产企业非常重要。员工的责任心是确保企业正常运营和产品质量的关键因素[]。
段落样式: 正文-缩进
从样式获取的格式:
  样式字体: 未设置
  样式字号: 未设置
  样式颜色: 未设置
对齐方式: 未设置
左缩进: 未设置
右缩进: 未设置
首行缩进: 未设置
行间距: 未设置
从XML读取的格式:
  运行 1: '眼科医疗销售行业对于从业人员的'
    字体: 未设置
    大小: 未设置
    粗体: 未设置
    斜体: 未设置
    下划线: 未设置
    标准颜色: 未设置
  运行 2: '职业'
    字体: 未设置
    大小: 未设置
    粗体: 未设置
    斜体: 未设置
    下划线: 未设置
    标准颜色: 未设置
  运行 3: '能力要求很高。职'
    字体: 未设置
    大小: 未设置
    粗体: 未设置
    斜体: 未设置
    下划线: 未设置
    标准颜色: 未设置
  运行 4: '业'
    字体: 未设置
    大小: 未设置
    粗体: 未设置
    斜体: 未设置
    下划线: 未设置
    标准颜色: 未设置
  运行 5: '能力包括举止行为'
    字体: 未设置
    大小: 未设置
    粗体: 未设置
    斜体: 未设置
    下划线: 未设置
    标准颜色: 未设置
  运行 6: '和'
    字体: 未设置
    大小: 未设置
    粗体: 未设置
    斜体: 未设置
    下划线: 未设置
    标准颜色: 未设置
  运行 7: '眼科产品知识的专业。举止行为的专业包括良好的外观形象、接人待物、沟通技巧等。眼科产品知识的专业包括对于医学基础知识、眼科基础知识和眼科疾病的基础知识，以及'
    字体: 未设置
    大小: 未设置
    粗体: 未设置
    斜体: 未设置
    下划线: 未设置
    标准颜色: 未设置
  运行 8: 'Y'
    字体: 未设置
    大小: 未设置
    粗体: 未设置
    斜体: 未设置
    下划线: 未设置
    标准颜色: 未设置
  运行 9: '公司产品在这些疾病的诊疗过程中时怎样发挥作用的，其原理是什么等。具备高水平职能力的员工在给客户服务的过程中，会让客户对公司产生更大的'
    字体: 未设置
    大小: 未设置
    粗体: 未设置
    斜体: 未设置
    下划线: 未设置
    标准颜色: 未设置
  运行 10: '信任'
    字体: 未设置
    大小: 未设置
    粗体: 未设置
    斜体: 未设置
    下划线: 未设置
    标准颜色: 未设置
  运行 11: '。'
    字体: 未设置
    大小: 未设置
    粗体: 未设置
    斜体: 未设置
    下划线: 未设置
    标准颜色: 未设置
  运行 12: '同时需要培养员工的主人翁意识，特别是省区经理以上的管理层，需要提高他们的责任心和领导能力，确保公司的营销策略得到良好的执行，推进公'
    字体: 未设置
    大小: 未设置
    粗体: 未设置
    斜体: 未设置
    下划线: 未设置
    标准颜色: 未设置
  运行 13: '司业务正常开展。'
    字体: 未设置
    大小: 未设置
    粗体: 未设置
    斜体: 未设置
    下划线: 未设置
    标准颜色: 未设置
  运行 14: '正如学者王琪'
    字体: 未设置
    大小: 未设置
    粗体: 未设置
    斜体: 未设置
    下划线: 未设置
    标准颜色: 未设置
  运行 15: '（'
    字体: 未设置
    大小: 未设置
    粗体: 未设置
    斜体: 未设置
    下划线: 未设置
    标准颜色: 未设置
  运行 16: '2022'
    字体: 未设置
    大小: 未设置
    粗体: 未设置
    斜体: 未设置
    下划线: 未设置
    标准颜色: 未设置
  运行 17: '）'
    字体: 未设置
    大小: 未设置
    粗体: 未设置
    斜体: 未设置
    下划线: 未设置
    标准颜色: 未设置
  运行 18: '在其研究中'
    字体: 未设置
    大小: 未设置
    粗体: 未设置
    斜体: 未设置
    下划线: 未设置
    标准颜色: 未设置
  运行 19: '所指出的，增强'
    字体: 未设置
    大小: 未设置
    粗体: 未设置
    斜体: 未设置
    下划线: 未设置
    标准颜色: 未设置
  运行 20: '员工责任心'
    字体: 未设置
    大小: 未设置
    粗体: 未设置
    斜体: 未设置
    下划线: 未设置
    标准颜色: 未设置
  运行 21: '、'
    字体: 未设置
    大小: 未设置
    粗体: 未设置
    斜体: 未设置
    下划线: 未设置
    标准颜色: 未设置
  运行 22: '提高员工'
    字体: 未设置
    大小: 未设置
    粗体: 未设置
    斜体: 未设置
    下划线: 未设置
    标准颜色: 未设置
  运行 23: '执行力'
    字体: 未设置
    大小: 未设置
    粗体: 未设置
    斜体: 未设置
    下划线: 未设置
    标准颜色: 未设置
  运行 24: '，'
    字体: 未设置
    大小: 未设置
    粗体: 未设置
    斜体: 未设置
    下划线: 未设置
    标准颜色: 未设置
  运行 25: '对于医疗器械生产企业非常'
    字体: 未设置
    大小: 未设置
    粗体: 未设置
    斜体: 未设置
    下划线: 未设置
    标准颜色: 未设置
  运行 26: '重要。员工的责任心是确保企业正常运营和产品质量的关'
    字体: 未设置
    大小: 未设置
    粗体: 未设置
    斜体: 未设置
    下划线: 未设置
    标准颜色: 未设置
  运行 27: '键因素'
    字体: 未设置
    大小: 未设置
    粗体: 未设置
    斜体: 未设置
    下划线: 未设置
    标准颜色: 未设置
  运行 28: '['
    字体: 未设置
    大小: 未设置
    粗体: 未设置
    斜体: 未设置
    下划线: 未设置
    标准颜色: 未设置
  运行 29: ''
    字体: 未设置
    大小: 未设置
    粗体: 未设置
    斜体: 未设置
    下划线: 未设置
    标准颜色: 未设置
  运行 30: ']'
    字体: 未设置
    大小: 未设置
    粗体: 未设置
    斜体: 未设置
    下划线: 未设置
    标准颜色: 未设置
  运行 31: '。'
    字体: 未设置
    大小: 未设置
    粗体: 未设置
    斜体: 未设置
    下划线: 未设置
    标准颜色: 未设置

段落 1005:
文本内容: 医疗器械直接关系到人们的健康和生命安全，任何疏忽都可能导致严重的后果。管理者需要通过建立有效的激励机制、培训体系和安全文化，来激发员工的责任心，提高他们的执行力，确保Y公司能够持续稳定地提供高质量的产品和服务。通过这样的管理实践，可以降低潜在的安全风险，保障企业的长期发展和市场竞争力。
段落样式: 正文-缩进
从样式获取的格式:
  样式字体: 未设置
  样式字号: 未设置
  样式颜色: 未设置
对齐方式: 未设置
左缩进: 未设置
右缩进: 未设置
首行缩进: 未设置
行间距: 未设置
从XML读取的格式:
  运行 1: '医疗器械直接关系到人们的健康和生命安全，任何疏忽都可能导致严重的后果。管理者需要通过建立有效的激励机制、培训体系和安全文化，来激发员工的责任心，提高他们的执行力，确保'
    字体: 未设置
    大小: 未设置
    粗体: 未设置
    斜体: 未设置
    下划线: 未设置
    标准颜色: 未设置
  运行 2: 'Y'
    字体: 未设置
    大小: 未设置
    粗体: 未设置
    斜体: 未设置
    下划线: 未设置
    标准颜色: 未设置
  运行 3: '公司'
    字体: 未设置
    大小: 未设置
    粗体: 未设置
    斜体: 未设置
    下划线: 未设置
    标准颜色: 未设置
  运行 4: '能够持续稳定地提供高质量的产品和服务。通过这样的管理实践，可以降低潜在的安全风险，保障企业的长期发展和市场竞争力。'
    字体: 未设置
    大小: 未设置
    粗体: 未设置
    斜体: 未设置
    下划线: 未设置
    标准颜色: 未设置

段落 1006:
文本内容: 客户关系维护
段落样式: Heading 4
从样式获取的格式:
  样式字体: 未设置
  样式字号: 未设置
  样式颜色: 未设置
对齐方式: 未设置
左缩进: 未设置
右缩进: 未设置
首行缩进: 未设置
行间距: 未设置
从XML读取的格式:
  运行 1: '客户关系维护'
    字体: 未设置
    大小: 未设置
    粗体: 未设置
    斜体: 未设置
    下划线: 未设置
    标准颜色: 未设置

段落 1007:
文本内容: 由于眼科设备特殊性，其采购周期较长，少则一年，多则两到三年。因此需要Y公司人员或代理商保持一定的拜访频率来维持客户关系。客户关系维护有很多方法，日常拜访是最常见的一种。为了加强与终端医疗机构的沟通与交流，Y公司需要采取多维度的策略来应对当前的挑战和机遇。虽然医生是产品的直接使用者，但产品的入院权分散在设备科、分管副院长，以及设备采购院务会委员。公司应该通过加强与医疗机构的各相关部门沟通，充分展现公司的综合实力和产品的优越性能，以此证明Y公司能够为医院和患者提供更优质的产品和服务。
段落样式: 正文-缩进
从样式获取的格式:
  样式字体: 未设置
  样式字号: 未设置
  样式颜色: 未设置
对齐方式: 未设置
左缩进: 未设置
右缩进: 未设置
首行缩进: 未设置
行间距: 未设置
从XML读取的格式:
  运行 1: '由于眼科设备特殊性，其采购周期较长，少则一年，多则两到三年。因此需要'
    字体: 未设置
    大小: 未设置
    粗体: 未设置
    斜体: 未设置
    下划线: 未设置
    标准颜色: 未设置
  运行 2: 'Y'
    字体: 未设置
    大小: 未设置
    粗体: 未设置
    斜体: 未设置
    下划线: 未设置
    标准颜色: 未设置
  运行 3: '公司人员或代理商保持一定的拜访频率来维持客户关系。客户关系维护有很多方法，日常拜访是最常见的一种。为了加强与终端医疗机构的沟通与交流，'
    字体: 未设置
    大小: 未设置
    粗体: 未设置
    斜体: 未设置
    下划线: 未设置
    标准颜色: 未设置
  运行 4: 'Y'
    字体: 未设置
    大小: 未设置
    粗体: 未设置
    斜体: 未设置
    下划线: 未设置
    标准颜色: 未设置
  运行 5: '公司需要采取多维度的策略来应对当前的挑战和机遇。虽然医生是产品的直接使用者，但产品的入院权'
    字体: 未设置
    大小: 未设置
    粗体: 未设置
    斜体: 未设置
    下划线: 未设置
    标准颜色: 未设置
  运行 6: '分散在设备科、分管副院长，以及'
    字体: 未设置
    大小: 未设置
    粗体: 未设置
    斜体: 未设置
    下划线: 未设置
    标准颜色: 未设置
  运行 7: '设备'
    字体: 未设置
    大小: 未设置
    粗体: 未设置
    斜体: 未设置
    下划线: 未设置
    标准颜色: 未设置
  运行 8: '采购院务会'
    字体: 未设置
    大小: 未设置
    粗体: 未设置
    斜体: 未设置
    下划线: 未设置
    标准颜色: 未设置
  运行 9: '委员。公司应该通过加强与医疗机构'
    字体: 未设置
    大小: 未设置
    粗体: 未设置
    斜体: 未设置
    下划线: 未设置
    标准颜色: 未设置
  运行 10: '的各相关部门'
    字体: 未设置
    大小: 未设置
    粗体: 未设置
    斜体: 未设置
    下划线: 未设置
    标准颜色: 未设置
  运行 11: '沟通，充分展现公司的'
    字体: 未设置
    大小: 未设置
    粗体: 未设置
    斜体: 未设置
    下划线: 未设置
    标准颜色: 未设置
  运行 12: '综合'
    字体: 未设置
    大小: 未设置
    粗体: 未设置
    斜体: 未设置
    下划线: 未设置
    标准颜色: 未设置
  运行 13: '实力和'
    字体: 未设置
    大小: 未设置
    粗体: 未设置
    斜体: 未设置
    下划线: 未设置
    标准颜色: 未设置
  运行 14: '产品的优越性能'
    字体: 未设置
    大小: 未设置
    粗体: 未设置
    斜体: 未设置
    下划线: 未设置
    标准颜色: 未设置
  运行 15: '，以此证明'
    字体: 未设置
    大小: 未设置
    粗体: 未设置
    斜体: 未设置
    下划线: 未设置
    标准颜色: 未设置
  运行 16: 'Y'
    字体: 未设置
    大小: 未设置
    粗体: 未设置
    斜体: 未设置
    下划线: 未设置
    标准颜色: 未设置
  运行 17: '公司'
    字体: 未设置
    大小: 未设置
    粗体: 未设置
    斜体: 未设置
    下划线: 未设置
    标准颜色: 未设置
  运行 18: '能够为医院和患者提供更优质的'
    字体: 未设置
    大小: 未设置
    粗体: 未设置
    斜体: 未设置
    下划线: 未设置
    标准颜色: 未设置
  运行 19: '产品和'
    字体: 未设置
    大小: 未设置
    粗体: 未设置
    斜体: 未设置
    下划线: 未设置
    标准颜色: 未设置
  运行 20: '服务。'
    字体: 未设置
    大小: 未设置
    粗体: 未设置
    斜体: 未设置
    下划线: 未设置
    标准颜色: 未设置

段落 1008:
文本内容: 还可以通过邀请客户参加眼科学术会议，例如在全国眼科年会，或省内眼科学术会议等，让客户清晰的认识到Y公司在眼科领域市场份额与口碑。良好客户关系的维护可以让客户对Y公司员工和代理商员工建立信任，为设备购买打下基础。公司还应该积极探索学术合作，参与到医科大学或各眼科研究院所创新发展项目，提供设备样机支持等，这不仅能够加强关系营销，还能展示公司在行业内的创新能力和合作精神。通过这些合作项目，公司可以更好地了解医疗机构的需求，从而提供更加精准的解决方案。
段落样式: 正文-缩进
从样式获取的格式:
  样式字体: 未设置
  样式字号: 未设置
  样式颜色: 未设置
对齐方式: 未设置
左缩进: 未设置
右缩进: 未设置
首行缩进: 未设置
行间距: 未设置
从XML读取的格式:
  运行 1: '还可以通过邀请客户参加'
    字体: 未设置
    大小: 未设置
    粗体: 未设置
    斜体: 未设置
    下划线: 未设置
    标准颜色: 未设置
  运行 2: '眼科'
    字体: 未设置
    大小: 未设置
    粗体: 未设置
    斜体: 未设置
    下划线: 未设置
    标准颜色: 未设置
  运行 3: '学术会议，例如在全国'
    字体: 未设置
    大小: 未设置
    粗体: 未设置
    斜体: 未设置
    下划线: 未设置
    标准颜色: 未设置
  运行 4: '眼科年会，'
    字体: 未设置
    大小: 未设置
    粗体: 未设置
    斜体: 未设置
    下划线: 未设置
    标准颜色: 未设置
  运行 5: '或省内'
    字体: 未设置
    大小: 未设置
    粗体: 未设置
    斜体: 未设置
    下划线: 未设置
    标准颜色: 未设置
  运行 6: '眼科'
    字体: 未设置
    大小: 未设置
    粗体: 未设置
    斜体: 未设置
    下划线: 未设置
    标准颜色: 未设置
  运行 7: '学术会议等'
    字体: 未设置
    大小: 未设置
    粗体: 未设置
    斜体: 未设置
    下划线: 未设置
    标准颜色: 未设置
  运行 8: '，让客户清晰的认识到'
    字体: 未设置
    大小: 未设置
    粗体: 未设置
    斜体: 未设置
    下划线: 未设置
    标准颜色: 未设置
  运行 9: 'Y'
    字体: 未设置
    大小: 未设置
    粗体: 未设置
    斜体: 未设置
    下划线: 未设置
    标准颜色: 未设置
  运行 10: '公司在眼科领域市场份额'
    字体: 未设置
    大小: 未设置
    粗体: 未设置
    斜体: 未设置
    下划线: 未设置
    标准颜色: 未设置
  运行 11: '与口碑'
    字体: 未设置
    大小: 未设置
    粗体: 未设置
    斜体: 未设置
    下划线: 未设置
    标准颜色: 未设置
  运行 12: '。'
    字体: 未设置
    大小: 未设置
    粗体: 未设置
    斜体: 未设置
    下划线: 未设置
    标准颜色: 未设置
  运行 13: '良好'
    字体: 未设置
    大小: 未设置
    粗体: 未设置
    斜体: 未设置
    下划线: 未设置
    标准颜色: 未设置
  运行 14: '客户关系'
    字体: 未设置
    大小: 未设置
    粗体: 未设置
    斜体: 未设置
    下划线: 未设置
    标准颜色: 未设置
  运行 15: '的'
    字体: 未设置
    大小: 未设置
    粗体: 未设置
    斜体: 未设置
    下划线: 未设置
    标准颜色: 未设置
  运行 16: '维护可以让客户对'
    字体: 未设置
    大小: 未设置
    粗体: 未设置
    斜体: 未设置
    下划线: 未设置
    标准颜色: 未设置
  运行 17: 'Y'
    字体: 未设置
    大小: 未设置
    粗体: 未设置
    斜体: 未设置
    下划线: 未设置
    标准颜色: 未设置
  运行 18: '公司员工和代理商员工建立信任，为设备购买打下基础。公'
    字体: 未设置
    大小: 未设置
    粗体: 未设置
    斜体: 未设置
    下划线: 未设置
    标准颜色: 未设置
  运行 19: '司还应该积极探索'
    字体: 未设置
    大小: 未设置
    粗体: 未设置
    斜体: 未设置
    下划线: 未设置
    标准颜色: 未设置
  运行 20: '学术'
    字体: 未设置
    大小: 未设置
    粗体: 未设置
    斜体: 未设置
    下划线: 未设置
    标准颜色: 未设置
  运行 21: '合作'
    字体: 未设置
    大小: 未设置
    粗体: 未设置
    斜体: 未设置
    下划线: 未设置
    标准颜色: 未设置
  运行 22: '，'
    字体: 未设置
    大小: 未设置
    粗体: 未设置
    斜体: 未设置
    下划线: 未设置
    标准颜色: 未设置
  运行 23: '参与到医科大学或'
    字体: 未设置
    大小: 未设置
    粗体: 未设置
    斜体: 未设置
    下划线: 未设置
    标准颜色: 未设置
  运行 24: '各'
    字体: 未设置
    大小: 未设置
    粗体: 未设置
    斜体: 未设置
    下划线: 未设置
    标准颜色: 未设置
  运行 25: '眼科'
    字体: 未设置
    大小: 未设置
    粗体: 未设置
    斜体: 未设置
    下划线: 未设置
    标准颜色: 未设置
  运行 26: '研究院所创新发展项目，'
    字体: 未设置
    大小: 未设置
    粗体: 未设置
    斜体: 未设置
    下划线: 未设置
    标准颜色: 未设置
  运行 27: '提供设备样机支持等，'
    字体: 未设置
    大小: 未设置
    粗体: 未设置
    斜体: 未设置
    下划线: 未设置
    标准颜色: 未设置
  运行 28: '这不仅能够加强'
    字体: 未设置
    大小: 未设置
    粗体: 未设置
    斜体: 未设置
    下划线: 未设置
    标准颜色: 未设置
  运行 29: '关系'
    字体: 未设置
    大小: 未设置
    粗体: 未设置
    斜体: 未设置
    下划线: 未设置
    标准颜色: 未设置
  运行 30: '营销，还能展示公司在行业内的创新能力和合作精神。通过这些合作项目，公司可以更好地了解医疗机构的需求，从而提供更加精准的解决方案。'
    字体: 未设置
    大小: 未设置
    粗体: 未设置
    斜体: 未设置
    下划线: 未设置
    标准颜色: 未设置

段落 1009:
文本内容: Y公司还需要加强与政府管辖市场准入部门的沟通交流。由于采购价格和市场准入主要由政府招标部门主导，公司应该积极参与到政策制定和准入互动的工作中。这包括了解招标文件的制定过程、基础数据的汇总以及各地市医管局对执行情况的监督。在这个过程中，公司应该认真开展与职能机构的有效沟通，了解影响眼科产品市场营销的多种因素，如市场准入、政府职能部门的执行监督和医保资金拨付等。通过这些沟通，Y公司可以进一步调整公司的价格策略、渠道结构等方面，积极主动地与医疗体系改革相适应。
段落样式: 正文-缩进
从样式获取的格式:
  样式字体: 未设置
  样式字号: 未设置
  样式颜色: 未设置
对齐方式: 未设置
左缩进: 未设置
右缩进: 未设置
首行缩进: 未设置
行间距: 未设置
从XML读取的格式:
  运行 1: 'Y'
    字体: 未设置
    大小: 未设置
    粗体: 未设置
    斜体: 未设置
    下划线: 未设置
    标准颜色: 未设置
  运行 2: '公司'
    字体: 未设置
    大小: 未设置
    粗体: 未设置
    斜体: 未设置
    下划线: 未设置
    标准颜色: 未设置
  运行 3: '还'
    字体: 未设置
    大小: 未设置
    粗体: 未设置
    斜体: 未设置
    下划线: 未设置
    标准颜色: 未设置
  运行 4: '需要加强与政府管辖市场准入部门的沟通交流。由于采购价格和市场准入主要由政府招标部门主导，公司应该积极参与到政策制定和准入互动的工作中。这包括了解招标文件的制定过程、基础数据的汇总以及各地市医管局对执行情况的监督。在这个过程中，公司应该认真开展与职能机构的有效沟通，了解影响眼科产品市场营销的多种因素，如市场准入、政府职能部门的执行监督和医保资金拨付等。通过这些沟通，'
    字体: 未设置
    大小: 未设置
    粗体: 未设置
    斜体: 未设置
    下划线: 未设置
    标准颜色: 未设置
  运行 5: 'Y'
    字体: 未设置
    大小: 未设置
    粗体: 未设置
    斜体: 未设置
    下划线: 未设置
    标准颜色: 未设置
  运行 6: '公司可以进一步调整公司的价格策略、渠道结构等方面，积极主动地与医疗体系改革相适应。'
    字体: 未设置
    大小: 未设置
    粗体: 未设置
    斜体: 未设置
    下划线: 未设置
    标准颜色: 未设置

段落 1010:
文本内容: 价值需求匹配
段落样式: Heading 4
从样式获取的格式:
  样式字体: 未设置
  样式字号: 未设置
  样式颜色: 未设置
对齐方式: 未设置
左缩进: 未设置
右缩进: 未设置
首行缩进: 未设置
行间距: 未设置
从XML读取的格式:
  运行 1: '价值需求匹配'
    字体: 未设置
    大小: 未设置
    粗体: 未设置
    斜体: 未设置
    下划线: 未设置
    标准颜色: 未设置

段落 1011:
文本内容: 价值需求匹配是一个重要的概念，它涉及到产品或服务所提供的价值与消费者或市场需求之间的契合程度。价值需求匹配是指产品或服务所具备的价值特性与消费者或市场的实际需求相一致，从而实现双方的共赢。
段落样式: 正文-缩进
从样式获取的格式:
  样式字体: 未设置
  样式字号: 未设置
  样式颜色: 未设置
对齐方式: 未设置
左缩进: 未设置
右缩进: 未设置
首行缩进: 未设置
行间距: 未设置
从XML读取的格式:
  运行 1: '价值需求匹配是一个重要的概念，它涉及到产品或服务所提供的价值与消费者或市场需求之间的契合程度。价值需求匹配是指产品或服务所具备的价值特性与消费者或市场的实际需求相一致，从而实现双方的共赢。'
    字体: 未设置
    大小: 未设置
    粗体: 未设置
    斜体: 未设置
    下划线: 未设置
    标准颜色: 未设置

段落 1012:
文本内容: 客户提出的要求背后的真实需要，是需要Y公司和代理商去探寻和挖掘的。发掘并满足客户的真实需求，需要Y公司和代理商一起分工合作，通过实现价值需求匹配，Y公司可以更好地满足医疗机构等客户的需求，提高市场竞争力，实现可持续发展。医疗机构等客户也能获得更符合其期望的产品和服务，实现双赢的局面。
段落样式: 正文-缩进
从样式获取的格式:
  样式字体: 未设置
  样式字号: 未设置
  样式颜色: 未设置
对齐方式: 未设置
左缩进: 未设置
右缩进: 未设置
首行缩进: 未设置
行间距: 未设置
从XML读取的格式:
  运行 1: '客户提出的要求背后的真实需要，是需要'
    字体: 未设置
    大小: 未设置
    粗体: 未设置
    斜体: 未设置
    下划线: 未设置
    标准颜色: 未设置
  运行 2: 'Y'
    字体: 未设置
    大小: 未设置
    粗体: 未设置
    斜体: 未设置
    下划线: 未设置
    标准颜色: 未设置
  运行 3: '公司和代理商去探寻和挖掘的。发掘并满足客户的真实需求，需要'
    字体: 未设置
    大小: 未设置
    粗体: 未设置
    斜体: 未设置
    下划线: 未设置
    标准颜色: 未设置
  运行 4: 'Y'
    字体: 未设置
    大小: 未设置
    粗体: 未设置
    斜体: 未设置
    下划线: 未设置
    标准颜色: 未设置
  运行 5: '公司和代理商一起分工合作，'
    字体: 未设置
    大小: 未设置
    粗体: 未设置
    斜体: 未设置
    下划线: 未设置
    标准颜色: 未设置
  运行 6: '通过实现价值需求匹配，'
    字体: 未设置
    大小: 未设置
    粗体: 未设置
    斜体: 未设置
    下划线: 未设置
    标准颜色: 未设置
  运行 7: 'Y'
    字体: 未设置
    大小: 未设置
    粗体: 未设置
    斜体: 未设置
    下划线: 未设置
    标准颜色: 未设置
  运行 8: '公司'
    字体: 未设置
    大小: 未设置
    粗体: 未设置
    斜体: 未设置
    下划线: 未设置
    标准颜色: 未设置
  运行 9: '可以更好地满足'
    字体: 未设置
    大小: 未设置
    粗体: 未设置
    斜体: 未设置
    下划线: 未设置
    标准颜色: 未设置
  运行 10: '医疗机构等客户'
    字体: 未设置
    大小: 未设置
    粗体: 未设置
    斜体: 未设置
    下划线: 未设置
    标准颜色: 未设置
  运行 11: '的需求，提高市场竞争力，实现可持续发展。'
    字体: 未设置
    大小: 未设置
    粗体: 未设置
    斜体: 未设置
    下划线: 未设置
    标准颜色: 未设置
  运行 12: '医疗机构等'
    字体: 未设置
    大小: 未设置
    粗体: 未设置
    斜体: 未设置
    下划线: 未设置
    标准颜色: 未设置
  运行 13: '客户'
    字体: 未设置
    大小: 未设置
    粗体: 未设置
    斜体: 未设置
    下划线: 未设置
    标准颜色: 未设置
  运行 14: '也能获得更符合其期望的产品'
    字体: 未设置
    大小: 未设置
    粗体: 未设置
    斜体: 未设置
    下划线: 未设置
    标准颜色: 未设置
  运行 15: '和'
    字体: 未设置
    大小: 未设置
    粗体: 未设置
    斜体: 未设置
    下划线: 未设置
    标准颜色: 未设置
  运行 16: '服务，实现双赢的局面。'
    字体: 未设置
    大小: 未设置
    粗体: 未设置
    斜体: 未设置
    下划线: 未设置
    标准颜色: 未设置

段落 1013:
文本内容: 有形展示策略
段落样式: Heading 3
从样式获取的格式:
  样式字体: 未设置
  样式字号: 未设置
  样式颜色: 未设置
对齐方式: 未设置
左缩进: 未设置
右缩进: 未设置
首行缩进: 未设置
行间距: 未设置
从XML读取的格式:
  运行 1: '有形展示策略'
    字体: 未设置
    大小: 未设置
    粗体: 未设置
    斜体: 未设置
    下划线: 未设置
    标准颜色: 未设置
  运行 2: ''
    字体: 未设置
    大小: 未设置
    粗体: 未设置
    斜体: 未设置
    下划线: 未设置
    标准颜色: 未设置
  运行 3: ''
    字体: 未设置
    大小: 未设置
    粗体: 未设置
    斜体: 未设置
    下划线: 未设置
    标准颜色: 未设置
  运行 4: ''
    字体: 未设置
    大小: 未设置
    粗体: 未设置
    斜体: 未设置
    下划线: 未设置
    标准颜色: 未设置
  运行 5: ''
    字体: 未设置
    大小: 未设置
    粗体: 未设置
    斜体: 未设置
    下划线: 未设置
    标准颜色: 未设置
  运行 6: ''
    字体: 未设置
    大小: 未设置
    粗体: 未设置
    斜体: 未设置
    下划线: 未设置
    标准颜色: 未设置
  运行 7: ''
    字体: 未设置
    大小: 未设置
    粗体: 未设置
    斜体: 未设置
    下划线: 未设置
    标准颜色: 未设置
  运行 8: ''
    字体: 未设置
    大小: 未设置
    粗体: 未设置
    斜体: 未设置
    下划线: 未设置
    标准颜色: 未设置
  运行 9: ''
    字体: 未设置
    大小: 未设置
    粗体: 未设置
    斜体: 未设置
    下划线: 未设置
    标准颜色: 未设置

段落 1014:
文本内容: 对于Y公司而言，Y公司作为一家专业的眼科设备代理商，其有形展示的内容有很多，主要是公司环境、实体产品、品牌形象、专业人员、宣传材料以及售前售后设备展示。这些有形展示在市场推广和服务提供中起到了至关重要的作用。现择其重点详细优化。
段落样式: 正文-缩进
从样式获取的格式:
  样式字体: 未设置
  样式字号: 未设置
  样式颜色: 未设置
对齐方式: 未设置
左缩进: 未设置
右缩进: 未设置
首行缩进: 未设置
行间距: 未设置
从XML读取的格式:
  运行 1: '对于'
    字体: 未设置
    大小: 未设置
    粗体: 未设置
    斜体: 未设置
    下划线: 未设置
    标准颜色: 未设置
  运行 2: 'Y'
    字体: 未设置
    大小: 未设置
    粗体: 未设置
    斜体: 未设置
    下划线: 未设置
    标准颜色: 未设置
  运行 3: '公司而言'
    字体: 未设置
    大小: 未设置
    粗体: 未设置
    斜体: 未设置
    下划线: 未设置
    标准颜色: 未设置
  运行 4: '，'
    字体: 未设置
    大小: 未设置
    粗体: 未设置
    斜体: 未设置
    下划线: 未设置
    标准颜色: 未设置
  运行 5: 'Y'
    字体: 未设置
    大小: 未设置
    粗体: 未设置
    斜体: 未设置
    下划线: 未设置
    标准颜色: 未设置
  运行 6: '公司'
    字体: 未设置
    大小: 未设置
    粗体: 未设置
    斜体: 未设置
    下划线: 未设置
    标准颜色: 未设置
  运行 7: '作为一家专业的眼科设备'
    字体: 未设置
    大小: 未设置
    粗体: 未设置
    斜体: 未设置
    下划线: 未设置
    标准颜色: 未设置
  运行 8: '代理'
    字体: 未设置
    大小: 未设置
    粗体: 未设置
    斜体: 未设置
    下划线: 未设置
    标准颜色: 未设置
  运行 9: '商'
    字体: 未设置
    大小: 未设置
    粗体: 未设置
    斜体: 未设置
    下划线: 未设置
    标准颜色: 未设置
  运行 10: '，其有形展示'
    字体: 未设置
    大小: 未设置
    粗体: 未设置
    斜体: 未设置
    下划线: 未设置
    标准颜色: 未设置
  运行 11: '的内容有很多，主要是公司环境、实体产品、品牌形象、专业人员、宣传材料以及售'
    字体: 未设置
    大小: 未设置
    粗体: 未设置
    斜体: 未设置
    下划线: 未设置
    标准颜色: 未设置
  运行 12: '前售'
    字体: 未设置
    大小: 未设置
    粗体: 未设置
    斜体: 未设置
    下划线: 未设置
    标准颜色: 未设置
  运行 13: '后'
    字体: 未设置
    大小: 未设置
    粗体: 未设置
    斜体: 未设置
    下划线: 未设置
    标准颜色: 未设置
  运行 14: '设备'
    字体: 未设置
    大小: 未设置
    粗体: 未设置
    斜体: 未设置
    下划线: 未设置
    标准颜色: 未设置
  运行 15: '展示。这些有形展示'
    字体: 未设置
    大小: 未设置
    粗体: 未设置
    斜体: 未设置
    下划线: 未设置
    标准颜色: 未设置
  运行 16: '在市场推广和服务提供中起到了至关重要的作用。'
    字体: 未设置
    大小: 未设置
    粗体: 未设置
    斜体: 未设置
    下划线: 未设置
    标准颜色: 未设置
  运行 17: '现择其重点详细优化。'
    字体: 未设置
    大小: 未设置
    粗体: 未设置
    斜体: 未设置
    下划线: 未设置
    标准颜色: 未设置

段落 1015:
文本内容: 专业展会与展览
段落样式: Heading 4
从样式获取的格式:
  样式字体: 未设置
  样式字号: 未设置
  样式颜色: 未设置
对齐方式: 未设置
左缩进: 未设置
右缩进: 未设置
首行缩进: 未设置
行间距: 未设置
从XML读取的格式:
  运行 1: '专业展会与展览'
    字体: 未设置
    大小: 未设置
    粗体: 未设置
    斜体: 未设置
    下划线: 未设置
    标准颜色: 未设置

段落 1016:
文本内容: Y公司应积极参与国内外的眼科专业展会和展览，包括国际眼科展会、国内眼科展会以及每个省区眼科年会。通过搭建专业的展示台，将公司的重点眼科产品以实物形式进行展示。通过积极参与展会，在展会上设置专业的临床应用专员，为参观者提供详细的设备介绍和操作演示，使潜在客户能够直观地了解公司产品的特点和优势，增加采购意向。对于客户感兴趣的产品，可以准备相应的彩页、品牌提示物、有品牌或者设备logo的宣传袋等礼品赠与客户，同时留下客户基本信息，传递给当区的业务，进行会后跟进，促进生意的完成。
段落样式: 正文-缩进
从样式获取的格式:
  样式字体: 未设置
  样式字号: 未设置
  样式颜色: 未设置
对齐方式: 未设置
左缩进: 未设置
右缩进: 未设置
首行缩进: 未设置
行间距: 未设置
从XML读取的格式:
  运行 1: 'Y'
    字体: 未设置
    大小: 未设置
    粗体: 未设置
    斜体: 未设置
    下划线: 未设置
    标准颜色: 未设置
  运行 2: '公司应积极参与国内外的眼科专业展会和展览，'
    字体: 未设置
    大小: 未设置
    粗体: 未设置
    斜体: 未设置
    下划线: 未设置
    标准颜色: 未设置
  运行 3: '包括国际眼科展会、国内眼科展会以及每个省区眼科年会。'
    字体: 未设置
    大小: 未设置
    粗体: 未设置
    斜体: 未设置
    下划线: 未设置
    标准颜色: 未设置
  运行 4: '通过搭建专业的展示台，将'
    字体: 未设置
    大小: 未设置
    粗体: 未设置
    斜体: 未设置
    下划线: 未设置
    标准颜色: 未设置
  运行 5: '公司'
    字体: 未设置
    大小: 未设置
    粗体: 未设置
    斜体: 未设置
    下划线: 未设置
    标准颜色: 未设置
  运行 6: '的'
    字体: 未设置
    大小: 未设置
    粗体: 未设置
    斜体: 未设置
    下划线: 未设置
    标准颜色: 未设置
  运行 7: '重点'
    字体: 未设置
    大小: 未设置
    粗体: 未设置
    斜体: 未设置
    下划线: 未设置
    标准颜色: 未设置
  运行 8: '眼科'
    字体: 未设置
    大小: 未设置
    粗体: 未设置
    斜体: 未设置
    下划线: 未设置
    标准颜色: 未设置
  运行 9: '产品'
    字体: 未设置
    大小: 未设置
    粗体: 未设置
    斜体: 未设置
    下划线: 未设置
    标准颜色: 未设置
  运行 10: '以实物形式进行展示。'
    字体: 未设置
    大小: 未设置
    粗体: 未设置
    斜体: 未设置
    下划线: 未设置
    标准颜色: 未设置
  运行 11: '通过积极参与展会，'
    字体: 未设置
    大小: 未设置
    粗体: 未设置
    斜体: 未设置
    下划线: 未设置
    标准颜色: 未设置
  运行 12: '在展会上设置专业的'
    字体: 未设置
    大小: 未设置
    粗体: 未设置
    斜体: 未设置
    下划线: 未设置
    标准颜色: 未设置
  运行 13: '临床应用专员'
    字体: 未设置
    大小: 未设置
    粗体: 未设置
    斜体: 未设置
    下划线: 未设置
    标准颜色: 未设置
  运行 14: '，为参'
    字体: 未设置
    大小: 未设置
    粗体: 未设置
    斜体: 未设置
    下划线: 未设置
    标准颜色: 未设置
  运行 15: '观者提供详细的设备介绍和操作演示，使潜在客户能够直观地了解公司产品的特点和优势'
    字体: 未设置
    大小: 未设置
    粗体: 未设置
    斜体: 未设置
    下划线: 未设置
    标准颜色: 未设置
  运行 16: '，增加采购意向'
    字体: 未设置
    大小: 未设置
    粗体: 未设置
    斜体: 未设置
    下划线: 未设置
    标准颜色: 未设置
  运行 17: '。'
    字体: 未设置
    大小: 未设置
    粗体: 未设置
    斜体: 未设置
    下划线: 未设置
    标准颜色: 未设置
  运行 18: '对于客户感兴趣的产品，可以准备相应的彩页、品牌提示物、有品牌或者设备'
    字体: 未设置
    大小: 未设置
    粗体: 未设置
    斜体: 未设置
    下划线: 未设置
    标准颜色: 未设置
  运行 19: 'logo'
    字体: 未设置
    大小: 未设置
    粗体: 未设置
    斜体: 未设置
    下划线: 未设置
    标准颜色: 未设置
  运行 20: '的'
    字体: 未设置
    大小: 未设置
    粗体: 未设置
    斜体: 未设置
    下划线: 未设置
    标准颜色: 未设置
  运行 21: '宣传'
    字体: 未设置
    大小: 未设置
    粗体: 未设置
    斜体: 未设置
    下划线: 未设置
    标准颜色: 未设置
  运行 22: '袋'
    字体: 未设置
    大小: 未设置
    粗体: 未设置
    斜体: 未设置
    下划线: 未设置
    标准颜色: 未设置
  运行 23: '等礼品'
    字体: 未设置
    大小: 未设置
    粗体: 未设置
    斜体: 未设置
    下划线: 未设置
    标准颜色: 未设置
  运行 24: '赠与'
    字体: 未设置
    大小: 未设置
    粗体: 未设置
    斜体: 未设置
    下划线: 未设置
    标准颜色: 未设置
  运行 25: '客户'
    字体: 未设置
    大小: 未设置
    粗体: 未设置
    斜体: 未设置
    下划线: 未设置
    标准颜色: 未设置
  运行 26: '，'
    字体: 未设置
    大小: 未设置
    粗体: 未设置
    斜体: 未设置
    下划线: 未设置
    标准颜色: 未设置
  运行 27: '同时留下客户基本信息，传递给当区的业务，进行会后跟进'
    字体: 未设置
    大小: 未设置
    粗体: 未设置
    斜体: 未设置
    下划线: 未设置
    标准颜色: 未设置
  运行 28: '，促进生意的完成'
    字体: 未设置
    大小: 未设置
    粗体: 未设置
    斜体: 未设置
    下划线: 未设置
    标准颜色: 未设置
  运行 29: '。'
    字体: 未设置
    大小: 未设置
    粗体: 未设置
    斜体: 未设置
    下划线: 未设置
    标准颜色: 未设置

段落 1017:
文本内容: 专业资料与宣传册
段落样式: Heading 4
从样式获取的格式:
  样式字体: 未设置
  样式字号: 未设置
  样式颜色: 未设置
对齐方式: 未设置
左缩进: 未设置
右缩进: 未设置
首行缩进: 未设置
行间距: 未设置
从XML读取的格式:
  运行 1: '专业资料与宣传册'
    字体: 未设置
    大小: 未设置
    粗体: 未设置
    斜体: 未设置
    下划线: 未设置
    标准颜色: 未设置

段落 1018:
文本内容: Y公司应制作专业的产品资料和宣传册，详细介绍眼科设备的性能参数、功能特点、适用范围等信息。这些彩页资料应设计精美、内容详实，能够准确传达公司产品的专业性和优势。销售人员可以带着这些材料去拜访客户，材料应有纸质和电子版两种，并根据客户的需要分发。公司也可以将这些电子版资料放在公司的网址上，使得客户很容易在公司的官方网站、微信公众号等社交媒体等渠道获得。如果有需要可以让业务人员再发微信、电子邮件等给导客户。
段落样式: 正文-缩进
从样式获取的格式:
  样式字体: 未设置
  样式字号: 未设置
  样式颜色: 未设置
对齐方式: 未设置
左缩进: 未设置
右缩进: 未设置
首行缩进: 未设置
行间距: 未设置
从XML读取的格式:
  运行 1: 'Y'
    字体: 未设置
    大小: 未设置
    粗体: 未设置
    斜体: 未设置
    下划线: 未设置
    标准颜色: 未设置
  运行 2: '公司应制作专业的产品资料和宣传册，详细介绍眼科设备的性能参数、功能特点、适用范围等信息。这些'
    字体: 未设置
    大小: 未设置
    粗体: 未设置
    斜体: 未设置
    下划线: 未设置
    标准颜色: 未设置
  运行 3: '彩页'
    字体: 未设置
    大小: 未设置
    粗体: 未设置
    斜体: 未设置
    下划线: 未设置
    标准颜色: 未设置
  运行 4: '资料应设计精美、内容详实，能够准确传达公司产品的专业性和优势。'
    字体: 未设置
    大小: 未设置
    粗体: 未设置
    斜体: 未设置
    下划线: 未设置
    标准颜色: 未设置
  运行 5: '销售人员可以带着这些材料去拜访客户，材料应有纸质和电子版两种'
    字体: 未设置
    大小: 未设置
    粗体: 未设置
    斜体: 未设置
    下划线: 未设置
    标准颜色: 未设置
  运行 6: '，并'
    字体: 未设置
    大小: 未设置
    粗体: 未设置
    斜体: 未设置
    下划线: 未设置
    标准颜色: 未设置
  运行 7: '根据客户的需要分发。'
    字体: 未设置
    大小: 未设置
    粗体: 未设置
    斜体: 未设置
    下划线: 未设置
    标准颜色: 未设置
  运行 8: '公司也'
    字体: 未设置
    大小: 未设置
    粗体: 未设置
    斜体: 未设置
    下划线: 未设置
    标准颜色: 未设置
  运行 9: '可以将这些'
    字体: 未设置
    大小: 未设置
    粗体: 未设置
    斜体: 未设置
    下划线: 未设置
    标准颜色: 未设置
  运行 10: '电子版'
    字体: 未设置
    大小: 未设置
    粗体: 未设置
    斜体: 未设置
    下划线: 未设置
    标准颜色: 未设置
  运行 11: '资料'
    字体: 未设置
    大小: 未设置
    粗体: 未设置
    斜体: 未设置
    下划线: 未设置
    标准颜色: 未设置
  运行 12: '放在公司的网址上，使得客户很容易'
    字体: 未设置
    大小: 未设置
    粗体: 未设置
    斜体: 未设置
    下划线: 未设置
    标准颜色: 未设置
  运行 13: '在公司的'
    字体: 未设置
    大小: 未设置
    粗体: 未设置
    斜体: 未设置
    下划线: 未设置
    标准颜色: 未设置
  运行 14: '官方网站、'
    字体: 未设置
    大小: 未设置
    粗体: 未设置
    斜体: 未设置
    下划线: 未设置
    标准颜色: 未设置
  运行 15: '微信公众号等'
    字体: 未设置
    大小: 未设置
    粗体: 未设置
    斜体: 未设置
    下划线: 未设置
    标准颜色: 未设置
  运行 16: '社交媒体等渠道'
    字体: 未设置
    大小: 未设置
    粗体: 未设置
    斜体: 未设置
    下划线: 未设置
    标准颜色: 未设置
  运行 17: '获得'
    字体: 未设置
    大小: 未设置
    粗体: 未设置
    斜体: 未设置
    下划线: 未设置
    标准颜色: 未设置
  运行 18: '。'
    字体: 未设置
    大小: 未设置
    粗体: 未设置
    斜体: 未设置
    下划线: 未设置
    标准颜色: 未设置
  运行 19: '如果有需要可以让业务人员再发微信、电子邮件等给导客户。'
    字体: 未设置
    大小: 未设置
    粗体: 未设置
    斜体: 未设置
    下划线: 未设置
    标准颜色: 未设置

段落 1019:
文本内容: 医院与诊所实地展示
段落样式: Heading 4
从样式获取的格式:
  样式字体: 未设置
  样式字号: 未设置
  样式颜色: 未设置
对齐方式: 未设置
左缩进: 未设置
右缩进: 未设置
首行缩进: 未设置
行间距: 未设置
从XML读取的格式:
  运行 1: '医院与诊所实地展示'
    字体: 未设置
    大小: 未设置
    粗体: 未设置
    斜体: 未设置
    下划线: 未设置
    标准颜色: 未设置

段落 1020:
文本内容: Y公司还可以与眼科医院、诊所建立合作关系，在其场所内设置尼德克设备的展示区，建立尼德克产品的卓越中心。邀请有购买意向的医院负责人、科室负责人等到卓越中心参观和实际操作，医师可以在实际使用环境中体验设备，了解设备的操作便捷性和治疗效果。对于有特殊要求的医院，Y公司也可将设备运送到该医院进行售前试用，通过市场专业人员的科室会、操作培训等方式，让客户提前感受体验公司设备和服务。通过实地有形展示，可以进一步提升产品的知名度和信任度。
段落样式: 正文-缩进
从样式获取的格式:
  样式字体: 未设置
  样式字号: 未设置
  样式颜色: 未设置
对齐方式: 未设置
左缩进: 未设置
右缩进: 未设置
首行缩进: 未设置
行间距: 未设置
从XML读取的格式:
  运行 1: 'Y'
    字体: 未设置
    大小: 未设置
    粗体: 未设置
    斜体: 未设置
    下划线: 未设置
    标准颜色: 未设置
  运行 2: '公司'
    字体: 未设置
    大小: 未设置
    粗体: 未设置
    斜体: 未设置
    下划线: 未设置
    标准颜色: 未设置
  运行 3: '还'
    字体: 未设置
    大小: 未设置
    粗体: 未设置
    斜体: 未设置
    下划线: 未设置
    标准颜色: 未设置
  运行 4: '可以与眼科医院'
    字体: 未设置
    大小: 未设置
    粗体: 未设置
    斜体: 未设置
    下划线: 未设置
    标准颜色: 未设置
  运行 5: '、'
    字体: 未设置
    大小: 未设置
    粗体: 未设置
    斜体: 未设置
    下划线: 未设置
    标准颜色: 未设置
  运行 6: '诊所建立合作关系，在其场所内设置尼德克设备的展示区'
    字体: 未设置
    大小: 未设置
    粗体: 未设置
    斜体: 未设置
    下划线: 未设置
    标准颜色: 未设置
  运行 7: '，建立尼德克产品的卓越中心。邀请有购买意向的医院'
    字体: 未设置
    大小: 未设置
    粗体: 未设置
    斜体: 未设置
    下划线: 未设置
    标准颜色: 未设置
  运行 8: '负责人'
    字体: 未设置
    大小: 未设置
    粗体: 未设置
    斜体: 未设置
    下划线: 未设置
    标准颜色: 未设置
  运行 9: '、'
    字体: 未设置
    大小: 未设置
    粗体: 未设置
    斜体: 未设置
    下划线: 未设置
    标准颜色: 未设置
  运行 10: '科室负责人等'
    字体: 未设置
    大小: 未设置
    粗体: 未设置
    斜体: 未设置
    下划线: 未设置
    标准颜色: 未设置
  运行 11: '到'
    字体: 未设置
    大小: 未设置
    粗体: 未设置
    斜体: 未设置
    下划线: 未设置
    标准颜色: 未设置
  运行 12: '卓越'
    字体: 未设置
    大小: 未设置
    粗体: 未设置
    斜体: 未设置
    下划线: 未设置
    标准颜色: 未设置
  运行 13: '中心参观和'
    字体: 未设置
    大小: 未设置
    粗体: 未设置
    斜体: 未设置
    下划线: 未设置
    标准颜色: 未设置
  运行 14: '实际'
    字体: 未设置
    大小: 未设置
    粗体: 未设置
    斜体: 未设置
    下划线: 未设置
    标准颜色: 未设置
  运行 15: '操作，医师可以在'
    字体: 未设置
    大小: 未设置
    粗体: 未设置
    斜体: 未设置
    下划线: 未设置
    标准颜色: 未设置
  运行 16: '实际使用环境中体验设备，了解设备的操作便捷性和治疗效果。对于有特殊要求的医院，'
    字体: 未设置
    大小: 未设置
    粗体: 未设置
    斜体: 未设置
    下划线: 未设置
    标准颜色: 未设置
  运行 17: 'Y'
    字体: 未设置
    大小: 未设置
    粗体: 未设置
    斜体: 未设置
    下划线: 未设置
    标准颜色: 未设置
  运行 18: '公司也可将设备运送到该医院进行售前试用，通过市场'
    字体: 未设置
    大小: 未设置
    粗体: 未设置
    斜体: 未设置
    下划线: 未设置
    标准颜色: 未设置
  运行 19: '专业'
    字体: 未设置
    大小: 未设置
    粗体: 未设置
    斜体: 未设置
    下划线: 未设置
    标准颜色: 未设置
  运行 20: '人员的科室会、操作培训等方式，让客户提前感受体验公司设备和服务。通过实地'
    字体: 未设置
    大小: 未设置
    粗体: 未设置
    斜体: 未设置
    下划线: 未设置
    标准颜色: 未设置
  运行 21: '有形'
    字体: 未设置
    大小: 未设置
    粗体: 未设置
    斜体: 未设置
    下划线: 未设置
    标准颜色: 未设置
  运行 22: '展示'
    字体: 未设置
    大小: 未设置
    粗体: 未设置
    斜体: 未设置
    下划线: 未设置
    标准颜色: 未设置
  运行 23: '，'
    字体: 未设置
    大小: 未设置
    粗体: 未设置
    斜体: 未设置
    下划线: 未设置
    标准颜色: 未设置
  运行 24: '可以进一步提升产品的知名度和信任度。'
    字体: 未设置
    大小: 未设置
    粗体: 未设置
    斜体: 未设置
    下划线: 未设置
    标准颜色: 未设置

段落 1021:
文本内容: 综上所述，Y公司通过实施这些有形展示策略，能够进一步提升其眼科设备的知名度，吸引更多的潜在客户试用或购买，通过优质的服务提升客户满意度和忠诚度。利用好有形展示策略，对于Y医疗器械公司这样的设备代理商而言，可以起到锦上添花的效果，推动企业持续向好发展。
段落样式: 正文-缩进
从样式获取的格式:
  样式字体: 未设置
  样式字号: 未设置
  样式颜色: 未设置
对齐方式: 未设置
左缩进: 未设置
右缩进: 未设置
首行缩进: 未设置
行间距: 未设置
从XML读取的格式:
  运行 1: '综上所述，'
    字体: 未设置
    大小: 未设置
    粗体: 未设置
    斜体: 未设置
    下划线: 未设置
    标准颜色: 未设置
  运行 2: 'Y'
    字体: 未设置
    大小: 未设置
    粗体: 未设置
    斜体: 未设置
    下划线: 未设置
    标准颜色: 未设置
  运行 3: '公司'
    字体: 未设置
    大小: 未设置
    粗体: 未设置
    斜体: 未设置
    下划线: 未设置
    标准颜色: 未设置
  运行 4: '通过实施这些有形展示策略，能够进一步提升其眼科设备的知名度，吸引更多的潜在客户'
    字体: 未设置
    大小: 未设置
    粗体: 未设置
    斜体: 未设置
    下划线: 未设置
    标准颜色: 未设置
  运行 5: '试用或购买'
    字体: 未设置
    大小: 未设置
    粗体: 未设置
    斜体: 未设置
    下划线: 未设置
    标准颜色: 未设置
  运行 6: '，'
    字体: 未设置
    大小: 未设置
    粗体: 未设置
    斜体: 未设置
    下划线: 未设置
    标准颜色: 未设置
  运行 7: '通过优质的服务'
    字体: 未设置
    大小: 未设置
    粗体: 未设置
    斜体: 未设置
    下划线: 未设置
    标准颜色: 未设置
  运行 8: '提升客户满意度和忠诚度。'
    字体: 未设置
    大小: 未设置
    粗体: 未设置
    斜体: 未设置
    下划线: 未设置
    标准颜色: 未设置
  运行 9: '利用好有形展示策略，对于'
    字体: 未设置
    大小: 未设置
    粗体: 未设置
    斜体: 未设置
    下划线: 未设置
    标准颜色: 未设置
  运行 10: 'Y'
    字体: 未设置
    大小: 未设置
    粗体: 未设置
    斜体: 未设置
    下划线: 未设置
    标准颜色: 未设置
  运行 11: '医疗器械公司这样的设备代理商而言，可以起到锦上添花的效果，'
    字体: 未设置
    大小: 未设置
    粗体: 未设置
    斜体: 未设置
    下划线: 未设置
    标准颜色: 未设置
  运行 12: '推动'
    字体: 未设置
    大小: 未设置
    粗体: 未设置
    斜体: 未设置
    下划线: 未设置
    标准颜色: 未设置
  运行 13: '企业'
    字体: 未设置
    大小: 未设置
    粗体: 未设置
    斜体: 未设置
    下划线: 未设置
    标准颜色: 未设置
  运行 14: '持续向好'
    字体: 未设置
    大小: 未设置
    粗体: 未设置
    斜体: 未设置
    下划线: 未设置
    标准颜色: 未设置
  运行 15: '发展。'
    字体: 未设置
    大小: 未设置
    粗体: 未设置
    斜体: 未设置
    下划线: 未设置
    标准颜色: 未设置

段落 1022:
文本内容: 过程管理策略
段落样式: Heading 3
从样式获取的格式:
  样式字体: 未设置
  样式字号: 未设置
  样式颜色: 未设置
对齐方式: 未设置
左缩进: 未设置
右缩进: 未设置
首行缩进: 未设置
行间距: 未设置
从XML读取的格式:
  运行 1: '过程管理策略'
    字体: 未设置
    大小: 未设置
    粗体: 未设置
    斜体: 未设置
    下划线: 未设置
    标准颜色: 未设置
  运行 2: ''
    字体: 未设置
    大小: 未设置
    粗体: 未设置
    斜体: 未设置
    下划线: 未设置
    标准颜色: 未设置
  运行 3: ''
    字体: 未设置
    大小: 未设置
    粗体: 未设置
    斜体: 未设置
    下划线: 未设置
    标准颜色: 未设置
  运行 4: ''
    字体: 未设置
    大小: 未设置
    粗体: 未设置
    斜体: 未设置
    下划线: 未设置
    标准颜色: 未设置
  运行 5: ''
    字体: 未设置
    大小: 未设置
    粗体: 未设置
    斜体: 未设置
    下划线: 未设置
    标准颜色: 未设置
  运行 6: ''
    字体: 未设置
    大小: 未设置
    粗体: 未设置
    斜体: 未设置
    下划线: 未设置
    标准颜色: 未设置
  运行 7: ''
    字体: 未设置
    大小: 未设置
    粗体: 未设置
    斜体: 未设置
    下划线: 未设置
    标准颜色: 未设置
  运行 8: ''
    字体: 未设置
    大小: 未设置
    粗体: 未设置
    斜体: 未设置
    下划线: 未设置
    标准颜色: 未设置
  运行 9: ''
    字体: 未设置
    大小: 未设置
    粗体: 未设置
    斜体: 未设置
    下划线: 未设置
    标准颜色: 未设置

段落 1023:
文本内容: Y公司的过程管理策略涉及多个方面，旨在确保展会市场活动、销售活动的顺利进行，提高销售业绩和客户满意度。这些过程管理可以分为不同的项目执行，但都大同小异，这里以销售为例。
段落样式: 正文-缩进
从样式获取的格式:
  样式字体: 未设置
  样式字号: 未设置
  样式颜色: 未设置
对齐方式: 未设置
左缩进: 未设置
右缩进: 未设置
首行缩进: 未设置
行间距: 未设置
从XML读取的格式:
  运行 1: 'Y'
    字体: 未设置
    大小: 未设置
    粗体: 未设置
    斜体: 未设置
    下划线: 未设置
    标准颜色: 未设置
  运行 2: '公司的'
    字体: 未设置
    大小: 未设置
    粗体: 未设置
    斜体: 未设置
    下划线: 未设置
    标准颜色: 未设置
  运行 3: '过程管理策略涉及多个方面，旨在确保'
    字体: 未设置
    大小: 未设置
    粗体: 未设置
    斜体: 未设置
    下划线: 未设置
    标准颜色: 未设置
  运行 4: '展会'
    字体: 未设置
    大小: 未设置
    粗体: 未设置
    斜体: 未设置
    下划线: 未设置
    标准颜色: 未设置
  运行 5: '市场活动'
    字体: 未设置
    大小: 未设置
    粗体: 未设置
    斜体: 未设置
    下划线: 未设置
    标准颜色: 未设置
  运行 6: '、'
    字体: 未设置
    大小: 未设置
    粗体: 未设置
    斜体: 未设置
    下划线: 未设置
    标准颜色: 未设置
  运行 7: '销售活动的顺利进行，提高销售业绩和客户满意度。'
    字体: 未设置
    大小: 未设置
    粗体: 未设置
    斜体: 未设置
    下划线: 未设置
    标准颜色: 未设置
  运行 8: '这些过程管理可以分为不同的项目执行，但都大同小异，这里以销售为例。'
    字体: 未设置
    大小: 未设置
    粗体: 未设置
    斜体: 未设置
    下划线: 未设置
    标准颜色: 未设置

段落 1024:
文本内容: 销售前期准备与培训。对销售人员进行全面的产品知识培训，确保他们掌握眼科设备的性能、特点、使用环境等。提供销售技巧培训，帮助销售人员提升沟通能力、谈判技巧以及客户关系管理能力。制定详细的销售拜访计划，明确销售目标、客户对象、销售策略等，销售人员培训考核合格后开始独立拜访客户。在拜访客户前，需要对客户的基本信息有详细的了解，如医院级别、科室人员配比、目前拥有哪些眼科诊疗设备、目前迫切的需求是什么等。收集整理这些基本信息制定拜访前计划。
段落样式: 正文-缩进
从样式获取的格式:
  样式字体: 未设置
  样式字号: 未设置
  样式颜色: 未设置
对齐方式: 未设置
左缩进: 未设置
右缩进: 未设置
首行缩进: 未设置
行间距: 未设置
从XML读取的格式:
  运行 1: '销售前期准备与培训'
    字体: 未设置
    大小: 未设置
    粗体: 未设置
    斜体: 未设置
    下划线: 未设置
    标准颜色: 未设置
  运行 2: '。'
    字体: 未设置
    大小: 未设置
    粗体: 未设置
    斜体: 未设置
    下划线: 未设置
    标准颜色: 未设置
  运行 3: '对销售人员进行全面的产品知识培训，确保他们'
    字体: 未设置
    大小: 未设置
    粗体: 未设置
    斜体: 未设置
    下划线: 未设置
    标准颜色: 未设置
  运行 4: '掌握'
    字体: 未设置
    大小: 未设置
    粗体: 未设置
    斜体: 未设置
    下划线: 未设置
    标准颜色: 未设置
  运行 5: '眼科设备的性能、特点、'
    字体: 未设置
    大小: 未设置
    粗体: 未设置
    斜体: 未设置
    下划线: 未设置
    标准颜色: 未设置
  运行 6: '使用环境'
    字体: 未设置
    大小: 未设置
    粗体: 未设置
    斜体: 未设置
    下划线: 未设置
    标准颜色: 未设置
  运行 7: '等。提供销售技巧培训，帮助销售人员提升沟通能'
    字体: 未设置
    大小: 未设置
    粗体: 未设置
    斜体: 未设置
    下划线: 未设置
    标准颜色: 未设置
  运行 8: '力、谈判技巧以及客户关系管理能力。制定详细的销售'
    字体: 未设置
    大小: 未设置
    粗体: 未设置
    斜体: 未设置
    下划线: 未设置
    标准颜色: 未设置
  运行 9: '拜访'
    字体: 未设置
    大小: 未设置
    粗体: 未设置
    斜体: 未设置
    下划线: 未设置
    标准颜色: 未设置
  运行 10: '计划，明确销售目标、客户'
    字体: 未设置
    大小: 未设置
    粗体: 未设置
    斜体: 未设置
    下划线: 未设置
    标准颜色: 未设置
  运行 11: '对象'
    字体: 未设置
    大小: 未设置
    粗体: 未设置
    斜体: 未设置
    下划线: 未设置
    标准颜色: 未设置
  运行 12: '、销售策略等'
    字体: 未设置
    大小: 未设置
    粗体: 未设置
    斜体: 未设置
    下划线: 未设置
    标准颜色: 未设置
  运行 13: '，'
    字体: 未设置
    大小: 未设置
    粗体: 未设置
    斜体: 未设置
    下划线: 未设置
    标准颜色: 未设置
  运行 14: '销售人员培训考核合格后'
    字体: 未设置
    大小: 未设置
    粗体: 未设置
    斜体: 未设置
    下划线: 未设置
    标准颜色: 未设置
  运行 15: '开始'
    字体: 未设置
    大小: 未设置
    粗体: 未设置
    斜体: 未设置
    下划线: 未设置
    标准颜色: 未设置
  运行 16: '独立拜访客户。在拜访客户前，需要对客户的基本信息有详细的了解，如医院级别、科室人员配比、目前拥有哪些眼科诊疗设备、目前迫切的需求是什么等。'
    字体: 未设置
    大小: 未设置
    粗体: 未设置
    斜体: 未设置
    下划线: 未设置
    标准颜色: 未设置
  运行 17: '收集'
    字体: 未设置
    大小: 未设置
    粗体: 未设置
    斜体: 未设置
    下划线: 未设置
    标准颜色: 未设置
  运行 18: '整理这些基本信息制定拜访前计划。'
    字体: 未设置
    大小: 未设置
    粗体: 未设置
    斜体: 未设置
    下划线: 未设置
    标准颜色: 未设置

段落 1025:
文本内容: 销售过程中管理。建立有效的销售流程，明确每个阶段的任务和责任人，如销售人员、工程师、市场专员等。确保销售活动有序推进，定期进行销售进度跟踪和评估，及时调整销售策略，确保销售目标的实现。加强与客户的沟通，及时解答客户疑问，提供专业的咨询和建议。通过高频率的拜访，确认客户需求以及希望采购的设备，必要时可以申请样机到院展示。在销售过程中有任何问题及时汇报省区经理等领导，以便第一时间协助处理相关问题。
段落样式: 正文-缩进
从样式获取的格式:
  样式字体: 未设置
  样式字号: 未设置
  样式颜色: 未设置
对齐方式: 未设置
左缩进: 未设置
右缩进: 未设置
首行缩进: 未设置
行间距: 未设置
从XML读取的格式:
  运行 1: '销售过程中管理'
    字体: 未设置
    大小: 未设置
    粗体: 未设置
    斜体: 未设置
    下划线: 未设置
    标准颜色: 未设置
  运行 2: '。'
    字体: 未设置
    大小: 未设置
    粗体: 未设置
    斜体: 未设置
    下划线: 未设置
    标准颜色: 未设置
  运行 3: '建立有效的销售流程，明确每个阶段的任务和责任人，'
    字体: 未设置
    大小: 未设置
    粗体: 未设置
    斜体: 未设置
    下划线: 未设置
    标准颜色: 未设置
  运行 4: '如销售人员、工程师、市场专员等。'
    字体: 未设置
    大小: 未设置
    粗体: 未设置
    斜体: 未设置
    下划线: 未设置
    标准颜色: 未设置
  运行 5: '确保销售活动有序推进'
    字体: 未设置
    大小: 未设置
    粗体: 未设置
    斜体: 未设置
    下划线: 未设置
    标准颜色: 未设置
  运行 6: '，'
    字体: 未设置
    大小: 未设置
    粗体: 未设置
    斜体: 未设置
    下划线: 未设置
    标准颜色: 未设置
  运行 7: '定期进行销售进度跟踪和评估，及时调整销售策略，确保销售目标的实现。加强与客户的沟通，及时解答客户疑问，提供专业的咨询和建议。'
    字体: 未设置
    大小: 未设置
    粗体: 未设置
    斜体: 未设置
    下划线: 未设置
    标准颜色: 未设置
  运行 8: '通过高频率的拜访，确认客户需求以及希望采购的设备，必要时可以申请样机到院展示。在销售过程中有任何问题及时汇报省区经理等领导，以便第一时间协助处理相关问题。'
    字体: 未设置
    大小: 未设置
    粗体: 未设置
    斜体: 未设置
    下划线: 未设置
    标准颜色: 未设置

段落 1026:
文本内容: 售后服务与关系维护。在完成销售签订后，Y公司要提供完善的售后服务，包括设备安装、调试、维修等，确保客户使用无忧。定期回访客户了解设备使用情况，收集客户反馈以便改进产品和服务。建立客户档案，记录客户信息和购买历史，为后续的销售活动提供参考。建立高效的团队协作机制，确保销售、技术、售后等部门之间的顺畅沟通，实现团队协作与信息共享。定期召开销售会议，分享成功案例、交流经验教训，提升团队整体的销售能力。通过实施这些管理策略，Y公司眼科设备销售过程将更加规范、高效，有助于提升销售业绩和客户满意度，为公司赢得更多的市场份额和竞争优势。
段落样式: 正文-缩进
从样式获取的格式:
  样式字体: 未设置
  样式字号: 未设置
  样式颜色: 未设置
对齐方式: 未设置
左缩进: 未设置
右缩进: 未设置
首行缩进: 未设置
行间距: 未设置
从XML读取的格式:
  运行 1: '售后服务与关系维护'
    字体: 未设置
    大小: 未设置
    粗体: 未设置
    斜体: 未设置
    下划线: 未设置
    标准颜色: 未设置
  运行 2: '。'
    字体: 未设置
    大小: 未设置
    粗体: 未设置
    斜体: 未设置
    下划线: 未设置
    标准颜色: 未设置
  运行 3: '在完成销售签订后，'
    字体: 未设置
    大小: 未设置
    粗体: 未设置
    斜体: 未设置
    下划线: 未设置
    标准颜色: 未设置
  运行 4: 'Y'
    字体: 未设置
    大小: 未设置
    粗体: 未设置
    斜体: 未设置
    下划线: 未设置
    标准颜色: 未设置
  运行 5: '公司要'
    字体: 未设置
    大小: 未设置
    粗体: 未设置
    斜体: 未设置
    下划线: 未设置
    标准颜色: 未设置
  运行 6: '提供完善的售后服务，包括设备安装、调试、维修等，确保客户使用无忧。定期回访客户了解设备使用情况，收集客户反馈以便改进产品和服务。建立客户档案，记录客户信息和购买历史，为后续的销售活动提供参考。建立高效的团队协作机制，确保销售、技术、售后等部门之间的顺畅沟通'
    字体: 未设置
    大小: 未设置
    粗体: 未设置
    斜体: 未设置
    下划线: 未设置
    标准颜色: 未设置
  运行 7: '，实现团队协作与信息共享。'
    字体: 未设置
    大小: 未设置
    粗体: 未设置
    斜体: 未设置
    下划线: 未设置
    标准颜色: 未设置
  运行 8: '定期召开销售会议，分享成功案例、交流经验教训，提升团队整体的销售能力。'
    字体: 未设置
    大小: 未设置
    粗体: 未设置
    斜体: 未设置
    下划线: 未设置
    标准颜色: 未设置
  运行 9: '通过实施这些管理策略，'
    字体: 未设置
    大小: 未设置
    粗体: 未设置
    斜体: 未设置
    下划线: 未设置
    标准颜色: 未设置
  运行 10: 'Y'
    字体: 未设置
    大小: 未设置
    粗体: 未设置
    斜体: 未设置
    下划线: 未设置
    标准颜色: 未设置
  运行 11: '公司'
    字体: 未设置
    大小: 未设置
    粗体: 未设置
    斜体: 未设置
    下划线: 未设置
    标准颜色: 未设置
  运行 12: '眼科设备销售过程将更加规范、高效，有助于提升销售业绩和客户满意度，为'
    字体: 未设置
    大小: 未设置
    粗体: 未设置
    斜体: 未设置
    下划线: 未设置
    标准颜色: 未设置
  运行 13: '公司'
    字体: 未设置
    大小: 未设置
    粗体: 未设置
    斜体: 未设置
    下划线: 未设置
    标准颜色: 未设置
  运行 14: '赢得更多的市场份额和竞争优势。'
    字体: 未设置
    大小: 未设置
    粗体: 未设置
    斜体: 未设置
    下划线: 未设置
    标准颜色: 未设置

段落 1027:
文本内容: 基于4Cs理论的策略创新
段落样式: Heading 2
从样式获取的格式:
  样式字体: 未设置
  样式字号: 177800
  样式字号(pt): 14.0
  样式颜色: 未设置
对齐方式: 未设置
左缩进: 未设置
右缩进: 未设置
首行缩进: 未设置
行间距: 未设置
从XML读取的格式:
  运行 1: '基于'
    字体: 未设置
    大小: 未设置
    粗体: 未设置
    斜体: 未设置
    下划线: 未设置
    标准颜色: 未设置
  运行 2: '4C'
    字体: 未设置
    大小: 未设置
    粗体: 未设置
    斜体: 未设置
    下划线: 未设置
    标准颜色: 未设置
  运行 3: 's'
    字体: 未设置
    大小: 未设置
    粗体: 未设置
    斜体: 未设置
    下划线: 未设置
    标准颜色: 未设置
  运行 4: '理论的策略'
    字体: 未设置
    大小: 未设置
    粗体: 未设置
    斜体: 未设置
    下划线: 未设置
    标准颜色: 未设置
  运行 5: '创新'
    字体: 未设置
    大小: 未设置
    粗体: 未设置
    斜体: 未设置
    下划线: 未设置
    标准颜色: 未设置
  运行 6: ''
    字体: 未设置
    大小: 未设置
    粗体: 未设置
    斜体: 未设置
    下划线: 未设置
    标准颜色: 未设置
  运行 7: ''
    字体: 未设置
    大小: 未设置
    粗体: 未设置
    斜体: 未设置
    下划线: 未设置
    标准颜色: 未设置
  运行 8: ''
    字体: 未设置
    大小: 未设置
    粗体: 未设置
    斜体: 未设置
    下划线: 未设置
    标准颜色: 未设置
  运行 9: ''
    字体: 未设置
    大小: 未设置
    粗体: 未设置
    斜体: 未设置
    下划线: 未设置
    标准颜色: 未设置
  运行 10: ''
    字体: 未设置
    大小: 未设置
    粗体: 未设置
    斜体: 未设置
    下划线: 未设置
    标准颜色: 未设置
  运行 11: ''
    字体: 未设置
    大小: 未设置
    粗体: 未设置
    斜体: 未设置
    下划线: 未设置
    标准颜色: 未设置
  运行 12: ''
    字体: 未设置
    大小: 未设置
    粗体: 未设置
    斜体: 未设置
    下划线: 未设置
    标准颜色: 未设置
  运行 13: ''
    字体: 未设置
    大小: 未设置
    粗体: 未设置
    斜体: 未设置
    下划线: 未设置
    标准颜色: 未设置
  运行 14: ''
    字体: 未设置
    大小: 未设置
    粗体: 未设置
    斜体: 未设置
    下划线: 未设置
    标准颜色: 未设置
  运行 15: ''
    字体: 未设置
    大小: 未设置
    粗体: 未设置
    斜体: 未设置
    下划线: 未设置
    标准颜色: 未设置
  运行 16: ''
    字体: 未设置
    大小: 未设置
    粗体: 未设置
    斜体: 未设置
    下划线: 未设置
    标准颜色: 未设置
  运行 17: ''
    字体: 未设置
    大小: 未设置
    粗体: 未设置
    斜体: 未设置
    下划线: 未设置
    标准颜色: 未设置
  运行 18: ''
    字体: 未设置
    大小: 未设置
    粗体: 未设置
    斜体: 未设置
    下划线: 未设置
    标准颜色: 未设置
  运行 19: ''
    字体: 未设置
    大小: 未设置
    粗体: 未设置
    斜体: 未设置
    下划线: 未设置
    标准颜色: 未设置
  运行 20: ''
    字体: 未设置
    大小: 未设置
    粗体: 未设置
    斜体: 未设置
    下划线: 未设置
    标准颜色: 未设置
  运行 21: ''
    字体: 未设置
    大小: 未设置
    粗体: 未设置
    斜体: 未设置
    下划线: 未设置
    标准颜色: 未设置
  运行 22: ''
    字体: 未设置
    大小: 未设置
    粗体: 未设置
    斜体: 未设置
    下划线: 未设置
    标准颜色: 未设置
  运行 23: ''
    字体: 未设置
    大小: 未设置
    粗体: 未设置
    斜体: 未设置
    下划线: 未设置
    标准颜色: 未设置
  运行 24: ''
    字体: 未设置
    大小: 未设置
    粗体: 未设置
    斜体: 未设置
    下划线: 未设置
    标准颜色: 未设置
  运行 25: ''
    字体: 未设置
    大小: 未设置
    粗体: 未设置
    斜体: 未设置
    下划线: 未设置
    标准颜色: 未设置
  运行 26: ''
    字体: 未设置
    大小: 未设置
    粗体: 未设置
    斜体: 未设置
    下划线: 未设置
    标准颜色: 未设置
  运行 27: ''
    字体: 未设置
    大小: 未设置
    粗体: 未设置
    斜体: 未设置
    下划线: 未设置
    标准颜色: 未设置
  运行 28: ''
    字体: 未设置
    大小: 未设置
    粗体: 未设置
    斜体: 未设置
    下划线: 未设置
    标准颜色: 未设置
  运行 29: ''
    字体: 未设置
    大小: 未设置
    粗体: 未设置
    斜体: 未设置
    下划线: 未设置
    标准颜色: 未设置
  运行 30: ''
    字体: 未设置
    大小: 未设置
    粗体: 未设置
    斜体: 未设置
    下划线: 未设置
    标准颜色: 未设置
  运行 31: ''
    字体: 未设置
    大小: 未设置
    粗体: 未设置
    斜体: 未设置
    下划线: 未设置
    标准颜色: 未设置
  运行 32: ''
    字体: 未设置
    大小: 未设置
    粗体: 未设置
    斜体: 未设置
    下划线: 未设置
    标准颜色: 未设置
  运行 33: ''
    字体: 未设置
    大小: 未设置
    粗体: 未设置
    斜体: 未设置
    下划线: 未设置
    标准颜色: 未设置

段落 1028:
文本内容: 消费者策略
段落样式: Heading 3
从样式获取的格式:
  样式字体: 未设置
  样式字号: 未设置
  样式颜色: 未设置
对齐方式: 未设置
左缩进: 未设置
右缩进: 未设置
首行缩进: 未设置
行间距: 未设置
从XML读取的格式:
  运行 1: '消费者策略'
    字体: 未设置
    大小: 未设置
    粗体: 未设置
    斜体: 未设置
    下划线: 未设置
    标准颜色: 未设置
  运行 2: ''
    字体: 未设置
    大小: 未设置
    粗体: 未设置
    斜体: 未设置
    下划线: 未设置
    标准颜色: 未设置
  运行 3: ''
    字体: 未设置
    大小: 未设置
    粗体: 未设置
    斜体: 未设置
    下划线: 未设置
    标准颜色: 未设置
  运行 4: ''
    字体: 未设置
    大小: 未设置
    粗体: 未设置
    斜体: 未设置
    下划线: 未设置
    标准颜色: 未设置
  运行 5: ''
    字体: 未设置
    大小: 未设置
    粗体: 未设置
    斜体: 未设置
    下划线: 未设置
    标准颜色: 未设置
  运行 6: ''
    字体: 未设置
    大小: 未设置
    粗体: 未设置
    斜体: 未设置
    下划线: 未设置
    标准颜色: 未设置
  运行 7: ''
    字体: 未设置
    大小: 未设置
    粗体: 未设置
    斜体: 未设置
    下划线: 未设置
    标准颜色: 未设置
  运行 8: ''
    字体: 未设置
    大小: 未设置
    粗体: 未设置
    斜体: 未设置
    下划线: 未设置
    标准颜色: 未设置
  运行 9: ''
    字体: 未设置
    大小: 未设置
    粗体: 未设置
    斜体: 未设置
    下划线: 未设置
    标准颜色: 未设置
  运行 10: ''
    字体: 未设置
    大小: 未设置
    粗体: 未设置
    斜体: 未设置
    下划线: 未设置
    标准颜色: 未设置
  运行 11: ''
    字体: 未设置
    大小: 未设置
    粗体: 未设置
    斜体: 未设置
    下划线: 未设置
    标准颜色: 未设置
  运行 12: ''
    字体: 未设置
    大小: 未设置
    粗体: 未设置
    斜体: 未设置
    下划线: 未设置
    标准颜色: 未设置
  运行 13: ''
    字体: 未设置
    大小: 未设置
    粗体: 未设置
    斜体: 未设置
    下划线: 未设置
    标准颜色: 未设置
  运行 14: ''
    字体: 未设置
    大小: 未设置
    粗体: 未设置
    斜体: 未设置
    下划线: 未设置
    标准颜色: 未设置
  运行 15: ''
    字体: 未设置
    大小: 未设置
    粗体: 未设置
    斜体: 未设置
    下划线: 未设置
    标准颜色: 未设置
  运行 16: ''
    字体: 未设置
    大小: 未设置
    粗体: 未设置
    斜体: 未设置
    下划线: 未设置
    标准颜色: 未设置
  运行 17: ''
    字体: 未设置
    大小: 未设置
    粗体: 未设置
    斜体: 未设置
    下划线: 未设置
    标准颜色: 未设置
  运行 18: ''
    字体: 未设置
    大小: 未设置
    粗体: 未设置
    斜体: 未设置
    下划线: 未设置
    标准颜色: 未设置
  运行 19: ''
    字体: 未设置
    大小: 未设置
    粗体: 未设置
    斜体: 未设置
    下划线: 未设置
    标准颜色: 未设置
  运行 20: ''
    字体: 未设置
    大小: 未设置
    粗体: 未设置
    斜体: 未设置
    下划线: 未设置
    标准颜色: 未设置
  运行 21: ''
    字体: 未设置
    大小: 未设置
    粗体: 未设置
    斜体: 未设置
    下划线: 未设置
    标准颜色: 未设置
  运行 22: ''
    字体: 未设置
    大小: 未设置
    粗体: 未设置
    斜体: 未设置
    下划线: 未设置
    标准颜色: 未设置
  运行 23: ''
    字体: 未设置
    大小: 未设置
    粗体: 未设置
    斜体: 未设置
    下划线: 未设置
    标准颜色: 未设置
  运行 24: ''
    字体: 未设置
    大小: 未设置
    粗体: 未设置
    斜体: 未设置
    下划线: 未设置
    标准颜色: 未设置
  运行 25: ''
    字体: 未设置
    大小: 未设置
    粗体: 未设置
    斜体: 未设置
    下划线: 未设置
    标准颜色: 未设置
  运行 26: ''
    字体: 未设置
    大小: 未设置
    粗体: 未设置
    斜体: 未设置
    下划线: 未设置
    标准颜色: 未设置
  运行 27: ''
    字体: 未设置
    大小: 未设置
    粗体: 未设置
    斜体: 未设置
    下划线: 未设置
    标准颜色: 未设置
  运行 28: ''
    字体: 未设置
    大小: 未设置
    粗体: 未设置
    斜体: 未设置
    下划线: 未设置
    标准颜色: 未设置
  运行 29: ''
    字体: 未设置
    大小: 未设置
    粗体: 未设置
    斜体: 未设置
    下划线: 未设置
    标准颜色: 未设置
  运行 30: ''
    字体: 未设置
    大小: 未设置
    粗体: 未设置
    斜体: 未设置
    下划线: 未设置
    标准颜色: 未设置
  运行 31: ''
    字体: 未设置
    大小: 未设置
    粗体: 未设置
    斜体: 未设置
    下划线: 未设置
    标准颜色: 未设置

段落 1029:
文本内容: 眼科诊疗这类专业医疗产品，其主要消费者通常是医院或其他医疗机构。这些临床医师、设备科长、行政人员等在采购过程中扮演着关键角色。制定有效的市场营销策略以影响他们的决策是至关重要的，这有助于提高销售成功的概率。特别是对于三级医疗机构等大型客户，临床医师是医疗设备采购的主要决策者，同时也是其他眼科设备采购项目的评委。要重视此类专家客户维护和管理。
段落样式: 正文-缩进
从样式获取的格式:
  样式字体: 未设置
  样式字号: 未设置
  样式颜色: 未设置
对齐方式: 未设置
左缩进: 未设置
右缩进: 未设置
首行缩进: 未设置
行间距: 未设置
从XML读取的格式:
  运行 1: '眼科诊疗'
    字体: 未设置
    大小: 未设置
    粗体: 未设置
    斜体: 未设置
    下划线: 未设置
    标准颜色: 未设置
  运行 2: '这类专业医疗产品，其主要消费者通常是医院或其他医疗机构。这些'
    字体: 未设置
    大小: 未设置
    粗体: 未设置
    斜体: 未设置
    下划线: 未设置
    标准颜色: 未设置
  运行 3: '临床医师、设备科长、行政人员等'
    字体: 未设置
    大小: 未设置
    粗体: 未设置
    斜体: 未设置
    下划线: 未设置
    标准颜色: 未设置
  运行 4: '在采购过程中扮演着关键角色'
    字体: 未设置
    大小: 未设置
    粗体: 未设置
    斜体: 未设置
    下划线: 未设置
    标准颜色: 未设置
  运行 5: '。'
    字体: 未设置
    大小: 未设置
    粗体: 未设置
    斜体: 未设置
    下划线: 未设置
    标准颜色: 未设置
  运行 6: '制定有效的市场营销策略以影响他们的决策是至关重要的，这有助于提高销售成功'
    字体: 未设置
    大小: 未设置
    粗体: 未设置
    斜体: 未设置
    下划线: 未设置
    标准颜色: 未设置
  运行 7: '的概率'
    字体: 未设置
    大小: 未设置
    粗体: 未设置
    斜体: 未设置
    下划线: 未设置
    标准颜色: 未设置
  运行 8: '。'
    字体: 未设置
    大小: 未设置
    粗体: 未设置
    斜体: 未设置
    下划线: 未设置
    标准颜色: 未设置
  运行 9: '特别是对于'
    字体: 未设置
    大小: 未设置
    粗体: 未设置
    斜体: 未设置
    下划线: 未设置
    标准颜色: 未设置
  运行 10: '三级医疗机构等'
    字体: 未设置
    大小: 未设置
    粗体: 未设置
    斜体: 未设置
    下划线: 未设置
    标准颜色: 未设置
  运行 11: '大型客户，'
    字体: 未设置
    大小: 未设置
    粗体: 未设置
    斜体: 未设置
    下划线: 未设置
    标准颜色: 未设置
  运行 12: '临床'
    字体: 未设置
    大小: 未设置
    粗体: 未设置
    斜体: 未设置
    下划线: 未设置
    标准颜色: 未设置
  运行 13: '医师'
    字体: 未设置
    大小: 未设置
    粗体: 未设置
    斜体: 未设置
    下划线: 未设置
    标准颜色: 未设置
  运行 14: '是医疗设备'
    字体: 未设置
    大小: 未设置
    粗体: 未设置
    斜体: 未设置
    下划线: 未设置
    标准颜色: 未设置
  运行 15: '采购'
    字体: 未设置
    大小: 未设置
    粗体: 未设置
    斜体: 未设置
    下划线: 未设置
    标准颜色: 未设置
  运行 16: '的主要'
    字体: 未设置
    大小: 未设置
    粗体: 未设置
    斜体: 未设置
    下划线: 未设置
    标准颜色: 未设置
  运行 17: '决策者，'
    字体: 未设置
    大小: 未设置
    粗体: 未设置
    斜体: 未设置
    下划线: 未设置
    标准颜色: 未设置
  运行 18: '同时'
    字体: 未设置
    大小: 未设置
    粗体: 未设置
    斜体: 未设置
    下划线: 未设置
    标准颜色: 未设置
  运行 19: '也是'
    字体: 未设置
    大小: 未设置
    粗体: 未设置
    斜体: 未设置
    下划线: 未设置
    标准颜色: 未设置
  运行 20: '其他眼科设备采购'
    字体: 未设置
    大小: 未设置
    粗体: 未设置
    斜体: 未设置
    下划线: 未设置
    标准颜色: 未设置
  运行 21: '项目'
    字体: 未设置
    大小: 未设置
    粗体: 未设置
    斜体: 未设置
    下划线: 未设置
    标准颜色: 未设置
  运行 22: '的评委'
    字体: 未设置
    大小: 未设置
    粗体: 未设置
    斜体: 未设置
    下划线: 未设置
    标准颜色: 未设置
  运行 23: '。'
    字体: 未设置
    大小: 未设置
    粗体: 未设置
    斜体: 未设置
    下划线: 未设置
    标准颜色: 未设置
  运行 24: '要重视此类专家'
    字体: 未设置
    大小: 未设置
    粗体: 未设置
    斜体: 未设置
    下划线: 未设置
    标准颜色: 未设置
  运行 25: '客户'
    字体: 未设置
    大小: 未设置
    粗体: 未设置
    斜体: 未设置
    下划线: 未设置
    标准颜色: 未设置
  运行 26: '维护和管理。'
    字体: 未设置
    大小: 未设置
    粗体: 未设置
    斜体: 未设置
    下划线: 未设置
    标准颜色: 未设置

段落 1030:
文本内容: 建立KOL档案
段落样式: Heading 4
从样式获取的格式:
  样式字体: 未设置
  样式字号: 未设置
  样式颜色: 未设置
对齐方式: 未设置
左缩进: 未设置
右缩进: 未设置
首行缩进: 未设置
行间距: 未设置
从XML读取的格式:
  运行 1: '建立'
    字体: 未设置
    大小: 未设置
    粗体: 未设置
    斜体: 未设置
    下划线: 未设置
    标准颜色: 未设置
  运行 2: 'KOL'
    字体: 未设置
    大小: 未设置
    粗体: 未设置
    斜体: 未设置
    下划线: 未设置
    标准颜色: 未设置
  运行 3: '档案'
    字体: 未设置
    大小: 未设置
    粗体: 未设置
    斜体: 未设置
    下划线: 未设置
    标准颜色: 未设置

段落 1031:
文本内容: 根据Y公司产品所覆盖眼科压专科，让业务经理收集科室带头人、主任医师等信息，建立KOL的客户档案信息。并根据其眼科领域的建树，定制学术培养计划，使KOL成为公司产品的用户和拥护者。通过学术会议的产品植入和临床使用经验分享，提高公司产品的影响力和知名度，同时为计划购买眼科设备的医院提供参考方案。对于眼科KOL专家可以进行分类管理，如表 5-8所示。
段落样式: 正文-缩进
从样式获取的格式:
  样式字体: 未设置
  样式字号: 未设置
  样式颜色: 未设置
对齐方式: 未设置
左缩进: 未设置
右缩进: 未设置
首行缩进: 未设置
行间距: 未设置
从XML读取的格式:
  运行 1: '根据'
    字体: 未设置
    大小: 未设置
    粗体: 未设置
    斜体: 未设置
    下划线: 未设置
    标准颜色: 未设置
  运行 2: 'Y'
    字体: 未设置
    大小: 未设置
    粗体: 未设置
    斜体: 未设置
    下划线: 未设置
    标准颜色: 未设置
  运行 3: '公司产品所覆盖'
    字体: 未设置
    大小: 未设置
    粗体: 未设置
    斜体: 未设置
    下划线: 未设置
    标准颜色: 未设置
  运行 4: '眼科压专'
    字体: 未设置
    大小: 未设置
    粗体: 未设置
    斜体: 未设置
    下划线: 未设置
    标准颜色: 未设置
  运行 5: '科，'
    字体: 未设置
    大小: 未设置
    粗体: 未设置
    斜体: 未设置
    下划线: 未设置
    标准颜色: 未设置
  运行 6: '让业务'
    字体: 未设置
    大小: 未设置
    粗体: 未设置
    斜体: 未设置
    下划线: 未设置
    标准颜色: 未设置
  运行 7: '经理'
    字体: 未设置
    大小: 未设置
    粗体: 未设置
    斜体: 未设置
    下划线: 未设置
    标准颜色: 未设置
  运行 8: '收集科室带头人、主任医师等信息，建立'
    字体: 未设置
    大小: 未设置
    粗体: 未设置
    斜体: 未设置
    下划线: 未设置
    标准颜色: 未设置
  运行 9: 'KOL'
    字体: 未设置
    大小: 未设置
    粗体: 未设置
    斜体: 未设置
    下划线: 未设置
    标准颜色: 未设置
  运行 10: '的客户档案信息。并根据'
    字体: 未设置
    大小: 未设置
    粗体: 未设置
    斜体: 未设置
    下划线: 未设置
    标准颜色: 未设置
  运行 11: '其'
    字体: 未设置
    大小: 未设置
    粗体: 未设置
    斜体: 未设置
    下划线: 未设置
    标准颜色: 未设置
  运行 12: '眼科领域的建树，'
    字体: 未设置
    大小: 未设置
    粗体: 未设置
    斜体: 未设置
    下划线: 未设置
    标准颜色: 未设置
  运行 13: '定制'
    字体: 未设置
    大小: 未设置
    粗体: 未设置
    斜体: 未设置
    下划线: 未设置
    标准颜色: 未设置
  运行 14: '学术培养计划，使'
    字体: 未设置
    大小: 未设置
    粗体: 未设置
    斜体: 未设置
    下划线: 未设置
    标准颜色: 未设置
  运行 15: 'KOL'
    字体: 未设置
    大小: 未设置
    粗体: 未设置
    斜体: 未设置
    下划线: 未设置
    标准颜色: 未设置
  运行 16: '成为公司产品的用户和'
    字体: 未设置
    大小: 未设置
    粗体: 未设置
    斜体: 未设置
    下划线: 未设置
    标准颜色: 未设置
  运行 17: '拥护者'
    字体: 未设置
    大小: 未设置
    粗体: 未设置
    斜体: 未设置
    下划线: 未设置
    标准颜色: 未设置
  运行 18: '。'
    字体: 未设置
    大小: 未设置
    粗体: 未设置
    斜体: 未设置
    下划线: 未设置
    标准颜色: 未设置
  运行 19: '通过'
    字体: 未设置
    大小: 未设置
    粗体: 未设置
    斜体: 未设置
    下划线: 未设置
    标准颜色: 未设置
  运行 20: '学术'
    字体: 未设置
    大小: 未设置
    粗体: 未设置
    斜体: 未设置
    下划线: 未设置
    标准颜色: 未设置
  运行 21: '会议的产品植入和临床使用经验分享，提高公司产品的影响力和知名度，同时为计划购买眼科设备的医院提供参考方案。对于眼科'
    字体: 未设置
    大小: 未设置
    粗体: 未设置
    斜体: 未设置
    下划线: 未设置
    标准颜色: 未设置
  运行 22: 'KO'
    字体: 未设置
    大小: 未设置
    粗体: 未设置
    斜体: 未设置
    下划线: 未设置
    标准颜色: 未设置
  运行 23: 'L'
    字体: 未设置
    大小: 未设置
    粗体: 未设置
    斜体: 未设置
    下划线: 未设置
    标准颜色: 未设置
  运行 24: '专家可以'
    字体: 未设置
    大小: 未设置
    粗体: 未设置
    斜体: 未设置
    下划线: 未设置
    标准颜色: 未设置
  运行 25: '进行分类'
    字体: 未设置
    大小: 未设置
    粗体: 未设置
    斜体: 未设置
    下划线: 未设置
    标准颜色: 未设置
  运行 26: '管理'
    字体: 未设置
    大小: 未设置
    粗体: 未设置
    斜体: 未设置
    下划线: 未设置
    标准颜色: 未设置
  运行 27: '，'
    字体: 未设置
    大小: 未设置
    粗体: 未设置
    斜体: 未设置
    下划线: 未设置
    标准颜色: 未设置
  运行 28: '如'
    字体: 未设置
    大小: 未设置
    粗体: 未设置
    斜体: 未设置
    下划线: 未设置
    标准颜色: 未设置
  运行 29: ''
    字体: 未设置
    大小: 未设置
    粗体: 未设置
    斜体: 未设置
    下划线: 未设置
    标准颜色: 未设置
  运行 30: ''
    字体: 未设置
    大小: 未设置
    粗体: 未设置
    斜体: 未设置
    下划线: 未设置
    标准颜色: 未设置
  运行 31: ''
    字体: 未设置
    大小: 未设置
    粗体: 未设置
    斜体: 未设置
    下划线: 未设置
    标准颜色: 未设置
  运行 32: ''
    字体: 未设置
    大小: 未设置
    粗体: 未设置
    斜体: 未设置
    下划线: 未设置
    标准颜色: 未设置
  运行 33: ''
    字体: 未设置
    大小: 未设置
    粗体: 未设置
    斜体: 未设置
    下划线: 未设置
    标准颜色: 未设置
  运行 34: '表'
    字体: 未设置
    大小: 未设置
    粗体: 未设置
    斜体: 未设置
    下划线: 未设置
    标准颜色: 未设置
  运行 35: ' '
    字体: 未设置
    大小: 未设置
    粗体: 未设置
    斜体: 未设置
    下划线: 未设置
    标准颜色: 未设置
  运行 36: '5'
    字体: 未设置
    大小: 未设置
    粗体: 未设置
    斜体: 未设置
    下划线: 未设置
    标准颜色: 未设置
  运行 37: '-'
    字体: 未设置
    大小: 未设置
    粗体: 未设置
    斜体: 未设置
    下划线: 未设置
    标准颜色: 未设置
  运行 38: '8'
    字体: 未设置
    大小: 未设置
    粗体: 未设置
    斜体: 未设置
    下划线: 未设置
    标准颜色: 未设置
  运行 39: ''
    字体: 未设置
    大小: 未设置
    粗体: 未设置
    斜体: 未设置
    下划线: 未设置
    标准颜色: 未设置
  运行 40: '所示'
    字体: 未设置
    大小: 未设置
    粗体: 未设置
    斜体: 未设置
    下划线: 未设置
    标准颜色: 未设置
  运行 41: '。'
    字体: 未设置
    大小: 未设置
    粗体: 未设置
    斜体: 未设置
    下划线: 未设置
    标准颜色: 未设置

段落 1033:
文本内容: 表 5-8　Y公司KOL分类标准
段落样式: Caption
从样式获取的格式:
  样式字体: 未设置
  样式字号: 未设置
  样式颜色: 未设置
对齐方式: 未设置
左缩进: 未设置
右缩进: 未设置
首行缩进: 未设置
行间距: 未设置
从XML读取的格式:
  运行 1: '表'
    字体: 未设置
    大小: 未设置
    粗体: 未设置
    斜体: 未设置
    下划线: 未设置
    标准颜色: 未设置
  运行 2: ' '
    字体: 未设置
    大小: 未设置
    粗体: 未设置
    斜体: 未设置
    下划线: 未设置
    标准颜色: 未设置
  运行 3: ''
    字体: 未设置
    大小: 未设置
    粗体: 未设置
    斜体: 未设置
    下划线: 未设置
    标准颜色: 未设置
  运行 4: ''
    字体: 未设置
    大小: 未设置
    粗体: 未设置
    斜体: 未设置
    下划线: 未设置
    标准颜色: 未设置
  运行 5: ''
    字体: 未设置
    大小: 未设置
    粗体: 未设置
    斜体: 未设置
    下划线: 未设置
    标准颜色: 未设置
  运行 6: ''
    字体: 未设置
    大小: 未设置
    粗体: 未设置
    斜体: 未设置
    下划线: 未设置
    标准颜色: 未设置
  运行 7: ''
    字体: 未设置
    大小: 未设置
    粗体: 未设置
    斜体: 未设置
    下划线: 未设置
    标准颜色: 未设置
  运行 8: '5'
    字体: 未设置
    大小: 未设置
    粗体: 未设置
    斜体: 未设置
    下划线: 未设置
    标准颜色: 未设置
  运行 9: ''
    字体: 未设置
    大小: 未设置
    粗体: 未设置
    斜体: 未设置
    下划线: 未设置
    标准颜色: 未设置
  运行 10: '-'
    字体: 未设置
    大小: 未设置
    粗体: 未设置
    斜体: 未设置
    下划线: 未设置
    标准颜色: 未设置
  运行 11: ''
    字体: 未设置
    大小: 未设置
    粗体: 未设置
    斜体: 未设置
    下划线: 未设置
    标准颜色: 未设置
  运行 12: ''
    字体: 未设置
    大小: 未设置
    粗体: 未设置
    斜体: 未设置
    下划线: 未设置
    标准颜色: 未设置
  运行 13: ''
    字体: 未设置
    大小: 未设置
    粗体: 未设置
    斜体: 未设置
    下划线: 未设置
    标准颜色: 未设置
  运行 14: ''
    字体: 未设置
    大小: 未设置
    粗体: 未设置
    斜体: 未设置
    下划线: 未设置
    标准颜色: 未设置
  运行 15: ''
    字体: 未设置
    大小: 未设置
    粗体: 未设置
    斜体: 未设置
    下划线: 未设置
    标准颜色: 未设置
  运行 16: ''
    字体: 未设置
    大小: 未设置
    粗体: 未设置
    斜体: 未设置
    下划线: 未设置
    标准颜色: 未设置
  运行 17: ''
    字体: 未设置
    大小: 未设置
    粗体: 未设置
    斜体: 未设置
    下划线: 未设置
    标准颜色: 未设置
  运行 18: '8'
    字体: 未设置
    大小: 未设置
    粗体: 未设置
    斜体: 未设置
    下划线: 未设置
    标准颜色: 未设置
  运行 19: ''
    字体: 未设置
    大小: 未设置
    粗体: 未设置
    斜体: 未设置
    下划线: 未设置
    标准颜色: 未设置
  运行 20: '　'
    字体: 未设置
    大小: 未设置
    粗体: 未设置
    斜体: 未设置
    下划线: 未设置
    标准颜色: 未设置
  运行 21: 'Y'
    字体: 未设置
    大小: 未设置
    粗体: 未设置
    斜体: 未设置
    下划线: 未设置
    标准颜色: 未设置
  运行 22: '公司'
    字体: 未设置
    大小: 未设置
    粗体: 未设置
    斜体: 未设置
    下划线: 未设置
    标准颜色: 未设置
  运行 23: 'KOL'
    字体: 未设置
    大小: 未设置
    粗体: 未设置
    斜体: 未设置
    下划线: 未设置
    标准颜色: 未设置
  运行 24: '分类标准'
    字体: 未设置
    大小: 未设置
    粗体: 未设置
    斜体: 未设置
    下划线: 未设置
    标准颜色: 未设置

段落 1034:
文本内容: 资料来源：作者整理，Y公司内部资料，2024.
段落样式: 图表资料来源
从样式获取的格式:
  样式字体: 未设置
  样式字号: 114300
  样式字号(pt): 9.0
  样式颜色: 未设置
对齐方式: 未设置
左缩进: 未设置
右缩进: 未设置
首行缩进: 未设置
行间距: 未设置
从XML读取的格式:
  运行 1: '资料来源：'
    字体: 未设置
    大小: 未设置
    粗体: 未设置
    斜体: 未设置
    下划线: 未设置
    标准颜色: 未设置
  运行 2: '作者整'
    字体: 未设置
    大小: 未设置
    粗体: 未设置
    斜体: 未设置
    下划线: 未设置
    标准颜色: 未设置
  运行 3: '理，'
    字体: 未设置
    大小: 未设置
    粗体: 未设置
    斜体: 未设置
    下划线: 未设置
    标准颜色: 未设置
  运行 4: 'Y'
    字体: 未设置
    大小: 未设置
    粗体: 未设置
    斜体: 未设置
    下划线: 未设置
    标准颜色: 未设置
  运行 5: '公司内部资料'
    字体: 未设置
    大小: 未设置
    粗体: 未设置
    斜体: 未设置
    下划线: 未设置
    标准颜色: 未设置
  运行 6: '，'
    字体: 未设置
    大小: 未设置
    粗体: 未设置
    斜体: 未设置
    下划线: 未设置
    标准颜色: 未设置
  运行 7: '20'
    字体: 未设置
    大小: 未设置
    粗体: 未设置
    斜体: 未设置
    下划线: 未设置
    标准颜色: 未设置
  运行 8: '2'
    字体: 未设置
    大小: 未设置
    粗体: 未设置
    斜体: 未设置
    下划线: 未设置
    标准颜色: 未设置
  运行 9: '4'
    字体: 未设置
    大小: 未设置
    粗体: 未设置
    斜体: 未设置
    下划线: 未设置
    标准颜色: 未设置
  运行 10: '.'
    字体: 未设置
    大小: 未设置
    粗体: 未设置
    斜体: 未设置
    下划线: 未设置
    标准颜色: 未设置

段落 1036:
文本内容: 在管理KOL客户的过程中，应根据不同科室设备推广策略、重点推广的产品等，针对眼科专家的擅长的学术领域，制定相应的管理计划。在制定计划前需要收集关键信息，具体如表 5-9所示。
段落样式: 正文-缩进
从样式获取的格式:
  样式字体: 未设置
  样式字号: 未设置
  样式颜色: 未设置
对齐方式: 未设置
左缩进: 未设置
右缩进: 未设置
首行缩进: 未设置
行间距: 未设置
从XML读取的格式:
  运行 1: '在管理'
    字体: 未设置
    大小: 未设置
    粗体: 未设置
    斜体: 未设置
    下划线: 未设置
    标准颜色: 未设置
  运行 2: 'KOL'
    字体: 未设置
    大小: 未设置
    粗体: 未设置
    斜体: 未设置
    下划线: 未设置
    标准颜色: 未设置
  运行 3: '客户的过程中，应'
    字体: 未设置
    大小: 未设置
    粗体: 未设置
    斜体: 未设置
    下划线: 未设置
    标准颜色: 未设置
  运行 4: '根据不同科室设备推广策略、重点推广的产品等，'
    字体: 未设置
    大小: 未设置
    粗体: 未设置
    斜体: 未设置
    下划线: 未设置
    标准颜色: 未设置
  运行 5: '针对眼科'
    字体: 未设置
    大小: 未设置
    粗体: 未设置
    斜体: 未设置
    下划线: 未设置
    标准颜色: 未设置
  运行 6: '专家的'
    字体: 未设置
    大小: 未设置
    粗体: 未设置
    斜体: 未设置
    下划线: 未设置
    标准颜色: 未设置
  运行 7: '擅长的学术领域'
    字体: 未设置
    大小: 未设置
    粗体: 未设置
    斜体: 未设置
    下划线: 未设置
    标准颜色: 未设置
  运行 8: '，制定相应的管理计划'
    字体: 未设置
    大小: 未设置
    粗体: 未设置
    斜体: 未设置
    下划线: 未设置
    标准颜色: 未设置
  运行 9: '。在'
    字体: 未设置
    大小: 未设置
    粗体: 未设置
    斜体: 未设置
    下划线: 未设置
    标准颜色: 未设置
  运行 10: '制定'
    字体: 未设置
    大小: 未设置
    粗体: 未设置
    斜体: 未设置
    下划线: 未设置
    标准颜色: 未设置
  运行 11: '计划前需要收集关键信息'
    字体: 未设置
    大小: 未设置
    粗体: 未设置
    斜体: 未设置
    下划线: 未设置
    标准颜色: 未设置
  运行 12: '，具体'
    字体: 未设置
    大小: 未设置
    粗体: 未设置
    斜体: 未设置
    下划线: 未设置
    标准颜色: 未设置
  运行 13: '如'
    字体: 未设置
    大小: 未设置
    粗体: 未设置
    斜体: 未设置
    下划线: 未设置
    标准颜色: 未设置
  运行 14: ''
    字体: 未设置
    大小: 未设置
    粗体: 未设置
    斜体: 未设置
    下划线: 未设置
    标准颜色: 未设置
  运行 15: ''
    字体: 未设置
    大小: 未设置
    粗体: 未设置
    斜体: 未设置
    下划线: 未设置
    标准颜色: 未设置
  运行 16: ''
    字体: 未设置
    大小: 未设置
    粗体: 未设置
    斜体: 未设置
    下划线: 未设置
    标准颜色: 未设置
  运行 17: ''
    字体: 未设置
    大小: 未设置
    粗体: 未设置
    斜体: 未设置
    下划线: 未设置
    标准颜色: 未设置
  运行 18: ''
    字体: 未设置
    大小: 未设置
    粗体: 未设置
    斜体: 未设置
    下划线: 未设置
    标准颜色: 未设置
  运行 19: '表'
    字体: 未设置
    大小: 未设置
    粗体: 未设置
    斜体: 未设置
    下划线: 未设置
    标准颜色: 未设置
  运行 20: ' '
    字体: 未设置
    大小: 未设置
    粗体: 未设置
    斜体: 未设置
    下划线: 未设置
    标准颜色: 未设置
  运行 21: '5'
    字体: 未设置
    大小: 未设置
    粗体: 未设置
    斜体: 未设置
    下划线: 未设置
    标准颜色: 未设置
  运行 22: '-'
    字体: 未设置
    大小: 未设置
    粗体: 未设置
    斜体: 未设置
    下划线: 未设置
    标准颜色: 未设置
  运行 23: '9'
    字体: 未设置
    大小: 未设置
    粗体: 未设置
    斜体: 未设置
    下划线: 未设置
    标准颜色: 未设置
  运行 24: ''
    字体: 未设置
    大小: 未设置
    粗体: 未设置
    斜体: 未设置
    下划线: 未设置
    标准颜色: 未设置
  运行 25: '所示。'
    字体: 未设置
    大小: 未设置
    粗体: 未设置
    斜体: 未设置
    下划线: 未设置
    标准颜色: 未设置

段落 1038:
文本内容: 表 5-9　Y公司KOL档案信息
段落样式: Caption
从样式获取的格式:
  样式字体: 未设置
  样式字号: 未设置
  样式颜色: 未设置
对齐方式: 未设置
左缩进: 未设置
右缩进: 未设置
首行缩进: 未设置
行间距: 未设置
从XML读取的格式:
  运行 1: '表'
    字体: 未设置
    大小: 未设置
    粗体: 未设置
    斜体: 未设置
    下划线: 未设置
    标准颜色: 未设置
  运行 2: ' '
    字体: 未设置
    大小: 未设置
    粗体: 未设置
    斜体: 未设置
    下划线: 未设置
    标准颜色: 未设置
  运行 3: ''
    字体: 未设置
    大小: 未设置
    粗体: 未设置
    斜体: 未设置
    下划线: 未设置
    标准颜色: 未设置
  运行 4: ''
    字体: 未设置
    大小: 未设置
    粗体: 未设置
    斜体: 未设置
    下划线: 未设置
    标准颜色: 未设置
  运行 5: ''
    字体: 未设置
    大小: 未设置
    粗体: 未设置
    斜体: 未设置
    下划线: 未设置
    标准颜色: 未设置
  运行 6: ''
    字体: 未设置
    大小: 未设置
    粗体: 未设置
    斜体: 未设置
    下划线: 未设置
    标准颜色: 未设置
  运行 7: ''
    字体: 未设置
    大小: 未设置
    粗体: 未设置
    斜体: 未设置
    下划线: 未设置
    标准颜色: 未设置
  运行 8: '5'
    字体: 未设置
    大小: 未设置
    粗体: 未设置
    斜体: 未设置
    下划线: 未设置
    标准颜色: 未设置
  运行 9: ''
    字体: 未设置
    大小: 未设置
    粗体: 未设置
    斜体: 未设置
    下划线: 未设置
    标准颜色: 未设置
  运行 10: '-'
    字体: 未设置
    大小: 未设置
    粗体: 未设置
    斜体: 未设置
    下划线: 未设置
    标准颜色: 未设置
  运行 11: ''
    字体: 未设置
    大小: 未设置
    粗体: 未设置
    斜体: 未设置
    下划线: 未设置
    标准颜色: 未设置
  运行 12: ''
    字体: 未设置
    大小: 未设置
    粗体: 未设置
    斜体: 未设置
    下划线: 未设置
    标准颜色: 未设置
  运行 13: ''
    字体: 未设置
    大小: 未设置
    粗体: 未设置
    斜体: 未设置
    下划线: 未设置
    标准颜色: 未设置
  运行 14: ''
    字体: 未设置
    大小: 未设置
    粗体: 未设置
    斜体: 未设置
    下划线: 未设置
    标准颜色: 未设置
  运行 15: ''
    字体: 未设置
    大小: 未设置
    粗体: 未设置
    斜体: 未设置
    下划线: 未设置
    标准颜色: 未设置
  运行 16: ''
    字体: 未设置
    大小: 未设置
    粗体: 未设置
    斜体: 未设置
    下划线: 未设置
    标准颜色: 未设置
  运行 17: ''
    字体: 未设置
    大小: 未设置
    粗体: 未设置
    斜体: 未设置
    下划线: 未设置
    标准颜色: 未设置
  运行 18: '9'
    字体: 未设置
    大小: 未设置
    粗体: 未设置
    斜体: 未设置
    下划线: 未设置
    标准颜色: 未设置
  运行 19: ''
    字体: 未设置
    大小: 未设置
    粗体: 未设置
    斜体: 未设置
    下划线: 未设置
    标准颜色: 未设置
  运行 20: '　'
    字体: 未设置
    大小: 未设置
    粗体: 未设置
    斜体: 未设置
    下划线: 未设置
    标准颜色: 未设置
  运行 21: 'Y'
    字体: 未设置
    大小: 未设置
    粗体: 未设置
    斜体: 未设置
    下划线: 未设置
    标准颜色: 未设置
  运行 22: '公司'
    字体: 未设置
    大小: 未设置
    粗体: 未设置
    斜体: 未设置
    下划线: 未设置
    标准颜色: 未设置
  运行 23: 'KOL'
    字体: 未设置
    大小: 未设置
    粗体: 未设置
    斜体: 未设置
    下划线: 未设置
    标准颜色: 未设置
  运行 24: '档案信息'
    字体: 未设置
    大小: 未设置
    粗体: 未设置
    斜体: 未设置
    下划线: 未设置
    标准颜色: 未设置

段落 1039:
文本内容: 资料来源：作者整理，Y公司内部资料，2024.
段落样式: 图表资料来源
从样式获取的格式:
  样式字体: 未设置
  样式字号: 114300
  样式字号(pt): 9.0
  样式颜色: 未设置
对齐方式: 未设置
左缩进: 未设置
右缩进: 未设置
首行缩进: 未设置
行间距: 未设置
从XML读取的格式:
  运行 1: '资料来源：'
    字体: 未设置
    大小: 未设置
    粗体: 未设置
    斜体: 未设置
    下划线: 未设置
    标准颜色: 未设置
  运行 2: '作者整'
    字体: 未设置
    大小: 未设置
    粗体: 未设置
    斜体: 未设置
    下划线: 未设置
    标准颜色: 未设置
  运行 3: '理，'
    字体: 未设置
    大小: 未设置
    粗体: 未设置
    斜体: 未设置
    下划线: 未设置
    标准颜色: 未设置
  运行 4: 'Y'
    字体: 未设置
    大小: 未设置
    粗体: 未设置
    斜体: 未设置
    下划线: 未设置
    标准颜色: 未设置
  运行 5: '公司内部资料'
    字体: 未设置
    大小: 未设置
    粗体: 未设置
    斜体: 未设置
    下划线: 未设置
    标准颜色: 未设置
  运行 6: '，'
    字体: 未设置
    大小: 未设置
    粗体: 未设置
    斜体: 未设置
    下划线: 未设置
    标准颜色: 未设置
  运行 7: '20'
    字体: 未设置
    大小: 未设置
    粗体: 未设置
    斜体: 未设置
    下划线: 未设置
    标准颜色: 未设置
  运行 8: '2'
    字体: 未设置
    大小: 未设置
    粗体: 未设置
    斜体: 未设置
    下划线: 未设置
    标准颜色: 未设置
  运行 9: '4'
    字体: 未设置
    大小: 未设置
    粗体: 未设置
    斜体: 未设置
    下划线: 未设置
    标准颜色: 未设置
  运行 10: '.'
    字体: 未设置
    大小: 未设置
    粗体: 未设置
    斜体: 未设置
    下划线: 未设置
    标准颜色: 未设置

段落 1041:
文本内容: 我们只有深入了解客户的需求，不断发展优化与重点客户的关系，才能更深入准确的了解把握客户的具体需求，才能逐步塑造和提升客户对Y公司产品及整个公司品牌的认知和好感，从而为未来的合作奠定坚实的基础。
段落样式: 正文-缩进
从样式获取的格式:
  样式字体: 未设置
  样式字号: 未设置
  样式颜色: 未设置
对齐方式: 未设置
左缩进: 未设置
右缩进: 未设置
首行缩进: 未设置
行间距: 未设置
从XML读取的格式:
  运行 1: '我们'
    字体: 未设置
    大小: 未设置
    粗体: 未设置
    斜体: 未设置
    下划线: 未设置
    标准颜色: 未设置
  运行 2: '只有'
    字体: 未设置
    大小: 未设置
    粗体: 未设置
    斜体: 未设置
    下划线: 未设置
    标准颜色: 未设置
  运行 3: '深入了解'
    字体: 未设置
    大小: 未设置
    粗体: 未设置
    斜体: 未设置
    下划线: 未设置
    标准颜色: 未设置
  运行 4: '客户的需求，不断'
    字体: 未设置
    大小: 未设置
    粗体: 未设置
    斜体: 未设置
    下划线: 未设置
    标准颜色: 未设置
  运行 5: '发展'
    字体: 未设置
    大小: 未设置
    粗体: 未设置
    斜体: 未设置
    下划线: 未设置
    标准颜色: 未设置
  运行 6: '优化与'
    字体: 未设置
    大小: 未设置
    粗体: 未设置
    斜体: 未设置
    下划线: 未设置
    标准颜色: 未设置
  运行 7: '重点客户的关系'
    字体: 未设置
    大小: 未设置
    粗体: 未设置
    斜体: 未设置
    下划线: 未设置
    标准颜色: 未设置
  运行 8: '，才能更深入准确的'
    字体: 未设置
    大小: 未设置
    粗体: 未设置
    斜体: 未设置
    下划线: 未设置
    标准颜色: 未设置
  运行 9: '了解把握客户的具体需求'
    字体: 未设置
    大小: 未设置
    粗体: 未设置
    斜体: 未设置
    下划线: 未设置
    标准颜色: 未设置
  运行 10: '，才能'
    字体: 未设置
    大小: 未设置
    粗体: 未设置
    斜体: 未设置
    下划线: 未设置
    标准颜色: 未设置
  运行 11: '逐步塑造和提升客户对'
    字体: 未设置
    大小: 未设置
    粗体: 未设置
    斜体: 未设置
    下划线: 未设置
    标准颜色: 未设置
  运行 12: 'Y'
    字体: 未设置
    大小: 未设置
    粗体: 未设置
    斜体: 未设置
    下划线: 未设置
    标准颜色: 未设置
  运行 13: '公司产品'
    字体: 未设置
    大小: 未设置
    粗体: 未设置
    斜体: 未设置
    下划线: 未设置
    标准颜色: 未设置
  运行 14: '及'
    字体: 未设置
    大小: 未设置
    粗体: 未设置
    斜体: 未设置
    下划线: 未设置
    标准颜色: 未设置
  运行 15: '整个公司品牌的认知和'
    字体: 未设置
    大小: 未设置
    粗体: 未设置
    斜体: 未设置
    下划线: 未设置
    标准颜色: 未设置
  运行 16: '好感，'
    字体: 未设置
    大小: 未设置
    粗体: 未设置
    斜体: 未设置
    下划线: 未设置
    标准颜色: 未设置
  运行 17: '从而为未来的合作奠定坚实的基础。'
    字体: 未设置
    大小: 未设置
    粗体: 未设置
    斜体: 未设置
    下划线: 未设置
    标准颜色: 未设置

段落 1042:
文本内容: 跨部门联合维护
段落样式: Heading 4
从样式获取的格式:
  样式字体: 未设置
  样式字号: 未设置
  样式颜色: 未设置
对齐方式: 未设置
左缩进: 未设置
右缩进: 未设置
首行缩进: 未设置
行间距: 未设置
从XML读取的格式:
  运行 1: '跨部门联合维护'
    字体: 未设置
    大小: 未设置
    粗体: 未设置
    斜体: 未设置
    下划线: 未设置
    标准颜色: 未设置

段落 1043:
文本内容: 在市场营销的全过程中，涉及多个部门的协同合作，包括销售专员、市场部人员、技术工程师等不同部门。这些部门在不同的营销阶段发挥着各自的作用，但它们各自的专业领域和关注重点各有差异。这种分散的维护方式可能会导致无法迅速解决客户面临的综合性问题，不一致的沟通接口也可能引起客户的困惑。Y公司可以建立一个跨部门联合拜访的机制，在公司内部沟通群互通客户拜访计划等信息，确保各部门能够协调一致地参与到客户拜访中。这种机制不仅能够提高问题解决的效率，也能为客户提供一致的服务体验。
段落样式: 正文-缩进
从样式获取的格式:
  样式字体: 未设置
  样式字号: 未设置
  样式颜色: 未设置
对齐方式: 未设置
左缩进: 未设置
右缩进: 未设置
首行缩进: 未设置
行间距: 未设置
从XML读取的格式:
  运行 1: '在市场营销的全过程中，涉及多个部门的协同合作，包括销售专员、市场部人员、技术工程师等不同部门。这些部门在不同的营销阶段发挥着各自的作用，但它们各自的专业领域和关注重点各有差异。这种分散的维护方式可能会导致无法迅速解决客户面临的综合性问题'
    字体: 未设置
    大小: 未设置
    粗体: 未设置
    斜体: 未设置
    下划线: 未设置
    标准颜色: 未设置
  运行 2: '，'
    字体: 未设置
    大小: 未设置
    粗体: 未设置
    斜体: 未设置
    下划线: 未设置
    标准颜色: 未设置
  运行 3: '不一致的沟通接口也可能引起客户的困惑。'
    字体: 未设置
    大小: 未设置
    粗体: 未设置
    斜体: 未设置
    下划线: 未设置
    标准颜色: 未设置
  运行 4: 'Y'
    字体: 未设置
    大小: 未设置
    粗体: 未设置
    斜体: 未设置
    下划线: 未设置
    标准颜色: 未设置
  运行 5: '公司'
    字体: 未设置
    大小: 未设置
    粗体: 未设置
    斜体: 未设置
    下划线: 未设置
    标准颜色: 未设置
  运行 6: '可以建立一个跨部门联合拜访的机制，'
    字体: 未设置
    大小: 未设置
    粗体: 未设置
    斜体: 未设置
    下划线: 未设置
    标准颜色: 未设置
  运行 7: '在公司内部沟通群互通客户拜访计划等信息，'
    字体: 未设置
    大小: 未设置
    粗体: 未设置
    斜体: 未设置
    下划线: 未设置
    标准颜色: 未设置
  运行 8: '确保各部门能够协调一致地参与到客户拜访中。这种机制不仅能够提高问题解决的效率，也能为客户提供一致的服务体验。'
    字体: 未设置
    大小: 未设置
    粗体: 未设置
    斜体: 未设置
    下划线: 未设置
    标准颜色: 未设置

段落 1044:
文本内容: 成本策略
段落样式: Heading 3
从样式获取的格式:
  样式字体: 未设置
  样式字号: 未设置
  样式颜色: 未设置
对齐方式: 未设置
左缩进: 未设置
右缩进: 未设置
首行缩进: 未设置
行间距: 未设置
从XML读取的格式:
  运行 1: '成本策略'
    字体: 未设置
    大小: 未设置
    粗体: 未设置
    斜体: 未设置
    下划线: 未设置
    标准颜色: 未设置
  运行 2: ''
    字体: 未设置
    大小: 未设置
    粗体: 未设置
    斜体: 未设置
    下划线: 未设置
    标准颜色: 未设置
  运行 3: ''
    字体: 未设置
    大小: 未设置
    粗体: 未设置
    斜体: 未设置
    下划线: 未设置
    标准颜色: 未设置
  运行 4: ''
    字体: 未设置
    大小: 未设置
    粗体: 未设置
    斜体: 未设置
    下划线: 未设置
    标准颜色: 未设置
  运行 5: ''
    字体: 未设置
    大小: 未设置
    粗体: 未设置
    斜体: 未设置
    下划线: 未设置
    标准颜色: 未设置
  运行 6: ''
    字体: 未设置
    大小: 未设置
    粗体: 未设置
    斜体: 未设置
    下划线: 未设置
    标准颜色: 未设置
  运行 7: ''
    字体: 未设置
    大小: 未设置
    粗体: 未设置
    斜体: 未设置
    下划线: 未设置
    标准颜色: 未设置
  运行 8: ''
    字体: 未设置
    大小: 未设置
    粗体: 未设置
    斜体: 未设置
    下划线: 未设置
    标准颜色: 未设置
  运行 9: ''
    字体: 未设置
    大小: 未设置
    粗体: 未设置
    斜体: 未设置
    下划线: 未设置
    标准颜色: 未设置
  运行 10: ''
    字体: 未设置
    大小: 未设置
    粗体: 未设置
    斜体: 未设置
    下划线: 未设置
    标准颜色: 未设置
  运行 11: ''
    字体: 未设置
    大小: 未设置
    粗体: 未设置
    斜体: 未设置
    下划线: 未设置
    标准颜色: 未设置
  运行 12: ''
    字体: 未设置
    大小: 未设置
    粗体: 未设置
    斜体: 未设置
    下划线: 未设置
    标准颜色: 未设置

段落 1045:
文本内容: 在国家不断严格的进口设备采购审查的环境下，以及医院采购预算有限审批的情况下，医院购买所需设备时非常慎重。对于设备的采购价格都会在网上寻找相同型号最低中标价格，作为采购设备谈判的参考。在进口和国产激烈的市场竞争中，Y公司在一些公立和民营项目中采取了降价策略以提高成单率，但长期的价格战可能会侵蚀公司利润。为了平衡这一挑战，Y公司和客户都在寻求降低成本的有效方法。以下是两个优化方案。
段落样式: 正文-缩进
从样式获取的格式:
  样式字体: 未设置
  样式字号: 未设置
  样式颜色: 未设置
对齐方式: 未设置
左缩进: 未设置
右缩进: 未设置
首行缩进: 未设置
行间距: 未设置
从XML读取的格式:
  运行 1: '在国家不断严格的进口设备采购审查的环境下，'
    字体: 未设置
    大小: 未设置
    粗体: 未设置
    斜体: 未设置
    下划线: 未设置
    标准颜色: 未设置
  运行 2: '以及'
    字体: 未设置
    大小: 未设置
    粗体: 未设置
    斜体: 未设置
    下划线: 未设置
    标准颜色: 未设置
  运行 3: '医院'
    字体: 未设置
    大小: 未设置
    粗体: 未设置
    斜体: 未设置
    下划线: 未设置
    标准颜色: 未设置
  运行 4: '采购'
    字体: 未设置
    大小: 未设置
    粗体: 未设置
    斜体: 未设置
    下划线: 未设置
    标准颜色: 未设置
  运行 5: '预算有限审批的情况下'
    字体: 未设置
    大小: 未设置
    粗体: 未设置
    斜体: 未设置
    下划线: 未设置
    标准颜色: 未设置
  运行 6: '，医院'
    字体: 未设置
    大小: 未设置
    粗体: 未设置
    斜体: 未设置
    下划线: 未设置
    标准颜色: 未设置
  运行 7: '购买'
    字体: 未设置
    大小: 未设置
    粗体: 未设置
    斜体: 未设置
    下划线: 未设置
    标准颜色: 未设置
  运行 8: '所需设备时'
    字体: 未设置
    大小: 未设置
    粗体: 未设置
    斜体: 未设置
    下划线: 未设置
    标准颜色: 未设置
  运行 9: '非常慎重'
    字体: 未设置
    大小: 未设置
    粗体: 未设置
    斜体: 未设置
    下划线: 未设置
    标准颜色: 未设置
  运行 10: '。'
    字体: 未设置
    大小: 未设置
    粗体: 未设置
    斜体: 未设置
    下划线: 未设置
    标准颜色: 未设置
  运行 11: '对于设备的采购价格都会在网上寻找相同型号'
    字体: 未设置
    大小: 未设置
    粗体: 未设置
    斜体: 未设置
    下划线: 未设置
    标准颜色: 未设置
  运行 12: '最低中标价格，作为采购设备谈判的参考'
    字体: 未设置
    大小: 未设置
    粗体: 未设置
    斜体: 未设置
    下划线: 未设置
    标准颜色: 未设置
  运行 13: '。在进口和国产'
    字体: 未设置
    大小: 未设置
    粗体: 未设置
    斜体: 未设置
    下划线: 未设置
    标准颜色: 未设置
  运行 14: '激烈的市场竞争中，'
    字体: 未设置
    大小: 未设置
    粗体: 未设置
    斜体: 未设置
    下划线: 未设置
    标准颜色: 未设置
  运行 15: 'Y'
    字体: 未设置
    大小: 未设置
    粗体: 未设置
    斜体: 未设置
    下划线: 未设置
    标准颜色: 未设置
  运行 16: '公司在一些公立和民营项目中采取了降价策略以提高成单率，但长期的价格战可能会侵蚀公司利润。为了平衡这一挑战，'
    字体: 未设置
    大小: 未设置
    粗体: 未设置
    斜体: 未设置
    下划线: 未设置
    标准颜色: 未设置
  运行 17: 'Y'
    字体: 未设置
    大小: 未设置
    粗体: 未设置
    斜体: 未设置
    下划线: 未设置
    标准颜色: 未设置
  运行 18: '公司和客户都在寻求降低成本的有效方法。以下是两个优化方案。'
    字体: 未设置
    大小: 未设置
    粗体: 未设置
    斜体: 未设置
    下划线: 未设置
    标准颜色: 未设置

段落 1046:
文本内容: 公司成本控制策略
段落样式: Heading 4
从样式获取的格式:
  样式字体: 未设置
  样式字号: 未设置
  样式颜色: 未设置
对齐方式: 未设置
左缩进: 未设置
右缩进: 未设置
首行缩进: 未设置
行间距: 未设置
从XML读取的格式:
  运行 1: '公司成本控制策略'
    字体: 未设置
    大小: 未设置
    粗体: 未设置
    斜体: 未设置
    下划线: 未设置
    标准颜色: 未设置

段落 1047:
文本内容: 面对日益严格的进口论证，和竞争激烈的市场现状，Y公司的成本控制显得尤为关键。Y公司要坚持使用代理的原厂的主机以保证产品质量，同时在不影响设备性能的前提下，寻找成本效益更高的替代供应商，作为非关键部件的供应商。例如安放设备的台子、电脑、打印机等。其次，Y公司采用六西格玛（Six Sigma）和精益管理（Lean Management）的办法，对库存场地进度流程进行优化，优化采购计划预估和库存数量。例如国产台子等替代品直接由定制生产厂家发往最终客户，以提高运输效率并节省运输成本。医疗设备安排发货前，由业务人员和工程师先到达现场查看安装场地、现场布局和配套设施。业务人员和医院科室沟通好装机和培训时间，一切就绪后再安排发货，避免因类似问题导致人力物力的资源浪费。
段落样式: 正文-缩进
从样式获取的格式:
  样式字体: 未设置
  样式字号: 未设置
  样式颜色: 未设置
对齐方式: 未设置
左缩进: 未设置
右缩进: 未设置
首行缩进: 未设置
行间距: 未设置
从XML读取的格式:
  运行 1: '面对日益严格的进口'
    字体: 未设置
    大小: 未设置
    粗体: 未设置
    斜体: 未设置
    下划线: 未设置
    标准颜色: 未设置
  运行 2: '论证'
    字体: 未设置
    大小: 未设置
    粗体: 未设置
    斜体: 未设置
    下划线: 未设置
    标准颜色: 未设置
  运行 3: '，和竞争激烈的'
    字体: 未设置
    大小: 未设置
    粗体: 未设置
    斜体: 未设置
    下划线: 未设置
    标准颜色: 未设置
  运行 4: '市场现状，'
    字体: 未设置
    大小: 未设置
    粗体: 未设置
    斜体: 未设置
    下划线: 未设置
    标准颜色: 未设置
  运行 5: 'Y'
    字体: 未设置
    大小: 未设置
    粗体: 未设置
    斜体: 未设置
    下划线: 未设置
    标准颜色: 未设置
  运行 6: '公司的成本控制显得尤为关键。'
    字体: 未设置
    大小: 未设置
    粗体: 未设置
    斜体: 未设置
    下划线: 未设置
    标准颜色: 未设置
  运行 7: 'Y'
    字体: 未设置
    大小: 未设置
    粗体: 未设置
    斜体: 未设置
    下划线: 未设置
    标准颜色: 未设置
  运行 8: '公司'
    字体: 未设置
    大小: 未设置
    粗体: 未设置
    斜体: 未设置
    下划线: 未设置
    标准颜色: 未设置
  运行 9: '要'
    字体: 未设置
    大小: 未设置
    粗体: 未设置
    斜体: 未设置
    下划线: 未设置
    标准颜色: 未设置
  运行 10: '坚持使用代理的原厂的主机以保证产品质量，同时在不影响设备性能的前提下，寻找成本效益更高的替代供应商，'
    字体: 未设置
    大小: 未设置
    粗体: 未设置
    斜体: 未设置
    下划线: 未设置
    标准颜色: 未设置
  运行 11: '作为'
    字体: 未设置
    大小: 未设置
    粗体: 未设置
    斜体: 未设置
    下划线: 未设置
    标准颜色: 未设置
  运行 12: '非关键部件'
    字体: 未设置
    大小: 未设置
    粗体: 未设置
    斜体: 未设置
    下划线: 未设置
    标准颜色: 未设置
  运行 13: '的供应商'
    字体: 未设置
    大小: 未设置
    粗体: 未设置
    斜体: 未设置
    下划线: 未设置
    标准颜色: 未设置
  运行 14: '。例如'
    字体: 未设置
    大小: 未设置
    粗体: 未设置
    斜体: 未设置
    下划线: 未设置
    标准颜色: 未设置
  运行 15: '安放'
    字体: 未设置
    大小: 未设置
    粗体: 未设置
    斜体: 未设置
    下划线: 未设置
    标准颜色: 未设置
  运行 16: '设备的'
    字体: 未设置
    大小: 未设置
    粗体: 未设置
    斜体: 未设置
    下划线: 未设置
    标准颜色: 未设置
  运行 17: '台子、电脑、打印机等。其次，'
    字体: 未设置
    大小: 未设置
    粗体: 未设置
    斜体: 未设置
    下划线: 未设置
    标准颜色: 未设置
  运行 18: 'Y'
    字体: 未设置
    大小: 未设置
    粗体: 未设置
    斜体: 未设置
    下划线: 未设置
    标准颜色: 未设置
  运行 19: '公司'
    字体: 未设置
    大小: 未设置
    粗体: 未设置
    斜体: 未设置
    下划线: 未设置
    标准颜色: 未设置
  运行 20: '采用'
    字体: 未设置
    大小: 未设置
    粗体: 未设置
    斜体: 未设置
    下划线: 未设置
    标准颜色: 未设置
  运行 21: '六西格玛（'
    字体: 未设置
    大小: 未设置
    粗体: 未设置
    斜体: 未设置
    下划线: 未设置
    标准颜色: 未设置
  运行 22: 'Six Sigma'
    字体: 未设置
    大小: 未设置
    粗体: 未设置
    斜体: 未设置
    下划线: 未设置
    标准颜色: 未设置
  运行 23: '）和精益管理（'
    字体: 未设置
    大小: 未设置
    粗体: 未设置
    斜体: 未设置
    下划线: 未设置
    标准颜色: 未设置
  运行 24: 'Lean Management'
    字体: 未设置
    大小: 未设置
    粗体: 未设置
    斜体: 未设置
    下划线: 未设置
    标准颜色: 未设置
  运行 25: '）'
    字体: 未设置
    大小: 未设置
    粗体: 未设置
    斜体: 未设置
    下划线: 未设置
    标准颜色: 未设置
  运行 26: '的办法'
    字体: 未设置
    大小: 未设置
    粗体: 未设置
    斜体: 未设置
    下划线: 未设置
    标准颜色: 未设置
  运行 27: '，对'
    字体: 未设置
    大小: 未设置
    粗体: 未设置
    斜体: 未设置
    下划线: 未设置
    标准颜色: 未设置
  运行 28: '库存场地进度流程'
    字体: 未设置
    大小: 未设置
    粗体: 未设置
    斜体: 未设置
    下划线: 未设置
    标准颜色: 未设置
  运行 29: '进行优化，'
    字体: 未设置
    大小: 未设置
    粗体: 未设置
    斜体: 未设置
    下划线: 未设置
    标准颜色: 未设置
  运行 30: '优化'
    字体: 未设置
    大小: 未设置
    粗体: 未设置
    斜体: 未设置
    下划线: 未设置
    标准颜色: 未设置
  运行 31: '采购'
    字体: 未设置
    大小: 未设置
    粗体: 未设置
    斜体: 未设置
    下划线: 未设置
    标准颜色: 未设置
  运行 32: '计划预估'
    字体: 未设置
    大小: 未设置
    粗体: 未设置
    斜体: 未设置
    下划线: 未设置
    标准颜色: 未设置
  运行 33: '和库存'
    字体: 未设置
    大小: 未设置
    粗体: 未设置
    斜体: 未设置
    下划线: 未设置
    标准颜色: 未设置
  运行 34: '数量'
    字体: 未设置
    大小: 未设置
    粗体: 未设置
    斜体: 未设置
    下划线: 未设置
    标准颜色: 未设置
  运行 35: '。例如'
    字体: 未设置
    大小: 未设置
    粗体: 未设置
    斜体: 未设置
    下划线: 未设置
    标准颜色: 未设置
  运行 36: '国产台子等替代品直接由定制生产厂家发往最终客户，'
    字体: 未设置
    大小: 未设置
    粗体: 未设置
    斜体: 未设置
    下划线: 未设置
    标准颜色: 未设置
  运行 37: '以提高'
    字体: 未设置
    大小: 未设置
    粗体: 未设置
    斜体: 未设置
    下划线: 未设置
    标准颜色: 未设置
  运行 38: '运输'
    字体: 未设置
    大小: 未设置
    粗体: 未设置
    斜体: 未设置
    下划线: 未设置
    标准颜色: 未设置
  运行 39: '效率'
    字体: 未设置
    大小: 未设置
    粗体: 未设置
    斜体: 未设置
    下划线: 未设置
    标准颜色: 未设置
  运行 40: '并节省运输成本'
    字体: 未设置
    大小: 未设置
    粗体: 未设置
    斜体: 未设置
    下划线: 未设置
    标准颜色: 未设置
  运行 41: '。'
    字体: 未设置
    大小: 未设置
    粗体: 未设置
    斜体: 未设置
    下划线: 未设置
    标准颜色: 未设置
  运行 42: '医疗设备安排发货前，由业务人员和工程师先到达现场查看安装场地、现场布局和配套设施。业务人员和医院科室沟通好装机和培训时间，一切就绪后再安排发货，'
    字体: 未设置
    大小: 未设置
    粗体: 未设置
    斜体: 未设置
    下划线: 未设置
    标准颜色: 未设置
  运行 43: '避免因'
    字体: 未设置
    大小: 未设置
    粗体: 未设置
    斜体: 未设置
    下划线: 未设置
    标准颜色: 未设置
  运行 44: '类似'
    字体: 未设置
    大小: 未设置
    粗体: 未设置
    斜体: 未设置
    下划线: 未设置
    标准颜色: 未设置
  运行 45: '问题导致'
    字体: 未设置
    大小: 未设置
    粗体: 未设置
    斜体: 未设置
    下划线: 未设置
    标准颜色: 未设置
  运行 46: '人力物力的资源浪费'
    字体: 未设置
    大小: 未设置
    粗体: 未设置
    斜体: 未设置
    下划线: 未设置
    标准颜色: 未设置
  运行 47: '。'
    字体: 未设置
    大小: 未设置
    粗体: 未设置
    斜体: 未设置
    下划线: 未设置
    标准颜色: 未设置

段落 1048:
文本内容: 客户成本节省策略
段落样式: Heading 4
从样式获取的格式:
  样式字体: 未设置
  样式字号: 未设置
  样式颜色: 未设置
对齐方式: 未设置
左缩进: 未设置
右缩进: 未设置
首行缩进: 未设置
行间距: 未设置
从XML读取的格式:
  运行 1: '客户成本节省策略'
    字体: 未设置
    大小: 未设置
    粗体: 未设置
    斜体: 未设置
    下划线: 未设置
    标准颜色: 未设置

段落 1049:
文本内容: 客户在招标过程中追求的是用最低的成本解决尽可能多的问题。因此公司要从客户视角出发，深入理解并满足他们需求的企业，更有可能赢得客户的信任和青睐。基于这一理念，以下是针对客户在采购过程中关注点的策略制定。
段落样式: 正文-缩进
从样式获取的格式:
  样式字体: 未设置
  样式字号: 未设置
  样式颜色: 未设置
对齐方式: 未设置
左缩进: 未设置
右缩进: 未设置
首行缩进: 未设置
行间距: 未设置
从XML读取的格式:
  运行 1: '客户在招标过程中追求的是用最低的成本解决尽可能多的问题。'
    字体: 未设置
    大小: 未设置
    粗体: 未设置
    斜体: 未设置
    下划线: 未设置
    标准颜色: 未设置
  运行 2: '因此'
    字体: 未设置
    大小: 未设置
    粗体: 未设置
    斜体: 未设置
    下划线: 未设置
    标准颜色: 未设置
  运行 3: '公司要'
    字体: 未设置
    大小: 未设置
    粗体: 未设置
    斜体: 未设置
    下划线: 未设置
    标准颜色: 未设置
  运行 4: '从客户视角出发，深入理解并满足他们需求的企业，更有可能赢得客户的信任和青睐。基于这一理念，以下是针对客户在采购过程中关注点的策略制定'
    字体: 未设置
    大小: 未设置
    粗体: 未设置
    斜体: 未设置
    下划线: 未设置
    标准颜色: 未设置
  运行 5: '。'
    字体: 未设置
    大小: 未设置
    粗体: 未设置
    斜体: 未设置
    下划线: 未设置
    标准颜色: 未设置

段落 1050:
文本内容: 在设备售价保持不变的情况下，为客户提供额外的保障措施，如赠送客户所需的设备整机保修服务，以降低客户的使用成本。通过不断推出优化的产品软件升级，使产品领先于其他竞争厂家，使客户能够享受到性能更优、使用寿命更长的设备，相当于提前获得下一代产品，从而在竞争中占据优势。简化采购流程，通过线上考察等方式减少采购前所需的调研时间。对于具备条件的客户场地，再签订合同之后，可以承诺提前交付，以进一步降低客户的时间成本。
段落样式: 正文-缩进
从样式获取的格式:
  样式字体: 未设置
  样式字号: 未设置
  样式颜色: 未设置
对齐方式: 未设置
左缩进: 未设置
右缩进: 未设置
首行缩进: 未设置
行间距: 未设置
从XML读取的格式:
  运行 1: '在设备售价保持不变的情况下，为客户提供额外的保障措施，如赠送'
    字体: 未设置
    大小: 未设置
    粗体: 未设置
    斜体: 未设置
    下划线: 未设置
    标准颜色: 未设置
  运行 2: '客户'
    字体: 未设置
    大小: 未设置
    粗体: 未设置
    斜体: 未设置
    下划线: 未设置
    标准颜色: 未设置
  运行 3: '所需'
    字体: 未设置
    大小: 未设置
    粗体: 未设置
    斜体: 未设置
    下划线: 未设置
    标准颜色: 未设置
  运行 4: '的设备'
    字体: 未设置
    大小: 未设置
    粗体: 未设置
    斜体: 未设置
    下划线: 未设置
    标准颜色: 未设置
  运行 5: '整机保修服务，以降低客户的使用成本。通过不断推出优化的产品'
    字体: 未设置
    大小: 未设置
    粗体: 未设置
    斜体: 未设置
    下划线: 未设置
    标准颜色: 未设置
  运行 6: '软件升级'
    字体: 未设置
    大小: 未设置
    粗体: 未设置
    斜体: 未设置
    下划线: 未设置
    标准颜色: 未设置
  运行 7: '，'
    字体: 未设置
    大小: 未设置
    粗体: 未设置
    斜体: 未设置
    下划线: 未设置
    标准颜色: 未设置
  运行 8: '使产品领先于其他竞争厂家，'
    字体: 未设置
    大小: 未设置
    粗体: 未设置
    斜体: 未设置
    下划线: 未设置
    标准颜色: 未设置
  运行 9: '使客户能够享受到性能更优、使用寿命更长的设备，相当于提前获得下一代产品，从而在竞争中占据优势。简化采购流程，通过线上考察等方式减少采购'
    字体: 未设置
    大小: 未设置
    粗体: 未设置
    斜体: 未设置
    下划线: 未设置
    标准颜色: 未设置
  运行 10: '前'
    字体: 未设置
    大小: 未设置
    粗体: 未设置
    斜体: 未设置
    下划线: 未设置
    标准颜色: 未设置
  运行 11: '所需的'
    字体: 未设置
    大小: 未设置
    粗体: 未设置
    斜体: 未设置
    下划线: 未设置
    标准颜色: 未设置
  运行 12: '调研'
    字体: 未设置
    大小: 未设置
    粗体: 未设置
    斜体: 未设置
    下划线: 未设置
    标准颜色: 未设置
  运行 13: '时间'
    字体: 未设置
    大小: 未设置
    粗体: 未设置
    斜体: 未设置
    下划线: 未设置
    标准颜色: 未设置
  运行 14: '。'
    字体: 未设置
    大小: 未设置
    粗体: 未设置
    斜体: 未设置
    下划线: 未设置
    标准颜色: 未设置
  运行 15: '对于具备条件的客户场地，'
    字体: 未设置
    大小: 未设置
    粗体: 未设置
    斜体: 未设置
    下划线: 未设置
    标准颜色: 未设置
  运行 16: '再签订合同之后，可以'
    字体: 未设置
    大小: 未设置
    粗体: 未设置
    斜体: 未设置
    下划线: 未设置
    标准颜色: 未设置
  运行 17: '承诺提前交付，以进一步降低客户的时间成本。'
    字体: 未设置
    大小: 未设置
    粗体: 未设置
    斜体: 未设置
    下划线: 未设置
    标准颜色: 未设置

段落 1051:
文本内容: 通过这些策略的实施，Y公司可以在保持竞争力的同时，确保利润的稳定增长，而客户也能在采购过程中实现成本效益的最大化。这种双赢的策略有助于建立长期的合作关系，促进双方的共同发展。
段落样式: 正文-缩进
从样式获取的格式:
  样式字体: 未设置
  样式字号: 未设置
  样式颜色: 未设置
对齐方式: 未设置
左缩进: 未设置
右缩进: 未设置
首行缩进: 未设置
行间距: 未设置
从XML读取的格式:
  运行 1: '通过这些策略的实施，'
    字体: 未设置
    大小: 未设置
    粗体: 未设置
    斜体: 未设置
    下划线: 未设置
    标准颜色: 未设置
  运行 2: 'Y'
    字体: 未设置
    大小: 未设置
    粗体: 未设置
    斜体: 未设置
    下划线: 未设置
    标准颜色: 未设置
  运行 3: '公司可以在保持竞争力的同时，确保利润的稳定增长，而客户也能在采购过程中实现成本效益的最大化。这种双赢的策略有助于建立长期的合作关系，促进双方的共同发展。'
    字体: 未设置
    大小: 未设置
    粗体: 未设置
    斜体: 未设置
    下划线: 未设置
    标准颜色: 未设置

段落 1052:
文本内容: 便利策略
段落样式: Heading 3
从样式获取的格式:
  样式字体: 未设置
  样式字号: 未设置
  样式颜色: 未设置
对齐方式: 未设置
左缩进: 未设置
右缩进: 未设置
首行缩进: 未设置
行间距: 未设置
从XML读取的格式:
  运行 1: '便利策略'
    字体: 未设置
    大小: 未设置
    粗体: 未设置
    斜体: 未设置
    下划线: 未设置
    标准颜色: 未设置
  运行 2: ''
    字体: 未设置
    大小: 未设置
    粗体: 未设置
    斜体: 未设置
    下划线: 未设置
    标准颜色: 未设置
  运行 3: ''
    字体: 未设置
    大小: 未设置
    粗体: 未设置
    斜体: 未设置
    下划线: 未设置
    标准颜色: 未设置
  运行 4: ''
    字体: 未设置
    大小: 未设置
    粗体: 未设置
    斜体: 未设置
    下划线: 未设置
    标准颜色: 未设置
  运行 5: ''
    字体: 未设置
    大小: 未设置
    粗体: 未设置
    斜体: 未设置
    下划线: 未设置
    标准颜色: 未设置
  运行 6: ''
    字体: 未设置
    大小: 未设置
    粗体: 未设置
    斜体: 未设置
    下划线: 未设置
    标准颜色: 未设置
  运行 7: ''
    字体: 未设置
    大小: 未设置
    粗体: 未设置
    斜体: 未设置
    下划线: 未设置
    标准颜色: 未设置
  运行 8: ''
    字体: 未设置
    大小: 未设置
    粗体: 未设置
    斜体: 未设置
    下划线: 未设置
    标准颜色: 未设置
  运行 9: ''
    字体: 未设置
    大小: 未设置
    粗体: 未设置
    斜体: 未设置
    下划线: 未设置
    标准颜色: 未设置

段落 1053:
文本内容: 在医疗器械厂商的市场营销过程中，不管是进口厂商还是国内厂商，他们仅重视产品生产和渠道分销的便携性。同样的，医疗机构在采购医疗设备时，他们也逐渐重视产品采购和使用的便利性。Y公司应该采取以下两种策略，以最大程度的满足医院对便利性的需求。
段落样式: 正文-缩进
从样式获取的格式:
  样式字体: 未设置
  样式字号: 未设置
  样式颜色: 未设置
对齐方式: 未设置
左缩进: 未设置
右缩进: 未设置
首行缩进: 未设置
行间距: 未设置
从XML读取的格式:
  运行 1: '在医疗器械'
    字体: 未设置
    大小: 未设置
    粗体: 未设置
    斜体: 未设置
    下划线: 未设置
    标准颜色: 未设置
  运行 2: '厂商的'
    字体: 未设置
    大小: 未设置
    粗体: 未设置
    斜体: 未设置
    下划线: 未设置
    标准颜色: 未设置
  运行 3: '市场营销过程中，不管是进口厂商还是国内厂商，他们仅重视产品生产和渠道分销的便携性。'
    字体: 未设置
    大小: 未设置
    粗体: 未设置
    斜体: 未设置
    下划线: 未设置
    标准颜色: 未设置
  运行 4: '同样的，医疗机构'
    字体: 未设置
    大小: 未设置
    粗体: 未设置
    斜体: 未设置
    下划线: 未设置
    标准颜色: 未设置
  运行 5: '在采购医疗设备时，他们'
    字体: 未设置
    大小: 未设置
    粗体: 未设置
    斜体: 未设置
    下划线: 未设置
    标准颜色: 未设置
  运行 6: '也逐渐重视'
    字体: 未设置
    大小: 未设置
    粗体: 未设置
    斜体: 未设置
    下划线: 未设置
    标准颜色: 未设置
  运行 7: '产品'
    字体: 未设置
    大小: 未设置
    粗体: 未设置
    斜体: 未设置
    下划线: 未设置
    标准颜色: 未设置
  运行 8: '采购和使用的便利性。'
    字体: 未设置
    大小: 未设置
    粗体: 未设置
    斜体: 未设置
    下划线: 未设置
    标准颜色: 未设置
  运行 9: 'Y'
    字体: 未设置
    大小: 未设置
    粗体: 未设置
    斜体: 未设置
    下划线: 未设置
    标准颜色: 未设置
  运行 10: '公司'
    字体: 未设置
    大小: 未设置
    粗体: 未设置
    斜体: 未设置
    下划线: 未设置
    标准颜色: 未设置
  运行 11: '应该采取'
    字体: 未设置
    大小: 未设置
    粗体: 未设置
    斜体: 未设置
    下划线: 未设置
    标准颜色: 未设置
  运行 12: '以下两种策略'
    字体: 未设置
    大小: 未设置
    粗体: 未设置
    斜体: 未设置
    下划线: 未设置
    标准颜色: 未设置
  运行 13: '，以最大程度的满足医院对便利性的需求。'
    字体: 未设置
    大小: 未设置
    粗体: 未设置
    斜体: 未设置
    下划线: 未设置
    标准颜色: 未设置

段落 1054:
文本内容: 增加学术互动
段落样式: Heading 4
从样式获取的格式:
  样式字体: 未设置
  样式字号: 未设置
  样式颜色: 未设置
对齐方式: 未设置
左缩进: 未设置
右缩进: 未设置
首行缩进: 未设置
行间距: 未设置
从XML读取的格式:
  运行 1: '增加'
    字体: 未设置
    大小: 未设置
    粗体: 未设置
    斜体: 未设置
    下划线: 未设置
    标准颜色: 未设置
  运行 2: '学术互动'
    字体: 未设置
    大小: 未设置
    粗体: 未设置
    斜体: 未设置
    下划线: 未设置
    标准颜色: 未设置

段落 1055:
文本内容: 代理商模式虽然有助于市场覆盖，但可能使厂商与客户距离变远，影响客户对Y公司最新产品和技术的了解。Y公司可以增加学术会议频率，利用地区眼科学年会发布新产品、新技术；针对目标客户举办专题产品科室会，宣传新产品；举办区域小型用户沙龙，邀请已购买用户和意向客户参加，讨论产品的使用心得和经验。来保持和终端客户的互动与沟通。
段落样式: 正文-缩进
从样式获取的格式:
  样式字体: 未设置
  样式字号: 未设置
  样式颜色: 未设置
对齐方式: 未设置
左缩进: 未设置
右缩进: 未设置
首行缩进: 未设置
行间距: 未设置
从XML读取的格式:
  运行 1: '代理商模式虽然有助于市场覆盖，但可能使厂商与客户距离变远，影响客户对'
    字体: 未设置
    大小: 未设置
    粗体: 未设置
    斜体: 未设置
    下划线: 未设置
    标准颜色: 未设置
  运行 2: 'Y'
    字体: 未设置
    大小: 未设置
    粗体: 未设置
    斜体: 未设置
    下划线: 未设置
    标准颜色: 未设置
  运行 3: '公司最新产品和技术的了解。'
    字体: 未设置
    大小: 未设置
    粗体: 未设置
    斜体: 未设置
    下划线: 未设置
    标准颜色: 未设置
  运行 4: 'Y'
    字体: 未设置
    大小: 未设置
    粗体: 未设置
    斜体: 未设置
    下划线: 未设置
    标准颜色: 未设置
  运行 5: '公司可以增加学术会议频率，利用地区'
    字体: 未设置
    大小: 未设置
    粗体: 未设置
    斜体: 未设置
    下划线: 未设置
    标准颜色: 未设置
  运行 6: '眼科'
    字体: 未设置
    大小: 未设置
    粗体: 未设置
    斜体: 未设置
    下划线: 未设置
    标准颜色: 未设置
  运行 7: '学年会发布新产品、新技术；'
    字体: 未设置
    大小: 未设置
    粗体: 未设置
    斜体: 未设置
    下划线: 未设置
    标准颜色: 未设置
  运行 8: '针对目标客户'
    字体: 未设置
    大小: 未设置
    粗体: 未设置
    斜体: 未设置
    下划线: 未设置
    标准颜色: 未设置
  运行 9: '举办专题'
    字体: 未设置
    大小: 未设置
    粗体: 未设置
    斜体: 未设置
    下划线: 未设置
    标准颜色: 未设置
  运行 10: '产品科室会'
    字体: 未设置
    大小: 未设置
    粗体: 未设置
    斜体: 未设置
    下划线: 未设置
    标准颜色: 未设置
  运行 11: '，宣传新产品；举办'
    字体: 未设置
    大小: 未设置
    粗体: 未设置
    斜体: 未设置
    下划线: 未设置
    标准颜色: 未设置
  运行 12: '区域'
    字体: 未设置
    大小: 未设置
    粗体: 未设置
    斜体: 未设置
    下划线: 未设置
    标准颜色: 未设置
  运行 13: '小型'
    字体: 未设置
    大小: 未设置
    粗体: 未设置
    斜体: 未设置
    下划线: 未设置
    标准颜色: 未设置
  运行 14: '用户'
    字体: 未设置
    大小: 未设置
    粗体: 未设置
    斜体: 未设置
    下划线: 未设置
    标准颜色: 未设置
  运行 15: '沙龙，'
    字体: 未设置
    大小: 未设置
    粗体: 未设置
    斜体: 未设置
    下划线: 未设置
    标准颜色: 未设置
  运行 16: '邀请已购买用户和意向客户参加，讨论产品的'
    字体: 未设置
    大小: 未设置
    粗体: 未设置
    斜体: 未设置
    下划线: 未设置
    标准颜色: 未设置
  运行 17: '使用心得和经验'
    字体: 未设置
    大小: 未设置
    粗体: 未设置
    斜体: 未设置
    下划线: 未设置
    标准颜色: 未设置
  运行 18: '。'
    字体: 未设置
    大小: 未设置
    粗体: 未设置
    斜体: 未设置
    下划线: 未设置
    标准颜色: 未设置
  运行 19: '来保持和终端客户的互动与沟通。'
    字体: 未设置
    大小: 未设置
    粗体: 未设置
    斜体: 未设置
    下划线: 未设置
    标准颜色: 未设置

段落 1056:
文本内容: 随着互联网技术的飞速发展，网络也成为主要的产品宣传渠道之一。Y公司已经建立自己的网站、微信公众号等，但是面对新兴平台的崛起和流量分散的挑战，Y公司应在医疗器械管理条例允许的前提下，进一步加大新媒体营销渠道的权重。例如与KOL医师和网红博主合作，植入设备产品信息，加强社交媒体互动。运用大数据分析优化营销活动，并结合线上线下活动提供全面的品牌推广。公司还需持续创新，建立用户反馈和风险管理机制，以确保在不断变化的市场环境中保持竞争力和品牌的长期发展。
段落样式: 正文-缩进
从样式获取的格式:
  样式字体: 未设置
  样式字号: 未设置
  样式颜色: 未设置
对齐方式: 未设置
左缩进: 未设置
右缩进: 未设置
首行缩进: 未设置
行间距: 未设置
从XML读取的格式:
  运行 1: '随着互联网技术的飞速发展，'
    字体: 未设置
    大小: 未设置
    粗体: 未设置
    斜体: 未设置
    下划线: 未设置
    标准颜色: 未设置
  运行 2: '网络'
    字体: 未设置
    大小: 未设置
    粗体: 未设置
    斜体: 未设置
    下划线: 未设置
    标准颜色: 未设置
  运行 3: '也'
    字体: 未设置
    大小: 未设置
    粗体: 未设置
    斜体: 未设置
    下划线: 未设置
    标准颜色: 未设置
  运行 4: '成为主要的'
    字体: 未设置
    大小: 未设置
    粗体: 未设置
    斜体: 未设置
    下划线: 未设置
    标准颜色: 未设置
  运行 5: '产品宣传'
    字体: 未设置
    大小: 未设置
    粗体: 未设置
    斜体: 未设置
    下划线: 未设置
    标准颜色: 未设置
  运行 6: '渠道之一。'
    字体: 未设置
    大小: 未设置
    粗体: 未设置
    斜体: 未设置
    下划线: 未设置
    标准颜色: 未设置
  运行 7: 'Y'
    字体: 未设置
    大小: 未设置
    粗体: 未设置
    斜体: 未设置
    下划线: 未设置
    标准颜色: 未设置
  运行 8: '公司已经'
    字体: 未设置
    大小: 未设置
    粗体: 未设置
    斜体: 未设置
    下划线: 未设置
    标准颜色: 未设置
  运行 9: '建立自己的网站、'
    字体: 未设置
    大小: 未设置
    粗体: 未设置
    斜体: 未设置
    下划线: 未设置
    标准颜色: 未设置
  运行 10: '微信'
    字体: 未设置
    大小: 未设置
    粗体: 未设置
    斜体: 未设置
    下划线: 未设置
    标准颜色: 未设置
  运行 11: '公众号等，'
    字体: 未设置
    大小: 未设置
    粗体: 未设置
    斜体: 未设置
    下划线: 未设置
    标准颜色: 未设置
  运行 12: '但是'
    字体: 未设置
    大小: 未设置
    粗体: 未设置
    斜体: 未设置
    下划线: 未设置
    标准颜色: 未设置
  运行 13: '面对新兴平台的崛起和流量分散的挑战，'
    字体: 未设置
    大小: 未设置
    粗体: 未设置
    斜体: 未设置
    下划线: 未设置
    标准颜色: 未设置
  运行 14: 'Y'
    字体: 未设置
    大小: 未设置
    粗体: 未设置
    斜体: 未设置
    下划线: 未设置
    标准颜色: 未设置
  运行 15: '公司'
    字体: 未设置
    大小: 未设置
    粗体: 未设置
    斜体: 未设置
    下划线: 未设置
    标准颜色: 未设置
  运行 16: '应'
    字体: 未设置
    大小: 未设置
    粗体: 未设置
    斜体: 未设置
    下划线: 未设置
    标准颜色: 未设置
  运行 17: '在医疗器械管理条例允许的前提下，'
    字体: 未设置
    大小: 未设置
    粗体: 未设置
    斜体: 未设置
    下划线: 未设置
    标准颜色: 未设置
  运行 18: '进一步加大新媒体营销渠道的权重。'
    字体: 未设置
    大小: 未设置
    粗体: 未设置
    斜体: 未设置
    下划线: 未设置
    标准颜色: 未设置
  运行 19: '例如'
    字体: 未设置
    大小: 未设置
    粗体: 未设置
    斜体: 未设置
    下划线: 未设置
    标准颜色: 未设置
  运行 20: '与'
    字体: 未设置
    大小: 未设置
    粗体: 未设置
    斜体: 未设置
    下划线: 未设置
    标准颜色: 未设置
  运行 21: 'KOL'
    字体: 未设置
    大小: 未设置
    粗体: 未设置
    斜体: 未设置
    下划线: 未设置
    标准颜色: 未设置
  运行 22: '医师'
    字体: 未设置
    大小: 未设置
    粗体: 未设置
    斜体: 未设置
    下划线: 未设置
    标准颜色: 未设置
  运行 23: '和网红'
    字体: 未设置
    大小: 未设置
    粗体: 未设置
    斜体: 未设置
    下划线: 未设置
    标准颜色: 未设置
  运行 24: '博主'
    字体: 未设置
    大小: 未设置
    粗体: 未设置
    斜体: 未设置
    下划线: 未设置
    标准颜色: 未设置
  运行 25: '合作，'
    字体: 未设置
    大小: 未设置
    粗体: 未设置
    斜体: 未设置
    下划线: 未设置
    标准颜色: 未设置
  运行 26: '植入设备产品信息，'
    字体: 未设置
    大小: 未设置
    粗体: 未设置
    斜体: 未设置
    下划线: 未设置
    标准颜色: 未设置
  运行 27: '加强社交媒体互动'
    字体: 未设置
    大小: 未设置
    粗体: 未设置
    斜体: 未设置
    下划线: 未设置
    标准颜色: 未设置
  运行 28: '。'
    字体: 未设置
    大小: 未设置
    粗体: 未设置
    斜体: 未设置
    下划线: 未设置
    标准颜色: 未设置
  运行 29: '运用大'
    字体: 未设置
    大小: 未设置
    粗体: 未设置
    斜体: 未设置
    下划线: 未设置
    标准颜色: 未设置
  运行 30: '数据分析优化营销活动，并结合线上线下活动提供全面的品牌'
    字体: 未设置
    大小: 未设置
    粗体: 未设置
    斜体: 未设置
    下划线: 未设置
    标准颜色: 未设置
  运行 31: '推广'
    字体: 未设置
    大小: 未设置
    粗体: 未设置
    斜体: 未设置
    下划线: 未设置
    标准颜色: 未设置
  运行 32: '。公司还需持续创新，建立用户反馈和风险管理机制，以确保在不断变化的市场环境中保持竞争力和品牌的长期发展。'
    字体: 未设置
    大小: 未设置
    粗体: 未设置
    斜体: 未设置
    下划线: 未设置
    标准颜色: 未设置

段落 1057:
文本内容: 优化样机试用体验
段落样式: Heading 4
从样式获取的格式:
  样式字体: 未设置
  样式字号: 未设置
  样式颜色: 未设置
对齐方式: 未设置
左缩进: 未设置
右缩进: 未设置
首行缩进: 未设置
行间距: 未设置
从XML读取的格式:
  运行 1: '优化'
    字体: 未设置
    大小: 未设置
    粗体: 未设置
    斜体: 未设置
    下划线: 未设置
    标准颜色: 未设置
  运行 2: '样机'
    字体: 未设置
    大小: 未设置
    粗体: 未设置
    斜体: 未设置
    下划线: 未设置
    标准颜色: 未设置
  运行 3: '试用'
    字体: 未设置
    大小: 未设置
    粗体: 未设置
    斜体: 未设置
    下划线: 未设置
    标准颜色: 未设置
  运行 4: '体验'
    字体: 未设置
    大小: 未设置
    粗体: 未设置
    斜体: 未设置
    下划线: 未设置
    标准颜色: 未设置

段落 1058:
文本内容: 客户在采购过程中，只有考察环节才能近距离接触了解Y公司眼科医疗设备各种性能。Y公司可以选择部分公立或民营集团医院来建设示范医院，通过促销折扣让利给医院，让医院配套Y公司整套眼科设备，成立示范中心。通过邀请目标客户学术参访活动来提升品牌和产品的影响了，同时培养能介绍Y公司重点产品的技师或专家，为产品站台代言。
段落样式: 正文-缩进
从样式获取的格式:
  样式字体: 未设置
  样式字号: 未设置
  样式颜色: 未设置
对齐方式: 未设置
左缩进: 未设置
右缩进: 未设置
首行缩进: 未设置
行间距: 未设置
从XML读取的格式:
  运行 1: '客户在采购过程中，只有考察环节才能近距离接触'
    字体: 未设置
    大小: 未设置
    粗体: 未设置
    斜体: 未设置
    下划线: 未设置
    标准颜色: 未设置
  运行 2: '了解'
    字体: 未设置
    大小: 未设置
    粗体: 未设置
    斜体: 未设置
    下划线: 未设置
    标准颜色: 未设置
  运行 3: 'Y'
    字体: 未设置
    大小: 未设置
    粗体: 未设置
    斜体: 未设置
    下划线: 未设置
    标准颜色: 未设置
  运行 4: '公司'
    字体: 未设置
    大小: 未设置
    粗体: 未设置
    斜体: 未设置
    下划线: 未设置
    标准颜色: 未设置
  运行 5: '眼科'
    字体: 未设置
    大小: 未设置
    粗体: 未设置
    斜体: 未设置
    下划线: 未设置
    标准颜色: 未设置
  运行 6: '医疗设备'
    字体: 未设置
    大小: 未设置
    粗体: 未设置
    斜体: 未设置
    下划线: 未设置
    标准颜色: 未设置
  运行 7: '各种性能'
    字体: 未设置
    大小: 未设置
    粗体: 未设置
    斜体: 未设置
    下划线: 未设置
    标准颜色: 未设置
  运行 8: '。'
    字体: 未设置
    大小: 未设置
    粗体: 未设置
    斜体: 未设置
    下划线: 未设置
    标准颜色: 未设置
  运行 9: 'Y'
    字体: 未设置
    大小: 未设置
    粗体: 未设置
    斜体: 未设置
    下划线: 未设置
    标准颜色: 未设置
  运行 10: '公司可以'
    字体: 未设置
    大小: 未设置
    粗体: 未设置
    斜体: 未设置
    下划线: 未设置
    标准颜色: 未设置
  运行 11: '选择'
    字体: 未设置
    大小: 未设置
    粗体: 未设置
    斜体: 未设置
    下划线: 未设置
    标准颜色: 未设置
  运行 12: '部分'
    字体: 未设置
    大小: 未设置
    粗体: 未设置
    斜体: 未设置
    下划线: 未设置
    标准颜色: 未设置
  运行 13: '公立或'
    字体: 未设置
    大小: 未设置
    粗体: 未设置
    斜体: 未设置
    下划线: 未设置
    标准颜色: 未设置
  运行 14: '民营集团医院来'
    字体: 未设置
    大小: 未设置
    粗体: 未设置
    斜体: 未设置
    下划线: 未设置
    标准颜色: 未设置
  运行 15: '建设'
    字体: 未设置
    大小: 未设置
    粗体: 未设置
    斜体: 未设置
    下划线: 未设置
    标准颜色: 未设置
  运行 16: '示范医院，'
    字体: 未设置
    大小: 未设置
    粗体: 未设置
    斜体: 未设置
    下划线: 未设置
    标准颜色: 未设置
  运行 17: '通过促销折扣让利给医院，让医院配套'
    字体: 未设置
    大小: 未设置
    粗体: 未设置
    斜体: 未设置
    下划线: 未设置
    标准颜色: 未设置
  运行 18: 'Y'
    字体: 未设置
    大小: 未设置
    粗体: 未设置
    斜体: 未设置
    下划线: 未设置
    标准颜色: 未设置
  运行 19: '公司'
    字体: 未设置
    大小: 未设置
    粗体: 未设置
    斜体: 未设置
    下划线: 未设置
    标准颜色: 未设置
  运行 20: '整套'
    字体: 未设置
    大小: 未设置
    粗体: 未设置
    斜体: 未设置
    下划线: 未设置
    标准颜色: 未设置
  运行 21: '眼科设备'
    字体: 未设置
    大小: 未设置
    粗体: 未设置
    斜体: 未设置
    下划线: 未设置
    标准颜色: 未设置
  运行 22: '，成立示范中心。'
    字体: 未设置
    大小: 未设置
    粗体: 未设置
    斜体: 未设置
    下划线: 未设置
    标准颜色: 未设置
  运行 23: '通过'
    字体: 未设置
    大小: 未设置
    粗体: 未设置
    斜体: 未设置
    下划线: 未设置
    标准颜色: 未设置
  运行 24: '邀请目标客户'
    字体: 未设置
    大小: 未设置
    粗体: 未设置
    斜体: 未设置
    下划线: 未设置
    标准颜色: 未设置
  运行 25: '学术'
    字体: 未设置
    大小: 未设置
    粗体: 未设置
    斜体: 未设置
    下划线: 未设置
    标准颜色: 未设置
  运行 26: '参访'
    字体: 未设置
    大小: 未设置
    粗体: 未设置
    斜体: 未设置
    下划线: 未设置
    标准颜色: 未设置
  运行 27: '活动'
    字体: 未设置
    大小: 未设置
    粗体: 未设置
    斜体: 未设置
    下划线: 未设置
    标准颜色: 未设置
  运行 28: '来提升品牌和产品的影响了，同时'
    字体: 未设置
    大小: 未设置
    粗体: 未设置
    斜体: 未设置
    下划线: 未设置
    标准颜色: 未设置
  运行 29: '培养能介绍'
    字体: 未设置
    大小: 未设置
    粗体: 未设置
    斜体: 未设置
    下划线: 未设置
    标准颜色: 未设置
  运行 30: 'Y'
    字体: 未设置
    大小: 未设置
    粗体: 未设置
    斜体: 未设置
    下划线: 未设置
    标准颜色: 未设置
  运行 31: '公司重点产品的'
    字体: 未设置
    大小: 未设置
    粗体: 未设置
    斜体: 未设置
    下划线: 未设置
    标准颜色: 未设置
  运行 32: '技师或专家'
    字体: 未设置
    大小: 未设置
    粗体: 未设置
    斜体: 未设置
    下划线: 未设置
    标准颜色: 未设置
  运行 33: '，为产品站台代言。'
    字体: 未设置
    大小: 未设置
    粗体: 未设置
    斜体: 未设置
    下划线: 未设置
    标准颜色: 未设置

段落 1059:
文本内容: 进口品牌的医疗设备往往存在本土化不彻底的问题。Y公司可以通过操作界面中文化处理，开发汉化版本软件，便于特检技师操作运行。根据检查需求，适当运用自动化功能，开发无人值守傻瓜式检查或拍摄，减少操作技师步骤。开发智能AI眼底相机、OCT设备的读图软件工具，优化整个扫描拍摄流程，提高眼底疾病识别率，使眼科设备更易于中国客户使用。
段落样式: 正文-缩进
从样式获取的格式:
  样式字体: 未设置
  样式字号: 未设置
  样式颜色: 未设置
对齐方式: 未设置
左缩进: 未设置
右缩进: 未设置
首行缩进: 未设置
行间距: 未设置
从XML读取的格式:
  运行 1: '进口品牌的医疗设备往往存在本土化不彻底的问题。'
    字体: 未设置
    大小: 未设置
    粗体: 未设置
    斜体: 未设置
    下划线: 未设置
    标准颜色: 未设置
  运行 2: 'Y'
    字体: 未设置
    大小: 未设置
    粗体: 未设置
    斜体: 未设置
    下划线: 未设置
    标准颜色: 未设置
  运行 3: '公司可以通过'
    字体: 未设置
    大小: 未设置
    粗体: 未设置
    斜体: 未设置
    下划线: 未设置
    标准颜色: 未设置
  运行 4: '操作界面中文化处理，开发汉化版本软件，便于特检技师操作运行。'
    字体: 未设置
    大小: 未设置
    粗体: 未设置
    斜体: 未设置
    下划线: 未设置
    标准颜色: 未设置
  运行 5: '根据检查需求，适当'
    字体: 未设置
    大小: 未设置
    粗体: 未设置
    斜体: 未设置
    下划线: 未设置
    标准颜色: 未设置
  运行 6: '运用自动化功能'
    字体: 未设置
    大小: 未设置
    粗体: 未设置
    斜体: 未设置
    下划线: 未设置
    标准颜色: 未设置
  运行 7: '，开发'
    字体: 未设置
    大小: 未设置
    粗体: 未设置
    斜体: 未设置
    下划线: 未设置
    标准颜色: 未设置
  运行 8: '无人值守傻瓜式检查或拍摄'
    字体: 未设置
    大小: 未设置
    粗体: 未设置
    斜体: 未设置
    下划线: 未设置
    标准颜色: 未设置
  运行 9: '，减少操作技师'
    字体: 未设置
    大小: 未设置
    粗体: 未设置
    斜体: 未设置
    下划线: 未设置
    标准颜色: 未设置
  运行 10: '步骤。'
    字体: 未设置
    大小: 未设置
    粗体: 未设置
    斜体: 未设置
    下划线: 未设置
    标准颜色: 未设置
  运行 11: '开发智能'
    字体: 未设置
    大小: 未设置
    粗体: 未设置
    斜体: 未设置
    下划线: 未设置
    标准颜色: 未设置
  运行 12: 'AI'
    字体: 未设置
    大小: 未设置
    粗体: 未设置
    斜体: 未设置
    下划线: 未设置
    标准颜色: 未设置
  运行 13: '眼底相机、'
    字体: 未设置
    大小: 未设置
    粗体: 未设置
    斜体: 未设置
    下划线: 未设置
    标准颜色: 未设置
  运行 14: 'OCT'
    字体: 未设置
    大小: 未设置
    粗体: 未设置
    斜体: 未设置
    下划线: 未设置
    标准颜色: 未设置
  运行 15: '设备的读图软件工具'
    字体: 未设置
    大小: 未设置
    粗体: 未设置
    斜体: 未设置
    下划线: 未设置
    标准颜色: 未设置
  运行 16: '，优化整个扫描'
    字体: 未设置
    大小: 未设置
    粗体: 未设置
    斜体: 未设置
    下划线: 未设置
    标准颜色: 未设置
  运行 17: '拍摄'
    字体: 未设置
    大小: 未设置
    粗体: 未设置
    斜体: 未设置
    下划线: 未设置
    标准颜色: 未设置
  运行 18: '流程，'
    字体: 未设置
    大小: 未设置
    粗体: 未设置
    斜体: 未设置
    下划线: 未设置
    标准颜色: 未设置
  运行 19: '提高眼底疾病识别率'
    字体: 未设置
    大小: 未设置
    粗体: 未设置
    斜体: 未设置
    下划线: 未设置
    标准颜色: 未设置
  运行 20: '，'
    字体: 未设置
    大小: 未设置
    粗体: 未设置
    斜体: 未设置
    下划线: 未设置
    标准颜色: 未设置
  运行 21: '使眼科设备更易于中国客户使用。'
    字体: 未设置
    大小: 未设置
    粗体: 未设置
    斜体: 未设置
    下划线: 未设置
    标准颜色: 未设置

段落 1060:
文本内容: 通过以上这些策略，Y公司能够更好地满足客户的便利性需求，提高客户满意度，增强市场竞争力。
段落样式: 正文-缩进
从样式获取的格式:
  样式字体: 未设置
  样式字号: 未设置
  样式颜色: 未设置
对齐方式: 未设置
左缩进: 未设置
右缩进: 未设置
首行缩进: 未设置
行间距: 未设置
从XML读取的格式:
  运行 1: '通过'
    字体: 未设置
    大小: 未设置
    粗体: 未设置
    斜体: 未设置
    下划线: 未设置
    标准颜色: 未设置
  运行 2: '以上这些'
    字体: 未设置
    大小: 未设置
    粗体: 未设置
    斜体: 未设置
    下划线: 未设置
    标准颜色: 未设置
  运行 3: '策略，'
    字体: 未设置
    大小: 未设置
    粗体: 未设置
    斜体: 未设置
    下划线: 未设置
    标准颜色: 未设置
  运行 4: 'Y'
    字体: 未设置
    大小: 未设置
    粗体: 未设置
    斜体: 未设置
    下划线: 未设置
    标准颜色: 未设置
  运行 5: '公司能够更好地满足客户的便利性需求，提高客户满意度，增强市场竞争力。'
    字体: 未设置
    大小: 未设置
    粗体: 未设置
    斜体: 未设置
    下划线: 未设置
    标准颜色: 未设置

段落 1061:
文本内容: 沟通策略
段落样式: Heading 3
从样式获取的格式:
  样式字体: 未设置
  样式字号: 未设置
  样式颜色: 未设置
对齐方式: 未设置
左缩进: 未设置
右缩进: 未设置
首行缩进: 未设置
行间距: 未设置
从XML读取的格式:
  运行 1: '沟通'
    字体: 未设置
    大小: 未设置
    粗体: 未设置
    斜体: 未设置
    下划线: 未设置
    标准颜色: 未设置
  运行 2: '策略'
    字体: 未设置
    大小: 未设置
    粗体: 未设置
    斜体: 未设置
    下划线: 未设置
    标准颜色: 未设置
  运行 3: ''
    字体: 未设置
    大小: 未设置
    粗体: 未设置
    斜体: 未设置
    下划线: 未设置
    标准颜色: 未设置
  运行 4: ''
    字体: 未设置
    大小: 未设置
    粗体: 未设置
    斜体: 未设置
    下划线: 未设置
    标准颜色: 未设置
  运行 5: ''
    字体: 未设置
    大小: 未设置
    粗体: 未设置
    斜体: 未设置
    下划线: 未设置
    标准颜色: 未设置
  运行 6: ''
    字体: 未设置
    大小: 未设置
    粗体: 未设置
    斜体: 未设置
    下划线: 未设置
    标准颜色: 未设置
  运行 7: ''
    字体: 未设置
    大小: 未设置
    粗体: 未设置
    斜体: 未设置
    下划线: 未设置
    标准颜色: 未设置
  运行 8: ''
    字体: 未设置
    大小: 未设置
    粗体: 未设置
    斜体: 未设置
    下划线: 未设置
    标准颜色: 未设置
  运行 9: ''
    字体: 未设置
    大小: 未设置
    粗体: 未设置
    斜体: 未设置
    下划线: 未设置
    标准颜色: 未设置
  运行 10: ''
    字体: 未设置
    大小: 未设置
    粗体: 未设置
    斜体: 未设置
    下划线: 未设置
    标准颜色: 未设置
  运行 11: ''
    字体: 未设置
    大小: 未设置
    粗体: 未设置
    斜体: 未设置
    下划线: 未设置
    标准颜色: 未设置
  运行 12: ''
    字体: 未设置
    大小: 未设置
    粗体: 未设置
    斜体: 未设置
    下划线: 未设置
    标准颜色: 未设置

段落 1062:
文本内容: 在市场营销推广过程中，Y公司需要认识到单向的促销或引导，已不足以满足现代客户需求，公司要致力于建立积极的双向沟通机制。这种沟通方式不仅能够使公司在整个市场推广过程中占据主动，而且有助于更深入地理解客户需求，从而提供更为精准的解决方案。
段落样式: 正文-缩进
从样式获取的格式:
  样式字体: 未设置
  样式字号: 未设置
  样式颜色: 未设置
对齐方式: 未设置
左缩进: 未设置
右缩进: 未设置
首行缩进: 未设置
行间距: 未设置
从XML读取的格式:
  运行 1: '在市场营销'
    字体: 未设置
    大小: 未设置
    粗体: 未设置
    斜体: 未设置
    下划线: 未设置
    标准颜色: 未设置
  运行 2: '推广过程中，'
    字体: 未设置
    大小: 未设置
    粗体: 未设置
    斜体: 未设置
    下划线: 未设置
    标准颜色: 未设置
  运行 3: 'Y'
    字体: 未设置
    大小: 未设置
    粗体: 未设置
    斜体: 未设置
    下划线: 未设置
    标准颜色: 未设置
  运行 4: '公司'
    字体: 未设置
    大小: 未设置
    粗体: 未设置
    斜体: 未设置
    下划线: 未设置
    标准颜色: 未设置
  运行 5: '需要'
    字体: 未设置
    大小: 未设置
    粗体: 未设置
    斜体: 未设置
    下划线: 未设置
    标准颜色: 未设置
  运行 6: '认识到单向的促销或'
    字体: 未设置
    大小: 未设置
    粗体: 未设置
    斜体: 未设置
    下划线: 未设置
    标准颜色: 未设置
  运行 7: '引导'
    字体: 未设置
    大小: 未设置
    粗体: 未设置
    斜体: 未设置
    下划线: 未设置
    标准颜色: 未设置
  运行 8: '，'
    字体: 未设置
    大小: 未设置
    粗体: 未设置
    斜体: 未设置
    下划线: 未设置
    标准颜色: 未设置
  运行 9: '已不足以满足现代客户需求，公司'
    字体: 未设置
    大小: 未设置
    粗体: 未设置
    斜体: 未设置
    下划线: 未设置
    标准颜色: 未设置
  运行 10: '要'
    字体: 未设置
    大小: 未设置
    粗体: 未设置
    斜体: 未设置
    下划线: 未设置
    标准颜色: 未设置
  运行 11: '致力于建立积极的双向沟通机制。这种沟通方式不仅能够使公司在整个市场推广过程中占据主动，而且有助于更深入地理解客户需求，从而提供更为精准的解决方案。'
    字体: 未设置
    大小: 未设置
    粗体: 未设置
    斜体: 未设置
    下划线: 未设置
    标准颜色: 未设置

段落 1063:
文本内容: 探寻了解真实需求
段落样式: Heading 4
从样式获取的格式:
  样式字体: 未设置
  样式字号: 未设置
  样式颜色: 未设置
对齐方式: 未设置
左缩进: 未设置
右缩进: 未设置
首行缩进: 未设置
行间距: 未设置
从XML读取的格式:
  运行 1: '探寻了解真实需求'
    字体: 未设置
    大小: 未设置
    粗体: 未设置
    斜体: 未设置
    下划线: 未设置
    标准颜色: 未设置

段落 1064:
文本内容: 在市场营销中，Y公司要让员工认识到理解客户需求的重要性，并通过深入沟通揭示客户背后的真正需求。客户在交流中提出的每个要求或建议，都是他们期待得到响应的信号。为了更全面地理解客户，Y公司要加强培训员工沟通能力。
段落样式: 正文-缩进
从样式获取的格式:
  样式字体: 未设置
  样式字号: 未设置
  样式颜色: 未设置
对齐方式: 未设置
左缩进: 未设置
右缩进: 未设置
首行缩进: 未设置
行间距: 未设置
从XML读取的格式:
  运行 1: '在市场营销中，'
    字体: 未设置
    大小: 未设置
    粗体: 未设置
    斜体: 未设置
    下划线: 未设置
    标准颜色: 未设置
  运行 2: 'Y'
    字体: 未设置
    大小: 未设置
    粗体: 未设置
    斜体: 未设置
    下划线: 未设置
    标准颜色: 未设置
  运行 3: '公司要让员工认识到理解客户需求的重要性，并通过深入沟通揭示客户背后的真正需求。客户在交流中提出的每个要求或建议，都是他们期待得到响应的信号。为了更全面地理解客户，'
    字体: 未设置
    大小: 未设置
    粗体: 未设置
    斜体: 未设置
    下划线: 未设置
    标准颜色: 未设置
  运行 4: 'Y'
    字体: 未设置
    大小: 未设置
    粗体: 未设置
    斜体: 未设置
    下划线: 未设置
    标准颜色: 未设置
  运行 5: '公司要加强培训员工沟通能力。'
    字体: 未设置
    大小: 未设置
    粗体: 未设置
    斜体: 未设置
    下划线: 未设置
    标准颜色: 未设置

段落 1065:
文本内容: 深入挖掘客户需求。一线销售人员需要通过精心设计的提问和倾听技巧，旨在超越表面要求，探究客户深层的需求和动机。培训员工熟练掌握提问4P原则（措辞、铺垫、探求、调整节奏），以及倾听的3E原则（准备、参与、表现出倾听的迹象），充分运用这些技巧帮助建立沟通桥梁，让客户对公司产品感兴趣、有关联、想使用，并与客户建立信任。
段落样式: 正文-缩进
从样式获取的格式:
  样式字体: 未设置
  样式字号: 未设置
  样式颜色: 未设置
对齐方式: 未设置
左缩进: 未设置
右缩进: 未设置
首行缩进: 未设置
行间距: 未设置
从XML读取的格式:
  运行 1: '深入挖掘客户需求。一线销售人员需要通过精心设计的提问和倾听技巧，旨在超越表面要求，探究客户深层的需求和动机。'
    字体: 未设置
    大小: 未设置
    粗体: 未设置
    斜体: 未设置
    下划线: 未设置
    标准颜色: 未设置
  运行 2: '培训员工熟练掌握'
    字体: 未设置
    大小: 未设置
    粗体: 未设置
    斜体: 未设置
    下划线: 未设置
    标准颜色: 未设置
  运行 3: '提问'
    字体: 未设置
    大小: 未设置
    粗体: 未设置
    斜体: 未设置
    下划线: 未设置
    标准颜色: 未设置
  运行 4: '4P'
    字体: 未设置
    大小: 未设置
    粗体: 未设置
    斜体: 未设置
    下划线: 未设置
    标准颜色: 未设置
  运行 5: '原则'
    字体: 未设置
    大小: 未设置
    粗体: 未设置
    斜体: 未设置
    下划线: 未设置
    标准颜色: 未设置
  运行 6: '（'
    字体: 未设置
    大小: 未设置
    粗体: 未设置
    斜体: 未设置
    下划线: 未设置
    标准颜色: 未设置
  运行 7: '措辞、铺垫、探求、调整节奏'
    字体: 未设置
    大小: 未设置
    粗体: 未设置
    斜体: 未设置
    下划线: 未设置
    标准颜色: 未设置
  运行 8: '）'
    字体: 未设置
    大小: 未设置
    粗体: 未设置
    斜体: 未设置
    下划线: 未设置
    标准颜色: 未设置
  运行 9: '，以及倾听的'
    字体: 未设置
    大小: 未设置
    粗体: 未设置
    斜体: 未设置
    下划线: 未设置
    标准颜色: 未设置
  运行 10: '3E'
    字体: 未设置
    大小: 未设置
    粗体: 未设置
    斜体: 未设置
    下划线: 未设置
    标准颜色: 未设置
  运行 11: '原则'
    字体: 未设置
    大小: 未设置
    粗体: 未设置
    斜体: 未设置
    下划线: 未设置
    标准颜色: 未设置
  运行 12: '（'
    字体: 未设置
    大小: 未设置
    粗体: 未设置
    斜体: 未设置
    下划线: 未设置
    标准颜色: 未设置
  运行 13: '准备、参与、表现出倾听的迹'
    字体: 未设置
    大小: 未设置
    粗体: 未设置
    斜体: 未设置
    下划线: 未设置
    标准颜色: 未设置
  运行 14: '象'
    字体: 未设置
    大小: 未设置
    粗体: 未设置
    斜体: 未设置
    下划线: 未设置
    标准颜色: 未设置
  运行 15: '）'
    字体: 未设置
    大小: 未设置
    粗体: 未设置
    斜体: 未设置
    下划线: 未设置
    标准颜色: 未设置
  运行 16: '，充分运用这些技巧帮助建立沟通桥梁，'
    字体: 未设置
    大小: 未设置
    粗体: 未设置
    斜体: 未设置
    下划线: 未设置
    标准颜色: 未设置
  运行 17: '让客户'
    字体: 未设置
    大小: 未设置
    粗体: 未设置
    斜体: 未设置
    下划线: 未设置
    标准颜色: 未设置
  运行 18: '对'
    字体: 未设置
    大小: 未设置
    粗体: 未设置
    斜体: 未设置
    下划线: 未设置
    标准颜色: 未设置
  运行 19: '公司产品感'
    字体: 未设置
    大小: 未设置
    粗体: 未设置
    斜体: 未设置
    下划线: 未设置
    标准颜色: 未设置
  运行 20: '兴趣、'
    字体: 未设置
    大小: 未设置
    粗体: 未设置
    斜体: 未设置
    下划线: 未设置
    标准颜色: 未设置
  运行 21: '有'
    字体: 未设置
    大小: 未设置
    粗体: 未设置
    斜体: 未设置
    下划线: 未设置
    标准颜色: 未设置
  运行 22: '关联、'
    字体: 未设置
    大小: 未设置
    粗体: 未设置
    斜体: 未设置
    下划线: 未设置
    标准颜色: 未设置
  运行 23: '想使用'
    字体: 未设置
    大小: 未设置
    粗体: 未设置
    斜体: 未设置
    下划线: 未设置
    标准颜色: 未设置
  运行 24: '，并与客户建立信任。'
    字体: 未设置
    大小: 未设置
    粗体: 未设置
    斜体: 未设置
    下划线: 未设置
    标准颜色: 未设置

段落 1066:
文本内容: 塑造价值认知。销售团队应采用顾问式销售方法，将客户的具体要求转化为对设备需求，通过与医师探寻分析医疗难题，解决难点以及解决方案，逐渐建立医疗机构对产品的迫切需求。通过完善相关培训，确保一线人员能够快速有效地运用这些沟通技巧和工具，以提升服务质量和客户满意度。
段落样式: 正文-缩进
从样式获取的格式:
  样式字体: 未设置
  样式字号: 未设置
  样式颜色: 未设置
对齐方式: 未设置
左缩进: 未设置
右缩进: 未设置
首行缩进: 未设置
行间距: 未设置
从XML读取的格式:
  运行 1: '塑造价值认知'
    字体: 未设置
    大小: 未设置
    粗体: 未设置
    斜体: 未设置
    下划线: 未设置
    标准颜色: 未设置
  运行 2: '。'
    字体: 未设置
    大小: 未设置
    粗体: 未设置
    斜体: 未设置
    下划线: 未设置
    标准颜色: 未设置
  运行 3: '销售团队'
    字体: 未设置
    大小: 未设置
    粗体: 未设置
    斜体: 未设置
    下划线: 未设置
    标准颜色: 未设置
  运行 4: '应'
    字体: 未设置
    大小: 未设置
    粗体: 未设置
    斜体: 未设置
    下划线: 未设置
    标准颜色: 未设置
  运行 5: '采用顾问式销售方法，将客户的具体要求转化为'
    字体: 未设置
    大小: 未设置
    粗体: 未设置
    斜体: 未设置
    下划线: 未设置
    标准颜色: 未设置
  运行 6: '对设备'
    字体: 未设置
    大小: 未设置
    粗体: 未设置
    斜体: 未设置
    下划线: 未设置
    标准颜色: 未设置
  运行 7: '需求，'
    字体: 未设置
    大小: 未设置
    粗体: 未设置
    斜体: 未设置
    下划线: 未设置
    标准颜色: 未设置
  运行 8: '通过与医师探寻'
    字体: 未设置
    大小: 未设置
    粗体: 未设置
    斜体: 未设置
    下划线: 未设置
    标准颜色: 未设置
  运行 9: '分析'
    字体: 未设置
    大小: 未设置
    粗体: 未设置
    斜体: 未设置
    下划线: 未设置
    标准颜色: 未设置
  运行 10: '医疗难题，解决'
    字体: 未设置
    大小: 未设置
    粗体: 未设置
    斜体: 未设置
    下划线: 未设置
    标准颜色: 未设置
  运行 11: '难点'
    字体: 未设置
    大小: 未设置
    粗体: 未设置
    斜体: 未设置
    下划线: 未设置
    标准颜色: 未设置
  运行 12: '以及解决方案，'
    字体: 未设置
    大小: 未设置
    粗体: 未设置
    斜体: 未设置
    下划线: 未设置
    标准颜色: 未设置
  运行 13: '逐渐'
    字体: 未设置
    大小: 未设置
    粗体: 未设置
    斜体: 未设置
    下划线: 未设置
    标准颜色: 未设置
  运行 14: '建立'
    字体: 未设置
    大小: 未设置
    粗体: 未设置
    斜体: 未设置
    下划线: 未设置
    标准颜色: 未设置
  运行 15: '医疗机构'
    字体: 未设置
    大小: 未设置
    粗体: 未设置
    斜体: 未设置
    下划线: 未设置
    标准颜色: 未设置
  运行 16: '对产品的迫切需求。'
    字体: 未设置
    大小: 未设置
    粗体: 未设置
    斜体: 未设置
    下划线: 未设置
    标准颜色: 未设置
  运行 17: '通过'
    字体: 未设置
    大小: 未设置
    粗体: 未设置
    斜体: 未设置
    下划线: 未设置
    标准颜色: 未设置
  运行 18: '完善相关培训，确保一线人员能够快速有效地运用这些沟通技巧和工具，以提升服务质量和客户满意度。'
    字体: 未设置
    大小: 未设置
    粗体: 未设置
    斜体: 未设置
    下划线: 未设置
    标准颜色: 未设置

段落 1067:
文本内容: 转化需求达成交易
段落样式: Heading 4
从样式获取的格式:
  样式字体: 未设置
  样式字号: 未设置
  样式颜色: 未设置
对齐方式: 未设置
左缩进: 未设置
右缩进: 未设置
首行缩进: 未设置
行间距: 未设置
从XML读取的格式:
  运行 1: '转化需求达成交易'
    字体: 未设置
    大小: 未设置
    粗体: 未设置
    斜体: 未设置
    下划线: 未设置
    标准颜色: 未设置

段落 1068:
文本内容: 达成共识是市场营销全程的关键，Y公司的销售人员需要尽早介入采购流程，确保客户能够全面理解所提供的解决方案。销售人员必须深入了解医院科室的具体业务和内部采购审批流程，以便根据医疗机构具体情况调整营销策略。公司应在前期进行详尽的准备工作，包括客户信息调查、制定访前计划、设备解决方案以及报价。并和主要负责医师保持及时沟通，确保他们参与到产品参数的制定。
段落样式: 正文-缩进
从样式获取的格式:
  样式字体: 未设置
  样式字号: 未设置
  样式颜色: 未设置
对齐方式: 未设置
左缩进: 未设置
右缩进: 未设置
首行缩进: 未设置
行间距: 未设置
从XML读取的格式:
  运行 1: '达成共识是市场营销全程的关键，'
    字体: 未设置
    大小: 未设置
    粗体: 未设置
    斜体: 未设置
    下划线: 未设置
    标准颜色: 未设置
  运行 2: 'Y'
    字体: 未设置
    大小: 未设置
    粗体: 未设置
    斜体: 未设置
    下划线: 未设置
    标准颜色: 未设置
  运行 3: '公司的销售人员需要尽早介入采购流程，确保客户能够全面理解所提供的解决方案。销售人员必须深入了解'
    字体: 未设置
    大小: 未设置
    粗体: 未设置
    斜体: 未设置
    下划线: 未设置
    标准颜色: 未设置
  运行 4: '医院科室'
    字体: 未设置
    大小: 未设置
    粗体: 未设置
    斜体: 未设置
    下划线: 未设置
    标准颜色: 未设置
  运行 5: '的'
    字体: 未设置
    大小: 未设置
    粗体: 未设置
    斜体: 未设置
    下划线: 未设置
    标准颜色: 未设置
  运行 6: '具体'
    字体: 未设置
    大小: 未设置
    粗体: 未设置
    斜体: 未设置
    下划线: 未设置
    标准颜色: 未设置
  运行 7: '业务和'
    字体: 未设置
    大小: 未设置
    粗体: 未设置
    斜体: 未设置
    下划线: 未设置
    标准颜色: 未设置
  运行 8: '内部采购审批'
    字体: 未设置
    大小: 未设置
    粗体: 未设置
    斜体: 未设置
    下划线: 未设置
    标准颜色: 未设置
  运行 9: '流程，以便根据'
    字体: 未设置
    大小: 未设置
    粗体: 未设置
    斜体: 未设置
    下划线: 未设置
    标准颜色: 未设置
  运行 10: '医疗机构'
    字体: 未设置
    大小: 未设置
    粗体: 未设置
    斜体: 未设置
    下划线: 未设置
    标准颜色: 未设置
  运行 11: '具体情况调整营销策略。公司应在前期进行详尽的准备工作，包括客户信息调查、制定访前计划'
    字体: 未设置
    大小: 未设置
    粗体: 未设置
    斜体: 未设置
    下划线: 未设置
    标准颜色: 未设置
  运行 12: '、设备解决方案以及报价。并和主要负责医师保持及时沟通，确保'
    字体: 未设置
    大小: 未设置
    粗体: 未设置
    斜体: 未设置
    下划线: 未设置
    标准颜色: 未设置
  运行 13: '他们'
    字体: 未设置
    大小: 未设置
    粗体: 未设置
    斜体: 未设置
    下划线: 未设置
    标准颜色: 未设置
  运行 14: '参与到产品参数的'
    字体: 未设置
    大小: 未设置
    粗体: 未设置
    斜体: 未设置
    下划线: 未设置
    标准颜色: 未设置
  运行 15: '制定'
    字体: 未设置
    大小: 未设置
    粗体: 未设置
    斜体: 未设置
    下划线: 未设置
    标准颜色: 未设置
  运行 16: '。'
    字体: 未设置
    大小: 未设置
    粗体: 未设置
    斜体: 未设置
    下划线: 未设置
    标准颜色: 未设置

段落 1069:
文本内容: 为了让临床医师更支持Y公司的产品，公司在前期安排试用的时候就应该和医院做好沟通，了解客户的真实需求。在产品科室介绍会的时候，充分根据临床需求重点介绍产品的优势。在产品试用后及时跟进客户对产品的试用感受，促进设备采购方案的申请提交，以及产品具体参数的确认，确保医师的临床需求得到满足。通过特色产品的试用展示等方式，可以和医院以及临床医生建立正常的顾问式合作关系，实现长期共赢。
段落样式: 正文-缩进
从样式获取的格式:
  样式字体: 未设置
  样式字号: 未设置
  样式颜色: 未设置
对齐方式: 未设置
左缩进: 未设置
右缩进: 未设置
首行缩进: 未设置
行间距: 未设置
从XML读取的格式:
  运行 1: '为了让'
    字体: 未设置
    大小: 未设置
    粗体: 未设置
    斜体: 未设置
    下划线: 未设置
    标准颜色: 未设置
  运行 2: '临床医师更支持'
    字体: 未设置
    大小: 未设置
    粗体: 未设置
    斜体: 未设置
    下划线: 未设置
    标准颜色: 未设置
  运行 3: 'Y'
    字体: 未设置
    大小: 未设置
    粗体: 未设置
    斜体: 未设置
    下划线: 未设置
    标准颜色: 未设置
  运行 4: '公司的产品，公司'
    字体: 未设置
    大小: 未设置
    粗体: 未设置
    斜体: 未设置
    下划线: 未设置
    标准颜色: 未设置
  运行 5: '在'
    字体: 未设置
    大小: 未设置
    粗体: 未设置
    斜体: 未设置
    下划线: 未设置
    标准颜色: 未设置
  运行 6: '前期安排试用的'
    字体: 未设置
    大小: 未设置
    粗体: 未设置
    斜体: 未设置
    下划线: 未设置
    标准颜色: 未设置
  运行 7: '时候'
    字体: 未设置
    大小: 未设置
    粗体: 未设置
    斜体: 未设置
    下划线: 未设置
    标准颜色: 未设置
  运行 8: '就应该和医院做好沟通，了解客户的'
    字体: 未设置
    大小: 未设置
    粗体: 未设置
    斜体: 未设置
    下划线: 未设置
    标准颜色: 未设置
  运行 9: '真实'
    字体: 未设置
    大小: 未设置
    粗体: 未设置
    斜体: 未设置
    下划线: 未设置
    标准颜色: 未设置
  运行 10: '需求'
    字体: 未设置
    大小: 未设置
    粗体: 未设置
    斜体: 未设置
    下划线: 未设置
    标准颜色: 未设置
  运行 11: '。'
    字体: 未设置
    大小: 未设置
    粗体: 未设置
    斜体: 未设置
    下划线: 未设置
    标准颜色: 未设置
  运行 12: '在'
    字体: 未设置
    大小: 未设置
    粗体: 未设置
    斜体: 未设置
    下划线: 未设置
    标准颜色: 未设置
  运行 13: '产品科室介绍会的时候，充分根据临床需求重点介绍产品的优势。'
    字体: 未设置
    大小: 未设置
    粗体: 未设置
    斜体: 未设置
    下划线: 未设置
    标准颜色: 未设置
  运行 14: '在'
    字体: 未设置
    大小: 未设置
    粗体: 未设置
    斜体: 未设置
    下划线: 未设置
    标准颜色: 未设置
  运行 15: '产品试用后及时跟进客户对产品的'
    字体: 未设置
    大小: 未设置
    粗体: 未设置
    斜体: 未设置
    下划线: 未设置
    标准颜色: 未设置
  运行 16: '试用'
    字体: 未设置
    大小: 未设置
    粗体: 未设置
    斜体: 未设置
    下划线: 未设置
    标准颜色: 未设置
  运行 17: '感受，促进'
    字体: 未设置
    大小: 未设置
    粗体: 未设置
    斜体: 未设置
    下划线: 未设置
    标准颜色: 未设置
  运行 18: '设备采购方案'
    字体: 未设置
    大小: 未设置
    粗体: 未设置
    斜体: 未设置
    下划线: 未设置
    标准颜色: 未设置
  运行 19: '的'
    字体: 未设置
    大小: 未设置
    粗体: 未设置
    斜体: 未设置
    下划线: 未设置
    标准颜色: 未设置
  运行 20: '申请'
    字体: 未设置
    大小: 未设置
    粗体: 未设置
    斜体: 未设置
    下划线: 未设置
    标准颜色: 未设置
  运行 21: '提交'
    字体: 未设置
    大小: 未设置
    粗体: 未设置
    斜体: 未设置
    下划线: 未设置
    标准颜色: 未设置
  运行 22: '，'
    字体: 未设置
    大小: 未设置
    粗体: 未设置
    斜体: 未设置
    下划线: 未设置
    标准颜色: 未设置
  运行 23: '以及产品'
    字体: 未设置
    大小: 未设置
    粗体: 未设置
    斜体: 未设置
    下划线: 未设置
    标准颜色: 未设置
  运行 24: '具体'
    字体: 未设置
    大小: 未设置
    粗体: 未设置
    斜体: 未设置
    下划线: 未设置
    标准颜色: 未设置
  运行 25: '参数的确认，确保医师的临床需求得到满足。通过特色产品的试用展示等方式，可以和医院以及临床医生建立正常的顾问式合作关系，实现长期共赢。'
    字体: 未设置
    大小: 未设置
    粗体: 未设置
    斜体: 未设置
    下划线: 未设置
    标准颜色: 未设置

段落 1070:
文本内容: 第六章 Y公司营销策略优化的保障措施
段落样式: Heading 1
从样式获取的格式:
  样式字体: 未设置
  样式字号: 190500
  样式字号(pt): 15.0
  样式颜色: 未设置
对齐方式: 未设置
左缩进: 未设置
右缩进: 未设置
首行缩进: 未设置
行间距: 未设置
从XML读取的格式:
  运行 1: '第六章'
    字体: 未设置
    大小: 未设置
    粗体: 未设置
    斜体: 未设置
    下划线: 未设置
    标准颜色: 未设置
  运行 2: ' '
    字体: 未设置
    大小: 未设置
    粗体: 未设置
    斜体: 未设置
    下划线: 未设置
    标准颜色: 未设置
  运行 3: 'Y'
    字体: 未设置
    大小: 未设置
    粗体: 未设置
    斜体: 未设置
    下划线: 未设置
    标准颜色: 未设置
  运行 4: '公司营销策略'
    字体: 未设置
    大小: 未设置
    粗体: 未设置
    斜体: 未设置
    下划线: 未设置
    标准颜色: 未设置
  运行 5: '优化'
    字体: 未设置
    大小: 未设置
    粗体: 未设置
    斜体: 未设置
    下划线: 未设置
    标准颜色: 未设置
  运行 6: '的'
    字体: 未设置
    大小: 未设置
    粗体: 未设置
    斜体: 未设置
    下划线: 未设置
    标准颜色: 未设置
  运行 7: '保障措施'
    字体: 未设置
    大小: 未设置
    粗体: 未设置
    斜体: 未设置
    下划线: 未设置
    标准颜色: 未设置
  运行 8: ''
    字体: 未设置
    大小: 未设置
    粗体: 未设置
    斜体: 未设置
    下划线: 未设置
    标准颜色: 未设置
  运行 9: ''
    字体: 未设置
    大小: 未设置
    粗体: 未设置
    斜体: 未设置
    下划线: 未设置
    标准颜色: 未设置
  运行 10: ''
    字体: 未设置
    大小: 未设置
    粗体: 未设置
    斜体: 未设置
    下划线: 未设置
    标准颜色: 未设置
  运行 11: ''
    字体: 未设置
    大小: 未设置
    粗体: 未设置
    斜体: 未设置
    下划线: 未设置
    标准颜色: 未设置
  运行 12: ''
    字体: 未设置
    大小: 未设置
    粗体: 未设置
    斜体: 未设置
    下划线: 未设置
    标准颜色: 未设置
  运行 13: ''
    字体: 未设置
    大小: 未设置
    粗体: 未设置
    斜体: 未设置
    下划线: 未设置
    标准颜色: 未设置
  运行 14: ''
    字体: 未设置
    大小: 未设置
    粗体: 未设置
    斜体: 未设置
    下划线: 未设置
    标准颜色: 未设置
  运行 15: ''
    字体: 未设置
    大小: 未设置
    粗体: 未设置
    斜体: 未设置
    下划线: 未设置
    标准颜色: 未设置

段落 1071:
文本内容: 营销策略的落地执行是营销策略优化管理中重要的一环。在整个营销的执行过程中，企业营销理念、企业组织结构、人才招聘培养、信息技术管理、财务风险管理、管理制度细化等，都和营销策略的执行息息相关。
段落样式: 正文-缩进
从样式获取的格式:
  样式字体: 未设置
  样式字号: 未设置
  样式颜色: 未设置
对齐方式: 未设置
左缩进: 未设置
右缩进: 未设置
首行缩进: 未设置
行间距: 未设置
从XML读取的格式:
  运行 1: '营销策略的落地执行是营销策略'
    字体: 未设置
    大小: 未设置
    粗体: 未设置
    斜体: 未设置
    下划线: 未设置
    标准颜色: 未设置
  运行 2: '优化'
    字体: 未设置
    大小: 未设置
    粗体: 未设置
    斜体: 未设置
    下划线: 未设置
    标准颜色: 未设置
  运行 3: '管理中重要的一环。在整个营销的执行过程中，企业营销理念、企业组织结构、人才招聘培养'
    字体: 未设置
    大小: 未设置
    粗体: 未设置
    斜体: 未设置
    下划线: 未设置
    标准颜色: 未设置
  运行 4: '、信息技术管理、财务风险管理、管理制度细化'
    字体: 未设置
    大小: 未设置
    粗体: 未设置
    斜体: 未设置
    下划线: 未设置
    标准颜色: 未设置
  运行 5: '等'
    字体: 未设置
    大小: 未设置
    粗体: 未设置
    斜体: 未设置
    下划线: 未设置
    标准颜色: 未设置
  运行 6: '，'
    字体: 未设置
    大小: 未设置
    粗体: 未设置
    斜体: 未设置
    下划线: 未设置
    标准颜色: 未设置
  运行 7: '都和营销策略的执行息息相关'
    字体: 未设置
    大小: 未设置
    粗体: 未设置
    斜体: 未设置
    下划线: 未设置
    标准颜色: 未设置
  运行 8: '。'
    字体: 未设置
    大小: 未设置
    粗体: 未设置
    斜体: 未设置
    下划线: 未设置
    标准颜色: 未设置

段落 1072:
文本内容: 组织结构层面的保障
段落样式: Heading 2
从样式获取的格式:
  样式字体: 未设置
  样式字号: 177800
  样式字号(pt): 14.0
  样式颜色: 未设置
对齐方式: 未设置
左缩进: 未设置
右缩进: 未设置
首行缩进: 未设置
行间距: 未设置
从XML读取的格式:
  运行 1: '组织结构层面的保障'
    字体: 未设置
    大小: 未设置
    粗体: 未设置
    斜体: 未设置
    下划线: 未设置
    标准颜色: 未设置
  运行 2: ''
    字体: 未设置
    大小: 未设置
    粗体: 未设置
    斜体: 未设置
    下划线: 未设置
    标准颜色: 未设置
  运行 3: ''
    字体: 未设置
    大小: 未设置
    粗体: 未设置
    斜体: 未设置
    下划线: 未设置
    标准颜色: 未设置
  运行 4: ''
    字体: 未设置
    大小: 未设置
    粗体: 未设置
    斜体: 未设置
    下划线: 未设置
    标准颜色: 未设置
  运行 5: ''
    字体: 未设置
    大小: 未设置
    粗体: 未设置
    斜体: 未设置
    下划线: 未设置
    标准颜色: 未设置
  运行 6: ''
    字体: 未设置
    大小: 未设置
    粗体: 未设置
    斜体: 未设置
    下划线: 未设置
    标准颜色: 未设置
  运行 7: ''
    字体: 未设置
    大小: 未设置
    粗体: 未设置
    斜体: 未设置
    下划线: 未设置
    标准颜色: 未设置
  运行 8: ''
    字体: 未设置
    大小: 未设置
    粗体: 未设置
    斜体: 未设置
    下划线: 未设置
    标准颜色: 未设置

段落 1073:
文本内容: 当代企业组织架构在持续发展中已逐步形成完善和成熟。在当今信息和数据传输极为迅速的时代，传统的组织结构已不能满足和应对市场快速变化的需求。扁平化的组织结构通过有效整合分散的资源，不仅提升了工作效率，还降低了交易成本，有助于企业减少开支、提升效能和增强市场竞争力。Y公司需要改革组织架构，采纳新的管理模式，以实现组织的小型化和灵活化。公司可以在执行、保障、业务开展和财务结算等多个层面对现有组织架构进行重新评估和定位，以适应市场的发展。
段落样式: 正文-缩进
从样式获取的格式:
  样式字体: 未设置
  样式字号: 未设置
  样式颜色: 未设置
对齐方式: 未设置
左缩进: 未设置
右缩进: 未设置
首行缩进: 未设置
行间距: 未设置
从XML读取的格式:
  运行 1: '当代'
    字体: 未设置
    大小: 未设置
    粗体: 未设置
    斜体: 未设置
    下划线: 未设置
    标准颜色: 未设置
  运行 2: '企业'
    字体: 未设置
    大小: 未设置
    粗体: 未设置
    斜体: 未设置
    下划线: 未设置
    标准颜色: 未设置
  运行 3: '组织架构'
    字体: 未设置
    大小: 未设置
    粗体: 未设置
    斜体: 未设置
    下划线: 未设置
    标准颜色: 未设置
  运行 4: '在持续发展中已逐步'
    字体: 未设置
    大小: 未设置
    粗体: 未设置
    斜体: 未设置
    下划线: 未设置
    标准颜色: 未设置
  运行 5: '形成'
    字体: 未设置
    大小: 未设置
    粗体: 未设置
    斜体: 未设置
    下划线: 未设置
    标准颜色: 未设置
  运行 6: '完善和成熟。在'
    字体: 未设置
    大小: 未设置
    粗体: 未设置
    斜体: 未设置
    下划线: 未设置
    标准颜色: 未设置
  运行 7: '当今'
    字体: 未设置
    大小: 未设置
    粗体: 未设置
    斜体: 未设置
    下划线: 未设置
    标准颜色: 未设置
  运行 8: '信息和数据传输极为迅速的时代，传统的组织结构已不'
    字体: 未设置
    大小: 未设置
    粗体: 未设置
    斜体: 未设置
    下划线: 未设置
    标准颜色: 未设置
  运行 9: '能满足和'
    字体: 未设置
    大小: 未设置
    粗体: 未设置
    斜体: 未设置
    下划线: 未设置
    标准颜色: 未设置
  运行 10: '应对市场快速变化的需求。扁平化的组织结构通过有效整合分散的资源，不仅提升了工作效率，还降低了交易成本，有助于企业减少开支、提升效能和增强市场竞争力。'
    字体: 未设置
    大小: 未设置
    粗体: 未设置
    斜体: 未设置
    下划线: 未设置
    标准颜色: 未设置
  运行 11: 'Y'
    字体: 未设置
    大小: 未设置
    粗体: 未设置
    斜体: 未设置
    下划线: 未设置
    标准颜色: 未设置
  运行 12: '公司'
    字体: 未设置
    大小: 未设置
    粗体: 未设置
    斜体: 未设置
    下划线: 未设置
    标准颜色: 未设置
  运行 13: '需要'
    字体: 未设置
    大小: 未设置
    粗体: 未设置
    斜体: 未设置
    下划线: 未设置
    标准颜色: 未设置
  运行 14: '改革组织架构，采纳新的管理模式，以实现组织的小型化和灵活化。公司可以在执行、保障、业务开展和财务结算等多个层面对现有组织架构进行重新评估和定位，以适应市场的发展。'
    字体: 未设置
    大小: 未设置
    粗体: 未设置
    斜体: 未设置
    下划线: 未设置
    标准颜色: 未设置

段落 1074:
文本内容: 组织结构向扁平化和功能优化转型。公司可以设立市场部、销售部、大客户部等平行部各司其职。如市场部负责市场规则和活动策划，销售部门和经销商团队执行促销活动，大客户部则专注于大型客户关系管理和市场投入。销售部、市场部和工程部人员既有纵向的管理路径，也有按省区经理负责制的横向管理路径，共同为销售目标齐心协力。具体的组织结构调整方案可以参照图 6-1展示。
段落样式: 正文-缩进
从样式获取的格式:
  样式字体: 未设置
  样式字号: 未设置
  样式颜色: 未设置
对齐方式: 未设置
左缩进: 未设置
右缩进: 未设置
首行缩进: 未设置
行间距: 未设置
从XML读取的格式:
  运行 1: '组织结构向扁平化和功能优化转型。公司可以设立市场部、销售部、大客户部等平行部各司其职'
    字体: 未设置
    大小: 未设置
    粗体: 未设置
    斜体: 未设置
    下划线: 未设置
    标准颜色: 未设置
  运行 2: '。'
    字体: 未设置
    大小: 未设置
    粗体: 未设置
    斜体: 未设置
    下划线: 未设置
    标准颜色: 未设置
  运行 3: '如市场部负责市场规则和活动策划，销售部门和经销商团队执行促销活动，大客户部则专注于大型客户关系管理和市场投入。'
    字体: 未设置
    大小: 未设置
    粗体: 未设置
    斜体: 未设置
    下划线: 未设置
    标准颜色: 未设置
  运行 4: '销售部、市场部和工程部人员既有纵向的管理路径，也有按省区经理负责制的横向管理路径，共同为销售目标齐心协力。'
    字体: 未设置
    大小: 未设置
    粗体: 未设置
    斜体: 未设置
    下划线: 未设置
    标准颜色: 未设置
  运行 5: '具体的组织结构调整方案可以参照'
    字体: 未设置
    大小: 未设置
    粗体: 未设置
    斜体: 未设置
    下划线: 未设置
    标准颜色: 未设置
  运行 6: ''
    字体: 未设置
    大小: 未设置
    粗体: 未设置
    斜体: 未设置
    下划线: 未设置
    标准颜色: 未设置
  运行 7: ''
    字体: 未设置
    大小: 未设置
    粗体: 未设置
    斜体: 未设置
    下划线: 未设置
    标准颜色: 未设置
  运行 8: ''
    字体: 未设置
    大小: 未设置
    粗体: 未设置
    斜体: 未设置
    下划线: 未设置
    标准颜色: 未设置
  运行 9: ''
    字体: 未设置
    大小: 未设置
    粗体: 未设置
    斜体: 未设置
    下划线: 未设置
    标准颜色: 未设置
  运行 10: ''
    字体: 未设置
    大小: 未设置
    粗体: 未设置
    斜体: 未设置
    下划线: 未设置
    标准颜色: 未设置
  运行 11: '图'
    字体: 未设置
    大小: 未设置
    粗体: 未设置
    斜体: 未设置
    下划线: 未设置
    标准颜色: 未设置
  运行 12: ' '
    字体: 未设置
    大小: 未设置
    粗体: 未设置
    斜体: 未设置
    下划线: 未设置
    标准颜色: 未设置
  运行 13: '6'
    字体: 未设置
    大小: 未设置
    粗体: 未设置
    斜体: 未设置
    下划线: 未设置
    标准颜色: 未设置
  运行 14: '-'
    字体: 未设置
    大小: 未设置
    粗体: 未设置
    斜体: 未设置
    下划线: 未设置
    标准颜色: 未设置
  运行 15: '1'
    字体: 未设置
    大小: 未设置
    粗体: 未设置
    斜体: 未设置
    下划线: 未设置
    标准颜色: 未设置
  运行 16: ''
    字体: 未设置
    大小: 未设置
    粗体: 未设置
    斜体: 未设置
    下划线: 未设置
    标准颜色: 未设置
  运行 17: '展示。'
    字体: 未设置
    大小: 未设置
    粗体: 未设置
    斜体: 未设置
    下划线: 未设置
    标准颜色: 未设置

段落 1077:
文本内容: 图 6-1　Y公司组织架构调整图
段落样式: Caption
从样式获取的格式:
  样式字体: 未设置
  样式字号: 未设置
  样式颜色: 未设置
对齐方式: 未设置
左缩进: 未设置
右缩进: 未设置
首行缩进: 未设置
行间距: 未设置
从XML读取的格式:
  运行 1: '图'
    字体: 未设置
    大小: 未设置
    粗体: 未设置
    斜体: 未设置
    下划线: 未设置
    标准颜色: 未设置
  运行 2: ' '
    字体: 未设置
    大小: 未设置
    粗体: 未设置
    斜体: 未设置
    下划线: 未设置
    标准颜色: 未设置
  运行 3: ''
    字体: 未设置
    大小: 未设置
    粗体: 未设置
    斜体: 未设置
    下划线: 未设置
    标准颜色: 未设置
  运行 4: ''
    字体: 未设置
    大小: 未设置
    粗体: 未设置
    斜体: 未设置
    下划线: 未设置
    标准颜色: 未设置
  运行 5: ''
    字体: 未设置
    大小: 未设置
    粗体: 未设置
    斜体: 未设置
    下划线: 未设置
    标准颜色: 未设置
  运行 6: ''
    字体: 未设置
    大小: 未设置
    粗体: 未设置
    斜体: 未设置
    下划线: 未设置
    标准颜色: 未设置
  运行 7: ''
    字体: 未设置
    大小: 未设置
    粗体: 未设置
    斜体: 未设置
    下划线: 未设置
    标准颜色: 未设置
  运行 8: '6'
    字体: 未设置
    大小: 未设置
    粗体: 未设置
    斜体: 未设置
    下划线: 未设置
    标准颜色: 未设置
  运行 9: ''
    字体: 未设置
    大小: 未设置
    粗体: 未设置
    斜体: 未设置
    下划线: 未设置
    标准颜色: 未设置
  运行 10: '-'
    字体: 未设置
    大小: 未设置
    粗体: 未设置
    斜体: 未设置
    下划线: 未设置
    标准颜色: 未设置
  运行 11: ''
    字体: 未设置
    大小: 未设置
    粗体: 未设置
    斜体: 未设置
    下划线: 未设置
    标准颜色: 未设置
  运行 12: ''
    字体: 未设置
    大小: 未设置
    粗体: 未设置
    斜体: 未设置
    下划线: 未设置
    标准颜色: 未设置
  运行 13: ''
    字体: 未设置
    大小: 未设置
    粗体: 未设置
    斜体: 未设置
    下划线: 未设置
    标准颜色: 未设置
  运行 14: ''
    字体: 未设置
    大小: 未设置
    粗体: 未设置
    斜体: 未设置
    下划线: 未设置
    标准颜色: 未设置
  运行 15: ''
    字体: 未设置
    大小: 未设置
    粗体: 未设置
    斜体: 未设置
    下划线: 未设置
    标准颜色: 未设置
  运行 16: ''
    字体: 未设置
    大小: 未设置
    粗体: 未设置
    斜体: 未设置
    下划线: 未设置
    标准颜色: 未设置
  运行 17: ''
    字体: 未设置
    大小: 未设置
    粗体: 未设置
    斜体: 未设置
    下划线: 未设置
    标准颜色: 未设置
  运行 18: '1'
    字体: 未设置
    大小: 未设置
    粗体: 未设置
    斜体: 未设置
    下划线: 未设置
    标准颜色: 未设置
  运行 19: ''
    字体: 未设置
    大小: 未设置
    粗体: 未设置
    斜体: 未设置
    下划线: 未设置
    标准颜色: 未设置
  运行 20: '　'
    字体: 未设置
    大小: 未设置
    粗体: 未设置
    斜体: 未设置
    下划线: 未设置
    标准颜色: 未设置
  运行 21: 'Y'
    字体: 未设置
    大小: 未设置
    粗体: 未设置
    斜体: 未设置
    下划线: 未设置
    标准颜色: 未设置
  运行 22: '公司组织架构'
    字体: 未设置
    大小: 未设置
    粗体: 未设置
    斜体: 未设置
    下划线: 未设置
    标准颜色: 未设置
  运行 23: '调整'
    字体: 未设置
    大小: 未设置
    粗体: 未设置
    斜体: 未设置
    下划线: 未设置
    标准颜色: 未设置
  运行 24: '图'
    字体: 未设置
    大小: 未设置
    粗体: 未设置
    斜体: 未设置
    下划线: 未设置
    标准颜色: 未设置

段落 1078:
文本内容: 资料来源：作者整理，Y公司内部资料，2024.
段落样式: 图表资料来源
从样式获取的格式:
  样式字体: 未设置
  样式字号: 114300
  样式字号(pt): 9.0
  样式颜色: 未设置
对齐方式: 未设置
左缩进: 未设置
右缩进: 未设置
首行缩进: 未设置
行间距: 未设置
从XML读取的格式:
  运行 1: '资料来源：'
    字体: 未设置
    大小: 未设置
    粗体: 未设置
    斜体: 未设置
    下划线: 未设置
    标准颜色: 未设置
  运行 2: '作者整'
    字体: 未设置
    大小: 未设置
    粗体: 未设置
    斜体: 未设置
    下划线: 未设置
    标准颜色: 未设置
  运行 3: '理，'
    字体: 未设置
    大小: 未设置
    粗体: 未设置
    斜体: 未设置
    下划线: 未设置
    标准颜色: 未设置
  运行 4: 'Y'
    字体: 未设置
    大小: 未设置
    粗体: 未设置
    斜体: 未设置
    下划线: 未设置
    标准颜色: 未设置
  运行 5: '公司内部资料'
    字体: 未设置
    大小: 未设置
    粗体: 未设置
    斜体: 未设置
    下划线: 未设置
    标准颜色: 未设置
  运行 6: '，'
    字体: 未设置
    大小: 未设置
    粗体: 未设置
    斜体: 未设置
    下划线: 未设置
    标准颜色: 未设置
  运行 7: '2'
    字体: 未设置
    大小: 未设置
    粗体: 未设置
    斜体: 未设置
    下划线: 未设置
    标准颜色: 未设置
  运行 8: '02'
    字体: 未设置
    大小: 未设置
    粗体: 未设置
    斜体: 未设置
    下划线: 未设置
    标准颜色: 未设置
  运行 9: '4'
    字体: 未设置
    大小: 未设置
    粗体: 未设置
    斜体: 未设置
    下划线: 未设置
    标准颜色: 未设置
  运行 10: '.'
    字体: 未设置
    大小: 未设置
    粗体: 未设置
    斜体: 未设置
    下划线: 未设置
    标准颜色: 未设置

段落 1080:
文本内容: 组织部门间沟通也应与时俱进降本增效。Y公司应引入即时沟通系统，如钉钉、企业微信、腾讯会议等系统，使员工能够轻松访问报表和数据，提升工作效率。扁平化管理有助于提高信息流通速度，使决策更灵活，快速响应市场变化，降低成本，提升效率，并激发员工的创新精神和工作热情。日常管理可以利用微信和邮箱，组建各省区管理群、主管沟通群，省区经理沟通群，大客户沟通群等，及时沟通和处理突发事件。Y公司应培养员工与管理层之间的合作关系，赋予员工适当的权限和责任，促进组织自主性和员工的主观能动性。
段落样式: 正文-缩进
从样式获取的格式:
  样式字体: 未设置
  样式字号: 未设置
  样式颜色: 未设置
对齐方式: 未设置
左缩进: 未设置
右缩进: 未设置
首行缩进: 未设置
行间距: 未设置
从XML读取的格式:
  运行 1: '组织部门间沟通也应与时俱进降本增效。'
    字体: 未设置
    大小: 未设置
    粗体: 未设置
    斜体: 未设置
    下划线: 未设置
    标准颜色: 未设置
  运行 2: 'Y'
    字体: 未设置
    大小: 未设置
    粗体: 未设置
    斜体: 未设置
    下划线: 未设置
    标准颜色: 未设置
  运行 3: '公司应引入即时沟通系统'
    字体: 未设置
    大小: 未设置
    粗体: 未设置
    斜体: 未设置
    下划线: 未设置
    标准颜色: 未设置
  运行 4: '，如钉钉、'
    字体: 未设置
    大小: 未设置
    粗体: 未设置
    斜体: 未设置
    下划线: 未设置
    标准颜色: 未设置
  运行 5: '企业微信、腾讯会议'
    字体: 未设置
    大小: 未设置
    粗体: 未设置
    斜体: 未设置
    下划线: 未设置
    标准颜色: 未设置
  运行 6: '等系统'
    字体: 未设置
    大小: 未设置
    粗体: 未设置
    斜体: 未设置
    下划线: 未设置
    标准颜色: 未设置
  运行 7: '，使员工能够轻松访问报表和数据，提升工作效率。扁平化管理有助于提高信息流通速度，使决策更灵活，快速响应市场变化，降低成本，提升效率，并激发员工的创新精神和工作热情。'
    字体: 未设置
    大小: 未设置
    粗体: 未设置
    斜体: 未设置
    下划线: 未设置
    标准颜色: 未设置
  运行 8: '日常管理可以利用微信和邮箱，组建各省区管理群、主管沟通群，省区经理沟通群，大客户沟通群等，及时沟通和处理突发事件'
    字体: 未设置
    大小: 未设置
    粗体: 未设置
    斜体: 未设置
    下划线: 未设置
    标准颜色: 未设置
  运行 9: '。'
    字体: 未设置
    大小: 未设置
    粗体: 未设置
    斜体: 未设置
    下划线: 未设置
    标准颜色: 未设置
  运行 10: 'Y'
    字体: 未设置
    大小: 未设置
    粗体: 未设置
    斜体: 未设置
    下划线: 未设置
    标准颜色: 未设置
  运行 11: '公司应培养员工与管理层之间的合作关系，赋予员工适当的权限和责任，促进组织自主性和员工的主观能动性。'
    字体: 未设置
    大小: 未设置
    粗体: 未设置
    斜体: 未设置
    下划线: 未设置
    标准颜色: 未设置

段落 1081:
文本内容: 流程重组和再造将成为常态。企业竞争力的强弱将依赖于对新业务的适应能力。Y公司应以用户为中心，重新审视和设计业务流程，实现成本、质量和速度的根本性变革，满足医院客户需求。公司应形成以市场为导向的共识，打破传统的层级式管理模式，使每位员工都能成为独立思考的个体，服务于市场和终端医院客户。
段落样式: 正文-缩进
从样式获取的格式:
  样式字体: 未设置
  样式字号: 未设置
  样式颜色: 未设置
对齐方式: 未设置
左缩进: 未设置
右缩进: 未设置
首行缩进: 未设置
行间距: 未设置
从XML读取的格式:
  运行 1: '流程重组和再造将成为常态'
    字体: 未设置
    大小: 未设置
    粗体: 未设置
    斜体: 未设置
    下划线: 未设置
    标准颜色: 未设置
  运行 2: '。'
    字体: 未设置
    大小: 未设置
    粗体: 未设置
    斜体: 未设置
    下划线: 未设置
    标准颜色: 未设置
  运行 3: '企业竞争力的强弱将依赖于对'
    字体: 未设置
    大小: 未设置
    粗体: 未设置
    斜体: 未设置
    下划线: 未设置
    标准颜色: 未设置
  运行 4: '新业务的适应能力。'
    字体: 未设置
    大小: 未设置
    粗体: 未设置
    斜体: 未设置
    下划线: 未设置
    标准颜色: 未设置
  运行 5: 'Y'
    字体: 未设置
    大小: 未设置
    粗体: 未设置
    斜体: 未设置
    下划线: 未设置
    标准颜色: 未设置
  运行 6: '公司应以用户为中心，重新审视和设计业务流程，实现成本、质量和速度的根本性变革，满足'
    字体: 未设置
    大小: 未设置
    粗体: 未设置
    斜体: 未设置
    下划线: 未设置
    标准颜色: 未设置
  运行 7: '医院'
    字体: 未设置
    大小: 未设置
    粗体: 未设置
    斜体: 未设置
    下划线: 未设置
    标准颜色: 未设置
  运行 8: '客户需求。公司应形成以市场为导向的共识，'
    字体: 未设置
    大小: 未设置
    粗体: 未设置
    斜体: 未设置
    下划线: 未设置
    标准颜色: 未设置
  运行 9: '打破传统的层级式管理模式，使每位员工都能成为独立思考的个体，服务于市场和终端'
    字体: 未设置
    大小: 未设置
    粗体: 未设置
    斜体: 未设置
    下划线: 未设置
    标准颜色: 未设置
  运行 10: '医院'
    字体: 未设置
    大小: 未设置
    粗体: 未设置
    斜体: 未设置
    下划线: 未设置
    标准颜色: 未设置
  运行 11: '客户。'
    字体: 未设置
    大小: 未设置
    粗体: 未设置
    斜体: 未设置
    下划线: 未设置
    标准颜色: 未设置

段落 1082:
文本内容: 在数字化时代，Y公司的扁平化组织设计旨在高效服务市场，满足快速的产品售后需求，构建符合医院需求的全方位保障。优化的组织结构管理是Y公司营销策略优化成功的重要保障。
段落样式: 正文-缩进
从样式获取的格式:
  样式字体: 未设置
  样式字号: 未设置
  样式颜色: 未设置
对齐方式: 未设置
左缩进: 未设置
右缩进: 未设置
首行缩进: 未设置
行间距: 未设置
从XML读取的格式:
  运行 1: '在数字化时代，'
    字体: 未设置
    大小: 未设置
    粗体: 未设置
    斜体: 未设置
    下划线: 未设置
    标准颜色: 未设置
  运行 2: 'Y'
    字体: 未设置
    大小: 未设置
    粗体: 未设置
    斜体: 未设置
    下划线: 未设置
    标准颜色: 未设置
  运行 3: '公司的扁平化组织设计旨在高效服务市场，满足快速的产品'
    字体: 未设置
    大小: 未设置
    粗体: 未设置
    斜体: 未设置
    下划线: 未设置
    标准颜色: 未设置
  运行 4: '售后'
    字体: 未设置
    大小: 未设置
    粗体: 未设置
    斜体: 未设置
    下划线: 未设置
    标准颜色: 未设置
  运行 5: '需求，构建符合'
    字体: 未设置
    大小: 未设置
    粗体: 未设置
    斜体: 未设置
    下划线: 未设置
    标准颜色: 未设置
  运行 6: '医院'
    字体: 未设置
    大小: 未设置
    粗体: 未设置
    斜体: 未设置
    下划线: 未设置
    标准颜色: 未设置
  运行 7: '需求'
    字体: 未设置
    大小: 未设置
    粗体: 未设置
    斜体: 未设置
    下划线: 未设置
    标准颜色: 未设置
  运行 8: '的全方位保障'
    字体: 未设置
    大小: 未设置
    粗体: 未设置
    斜体: 未设置
    下划线: 未设置
    标准颜色: 未设置
  运行 9: '。优化的组织结构管理是'
    字体: 未设置
    大小: 未设置
    粗体: 未设置
    斜体: 未设置
    下划线: 未设置
    标准颜色: 未设置
  运行 10: 'Y'
    字体: 未设置
    大小: 未设置
    粗体: 未设置
    斜体: 未设置
    下划线: 未设置
    标准颜色: 未设置
  运行 11: '公司'
    字体: 未设置
    大小: 未设置
    粗体: 未设置
    斜体: 未设置
    下划线: 未设置
    标准颜色: 未设置
  运行 12: '营销策略优化成功的重要保障。'
    字体: 未设置
    大小: 未设置
    粗体: 未设置
    斜体: 未设置
    下划线: 未设置
    标准颜色: 未设置

段落 1083:
文本内容: 人力资源层面的保障
段落样式: Heading 2
从样式获取的格式:
  样式字体: 未设置
  样式字号: 177800
  样式字号(pt): 14.0
  样式颜色: 未设置
对齐方式: 未设置
左缩进: 未设置
右缩进: 未设置
首行缩进: 未设置
行间距: 未设置
从XML读取的格式:
  运行 1: '人力'
    字体: 未设置
    大小: 未设置
    粗体: 未设置
    斜体: 未设置
    下划线: 未设置
    标准颜色: 未设置
  运行 2: '资源层面的保障'
    字体: 未设置
    大小: 未设置
    粗体: 未设置
    斜体: 未设置
    下划线: 未设置
    标准颜色: 未设置
  运行 3: ''
    字体: 未设置
    大小: 未设置
    粗体: 未设置
    斜体: 未设置
    下划线: 未设置
    标准颜色: 未设置
  运行 4: ''
    字体: 未设置
    大小: 未设置
    粗体: 未设置
    斜体: 未设置
    下划线: 未设置
    标准颜色: 未设置
  运行 5: ''
    字体: 未设置
    大小: 未设置
    粗体: 未设置
    斜体: 未设置
    下划线: 未设置
    标准颜色: 未设置
  运行 6: ''
    字体: 未设置
    大小: 未设置
    粗体: 未设置
    斜体: 未设置
    下划线: 未设置
    标准颜色: 未设置
  运行 7: ''
    字体: 未设置
    大小: 未设置
    粗体: 未设置
    斜体: 未设置
    下划线: 未设置
    标准颜色: 未设置
  运行 8: ''
    字体: 未设置
    大小: 未设置
    粗体: 未设置
    斜体: 未设置
    下划线: 未设置
    标准颜色: 未设置
  运行 9: ''
    字体: 未设置
    大小: 未设置
    粗体: 未设置
    斜体: 未设置
    下划线: 未设置
    标准颜色: 未设置
  运行 10: ''
    字体: 未设置
    大小: 未设置
    粗体: 未设置
    斜体: 未设置
    下划线: 未设置
    标准颜色: 未设置
  运行 11: ''
    字体: 未设置
    大小: 未设置
    粗体: 未设置
    斜体: 未设置
    下划线: 未设置
    标准颜色: 未设置

段落 1084:
文本内容: 为了让Y公司更好适应专业市场需求，并全面高效落地执行公司既定的营销策略，公司在人力资源层面，特别是人员招聘、培训、绩效和薪资福利方便做好保障。
段落样式: 正文-缩进
从样式获取的格式:
  样式字体: 未设置
  样式字号: 未设置
  样式颜色: 未设置
对齐方式: 未设置
左缩进: 未设置
右缩进: 未设置
首行缩进: 未设置
行间距: 未设置
从XML读取的格式:
  运行 1: '为了让'
    字体: 未设置
    大小: 未设置
    粗体: 未设置
    斜体: 未设置
    下划线: 未设置
    标准颜色: 未设置
  运行 2: 'Y'
    字体: 未设置
    大小: 未设置
    粗体: 未设置
    斜体: 未设置
    下划线: 未设置
    标准颜色: 未设置
  运行 3: '公司更好适应专业市场需求，并全面高效落地执行公司既定的营销策略，公司'
    字体: 未设置
    大小: 未设置
    粗体: 未设置
    斜体: 未设置
    下划线: 未设置
    标准颜色: 未设置
  运行 4: '在'
    字体: 未设置
    大小: 未设置
    粗体: 未设置
    斜体: 未设置
    下划线: 未设置
    标准颜色: 未设置
  运行 5: '人力资源层面，特别是'
    字体: 未设置
    大小: 未设置
    粗体: 未设置
    斜体: 未设置
    下划线: 未设置
    标准颜色: 未设置
  运行 6: '人员招聘、培训、绩效和薪资福利方便做好保障'
    字体: 未设置
    大小: 未设置
    粗体: 未设置
    斜体: 未设置
    下划线: 未设置
    标准颜色: 未设置
  运行 7: '。'
    字体: 未设置
    大小: 未设置
    粗体: 未设置
    斜体: 未设置
    下划线: 未设置
    标准颜色: 未设置

段落 1085:
文本内容: 人才招聘是人力资源管理的关键起点。对于医疗器械代理公司而言，它决定了能否吸引并留住关键岗位上的优秀人才。公司需要明确岗位需求，制定相应的招聘策略和流程。对于核心岗位如省区经理，公司应重点寻找熟悉客户，具备完善销售能力和成熟管理能力的职业经理人。同时招聘配置计划可将重点放在市场部门，通过内部培养、培训升级，并与猎头公司合作，招募具有丰富行业经验的员工。这不仅能够为公司注入新鲜血液，还能建立人才储备梯队，持续打造一支既符合公司文化又能满足业务需求的专业人才队伍。公司还应持续优化招聘流程，确保公平公正，并注重招聘过程中的多样性和包容性，以吸引来自不同背景的人才，为公司的长期发展奠定坚实基础。
段落样式: 正文-缩进
从样式获取的格式:
  样式字体: 未设置
  样式字号: 未设置
  样式颜色: 未设置
对齐方式: 未设置
左缩进: 未设置
右缩进: 未设置
首行缩进: 未设置
行间距: 未设置
从XML读取的格式:
  运行 1: '人才'
    字体: 未设置
    大小: 未设置
    粗体: 未设置
    斜体: 未设置
    下划线: 未设置
    标准颜色: 未设置
  运行 2: '招聘是人力资源管理的关键起点'
    字体: 未设置
    大小: 未设置
    粗体: 未设置
    斜体: 未设置
    下划线: 未设置
    标准颜色: 未设置
  运行 3: '。'
    字体: 未设置
    大小: 未设置
    粗体: 未设置
    斜体: 未设置
    下划线: 未设置
    标准颜色: 未设置
  运行 4: '对于'
    字体: 未设置
    大小: 未设置
    粗体: 未设置
    斜体: 未设置
    下划线: 未设置
    标准颜色: 未设置
  运行 5: '医疗器械代理'
    字体: 未设置
    大小: 未设置
    粗体: 未设置
    斜体: 未设置
    下划线: 未设置
    标准颜色: 未设置
  运行 6: '公司而言，它决定了能否吸引并留住关键岗位上的优秀人才。公司需要明确岗位需求，制定相应的招聘策略和流程。对于核心岗位如'
    字体: 未设置
    大小: 未设置
    粗体: 未设置
    斜体: 未设置
    下划线: 未设置
    标准颜色: 未设置
  运行 7: '省区'
    字体: 未设置
    大小: 未设置
    粗体: 未设置
    斜体: 未设置
    下划线: 未设置
    标准颜色: 未设置
  运行 8: '经理，公司应重点寻找'
    字体: 未设置
    大小: 未设置
    粗体: 未设置
    斜体: 未设置
    下划线: 未设置
    标准颜色: 未设置
  运行 9: '熟悉客户，具备完善销售能力和成熟管理能力的职业经理人。同时'
    字体: 未设置
    大小: 未设置
    粗体: 未设置
    斜体: 未设置
    下划线: 未设置
    标准颜色: 未设置
  运行 10: '招聘配置计划可将重点放在市场部门，通过内部培养、培训升级，并与猎头公司合作，招募具有丰富行业经验的员工。这不仅能够为公司注入新鲜血液，还能建立人才储备梯队，持续打造一支既符合公司文化又能满足业务需求的专业人才队伍。公司还应持续优化招聘流程，确保'
    字体: 未设置
    大小: 未设置
    粗体: 未设置
    斜体: 未设置
    下划线: 未设置
    标准颜色: 未设置
  运行 11: '公平公正'
    字体: 未设置
    大小: 未设置
    粗体: 未设置
    斜体: 未设置
    下划线: 未设置
    标准颜色: 未设置
  运行 12: '，并注重招聘过程中的多样性和包容性，以吸引来自不同背景的人才，为公司的长期发展奠定坚实基础。'
    字体: 未设置
    大小: 未设置
    粗体: 未设置
    斜体: 未设置
    下划线: 未设置
    标准颜色: 未设置

段落 1086:
文本内容: 调整人员配置。精简销售人员、市场部人员数量，提高基本待遇和员工绩效，实现高效人员投入产出比，注重成本效益的营销方式。从Y公司目前各部门员工配置看，销售人员应根据发展进行补充和储备，市场部临床应用应需重点补充，如图 6-2所示。
段落样式: 正文-缩进
从样式获取的格式:
  样式字体: 未设置
  样式字号: 未设置
  样式颜色: 未设置
对齐方式: 未设置
左缩进: 未设置
右缩进: 未设置
首行缩进: 未设置
行间距: 未设置
从XML读取的格式:
  运行 1: '调整人员配置'
    字体: 未设置
    大小: 未设置
    粗体: 未设置
    斜体: 未设置
    下划线: 未设置
    标准颜色: 未设置
  运行 2: '。'
    字体: 未设置
    大小: 未设置
    粗体: 未设置
    斜体: 未设置
    下划线: 未设置
    标准颜色: 未设置
  运行 3: '精简销售人员、市场部人员数量，提高基本待遇和员工绩效，'
    字体: 未设置
    大小: 未设置
    粗体: 未设置
    斜体: 未设置
    下划线: 未设置
    标准颜色: 未设置
  运行 4: '实现高效'
    字体: 未设置
    大小: 未设置
    粗体: 未设置
    斜体: 未设置
    下划线: 未设置
    标准颜色: 未设置
  运行 5: '人员'
    字体: 未设置
    大小: 未设置
    粗体: 未设置
    斜体: 未设置
    下划线: 未设置
    标准颜色: 未设置
  运行 6: '投入产出比，'
    字体: 未设置
    大小: 未设置
    粗体: 未设置
    斜体: 未设置
    下划线: 未设置
    标准颜色: 未设置
  运行 7: '注重'
    字体: 未设置
    大小: 未设置
    粗体: 未设置
    斜体: 未设置
    下划线: 未设置
    标准颜色: 未设置
  运行 8: '成本效益的营销方式。'
    字体: 未设置
    大小: 未设置
    粗体: 未设置
    斜体: 未设置
    下划线: 未设置
    标准颜色: 未设置
  运行 9: '从'
    字体: 未设置
    大小: 未设置
    粗体: 未设置
    斜体: 未设置
    下划线: 未设置
    标准颜色: 未设置
  运行 10: 'Y'
    字体: 未设置
    大小: 未设置
    粗体: 未设置
    斜体: 未设置
    下划线: 未设置
    标准颜色: 未设置
  运行 11: '公司'
    字体: 未设置
    大小: 未设置
    粗体: 未设置
    斜体: 未设置
    下划线: 未设置
    标准颜色: 未设置
  运行 12: '目前各部门'
    字体: 未设置
    大小: 未设置
    粗体: 未设置
    斜体: 未设置
    下划线: 未设置
    标准颜色: 未设置
  运行 13: '员工'
    字体: 未设置
    大小: 未设置
    粗体: 未设置
    斜体: 未设置
    下划线: 未设置
    标准颜色: 未设置
  运行 14: '配置看，'
    字体: 未设置
    大小: 未设置
    粗体: 未设置
    斜体: 未设置
    下划线: 未设置
    标准颜色: 未设置
  运行 15: '销售'
    字体: 未设置
    大小: 未设置
    粗体: 未设置
    斜体: 未设置
    下划线: 未设置
    标准颜色: 未设置
  运行 16: '人员应根据发展进行补充和储备，市场部'
    字体: 未设置
    大小: 未设置
    粗体: 未设置
    斜体: 未设置
    下划线: 未设置
    标准颜色: 未设置
  运行 17: '临床应用应'
    字体: 未设置
    大小: 未设置
    粗体: 未设置
    斜体: 未设置
    下划线: 未设置
    标准颜色: 未设置
  运行 18: '需重点补充'
    字体: 未设置
    大小: 未设置
    粗体: 未设置
    斜体: 未设置
    下划线: 未设置
    标准颜色: 未设置
  运行 19: '，'
    字体: 未设置
    大小: 未设置
    粗体: 未设置
    斜体: 未设置
    下划线: 未设置
    标准颜色: 未设置
  运行 20: '如'
    字体: 未设置
    大小: 未设置
    粗体: 未设置
    斜体: 未设置
    下划线: 未设置
    标准颜色: 未设置
  运行 21: ''
    字体: 未设置
    大小: 未设置
    粗体: 未设置
    斜体: 未设置
    下划线: 未设置
    标准颜色: 未设置
  运行 22: ''
    字体: 未设置
    大小: 未设置
    粗体: 未设置
    斜体: 未设置
    下划线: 未设置
    标准颜色: 未设置
  运行 23: ''
    字体: 未设置
    大小: 未设置
    粗体: 未设置
    斜体: 未设置
    下划线: 未设置
    标准颜色: 未设置
  运行 24: ''
    字体: 未设置
    大小: 未设置
    粗体: 未设置
    斜体: 未设置
    下划线: 未设置
    标准颜色: 未设置
  运行 25: ''
    字体: 未设置
    大小: 未设置
    粗体: 未设置
    斜体: 未设置
    下划线: 未设置
    标准颜色: 未设置
  运行 26: '图'
    字体: 未设置
    大小: 未设置
    粗体: 未设置
    斜体: 未设置
    下划线: 未设置
    标准颜色: 未设置
  运行 27: ' '
    字体: 未设置
    大小: 未设置
    粗体: 未设置
    斜体: 未设置
    下划线: 未设置
    标准颜色: 未设置
  运行 28: '6'
    字体: 未设置
    大小: 未设置
    粗体: 未设置
    斜体: 未设置
    下划线: 未设置
    标准颜色: 未设置
  运行 29: '-'
    字体: 未设置
    大小: 未设置
    粗体: 未设置
    斜体: 未设置
    下划线: 未设置
    标准颜色: 未设置
  运行 30: '2'
    字体: 未设置
    大小: 未设置
    粗体: 未设置
    斜体: 未设置
    下划线: 未设置
    标准颜色: 未设置
  运行 31: ''
    字体: 未设置
    大小: 未设置
    粗体: 未设置
    斜体: 未设置
    下划线: 未设置
    标准颜色: 未设置
  运行 32: '所示。'
    字体: 未设置
    大小: 未设置
    粗体: 未设置
    斜体: 未设置
    下划线: 未设置
    标准颜色: 未设置

段落 1089:
文本内容: 图 6-2　Y公司人员配置调整图
段落样式: Caption
从样式获取的格式:
  样式字体: 未设置
  样式字号: 未设置
  样式颜色: 未设置
对齐方式: 未设置
左缩进: 未设置
右缩进: 未设置
首行缩进: 未设置
行间距: 未设置
从XML读取的格式:
  运行 1: '图'
    字体: 未设置
    大小: 未设置
    粗体: 未设置
    斜体: 未设置
    下划线: 未设置
    标准颜色: 未设置
  运行 2: ' '
    字体: 未设置
    大小: 未设置
    粗体: 未设置
    斜体: 未设置
    下划线: 未设置
    标准颜色: 未设置
  运行 3: ''
    字体: 未设置
    大小: 未设置
    粗体: 未设置
    斜体: 未设置
    下划线: 未设置
    标准颜色: 未设置
  运行 4: ''
    字体: 未设置
    大小: 未设置
    粗体: 未设置
    斜体: 未设置
    下划线: 未设置
    标准颜色: 未设置
  运行 5: ''
    字体: 未设置
    大小: 未设置
    粗体: 未设置
    斜体: 未设置
    下划线: 未设置
    标准颜色: 未设置
  运行 6: ''
    字体: 未设置
    大小: 未设置
    粗体: 未设置
    斜体: 未设置
    下划线: 未设置
    标准颜色: 未设置
  运行 7: ''
    字体: 未设置
    大小: 未设置
    粗体: 未设置
    斜体: 未设置
    下划线: 未设置
    标准颜色: 未设置
  运行 8: '6'
    字体: 未设置
    大小: 未设置
    粗体: 未设置
    斜体: 未设置
    下划线: 未设置
    标准颜色: 未设置
  运行 9: ''
    字体: 未设置
    大小: 未设置
    粗体: 未设置
    斜体: 未设置
    下划线: 未设置
    标准颜色: 未设置
  运行 10: '-'
    字体: 未设置
    大小: 未设置
    粗体: 未设置
    斜体: 未设置
    下划线: 未设置
    标准颜色: 未设置
  运行 11: ''
    字体: 未设置
    大小: 未设置
    粗体: 未设置
    斜体: 未设置
    下划线: 未设置
    标准颜色: 未设置
  运行 12: ''
    字体: 未设置
    大小: 未设置
    粗体: 未设置
    斜体: 未设置
    下划线: 未设置
    标准颜色: 未设置
  运行 13: ''
    字体: 未设置
    大小: 未设置
    粗体: 未设置
    斜体: 未设置
    下划线: 未设置
    标准颜色: 未设置
  运行 14: ''
    字体: 未设置
    大小: 未设置
    粗体: 未设置
    斜体: 未设置
    下划线: 未设置
    标准颜色: 未设置
  运行 15: ''
    字体: 未设置
    大小: 未设置
    粗体: 未设置
    斜体: 未设置
    下划线: 未设置
    标准颜色: 未设置
  运行 16: ''
    字体: 未设置
    大小: 未设置
    粗体: 未设置
    斜体: 未设置
    下划线: 未设置
    标准颜色: 未设置
  运行 17: ''
    字体: 未设置
    大小: 未设置
    粗体: 未设置
    斜体: 未设置
    下划线: 未设置
    标准颜色: 未设置
  运行 18: '2'
    字体: 未设置
    大小: 未设置
    粗体: 未设置
    斜体: 未设置
    下划线: 未设置
    标准颜色: 未设置
  运行 19: ''
    字体: 未设置
    大小: 未设置
    粗体: 未设置
    斜体: 未设置
    下划线: 未设置
    标准颜色: 未设置
  运行 20: '　'
    字体: 未设置
    大小: 未设置
    粗体: 未设置
    斜体: 未设置
    下划线: 未设置
    标准颜色: 未设置
  运行 21: 'Y'
    字体: 未设置
    大小: 未设置
    粗体: 未设置
    斜体: 未设置
    下划线: 未设置
    标准颜色: 未设置
  运行 22: '公司人员配置调整图'
    字体: 未设置
    大小: 未设置
    粗体: 未设置
    斜体: 未设置
    下划线: 未设置
    标准颜色: 未设置

段落 1090:
文本内容: 资料来源：作者整理，Y公司内部资料，2024.
段落样式: 图表资料来源
从样式获取的格式:
  样式字体: 未设置
  样式字号: 114300
  样式字号(pt): 9.0
  样式颜色: 未设置
对齐方式: 未设置
左缩进: 未设置
右缩进: 未设置
首行缩进: 未设置
行间距: 未设置
从XML读取的格式:
  运行 1: '资料来源：'
    字体: 未设置
    大小: 未设置
    粗体: 未设置
    斜体: 未设置
    下划线: 未设置
    标准颜色: 未设置
  运行 2: '作者整'
    字体: 未设置
    大小: 未设置
    粗体: 未设置
    斜体: 未设置
    下划线: 未设置
    标准颜色: 未设置
  运行 3: '理，'
    字体: 未设置
    大小: 未设置
    粗体: 未设置
    斜体: 未设置
    下划线: 未设置
    标准颜色: 未设置
  运行 4: 'Y'
    字体: 未设置
    大小: 未设置
    粗体: 未设置
    斜体: 未设置
    下划线: 未设置
    标准颜色: 未设置
  运行 5: '公司内部资料'
    字体: 未设置
    大小: 未设置
    粗体: 未设置
    斜体: 未设置
    下划线: 未设置
    标准颜色: 未设置
  运行 6: '，'
    字体: 未设置
    大小: 未设置
    粗体: 未设置
    斜体: 未设置
    下划线: 未设置
    标准颜色: 未设置
  运行 7: '2'
    字体: 未设置
    大小: 未设置
    粗体: 未设置
    斜体: 未设置
    下划线: 未设置
    标准颜色: 未设置
  运行 8: '02'
    字体: 未设置
    大小: 未设置
    粗体: 未设置
    斜体: 未设置
    下划线: 未设置
    标准颜色: 未设置
  运行 9: '4'
    字体: 未设置
    大小: 未设置
    粗体: 未设置
    斜体: 未设置
    下划线: 未设置
    标准颜色: 未设置
  运行 10: '.'
    字体: 未设置
    大小: 未设置
    粗体: 未设置
    斜体: 未设置
    下划线: 未设置
    标准颜色: 未设置

段落 1092:
文本内容: 系统培训是企业人力资源发展的核心。系统的培训不仅能够增强员工的专业技能和心理调适能力，还有助于员工更有效地融入工作环境，从而提升他们的工作效率和业绩。目前每个省区有一位省区经理，配备若干业务经理和工程师，市场部人员统一根据需要调配支援。市场部人员按照产品划分门诊组、白内障组和眼底病组，每个市场专员只掌握相应部分产品相关知识，为各省提供产品技术支持。这种情况的问题在于万一某个产品组都离职了，那该组的产品推广就会陷入被动。因此市场部应该调整产品分组的架构，改成按照区域划分的架构，每位市场专员掌握所有产品，负责一定区域的市场支持。可以一个市场专员对接两个业务人员，负责该区域的市场活动支持，同时对业务人员加强产品培训，提高其专业知识水平，能够独立完成重点产品科室会的讲解。
段落样式: 正文-缩进
从样式获取的格式:
  样式字体: 未设置
  样式字号: 未设置
  样式颜色: 未设置
对齐方式: 未设置
左缩进: 未设置
右缩进: 未设置
首行缩进: 未设置
行间距: 未设置
从XML读取的格式:
  运行 1: '系统'
    字体: 未设置
    大小: 未设置
    粗体: 未设置
    斜体: 未设置
    下划线: 未设置
    标准颜色: 未设置
  运行 2: '培训'
    字体: 未设置
    大小: 未设置
    粗体: 未设置
    斜体: 未设置
    下划线: 未设置
    标准颜色: 未设置
  运行 3: '是'
    字体: 未设置
    大小: 未设置
    粗体: 未设置
    斜体: 未设置
    下划线: 未设置
    标准颜色: 未设置
  运行 4: '企业人力资源发展的核心'
    字体: 未设置
    大小: 未设置
    粗体: 未设置
    斜体: 未设置
    下划线: 未设置
    标准颜色: 未设置
  运行 5: '。'
    字体: 未设置
    大小: 未设置
    粗体: 未设置
    斜体: 未设置
    下划线: 未设置
    标准颜色: 未设置
  运行 6: '系统的培训'
    字体: 未设置
    大小: 未设置
    粗体: 未设置
    斜体: 未设置
    下划线: 未设置
    标准颜色: 未设置
  运行 7: '不仅能够增强员工的专业技能和心理调适能力，还有助于员工更有效地融入工作环境，从而提升他们的工作效率和业绩。'
    字体: 未设置
    大小: 未设置
    粗体: 未设置
    斜体: 未设置
    下划线: 未设置
    标准颜色: 未设置
  运行 8: '目前每个省区'
    字体: 未设置
    大小: 未设置
    粗体: 未设置
    斜体: 未设置
    下划线: 未设置
    标准颜色: 未设置
  运行 9: '有'
    字体: 未设置
    大小: 未设置
    粗体: 未设置
    斜体: 未设置
    下划线: 未设置
    标准颜色: 未设置
  运行 10: '一位省区经理，'
    字体: 未设置
    大小: 未设置
    粗体: 未设置
    斜体: 未设置
    下划线: 未设置
    标准颜色: 未设置
  运行 11: '配备若干业务经理和工程师，市场部人员统一根据需要调配支援。'
    字体: 未设置
    大小: 未设置
    粗体: 未设置
    斜体: 未设置
    下划线: 未设置
    标准颜色: 未设置
  运行 12: '市场部人员按照产品划分门诊组、白内障组和眼底病组，每个市场专员只掌握'
    字体: 未设置
    大小: 未设置
    粗体: 未设置
    斜体: 未设置
    下划线: 未设置
    标准颜色: 未设置
  运行 13: '相应'
    字体: 未设置
    大小: 未设置
    粗体: 未设置
    斜体: 未设置
    下划线: 未设置
    标准颜色: 未设置
  运行 14: '部分产品相关知识'
    字体: 未设置
    大小: 未设置
    粗体: 未设置
    斜体: 未设置
    下划线: 未设置
    标准颜色: 未设置
  运行 15: '，为各省提供产品技术支持'
    字体: 未设置
    大小: 未设置
    粗体: 未设置
    斜体: 未设置
    下划线: 未设置
    标准颜色: 未设置
  运行 16: '。这种情况的问题在于万一某个产品组都离职了，那该组的产品推广就会陷入被动。因此'
    字体: 未设置
    大小: 未设置
    粗体: 未设置
    斜体: 未设置
    下划线: 未设置
    标准颜色: 未设置
  运行 17: '市场部应该调整产品分组的架构，改成按照区域划分的架构，'
    字体: 未设置
    大小: 未设置
    粗体: 未设置
    斜体: 未设置
    下划线: 未设置
    标准颜色: 未设置
  运行 18: '每位市场专员'
    字体: 未设置
    大小: 未设置
    粗体: 未设置
    斜体: 未设置
    下划线: 未设置
    标准颜色: 未设置
  运行 19: '掌握所有产品，负责一定区域的市场支持。可以一个市场专员对接两个业务人员，负责该区域的市场活动支持'
    字体: 未设置
    大小: 未设置
    粗体: 未设置
    斜体: 未设置
    下划线: 未设置
    标准颜色: 未设置
  运行 20: '，同时对业务人员加强产品培训，提高其专业知识水平'
    字体: 未设置
    大小: 未设置
    粗体: 未设置
    斜体: 未设置
    下划线: 未设置
    标准颜色: 未设置
  运行 21: '，能够独立完成重点产品科室会的讲解。'
    字体: 未设置
    大小: 未设置
    粗体: 未设置
    斜体: 未设置
    下划线: 未设置
    标准颜色: 未设置

段落 1093:
文本内容: 绩效管理是企业人力资源管理中的关键组成部分。通过对员工的工作产出、工作质量、效率以及行为特征进行细致的综合评估，企业可以深入理解员工的工作表现和发展潜力。这种评估机制不仅为企业提供了关于员工表现的反馈，而且还能激励员工，促使他们朝着组织目标努力。绩效管理的结果广泛应用于多个领域，主要包括薪酬激励、职业发展、晋升机会以及岗位调整等。这些绩效管理有助于塑造员工的行为和态度，引导他们为实现个人和组织的目标而努力。为了提高绩效管理的公正性和有效性，企业应建立一个“量化考核体系”。这种体系旨在减少评估过程中的主观性，通过客观的量化指标来衡量员工的工作表现。企业需要根据不同部门的具体业务特点，定制合适的量化考核标准，确保评估的准确性和相关性。
段落样式: 正文-缩进
从样式获取的格式:
  样式字体: 未设置
  样式字号: 未设置
  样式颜色: 未设置
对齐方式: 未设置
左缩进: 未设置
右缩进: 未设置
首行缩进: 未设置
行间距: 未设置
从XML读取的格式:
  运行 1: '绩效管理是企业人力资源管理中的关键组成部分。通过对员工的工作产出、工作质量、效率以及行为特征进行细致的综合评估，企业'
    字体: 未设置
    大小: 未设置
    粗体: 未设置
    斜体: 未设置
    下划线: 未设置
    标准颜色: 未设置
  运行 2: '可以'
    字体: 未设置
    大小: 未设置
    粗体: 未设置
    斜体: 未设置
    下划线: 未设置
    标准颜色: 未设置
  运行 3: '深入理解员工的工作表现和发展潜力。这种评估机制不仅为企业提供了关于员工表现的反馈，而且还能激'
    字体: 未设置
    大小: 未设置
    粗体: 未设置
    斜体: 未设置
    下划线: 未设置
    标准颜色: 未设置
  运行 4: '励员工，促使他们朝着组织目标努力。绩效管理的结果广泛应用于多个领域，'
    字体: 未设置
    大小: 未设置
    粗体: 未设置
    斜体: 未设置
    下划线: 未设置
    标准颜色: 未设置
  运行 5: '主要'
    字体: 未设置
    大小: 未设置
    粗体: 未设置
    斜体: 未设置
    下划线: 未设置
    标准颜色: 未设置
  运行 6: '包括薪酬激励、职业发展、晋升机会以及岗位调整等。这些'
    字体: 未设置
    大小: 未设置
    粗体: 未设置
    斜体: 未设置
    下划线: 未设置
    标准颜色: 未设置
  运行 7: '绩效管理'
    字体: 未设置
    大小: 未设置
    粗体: 未设置
    斜体: 未设置
    下划线: 未设置
    标准颜色: 未设置
  运行 8: '有助于塑造员工的行为和态度，引导他们为实现个人和组织的目标而努力。为了提高绩效管理的公正性和有效性，企业应建立一个“量化考核体系”'
    字体: 未设置
    大小: 未设置
    粗体: 未设置
    斜体: 未设置
    下划线: 未设置
    标准颜色: 未设置
  运行 9: '。'
    字体: 未设置
    大小: 未设置
    粗体: 未设置
    斜体: 未设置
    下划线: 未设置
    标准颜色: 未设置
  运行 10: '这种体系旨在减少评估过程中的主观性，通过客观的量化指标来衡量员工的工作表现。企业需要根据不同部门的具体业务特点，定制合适的量化考核标准，确保评估的准确性和相关性。'
    字体: 未设置
    大小: 未设置
    粗体: 未设置
    斜体: 未设置
    下划线: 未设置
    标准颜色: 未设置

段落 1094:
文本内容: 薪资福利在企业人力资源策略中扮演着至关重要的角色。企业通过设计合理的薪酬结构、优厚的福利计划和公正的晋升途径来调动员工的积极性和创新能力。这种策略不仅能够提升员工的满意度和对公司的忠诚度，也对企业的长远发展起到推动作用。企业应构建以绩效为基础的薪酬体系，确保员工的努力能够得到公正的回报。同时企业还应拓展其福利计划，形成多元化的保障体系。除了常规的福利如定期健康检查和重大疾病保险外，企业还可以根据员工的职位和贡献，提供额外的福利，例如安排国内外旅游等，以此作为对员工辛勤工作的认可和奖励。通过这些综合措施，企业能够建立一个既公平又能激发员工潜力的工作环境。总体人力资源保障结构如图 6-3所示。
段落样式: 正文-缩进
从样式获取的格式:
  样式字体: 未设置
  样式字号: 未设置
  样式颜色: 未设置
对齐方式: 未设置
左缩进: 未设置
右缩进: 未设置
首行缩进: 未设置
行间距: 未设置
从XML读取的格式:
  运行 1: '薪资福利'
    字体: 未设置
    大小: 未设置
    粗体: 未设置
    斜体: 未设置
    下划线: 未设置
    标准颜色: 未设置
  运行 2: '在企业人力资源策略中扮演着至关重要的角色。企业通过设计合理的薪酬结构、优厚的福利计划和公正的晋升途径来调动员工的积极性和创新能力。这种策略不仅能够提升员工的满意度和对公司的忠诚度，也对企业的长远发展起到推动作用。企业应构建以绩效为基础的薪酬体系，确保员工的努力能够得到公正的回报。同时企业还应拓展其福利计划，形成多元化的保障体系。除了常规的福利如定期健康检查和重大疾病保险外，企业还可以根据员工的职位和贡献，提供额外的福利，例如安排国内外旅游等，以此作为对员工辛勤工作的认可和奖励。通过这些综合措施，企业能够建立一个既公平又能激发员工潜力的工作环境。'
    字体: 未设置
    大小: 未设置
    粗体: 未设置
    斜体: 未设置
    下划线: 未设置
    标准颜色: 未设置
  运行 3: '总体'
    字体: 未设置
    大小: 未设置
    粗体: 未设置
    斜体: 未设置
    下划线: 未设置
    标准颜色: 未设置
  运行 4: '人力资源保障结构如'
    字体: 未设置
    大小: 未设置
    粗体: 未设置
    斜体: 未设置
    下划线: 未设置
    标准颜色: 未设置
  运行 5: ''
    字体: 未设置
    大小: 未设置
    粗体: 未设置
    斜体: 未设置
    下划线: 未设置
    标准颜色: 未设置
  运行 6: ''
    字体: 未设置
    大小: 未设置
    粗体: 未设置
    斜体: 未设置
    下划线: 未设置
    标准颜色: 未设置
  运行 7: ''
    字体: 未设置
    大小: 未设置
    粗体: 未设置
    斜体: 未设置
    下划线: 未设置
    标准颜色: 未设置
  运行 8: ''
    字体: 未设置
    大小: 未设置
    粗体: 未设置
    斜体: 未设置
    下划线: 未设置
    标准颜色: 未设置
  运行 9: ''
    字体: 未设置
    大小: 未设置
    粗体: 未设置
    斜体: 未设置
    下划线: 未设置
    标准颜色: 未设置
  运行 10: '图'
    字体: 未设置
    大小: 未设置
    粗体: 未设置
    斜体: 未设置
    下划线: 未设置
    标准颜色: 未设置
  运行 11: ' '
    字体: 未设置
    大小: 未设置
    粗体: 未设置
    斜体: 未设置
    下划线: 未设置
    标准颜色: 未设置
  运行 12: '6'
    字体: 未设置
    大小: 未设置
    粗体: 未设置
    斜体: 未设置
    下划线: 未设置
    标准颜色: 未设置
  运行 13: '-'
    字体: 未设置
    大小: 未设置
    粗体: 未设置
    斜体: 未设置
    下划线: 未设置
    标准颜色: 未设置
  运行 14: '3'
    字体: 未设置
    大小: 未设置
    粗体: 未设置
    斜体: 未设置
    下划线: 未设置
    标准颜色: 未设置
  运行 15: ''
    字体: 未设置
    大小: 未设置
    粗体: 未设置
    斜体: 未设置
    下划线: 未设置
    标准颜色: 未设置
  运行 16: '所示。'
    字体: 未设置
    大小: 未设置
    粗体: 未设置
    斜体: 未设置
    下划线: 未设置
    标准颜色: 未设置

段落 1097:
文本内容: 图 6-3　Y公司人力资源保障图
段落样式: Caption
从样式获取的格式:
  样式字体: 未设置
  样式字号: 未设置
  样式颜色: 未设置
对齐方式: 未设置
左缩进: 未设置
右缩进: 未设置
首行缩进: 未设置
行间距: 未设置
从XML读取的格式:
  运行 1: '图'
    字体: 未设置
    大小: 未设置
    粗体: 未设置
    斜体: 未设置
    下划线: 未设置
    标准颜色: 未设置
  运行 2: ' '
    字体: 未设置
    大小: 未设置
    粗体: 未设置
    斜体: 未设置
    下划线: 未设置
    标准颜色: 未设置
  运行 3: ''
    字体: 未设置
    大小: 未设置
    粗体: 未设置
    斜体: 未设置
    下划线: 未设置
    标准颜色: 未设置
  运行 4: ''
    字体: 未设置
    大小: 未设置
    粗体: 未设置
    斜体: 未设置
    下划线: 未设置
    标准颜色: 未设置
  运行 5: ''
    字体: 未设置
    大小: 未设置
    粗体: 未设置
    斜体: 未设置
    下划线: 未设置
    标准颜色: 未设置
  运行 6: ''
    字体: 未设置
    大小: 未设置
    粗体: 未设置
    斜体: 未设置
    下划线: 未设置
    标准颜色: 未设置
  运行 7: ''
    字体: 未设置
    大小: 未设置
    粗体: 未设置
    斜体: 未设置
    下划线: 未设置
    标准颜色: 未设置
  运行 8: '6'
    字体: 未设置
    大小: 未设置
    粗体: 未设置
    斜体: 未设置
    下划线: 未设置
    标准颜色: 未设置
  运行 9: ''
    字体: 未设置
    大小: 未设置
    粗体: 未设置
    斜体: 未设置
    下划线: 未设置
    标准颜色: 未设置
  运行 10: '-'
    字体: 未设置
    大小: 未设置
    粗体: 未设置
    斜体: 未设置
    下划线: 未设置
    标准颜色: 未设置
  运行 11: ''
    字体: 未设置
    大小: 未设置
    粗体: 未设置
    斜体: 未设置
    下划线: 未设置
    标准颜色: 未设置
  运行 12: ''
    字体: 未设置
    大小: 未设置
    粗体: 未设置
    斜体: 未设置
    下划线: 未设置
    标准颜色: 未设置
  运行 13: ''
    字体: 未设置
    大小: 未设置
    粗体: 未设置
    斜体: 未设置
    下划线: 未设置
    标准颜色: 未设置
  运行 14: ''
    字体: 未设置
    大小: 未设置
    粗体: 未设置
    斜体: 未设置
    下划线: 未设置
    标准颜色: 未设置
  运行 15: ''
    字体: 未设置
    大小: 未设置
    粗体: 未设置
    斜体: 未设置
    下划线: 未设置
    标准颜色: 未设置
  运行 16: ''
    字体: 未设置
    大小: 未设置
    粗体: 未设置
    斜体: 未设置
    下划线: 未设置
    标准颜色: 未设置
  运行 17: ''
    字体: 未设置
    大小: 未设置
    粗体: 未设置
    斜体: 未设置
    下划线: 未设置
    标准颜色: 未设置
  运行 18: '3'
    字体: 未设置
    大小: 未设置
    粗体: 未设置
    斜体: 未设置
    下划线: 未设置
    标准颜色: 未设置
  运行 19: ''
    字体: 未设置
    大小: 未设置
    粗体: 未设置
    斜体: 未设置
    下划线: 未设置
    标准颜色: 未设置
  运行 20: '　'
    字体: 未设置
    大小: 未设置
    粗体: 未设置
    斜体: 未设置
    下划线: 未设置
    标准颜色: 未设置
  运行 21: 'Y'
    字体: 未设置
    大小: 未设置
    粗体: 未设置
    斜体: 未设置
    下划线: 未设置
    标准颜色: 未设置
  运行 22: '公司人力资源保障图'
    字体: 未设置
    大小: 未设置
    粗体: 未设置
    斜体: 未设置
    下划线: 未设置
    标准颜色: 未设置

段落 1098:
文本内容: 资料来源：作者整理，Y公司内部资料，2024.
段落样式: 图表资料来源
从样式获取的格式:
  样式字体: 未设置
  样式字号: 114300
  样式字号(pt): 9.0
  样式颜色: 未设置
对齐方式: 未设置
左缩进: 未设置
右缩进: 未设置
首行缩进: 未设置
行间距: 未设置
从XML读取的格式:
  运行 1: '资料来源：'
    字体: 未设置
    大小: 未设置
    粗体: 未设置
    斜体: 未设置
    下划线: 未设置
    标准颜色: 未设置
  运行 2: '作者整'
    字体: 未设置
    大小: 未设置
    粗体: 未设置
    斜体: 未设置
    下划线: 未设置
    标准颜色: 未设置
  运行 3: '理，'
    字体: 未设置
    大小: 未设置
    粗体: 未设置
    斜体: 未设置
    下划线: 未设置
    标准颜色: 未设置
  运行 4: 'Y'
    字体: 未设置
    大小: 未设置
    粗体: 未设置
    斜体: 未设置
    下划线: 未设置
    标准颜色: 未设置
  运行 5: '公司内部资料'
    字体: 未设置
    大小: 未设置
    粗体: 未设置
    斜体: 未设置
    下划线: 未设置
    标准颜色: 未设置
  运行 6: '，'
    字体: 未设置
    大小: 未设置
    粗体: 未设置
    斜体: 未设置
    下划线: 未设置
    标准颜色: 未设置
  运行 7: '2'
    字体: 未设置
    大小: 未设置
    粗体: 未设置
    斜体: 未设置
    下划线: 未设置
    标准颜色: 未设置
  运行 8: '02'
    字体: 未设置
    大小: 未设置
    粗体: 未设置
    斜体: 未设置
    下划线: 未设置
    标准颜色: 未设置
  运行 9: '4'
    字体: 未设置
    大小: 未设置
    粗体: 未设置
    斜体: 未设置
    下划线: 未设置
    标准颜色: 未设置
  运行 10: '.'
    字体: 未设置
    大小: 未设置
    粗体: 未设置
    斜体: 未设置
    下划线: 未设置
    标准颜色: 未设置

段落 1100:
文本内容: 信息技术层面的保障
段落样式: Heading 2
从样式获取的格式:
  样式字体: 未设置
  样式字号: 177800
  样式字号(pt): 14.0
  样式颜色: 未设置
对齐方式: 未设置
左缩进: 未设置
右缩进: 未设置
首行缩进: 未设置
行间距: 未设置
从XML读取的格式:
  运行 1: '信息'
    字体: 未设置
    大小: 未设置
    粗体: 未设置
    斜体: 未设置
    下划线: 未设置
    标准颜色: 未设置
  运行 2: '技术层面'
    字体: 未设置
    大小: 未设置
    粗体: 未设置
    斜体: 未设置
    下划线: 未设置
    标准颜色: 未设置
  运行 3: '的保障'
    字体: 未设置
    大小: 未设置
    粗体: 未设置
    斜体: 未设置
    下划线: 未设置
    标准颜色: 未设置
  运行 4: ''
    字体: 未设置
    大小: 未设置
    粗体: 未设置
    斜体: 未设置
    下划线: 未设置
    标准颜色: 未设置
  运行 5: ''
    字体: 未设置
    大小: 未设置
    粗体: 未设置
    斜体: 未设置
    下划线: 未设置
    标准颜色: 未设置
  运行 6: ''
    字体: 未设置
    大小: 未设置
    粗体: 未设置
    斜体: 未设置
    下划线: 未设置
    标准颜色: 未设置
  运行 7: ''
    字体: 未设置
    大小: 未设置
    粗体: 未设置
    斜体: 未设置
    下划线: 未设置
    标准颜色: 未设置
  运行 8: ''
    字体: 未设置
    大小: 未设置
    粗体: 未设置
    斜体: 未设置
    下划线: 未设置
    标准颜色: 未设置
  运行 9: ''
    字体: 未设置
    大小: 未设置
    粗体: 未设置
    斜体: 未设置
    下划线: 未设置
    标准颜色: 未设置
  运行 10: ''
    字体: 未设置
    大小: 未设置
    粗体: 未设置
    斜体: 未设置
    下划线: 未设置
    标准颜色: 未设置
  运行 11: ''
    字体: 未设置
    大小: 未设置
    粗体: 未设置
    斜体: 未设置
    下划线: 未设置
    标准颜色: 未设置
  运行 12: ''
    字体: 未设置
    大小: 未设置
    粗体: 未设置
    斜体: 未设置
    下划线: 未设置
    标准颜色: 未设置

段落 1101:
文本内容: Y公司经营的眼科设备品类较多，涵盖基础产品到高端设备。想要在竞争激烈的眼科医疗器械行业占据更多的市场份额，除了稳定可靠的产品质量还是不够，更重要的是便捷高效的信息技术层面的服务。在客户的产品遇到问题时，可以高效的解决问题，甚至提供备用产品确保医疗机构的正常运行。公司应该在技术培训、售前支持、产品信息收集反馈、售后服务上做好保障，如图 6-4所示。
段落样式: 正文-缩进
从样式获取的格式:
  样式字体: 未设置
  样式字号: 未设置
  样式颜色: 未设置
对齐方式: 未设置
左缩进: 未设置
右缩进: 未设置
首行缩进: 未设置
行间距: 未设置
从XML读取的格式:
  运行 1: 'Y'
    字体: 未设置
    大小: 未设置
    粗体: 未设置
    斜体: 未设置
    下划线: 未设置
    标准颜色: 未设置
  运行 2: '公司经营的眼科设备品类较多，'
    字体: 未设置
    大小: 未设置
    粗体: 未设置
    斜体: 未设置
    下划线: 未设置
    标准颜色: 未设置
  运行 3: '涵盖'
    字体: 未设置
    大小: 未设置
    粗体: 未设置
    斜体: 未设置
    下划线: 未设置
    标准颜色: 未设置
  运行 4: '基础产品到高端设备'
    字体: 未设置
    大小: 未设置
    粗体: 未设置
    斜体: 未设置
    下划线: 未设置
    标准颜色: 未设置
  运行 5: '。'
    字体: 未设置
    大小: 未设置
    粗体: 未设置
    斜体: 未设置
    下划线: 未设置
    标准颜色: 未设置
  运行 6: '想要在竞争激烈的眼科医疗器械行业'
    字体: 未设置
    大小: 未设置
    粗体: 未设置
    斜体: 未设置
    下划线: 未设置
    标准颜色: 未设置
  运行 7: '占据更多'
    字体: 未设置
    大小: 未设置
    粗体: 未设置
    斜体: 未设置
    下划线: 未设置
    标准颜色: 未设置
  运行 8: '的市场份额，除了稳定可靠的产品质量还'
    字体: 未设置
    大小: 未设置
    粗体: 未设置
    斜体: 未设置
    下划线: 未设置
    标准颜色: 未设置
  运行 9: '是'
    字体: 未设置
    大小: 未设置
    粗体: 未设置
    斜体: 未设置
    下划线: 未设置
    标准颜色: 未设置
  运行 10: '不够，更重要的是便捷高效的'
    字体: 未设置
    大小: 未设置
    粗体: 未设置
    斜体: 未设置
    下划线: 未设置
    标准颜色: 未设置
  运行 11: '信息技术层面的'
    字体: 未设置
    大小: 未设置
    粗体: 未设置
    斜体: 未设置
    下划线: 未设置
    标准颜色: 未设置
  运行 12: '服务。在客户的产品遇到问题时，可以高效的解决问题，甚至提供备用产品确保医疗机构的正常运行。'
    字体: 未设置
    大小: 未设置
    粗体: 未设置
    斜体: 未设置
    下划线: 未设置
    标准颜色: 未设置
  运行 13: '公司应该在'
    字体: 未设置
    大小: 未设置
    粗体: 未设置
    斜体: 未设置
    下划线: 未设置
    标准颜色: 未设置
  运行 14: '技术'
    字体: 未设置
    大小: 未设置
    粗体: 未设置
    斜体: 未设置
    下划线: 未设置
    标准颜色: 未设置
  运行 15: '培训、售前支持、产品信息收集反馈、售后服务上做好保障，如'
    字体: 未设置
    大小: 未设置
    粗体: 未设置
    斜体: 未设置
    下划线: 未设置
    标准颜色: 未设置
  运行 16: ''
    字体: 未设置
    大小: 未设置
    粗体: 未设置
    斜体: 未设置
    下划线: 未设置
    标准颜色: 未设置
  运行 17: ''
    字体: 未设置
    大小: 未设置
    粗体: 未设置
    斜体: 未设置
    下划线: 未设置
    标准颜色: 未设置
  运行 18: ''
    字体: 未设置
    大小: 未设置
    粗体: 未设置
    斜体: 未设置
    下划线: 未设置
    标准颜色: 未设置
  运行 19: ''
    字体: 未设置
    大小: 未设置
    粗体: 未设置
    斜体: 未设置
    下划线: 未设置
    标准颜色: 未设置
  运行 20: ''
    字体: 未设置
    大小: 未设置
    粗体: 未设置
    斜体: 未设置
    下划线: 未设置
    标准颜色: 未设置
  运行 21: '图'
    字体: 未设置
    大小: 未设置
    粗体: 未设置
    斜体: 未设置
    下划线: 未设置
    标准颜色: 未设置
  运行 22: ' '
    字体: 未设置
    大小: 未设置
    粗体: 未设置
    斜体: 未设置
    下划线: 未设置
    标准颜色: 未设置
  运行 23: '6'
    字体: 未设置
    大小: 未设置
    粗体: 未设置
    斜体: 未设置
    下划线: 未设置
    标准颜色: 未设置
  运行 24: '-'
    字体: 未设置
    大小: 未设置
    粗体: 未设置
    斜体: 未设置
    下划线: 未设置
    标准颜色: 未设置
  运行 25: '4'
    字体: 未设置
    大小: 未设置
    粗体: 未设置
    斜体: 未设置
    下划线: 未设置
    标准颜色: 未设置
  运行 26: ''
    字体: 未设置
    大小: 未设置
    粗体: 未设置
    斜体: 未设置
    下划线: 未设置
    标准颜色: 未设置
  运行 27: '所示。'
    字体: 未设置
    大小: 未设置
    粗体: 未设置
    斜体: 未设置
    下划线: 未设置
    标准颜色: 未设置

段落 1104:
文本内容: 图 6-4　Y公司信息技术保障图
段落样式: Caption
从样式获取的格式:
  样式字体: 未设置
  样式字号: 未设置
  样式颜色: 未设置
对齐方式: 未设置
左缩进: 未设置
右缩进: 未设置
首行缩进: 未设置
行间距: 未设置
从XML读取的格式:
  运行 1: '图'
    字体: 未设置
    大小: 未设置
    粗体: 未设置
    斜体: 未设置
    下划线: 未设置
    标准颜色: 未设置
  运行 2: ' '
    字体: 未设置
    大小: 未设置
    粗体: 未设置
    斜体: 未设置
    下划线: 未设置
    标准颜色: 未设置
  运行 3: ''
    字体: 未设置
    大小: 未设置
    粗体: 未设置
    斜体: 未设置
    下划线: 未设置
    标准颜色: 未设置
  运行 4: ''
    字体: 未设置
    大小: 未设置
    粗体: 未设置
    斜体: 未设置
    下划线: 未设置
    标准颜色: 未设置
  运行 5: ''
    字体: 未设置
    大小: 未设置
    粗体: 未设置
    斜体: 未设置
    下划线: 未设置
    标准颜色: 未设置
  运行 6: ''
    字体: 未设置
    大小: 未设置
    粗体: 未设置
    斜体: 未设置
    下划线: 未设置
    标准颜色: 未设置
  运行 7: ''
    字体: 未设置
    大小: 未设置
    粗体: 未设置
    斜体: 未设置
    下划线: 未设置
    标准颜色: 未设置
  运行 8: '6'
    字体: 未设置
    大小: 未设置
    粗体: 未设置
    斜体: 未设置
    下划线: 未设置
    标准颜色: 未设置
  运行 9: ''
    字体: 未设置
    大小: 未设置
    粗体: 未设置
    斜体: 未设置
    下划线: 未设置
    标准颜色: 未设置
  运行 10: '-'
    字体: 未设置
    大小: 未设置
    粗体: 未设置
    斜体: 未设置
    下划线: 未设置
    标准颜色: 未设置
  运行 11: ''
    字体: 未设置
    大小: 未设置
    粗体: 未设置
    斜体: 未设置
    下划线: 未设置
    标准颜色: 未设置
  运行 12: ''
    字体: 未设置
    大小: 未设置
    粗体: 未设置
    斜体: 未设置
    下划线: 未设置
    标准颜色: 未设置
  运行 13: ''
    字体: 未设置
    大小: 未设置
    粗体: 未设置
    斜体: 未设置
    下划线: 未设置
    标准颜色: 未设置
  运行 14: ''
    字体: 未设置
    大小: 未设置
    粗体: 未设置
    斜体: 未设置
    下划线: 未设置
    标准颜色: 未设置
  运行 15: ''
    字体: 未设置
    大小: 未设置
    粗体: 未设置
    斜体: 未设置
    下划线: 未设置
    标准颜色: 未设置
  运行 16: ''
    字体: 未设置
    大小: 未设置
    粗体: 未设置
    斜体: 未设置
    下划线: 未设置
    标准颜色: 未设置
  运行 17: ''
    字体: 未设置
    大小: 未设置
    粗体: 未设置
    斜体: 未设置
    下划线: 未设置
    标准颜色: 未设置
  运行 18: '4'
    字体: 未设置
    大小: 未设置
    粗体: 未设置
    斜体: 未设置
    下划线: 未设置
    标准颜色: 未设置
  运行 19: ''
    字体: 未设置
    大小: 未设置
    粗体: 未设置
    斜体: 未设置
    下划线: 未设置
    标准颜色: 未设置
  运行 20: '　'
    字体: 未设置
    大小: 未设置
    粗体: 未设置
    斜体: 未设置
    下划线: 未设置
    标准颜色: 未设置
  运行 21: 'Y'
    字体: 未设置
    大小: 未设置
    粗体: 未设置
    斜体: 未设置
    下划线: 未设置
    标准颜色: 未设置
  运行 22: '公司信息技术保障图'
    字体: 未设置
    大小: 未设置
    粗体: 未设置
    斜体: 未设置
    下划线: 未设置
    标准颜色: 未设置

段落 1105:
文本内容: 资料来源：作者整理，Y公司内部资料，2024.
段落样式: 图表资料来源
从样式获取的格式:
  样式字体: 未设置
  样式字号: 114300
  样式字号(pt): 9.0
  样式颜色: 未设置
对齐方式: 未设置
左缩进: 未设置
右缩进: 未设置
首行缩进: 未设置
行间距: 未设置
从XML读取的格式:
  运行 1: '资料来源：'
    字体: 未设置
    大小: 未设置
    粗体: 未设置
    斜体: 未设置
    下划线: 未设置
    标准颜色: 未设置
  运行 2: '作者整'
    字体: 未设置
    大小: 未设置
    粗体: 未设置
    斜体: 未设置
    下划线: 未设置
    标准颜色: 未设置
  运行 3: '理，'
    字体: 未设置
    大小: 未设置
    粗体: 未设置
    斜体: 未设置
    下划线: 未设置
    标准颜色: 未设置
  运行 4: 'Y'
    字体: 未设置
    大小: 未设置
    粗体: 未设置
    斜体: 未设置
    下划线: 未设置
    标准颜色: 未设置
  运行 5: '公司内部资料'
    字体: 未设置
    大小: 未设置
    粗体: 未设置
    斜体: 未设置
    下划线: 未设置
    标准颜色: 未设置
  运行 6: '，'
    字体: 未设置
    大小: 未设置
    粗体: 未设置
    斜体: 未设置
    下划线: 未设置
    标准颜色: 未设置
  运行 7: '2'
    字体: 未设置
    大小: 未设置
    粗体: 未设置
    斜体: 未设置
    下划线: 未设置
    标准颜色: 未设置
  运行 8: '02'
    字体: 未设置
    大小: 未设置
    粗体: 未设置
    斜体: 未设置
    下划线: 未设置
    标准颜色: 未设置
  运行 9: '4'
    字体: 未设置
    大小: 未设置
    粗体: 未设置
    斜体: 未设置
    下划线: 未设置
    标准颜色: 未设置
  运行 10: '.'
    字体: 未设置
    大小: 未设置
    粗体: 未设置
    斜体: 未设置
    下划线: 未设置
    标准颜色: 未设置

段落 1107:
文本内容: 完善产品培训体系。购买的客户主要是医疗机构的眼科医生或技师，他们的综合专业素养高。想要把产品销售给具备专业知识的客户群体，销售人员和技术服务人员必须经过严格的产品和相关疾病知识的培训。Y公司的部分产品属于三类医疗器械，操作不当可能会给患者带来损伤，因此医护人员必须经过严格的专业培训，确保完全理解掌握产品性能后，方可对病患进行检查和治疗。因此公司必须建立完善的培训体系，对公司内部培训销售人员、临床应用专员、技术服务工程师等。对于医疗机构医师、技师等具体操作人员也是要完成培训考核认证。培训内容根据培训对象做适当调整，主要包括基础疾病知识、设备原理解析、设备操作实践等。
段落样式: 正文-缩进
从样式获取的格式:
  样式字体: 未设置
  样式字号: 未设置
  样式颜色: 未设置
对齐方式: 未设置
左缩进: 未设置
右缩进: 未设置
首行缩进: 未设置
行间距: 未设置
从XML读取的格式:
  运行 1: '完善'
    字体: 未设置
    大小: 未设置
    粗体: 未设置
    斜体: 未设置
    下划线: 未设置
    标准颜色: 未设置
  运行 2: '产品'
    字体: 未设置
    大小: 未设置
    粗体: 未设置
    斜体: 未设置
    下划线: 未设置
    标准颜色: 未设置
  运行 3: '培训体系'
    字体: 未设置
    大小: 未设置
    粗体: 未设置
    斜体: 未设置
    下划线: 未设置
    标准颜色: 未设置
  运行 4: '。'
    字体: 未设置
    大小: 未设置
    粗体: 未设置
    斜体: 未设置
    下划线: 未设置
    标准颜色: 未设置
  运行 5: '购买的客户主要是医疗机构的眼科医生或技师，他们的综合专业素养高。想要把产品销售给具备专业知识的客户群体，销售人员和技术服务人员必须经过严格的产品和相关疾病知识的培训。'
    字体: 未设置
    大小: 未设置
    粗体: 未设置
    斜体: 未设置
    下划线: 未设置
    标准颜色: 未设置
  运行 6: 'Y'
    字体: 未设置
    大小: 未设置
    粗体: 未设置
    斜体: 未设置
    下划线: 未设置
    标准颜色: 未设置
  运行 7: '公司的部分产品属于三类医疗器械，操作不当可能会给患者带来损伤，因此医护人员必须经过严格的专业培训，确保完全理解掌握产品性能后，方可对病患进行检查和治疗。'
    字体: 未设置
    大小: 未设置
    粗体: 未设置
    斜体: 未设置
    下划线: 未设置
    标准颜色: 未设置
  运行 8: '因此公司必须建立完善的培训体系，对公司内部培训销售人员、临床应用专员、技术服务工程师等。对于医疗机构医师、技师等具体操作人员也是要完成培训考核认证。培训内容根据培'
    字体: 未设置
    大小: 未设置
    粗体: 未设置
    斜体: 未设置
    下划线: 未设置
    标准颜色: 未设置
  运行 9: '训对象做适当调整，主要包括基础疾病知识、设备原理解析、设备操作实践等。'
    字体: 未设置
    大小: 未设置
    粗体: 未设置
    斜体: 未设置
    下划线: 未设置
    标准颜色: 未设置

段落 1108:
文本内容: 完善售前支持体系。眼科的诊疗设备都是比较精密的仪器，在给客户售前试用、售中安装、售后维护等各环节，工程师都要经过严格的考核认证。在销售前需要工程师到医疗机构实地考察装机环境，确保该条件符合设备安装要求。若条件不符合，则需要和销售人员、客户主要决策者沟通调整设备型号配置等，确保客户购买到合适的产品。
段落样式: 正文-缩进
从样式获取的格式:
  样式字体: 未设置
  样式字号: 未设置
  样式颜色: 未设置
对齐方式: 未设置
左缩进: 未设置
右缩进: 未设置
首行缩进: 未设置
行间距: 未设置
从XML读取的格式:
  运行 1: '完善'
    字体: 未设置
    大小: 未设置
    粗体: 未设置
    斜体: 未设置
    下划线: 未设置
    标准颜色: 未设置
  运行 2: '售前'
    字体: 未设置
    大小: 未设置
    粗体: 未设置
    斜体: 未设置
    下划线: 未设置
    标准颜色: 未设置
  运行 3: '支持'
    字体: 未设置
    大小: 未设置
    粗体: 未设置
    斜体: 未设置
    下划线: 未设置
    标准颜色: 未设置
  运行 4: '体系'
    字体: 未设置
    大小: 未设置
    粗体: 未设置
    斜体: 未设置
    下划线: 未设置
    标准颜色: 未设置
  运行 5: '。'
    字体: 未设置
    大小: 未设置
    粗体: 未设置
    斜体: 未设置
    下划线: 未设置
    标准颜色: 未设置
  运行 6: '眼科的诊疗设备都是比较精密的仪器，在给客户售前试用、售中安装、售后维护等各环节，工程师都要经过严格的考核认证。'
    字体: 未设置
    大小: 未设置
    粗体: 未设置
    斜体: 未设置
    下划线: 未设置
    标准颜色: 未设置
  运行 7: '在销售前需要工程师到医疗机构实地考察装机环境，确保该条件符合设备安装要求。若条件不符合，则需要和销售人员、客户主要决策者沟通调整设备型号配置等，确保客户购买到合适的产品。'
    字体: 未设置
    大小: 未设置
    粗体: 未设置
    斜体: 未设置
    下划线: 未设置
    标准颜色: 未设置

段落 1109:
文本内容: 完善产品信息反馈机制。Y公司经过几年的经营发展，公司产品在眼科领域也有一定的市场份额。我们要认真聆听医院医师和特检技师在使用产品过程中遇到的问题，特别是可能的产品质量问题，我们需要第一时间沟通解决。积极收集和整理遇到的问题、建议，及时的提升优化我们的服务以，将有益的信息反馈给原厂，优化尼德克未来的产品设计。建议原厂在新产品的研发和测试过程中，把客户的迫切需求考虑进来，加强对产品安全性、稳定性、可靠性的管控，确保客户对所购买产品是满意的。
段落样式: 正文-缩进
从样式获取的格式:
  样式字体: 未设置
  样式字号: 未设置
  样式颜色: 未设置
对齐方式: 未设置
左缩进: 未设置
右缩进: 未设置
首行缩进: 未设置
行间距: 未设置
从XML读取的格式:
  运行 1: '完善'
    字体: 未设置
    大小: 未设置
    粗体: 未设置
    斜体: 未设置
    下划线: 未设置
    标准颜色: 未设置
  运行 2: '产品信息反馈'
    字体: 未设置
    大小: 未设置
    粗体: 未设置
    斜体: 未设置
    下划线: 未设置
    标准颜色: 未设置
  运行 3: '机制'
    字体: 未设置
    大小: 未设置
    粗体: 未设置
    斜体: 未设置
    下划线: 未设置
    标准颜色: 未设置
  运行 4: '。'
    字体: 未设置
    大小: 未设置
    粗体: 未设置
    斜体: 未设置
    下划线: 未设置
    标准颜色: 未设置
  运行 5: 'Y'
    字体: 未设置
    大小: 未设置
    粗体: 未设置
    斜体: 未设置
    下划线: 未设置
    标准颜色: 未设置
  运行 6: '公司经过几年的经营发展，公司产品在眼科领域也有一'
    字体: 未设置
    大小: 未设置
    粗体: 未设置
    斜体: 未设置
    下划线: 未设置
    标准颜色: 未设置
  运行 7: '定的市场份额。'
    字体: 未设置
    大小: 未设置
    粗体: 未设置
    斜体: 未设置
    下划线: 未设置
    标准颜色: 未设置
  运行 8: '我们要认真聆听医院医师和特检技师在使用产品过程中遇到的问题，特别是可能的'
    字体: 未设置
    大小: 未设置
    粗体: 未设置
    斜体: 未设置
    下划线: 未设置
    标准颜色: 未设置
  运行 9: '产品'
    字体: 未设置
    大小: 未设置
    粗体: 未设置
    斜体: 未设置
    下划线: 未设置
    标准颜色: 未设置
  运行 10: '质量问题，'
    字体: 未设置
    大小: 未设置
    粗体: 未设置
    斜体: 未设置
    下划线: 未设置
    标准颜色: 未设置
  运行 11: '我们需要第一时间沟通解决'
    字体: 未设置
    大小: 未设置
    粗体: 未设置
    斜体: 未设置
    下划线: 未设置
    标准颜色: 未设置
  运行 12: '。积极收集和整理遇到的'
    字体: 未设置
    大小: 未设置
    粗体: 未设置
    斜体: 未设置
    下划线: 未设置
    标准颜色: 未设置
  运行 13: '问题、建议，及时的提升优化我'
    字体: 未设置
    大小: 未设置
    粗体: 未设置
    斜体: 未设置
    下划线: 未设置
    标准颜色: 未设置
  运行 14: '们的服务以'
    字体: 未设置
    大小: 未设置
    粗体: 未设置
    斜体: 未设置
    下划线: 未设置
    标准颜色: 未设置
  运行 15: '，将有益的信息反馈给原厂，优化尼德克'
    字体: 未设置
    大小: 未设置
    粗体: 未设置
    斜体: 未设置
    下划线: 未设置
    标准颜色: 未设置
  运行 16: '未来的产品设计'
    字体: 未设置
    大小: 未设置
    粗体: 未设置
    斜体: 未设置
    下划线: 未设置
    标准颜色: 未设置
  运行 17: '。建议原厂'
    字体: 未设置
    大小: 未设置
    粗体: 未设置
    斜体: 未设置
    下划线: 未设置
    标准颜色: 未设置
  运行 18: '在新产品的研发和测试过程中，把客户的迫切需求考虑进来，加强对产品安全性、稳定性、可靠性的管控，确保客户对所购买产品是满意的。'
    字体: 未设置
    大小: 未设置
    粗体: 未设置
    斜体: 未设置
    下划线: 未设置
    标准颜色: 未设置

段落 1110:
文本内容: 完善售后服务体系。在设备交付到客户后，若遇到设备故障等，必须要在24小时做出响应，48小时内解决设备故障，若不能在规定时间内解决的，必须提供备用机，确保医疗机构正常运行。在客户设备维修期过程中，做好相关数据备份，确保医疗机构数据不丢失、不更改、不外泄。只有给在质保内的产品提供优秀的售后服务，才能不断提高医院医师的满意度，医院客户才有可能在产品质保期后，购买医疗设备产品的延保服务。只有不断完善售后服务体系，才能快速高效地解决客户遇到的各种问题，提高客户满意度，成为客户可以信赖的合作伙伴。
段落样式: 正文-缩进
从样式获取的格式:
  样式字体: 未设置
  样式字号: 未设置
  样式颜色: 未设置
对齐方式: 未设置
左缩进: 未设置
右缩进: 未设置
首行缩进: 未设置
行间距: 未设置
从XML读取的格式:
  运行 1: '完善'
    字体: 未设置
    大小: 未设置
    粗体: 未设置
    斜体: 未设置
    下划线: 未设置
    标准颜色: 未设置
  运行 2: '售后服务体系。'
    字体: 未设置
    大小: 未设置
    粗体: 未设置
    斜体: 未设置
    下划线: 未设置
    标准颜色: 未设置
  运行 3: '在设备交付到客户后，若遇到设备故障等，必须要在'
    字体: 未设置
    大小: 未设置
    粗体: 未设置
    斜体: 未设置
    下划线: 未设置
    标准颜色: 未设置
  运行 4: '24'
    字体: 未设置
    大小: 未设置
    粗体: 未设置
    斜体: 未设置
    下划线: 未设置
    标准颜色: 未设置
  运行 5: '小时做出响应，'
    字体: 未设置
    大小: 未设置
    粗体: 未设置
    斜体: 未设置
    下划线: 未设置
    标准颜色: 未设置
  运行 6: '48'
    字体: 未设置
    大小: 未设置
    粗体: 未设置
    斜体: 未设置
    下划线: 未设置
    标准颜色: 未设置
  运行 7: '小时内解决设备故障，若不能在规定时间内解决的，必须提供备用机，确保医疗机构正常运行。'
    字体: 未设置
    大小: 未设置
    粗体: 未设置
    斜体: 未设置
    下划线: 未设置
    标准颜色: 未设置
  运行 8: '在客户设备维修期过程中，做好相关数据备份，确保医疗'
    字体: 未设置
    大小: 未设置
    粗体: 未设置
    斜体: 未设置
    下划线: 未设置
    标准颜色: 未设置
  运行 9: '机构数据不丢失、不更改、不外泄。'
    字体: 未设置
    大小: 未设置
    粗体: 未设置
    斜体: 未设置
    下划线: 未设置
    标准颜色: 未设置
  运行 10: '只有给在质保内的产品提供优秀的售后服务，'
    字体: 未设置
    大小: 未设置
    粗体: 未设置
    斜体: 未设置
    下划线: 未设置
    标准颜色: 未设置
  运行 11: '才能不断'
    字体: 未设置
    大小: 未设置
    粗体: 未设置
    斜体: 未设置
    下划线: 未设置
    标准颜色: 未设置
  运行 12: '提高医院'
    字体: 未设置
    大小: 未设置
    粗体: 未设置
    斜体: 未设置
    下划线: 未设置
    标准颜色: 未设置
  运行 13: '医师'
    字体: 未设置
    大小: 未设置
    粗体: 未设置
    斜体: 未设置
    下划线: 未设置
    标准颜色: 未设置
  运行 14: '的满意度，医院'
    字体: 未设置
    大小: 未设置
    粗体: 未设置
    斜体: 未设置
    下划线: 未设置
    标准颜色: 未设置
  运行 15: '客户才有可能'
    字体: 未设置
    大小: 未设置
    粗体: 未设置
    斜体: 未设置
    下划线: 未设置
    标准颜色: 未设置
  运行 16: '在产品质保期后，'
    字体: 未设置
    大小: 未设置
    粗体: 未设置
    斜体: 未设置
    下划线: 未设置
    标准颜色: 未设置
  运行 17: '购买'
    字体: 未设置
    大小: 未设置
    粗体: 未设置
    斜体: 未设置
    下划线: 未设置
    标准颜色: 未设置
  运行 18: '医疗设备产品的'
    字体: 未设置
    大小: 未设置
    粗体: 未设置
    斜体: 未设置
    下划线: 未设置
    标准颜色: 未设置
  运行 19: '延保服务。'
    字体: 未设置
    大小: 未设置
    粗体: 未设置
    斜体: 未设置
    下划线: 未设置
    标准颜色: 未设置
  运行 20: '只有'
    字体: 未设置
    大小: 未设置
    粗体: 未设置
    斜体: 未设置
    下划线: 未设置
    标准颜色: 未设置
  运行 21: '不断完善售后服务体系'
    字体: 未设置
    大小: 未设置
    粗体: 未设置
    斜体: 未设置
    下划线: 未设置
    标准颜色: 未设置
  运行 22: '，'
    字体: 未设置
    大小: 未设置
    粗体: 未设置
    斜体: 未设置
    下划线: 未设置
    标准颜色: 未设置
  运行 23: '才能'
    字体: 未设置
    大小: 未设置
    粗体: 未设置
    斜体: 未设置
    下划线: 未设置
    标准颜色: 未设置
  运行 24: '快速'
    字体: 未设置
    大小: 未设置
    粗体: 未设置
    斜体: 未设置
    下划线: 未设置
    标准颜色: 未设置
  运行 25: '高效'
    字体: 未设置
    大小: 未设置
    粗体: 未设置
    斜体: 未设置
    下划线: 未设置
    标准颜色: 未设置
  运行 26: '地'
    字体: 未设置
    大小: 未设置
    粗体: 未设置
    斜体: 未设置
    下划线: 未设置
    标准颜色: 未设置
  运行 27: '解决客户'
    字体: 未设置
    大小: 未设置
    粗体: 未设置
    斜体: 未设置
    下划线: 未设置
    标准颜色: 未设置
  运行 28: '遇到的各种'
    字体: 未设置
    大小: 未设置
    粗体: 未设置
    斜体: 未设置
    下划线: 未设置
    标准颜色: 未设置
  运行 29: '问题，提高客户满意度，成为客户可以信赖的合作伙伴。'
    字体: 未设置
    大小: 未设置
    粗体: 未设置
    斜体: 未设置
    下划线: 未设置
    标准颜色: 未设置

段落 1111:
文本内容: 财务管理层面的保障
段落样式: Heading 2
从样式获取的格式:
  样式字体: 未设置
  样式字号: 177800
  样式字号(pt): 14.0
  样式颜色: 未设置
对齐方式: 未设置
左缩进: 未设置
右缩进: 未设置
首行缩进: 未设置
行间距: 未设置
从XML读取的格式:
  运行 1: '财务管理'
    字体: 未设置
    大小: 未设置
    粗体: 未设置
    斜体: 未设置
    下划线: 未设置
    标准颜色: 未设置
  运行 2: '层面的保障'
    字体: 未设置
    大小: 未设置
    粗体: 未设置
    斜体: 未设置
    下划线: 未设置
    标准颜色: 未设置
  运行 3: ''
    字体: 未设置
    大小: 未设置
    粗体: 未设置
    斜体: 未设置
    下划线: 未设置
    标准颜色: 未设置
  运行 4: ''
    字体: 未设置
    大小: 未设置
    粗体: 未设置
    斜体: 未设置
    下划线: 未设置
    标准颜色: 未设置
  运行 5: ''
    字体: 未设置
    大小: 未设置
    粗体: 未设置
    斜体: 未设置
    下划线: 未设置
    标准颜色: 未设置
  运行 6: ''
    字体: 未设置
    大小: 未设置
    粗体: 未设置
    斜体: 未设置
    下划线: 未设置
    标准颜色: 未设置
  运行 7: ''
    字体: 未设置
    大小: 未设置
    粗体: 未设置
    斜体: 未设置
    下划线: 未设置
    标准颜色: 未设置
  运行 8: ''
    字体: 未设置
    大小: 未设置
    粗体: 未设置
    斜体: 未设置
    下划线: 未设置
    标准颜色: 未设置
  运行 9: ''
    字体: 未设置
    大小: 未设置
    粗体: 未设置
    斜体: 未设置
    下划线: 未设置
    标准颜色: 未设置
  运行 10: ''
    字体: 未设置
    大小: 未设置
    粗体: 未设置
    斜体: 未设置
    下划线: 未设置
    标准颜色: 未设置
  运行 11: ''
    字体: 未设置
    大小: 未设置
    粗体: 未设置
    斜体: 未设置
    下划线: 未设置
    标准颜色: 未设置
  运行 12: ''
    字体: 未设置
    大小: 未设置
    粗体: 未设置
    斜体: 未设置
    下划线: 未设置
    标准颜色: 未设置
  运行 13: ''
    字体: 未设置
    大小: 未设置
    粗体: 未设置
    斜体: 未设置
    下划线: 未设置
    标准颜色: 未设置
  运行 14: ''
    字体: 未设置
    大小: 未设置
    粗体: 未设置
    斜体: 未设置
    下划线: 未设置
    标准颜色: 未设置

段落 1112:
文本内容: 发掘目标市场，拓宽营销渠道，招聘优秀营销人才等都离不来资金的支持。建立完善规范的财务管理制度，保障充足的现金流是公司生存发展的重中之重。在财务管理层面确立精准的财务规划、完善财务管理体系、推进财务信息化以及加强风险控制，如图 6-5所示，根据实际情况发现问题并解决问题，充分发挥开源节流的内控作用，是营销策略优化顺利实施的保障。
段落样式: 正文-缩进
从样式获取的格式:
  样式字体: 未设置
  样式字号: 未设置
  样式颜色: 未设置
对齐方式: 未设置
左缩进: 未设置
右缩进: 未设置
首行缩进: 未设置
行间距: 未设置
从XML读取的格式:
  运行 1: '发掘'
    字体: 未设置
    大小: 未设置
    粗体: 未设置
    斜体: 未设置
    下划线: 未设置
    标准颜色: 未设置
  运行 2: '目标市场，'
    字体: 未设置
    大小: 未设置
    粗体: 未设置
    斜体: 未设置
    下划线: 未设置
    标准颜色: 未设置
  运行 3: '拓宽营销渠道，'
    字体: 未设置
    大小: 未设置
    粗体: 未设置
    斜体: 未设置
    下划线: 未设置
    标准颜色: 未设置
  运行 4: '招聘优秀营销人才等都离不来资金的支持。建立完善规范的财务管理制度，保障充足的现金流是公司生存发展的重中之重。'
    字体: 未设置
    大小: 未设置
    粗体: 未设置
    斜体: 未设置
    下划线: 未设置
    标准颜色: 未设置
  运行 5: '在'
    字体: 未设置
    大小: 未设置
    粗体: 未设置
    斜体: 未设置
    下划线: 未设置
    标准颜色: 未设置
  运行 6: '财务管理层面确立精准的财务规划、完善财务管理体系、推进财务信息化以及加强风险控制，如'
    字体: 未设置
    大小: 未设置
    粗体: 未设置
    斜体: 未设置
    下划线: 未设置
    标准颜色: 未设置
  运行 7: ''
    字体: 未设置
    大小: 未设置
    粗体: 未设置
    斜体: 未设置
    下划线: 未设置
    标准颜色: 未设置
  运行 8: ''
    字体: 未设置
    大小: 未设置
    粗体: 未设置
    斜体: 未设置
    下划线: 未设置
    标准颜色: 未设置
  运行 9: ''
    字体: 未设置
    大小: 未设置
    粗体: 未设置
    斜体: 未设置
    下划线: 未设置
    标准颜色: 未设置
  运行 10: ''
    字体: 未设置
    大小: 未设置
    粗体: 未设置
    斜体: 未设置
    下划线: 未设置
    标准颜色: 未设置
  运行 11: ''
    字体: 未设置
    大小: 未设置
    粗体: 未设置
    斜体: 未设置
    下划线: 未设置
    标准颜色: 未设置
  运行 12: '图'
    字体: 未设置
    大小: 未设置
    粗体: 未设置
    斜体: 未设置
    下划线: 未设置
    标准颜色: 未设置
  运行 13: ' '
    字体: 未设置
    大小: 未设置
    粗体: 未设置
    斜体: 未设置
    下划线: 未设置
    标准颜色: 未设置
  运行 14: '6'
    字体: 未设置
    大小: 未设置
    粗体: 未设置
    斜体: 未设置
    下划线: 未设置
    标准颜色: 未设置
  运行 15: '-'
    字体: 未设置
    大小: 未设置
    粗体: 未设置
    斜体: 未设置
    下划线: 未设置
    标准颜色: 未设置
  运行 16: '5'
    字体: 未设置
    大小: 未设置
    粗体: 未设置
    斜体: 未设置
    下划线: 未设置
    标准颜色: 未设置
  运行 17: ''
    字体: 未设置
    大小: 未设置
    粗体: 未设置
    斜体: 未设置
    下划线: 未设置
    标准颜色: 未设置
  运行 18: '所示，'
    字体: 未设置
    大小: 未设置
    粗体: 未设置
    斜体: 未设置
    下划线: 未设置
    标准颜色: 未设置
  运行 19: '根据实际情况发现问题并解决问题，充分发挥开源节流的内控作用'
    字体: 未设置
    大小: 未设置
    粗体: 未设置
    斜体: 未设置
    下划线: 未设置
    标准颜色: 未设置
  运行 20: '，是营销策略优化顺利实施的保障。'
    字体: 未设置
    大小: 未设置
    粗体: 未设置
    斜体: 未设置
    下划线: 未设置
    标准颜色: 未设置

段落 1115:
文本内容: 图 6-5　Y公司财务管理保障图
段落样式: Caption
从样式获取的格式:
  样式字体: 未设置
  样式字号: 未设置
  样式颜色: 未设置
对齐方式: 未设置
左缩进: 未设置
右缩进: 未设置
首行缩进: 未设置
行间距: 未设置
从XML读取的格式:
  运行 1: '图'
    字体: 未设置
    大小: 未设置
    粗体: 未设置
    斜体: 未设置
    下划线: 未设置
    标准颜色: 未设置
  运行 2: ' '
    字体: 未设置
    大小: 未设置
    粗体: 未设置
    斜体: 未设置
    下划线: 未设置
    标准颜色: 未设置
  运行 3: ''
    字体: 未设置
    大小: 未设置
    粗体: 未设置
    斜体: 未设置
    下划线: 未设置
    标准颜色: 未设置
  运行 4: ''
    字体: 未设置
    大小: 未设置
    粗体: 未设置
    斜体: 未设置
    下划线: 未设置
    标准颜色: 未设置
  运行 5: ''
    字体: 未设置
    大小: 未设置
    粗体: 未设置
    斜体: 未设置
    下划线: 未设置
    标准颜色: 未设置
  运行 6: ''
    字体: 未设置
    大小: 未设置
    粗体: 未设置
    斜体: 未设置
    下划线: 未设置
    标准颜色: 未设置
  运行 7: ''
    字体: 未设置
    大小: 未设置
    粗体: 未设置
    斜体: 未设置
    下划线: 未设置
    标准颜色: 未设置
  运行 8: '6'
    字体: 未设置
    大小: 未设置
    粗体: 未设置
    斜体: 未设置
    下划线: 未设置
    标准颜色: 未设置
  运行 9: ''
    字体: 未设置
    大小: 未设置
    粗体: 未设置
    斜体: 未设置
    下划线: 未设置
    标准颜色: 未设置
  运行 10: '-'
    字体: 未设置
    大小: 未设置
    粗体: 未设置
    斜体: 未设置
    下划线: 未设置
    标准颜色: 未设置
  运行 11: ''
    字体: 未设置
    大小: 未设置
    粗体: 未设置
    斜体: 未设置
    下划线: 未设置
    标准颜色: 未设置
  运行 12: ''
    字体: 未设置
    大小: 未设置
    粗体: 未设置
    斜体: 未设置
    下划线: 未设置
    标准颜色: 未设置
  运行 13: ''
    字体: 未设置
    大小: 未设置
    粗体: 未设置
    斜体: 未设置
    下划线: 未设置
    标准颜色: 未设置
  运行 14: ''
    字体: 未设置
    大小: 未设置
    粗体: 未设置
    斜体: 未设置
    下划线: 未设置
    标准颜色: 未设置
  运行 15: ''
    字体: 未设置
    大小: 未设置
    粗体: 未设置
    斜体: 未设置
    下划线: 未设置
    标准颜色: 未设置
  运行 16: ''
    字体: 未设置
    大小: 未设置
    粗体: 未设置
    斜体: 未设置
    下划线: 未设置
    标准颜色: 未设置
  运行 17: ''
    字体: 未设置
    大小: 未设置
    粗体: 未设置
    斜体: 未设置
    下划线: 未设置
    标准颜色: 未设置
  运行 18: '5'
    字体: 未设置
    大小: 未设置
    粗体: 未设置
    斜体: 未设置
    下划线: 未设置
    标准颜色: 未设置
  运行 19: ''
    字体: 未设置
    大小: 未设置
    粗体: 未设置
    斜体: 未设置
    下划线: 未设置
    标准颜色: 未设置
  运行 20: '　'
    字体: 未设置
    大小: 未设置
    粗体: 未设置
    斜体: 未设置
    下划线: 未设置
    标准颜色: 未设置
  运行 21: 'Y'
    字体: 未设置
    大小: 未设置
    粗体: 未设置
    斜体: 未设置
    下划线: 未设置
    标准颜色: 未设置
  运行 22: '公司财务管理保障图'
    字体: 未设置
    大小: 未设置
    粗体: 未设置
    斜体: 未设置
    下划线: 未设置
    标准颜色: 未设置

段落 1116:
文本内容: 资料来源：作者整理，Y公司内部资料，2024.
段落样式: 图表资料来源
从样式获取的格式:
  样式字体: 未设置
  样式字号: 114300
  样式字号(pt): 9.0
  样式颜色: 未设置
对齐方式: 未设置
左缩进: 未设置
右缩进: 未设置
首行缩进: 未设置
行间距: 未设置
从XML读取的格式:
  运行 1: '资料来源：'
    字体: 未设置
    大小: 未设置
    粗体: 未设置
    斜体: 未设置
    下划线: 未设置
    标准颜色: 未设置
  运行 2: '作者整'
    字体: 未设置
    大小: 未设置
    粗体: 未设置
    斜体: 未设置
    下划线: 未设置
    标准颜色: 未设置
  运行 3: '理，'
    字体: 未设置
    大小: 未设置
    粗体: 未设置
    斜体: 未设置
    下划线: 未设置
    标准颜色: 未设置
  运行 4: 'Y'
    字体: 未设置
    大小: 未设置
    粗体: 未设置
    斜体: 未设置
    下划线: 未设置
    标准颜色: 未设置
  运行 5: '公司内部资料'
    字体: 未设置
    大小: 未设置
    粗体: 未设置
    斜体: 未设置
    下划线: 未设置
    标准颜色: 未设置
  运行 6: '，'
    字体: 未设置
    大小: 未设置
    粗体: 未设置
    斜体: 未设置
    下划线: 未设置
    标准颜色: 未设置
  运行 7: '2'
    字体: 未设置
    大小: 未设置
    粗体: 未设置
    斜体: 未设置
    下划线: 未设置
    标准颜色: 未设置
  运行 8: '02'
    字体: 未设置
    大小: 未设置
    粗体: 未设置
    斜体: 未设置
    下划线: 未设置
    标准颜色: 未设置
  运行 9: '4'
    字体: 未设置
    大小: 未设置
    粗体: 未设置
    斜体: 未设置
    下划线: 未设置
    标准颜色: 未设置
  运行 10: '.'
    字体: 未设置
    大小: 未设置
    粗体: 未设置
    斜体: 未设置
    下划线: 未设置
    标准颜色: 未设置

段落 1118:
文本内容: 确立精准的财务规划。财务部门需要依据公司战略和市场状况，制定出既符合长期发展又满足短期需求的财务计划。该计划应明确收支、利润和现金流等核心财务指标，确保为公司运营和决策提供坚实的数据支持。建立各部门年度资金预算管理制度，严格执行落实，避免实际工作中出现不必要的成本支出，特别是市场推广费用支出。
段落样式: 正文-缩进
从样式获取的格式:
  样式字体: 未设置
  样式字号: 未设置
  样式颜色: 未设置
对齐方式: 未设置
左缩进: 未设置
右缩进: 未设置
首行缩进: 未设置
行间距: 未设置
从XML读取的格式:
  运行 1: '确立精准的财务规划。财务部门需要依据公司战略和市场状况，制定出既符合长期发展又满足短期需求的财务计划。该计划应明确收支、利润和现金流等核心财务指标，确保为公司运营和决策提供坚实的数据支持。建立各部门年度资金预算管理制度，严格执行落实，避免实际工作中出现不必要的成本支出，特别是市场推广费用支出。'
    字体: 未设置
    大小: 未设置
    粗体: 未设置
    斜体: 未设置
    下划线: 未设置
    标准颜色: 未设置

段落 1119:
文本内容: 完善财务管理体系。Y公司应建立一套全面的财务管理体系，涵盖会计核算、内部控制和财务审批等关键制度，以确保财务管理的规范性和有效性。对于人员差旅费用、样机试用成本等，可参考业界内控制度较好的大公司，结合公司自身的实际情况，制定适合Y公司可持续高质量发展的财务制度。
段落样式: 正文-缩进
从样式获取的格式:
  样式字体: 未设置
  样式字号: 未设置
  样式颜色: 未设置
对齐方式: 未设置
左缩进: 未设置
右缩进: 未设置
首行缩进: 未设置
行间距: 未设置
从XML读取的格式:
  运行 1: '完善财务管理体系。'
    字体: 未设置
    大小: 未设置
    粗体: 未设置
    斜体: 未设置
    下划线: 未设置
    标准颜色: 未设置
  运行 2: 'Y'
    字体: 未设置
    大小: 未设置
    粗体: 未设置
    斜体: 未设置
    下划线: 未设置
    标准颜色: 未设置
  运行 3: '公司应建立一套全面的财务管理体系，涵盖会计核算、内部控制和财务审批等关键制度，以确保财务管理的规范性和有效性。对于人员差旅费用、样机试用成本等，可参考业界内控制度较好的大公司，结合公司自身的实际情况，制定适合'
    字体: 未设置
    大小: 未设置
    粗体: 未设置
    斜体: 未设置
    下划线: 未设置
    标准颜色: 未设置
  运行 4: 'Y'
    字体: 未设置
    大小: 未设置
    粗体: 未设置
    斜体: 未设置
    下划线: 未设置
    标准颜色: 未设置
  运行 5: '公司可持续高质量发展的财务制度。'
    字体: 未设置
    大小: 未设置
    粗体: 未设置
    斜体: 未设置
    下划线: 未设置
    标准颜色: 未设置

段落 1120:
文本内容: 推进财务信息化。运用先进的信息技术，构建财务管理信息系统，以实现财务数据的即时收集、处理与分析，从而提升财务管理的效率和精确度。将各部门费用体现在信息化管理软件上，管理层可以及时、清晰的知道公司的财务状况，为公司决策提供更加及时、准确的信息支持。
段落样式: 正文-缩进
从样式获取的格式:
  样式字体: 未设置
  样式字号: 未设置
  样式颜色: 未设置
对齐方式: 未设置
左缩进: 未设置
右缩进: 未设置
首行缩进: 未设置
行间距: 未设置
从XML读取的格式:
  运行 1: '推进财务信息化。运用先进的信息技术，构建财务管理信息系统，以实现财务数据的即时收集、处理与分析，从而提升财务管理的效率和精确度。'
    字体: 未设置
    大小: 未设置
    粗体: 未设置
    斜体: 未设置
    下划线: 未设置
    标准颜色: 未设置
  运行 2: '将各部门费用体现在信息化管理软件上，管理层可以及时、清晰的知道公司的财务状况，'
    字体: 未设置
    大小: 未设置
    粗体: 未设置
    斜体: 未设置
    下划线: 未设置
    标准颜色: 未设置
  运行 3: '为公司决策提供更加及时、准确的信息支持。'
    字体: 未设置
    大小: 未设置
    粗体: 未设置
    斜体: 未设置
    下划线: 未设置
    标准颜色: 未设置

段落 1121:
文本内容: 强化风险控制机制。构建一个全面的风险管理框架，包括风险的识别、评价、监控和应对策略。通过周期性的审查与评估，确保能够迅速发现并应对可能的财务风险。例如对于市场学术会议的支持，以及第三方会议的支持，同事差旅发票的获取识别等，确保做到合法合规。要加大对财务团队的专业培训，提升其专业技能和业务水平，并建立有效的激励机制，以激发团队成员的积极性，为公司发展贡献力量。
段落样式: 正文-缩进
从样式获取的格式:
  样式字体: 未设置
  样式字号: 未设置
  样式颜色: 未设置
对齐方式: 未设置
左缩进: 未设置
右缩进: 未设置
首行缩进: 未设置
行间距: 未设置
从XML读取的格式:
  运行 1: '强化风险控制机制。构建一个全面的风险管理框架，包括风险的识别、评价、'
    字体: 未设置
    大小: 未设置
    粗体: 未设置
    斜体: 未设置
    下划线: 未设置
    标准颜色: 未设置
  运行 2: '监控和应对策略。通过周期性的审查与评估，确保能够迅速发现并应对可能的财务风险。'
    字体: 未设置
    大小: 未设置
    粗体: 未设置
    斜体: 未设置
    下划线: 未设置
    标准颜色: 未设置
  运行 3: '例如对于市场学术会议的支持，以及第三方会议的支持，'
    字体: 未设置
    大小: 未设置
    粗体: 未设置
    斜体: 未设置
    下划线: 未设置
    标准颜色: 未设置
  运行 4: '同事差旅发票的获取识别等，'
    字体: 未设置
    大小: 未设置
    粗体: 未设置
    斜体: 未设置
    下划线: 未设置
    标准颜色: 未设置
  运行 5: '确保做到合法合规。'
    字体: 未设置
    大小: 未设置
    粗体: 未设置
    斜体: 未设置
    下划线: 未设置
    标准颜色: 未设置
  运行 6: '要'
    字体: 未设置
    大小: 未设置
    粗体: 未设置
    斜体: 未设置
    下划线: 未设置
    标准颜色: 未设置
  运行 7: '加大对财务团队的专业培训，提升其专业技能和业务水平，并建立有效的激励机制，以激发团队成员的积极性，为公司发展贡献力量。'
    字体: 未设置
    大小: 未设置
    粗体: 未设置
    斜体: 未设置
    下划线: 未设置
    标准颜色: 未设置

段落 1122:
文本内容: 通过这些措施，Y公司能够提高财务管理的效率，减少错误和疏漏，加快决策过程。通过有效的风险管理降低财务和经营风险，确保资金的合理配置和业务的顺畅运行，进而提升公司的市场竞争力和整体价值。
段落样式: 正文-缩进
从样式获取的格式:
  样式字体: 未设置
  样式字号: 未设置
  样式颜色: 未设置
对齐方式: 未设置
左缩进: 未设置
右缩进: 未设置
首行缩进: 未设置
行间距: 未设置
从XML读取的格式:
  运行 1: '通过这些措施，'
    字体: 未设置
    大小: 未设置
    粗体: 未设置
    斜体: 未设置
    下划线: 未设置
    标准颜色: 未设置
  运行 2: 'Y'
    字体: 未设置
    大小: 未设置
    粗体: 未设置
    斜体: 未设置
    下划线: 未设置
    标准颜色: 未设置
  运行 3: '公司'
    字体: 未设置
    大小: 未设置
    粗体: 未设置
    斜体: 未设置
    下划线: 未设置
    标准颜色: 未设置
  运行 4: '能够提高财务管理的效率，减少错误和疏漏，加快决策过程。通过有效的风险管理降低财务和经营风险，确保资金的合理配置和业务的顺畅运行，进而提升公司的市场竞争力和整体价值。'
    字体: 未设置
    大小: 未设置
    粗体: 未设置
    斜体: 未设置
    下划线: 未设置
    标准颜色: 未设置

段落 1123:
文本内容: 管理制度层面的保障
段落样式: Heading 2
从样式获取的格式:
  样式字体: 未设置
  样式字号: 177800
  样式字号(pt): 14.0
  样式颜色: 未设置
对齐方式: 未设置
左缩进: 未设置
右缩进: 未设置
首行缩进: 未设置
行间距: 未设置
从XML读取的格式:
  运行 1: '管理'
    字体: 未设置
    大小: 未设置
    粗体: 未设置
    斜体: 未设置
    下划线: 未设置
    标准颜色: 未设置
  运行 2: '制度层面'
    字体: 未设置
    大小: 未设置
    粗体: 未设置
    斜体: 未设置
    下划线: 未设置
    标准颜色: 未设置
  运行 3: '的保障'
    字体: 未设置
    大小: 未设置
    粗体: 未设置
    斜体: 未设置
    下划线: 未设置
    标准颜色: 未设置
  运行 4: ''
    字体: 未设置
    大小: 未设置
    粗体: 未设置
    斜体: 未设置
    下划线: 未设置
    标准颜色: 未设置
  运行 5: ''
    字体: 未设置
    大小: 未设置
    粗体: 未设置
    斜体: 未设置
    下划线: 未设置
    标准颜色: 未设置
  运行 6: ''
    字体: 未设置
    大小: 未设置
    粗体: 未设置
    斜体: 未设置
    下划线: 未设置
    标准颜色: 未设置
  运行 7: ''
    字体: 未设置
    大小: 未设置
    粗体: 未设置
    斜体: 未设置
    下划线: 未设置
    标准颜色: 未设置
  运行 8: ''
    字体: 未设置
    大小: 未设置
    粗体: 未设置
    斜体: 未设置
    下划线: 未设置
    标准颜色: 未设置
  运行 9: ''
    字体: 未设置
    大小: 未设置
    粗体: 未设置
    斜体: 未设置
    下划线: 未设置
    标准颜色: 未设置
  运行 10: ''
    字体: 未设置
    大小: 未设置
    粗体: 未设置
    斜体: 未设置
    下划线: 未设置
    标准颜色: 未设置
  运行 11: ''
    字体: 未设置
    大小: 未设置
    粗体: 未设置
    斜体: 未设置
    下划线: 未设置
    标准颜色: 未设置
  运行 12: ''
    字体: 未设置
    大小: 未设置
    粗体: 未设置
    斜体: 未设置
    下划线: 未设置
    标准颜色: 未设置

段落 1124:
文本内容: 为了实现Y公司总体的营销目标，在制度化管理的构建上，Y公司将确保规章制度的全面性和严密性，避免因管理不规范而出现的“人治”问题，从而对组织发展产生消极影响。建立完善日常管理制度、财务报销管理制度以及样机试用管理制度等，是营销策略优化顺利实施的重要保障，如图 6-6所示。
段落样式: 正文-缩进
从样式获取的格式:
  样式字体: 未设置
  样式字号: 未设置
  样式颜色: 未设置
对齐方式: 未设置
左缩进: 未设置
右缩进: 未设置
首行缩进: 未设置
行间距: 未设置
从XML读取的格式:
  运行 1: '为了实现'
    字体: 未设置
    大小: 未设置
    粗体: 未设置
    斜体: 未设置
    下划线: 未设置
    标准颜色: 未设置
  运行 2: 'Y'
    字体: 未设置
    大小: 未设置
    粗体: 未设置
    斜体: 未设置
    下划线: 未设置
    标准颜色: 未设置
  运行 3: '公司总体的营销目标，'
    字体: 未设置
    大小: 未设置
    粗体: 未设置
    斜体: 未设置
    下划线: 未设置
    标准颜色: 未设置
  运行 4: '在制度化管理的构建上，'
    字体: 未设置
    大小: 未设置
    粗体: 未设置
    斜体: 未设置
    下划线: 未设置
    标准颜色: 未设置
  运行 5: 'Y'
    字体: 未设置
    大小: 未设置
    粗体: 未设置
    斜体: 未设置
    下划线: 未设置
    标准颜色: 未设置
  运行 6: '公司将确保规章制度的全面性和严密性，避免因管理不规范而出现的“人治”问题，从而对组织发展产生消极影响。'
    字体: 未设置
    大小: 未设置
    粗体: 未设置
    斜体: 未设置
    下划线: 未设置
    标准颜色: 未设置
  运行 7: '建立完善日常管理制度、财务报销管理制度以及样机试用管理制度'
    字体: 未设置
    大小: 未设置
    粗体: 未设置
    斜体: 未设置
    下划线: 未设置
    标准颜色: 未设置
  运行 8: '等，是营销策略优化顺利实施的重要保障'
    字体: 未设置
    大小: 未设置
    粗体: 未设置
    斜体: 未设置
    下划线: 未设置
    标准颜色: 未设置
  运行 9: '，如'
    字体: 未设置
    大小: 未设置
    粗体: 未设置
    斜体: 未设置
    下划线: 未设置
    标准颜色: 未设置
  运行 10: ''
    字体: 未设置
    大小: 未设置
    粗体: 未设置
    斜体: 未设置
    下划线: 未设置
    标准颜色: 未设置
  运行 11: ''
    字体: 未设置
    大小: 未设置
    粗体: 未设置
    斜体: 未设置
    下划线: 未设置
    标准颜色: 未设置
  运行 12: ''
    字体: 未设置
    大小: 未设置
    粗体: 未设置
    斜体: 未设置
    下划线: 未设置
    标准颜色: 未设置
  运行 13: ''
    字体: 未设置
    大小: 未设置
    粗体: 未设置
    斜体: 未设置
    下划线: 未设置
    标准颜色: 未设置
  运行 14: ''
    字体: 未设置
    大小: 未设置
    粗体: 未设置
    斜体: 未设置
    下划线: 未设置
    标准颜色: 未设置
  运行 15: '图'
    字体: 未设置
    大小: 未设置
    粗体: 未设置
    斜体: 未设置
    下划线: 未设置
    标准颜色: 未设置
  运行 16: ' '
    字体: 未设置
    大小: 未设置
    粗体: 未设置
    斜体: 未设置
    下划线: 未设置
    标准颜色: 未设置
  运行 17: '6'
    字体: 未设置
    大小: 未设置
    粗体: 未设置
    斜体: 未设置
    下划线: 未设置
    标准颜色: 未设置
  运行 18: '-'
    字体: 未设置
    大小: 未设置
    粗体: 未设置
    斜体: 未设置
    下划线: 未设置
    标准颜色: 未设置
  运行 19: '6'
    字体: 未设置
    大小: 未设置
    粗体: 未设置
    斜体: 未设置
    下划线: 未设置
    标准颜色: 未设置
  运行 20: ''
    字体: 未设置
    大小: 未设置
    粗体: 未设置
    斜体: 未设置
    下划线: 未设置
    标准颜色: 未设置
  运行 21: '所示'
    字体: 未设置
    大小: 未设置
    粗体: 未设置
    斜体: 未设置
    下划线: 未设置
    标准颜色: 未设置
  运行 22: '。'
    字体: 未设置
    大小: 未设置
    粗体: 未设置
    斜体: 未设置
    下划线: 未设置
    标准颜色: 未设置

段落 1127:
文本内容: 图 6-6　Y公司管理制度保障图
段落样式: Caption
从样式获取的格式:
  样式字体: 未设置
  样式字号: 未设置
  样式颜色: 未设置
对齐方式: 未设置
左缩进: 未设置
右缩进: 未设置
首行缩进: 未设置
行间距: 未设置
从XML读取的格式:
  运行 1: '图'
    字体: 未设置
    大小: 未设置
    粗体: 未设置
    斜体: 未设置
    下划线: 未设置
    标准颜色: 未设置
  运行 2: ' '
    字体: 未设置
    大小: 未设置
    粗体: 未设置
    斜体: 未设置
    下划线: 未设置
    标准颜色: 未设置
  运行 3: ''
    字体: 未设置
    大小: 未设置
    粗体: 未设置
    斜体: 未设置
    下划线: 未设置
    标准颜色: 未设置
  运行 4: ''
    字体: 未设置
    大小: 未设置
    粗体: 未设置
    斜体: 未设置
    下划线: 未设置
    标准颜色: 未设置
  运行 5: ''
    字体: 未设置
    大小: 未设置
    粗体: 未设置
    斜体: 未设置
    下划线: 未设置
    标准颜色: 未设置
  运行 6: ''
    字体: 未设置
    大小: 未设置
    粗体: 未设置
    斜体: 未设置
    下划线: 未设置
    标准颜色: 未设置
  运行 7: ''
    字体: 未设置
    大小: 未设置
    粗体: 未设置
    斜体: 未设置
    下划线: 未设置
    标准颜色: 未设置
  运行 8: '6'
    字体: 未设置
    大小: 未设置
    粗体: 未设置
    斜体: 未设置
    下划线: 未设置
    标准颜色: 未设置
  运行 9: ''
    字体: 未设置
    大小: 未设置
    粗体: 未设置
    斜体: 未设置
    下划线: 未设置
    标准颜色: 未设置
  运行 10: '-'
    字体: 未设置
    大小: 未设置
    粗体: 未设置
    斜体: 未设置
    下划线: 未设置
    标准颜色: 未设置
  运行 11: ''
    字体: 未设置
    大小: 未设置
    粗体: 未设置
    斜体: 未设置
    下划线: 未设置
    标准颜色: 未设置
  运行 12: ''
    字体: 未设置
    大小: 未设置
    粗体: 未设置
    斜体: 未设置
    下划线: 未设置
    标准颜色: 未设置
  运行 13: ''
    字体: 未设置
    大小: 未设置
    粗体: 未设置
    斜体: 未设置
    下划线: 未设置
    标准颜色: 未设置
  运行 14: ''
    字体: 未设置
    大小: 未设置
    粗体: 未设置
    斜体: 未设置
    下划线: 未设置
    标准颜色: 未设置
  运行 15: ''
    字体: 未设置
    大小: 未设置
    粗体: 未设置
    斜体: 未设置
    下划线: 未设置
    标准颜色: 未设置
  运行 16: ''
    字体: 未设置
    大小: 未设置
    粗体: 未设置
    斜体: 未设置
    下划线: 未设置
    标准颜色: 未设置
  运行 17: ''
    字体: 未设置
    大小: 未设置
    粗体: 未设置
    斜体: 未设置
    下划线: 未设置
    标准颜色: 未设置
  运行 18: '6'
    字体: 未设置
    大小: 未设置
    粗体: 未设置
    斜体: 未设置
    下划线: 未设置
    标准颜色: 未设置
  运行 19: ''
    字体: 未设置
    大小: 未设置
    粗体: 未设置
    斜体: 未设置
    下划线: 未设置
    标准颜色: 未设置
  运行 20: '　'
    字体: 未设置
    大小: 未设置
    粗体: 未设置
    斜体: 未设置
    下划线: 未设置
    标准颜色: 未设置
  运行 21: 'Y'
    字体: 未设置
    大小: 未设置
    粗体: 未设置
    斜体: 未设置
    下划线: 未设置
    标准颜色: 未设置
  运行 22: '公司管理制度保障图'
    字体: 未设置
    大小: 未设置
    粗体: 未设置
    斜体: 未设置
    下划线: 未设置
    标准颜色: 未设置

段落 1128:
文本内容: 资料来源：作者整理，Y公司内部资料，2024.
段落样式: 图表资料来源
从样式获取的格式:
  样式字体: 未设置
  样式字号: 114300
  样式字号(pt): 9.0
  样式颜色: 未设置
对齐方式: 未设置
左缩进: 未设置
右缩进: 未设置
首行缩进: 未设置
行间距: 未设置
从XML读取的格式:
  运行 1: '资料来源：'
    字体: 未设置
    大小: 未设置
    粗体: 未设置
    斜体: 未设置
    下划线: 未设置
    标准颜色: 未设置
  运行 2: '作者整'
    字体: 未设置
    大小: 未设置
    粗体: 未设置
    斜体: 未设置
    下划线: 未设置
    标准颜色: 未设置
  运行 3: '理，'
    字体: 未设置
    大小: 未设置
    粗体: 未设置
    斜体: 未设置
    下划线: 未设置
    标准颜色: 未设置
  运行 4: 'Y'
    字体: 未设置
    大小: 未设置
    粗体: 未设置
    斜体: 未设置
    下划线: 未设置
    标准颜色: 未设置
  运行 5: '公司内部资料'
    字体: 未设置
    大小: 未设置
    粗体: 未设置
    斜体: 未设置
    下划线: 未设置
    标准颜色: 未设置
  运行 6: '，'
    字体: 未设置
    大小: 未设置
    粗体: 未设置
    斜体: 未设置
    下划线: 未设置
    标准颜色: 未设置
  运行 7: '2'
    字体: 未设置
    大小: 未设置
    粗体: 未设置
    斜体: 未设置
    下划线: 未设置
    标准颜色: 未设置
  运行 8: '02'
    字体: 未设置
    大小: 未设置
    粗体: 未设置
    斜体: 未设置
    下划线: 未设置
    标准颜色: 未设置
  运行 9: '4'
    字体: 未设置
    大小: 未设置
    粗体: 未设置
    斜体: 未设置
    下划线: 未设置
    标准颜色: 未设置
  运行 10: '.'
    字体: 未设置
    大小: 未设置
    粗体: 未设置
    斜体: 未设置
    下划线: 未设置
    标准颜色: 未设置

段落 1130:
文本内容: 日常管理制度的完善。公司建立一套标准的管理框架，将日常事务通过一系列详尽的规章制度固定下来，培养员工规范的操作习惯。管理制度将不仅限于日常工作流程，还将包括公司治理、风险管理、合规性等关键领域，确保企业在各个环节都能规范操作、降低风险。例如利用钉钉等管理软件，加强上下班打卡签到，每月漏打卡补卡次数不得超过三次。对于销售人员每天需拜访三家以上医院，到医院打卡签到、离开医院打卡签到；公司内部业务流程审批，需要用邮件往来，保证有迹可循。规范邮件的使用方法，每位同事设置好自己的邮件签名，以及发出邮件显示自己的中文名字等。每个省区建立业务、工程师、内勤即时沟通微信群，分管副总加入到各省即时沟通群，紧急事情第一时间沟通交流；管理层带头严格执行日常管理制度，重视并持续推动制度的执行，营造一个知行合一的组织氛围。
段落样式: 正文-缩进
从样式获取的格式:
  样式字体: 未设置
  样式字号: 未设置
  样式颜色: 未设置
对齐方式: 未设置
左缩进: 未设置
右缩进: 未设置
首行缩进: 未设置
行间距: 未设置
从XML读取的格式:
  运行 1: '日常管理制度'
    字体: 未设置
    大小: 未设置
    粗体: 未设置
    斜体: 未设置
    下划线: 未设置
    标准颜色: 未设置
  运行 2: '的完善'
    字体: 未设置
    大小: 未设置
    粗体: 未设置
    斜体: 未设置
    下划线: 未设置
    标准颜色: 未设置
  运行 3: '。'
    字体: 未设置
    大小: 未设置
    粗体: 未设置
    斜体: 未设置
    下划线: 未设置
    标准颜色: 未设置
  运行 4: '公司建立一套标准的管理框架，将日常事务通过一系列详尽的规章制度固定下来，培养员工规范的操作习惯。管理制度将不仅限于日常工作流程，还将包括公司治理、风险管理、合规性等关键领域，确保企业在各个环节都能规范操作、降低风险。'
    字体: 未设置
    大小: 未设置
    粗体: 未设置
    斜体: 未设置
    下划线: 未设置
    标准颜色: 未设置
  运行 5: '例如'
    字体: 未设置
    大小: 未设置
    粗体: 未设置
    斜体: 未设置
    下划线: 未设置
    标准颜色: 未设置
  运行 6: '利用钉钉等管理软件，加强上下班打卡签到'
    字体: 未设置
    大小: 未设置
    粗体: 未设置
    斜体: 未设置
    下划线: 未设置
    标准颜色: 未设置
  运行 7: '，'
    字体: 未设置
    大小: 未设置
    粗体: 未设置
    斜体: 未设置
    下划线: 未设置
    标准颜色: 未设置
  运行 8: '每月漏打卡补卡次数不得超过三次。对于销售人员每天需拜访三家以上医院，到医院打卡签到、离开医院打卡签到'
    字体: 未设置
    大小: 未设置
    粗体: 未设置
    斜体: 未设置
    下划线: 未设置
    标准颜色: 未设置
  运行 9: '；公司内部业务流程审批，需要用邮件往来，保证有迹可循。规范邮件的使用方法，每位同事设置好自己的邮件签名，以及发出邮件显示自己的中文名字等。每个省区建立业务、工程师、内勤即时沟通微信群，分管副总加入到各省即时沟通群，紧急事情第一时间沟通交流；'
    字体: 未设置
    大小: 未设置
    粗体: 未设置
    斜体: 未设置
    下划线: 未设置
    标准颜色: 未设置
  运行 10: '管理层'
    字体: 未设置
    大小: 未设置
    粗体: 未设置
    斜体: 未设置
    下划线: 未设置
    标准颜色: 未设置
  运行 11: '带头严格执行日常管理制度'
    字体: 未设置
    大小: 未设置
    粗体: 未设置
    斜体: 未设置
    下划线: 未设置
    标准颜色: 未设置
  运行 12: '，重视并持续推动制度的执行，营造一个知行合一的组织氛围。'
    字体: 未设置
    大小: 未设置
    粗体: 未设置
    斜体: 未设置
    下划线: 未设置
    标准颜色: 未设置

段落 1131:
文本内容: 财务相关管理制度。在实施营销策略优化的过程中，可以将差旅、市场费用、设备试用费用等销售费用量化，参考业内头部企业，用利润率作为考核指标，让销售人员对自己的区域有更清晰的把控，灵活使用销售工具达成业绩目标。年终评优可考虑团队奖励制度，如团队业绩增长率最高奖、团队业绩金额最高奖、团队利润率最高奖等，增强员工的团队合作意识，提升营销方案优化的成效。必须让公司员工深刻的认识到，只有公司不断的发展壮大，才有员工个人的成长和发展，员工和公司必须同舟共济才能创未来
段落样式: 正文-缩进
从样式获取的格式:
  样式字体: 未设置
  样式字号: 未设置
  样式颜色: 未设置
对齐方式: 未设置
左缩进: 未设置
右缩进: 未设置
首行缩进: 未设置
行间距: 未设置
从XML读取的格式:
  运行 1: '财务'
    字体: 未设置
    大小: 未设置
    粗体: 未设置
    斜体: 未设置
    下划线: 未设置
    标准颜色: 未设置
  运行 2: '相关'
    字体: 未设置
    大小: 未设置
    粗体: 未设置
    斜体: 未设置
    下划线: 未设置
    标准颜色: 未设置
  运行 3: '管理制度。'
    字体: 未设置
    大小: 未设置
    粗体: 未设置
    斜体: 未设置
    下划线: 未设置
    标准颜色: 未设置
  运行 4: '在实施营销策略优化的过程中，可以将差旅、市场费用、设备试用费用等销售费用量化，参考业内头部企业，用利润率作为考核指标'
    字体: 未设置
    大小: 未设置
    粗体: 未设置
    斜体: 未设置
    下划线: 未设置
    标准颜色: 未设置
  运行 5: '，让销售人员对自己的区域有更清晰的把控，灵活使用销售工具达成业绩目标。'
    字体: 未设置
    大小: 未设置
    粗体: 未设置
    斜体: 未设置
    下划线: 未设置
    标准颜色: 未设置
  运行 6: '年终评优可考虑团队奖励制度，如团队业绩增长率最高奖、团队业绩金额最高奖、团队利润率最高奖等，增强员工的团队合作意识，提升营销方案优化的成效。必须让公司员工深刻的认识到，只有公司不断的发展壮大，才有员工个人的成长和发展，员工和公司必须同舟共济才能创未来'
    字体: 未设置
    大小: 未设置
    粗体: 未设置
    斜体: 未设置
    下划线: 未设置
    标准颜色: 未设置

段落 1132:
文本内容: 样机管理制度。各省区按业绩指标的大小，配置相应的重点产品样机数量，用于日常的展示试用。原则上福建、湖南、广西都安排重点产品各一台，广东海南业绩金额大，按两台配合支持。在样机试用前，业务人员务必完成对医院样机试用的公司规定：如样机试用的时间期限，到医院需要清点数量并签字验收，签收单上明确标明价格，在样机撤回是对照签收单一一核对，人为故意损坏的要赔偿等。沟通清楚后再邮件申请样机试用。
段落样式: 正文-缩进
从样式获取的格式:
  样式字体: 未设置
  样式字号: 未设置
  样式颜色: 未设置
对齐方式: 未设置
左缩进: 未设置
右缩进: 未设置
首行缩进: 未设置
行间距: 未设置
从XML读取的格式:
  运行 1: '样机管理制度。'
    字体: 未设置
    大小: 未设置
    粗体: 未设置
    斜体: 未设置
    下划线: 未设置
    标准颜色: 未设置
  运行 2: '各省区按业绩指标的大小，配置相应的重点产品样机数量，用于日常的展示试用。'
    字体: 未设置
    大小: 未设置
    粗体: 未设置
    斜体: 未设置
    下划线: 未设置
    标准颜色: 未设置
  运行 3: '原则上福建、湖南、广西都安排重点产品各一台，广东海南业绩金额大，按两台配合支持。在样机试用前，业务人员务必完成对医院样机试用的公司规定：如样机试用的时间期限，到医院需要清点数量并签字验收，签收单上明确标明价格，在样机撤回是对照签收单一一核对，人为故意损坏的要赔偿等。沟通清楚后再邮件申请样机试用。'
    字体: 未设置
    大小: 未设置
    粗体: 未设置
    斜体: 未设置
    下划线: 未设置
    标准颜色: 未设置

段落 1133:
文本内容: 最后，在制定和修订制度时，将充分考虑决策者的职责，加强政策执行的约束和监督，确保政策得到有效执行，并随着企业内外环境的变化，及时调整制度，保持其活力和适应性。
段落样式: 正文-缩进
从样式获取的格式:
  样式字体: 未设置
  样式字号: 未设置
  样式颜色: 未设置
对齐方式: 未设置
左缩进: 未设置
右缩进: 未设置
首行缩进: 未设置
行间距: 未设置
从XML读取的格式:
  运行 1: '最后，'
    字体: 未设置
    大小: 未设置
    粗体: 未设置
    斜体: 未设置
    下划线: 未设置
    标准颜色: 未设置
  运行 2: '在制定和修订制度时，将充分考虑决策者的职责，加强政策执行的约束和监督，确保政策得到有效执行，并随着企业内外环境的变化，及时调整制度，保持其活力和适应性。'
    字体: 未设置
    大小: 未设置
    粗体: 未设置
    斜体: 未设置
    下划线: 未设置
    标准颜色: 未设置

段落 1134:
文本内容: 第七章 结论与展望
段落样式: Heading 1
从样式获取的格式:
  样式字体: 未设置
  样式字号: 190500
  样式字号(pt): 15.0
  样式颜色: 未设置
对齐方式: 未设置
左缩进: 未设置
右缩进: 未设置
首行缩进: 未设置
行间距: 未设置
从XML读取的格式:
  运行 1: '第七章'
    字体: 未设置
    大小: 未设置
    粗体: 未设置
    斜体: 未设置
    下划线: 未设置
    标准颜色: 未设置
  运行 2: ' '
    字体: 未设置
    大小: 未设置
    粗体: 未设置
    斜体: 未设置
    下划线: 未设置
    标准颜色: 未设置
  运行 3: '结论与展望'
    字体: 未设置
    大小: 未设置
    粗体: 未设置
    斜体: 未设置
    下划线: 未设置
    标准颜色: 未设置
  运行 4: ''
    字体: 未设置
    大小: 未设置
    粗体: 未设置
    斜体: 未设置
    下划线: 未设置
    标准颜色: 未设置
  运行 5: ''
    字体: 未设置
    大小: 未设置
    粗体: 未设置
    斜体: 未设置
    下划线: 未设置
    标准颜色: 未设置
  运行 6: ''
    字体: 未设置
    大小: 未设置
    粗体: 未设置
    斜体: 未设置
    下划线: 未设置
    标准颜色: 未设置
  运行 7: ''
    字体: 未设置
    大小: 未设置
    粗体: 未设置
    斜体: 未设置
    下划线: 未设置
    标准颜色: 未设置
  运行 8: ''
    字体: 未设置
    大小: 未设置
    粗体: 未设置
    斜体: 未设置
    下划线: 未设置
    标准颜色: 未设置
  运行 9: ''
    字体: 未设置
    大小: 未设置
    粗体: 未设置
    斜体: 未设置
    下划线: 未设置
    标准颜色: 未设置
  运行 10: ''
    字体: 未设置
    大小: 未设置
    粗体: 未设置
    斜体: 未设置
    下划线: 未设置
    标准颜色: 未设置

段落 1135:
文本内容: 本章汇集了本文的研究结论，展望了眼科行业的广阔前景，并强调了Y公司在营销策略上持续优化的必要性，以更好地适应市场动态。同时，本章也指出了研究的局限性，表达了对未来工作持续改进和优化的期望，以期为眼科医疗器械领域的营销实践和学术研究贡献更多的价值。
段落样式: 正文-缩进
从样式获取的格式:
  样式字体: 未设置
  样式字号: 未设置
  样式颜色: 未设置
对齐方式: 未设置
左缩进: 未设置
右缩进: 未设置
首行缩进: 未设置
行间距: 未设置
从XML读取的格式:
  运行 1: '本章汇集了本文的研究结论，展望了眼科行业的广阔前景，并强调了'
    字体: 未设置
    大小: 未设置
    粗体: 未设置
    斜体: 未设置
    下划线: 未设置
    标准颜色: 未设置
  运行 2: 'Y'
    字体: 未设置
    大小: 未设置
    粗体: 未设置
    斜体: 未设置
    下划线: 未设置
    标准颜色: 未设置
  运行 3: '公司在营销策略上持续优化的必要性，以更好地适应市场动态。同时，本章也指出了研究的局限性，表达了对未来工作持续改进和优化的期望，以期为眼科医疗器械领域的营销实践和学术研究贡献更多的价值。'
    字体: 未设置
    大小: 未设置
    粗体: 未设置
    斜体: 未设置
    下划线: 未设置
    标准颜色: 未设置

段落 1136:
文本内容: 研究结论
段落样式: Heading 2
从样式获取的格式:
  样式字体: 未设置
  样式字号: 177800
  样式字号(pt): 14.0
  样式颜色: 未设置
对齐方式: 未设置
左缩进: 未设置
右缩进: 未设置
首行缩进: 未设置
行间距: 未设置
从XML读取的格式:
  运行 1: '研究结论'
    字体: 未设置
    大小: 未设置
    粗体: 未设置
    斜体: 未设置
    下划线: 未设置
    标准颜色: 未设置
  运行 2: ''
    字体: 未设置
    大小: 未设置
    粗体: 未设置
    斜体: 未设置
    下划线: 未设置
    标准颜色: 未设置
  运行 3: ''
    字体: 未设置
    大小: 未设置
    粗体: 未设置
    斜体: 未设置
    下划线: 未设置
    标准颜色: 未设置
  运行 4: ''
    字体: 未设置
    大小: 未设置
    粗体: 未设置
    斜体: 未设置
    下划线: 未设置
    标准颜色: 未设置
  运行 5: ''
    字体: 未设置
    大小: 未设置
    粗体: 未设置
    斜体: 未设置
    下划线: 未设置
    标准颜色: 未设置
  运行 6: ''
    字体: 未设置
    大小: 未设置
    粗体: 未设置
    斜体: 未设置
    下划线: 未设置
    标准颜色: 未设置
  运行 7: ''
    字体: 未设置
    大小: 未设置
    粗体: 未设置
    斜体: 未设置
    下划线: 未设置
    标准颜色: 未设置
  运行 8: ''
    字体: 未设置
    大小: 未设置
    粗体: 未设置
    斜体: 未设置
    下划线: 未设置
    标准颜色: 未设置
  运行 9: ''
    字体: 未设置
    大小: 未设置
    粗体: 未设置
    斜体: 未设置
    下划线: 未设置
    标准颜色: 未设置

段落 1137:
文本内容: 本文主要是为了研究Y公司眼科诊疗设备的营销策略，结合中国的眼科诊疗设备市场的发展趋势和行业现状进行分析，对Y公司现行的产品、价格、渠道、促销进行分析与总结，提出适合Y公司发展的7Ps市场营销策略，对Y公司的营销策略进行研究之后，得出如下结论：
段落样式: 正文-缩进
从样式获取的格式:
  样式字体: 未设置
  样式字号: 未设置
  样式颜色: 未设置
对齐方式: 未设置
左缩进: 未设置
右缩进: 未设置
首行缩进: 未设置
行间距: 未设置
从XML读取的格式:
  运行 1: '本文主要是为了研究'
    字体: 未设置
    大小: 未设置
    粗体: 未设置
    斜体: 未设置
    下划线: 未设置
    标准颜色: 未设置
  运行 2: 'Y'
    字体: 未设置
    大小: 未设置
    粗体: 未设置
    斜体: 未设置
    下划线: 未设置
    标准颜色: 未设置
  运行 3: '公司眼科诊疗设备的营销策略，结合中国的眼科诊疗设备市场的发展趋势和行业现状进行分析，对'
    字体: 未设置
    大小: 未设置
    粗体: 未设置
    斜体: 未设置
    下划线: 未设置
    标准颜色: 未设置
  运行 4: 'Y'
    字体: 未设置
    大小: 未设置
    粗体: 未设置
    斜体: 未设置
    下划线: 未设置
    标准颜色: 未设置
  运行 5: '公司现行的产品、价格、渠道、促销进行分析与总结，提出适合'
    字体: 未设置
    大小: 未设置
    粗体: 未设置
    斜体: 未设置
    下划线: 未设置
    标准颜色: 未设置
  运行 6: 'Y'
    字体: 未设置
    大小: 未设置
    粗体: 未设置
    斜体: 未设置
    下划线: 未设置
    标准颜色: 未设置
  运行 7: '公司发展的'
    字体: 未设置
    大小: 未设置
    粗体: 未设置
    斜体: 未设置
    下划线: 未设置
    标准颜色: 未设置
  运行 8: '7'
    字体: 未设置
    大小: 未设置
    粗体: 未设置
    斜体: 未设置
    下划线: 未设置
    标准颜色: 未设置
  运行 9: 'P'
    字体: 未设置
    大小: 未设置
    粗体: 未设置
    斜体: 未设置
    下划线: 未设置
    标准颜色: 未设置
  运行 10: 's'
    字体: 未设置
    大小: 未设置
    粗体: 未设置
    斜体: 未设置
    下划线: 未设置
    标准颜色: 未设置
  运行 11: '市场营销策略，对'
    字体: 未设置
    大小: 未设置
    粗体: 未设置
    斜体: 未设置
    下划线: 未设置
    标准颜色: 未设置
  运行 12: 'Y'
    字体: 未设置
    大小: 未设置
    粗体: 未设置
    斜体: 未设置
    下划线: 未设置
    标准颜色: 未设置
  运行 13: '公司的营销策略进行研究之后，得出如下结论：'
    字体: 未设置
    大小: 未设置
    粗体: 未设置
    斜体: 未设置
    下划线: 未设置
    标准颜色: 未设置

段落 1138:
文本内容: （1）随着老年化社会到来，国民的整体可支配收入不断增加，生活水平不断提高，对医疗的服务需求不断升级，尤其在眼科医疗服务行业。人们不在满足于“看得见”，更在“看得清”上不懈追求，眼科诊疗市场前景巨大。Y公司作为眼科设备的销售服务商，产品线齐全，可以有大作为。
段落样式: 正文-缩进
从样式获取的格式:
  样式字体: 未设置
  样式字号: 未设置
  样式颜色: 未设置
对齐方式: 未设置
左缩进: 未设置
右缩进: 未设置
首行缩进: 未设置
行间距: 未设置
从XML读取的格式:
  运行 1: '（'
    字体: 未设置
    大小: 未设置
    粗体: 未设置
    斜体: 未设置
    下划线: 未设置
    标准颜色: 未设置
  运行 2: '1'
    字体: 未设置
    大小: 未设置
    粗体: 未设置
    斜体: 未设置
    下划线: 未设置
    标准颜色: 未设置
  运行 3: '）'
    字体: 未设置
    大小: 未设置
    粗体: 未设置
    斜体: 未设置
    下划线: 未设置
    标准颜色: 未设置
  运行 4: '随着老年化社会到来，国民的整体可支配收入不断增加，生活水平不断提高，对医疗的服务需求不断升级，尤其在眼科医疗服务行业。人们不在满足于'
    字体: 未设置
    大小: 未设置
    粗体: 未设置
    斜体: 未设置
    下划线: 未设置
    标准颜色: 未设置
  运行 5: '“看得见”'
    字体: 未设置
    大小: 未设置
    粗体: 未设置
    斜体: 未设置
    下划线: 未设置
    标准颜色: 未设置
  运行 6: '，更在'
    字体: 未设置
    大小: 未设置
    粗体: 未设置
    斜体: 未设置
    下划线: 未设置
    标准颜色: 未设置
  运行 7: '“看得清”'
    字体: 未设置
    大小: 未设置
    粗体: 未设置
    斜体: 未设置
    下划线: 未设置
    标准颜色: 未设置
  运行 8: '上'
    字体: 未设置
    大小: 未设置
    粗体: 未设置
    斜体: 未设置
    下划线: 未设置
    标准颜色: 未设置
  运行 9: '不懈追求'
    字体: 未设置
    大小: 未设置
    粗体: 未设置
    斜体: 未设置
    下划线: 未设置
    标准颜色: 未设置
  运行 10: '，眼科诊疗市场前景巨大。'
    字体: 未设置
    大小: 未设置
    粗体: 未设置
    斜体: 未设置
    下划线: 未设置
    标准颜色: 未设置
  运行 11: 'Y'
    字体: 未设置
    大小: 未设置
    粗体: 未设置
    斜体: 未设置
    下划线: 未设置
    标准颜色: 未设置
  运行 12: '公司作为眼科设备的销售服务商，产品线齐全，可以有大作为。'
    字体: 未设置
    大小: 未设置
    粗体: 未设置
    斜体: 未设置
    下划线: 未设置
    标准颜色: 未设置

段落 1139:
文本内容: （2）Y公司需要在医疗机构上进一步细分和定位，选择三级公立医院、民营三级专科医院作为重点客户，采用直销模式。对于二级及以下的客户，则有代理商分销和提供服务。通过设备租赁、医院项目打包等方式进行销售。通过直销和分销的模式，做到对辖区客户全方位无死角覆盖，不断推动公司业绩增长。
段落样式: 正文-缩进
从样式获取的格式:
  样式字体: 未设置
  样式字号: 未设置
  样式颜色: 未设置
对齐方式: 未设置
左缩进: 未设置
右缩进: 未设置
首行缩进: 未设置
行间距: 未设置
从XML读取的格式:
  运行 1: '（'
    字体: 未设置
    大小: 未设置
    粗体: 未设置
    斜体: 未设置
    下划线: 未设置
    标准颜色: 未设置
  运行 2: '2'
    字体: 未设置
    大小: 未设置
    粗体: 未设置
    斜体: 未设置
    下划线: 未设置
    标准颜色: 未设置
  运行 3: '）'
    字体: 未设置
    大小: 未设置
    粗体: 未设置
    斜体: 未设置
    下划线: 未设置
    标准颜色: 未设置
  运行 4: 'Y'
    字体: 未设置
    大小: 未设置
    粗体: 未设置
    斜体: 未设置
    下划线: 未设置
    标准颜色: 未设置
  运行 5: '公司需要在医疗机构上进一步细分和定位，选择三级'
    字体: 未设置
    大小: 未设置
    粗体: 未设置
    斜体: 未设置
    下划线: 未设置
    标准颜色: 未设置
  运行 6: '公立'
    字体: 未设置
    大小: 未设置
    粗体: 未设置
    斜体: 未设置
    下划线: 未设置
    标准颜色: 未设置
  运行 7: '医院'
    字体: 未设置
    大小: 未设置
    粗体: 未设置
    斜体: 未设置
    下划线: 未设置
    标准颜色: 未设置
  运行 8: '、民营三级专科医院作为重点客户，采用直销模式。对于二级及以下的客户，则有代理商分销和提供服务。通过设备租赁、医院项目打包等方式进行销售。'
    字体: 未设置
    大小: 未设置
    粗体: 未设置
    斜体: 未设置
    下划线: 未设置
    标准颜色: 未设置
  运行 9: '通过直销和分销的模式，做到对辖区客户全方位无死角覆盖，不断推动公司业绩增长。'
    字体: 未设置
    大小: 未设置
    粗体: 未设置
    斜体: 未设置
    下划线: 未设置
    标准颜色: 未设置

段落 1140:
文本内容: （3）笔者针对Y公司现状问题，结合7Ps营销策略理论，在公司传统的4Ps营销策略上，增加人员、有形展示和过程管理等三个因素，提出相应的解决方案。在产品策略方面，对产品进行分类，加强品牌建设，加快产品国产化，完善售后服务体系；在价格策略方面，采取不同配置和保修年限定价、不同渠道定价、产品不同发展阶段定价；在渠道策略方面，建立渠道网络、明确渠道责权、提升渠道销售能力；在促销政策方面，采取产品特价促销、学术市场会议促销、专业培训班推广等；在人员策略方面，提升员工综合职业能力、维护客户关系、匹配客户需求等；在有形展示策略方面，参加专业展会于展览、制做专业资料和宣传册、医院实地试用展示等；在过程管理方面，加强售前、售中、售后的流程管理，以及团队协作与信息共享。同时结合4Cs理论，从客户的需求角度对Y公司的市场营销策略加以补充和优化。
段落样式: 正文-缩进
从样式获取的格式:
  样式字体: 未设置
  样式字号: 未设置
  样式颜色: 未设置
对齐方式: 未设置
左缩进: 未设置
右缩进: 未设置
首行缩进: 未设置
行间距: 未设置
从XML读取的格式:
  运行 1: '（'
    字体: 未设置
    大小: 未设置
    粗体: 未设置
    斜体: 未设置
    下划线: 未设置
    标准颜色: 未设置
  运行 2: '3'
    字体: 未设置
    大小: 未设置
    粗体: 未设置
    斜体: 未设置
    下划线: 未设置
    标准颜色: 未设置
  运行 3: '）'
    字体: 未设置
    大小: 未设置
    粗体: 未设置
    斜体: 未设置
    下划线: 未设置
    标准颜色: 未设置
  运行 4: '笔者'
    字体: 未设置
    大小: 未设置
    粗体: 未设置
    斜体: 未设置
    下划线: 未设置
    标准颜色: 未设置
  运行 5: '针对'
    字体: 未设置
    大小: 未设置
    粗体: 未设置
    斜体: 未设置
    下划线: 未设置
    标准颜色: 未设置
  运行 6: 'Y'
    字体: 未设置
    大小: 未设置
    粗体: 未设置
    斜体: 未设置
    下划线: 未设置
    标准颜色: 未设置
  运行 7: '公司现状问题，结合'
    字体: 未设置
    大小: 未设置
    粗体: 未设置
    斜体: 未设置
    下划线: 未设置
    标准颜色: 未设置
  运行 8: '7'
    字体: 未设置
    大小: 未设置
    粗体: 未设置
    斜体: 未设置
    下划线: 未设置
    标准颜色: 未设置
  运行 9: 'P'
    字体: 未设置
    大小: 未设置
    粗体: 未设置
    斜体: 未设置
    下划线: 未设置
    标准颜色: 未设置
  运行 10: 's'
    字体: 未设置
    大小: 未设置
    粗体: 未设置
    斜体: 未设置
    下划线: 未设置
    标准颜色: 未设置
  运行 11: '营销策略理论'
    字体: 未设置
    大小: 未设置
    粗体: 未设置
    斜体: 未设置
    下划线: 未设置
    标准颜色: 未设置
  运行 12: '，在公司传统的'
    字体: 未设置
    大小: 未设置
    粗体: 未设置
    斜体: 未设置
    下划线: 未设置
    标准颜色: 未设置
  运行 13: '4'
    字体: 未设置
    大小: 未设置
    粗体: 未设置
    斜体: 未设置
    下划线: 未设置
    标准颜色: 未设置
  运行 14: 'P'
    字体: 未设置
    大小: 未设置
    粗体: 未设置
    斜体: 未设置
    下划线: 未设置
    标准颜色: 未设置
  运行 15: 's'
    字体: 未设置
    大小: 未设置
    粗体: 未设置
    斜体: 未设置
    下划线: 未设置
    标准颜色: 未设置
  运行 16: '营销策略上，增加'
    字体: 未设置
    大小: 未设置
    粗体: 未设置
    斜体: 未设置
    下划线: 未设置
    标准颜色: 未设置
  运行 17: '人员、有'
    字体: 未设置
    大小: 未设置
    粗体: 未设置
    斜体: 未设置
    下划线: 未设置
    标准颜色: 未设置
  运行 18: '形'
    字体: 未设置
    大小: 未设置
    粗体: 未设置
    斜体: 未设置
    下划线: 未设置
    标准颜色: 未设置
  运行 19: '展示和过程管理等'
    字体: 未设置
    大小: 未设置
    粗体: 未设置
    斜体: 未设置
    下划线: 未设置
    标准颜色: 未设置
  运行 20: '三'
    字体: 未设置
    大小: 未设置
    粗体: 未设置
    斜体: 未设置
    下划线: 未设置
    标准颜色: 未设置
  运行 21: '个'
    字体: 未设置
    大小: 未设置
    粗体: 未设置
    斜体: 未设置
    下划线: 未设置
    标准颜色: 未设置
  运行 22: '因素'
    字体: 未设置
    大小: 未设置
    粗体: 未设置
    斜体: 未设置
    下划线: 未设置
    标准颜色: 未设置
  运行 23: '，提出相应的解决方案。在产品策略方面，对产品进行分类，加强品牌建设，加快产品国产化，完善售后服务体系；在价格策略方面，'
    字体: 未设置
    大小: 未设置
    粗体: 未设置
    斜体: 未设置
    下划线: 未设置
    标准颜色: 未设置
  运行 24: '采取不同'
    字体: 未设置
    大小: 未设置
    粗体: 未设置
    斜体: 未设置
    下划线: 未设置
    标准颜色: 未设置
  运行 25: '配置'
    字体: 未设置
    大小: 未设置
    粗体: 未设置
    斜体: 未设置
    下划线: 未设置
    标准颜色: 未设置
  运行 26: '和'
    字体: 未设置
    大小: 未设置
    粗体: 未设置
    斜体: 未设置
    下划线: 未设置
    标准颜色: 未设置
  运行 27: '保修年限定价'
    字体: 未设置
    大小: 未设置
    粗体: 未设置
    斜体: 未设置
    下划线: 未设置
    标准颜色: 未设置
  运行 28: '、不同渠道定价、产品不同发展阶段定价；在渠道策略方面，建立渠道网络、明确渠道责权、提升渠道销售能力；在促销政策方面，采取产品特价促销、学术市场会议促销、专业培训班推广等；在人员策略方面，提升员工综合职业能力、维护客户关系、匹配客户需求等；在有形展示策略方面，参加专业展会于展览、制做专业资料和宣传册、医院实地试用展'
    字体: 未设置
    大小: 未设置
    粗体: 未设置
    斜体: 未设置
    下划线: 未设置
    标准颜色: 未设置
  运行 29: '示等；在过程管理方面，加强售前、售中、售后的流程管理，以及团队协作与信息共享。同时'
    字体: 未设置
    大小: 未设置
    粗体: 未设置
    斜体: 未设置
    下划线: 未设置
    标准颜色: 未设置
  运行 30: '结合'
    字体: 未设置
    大小: 未设置
    粗体: 未设置
    斜体: 未设置
    下划线: 未设置
    标准颜色: 未设置
  运行 31: '4Cs'
    字体: 未设置
    大小: 未设置
    粗体: 未设置
    斜体: 未设置
    下划线: 未设置
    标准颜色: 未设置
  运行 32: '理论，'
    字体: 未设置
    大小: 未设置
    粗体: 未设置
    斜体: 未设置
    下划线: 未设置
    标准颜色: 未设置
  运行 33: '从客户的'
    字体: 未设置
    大小: 未设置
    粗体: 未设置
    斜体: 未设置
    下划线: 未设置
    标准颜色: 未设置
  运行 34: '需求'
    字体: 未设置
    大小: 未设置
    粗体: 未设置
    斜体: 未设置
    下划线: 未设置
    标准颜色: 未设置
  运行 35: '角度对'
    字体: 未设置
    大小: 未设置
    粗体: 未设置
    斜体: 未设置
    下划线: 未设置
    标准颜色: 未设置
  运行 36: 'Y'
    字体: 未设置
    大小: 未设置
    粗体: 未设置
    斜体: 未设置
    下划线: 未设置
    标准颜色: 未设置
  运行 37: '公司的市场营销策略加以'
    字体: 未设置
    大小: 未设置
    粗体: 未设置
    斜体: 未设置
    下划线: 未设置
    标准颜色: 未设置
  运行 38: '补充和'
    字体: 未设置
    大小: 未设置
    粗体: 未设置
    斜体: 未设置
    下划线: 未设置
    标准颜色: 未设置
  运行 39: '优化。'
    字体: 未设置
    大小: 未设置
    粗体: 未设置
    斜体: 未设置
    下划线: 未设置
    标准颜色: 未设置

段落 1141:
文本内容: （4）保障营销策略优化方案落地实施。Y公司需要提高全员的营销意识，公司要以销售为主导，优化组织结构，重视市场部和销售部队伍的建设，并组织机构层面、人力资源层面、信息技术层面、财务管理层面以及管理制度层面等多方面来保障新的市场营销策略的实施。
段落样式: 正文-缩进
从样式获取的格式:
  样式字体: 未设置
  样式字号: 未设置
  样式颜色: 未设置
对齐方式: 未设置
左缩进: 未设置
右缩进: 未设置
首行缩进: 未设置
行间距: 未设置
从XML读取的格式:
  运行 1: '（'
    字体: 未设置
    大小: 未设置
    粗体: 未设置
    斜体: 未设置
    下划线: 未设置
    标准颜色: 未设置
  运行 2: '4'
    字体: 未设置
    大小: 未设置
    粗体: 未设置
    斜体: 未设置
    下划线: 未设置
    标准颜色: 未设置
  运行 3: '）'
    字体: 未设置
    大小: 未设置
    粗体: 未设置
    斜体: 未设置
    下划线: 未设置
    标准颜色: 未设置
  运行 4: '保障营销策略'
    字体: 未设置
    大小: 未设置
    粗体: 未设置
    斜体: 未设置
    下划线: 未设置
    标准颜色: 未设置
  运行 5: '优化方案落地实施'
    字体: 未设置
    大小: 未设置
    粗体: 未设置
    斜体: 未设置
    下划线: 未设置
    标准颜色: 未设置
  运行 6: '。'
    字体: 未设置
    大小: 未设置
    粗体: 未设置
    斜体: 未设置
    下划线: 未设置
    标准颜色: 未设置
  运行 7: 'Y'
    字体: 未设置
    大小: 未设置
    粗体: 未设置
    斜体: 未设置
    下划线: 未设置
    标准颜色: 未设置
  运行 8: '公司需要提高全员的营销意识，公司要以销售为主导，优化组织结构，重视市场部和销售部队伍的建设，并'
    字体: 未设置
    大小: 未设置
    粗体: 未设置
    斜体: 未设置
    下划线: 未设置
    标准颜色: 未设置
  运行 9: '组织机构层面、人力资源层面、信息技术层面、财务管理层面以及管理制度层面'
    字体: 未设置
    大小: 未设置
    粗体: 未设置
    斜体: 未设置
    下划线: 未设置
    标准颜色: 未设置
  运行 10: '等多方面来保障新的市场营销策略的实施。'
    字体: 未设置
    大小: 未设置
    粗体: 未设置
    斜体: 未设置
    下划线: 未设置
    标准颜色: 未设置

段落 1142:
文本内容: 研究不足与展望
段落样式: Heading 2
从样式获取的格式:
  样式字体: 未设置
  样式字号: 177800
  样式字号(pt): 14.0
  样式颜色: 未设置
对齐方式: 未设置
左缩进: 未设置
右缩进: 未设置
首行缩进: 未设置
行间距: 未设置
从XML读取的格式:
  运行 1: '研究不足与展望'
    字体: 未设置
    大小: 未设置
    粗体: 未设置
    斜体: 未设置
    下划线: 未设置
    标准颜色: 未设置
  运行 2: ''
    字体: 未设置
    大小: 未设置
    粗体: 未设置
    斜体: 未设置
    下划线: 未设置
    标准颜色: 未设置
  运行 3: ''
    字体: 未设置
    大小: 未设置
    粗体: 未设置
    斜体: 未设置
    下划线: 未设置
    标准颜色: 未设置
  运行 4: ''
    字体: 未设置
    大小: 未设置
    粗体: 未设置
    斜体: 未设置
    下划线: 未设置
    标准颜色: 未设置
  运行 5: ''
    字体: 未设置
    大小: 未设置
    粗体: 未设置
    斜体: 未设置
    下划线: 未设置
    标准颜色: 未设置
  运行 6: ''
    字体: 未设置
    大小: 未设置
    粗体: 未设置
    斜体: 未设置
    下划线: 未设置
    标准颜色: 未设置
  运行 7: ''
    字体: 未设置
    大小: 未设置
    粗体: 未设置
    斜体: 未设置
    下划线: 未设置
    标准颜色: 未设置
  运行 8: ''
    字体: 未设置
    大小: 未设置
    粗体: 未设置
    斜体: 未设置
    下划线: 未设置
    标准颜色: 未设置

段落 1143:
文本内容: 本文对Y医疗器械公司的营销策略现状进行深入分析，发现并找到公司在营销过程中遇到的痛点问题，结合公司在眼科医疗领域的运营管理，通过运用STP和7Ps、4Cs等理论，提出营销策略优化方案。虽然本文研究的眼科医疗器械销售是一个传统的销售行业，但学者们对这一眼科医疗器械细分市场的营销策略研究较少。鉴于笔者的知识有限，对STP、7Ps、4Cs等理论的理解和认知仍然不足，还有很多方面需要继续学习和加深理解。
段落样式: 正文-缩进
从样式获取的格式:
  样式字体: 未设置
  样式字号: 未设置
  样式颜色: 未设置
对齐方式: 未设置
左缩进: 未设置
右缩进: 未设置
首行缩进: 未设置
行间距: 未设置
从XML读取的格式:
  运行 1: '本文对'
    字体: 未设置
    大小: 未设置
    粗体: 未设置
    斜体: 未设置
    下划线: 未设置
    标准颜色: 未设置
  运行 2: 'Y'
    字体: 未设置
    大小: 未设置
    粗体: 未设置
    斜体: 未设置
    下划线: 未设置
    标准颜色: 未设置
  运行 3: '医疗器械'
    字体: 未设置
    大小: 未设置
    粗体: 未设置
    斜体: 未设置
    下划线: 未设置
    标准颜色: 未设置
  运行 4: '公司'
    字体: 未设置
    大小: 未设置
    粗体: 未设置
    斜体: 未设置
    下划线: 未设置
    标准颜色: 未设置
  运行 5: '的营销策略现状进行深入分析，发现'
    字体: 未设置
    大小: 未设置
    粗体: 未设置
    斜体: 未设置
    下划线: 未设置
    标准颜色: 未设置
  运行 6: '并找到'
    字体: 未设置
    大小: 未设置
    粗体: 未设置
    斜体: 未设置
    下划线: 未设置
    标准颜色: 未设置
  运行 7: '公司在营销过程中遇到的痛点问题，结合公司在眼科医疗领域的运营管理，通过'
    字体: 未设置
    大小: 未设置
    粗体: 未设置
    斜体: 未设置
    下划线: 未设置
    标准颜色: 未设置
  运行 8: '运用'
    字体: 未设置
    大小: 未设置
    粗体: 未设置
    斜体: 未设置
    下划线: 未设置
    标准颜色: 未设置
  运行 9: 'STP'
    字体: 未设置
    大小: 未设置
    粗体: 未设置
    斜体: 未设置
    下划线: 未设置
    标准颜色: 未设置
  运行 10: '和'
    字体: 未设置
    大小: 未设置
    粗体: 未设置
    斜体: 未设置
    下划线: 未设置
    标准颜色: 未设置
  运行 11: '7Ps'
    字体: 未设置
    大小: 未设置
    粗体: 未设置
    斜体: 未设置
    下划线: 未设置
    标准颜色: 未设置
  运行 12: '、'
    字体: 未设置
    大小: 未设置
    粗体: 未设置
    斜体: 未设置
    下划线: 未设置
    标准颜色: 未设置
  运行 13: '4Cs'
    字体: 未设置
    大小: 未设置
    粗体: 未设置
    斜体: 未设置
    下划线: 未设置
    标准颜色: 未设置
  运行 14: '等理论，提出营销策略优化方案。虽然本文研究的眼科医疗器械销售是一个传统的销售行业，但学者们对这一眼科医疗器械细分市场的营销策略研究较少。鉴于笔者的知识有限，对'
    字体: 未设置
    大小: 未设置
    粗体: 未设置
    斜体: 未设置
    下划线: 未设置
    标准颜色: 未设置
  运行 15: 'STP'
    字体: 未设置
    大小: 未设置
    粗体: 未设置
    斜体: 未设置
    下划线: 未设置
    标准颜色: 未设置
  运行 16: '、'
    字体: 未设置
    大小: 未设置
    粗体: 未设置
    斜体: 未设置
    下划线: 未设置
    标准颜色: 未设置
  运行 17: '7Ps'
    字体: 未设置
    大小: 未设置
    粗体: 未设置
    斜体: 未设置
    下划线: 未设置
    标准颜色: 未设置
  运行 18: '、'
    字体: 未设置
    大小: 未设置
    粗体: 未设置
    斜体: 未设置
    下划线: 未设置
    标准颜色: 未设置
  运行 19: '4Cs'
    字体: 未设置
    大小: 未设置
    粗体: 未设置
    斜体: 未设置
    下划线: 未设置
    标准颜色: 未设置
  运行 20: '等理论的理解和认知仍然不足，还有很多方面需要继续学习和加深理解。'
    字体: 未设置
    大小: 未设置
    粗体: 未设置
    斜体: 未设置
    下划线: 未设置
    标准颜色: 未设置

段落 1144:
文本内容: 本研究主要聚焦于Y医疗器械公司的营销策略优化，并未涵盖医疗行业的所有细分市场。由于不同医疗器械细分市场受到政治、经济、社会和技术等宏观环境因素的影响各异，加之不同企业内部的文化、组织结构、管理体制及管理层的经营理念存在差异，因此本研究的结论可能不完全适用于其他医疗器械公司或不同医疗器械细分市场的营销实践。
段落样式: 正文-缩进
从样式获取的格式:
  样式字体: 未设置
  样式字号: 未设置
  样式颜色: 未设置
对齐方式: 未设置
左缩进: 未设置
右缩进: 未设置
首行缩进: 未设置
行间距: 未设置
从XML读取的格式:
  运行 1: '本研究主要聚焦于'
    字体: 未设置
    大小: 未设置
    粗体: 未设置
    斜体: 未设置
    下划线: 未设置
    标准颜色: 未设置
  运行 2: 'Y'
    字体: 未设置
    大小: 未设置
    粗体: 未设置
    斜体: 未设置
    下划线: 未设置
    标准颜色: 未设置
  运行 3: '医疗器械公司的营销策略优化，并未涵盖医疗行业的所有细分市场。由于不同'
    字体: 未设置
    大小: 未设置
    粗体: 未设置
    斜体: 未设置
    下划线: 未设置
    标准颜色: 未设置
  运行 4: '医疗器械'
    字体: 未设置
    大小: 未设置
    粗体: 未设置
    斜体: 未设置
    下划线: 未设置
    标准颜色: 未设置
  运行 5: '细分'
    字体: 未设置
    大小: 未设置
    粗体: 未设置
    斜体: 未设置
    下划线: 未设置
    标准颜色: 未设置
  运行 6: '市场'
    字体: 未设置
    大小: 未设置
    粗体: 未设置
    斜体: 未设置
    下划线: 未设置
    标准颜色: 未设置
  运行 7: '受到政治、经济、社会和技术等宏观环境因素的影响各异，加之'
    字体: 未设置
    大小: 未设置
    粗体: 未设置
    斜体: 未设置
    下划线: 未设置
    标准颜色: 未设置
  运行 8: '不同'
    字体: 未设置
    大小: 未设置
    粗体: 未设置
    斜体: 未设置
    下划线: 未设置
    标准颜色: 未设置
  运行 9: '企业内部的文化、组织结构、管理体制及管理层的经营'
    字体: 未设置
    大小: 未设置
    粗体: 未设置
    斜体: 未设置
    下划线: 未设置
    标准颜色: 未设置
  运行 10: '理念'
    字体: 未设置
    大小: 未设置
    粗体: 未设置
    斜体: 未设置
    下划线: 未设置
    标准颜色: 未设置
  运行 11: '存在差异，因此本研究的结论可能不完全适用于其他'
    字体: 未设置
    大小: 未设置
    粗体: 未设置
    斜体: 未设置
    下划线: 未设置
    标准颜色: 未设置
  运行 12: '医疗器械'
    字体: 未设置
    大小: 未设置
    粗体: 未设置
    斜体: 未设置
    下划线: 未设置
    标准颜色: 未设置
  运行 13: '公司或不同'
    字体: 未设置
    大小: 未设置
    粗体: 未设置
    斜体: 未设置
    下划线: 未设置
    标准颜色: 未设置
  运行 14: '医疗器械'
    字体: 未设置
    大小: 未设置
    粗体: 未设置
    斜体: 未设置
    下划线: 未设置
    标准颜色: 未设置
  运行 15: '细分'
    字体: 未设置
    大小: 未设置
    粗体: 未设置
    斜体: 未设置
    下划线: 未设置
    标准颜色: 未设置
  运行 16: '市场'
    字体: 未设置
    大小: 未设置
    粗体: 未设置
    斜体: 未设置
    下划线: 未设置
    标准颜色: 未设置
  运行 17: '的营销实践。'
    字体: 未设置
    大小: 未设置
    粗体: 未设置
    斜体: 未设置
    下划线: 未设置
    标准颜色: 未设置

段落 1145:
文本内容: 笔者将在今后工作中，根据本文营销策略优化方案的实施效果，结合国际国内政策和眼科行业的发展趋势，以及Y医疗器械公司在经营过程中遇到的新问题和新挑战，及时调整营销策略优化方案，以适应公司的可持续发展。希望通过对Y公司营销策略的不断的调整优化，探索出一套适合的营销方案，保证公司的可持续发展。
段落样式: 正文-缩进
从样式获取的格式:
  样式字体: 未设置
  样式字号: 未设置
  样式颜色: 未设置
对齐方式: 未设置
左缩进: 未设置
右缩进: 未设置
首行缩进: 未设置
行间距: 未设置
从XML读取的格式:
  运行 1: '笔者将在今后工作中，根据本文营销策略优化方案的实施效果，结合国际国内政策和眼科行业的发展趋势，以及'
    字体: 未设置
    大小: 未设置
    粗体: 未设置
    斜体: 未设置
    下划线: 未设置
    标准颜色: 未设置
  运行 2: 'Y'
    字体: 未设置
    大小: 未设置
    粗体: 未设置
    斜体: 未设置
    下划线: 未设置
    标准颜色: 未设置
  运行 3: '医疗器械公司在经营过程中遇到的新问题和新挑战，及时调整营销策略优化方案，以适应公司的可持续发展。'
    字体: 未设置
    大小: 未设置
    粗体: 未设置
    斜体: 未设置
    下划线: 未设置
    标准颜色: 未设置
  运行 4: '希望通过对'
    字体: 未设置
    大小: 未设置
    粗体: 未设置
    斜体: 未设置
    下划线: 未设置
    标准颜色: 未设置
  运行 5: 'Y'
    字体: 未设置
    大小: 未设置
    粗体: 未设置
    斜体: 未设置
    下划线: 未设置
    标准颜色: 未设置
  运行 6: '公司营销策略的不断的调整优化，探索出一套适合的营销方案，保证公司的可持续发展。'
    字体: 未设置
    大小: 未设置
    粗体: 未设置
    斜体: 未设置
    下划线: 未设置
    标准颜色: 未设置

段落 1146:
文本内容: 附　录
段落样式: Heading 1
从样式获取的格式:
  样式字体: 未设置
  样式字号: 190500
  样式字号(pt): 15.0
  样式颜色: 未设置
对齐方式: 未设置
左缩进: 未设置
右缩进: 未设置
首行缩进: 未设置
行间距: 未设置
从XML读取的格式:
  运行 1: '附　录'
    字体: 未设置
    大小: 未设置
    粗体: 未设置
    斜体: 未设置
    下划线: 未设置
    标准颜色: 未设置
  运行 2: ''
    字体: 未设置
    大小: 未设置
    粗体: 未设置
    斜体: 未设置
    下划线: 未设置
    标准颜色: 未设置
  运行 3: ''
    字体: 未设置
    大小: 未设置
    粗体: 未设置
    斜体: 未设置
    下划线: 未设置
    标准颜色: 未设置
  运行 4: ''
    字体: 未设置
    大小: 未设置
    粗体: 未设置
    斜体: 未设置
    下划线: 未设置
    标准颜色: 未设置
  运行 5: ''
    字体: 未设置
    大小: 未设置
    粗体: 未设置
    斜体: 未设置
    下划线: 未设置
    标准颜色: 未设置
  运行 6: ''
    字体: 未设置
    大小: 未设置
    粗体: 未设置
    斜体: 未设置
    下划线: 未设置
    标准颜色: 未设置

段落 1147:
文本内容: 附录 1　访谈
段落样式: Caption
从样式获取的格式:
  样式字体: 未设置
  样式字号: 未设置
  样式颜色: 未设置
对齐方式: 未设置
左缩进: 未设置
右缩进: 未设置
首行缩进: 未设置
行间距: 未设置
从XML读取的格式:
  运行 1: '附录'
    字体: 未设置
    大小: 未设置
    粗体: 未设置
    斜体: 未设置
    下划线: 未设置
    标准颜色: 未设置
  运行 2: ' '
    字体: 未设置
    大小: 未设置
    粗体: 未设置
    斜体: 未设置
    下划线: 未设置
    标准颜色: 未设置
  运行 3: ''
    字体: 未设置
    大小: 未设置
    粗体: 未设置
    斜体: 未设置
    下划线: 未设置
    标准颜色: 未设置
  运行 4: ''
    字体: 未设置
    大小: 未设置
    粗体: 未设置
    斜体: 未设置
    下划线: 未设置
    标准颜色: 未设置
  运行 5: ''
    字体: 未设置
    大小: 未设置
    粗体: 未设置
    斜体: 未设置
    下划线: 未设置
    标准颜色: 未设置
  运行 6: ''
    字体: 未设置
    大小: 未设置
    粗体: 未设置
    斜体: 未设置
    下划线: 未设置
    标准颜色: 未设置
  运行 7: ''
    字体: 未设置
    大小: 未设置
    粗体: 未设置
    斜体: 未设置
    下划线: 未设置
    标准颜色: 未设置
  运行 8: ''
    字体: 未设置
    大小: 未设置
    粗体: 未设置
    斜体: 未设置
    下划线: 未设置
    标准颜色: 未设置
  运行 9: ''
    字体: 未设置
    大小: 未设置
    粗体: 未设置
    斜体: 未设置
    下划线: 未设置
    标准颜色: 未设置
  运行 10: '1'
    字体: 未设置
    大小: 未设置
    粗体: 未设置
    斜体: 未设置
    下划线: 未设置
    标准颜色: 未设置
  运行 11: ''
    字体: 未设置
    大小: 未设置
    粗体: 未设置
    斜体: 未设置
    下划线: 未设置
    标准颜色: 未设置
  运行 12: '　'
    字体: 宋体
    大小: 未设置
    粗体: 未设置
    斜体: 未设置
    下划线: 未设置
    标准颜色: 未设置
  运行 13: '访谈'
    字体: 宋体
    大小: 未设置
    粗体: 未设置
    斜体: 未设置
    下划线: 未设置
    标准颜色: 未设置

段落 1148:
文本内容: Y医疗器械公司员工访谈提纲
段落样式: 附录正文-缩进
从样式获取的格式:
  样式字体: 未设置
  样式字号: 未设置
  样式颜色: 未设置
对齐方式: CENTER (1)
左缩进: 未设置
右缩进: 未设置
首行缩进: 266700
行间距: 未设置
从XML读取的格式:
  运行 1: 'Y'
    字体: 未设置
    大小: 未设置
    粗体: 未设置
    斜体: 未设置
    下划线: 未设置
    标准颜色: 未设置
  运行 2: '医疗'
    字体: 未设置
    大小: 未设置
    粗体: 未设置
    斜体: 未设置
    下划线: 未设置
    标准颜色: 未设置
  运行 3: '器械公司员工访谈提纲'
    字体: 未设置
    大小: 未设置
    粗体: 未设置
    斜体: 未设置
    下划线: 未设置
    标准颜色: 未设置

段落 1149:
文本内容: 访谈对象：Y公司市场部、销售部等19名员工
段落样式: 附录正文-缩进
从样式获取的格式:
  样式字体: 未设置
  样式字号: 未设置
  样式颜色: 未设置
对齐方式: 未设置
左缩进: 未设置
右缩进: 未设置
首行缩进: 266700
行间距: 未设置
从XML读取的格式:
  运行 1: '访谈对象：'
    字体: 未设置
    大小: 未设置
    粗体: 未设置
    斜体: 未设置
    下划线: 未设置
    标准颜色: 未设置
  运行 2: 'Y'
    字体: 未设置
    大小: 未设置
    粗体: 未设置
    斜体: 未设置
    下划线: 未设置
    标准颜色: 未设置
  运行 3: '公司市场部、销售部等'
    字体: 未设置
    大小: 未设置
    粗体: 未设置
    斜体: 未设置
    下划线: 未设置
    标准颜色: 未设置
  运行 4: '1'
    字体: 未设置
    大小: 未设置
    粗体: 未设置
    斜体: 未设置
    下划线: 未设置
    标准颜色: 未设置
  运行 5: '9'
    字体: 未设置
    大小: 未设置
    粗体: 未设置
    斜体: 未设置
    下划线: 未设置
    标准颜色: 未设置
  运行 6: '名员工'
    字体: 未设置
    大小: 未设置
    粗体: 未设置
    斜体: 未设置
    下划线: 未设置
    标准颜色: 未设置

段落 1150:
文本内容: 访谈目的：了解Y公司的市场部和销售部人员结构，销售渠道和产品存在的问题，以及品牌形象和营销策略等方面的基本情况。请市场部和一线销售评估分析Y公司现行营销策略存在的问题，为后续的营销策略优化提供思路和方向。
段落样式: 附录正文-缩进
从样式获取的格式:
  样式字体: 未设置
  样式字号: 未设置
  样式颜色: 未设置
对齐方式: 未设置
左缩进: 未设置
右缩进: 未设置
首行缩进: 266700
行间距: 未设置
从XML读取的格式:
  运行 1: '访谈目的：了解'
    字体: 未设置
    大小: 未设置
    粗体: 未设置
    斜体: 未设置
    下划线: 未设置
    标准颜色: 未设置
  运行 2: 'Y'
    字体: 未设置
    大小: 未设置
    粗体: 未设置
    斜体: 未设置
    下划线: 未设置
    标准颜色: 未设置
  运行 3: '公司的市场部'
    字体: 未设置
    大小: 未设置
    粗体: 未设置
    斜体: 未设置
    下划线: 未设置
    标准颜色: 未设置
  运行 4: '和'
    字体: 未设置
    大小: 未设置
    粗体: 未设置
    斜体: 未设置
    下划线: 未设置
    标准颜色: 未设置
  运行 5: '销售'
    字体: 未设置
    大小: 未设置
    粗体: 未设置
    斜体: 未设置
    下划线: 未设置
    标准颜色: 未设置
  运行 6: '部'
    字体: 未设置
    大小: 未设置
    粗体: 未设置
    斜体: 未设置
    下划线: 未设置
    标准颜色: 未设置
  运行 7: '人员结构'
    字体: 未设置
    大小: 未设置
    粗体: 未设置
    斜体: 未设置
    下划线: 未设置
    标准颜色: 未设置
  运行 8: '，'
    字体: 未设置
    大小: 未设置
    粗体: 未设置
    斜体: 未设置
    下划线: 未设置
    标准颜色: 未设置
  运行 9: '销售渠道'
    字体: 未设置
    大小: 未设置
    粗体: 未设置
    斜体: 未设置
    下划线: 未设置
    标准颜色: 未设置
  运行 10: '和'
    字体: 未设置
    大小: 未设置
    粗体: 未设置
    斜体: 未设置
    下划线: 未设置
    标准颜色: 未设置
  运行 11: '产品存在的问题'
    字体: 未设置
    大小: 未设置
    粗体: 未设置
    斜体: 未设置
    下划线: 未设置
    标准颜色: 未设置
  运行 12: '，以及'
    字体: 未设置
    大小: 未设置
    粗体: 未设置
    斜体: 未设置
    下划线: 未设置
    标准颜色: 未设置
  运行 13: '品牌形象'
    字体: 未设置
    大小: 未设置
    粗体: 未设置
    斜体: 未设置
    下划线: 未设置
    标准颜色: 未设置
  运行 14: '和'
    字体: 未设置
    大小: 未设置
    粗体: 未设置
    斜体: 未设置
    下划线: 未设置
    标准颜色: 未设置
  运行 15: '营销策略等方面的基本情况。请市场部'
    字体: 未设置
    大小: 未设置
    粗体: 未设置
    斜体: 未设置
    下划线: 未设置
    标准颜色: 未设置
  运行 16: '和'
    字体: 未设置
    大小: 未设置
    粗体: 未设置
    斜体: 未设置
    下划线: 未设置
    标准颜色: 未设置
  运行 17: '一线销售评估'
    字体: 未设置
    大小: 未设置
    粗体: 未设置
    斜体: 未设置
    下划线: 未设置
    标准颜色: 未设置
  运行 18: '分析'
    字体: 未设置
    大小: 未设置
    粗体: 未设置
    斜体: 未设置
    下划线: 未设置
    标准颜色: 未设置
  运行 19: 'Y'
    字体: 未设置
    大小: 未设置
    粗体: 未设置
    斜体: 未设置
    下划线: 未设置
    标准颜色: 未设置
  运行 20: '公司现行营销策略存在的问题，为后续的营销策略优化提供思路和方向。'
    字体: 未设置
    大小: 未设置
    粗体: 未设置
    斜体: 未设置
    下划线: 未设置
    标准颜色: 未设置

段落 1151:
文本内容: 访谈设计如下：
段落样式: 附录正文-缩进
从样式获取的格式:
  样式字体: 未设置
  样式字号: 未设置
  样式颜色: 未设置
对齐方式: 未设置
左缩进: 未设置
右缩进: 未设置
首行缩进: 266700
行间距: 未设置
从XML读取的格式:
  运行 1: '访谈设计如下：'
    字体: 未设置
    大小: 未设置
    粗体: 未设置
    斜体: 未设置
    下划线: 未设置
    标准颜色: 未设置

段落 1152:
文本内容: 您好！感谢您在百忙之中抽出时间参与本次访谈！本次访谈的信息仅用于报告分析，请根据实际情况如实回答。
段落样式: 附录正文-缩进
从样式获取的格式:
  样式字体: 未设置
  样式字号: 未设置
  样式颜色: 未设置
对齐方式: 未设置
左缩进: 未设置
右缩进: 未设置
首行缩进: 266700
行间距: 未设置
从XML读取的格式:
  运行 1: '您好！感谢您在百忙之中抽出时间参与本次访谈！本次访谈的信息仅用于报告分析，请根据实际情况如实回答。'
    字体: 未设置
    大小: 未设置
    粗体: 未设置
    斜体: 未设置
    下划线: 未设置
    标准颜色: 未设置

段落 1154:
文本内容: 问题1：您如何评价Y公司产品的市场定位？存在哪些优势和不足？
段落样式: 附录正文-缩进
从样式获取的格式:
  样式字体: 未设置
  样式字号: 未设置
  样式颜色: 未设置
对齐方式: 未设置
左缩进: 未设置
右缩进: 未设置
首行缩进: 266700
行间距: 未设置
从XML读取的格式:
  运行 1: '问题'
    字体: 未设置
    大小: 未设置
    粗体: 未设置
    斜体: 未设置
    下划线: 未设置
    标准颜色: 未设置
  运行 2: '1'
    字体: 未设置
    大小: 未设置
    粗体: 未设置
    斜体: 未设置
    下划线: 未设置
    标准颜色: 未设置
  运行 3: '：您如何评价'
    字体: 未设置
    大小: 未设置
    粗体: 未设置
    斜体: 未设置
    下划线: 未设置
    标准颜色: 未设置
  运行 4: 'Y'
    字体: 未设置
    大小: 未设置
    粗体: 未设置
    斜体: 未设置
    下划线: 未设置
    标准颜色: 未设置
  运行 5: '公司产品的市场定位？存在哪些优势和不足？'
    字体: 未设置
    大小: 未设置
    粗体: 未设置
    斜体: 未设置
    下划线: 未设置
    标准颜色: 未设置

段落 1155:
文本内容: 问题2：Y公司产品在市场上的竞争对手有哪些？公司产品哪些优点和不足？
段落样式: 附录正文-缩进
从样式获取的格式:
  样式字体: 未设置
  样式字号: 未设置
  样式颜色: 未设置
对齐方式: 未设置
左缩进: 未设置
右缩进: 未设置
首行缩进: 266700
行间距: 未设置
从XML读取的格式:
  运行 1: '问题'
    字体: 未设置
    大小: 未设置
    粗体: 未设置
    斜体: 未设置
    下划线: 未设置
    标准颜色: 未设置
  运行 2: '2'
    字体: 未设置
    大小: 未设置
    粗体: 未设置
    斜体: 未设置
    下划线: 未设置
    标准颜色: 未设置
  运行 3: '：'
    字体: 未设置
    大小: 未设置
    粗体: 未设置
    斜体: 未设置
    下划线: 未设置
    标准颜色: 未设置
  运行 4: 'Y'
    字体: 未设置
    大小: 未设置
    粗体: 未设置
    斜体: 未设置
    下划线: 未设置
    标准颜色: 未设置
  运行 5: '公司产品在市场上的竞争对手有哪些？公司产品哪些优点和不足？'
    字体: 未设置
    大小: 未设置
    粗体: 未设置
    斜体: 未设置
    下划线: 未设置
    标准颜色: 未设置

段落 1156:
文本内容: 问题3：您如何评价Y公司产品市场定价？存在哪些优势和不足？
段落样式: 附录正文-缩进
从样式获取的格式:
  样式字体: 未设置
  样式字号: 未设置
  样式颜色: 未设置
对齐方式: 未设置
左缩进: 未设置
右缩进: 未设置
首行缩进: 266700
行间距: 未设置
从XML读取的格式:
  运行 1: '问题'
    字体: 未设置
    大小: 未设置
    粗体: 未设置
    斜体: 未设置
    下划线: 未设置
    标准颜色: 未设置
  运行 2: '3'
    字体: 未设置
    大小: 未设置
    粗体: 未设置
    斜体: 未设置
    下划线: 未设置
    标准颜色: 未设置
  运行 3: '：您如何评价'
    字体: 未设置
    大小: 未设置
    粗体: 未设置
    斜体: 未设置
    下划线: 未设置
    标准颜色: 未设置
  运行 4: 'Y'
    字体: 未设置
    大小: 未设置
    粗体: 未设置
    斜体: 未设置
    下划线: 未设置
    标准颜色: 未设置
  运行 5: '公司产品市场定价？存在哪些优势和不足？'
    字体: 未设置
    大小: 未设置
    粗体: 未设置
    斜体: 未设置
    下划线: 未设置
    标准颜色: 未设置

段落 1157:
文本内容: 问题4：您如何评价Y公司产品的营销渠道？存在哪些优势和不足？
段落样式: 附录正文-缩进
从样式获取的格式:
  样式字体: 未设置
  样式字号: 未设置
  样式颜色: 未设置
对齐方式: 未设置
左缩进: 未设置
右缩进: 未设置
首行缩进: 266700
行间距: 未设置
从XML读取的格式:
  运行 1: '问题'
    字体: 未设置
    大小: 未设置
    粗体: 未设置
    斜体: 未设置
    下划线: 未设置
    标准颜色: 未设置
  运行 2: '4'
    字体: 未设置
    大小: 未设置
    粗体: 未设置
    斜体: 未设置
    下划线: 未设置
    标准颜色: 未设置
  运行 3: '：您如何评价'
    字体: 未设置
    大小: 未设置
    粗体: 未设置
    斜体: 未设置
    下划线: 未设置
    标准颜色: 未设置
  运行 4: 'Y'
    字体: 未设置
    大小: 未设置
    粗体: 未设置
    斜体: 未设置
    下划线: 未设置
    标准颜色: 未设置
  运行 5: '公司产品的营销渠道？存在哪些优势和不足？'
    字体: 未设置
    大小: 未设置
    粗体: 未设置
    斜体: 未设置
    下划线: 未设置
    标准颜色: 未设置

段落 1158:
文本内容: 问题5：您如何评价Y公司产品的促销活动？存在哪些优势和不足？
段落样式: 附录正文-缩进
从样式获取的格式:
  样式字体: 未设置
  样式字号: 未设置
  样式颜色: 未设置
对齐方式: 未设置
左缩进: 未设置
右缩进: 未设置
首行缩进: 266700
行间距: 未设置
从XML读取的格式:
  运行 1: '问题'
    字体: 未设置
    大小: 未设置
    粗体: 未设置
    斜体: 未设置
    下划线: 未设置
    标准颜色: 未设置
  运行 2: '5'
    字体: 未设置
    大小: 未设置
    粗体: 未设置
    斜体: 未设置
    下划线: 未设置
    标准颜色: 未设置
  运行 3: '：您如何评价'
    字体: 未设置
    大小: 未设置
    粗体: 未设置
    斜体: 未设置
    下划线: 未设置
    标准颜色: 未设置
  运行 4: 'Y'
    字体: 未设置
    大小: 未设置
    粗体: 未设置
    斜体: 未设置
    下划线: 未设置
    标准颜色: 未设置
  运行 5: '公司产品的促销活动？存在哪些优势和不足？'
    字体: 未设置
    大小: 未设置
    粗体: 未设置
    斜体: 未设置
    下划线: 未设置
    标准颜色: 未设置

段落 1159:
文本内容: 问题6：您怎么评价Y公司市场部、销售部、工程部、内勤人员？存在哪些优点和不足？
段落样式: 附录正文-缩进
从样式获取的格式:
  样式字体: 未设置
  样式字号: 未设置
  样式颜色: 未设置
对齐方式: 未设置
左缩进: 未设置
右缩进: 未设置
首行缩进: 266700
行间距: 未设置
从XML读取的格式:
  运行 1: '问题'
    字体: 未设置
    大小: 未设置
    粗体: 未设置
    斜体: 未设置
    下划线: 未设置
    标准颜色: 未设置
  运行 2: '6'
    字体: 未设置
    大小: 未设置
    粗体: 未设置
    斜体: 未设置
    下划线: 未设置
    标准颜色: 未设置
  运行 3: '：您怎么评价'
    字体: 未设置
    大小: 未设置
    粗体: 未设置
    斜体: 未设置
    下划线: 未设置
    标准颜色: 未设置
  运行 4: 'Y'
    字体: 未设置
    大小: 未设置
    粗体: 未设置
    斜体: 未设置
    下划线: 未设置
    标准颜色: 未设置
  运行 5: '公司市场部、销售部、工程部、内勤人员？存在哪些优点和不足？'
    字体: 未设置
    大小: 未设置
    粗体: 未设置
    斜体: 未设置
    下划线: 未设置
    标准颜色: 未设置

段落 1160:
文本内容: 问题7：您如何评价Y 公司产品的有形展示？存在哪些优点和不足？
段落样式: 附录正文-缩进
从样式获取的格式:
  样式字体: 未设置
  样式字号: 未设置
  样式颜色: 未设置
对齐方式: 未设置
左缩进: 未设置
右缩进: 未设置
首行缩进: 266700
行间距: 未设置
从XML读取的格式:
  运行 1: '问题'
    字体: 未设置
    大小: 未设置
    粗体: 未设置
    斜体: 未设置
    下划线: 未设置
    标准颜色: 未设置
  运行 2: '7'
    字体: 未设置
    大小: 未设置
    粗体: 未设置
    斜体: 未设置
    下划线: 未设置
    标准颜色: 未设置
  运行 3: '：您如何评价'
    字体: 未设置
    大小: 未设置
    粗体: 未设置
    斜体: 未设置
    下划线: 未设置
    标准颜色: 未设置
  运行 4: 'Y '
    字体: 未设置
    大小: 未设置
    粗体: 未设置
    斜体: 未设置
    下划线: 未设置
    标准颜色: 未设置
  运行 5: '公司产品的有形展示？存在哪些优点和不足？'
    字体: 未设置
    大小: 未设置
    粗体: 未设置
    斜体: 未设置
    下划线: 未设置
    标准颜色: 未设置

段落 1161:
文本内容: 问题8：您如何评价Y 公司的服务过程？存在哪些优点和不足？
段落样式: 附录正文-缩进
从样式获取的格式:
  样式字体: 未设置
  样式字号: 未设置
  样式颜色: 未设置
对齐方式: 未设置
左缩进: 未设置
右缩进: 未设置
首行缩进: 266700
行间距: 未设置
从XML读取的格式:
  运行 1: '问题'
    字体: 未设置
    大小: 未设置
    粗体: 未设置
    斜体: 未设置
    下划线: 未设置
    标准颜色: 未设置
  运行 2: '8'
    字体: 未设置
    大小: 未设置
    粗体: 未设置
    斜体: 未设置
    下划线: 未设置
    标准颜色: 未设置
  运行 3: '：您如何评价'
    字体: 未设置
    大小: 未设置
    粗体: 未设置
    斜体: 未设置
    下划线: 未设置
    标准颜色: 未设置
  运行 4: 'Y '
    字体: 未设置
    大小: 未设置
    粗体: 未设置
    斜体: 未设置
    下划线: 未设置
    标准颜色: 未设置
  运行 5: '公司的服务过程？存在哪些优点和不足？'
    字体: 未设置
    大小: 未设置
    粗体: 未设置
    斜体: 未设置
    下划线: 未设置
    标准颜色: 未设置

段落 1162:
文本内容: 问题9：您如何评价Y 公司营销策略？应该如何优化改进？
段落样式: 附录正文-缩进
从样式获取的格式:
  样式字体: 未设置
  样式字号: 未设置
  样式颜色: 未设置
对齐方式: 未设置
左缩进: 未设置
右缩进: 未设置
首行缩进: 266700
行间距: 未设置
从XML读取的格式:
  运行 1: '问题'
    字体: 未设置
    大小: 未设置
    粗体: 未设置
    斜体: 未设置
    下划线: 未设置
    标准颜色: 未设置
  运行 2: '9'
    字体: 未设置
    大小: 未设置
    粗体: 未设置
    斜体: 未设置
    下划线: 未设置
    标准颜色: 未设置
  运行 3: '：您如何评价'
    字体: 未设置
    大小: 未设置
    粗体: 未设置
    斜体: 未设置
    下划线: 未设置
    标准颜色: 未设置
  运行 4: 'Y '
    字体: 未设置
    大小: 未设置
    粗体: 未设置
    斜体: 未设置
    下划线: 未设置
    标准颜色: 未设置
  运行 5: '公司营销策略？应该如何优化改进？'
    字体: 未设置
    大小: 未设置
    粗体: 未设置
    斜体: 未设置
    下划线: 未设置
    标准颜色: 未设置

段落 1164:
文本内容: 问题到处结束，感谢您的参与，祝您工作顺利！
段落样式: 附录正文-缩进
从样式获取的格式:
  样式字体: 未设置
  样式字号: 未设置
  样式颜色: 未设置
对齐方式: 未设置
左缩进: 未设置
右缩进: 未设置
首行缩进: 266700
行间距: 未设置
从XML读取的格式:
  运行 1: '问题到处结束，感谢您的参与，祝您工作顺利！'
    字体: 未设置
    大小: 未设置
    粗体: 未设置
    斜体: 未设置
    下划线: 未设置
    标准颜色: 未设置

段落 1166:
文本内容: 附录 2　问卷
段落样式: Caption
从样式获取的格式:
  样式字体: 未设置
  样式字号: 未设置
  样式颜色: 未设置
对齐方式: 未设置
左缩进: 未设置
右缩进: 未设置
首行缩进: 未设置
行间距: 未设置
从XML读取的格式:
  运行 1: '附录'
    字体: 未设置
    大小: 未设置
    粗体: 未设置
    斜体: 未设置
    下划线: 未设置
    标准颜色: 未设置
  运行 2: ' '
    字体: 未设置
    大小: 未设置
    粗体: 未设置
    斜体: 未设置
    下划线: 未设置
    标准颜色: 未设置
  运行 3: ''
    字体: 未设置
    大小: 未设置
    粗体: 未设置
    斜体: 未设置
    下划线: 未设置
    标准颜色: 未设置
  运行 4: ''
    字体: 未设置
    大小: 未设置
    粗体: 未设置
    斜体: 未设置
    下划线: 未设置
    标准颜色: 未设置
  运行 5: ''
    字体: 未设置
    大小: 未设置
    粗体: 未设置
    斜体: 未设置
    下划线: 未设置
    标准颜色: 未设置
  运行 6: ''
    字体: 未设置
    大小: 未设置
    粗体: 未设置
    斜体: 未设置
    下划线: 未设置
    标准颜色: 未设置
  运行 7: ''
    字体: 未设置
    大小: 未设置
    粗体: 未设置
    斜体: 未设置
    下划线: 未设置
    标准颜色: 未设置
  运行 8: ''
    字体: 未设置
    大小: 未设置
    粗体: 未设置
    斜体: 未设置
    下划线: 未设置
    标准颜色: 未设置
  运行 9: ''
    字体: 未设置
    大小: 未设置
    粗体: 未设置
    斜体: 未设置
    下划线: 未设置
    标准颜色: 未设置
  运行 10: '2'
    字体: 未设置
    大小: 未设置
    粗体: 未设置
    斜体: 未设置
    下划线: 未设置
    标准颜色: 未设置
  运行 11: ''
    字体: 未设置
    大小: 未设置
    粗体: 未设置
    斜体: 未设置
    下划线: 未设置
    标准颜色: 未设置
  运行 12: '　'
    字体: 未设置
    大小: 未设置
    粗体: 未设置
    斜体: 未设置
    下划线: 未设置
    标准颜色: 未设置
  运行 13: '问卷'
    字体: 未设置
    大小: 未设置
    粗体: 未设置
    斜体: 未设置
    下划线: 未设置
    标准颜色: 未设置

段落 1167:
文本内容: Y医疗器械公司调研问卷
段落样式: Normal
从样式获取的格式:
  样式字体: Times New Roman
  样式字号: 152400
  样式字号(pt): 12.0
  样式颜色: 未设置
对齐方式: CENTER (1)
左缩进: 未设置
右缩进: 未设置
首行缩进: 266700
行间距: 未设置
从XML读取的格式:
  XML字号: 10.5pt
  运行 1: 'Y'
    字体: 未设置
    大小: 133350
    大小(pt): 10.5
    粗体: 未设置
    斜体: 未设置
    下划线: 未设置
    标准颜色: 未设置
  运行 2: '医疗器械公司'
    字体: 未设置
    大小: 133350
    大小(pt): 10.5
    粗体: 未设置
    斜体: 未设置
    下划线: 未设置
    标准颜色: 未设置
  运行 3: '调研'
    字体: 未设置
    大小: 133350
    大小(pt): 10.5
    粗体: 未设置
    斜体: 未设置
    下划线: 未设置
    标准颜色: 未设置
  运行 4: '问卷'
    字体: 未设置
    大小: 133350
    大小(pt): 10.5
    粗体: 未设置
    斜体: 未设置
    下划线: 未设置
    标准颜色: 未设置

段落 1168:
文本内容: 尊敬的先生/女生，您好！
段落样式: Normal
从样式获取的格式:
  样式字体: Times New Roman
  样式字号: 152400
  样式字号(pt): 12.0
  样式颜色: 未设置
对齐方式: LEFT (0)
左缩进: 未设置
右缩进: 未设置
首行缩进: 未设置
行间距: 未设置
从XML读取的格式:
  XML字号: 10.5pt
  运行 1: '尊敬的先生'
    字体: 未设置
    大小: 133350
    大小(pt): 10.5
    粗体: 未设置
    斜体: 未设置
    下划线: 未设置
    标准颜色: 未设置
  运行 2: '/'
    字体: 未设置
    大小: 133350
    大小(pt): 10.5
    粗体: 未设置
    斜体: 未设置
    下划线: 未设置
    标准颜色: 未设置
  运行 3: '女生，您好！'
    字体: 未设置
    大小: 133350
    大小(pt): 10.5
    粗体: 未设置
    斜体: 未设置
    下划线: 未设置
    标准颜色: 未设置

段落 1169:
文本内容: 非常感谢您在百忙之中填写本问卷，请您根据自己的实际情况和真实感受选择答案，我们将为您填写的信息绝对保密，感谢您的支持与配合。请在您认为合适的选项上画“”，除特别标注外，所有选项均为单选，再次感谢您的参与！
段落样式: Normal
从样式获取的格式:
  样式字体: Times New Roman
  样式字号: 152400
  样式字号(pt): 12.0
  样式颜色: 未设置
对齐方式: LEFT (0)
左缩进: 未设置
右缩进: 未设置
首行缩进: 266700
行间距: 未设置
从XML读取的格式:
  XML字号: 10.5pt
  运行 1: '非常感谢您在百忙之中填写本问卷，请您根据自己的实际情况和真实感受选择答案，我们将为您填写的信息绝对保密，感谢您的支持与配合。'
    字体: 未设置
    大小: 133350
    大小(pt): 10.5
    粗体: 未设置
    斜体: 未设置
    下划线: 未设置
    标准颜色: 未设置
  运行 2: '请在您认为合适的选项上画'
    字体: 未设置
    大小: 133350
    大小(pt): 10.5
    粗体: 未设置
    斜体: 未设置
    下划线: 未设置
    标准颜色: 未设置
  运行 3: '“'
    字体: 未设置
    大小: 133350
    大小(pt): 10.5
    粗体: 未设置
    斜体: 未设置
    下划线: 未设置
    标准颜色: 未设置
  运行 4: '”'
    字体: 未设置
    大小: 133350
    大小(pt): 10.5
    粗体: 未设置
    斜体: 未设置
    下划线: 未设置
    标准颜色: 未设置
  运行 5: '，除特别标注外，所有选项均为单选，'
    字体: 未设置
    大小: 133350
    大小(pt): 10.5
    粗体: 未设置
    斜体: 未设置
    下划线: 未设置
    标准颜色: 未设置
  运行 6: '再次感谢您的参与！'
    字体: 未设置
    大小: 133350
    大小(pt): 10.5
    粗体: 未设置
    斜体: 未设置
    下划线: 未设置
    标准颜色: 未设置

段落 1170:
文本内容: 第一部分：基本情况
段落样式: Normal
从样式获取的格式:
  样式字体: Times New Roman
  样式字号: 152400
  样式字号(pt): 12.0
  样式颜色: 未设置
对齐方式: CENTER (1)
左缩进: 未设置
右缩进: 未设置
首行缩进: 266700
行间距: 未设置
从XML读取的格式:
  XML字号: 10.5pt
  运行 1: '第一部分：基本情况'
    字体: 未设置
    大小: 133350
    大小(pt): 10.5
    粗体: 未设置
    斜体: 未设置
    下划线: 未设置
    标准颜色: 未设置

段落 1171:
文本内容: 1. 您的职业：
段落样式: Normal
从样式获取的格式:
  样式字体: Times New Roman
  样式字号: 152400
  样式字号(pt): 12.0
  样式颜色: 未设置
对齐方式: 未设置
左缩进: 未设置
右缩进: 未设置
首行缩进: 266700
行间距: 未设置
从XML读取的格式:
  XML字号: 10.5pt
  运行 1: '1. '
    字体: 未设置
    大小: 133350
    大小(pt): 10.5
    粗体: 未设置
    斜体: 未设置
    下划线: 未设置
    标准颜色: 未设置
  运行 2: '您的职业：'
    字体: 未设置
    大小: 133350
    大小(pt): 10.5
    粗体: 未设置
    斜体: 未设置
    下划线: 未设置
    标准颜色: 未设置

段落 1172:
文本内容: A、公立医疗机构人员 B、民营医疗机构人员 C、科研机构人员 D、代理商 E、厂家
段落样式: Normal
从样式获取的格式:
  样式字体: Times New Roman
  样式字号: 152400
  样式字号(pt): 12.0
  样式颜色: 未设置
对齐方式: 未设置
左缩进: 未设置
右缩进: 未设置
首行缩进: 266700
行间距: 未设置
从XML读取的格式:
  XML字号: 10.5pt
  运行 1: 'A'
    字体: 未设置
    大小: 133350
    大小(pt): 10.5
    粗体: 未设置
    斜体: 未设置
    下划线: 未设置
    标准颜色: 未设置
  运行 2: '、公立医疗机构人员'
    字体: 未设置
    大小: 133350
    大小(pt): 10.5
    粗体: 未设置
    斜体: 未设置
    下划线: 未设置
    标准颜色: 未设置
  运行 3: ' B'
    字体: 未设置
    大小: 133350
    大小(pt): 10.5
    粗体: 未设置
    斜体: 未设置
    下划线: 未设置
    标准颜色: 未设置
  运行 4: '、民营医疗机构人员'
    字体: 未设置
    大小: 133350
    大小(pt): 10.5
    粗体: 未设置
    斜体: 未设置
    下划线: 未设置
    标准颜色: 未设置
  运行 5: ' C'
    字体: 未设置
    大小: 133350
    大小(pt): 10.5
    粗体: 未设置
    斜体: 未设置
    下划线: 未设置
    标准颜色: 未设置
  运行 6: '、科研机构人员'
    字体: 未设置
    大小: 133350
    大小(pt): 10.5
    粗体: 未设置
    斜体: 未设置
    下划线: 未设置
    标准颜色: 未设置
  运行 7: ' D'
    字体: 未设置
    大小: 133350
    大小(pt): 10.5
    粗体: 未设置
    斜体: 未设置
    下划线: 未设置
    标准颜色: 未设置
  运行 8: '、代理商'
    字体: 未设置
    大小: 133350
    大小(pt): 10.5
    粗体: 未设置
    斜体: 未设置
    下划线: 未设置
    标准颜色: 未设置
  运行 9: ' E'
    字体: 未设置
    大小: 133350
    大小(pt): 10.5
    粗体: 未设置
    斜体: 未设置
    下划线: 未设置
    标准颜色: 未设置
  运行 10: '、'
    字体: 未设置
    大小: 133350
    大小(pt): 10.5
    粗体: 未设置
    斜体: 未设置
    下划线: 未设置
    标准颜色: 未设置
  运行 11: '厂家'
    字体: 未设置
    大小: 133350
    大小(pt): 10.5
    粗体: 未设置
    斜体: 未设置
    下划线: 未设置
    标准颜色: 未设置

段落 1173:
文本内容: 2. 您所在医院级别：
段落样式: Normal
从样式获取的格式:
  样式字体: Times New Roman
  样式字号: 152400
  样式字号(pt): 12.0
  样式颜色: 未设置
对齐方式: 未设置
左缩进: 未设置
右缩进: 未设置
首行缩进: 266700
行间距: 未设置
从XML读取的格式:
  XML字号: 10.5pt
  运行 1: '2. '
    字体: 未设置
    大小: 133350
    大小(pt): 10.5
    粗体: 未设置
    斜体: 未设置
    下划线: 未设置
    标准颜色: 未设置
  运行 2: '您所在医院级别：'
    字体: 未设置
    大小: 133350
    大小(pt): 10.5
    粗体: 未设置
    斜体: 未设置
    下划线: 未设置
    标准颜色: 未设置

段落 1174:
文本内容: A、三级甲等 B、三级乙等 C、二级甲等 D、二级乙等以下 E、不适用
段落样式: Normal
从样式获取的格式:
  样式字体: Times New Roman
  样式字号: 152400
  样式字号(pt): 12.0
  样式颜色: 未设置
对齐方式: 未设置
左缩进: 未设置
右缩进: 未设置
首行缩进: 266700
行间距: 未设置
从XML读取的格式:
  XML字号: 10.5pt
  运行 1: 'A'
    字体: 未设置
    大小: 133350
    大小(pt): 10.5
    粗体: 未设置
    斜体: 未设置
    下划线: 未设置
    标准颜色: 未设置
  运行 2: '、三级甲等'
    字体: 未设置
    大小: 133350
    大小(pt): 10.5
    粗体: 未设置
    斜体: 未设置
    下划线: 未设置
    标准颜色: 未设置
  运行 3: ' B'
    字体: 未设置
    大小: 133350
    大小(pt): 10.5
    粗体: 未设置
    斜体: 未设置
    下划线: 未设置
    标准颜色: 未设置
  运行 4: '、三级乙等'
    字体: 未设置
    大小: 133350
    大小(pt): 10.5
    粗体: 未设置
    斜体: 未设置
    下划线: 未设置
    标准颜色: 未设置
  运行 5: ' C'
    字体: 未设置
    大小: 133350
    大小(pt): 10.5
    粗体: 未设置
    斜体: 未设置
    下划线: 未设置
    标准颜色: 未设置
  运行 6: '、二级甲等'
    字体: 未设置
    大小: 133350
    大小(pt): 10.5
    粗体: 未设置
    斜体: 未设置
    下划线: 未设置
    标准颜色: 未设置
  运行 7: ' D'
    字体: 未设置
    大小: 133350
    大小(pt): 10.5
    粗体: 未设置
    斜体: 未设置
    下划线: 未设置
    标准颜色: 未设置
  运行 8: '、二级乙等以下'
    字体: 未设置
    大小: 133350
    大小(pt): 10.5
    粗体: 未设置
    斜体: 未设置
    下划线: 未设置
    标准颜色: 未设置
  运行 9: ' E'
    字体: 未设置
    大小: 133350
    大小(pt): 10.5
    粗体: 未设置
    斜体: 未设置
    下划线: 未设置
    标准颜色: 未设置
  运行 10: '、不适用'
    字体: 未设置
    大小: 133350
    大小(pt): 10.5
    粗体: 未设置
    斜体: 未设置
    下划线: 未设置
    标准颜色: 未设置

段落 1175:
文本内容: 3. 您的年龄：
段落样式: Normal
从样式获取的格式:
  样式字体: Times New Roman
  样式字号: 152400
  样式字号(pt): 12.0
  样式颜色: 未设置
对齐方式: 未设置
左缩进: 未设置
右缩进: 未设置
首行缩进: 266700
行间距: 未设置
从XML读取的格式:
  XML字号: 10.5pt
  运行 1: '3. '
    字体: 未设置
    大小: 133350
    大小(pt): 10.5
    粗体: 未设置
    斜体: 未设置
    下划线: 未设置
    标准颜色: 未设置
  运行 2: '您的年龄：'
    字体: 未设置
    大小: 133350
    大小(pt): 10.5
    粗体: 未设置
    斜体: 未设置
    下划线: 未设置
    标准颜色: 未设置

段落 1176:
文本内容: A、18-30岁 B、31-45岁 C、46-55岁 D、56-65岁 E、65岁以上
段落样式: Normal
从样式获取的格式:
  样式字体: Times New Roman
  样式字号: 152400
  样式字号(pt): 12.0
  样式颜色: 未设置
对齐方式: 未设置
左缩进: 未设置
右缩进: 未设置
首行缩进: 266700
行间距: 未设置
从XML读取的格式:
  XML字号: 10.5pt
  运行 1: 'A'
    字体: 未设置
    大小: 133350
    大小(pt): 10.5
    粗体: 未设置
    斜体: 未设置
    下划线: 未设置
    标准颜色: 未设置
  运行 2: '、'
    字体: 未设置
    大小: 133350
    大小(pt): 10.5
    粗体: 未设置
    斜体: 未设置
    下划线: 未设置
    标准颜色: 未设置
  运行 3: '18-30'
    字体: 未设置
    大小: 133350
    大小(pt): 10.5
    粗体: 未设置
    斜体: 未设置
    下划线: 未设置
    标准颜色: 未设置
  运行 4: '岁'
    字体: 未设置
    大小: 133350
    大小(pt): 10.5
    粗体: 未设置
    斜体: 未设置
    下划线: 未设置
    标准颜色: 未设置
  运行 5: ' B'
    字体: 未设置
    大小: 133350
    大小(pt): 10.5
    粗体: 未设置
    斜体: 未设置
    下划线: 未设置
    标准颜色: 未设置
  运行 6: '、'
    字体: 未设置
    大小: 133350
    大小(pt): 10.5
    粗体: 未设置
    斜体: 未设置
    下划线: 未设置
    标准颜色: 未设置
  运行 7: '31-4'
    字体: 未设置
    大小: 133350
    大小(pt): 10.5
    粗体: 未设置
    斜体: 未设置
    下划线: 未设置
    标准颜色: 未设置
  运行 8: '5'
    字体: 未设置
    大小: 133350
    大小(pt): 10.5
    粗体: 未设置
    斜体: 未设置
    下划线: 未设置
    标准颜色: 未设置
  运行 9: '岁'
    字体: 未设置
    大小: 133350
    大小(pt): 10.5
    粗体: 未设置
    斜体: 未设置
    下划线: 未设置
    标准颜色: 未设置
  运行 10: ' C'
    字体: 未设置
    大小: 133350
    大小(pt): 10.5
    粗体: 未设置
    斜体: 未设置
    下划线: 未设置
    标准颜色: 未设置
  运行 11: '、'
    字体: 未设置
    大小: 133350
    大小(pt): 10.5
    粗体: 未设置
    斜体: 未设置
    下划线: 未设置
    标准颜色: 未设置
  运行 12: '4'
    字体: 未设置
    大小: 133350
    大小(pt): 10.5
    粗体: 未设置
    斜体: 未设置
    下划线: 未设置
    标准颜色: 未设置
  运行 13: '6'
    字体: 未设置
    大小: 133350
    大小(pt): 10.5
    粗体: 未设置
    斜体: 未设置
    下划线: 未设置
    标准颜色: 未设置
  运行 14: '-5'
    字体: 未设置
    大小: 133350
    大小(pt): 10.5
    粗体: 未设置
    斜体: 未设置
    下划线: 未设置
    标准颜色: 未设置
  运行 15: '5'
    字体: 未设置
    大小: 133350
    大小(pt): 10.5
    粗体: 未设置
    斜体: 未设置
    下划线: 未设置
    标准颜色: 未设置
  运行 16: '岁'
    字体: 未设置
    大小: 133350
    大小(pt): 10.5
    粗体: 未设置
    斜体: 未设置
    下划线: 未设置
    标准颜色: 未设置
  运行 17: ' D'
    字体: 未设置
    大小: 133350
    大小(pt): 10.5
    粗体: 未设置
    斜体: 未设置
    下划线: 未设置
    标准颜色: 未设置
  运行 18: '、'
    字体: 未设置
    大小: 133350
    大小(pt): 10.5
    粗体: 未设置
    斜体: 未设置
    下划线: 未设置
    标准颜色: 未设置
  运行 19: '5'
    字体: 未设置
    大小: 133350
    大小(pt): 10.5
    粗体: 未设置
    斜体: 未设置
    下划线: 未设置
    标准颜色: 未设置
  运行 20: '6'
    字体: 未设置
    大小: 133350
    大小(pt): 10.5
    粗体: 未设置
    斜体: 未设置
    下划线: 未设置
    标准颜色: 未设置
  运行 21: '-6'
    字体: 未设置
    大小: 133350
    大小(pt): 10.5
    粗体: 未设置
    斜体: 未设置
    下划线: 未设置
    标准颜色: 未设置
  运行 22: '5'
    字体: 未设置
    大小: 133350
    大小(pt): 10.5
    粗体: 未设置
    斜体: 未设置
    下划线: 未设置
    标准颜色: 未设置
  运行 23: '岁'
    字体: 未设置
    大小: 133350
    大小(pt): 10.5
    粗体: 未设置
    斜体: 未设置
    下划线: 未设置
    标准颜色: 未设置
  运行 24: ' E'
    字体: 未设置
    大小: 133350
    大小(pt): 10.5
    粗体: 未设置
    斜体: 未设置
    下划线: 未设置
    标准颜色: 未设置
  运行 25: '、'
    字体: 未设置
    大小: 133350
    大小(pt): 10.5
    粗体: 未设置
    斜体: 未设置
    下划线: 未设置
    标准颜色: 未设置
  运行 26: '6'
    字体: 未设置
    大小: 133350
    大小(pt): 10.5
    粗体: 未设置
    斜体: 未设置
    下划线: 未设置
    标准颜色: 未设置
  运行 27: '5'
    字体: 未设置
    大小: 133350
    大小(pt): 10.5
    粗体: 未设置
    斜体: 未设置
    下划线: 未设置
    标准颜色: 未设置
  运行 28: '岁以上'
    字体: 未设置
    大小: 133350
    大小(pt): 10.5
    粗体: 未设置
    斜体: 未设置
    下划线: 未设置
    标准颜色: 未设置

段落 1177:
文本内容: 4. 您所在的地区？A、福建 B、广西 C、广东 D、湖南 E、海南
段落样式: Normal
从样式获取的格式:
  样式字体: Times New Roman
  样式字号: 152400
  样式字号(pt): 12.0
  样式颜色: 未设置
对齐方式: 未设置
左缩进: 未设置
右缩进: 未设置
首行缩进: 266700
行间距: 未设置
从XML读取的格式:
  XML字号: 10.5pt
  运行 1: '4. '
    字体: 未设置
    大小: 133350
    大小(pt): 10.5
    粗体: 未设置
    斜体: 未设置
    下划线: 未设置
    标准颜色: 未设置
  运行 2: '您所在的地区？'
    字体: 未设置
    大小: 133350
    大小(pt): 10.5
    粗体: 未设置
    斜体: 未设置
    下划线: 未设置
    标准颜色: 未设置
  运行 3: 'A'
    字体: 未设置
    大小: 133350
    大小(pt): 10.5
    粗体: 未设置
    斜体: 未设置
    下划线: 未设置
    标准颜色: 未设置
  运行 4: '、'
    字体: 未设置
    大小: 133350
    大小(pt): 10.5
    粗体: 未设置
    斜体: 未设置
    下划线: 未设置
    标准颜色: 未设置
  运行 5: '福建'
    字体: 未设置
    大小: 133350
    大小(pt): 10.5
    粗体: 未设置
    斜体: 未设置
    下划线: 未设置
    标准颜色: 未设置
  运行 6: ' B'
    字体: 未设置
    大小: 133350
    大小(pt): 10.5
    粗体: 未设置
    斜体: 未设置
    下划线: 未设置
    标准颜色: 未设置
  运行 7: '、广西'
    字体: 未设置
    大小: 133350
    大小(pt): 10.5
    粗体: 未设置
    斜体: 未设置
    下划线: 未设置
    标准颜色: 未设置
  运行 8: ' C'
    字体: 未设置
    大小: 133350
    大小(pt): 10.5
    粗体: 未设置
    斜体: 未设置
    下划线: 未设置
    标准颜色: 未设置
  运行 9: '、'
    字体: 未设置
    大小: 133350
    大小(pt): 10.5
    粗体: 未设置
    斜体: 未设置
    下划线: 未设置
    标准颜色: 未设置
  运行 10: '广东'
    字体: 未设置
    大小: 133350
    大小(pt): 10.5
    粗体: 未设置
    斜体: 未设置
    下划线: 未设置
    标准颜色: 未设置
  运行 11: ' D'
    字体: 未设置
    大小: 133350
    大小(pt): 10.5
    粗体: 未设置
    斜体: 未设置
    下划线: 未设置
    标准颜色: 未设置
  运行 12: '、湖南'
    字体: 未设置
    大小: 133350
    大小(pt): 10.5
    粗体: 未设置
    斜体: 未设置
    下划线: 未设置
    标准颜色: 未设置
  运行 13: ' E'
    字体: 未设置
    大小: 133350
    大小(pt): 10.5
    粗体: 未设置
    斜体: 未设置
    下划线: 未设置
    标准颜色: 未设置
  运行 14: '、海南'
    字体: 未设置
    大小: 133350
    大小(pt): 10.5
    粗体: 未设置
    斜体: 未设置
    下划线: 未设置
    标准颜色: 未设置

段落 1178:
文本内容: 5. 您了解Y医疗器械公司哪些产品？
段落样式: Normal
从样式获取的格式:
  样式字体: Times New Roman
  样式字号: 152400
  样式字号(pt): 12.0
  样式颜色: 未设置
对齐方式: 未设置
左缩进: 未设置
右缩进: 未设置
首行缩进: 266700
行间距: 未设置
从XML读取的格式:
  XML字号: 10.5pt
  运行 1: '5'
    字体: 未设置
    大小: 133350
    大小(pt): 10.5
    粗体: 未设置
    斜体: 未设置
    下划线: 未设置
    标准颜色: 未设置
  运行 2: '. '
    字体: 未设置
    大小: 133350
    大小(pt): 10.5
    粗体: 未设置
    斜体: 未设置
    下划线: 未设置
    标准颜色: 未设置
  运行 3: '您了解'
    字体: 未设置
    大小: 133350
    大小(pt): 10.5
    粗体: 未设置
    斜体: 未设置
    下划线: 未设置
    标准颜色: 未设置
  运行 4: 'Y'
    字体: 未设置
    大小: 133350
    大小(pt): 10.5
    粗体: 未设置
    斜体: 未设置
    下划线: 未设置
    标准颜色: 未设置
  运行 5: '医疗器械公司哪些产品？'
    字体: 未设置
    大小: 133350
    大小(pt): 10.5
    粗体: 未设置
    斜体: 未设置
    下划线: 未设置
    标准颜色: 未设置

段落 1179:
文本内容: A、视光产品 B、白内障产品 C、眼底产品 D、检查设备 E、其他
段落样式: Normal
从样式获取的格式:
  样式字体: Times New Roman
  样式字号: 152400
  样式字号(pt): 12.0
  样式颜色: 未设置
对齐方式: 未设置
左缩进: 未设置
右缩进: 未设置
首行缩进: 266700
行间距: 未设置
从XML读取的格式:
  XML字号: 10.5pt
  运行 1: 'A'
    字体: 未设置
    大小: 133350
    大小(pt): 10.5
    粗体: 未设置
    斜体: 未设置
    下划线: 未设置
    标准颜色: 未设置
  运行 2: '、视光产品'
    字体: 未设置
    大小: 133350
    大小(pt): 10.5
    粗体: 未设置
    斜体: 未设置
    下划线: 未设置
    标准颜色: 未设置
  运行 3: ' B'
    字体: 未设置
    大小: 133350
    大小(pt): 10.5
    粗体: 未设置
    斜体: 未设置
    下划线: 未设置
    标准颜色: 未设置
  运行 4: '、白内障产品'
    字体: 未设置
    大小: 133350
    大小(pt): 10.5
    粗体: 未设置
    斜体: 未设置
    下划线: 未设置
    标准颜色: 未设置
  运行 5: ' C'
    字体: 未设置
    大小: 133350
    大小(pt): 10.5
    粗体: 未设置
    斜体: 未设置
    下划线: 未设置
    标准颜色: 未设置
  运行 6: '、眼底产品'
    字体: 未设置
    大小: 133350
    大小(pt): 10.5
    粗体: 未设置
    斜体: 未设置
    下划线: 未设置
    标准颜色: 未设置
  运行 7: ' D'
    字体: 未设置
    大小: 133350
    大小(pt): 10.5
    粗体: 未设置
    斜体: 未设置
    下划线: 未设置
    标准颜色: 未设置
  运行 8: '、'
    字体: 未设置
    大小: 133350
    大小(pt): 10.5
    粗体: 未设置
    斜体: 未设置
    下划线: 未设置
    标准颜色: 未设置
  运行 9: '检查设备'
    字体: 未设置
    大小: 133350
    大小(pt): 10.5
    粗体: 未设置
    斜体: 未设置
    下划线: 未设置
    标准颜色: 未设置
  运行 10: ' '
    字体: 未设置
    大小: 133350
    大小(pt): 10.5
    粗体: 未设置
    斜体: 未设置
    下划线: 未设置
    标准颜色: 未设置
  运行 11: 'E'
    字体: 未设置
    大小: 133350
    大小(pt): 10.5
    粗体: 未设置
    斜体: 未设置
    下划线: 未设置
    标准颜色: 未设置
  运行 12: '、其他'
    字体: 未设置
    大小: 133350
    大小(pt): 10.5
    粗体: 未设置
    斜体: 未设置
    下划线: 未设置
    标准颜色: 未设置

段落 1180:
文本内容: 第二部分：Y公司市场营销策略打分量化表
段落样式: Normal
从样式获取的格式:
  样式字体: Times New Roman
  样式字号: 152400
  样式字号(pt): 12.0
  样式颜色: 未设置
对齐方式: CENTER (1)
左缩进: 未设置
右缩进: 未设置
首行缩进: 266700
行间距: 未设置
从XML读取的格式:
  XML字号: 10.5pt
  运行 1: '第二部分：'
    字体: 未设置
    大小: 133350
    大小(pt): 10.5
    粗体: 未设置
    斜体: 未设置
    下划线: 未设置
    标准颜色: 未设置
  运行 2: 'Y'
    字体: 未设置
    大小: 133350
    大小(pt): 10.5
    粗体: 未设置
    斜体: 未设置
    下划线: 未设置
    标准颜色: 未设置
  运行 3: '公司市场'
    字体: 未设置
    大小: 133350
    大小(pt): 10.5
    粗体: 未设置
    斜体: 未设置
    下划线: 未设置
    标准颜色: 未设置
  运行 4: '营销策略'
    字体: 未设置
    大小: 133350
    大小(pt): 10.5
    粗体: 未设置
    斜体: 未设置
    下划线: 未设置
    标准颜色: 未设置
  运行 5: '打分量化表'
    字体: 未设置
    大小: 133350
    大小(pt): 10.5
    粗体: 未设置
    斜体: 未设置
    下划线: 未设置
    标准颜色: 未设置

段落 1182:
文本内容: 附录 3　图表目录
段落样式: Caption
从样式获取的格式:
  样式字体: 未设置
  样式字号: 未设置
  样式颜色: 未设置
对齐方式: 未设置
左缩进: 未设置
右缩进: 未设置
首行缩进: 未设置
行间距: 未设置
从XML读取的格式:
  运行 1: '附录'
    字体: 未设置
    大小: 未设置
    粗体: 未设置
    斜体: 未设置
    下划线: 未设置
    标准颜色: 未设置
  运行 2: ' '
    字体: 未设置
    大小: 未设置
    粗体: 未设置
    斜体: 未设置
    下划线: 未设置
    标准颜色: 未设置
  运行 3: ''
    字体: 未设置
    大小: 未设置
    粗体: 未设置
    斜体: 未设置
    下划线: 未设置
    标准颜色: 未设置
  运行 4: ''
    字体: 未设置
    大小: 未设置
    粗体: 未设置
    斜体: 未设置
    下划线: 未设置
    标准颜色: 未设置
  运行 5: ''
    字体: 未设置
    大小: 未设置
    粗体: 未设置
    斜体: 未设置
    下划线: 未设置
    标准颜色: 未设置
  运行 6: ''
    字体: 未设置
    大小: 未设置
    粗体: 未设置
    斜体: 未设置
    下划线: 未设置
    标准颜色: 未设置
  运行 7: ''
    字体: 未设置
    大小: 未设置
    粗体: 未设置
    斜体: 未设置
    下划线: 未设置
    标准颜色: 未设置
  运行 8: ''
    字体: 未设置
    大小: 未设置
    粗体: 未设置
    斜体: 未设置
    下划线: 未设置
    标准颜色: 未设置
  运行 9: ''
    字体: 未设置
    大小: 未设置
    粗体: 未设置
    斜体: 未设置
    下划线: 未设置
    标准颜色: 未设置
  运行 10: '3'
    字体: 未设置
    大小: 未设置
    粗体: 未设置
    斜体: 未设置
    下划线: 未设置
    标准颜色: 未设置
  运行 11: ''
    字体: 未设置
    大小: 未设置
    粗体: 未设置
    斜体: 未设置
    下划线: 未设置
    标准颜色: 未设置
  运行 12: '　'
    字体: 未设置
    大小: 未设置
    粗体: 未设置
    斜体: 未设置
    下划线: 未设置
    标准颜色: 未设置
  运行 13: '图表目录'
    字体: 未设置
    大小: 未设置
    粗体: 未设置
    斜体: 未设置
    下划线: 未设置
    标准颜色: 未设置

段落 1183:
文本内容: 表 1-1　近年国内眼科部分重点政策	2
段落样式: table of figures
从样式获取的格式:
  样式字体: 未设置
  样式字号: 未设置
  样式颜色: 未设置
对齐方式: 未设置
左缩进: 未设置
右缩进: 未设置
首行缩进: 未设置
行间距: 未设置
从XML读取的格式:
  XML字号: 11.0pt
  运行 1: ''
    字体: 未设置
    大小: 未设置
    粗体: 未设置
    斜体: 未设置
    下划线: 未设置
    标准颜色: 未设置
  运行 2: ''
    字体: 未设置
    大小: 未设置
    粗体: 未设置
    斜体: 未设置
    下划线: 未设置
    标准颜色: 未设置
  运行 3: ''
    字体: 未设置
    大小: 未设置
    粗体: 未设置
    斜体: 未设置
    下划线: 未设置
    标准颜色: 未设置
  运行 4: ''
    字体: 未设置
    大小: 未设置
    粗体: 未设置
    斜体: 未设置
    下划线: 未设置
    标准颜色: 未设置
  运行 5: ''
    字体: 未设置
    大小: 未设置
    粗体: 未设置
    斜体: 未设置
    下划线: 未设置
    标准颜色: 未设置
  运行 6: ''
    字体: 未设置
    大小: 未设置
    粗体: 未设置
    斜体: 未设置
    下划线: 未设置
    标准颜色: 未设置
  运行 7: ''
    字体: 未设置
    大小: 未设置
    粗体: 未设置
    斜体: 未设置
    下划线: 未设置
    标准颜色: 未设置

段落 1184:
文本内容: 图 1-1　论文研究技术路线	6
段落样式: table of figures
从样式获取的格式:
  样式字体: 未设置
  样式字号: 未设置
  样式颜色: 未设置
对齐方式: 未设置
左缩进: 未设置
右缩进: 未设置
首行缩进: 未设置
行间距: 未设置
从XML读取的格式:
  XML字号: 11.0pt
  该段落没有格式化运行文本

段落 1185:
文本内容: 图 2-1    PEST分析模型	15
段落样式: table of figures
从样式获取的格式:
  样式字体: 未设置
  样式字号: 未设置
  样式颜色: 未设置
对齐方式: 未设置
左缩进: 未设置
右缩进: 未设置
首行缩进: 未设置
行间距: 未设置
从XML读取的格式:
  XML字号: 11.0pt
  该段落没有格式化运行文本

段落 1186:
文本内容: 图 2-2    五种力量分析模型	16
段落样式: table of figures
从样式获取的格式:
  样式字体: 未设置
  样式字号: 未设置
  样式颜色: 未设置
对齐方式: 未设置
左缩进: 未设置
右缩进: 未设置
首行缩进: 未设置
行间距: 未设置
从XML读取的格式:
  XML字号: 11.0pt
  该段落没有格式化运行文本

段落 1187:
文本内容: 图 2-3    态势分析法	17
段落样式: table of figures
从样式获取的格式:
  样式字体: 未设置
  样式字号: 未设置
  样式颜色: 未设置
对齐方式: 未设置
左缩进: 未设置
右缩进: 未设置
首行缩进: 未设置
行间距: 未设置
从XML读取的格式:
  XML字号: 11.0pt
  该段落没有格式化运行文本

段落 1188:
文本内容: 表 3-1　公司部门人员分布情况	27
段落样式: table of figures
从样式获取的格式:
  样式字体: 未设置
  样式字号: 未设置
  样式颜色: 未设置
对齐方式: 未设置
左缩进: 未设置
右缩进: 未设置
首行缩进: 未设置
行间距: 未设置
从XML读取的格式:
  XML字号: 11.0pt
  该段落没有格式化运行文本

段落 1189:
文本内容: 表 3-2　公司省区人员分布情况	27
段落样式: table of figures
从样式获取的格式:
  样式字体: 未设置
  样式字号: 未设置
  样式颜色: 未设置
对齐方式: 未设置
左缩进: 未设置
右缩进: 未设置
首行缩进: 未设置
行间距: 未设置
从XML读取的格式:
  XML字号: 11.0pt
  该段落没有格式化运行文本

段落 1190:
文本内容: 图 3-1　Y公司组织架构图	28
段落样式: table of figures
从样式获取的格式:
  样式字体: 未设置
  样式字号: 未设置
  样式颜色: 未设置
对齐方式: 未设置
左缩进: 未设置
右缩进: 未设置
首行缩进: 未设置
行间距: 未设置
从XML读取的格式:
  XML字号: 11.0pt
  该段落没有格式化运行文本

段落 1191:
文本内容: 表 3-3　医疗器械支持国产政策（部分）	30
段落样式: table of figures
从样式获取的格式:
  样式字体: 未设置
  样式字号: 未设置
  样式颜色: 未设置
对齐方式: 未设置
左缩进: 未设置
右缩进: 未设置
首行缩进: 未设置
行间距: 未设置
从XML读取的格式:
  XML字号: 11.0pt
  该段落没有格式化运行文本

段落 1192:
文本内容: 表 3-4　医疗器械监管法律法规（部分）	31
段落样式: table of figures
从样式获取的格式:
  样式字体: 未设置
  样式字号: 未设置
  样式颜色: 未设置
对齐方式: 未设置
左缩进: 未设置
右缩进: 未设置
首行缩进: 未设置
行间距: 未设置
从XML读取的格式:
  XML字号: 11.0pt
  该段落没有格式化运行文本

段落 1193:
文本内容: 图 3-2　2019-2023年中国GDP及增长速度	32
段落样式: table of figures
从样式获取的格式:
  样式字体: 未设置
  样式字号: 未设置
  样式颜色: 未设置
对齐方式: 未设置
左缩进: 未设置
右缩进: 未设置
首行缩进: 未设置
行间距: 未设置
从XML读取的格式:
  XML字号: 11.0pt
  该段落没有格式化运行文本

段落 1194:
文本内容: 图 3-3　2019-2023居民人均可支配收入情况	33
段落样式: table of figures
从样式获取的格式:
  样式字体: 未设置
  样式字号: 未设置
  样式颜色: 未设置
对齐方式: 未设置
左缩进: 未设置
右缩进: 未设置
首行缩进: 未设置
行间距: 未设置
从XML读取的格式:
  XML字号: 11.0pt
  该段落没有格式化运行文本

段落 1195:
文本内容: 图 3-4　2019-2022年中国GDP及卫生费用	34
段落样式: table of figures
从样式获取的格式:
  样式字体: 未设置
  样式字号: 未设置
  样式颜色: 未设置
对齐方式: 未设置
左缩进: 未设置
右缩进: 未设置
首行缩进: 未设置
行间距: 未设置
从XML读取的格式:
  XML字号: 11.0pt
  该段落没有格式化运行文本

段落 1196:
文本内容: 图 3-5　2020年第七次全国人口普查年龄数据	35
段落样式: table of figures
从样式获取的格式:
  样式字体: 未设置
  样式字号: 未设置
  样式颜色: 未设置
对齐方式: 未设置
左缩进: 未设置
右缩进: 未设置
首行缩进: 未设置
行间距: 未设置
从XML读取的格式:
  XML字号: 11.0pt
  该段落没有格式化运行文本

段落 1197:
文本内容: 图 3-6　2019-2023年65岁以上人口数量情况	36
段落样式: table of figures
从样式获取的格式:
  样式字体: 未设置
  样式字号: 未设置
  样式颜色: 未设置
对齐方式: 未设置
左缩进: 未设置
右缩进: 未设置
首行缩进: 未设置
行间距: 未设置
从XML读取的格式:
  XML字号: 11.0pt
  该段落没有格式化运行文本

段落 1198:
文本内容: 图 3-7　2014-2022医疗机构健康检查人数情况	37
段落样式: table of figures
从样式获取的格式:
  样式字体: 未设置
  样式字号: 未设置
  样式颜色: 未设置
对齐方式: 未设置
左缩进: 未设置
右缩进: 未设置
首行缩进: 未设置
行间距: 未设置
从XML读取的格式:
  XML字号: 11.0pt
  该段落没有格式化运行文本

段落 1199:
文本内容: 图 3-8　2019年中日美欧每百万人口眼科医生数量	38
段落样式: table of figures
从样式获取的格式:
  样式字体: 未设置
  样式字号: 未设置
  样式颜色: 未设置
对齐方式: 未设置
左缩进: 未设置
右缩进: 未设置
首行缩进: 未设置
行间距: 未设置
从XML读取的格式:
  XML字号: 11.0pt
  该段落没有格式化运行文本

段落 1200:
文本内容: 图 3-9　2019年中日美欧每百万人口眼科医院数量	39
段落样式: table of figures
从样式获取的格式:
  样式字体: 未设置
  样式字号: 未设置
  样式颜色: 未设置
对齐方式: 未设置
左缩进: 未设置
右缩进: 未设置
首行缩进: 未设置
行间距: 未设置
从XML读取的格式:
  XML字号: 11.0pt
  该段落没有格式化运行文本

段落 1201:
文本内容: 图 3-10  2018-2022高技术产业研究与试验发展经费	41
段落样式: table of figures
从样式获取的格式:
  样式字体: 未设置
  样式字号: 未设置
  样式颜色: 未设置
对齐方式: 未设置
左缩进: 未设置
右缩进: 未设置
首行缩进: 未设置
行间距: 未设置
从XML读取的格式:
  XML字号: 11.0pt
  该段落没有格式化运行文本

段落 1202:
文本内容: 图 3-11  不同波长的眼科激光眼底穿透力图	46
段落样式: table of figures
从样式获取的格式:
  样式字体: 未设置
  样式字号: 未设置
  样式颜色: 未设置
对齐方式: 未设置
左缩进: 未设置
右缩进: 未设置
首行缩进: 未设置
行间距: 未设置
从XML读取的格式:
  XML字号: 11.0pt
  该段落没有格式化运行文本

段落 1203:
文本内容: 表 3-5　2021年中国眼科医疗器械竞争格局	47
段落样式: table of figures
从样式获取的格式:
  样式字体: 未设置
  样式字号: 未设置
  样式颜色: 未设置
对齐方式: 未设置
左缩进: 未设置
右缩进: 未设置
首行缩进: 未设置
行间距: 未设置
从XML读取的格式:
  XML字号: 11.0pt
  该段落没有格式化运行文本

段落 1204:
文本内容: 表 4-1　眼视光组产品介绍	60
段落样式: table of figures
从样式获取的格式:
  样式字体: 未设置
  样式字号: 未设置
  样式颜色: 未设置
对齐方式: 未设置
左缩进: 未设置
右缩进: 未设置
首行缩进: 未设置
行间距: 未设置
从XML读取的格式:
  XML字号: 11.0pt
  该段落没有格式化运行文本

段落 1205:
文本内容: 表 4-2　白内障组产品介绍	61
段落样式: table of figures
从样式获取的格式:
  样式字体: 未设置
  样式字号: 未设置
  样式颜色: 未设置
对齐方式: 未设置
左缩进: 未设置
右缩进: 未设置
首行缩进: 未设置
行间距: 未设置
从XML读取的格式:
  XML字号: 11.0pt
  该段落没有格式化运行文本

段落 1206:
文本内容: 表 4-3　眼底病组产品介绍	62
段落样式: table of figures
从样式获取的格式:
  样式字体: 未设置
  样式字号: 未设置
  样式颜色: 未设置
对齐方式: 未设置
左缩进: 未设置
右缩进: 未设置
首行缩进: 未设置
行间距: 未设置
从XML读取的格式:
  XML字号: 11.0pt
  该段落没有格式化运行文本

段落 1207:
文本内容: 图 4-1　2016-2023 Y公司销售业绩情况及涨幅	63
段落样式: table of figures
从样式获取的格式:
  样式字体: 未设置
  样式字号: 未设置
  样式颜色: 未设置
对齐方式: 未设置
左缩进: 未设置
右缩进: 未设置
首行缩进: 未设置
行间距: 未设置
从XML读取的格式:
  XML字号: 11.0pt
  该段落没有格式化运行文本

段落 1208:
文本内容: 图 4-2　2016-2023 Y公司销售占比全国销售情况	64
段落样式: table of figures
从样式获取的格式:
  样式字体: 未设置
  样式字号: 未设置
  样式颜色: 未设置
对齐方式: 未设置
左缩进: 未设置
右缩进: 未设置
首行缩进: 未设置
行间距: 未设置
从XML读取的格式:
  XML字号: 11.0pt
  该段落没有格式化运行文本

段落 1209:
文本内容: 图 4-3　2016-2023 Y公司各省业绩情况及涨幅	65
段落样式: table of figures
从样式获取的格式:
  样式字体: 未设置
  样式字号: 未设置
  样式颜色: 未设置
对齐方式: 未设置
左缩进: 未设置
右缩进: 未设置
首行缩进: 未设置
行间距: 未设置
从XML读取的格式:
  XML字号: 11.0pt
  该段落没有格式化运行文本

段落 1210:
文本内容: 图 4-4　2016-2023 Y公司民营和公立医院销售情况	66
段落样式: table of figures
从样式获取的格式:
  样式字体: 未设置
  样式字号: 未设置
  样式颜色: 未设置
对齐方式: 未设置
左缩进: 未设置
右缩进: 未设置
首行缩进: 未设置
行间距: 未设置
从XML读取的格式:
  XML字号: 11.0pt
  该段落没有格式化运行文本

段落 1211:
文本内容: 图 4-5　2021-2023 Y公司重点产品销售情况	67
段落样式: table of figures
从样式获取的格式:
  样式字体: 未设置
  样式字号: 未设置
  样式颜色: 未设置
对齐方式: 未设置
左缩进: 未设置
右缩进: 未设置
首行缩进: 未设置
行间距: 未设置
从XML读取的格式:
  XML字号: 11.0pt
  该段落没有格式化运行文本

段落 1212:
文本内容: 图 4-6　中国眼科白内障亚专科各企业战略图	69
段落样式: table of figures
从样式获取的格式:
  样式字体: 未设置
  样式字号: 未设置
  样式颜色: 未设置
对齐方式: 未设置
左缩进: 未设置
右缩进: 未设置
首行缩进: 未设置
行间距: 未设置
从XML读取的格式:
  XML字号: 11.0pt
  该段落没有格式化运行文本

段落 1213:
文本内容: 表 4-4　Y公司各省人员配置情况	70
段落样式: table of figures
从样式获取的格式:
  样式字体: 未设置
  样式字号: 未设置
  样式颜色: 未设置
对齐方式: 未设置
左缩进: 未设置
右缩进: 未设置
首行缩进: 未设置
行间距: 未设置
从XML读取的格式:
  XML字号: 11.0pt
  该段落没有格式化运行文本

段落 1214:
文本内容: 表 4-5　访谈人员结构信息	71
段落样式: table of figures
从样式获取的格式:
  样式字体: 未设置
  样式字号: 未设置
  样式颜色: 未设置
对齐方式: 未设置
左缩进: 未设置
右缩进: 未设置
首行缩进: 未设置
行间距: 未设置
从XML读取的格式:
  XML字号: 11.0pt
  该段落没有格式化运行文本

段落 1215:
文本内容: 表 4-6　访谈主要问题整理	72
段落样式: table of figures
从样式获取的格式:
  样式字体: 未设置
  样式字号: 未设置
  样式颜色: 未设置
对齐方式: 未设置
左缩进: 未设置
右缩进: 未设置
首行缩进: 未设置
行间距: 未设置
从XML读取的格式:
  XML字号: 11.0pt
  该段落没有格式化运行文本

段落 1216:
文本内容: 表 4-7　调研问卷信度检验	74
段落样式: table of figures
从样式获取的格式:
  样式字体: 未设置
  样式字号: 未设置
  样式颜色: 未设置
对齐方式: 未设置
左缩进: 未设置
右缩进: 未设置
首行缩进: 未设置
行间距: 未设置
从XML读取的格式:
  XML字号: 11.0pt
  该段落没有格式化运行文本

段落 1217:
文本内容: 表 4-8　KMO值与巴特利特球形检验	74
段落样式: table of figures
从样式获取的格式:
  样式字体: 未设置
  样式字号: 未设置
  样式颜色: 未设置
对齐方式: 未设置
左缩进: 未设置
右缩进: 未设置
首行缩进: 未设置
行间距: 未设置
从XML读取的格式:
  XML字号: 11.0pt
  该段落没有格式化运行文本

段落 1218:
文本内容: 表 4-9　调研问卷结果第一部分	75
段落样式: table of figures
从样式获取的格式:
  样式字体: 未设置
  样式字号: 未设置
  样式颜色: 未设置
对齐方式: 未设置
左缩进: 未设置
右缩进: 未设置
首行缩进: 未设置
行间距: 未设置
从XML读取的格式:
  XML字号: 11.0pt
  该段落没有格式化运行文本

段落 1219:
文本内容: 表 4-10  调研问卷结果第二部分	76
段落样式: table of figures
从样式获取的格式:
  样式字体: 未设置
  样式字号: 未设置
  样式颜色: 未设置
对齐方式: 未设置
左缩进: 未设置
右缩进: 未设置
首行缩进: 未设置
行间距: 未设置
从XML读取的格式:
  XML字号: 11.0pt
  该段落没有格式化运行文本

段落 1220:
文本内容: 图 5-1　Y公司眼科产品STP定位图	88
段落样式: table of figures
从样式获取的格式:
  样式字体: 未设置
  样式字号: 未设置
  样式颜色: 未设置
对齐方式: 未设置
左缩进: 未设置
右缩进: 未设置
首行缩进: 未设置
行间距: 未设置
从XML读取的格式:
  XML字号: 11.0pt
  该段落没有格式化运行文本

段落 1221:
文本内容: 表 5-1　2023年度华南各省生产总值情况	88
段落样式: table of figures
从样式获取的格式:
  样式字体: 未设置
  样式字号: 未设置
  样式颜色: 未设置
对齐方式: 未设置
左缩进: 未设置
右缩进: 未设置
首行缩进: 未设置
行间距: 未设置
从XML读取的格式:
  XML字号: 11.0pt
  该段落没有格式化运行文本

段落 1222:
文本内容: 表 5-2　2023年度华南各省医院级别数量	89
段落样式: table of figures
从样式获取的格式:
  样式字体: 未设置
  样式字号: 未设置
  样式颜色: 未设置
对齐方式: 未设置
左缩进: 未设置
右缩进: 未设置
首行缩进: 未设置
行间距: 未设置
从XML读取的格式:
  XML字号: 11.0pt
  该段落没有格式化运行文本

段落 1223:
文本内容: 表 5-3　Y公司产品目标市场细分	91
段落样式: table of figures
从样式获取的格式:
  样式字体: 未设置
  样式字号: 未设置
  样式颜色: 未设置
对齐方式: 未设置
左缩进: 未设置
右缩进: 未设置
首行缩进: 未设置
行间距: 未设置
从XML读取的格式:
  XML字号: 11.0pt
  该段落没有格式化运行文本

段落 1224:
文本内容: 表 5-4　Y公司重点产品市场定位	91
段落样式: table of figures
从样式获取的格式:
  样式字体: 未设置
  样式字号: 未设置
  样式颜色: 未设置
对齐方式: 未设置
左缩进: 未设置
右缩进: 未设置
首行缩进: 未设置
行间距: 未设置
从XML读取的格式:
  XML字号: 11.0pt
  该段落没有格式化运行文本

段落 1225:
文本内容: 表 5-5　Y公司各产品组重点产品	94
段落样式: table of figures
从样式获取的格式:
  样式字体: 未设置
  样式字号: 未设置
  样式颜色: 未设置
对齐方式: 未设置
左缩进: 未设置
右缩进: 未设置
首行缩进: 未设置
行间距: 未设置
从XML读取的格式:
  XML字号: 11.0pt
  该段落没有格式化运行文本

段落 1226:
文本内容: 图 5-2　Y公司产品波士顿矩阵	95
段落样式: table of figures
从样式获取的格式:
  样式字体: 未设置
  样式字号: 未设置
  样式颜色: 未设置
对齐方式: 未设置
左缩进: 未设置
右缩进: 未设置
首行缩进: 未设置
行间距: 未设置
从XML读取的格式:
  XML字号: 11.0pt
  该段落没有格式化运行文本

段落 1227:
文本内容: 图 5-3　Y公司渠道结构优化图	98
段落样式: table of figures
从样式获取的格式:
  样式字体: 未设置
  样式字号: 未设置
  样式颜色: 未设置
对齐方式: 未设置
左缩进: 未设置
右缩进: 未设置
首行缩进: 未设置
行间距: 未设置
从XML读取的格式:
  XML字号: 11.0pt
  该段落没有格式化运行文本

段落 1228:
文本内容: 表 5-6　Y公司招代理商评估表	99
段落样式: table of figures
从样式获取的格式:
  样式字体: 未设置
  样式字号: 未设置
  样式颜色: 未设置
对齐方式: 未设置
左缩进: 未设置
右缩进: 未设置
首行缩进: 未设置
行间距: 未设置
从XML读取的格式:
  XML字号: 11.0pt
  该段落没有格式化运行文本

段落 1229:
文本内容: 图 5-4　供应和需求曲线的关系	101
段落样式: table of figures
从样式获取的格式:
  样式字体: 未设置
  样式字号: 未设置
  样式颜色: 未设置
对齐方式: 未设置
左缩进: 未设置
右缩进: 未设置
首行缩进: 未设置
行间距: 未设置
从XML读取的格式:
  XML字号: 11.0pt
  该段落没有格式化运行文本

段落 1230:
文本内容: 表 5-7　Y公司产品新媒体促销	102
段落样式: table of figures
从样式获取的格式:
  样式字体: 未设置
  样式字号: 未设置
  样式颜色: 未设置
对齐方式: 未设置
左缩进: 未设置
右缩进: 未设置
首行缩进: 未设置
行间距: 未设置
从XML读取的格式:
  XML字号: 11.0pt
  该段落没有格式化运行文本

段落 1231:
文本内容: 表 5-8　Y公司KOL分类标准	107
段落样式: table of figures
从样式获取的格式:
  样式字体: 未设置
  样式字号: 未设置
  样式颜色: 未设置
对齐方式: 未设置
左缩进: 未设置
右缩进: 未设置
首行缩进: 未设置
行间距: 未设置
从XML读取的格式:
  XML字号: 11.0pt
  该段落没有格式化运行文本

段落 1232:
文本内容: 表 5-9　Y公司KOL档案信息	107
段落样式: table of figures
从样式获取的格式:
  样式字体: 未设置
  样式字号: 未设置
  样式颜色: 未设置
对齐方式: 未设置
左缩进: 未设置
右缩进: 未设置
首行缩进: 未设置
行间距: 未设置
从XML读取的格式:
  XML字号: 11.0pt
  该段落没有格式化运行文本

段落 1233:
文本内容: 图 6-1　Y公司组织架构调整图	112
段落样式: table of figures
从样式获取的格式:
  样式字体: 未设置
  样式字号: 未设置
  样式颜色: 未设置
对齐方式: 未设置
左缩进: 未设置
右缩进: 未设置
首行缩进: 未设置
行间距: 未设置
从XML读取的格式:
  XML字号: 11.0pt
  该段落没有格式化运行文本

段落 1234:
文本内容: 图 6-2　Y公司人员配置调整图	114
段落样式: table of figures
从样式获取的格式:
  样式字体: 未设置
  样式字号: 未设置
  样式颜色: 未设置
对齐方式: 未设置
左缩进: 未设置
右缩进: 未设置
首行缩进: 未设置
行间距: 未设置
从XML读取的格式:
  XML字号: 11.0pt
  该段落没有格式化运行文本

段落 1235:
文本内容: 图 6-3　Y公司人力资源保障图	115
段落样式: table of figures
从样式获取的格式:
  样式字体: 未设置
  样式字号: 未设置
  样式颜色: 未设置
对齐方式: 未设置
左缩进: 未设置
右缩进: 未设置
首行缩进: 未设置
行间距: 未设置
从XML读取的格式:
  XML字号: 11.0pt
  该段落没有格式化运行文本

段落 1236:
文本内容: 图 6-4　Y公司信息技术保障图	116
段落样式: table of figures
从样式获取的格式:
  样式字体: 未设置
  样式字号: 未设置
  样式颜色: 未设置
对齐方式: 未设置
左缩进: 未设置
右缩进: 未设置
首行缩进: 未设置
行间距: 未设置
从XML读取的格式:
  XML字号: 11.0pt
  该段落没有格式化运行文本

段落 1237:
文本内容: 图 6-5　Y公司财务管理保障图	118
段落样式: table of figures
从样式获取的格式:
  样式字体: 未设置
  样式字号: 未设置
  样式颜色: 未设置
对齐方式: 未设置
左缩进: 未设置
右缩进: 未设置
首行缩进: 未设置
行间距: 未设置
从XML读取的格式:
  XML字号: 11.0pt
  该段落没有格式化运行文本

段落 1238:
文本内容: 图 6-6　Y公司管理制度保障图	119
段落样式: table of figures
从样式获取的格式:
  样式字体: 未设置
  样式字号: 未设置
  样式颜色: 未设置
对齐方式: 未设置
左缩进: 未设置
右缩进: 未设置
首行缩进: 未设置
行间距: 未设置
从XML读取的格式:
  XML字号: 11.0pt
  该段落没有格式化运行文本

段落 1239:
文本内容: 附录 1　访谈	123
段落样式: table of figures
从样式获取的格式:
  样式字体: 未设置
  样式字号: 未设置
  样式颜色: 未设置
对齐方式: 未设置
左缩进: 未设置
右缩进: 未设置
首行缩进: 未设置
行间距: 未设置
从XML读取的格式:
  XML字号: 11.0pt
  该段落没有格式化运行文本

段落 1240:
文本内容: 附录 2　问卷	124
段落样式: table of figures
从样式获取的格式:
  样式字体: 未设置
  样式字号: 未设置
  样式颜色: 未设置
对齐方式: 未设置
左缩进: 未设置
右缩进: 未设置
首行缩进: 未设置
行间距: 未设置
从XML读取的格式:
  XML字号: 11.0pt
  该段落没有格式化运行文本

段落 1241:
文本内容: 附录 3　图表目录	126
段落样式: table of figures
从样式获取的格式:
  样式字体: 未设置
  样式字号: 未设置
  样式颜色: 未设置
对齐方式: 未设置
左缩进: 未设置
右缩进: 未设置
首行缩进: 未设置
行间距: 未设置
从XML读取的格式:
  XML字号: 11.0pt
  该段落没有格式化运行文本

段落 1243:
文本内容: 参考文献：
段落样式: Heading 1
从样式获取的格式:
  样式字体: 未设置
  样式字号: 190500
  样式字号(pt): 15.0
  样式颜色: 未设置
对齐方式: LEFT (0)
左缩进: 未设置
右缩进: 未设置
首行缩进: 未设置
行间距: 未设置
从XML读取的格式:
  XML字号: 15.0pt
  运行 1: ''
    字体: 未设置
    大小: 未设置
    粗体: 未设置
    斜体: 未设置
    下划线: 未设置
    标准颜色: 未设置
  运行 2: '参考文献'
    字体: 未设置
    大小: 未设置
    粗体: 未设置
    斜体: 未设置
    下划线: 未设置
    标准颜色: 未设置
  运行 3: '：'
    字体: 未设置
    大小: 未设置
    粗体: 未设置
    斜体: 未设置
    下划线: 未设置
    标准颜色: 未设置
  运行 4: ''
    字体: 未设置
    大小: 未设置
    粗体: 未设置
    斜体: 未设置
    下划线: 未设置
    标准颜色: 未设置
  运行 5: ''
    字体: 未设置
    大小: 未设置
    粗体: 未设置
    斜体: 未设置
    下划线: 未设置
    标准颜色: 未设置
  运行 6: ''
    字体: 未设置
    大小: 未设置
    粗体: 未设置
    斜体: 未设置
    下划线: 未设置
    标准颜色: 未设置
  运行 7: ''
    字体: 未设置
    大小: 未设置
    粗体: 未设置
    斜体: 未设置
    下划线: 未设置
    标准颜色: 未设置
  运行 8: ''
    字体: 未设置
    大小: 未设置
    粗体: 未设置
    斜体: 未设置
    下划线: 未设置
    标准颜色: 未设置

段落 1245:
文本内容: 致　谢
段落样式: Heading 1
从样式获取的格式:
  样式字体: 未设置
  样式字号: 190500
  样式字号(pt): 15.0
  样式颜色: 未设置
对齐方式: 未设置
左缩进: 未设置
右缩进: 未设置
首行缩进: 未设置
行间距: 未设置
从XML读取的格式:
  运行 1: '致'
    字体: 未设置
    大小: 未设置
    粗体: 未设置
    斜体: 未设置
    下划线: 未设置
    标准颜色: 未设置
  运行 2: '　'
    字体: 未设置
    大小: 未设置
    粗体: 未设置
    斜体: 未设置
    下划线: 未设置
    标准颜色: 未设置
  运行 3: '谢'
    字体: 未设置
    大小: 未设置
    粗体: 未设置
    斜体: 未设置
    下划线: 未设置
    标准颜色: 未设置
  运行 4: ''
    字体: 未设置
    大小: 未设置
    粗体: 未设置
    斜体: 未设置
    下划线: 未设置
    标准颜色: 未设置
  运行 5: ''
    字体: 未设置
    大小: 未设置
    粗体: 未设置
    斜体: 未设置
    下划线: 未设置
    标准颜色: 未设置
  运行 6: ''
    字体: 未设置
    大小: 未设置
    粗体: 未设置
    斜体: 未设置
    下划线: 未设置
    标准颜色: 未设置
  运行 7: ''
    字体: 未设置
    大小: 未设置
    粗体: 未设置
    斜体: 未设置
    下划线: 未设置
    标准颜色: 未设置
  运行 8: ''
    字体: 未设置
    大小: 未设置
    粗体: 未设置
    斜体: 未设置
    下划线: 未设置
    标准颜色: 未设置

段落 1246:
文本内容: 时光荏苒，岁月如梭，近三年的研究生求学生涯转眼过去，回首厦门大学生活的美好瞬间都历历在目，饮水思其源，众多感恩之情，借此表达。
段落样式: 正文-缩进
从样式获取的格式:
  样式字体: 未设置
  样式字号: 未设置
  样式颜色: 未设置
对齐方式: 未设置
左缩进: 未设置
右缩进: 未设置
首行缩进: 未设置
行间距: 未设置
从XML读取的格式:
  运行 1: '时光荏苒，岁月如梭'
    字体: 未设置
    大小: 未设置
    粗体: 未设置
    斜体: 未设置
    下划线: 未设置
    标准颜色: 未设置
  运行 2: '，'
    字体: 未设置
    大小: 未设置
    粗体: 未设置
    斜体: 未设置
    下划线: 未设置
    标准颜色: 未设置
  运行 3: '近'
    字体: 未设置
    大小: 未设置
    粗体: 未设置
    斜体: 未设置
    下划线: 未设置
    标准颜色: 未设置
  运行 4: '三年'
    字体: 未设置
    大小: 未设置
    粗体: 未设置
    斜体: 未设置
    下划线: 未设置
    标准颜色: 未设置
  运行 5: '的研究生'
    字体: 未设置
    大小: 未设置
    粗体: 未设置
    斜体: 未设置
    下划线: 未设置
    标准颜色: 未设置
  运行 6: '求学生涯转眼过去，'
    字体: 未设置
    大小: 未设置
    粗体: 未设置
    斜体: 未设置
    下划线: 未设置
    标准颜色: 未设置
  运行 7: '回首厦门大学生活的美好瞬间都历历在目'
    字体: 未设置
    大小: 未设置
    粗体: 未设置
    斜体: 未设置
    下划线: 未设置
    标准颜色: 未设置
  运行 8: '，'
    字体: 未设置
    大小: 未设置
    粗体: 未设置
    斜体: 未设置
    下划线: 未设置
    标准颜色: 未设置
  运行 9: '饮水思其源，众多感恩之情，借此表达'
    字体: 未设置
    大小: 未设置
    粗体: 未设置
    斜体: 未设置
    下划线: 未设置
    标准颜色: 未设置
  运行 10: '。'
    字体: 未设置
    大小: 未设置
    粗体: 未设置
    斜体: 未设置
    下划线: 未设置
    标准颜色: 未设置

段落 1247:
文本内容: 感谢我的导师吴隆增教授，他深厚的学识和耐心的指导，在我论文撰写的每个阶段都给予了我宝贵的支持。从选题到提纲制定，从文献综述到开题报告，再到深度访谈和问题分析，吴老师的博学多识和不懈教诲，构成了我顺利完成学业的坚实基础。他的睿智和耐心的引导，不仅在学术上给予我深刻的启迪，更在精神上赋予了我面对未来挑战时的坚定与从容。
段落样式: 正文-缩进
从样式获取的格式:
  样式字体: 未设置
  样式字号: 未设置
  样式颜色: 未设置
对齐方式: 未设置
左缩进: 未设置
右缩进: 未设置
首行缩进: 未设置
行间距: 未设置
从XML读取的格式:
  运行 1: '感谢我的导师吴隆增教授，他深厚的学识和耐心的指导，在我论文撰写的每个阶段都给予了我宝贵的支持。'
    字体: 未设置
    大小: 未设置
    粗体: 未设置
    斜体: 未设置
    下划线: 未设置
    标准颜色: 未设置
  运行 2: '从选题到提纲制定，从文献综述到开题报告，再到深度访谈和问题'
    字体: 未设置
    大小: 未设置
    粗体: 未设置
    斜体: 未设置
    下划线: 未设置
    标准颜色: 未设置
  运行 3: '分析，'
    字体: 未设置
    大小: 未设置
    粗体: 未设置
    斜体: 未设置
    下划线: 未设置
    标准颜色: 未设置
  运行 4: '吴老师的博学多识和不懈教诲，构成了我顺利完成学业的坚实基础。他'
    字体: 未设置
    大小: 未设置
    粗体: 未设置
    斜体: 未设置
    下划线: 未设置
    标准颜色: 未设置
  运行 5: '的'
    字体: 未设置
    大小: 未设置
    粗体: 未设置
    斜体: 未设置
    下划线: 未设置
    标准颜色: 未设置
  运行 6: '睿智和耐心的引导，不仅在学术上给予我深刻的启迪，更在精神'
    字体: 未设置
    大小: 未设置
    粗体: 未设置
    斜体: 未设置
    下划线: 未设置
    标准颜色: 未设置
  运行 7: '上'
    字体: 未设置
    大小: 未设置
    粗体: 未设置
    斜体: 未设置
    下划线: 未设置
    标准颜色: 未设置
  运行 8: '赋予了我面对未来挑战时的坚定与从容。'
    字体: 未设置
    大小: 未设置
    粗体: 未设置
    斜体: 未设置
    下划线: 未设置
    标准颜色: 未设置

段落 1248:
文本内容: 感谢厦门大学MBA中心每位教师给予的帮助和支持，是你们所教授的管理学知识和案例分析极大地拓宽了我的视野，丰富了我的知识体系，加深了我对商业和社会责任的理解。感谢厦门大学MBA的同学们和校友们，是你们对学习和生活的热爱，以及积极向上的精神，为我留下了宝贵的记忆。真挚的友谊是无价之宝，我衷心祝愿各位未来能够取得更加辉煌的成就。
段落样式: 正文-缩进
从样式获取的格式:
  样式字体: 未设置
  样式字号: 未设置
  样式颜色: 未设置
对齐方式: 未设置
左缩进: 未设置
右缩进: 未设置
首行缩进: 未设置
行间距: 未设置
从XML读取的格式:
  运行 1: '感谢厦门大学'
    字体: 未设置
    大小: 未设置
    粗体: 未设置
    斜体: 未设置
    下划线: 未设置
    标准颜色: 未设置
  运行 2: 'MBA'
    字体: 未设置
    大小: 未设置
    粗体: 未设置
    斜体: 未设置
    下划线: 未设置
    标准颜色: 未设置
  运行 3: '中心'
    字体: 未设置
    大小: 未设置
    粗体: 未设置
    斜体: 未设置
    下划线: 未设置
    标准颜色: 未设置
  运行 4: '每位'
    字体: 未设置
    大小: 未设置
    粗体: 未设置
    斜体: 未设置
    下划线: 未设置
    标准颜色: 未设置
  运行 5: '教师'
    字体: 未设置
    大小: 未设置
    粗体: 未设置
    斜体: 未设置
    下划线: 未设置
    标准颜色: 未设置
  运行 6: '给予的帮助和支持'
    字体: 未设置
    大小: 未设置
    粗体: 未设置
    斜体: 未设置
    下划线: 未设置
    标准颜色: 未设置
  运行 7: '，'
    字体: 未设置
    大小: 未设置
    粗体: 未设置
    斜体: 未设置
    下划线: 未设置
    标准颜色: 未设置
  运行 8: '是'
    字体: 未设置
    大小: 未设置
    粗体: 未设置
    斜体: 未设置
    下划线: 未设置
    标准颜色: 未设置
  运行 9: '你们所教授的管理学知识和案例分析极大地拓宽了我的视野，丰富了我的知识体系，加深了我对商业和社会责任的理解。'
    字体: 未设置
    大小: 未设置
    粗体: 未设置
    斜体: 未设置
    下划线: 未设置
    标准颜色: 未设置
  运行 10: '感谢厦门大学'
    字体: 未设置
    大小: 未设置
    粗体: 未设置
    斜体: 未设置
    下划线: 未设置
    标准颜色: 未设置
  运行 11: 'MBA'
    字体: 未设置
    大小: 未设置
    粗体: 未设置
    斜体: 未设置
    下划线: 未设置
    标准颜色: 未设置
  运行 12: '的'
    字体: 未设置
    大小: 未设置
    粗体: 未设置
    斜体: 未设置
    下划线: 未设置
    标准颜色: 未设置
  运行 13: '同学们和校友们，是你们对学习和生活的热爱，以及积极向上的精神，为我留下了宝贵的记忆。真挚的友谊是无价之宝，我衷心祝愿各位未来能够取得更加辉煌的成就。'
    字体: 未设置
    大小: 未设置
    粗体: 未设置
    斜体: 未设置
    下划线: 未设置
    标准颜色: 未设置

段落 1249:
文本内容: 特别感谢Y公司的所有领导和同事们，在忙碌的工作之余，你们为我的论文提供了宝贵的数据和资料，并且在访谈和问卷调查中给予了巨大的帮助。你们在商业实践中的智慧和经验给了我极大的启发。
段落样式: 正文-缩进
从样式获取的格式:
  样式字体: 未设置
  样式字号: 未设置
  样式颜色: 未设置
对齐方式: 未设置
左缩进: 未设置
右缩进: 未设置
首行缩进: 未设置
行间距: 未设置
从XML读取的格式:
  运行 1: '特别感谢'
    字体: 未设置
    大小: 未设置
    粗体: 未设置
    斜体: 未设置
    下划线: 未设置
    标准颜色: 未设置
  运行 2: 'Y'
    字体: 未设置
    大小: 未设置
    粗体: 未设置
    斜体: 未设置
    下划线: 未设置
    标准颜色: 未设置
  运行 3: '公司的所有领导和同事们，在忙碌的工作之余，你们为我的论文提供了宝贵的数据和资料，并且在'
    字体: 未设置
    大小: 未设置
    粗体: 未设置
    斜体: 未设置
    下划线: 未设置
    标准颜色: 未设置
  运行 4: '访谈和'
    字体: 未设置
    大小: 未设置
    粗体: 未设置
    斜体: 未设置
    下划线: 未设置
    标准颜色: 未设置
  运行 5: '问卷调查中给予了巨大的帮助。你们在商业实践中的智慧和经验给了我极大的启发。'
    字体: 未设置
    大小: 未设置
    粗体: 未设置
    斜体: 未设置
    下划线: 未设置
    标准颜色: 未设置

段落 1250:
文本内容: 感谢我的家人，感谢你们三年来对我的学业的支持和理解，为我创造了一个专注的学习环境，让我能够顺利完成毕业论文。
段落样式: 正文-缩进
从样式获取的格式:
  样式字体: 未设置
  样式字号: 未设置
  样式颜色: 未设置
对齐方式: 未设置
左缩进: 未设置
右缩进: 未设置
首行缩进: 未设置
行间距: 未设置
从XML读取的格式:
  运行 1: '感谢我的家人，感谢你们三年来对我的学业的支持和理解，为我创造了一个专注的学习环境，'
    字体: 未设置
    大小: 未设置
    粗体: 未设置
    斜体: 未设置
    下划线: 未设置
    标准颜色: 未设置
  运行 2: '让我'
    字体: 未设置
    大小: 未设置
    粗体: 未设置
    斜体: 未设置
    下划线: 未设置
    标准颜色: 未设置
  运行 3: '能够顺利完成毕业论文。'
    字体: 未设置
    大小: 未设置
    粗体: 未设置
    斜体: 未设置
    下划线: 未设置
    标准颜色: 未设置

段落 1254:
文本内容: 林振伟
段落样式: 正文-缩进
从样式获取的格式:
  样式字体: 未设置
  样式字号: 未设置
  样式颜色: 未设置
对齐方式: RIGHT (2)
左缩进: 未设置
右缩进: 未设置
首行缩进: 0
行间距: 未设置
从XML读取的格式:
  运行 1: '林振伟'
    字体: 未设置
    大小: 未设置
    粗体: 未设置
    斜体: 未设置
    下划线: 未设置
    标准颜色: 未设置

段落 1255:
文本内容: 2024年9月
段落样式: 正文-缩进
从样式获取的格式:
  样式字体: 未设置
  样式字号: 未设置
  样式颜色: 未设置
对齐方式: RIGHT (2)
左缩进: 未设置
右缩进: 未设置
首行缩进: 0
行间距: 未设置
从XML读取的格式:
  运行 1: '2024'
    字体: 未设置
    大小: 未设置
    粗体: 未设置
    斜体: 未设置
    下划线: 未设置
    标准颜色: 未设置
  运行 2: '年'
    字体: 未设置
    大小: 未设置
    粗体: 未设置
    斜体: 未设置
    下划线: 未设置
    标准颜色: 未设置
  运行 3: '9'
    字体: 未设置
    大小: 未设置
    粗体: 未设置
    斜体: 未设置
    下划线: 未设置
    标准颜色: 未设置
  运行 4: '月'
    字体: 未设置
    大小: 未设置
    粗体: 未设置
    斜体: 未设置
    下划线: 未设置
    标准颜色: 未设置

表格信息:

表格 1: 6行 x 3列
  行 1: ['发布时间', '政策名称', '重点内容']
  行 2: ['2023年08月', '《2023年全国综合防控儿童青少年近视重点工作计划》', '定期进行儿童视力监测、完成近儿童视率核定等主要任务。']
  行 3: ['2022年01月', '《“十四五”全国眼健康规划（2021-2025年）》', '“十四五”期间，我国将进一步构建优质高效的眼健康服务体系，努力为人民群众提供覆盖全生命期的眼健康服务。']
  ...

表格 2: 3行 x 6列
  行 1: ['部门', '销售部', '技术工程部', '市场部', '综合管理部', '合计']
  行 2: ['人数', '29', '28', '11', '18', '86']
  行 3: ['占比', '33.72%', '32.56%', '12.80%', '20.92%', '100%']

表格 3: 3行 x 7列
  行 1: ['省区', '广东海南', '广西', '福建', '湖南', '综合部', '合计']
  行 2: ['人数', '36', '10', '10', '12', '18', '86']
  行 3: ['占比', '41.86%', '11.63%', '11.63%', '13.96%', '20.93%', '100%']

表格 4: 5行 x 3列
  行 1: ['发布时间', '政策名称', '重点内容']
  行 2: ['2021年09月', '闽采购[2021]6号《福建省财政厅关于进一步做好政府采购进口产品审核工作的通知》', '要求采购单位对产品性能与业务需求的关联性进行充分论证，不得脱离业务需求而盲目追求性能先进的进口产品。']
  行 3: ['2021年05月', '财库便函[2021]551号《进口产品政府采购审查指导准则》', '明确规定了政府组织机关采购医疗器械及仪器的国产比例要求。']
  ...

表格 5: 5行 x 3列
  行 1: ['发布时间', '政策名称', '重点内容']
  行 2: ['2021年06月', '国务院令第739号《医疗器械监督管理条例》', '五项政策：上市持有人制度、UDI实现医疗器械可追溯等。鼓励境外创新医疗器械进入中国；加强对违法个人处罚力度。']
  行 3: ['2019年12月', '国家局令第21号《药品、医疗器械、保健食品、特殊医学用途配方食品广告审查管理暂行办法》', '明确“三品一械”广告审查管理机构职能与分工；严格“三品一械”广告审查标准；明确并精简“三品一械”广告应当显著标明的内容；进一步明确“三品一械”广告公开时间、途径及内容。']
  ...

表格 6: 9行 x 7列
  行 1: ['眼科亚专科', '视光', '视光', '白内障', '白内障', '眼底病', '眼底病']
  行 2: ['功能', '诊断', '治疗', '诊断', '治疗', '诊断', '治疗']
  行 3: ['蔡司', 'O', '', 'O', 'O', 'O', 'O']
  ...

表格 7: 23行 x 4列
  行 1: ['类别', '产品名称', '型号', '主要功能']
  行 2: ['门诊检查组', '自动电脑验光仪', 'AR-1', '电脑验光']
  行 3: ['门诊检查组', '自动电脑验光仪', 'AR-1a', '电脑验光、调节力测试、后照拍摄']
  ...

表格 8: 6行 x 4列
  行 1: ['类别', '产品名称', '型号', '主要功能']
  行 2: ['白内障组', '光干涉式\n眼轴长测量仪', 'AL-Scan', '对角膜曲率半径、角膜厚度、前房深度、眼轴长度等各类眼球结构部位的尺寸进行光学测定，以及通过超声波对眼轴长度及角膜厚度进行测量来为诊断提供依据。']
  行 3: ['白内障组', '角膜内皮显微镜', 'CEM-530', '观察、拍摄或记录角膜内皮细胞的影像,以便为诊断提供电子成像信息。']
  ...

表格 9: 6行 x 4列
  行 1: ['类别', '产品名称', '型号', '主要功能']
  行 2: ['眼底组', '眼底照相机', 'AFC-330', '通过瞳孔观察眼底，拍摄并记录，为诊断提供眼底影像信息。']
  行 3: ['眼底组', '眼科诊断仪', 'Mirante SLO/OCT', '供眼科进行脉络膜、视网膜结构的观察成像。用于获取眼前节、眼后节组织的断层扫描信息，具有测量功能。']
  ...

表格 10: 5行 x 6列
  行 1: ['省区', '销售人员', '技术工程师', '市场人员', '合计', '占比']
  行 2: ['广东海南', '15', '16', '5', '36', '41.86%']
  行 3: ['福建', '4', '4', '2', '10', '11.63%']
  ...

表格 11: 4行 x 6列
  行 1: ['学历', '人数', '占比', '服务时间', '人数', '占比']
  行 2: ['研究生学历', '1', '5.26%', '3年及以下', '5', '26.32%']
  行 3: ['本科学历', '5', '26.32%', '3-5年', '2', '10.53%']
  ...

表格 12: 9行 x 4列
  行 1: ['序号', '问题描述', '提及人数（人）', '比例（%）']
  行 2: ['1', '缺乏品牌定位建设', '16', '84.21%']
  行 3: ['2', '临床应用支持度低', '15', '78.95%']
  ...

表格 13: 2行 x 10列
  行 1: ['调查\n项目', '市场定位', '产品', '价格', '渠道', '促销', '人员', '服务', '有形\n展示', '总体\n信度']
  行 2: ['克隆巴赫 Alpha', '0.830', '0.824', '0.803', '0.829', '0.848', '0.981', '0.807', '0.840', '0.874']

表格 14: 4行 x 3列
  行 1: ['KMO 取样适切性量数', '', '0.857']
  行 2: ['巴特利特球形度检验', '近似卡方', '8731.014']
  行 3: ['', '自由度', '406']
  ...

表格 15: 25行 x 4列
  行 1: ['类别', '选项', '频数', '百分比']
  行 2: ['职业', '公立医疗机构', '236', '74.0%']
  行 3: ['职业', '民营医疗机构', '19', '6.0%']
  ...

表格 16: 24行 x 6列
  行 1: ['问题描述', '完全不符合', '完全不符合', '', '完全符合', '完全符合']
  行 2: ['问题描述', '1', '2', '3', '4', '5']
  行 3: ['6. 您认为Y医疗设备为高端市场定位', '9.4%', '2.0%', '47.6%', '6.0%', '5.0%']
  ...

表格 17: 6行 x 3列
  行 1: ['省区', '地区生产总值', '生产总值指数（上年=100）']
  行 2: ['广东', '129,513.6', '104.8']
  行 3: ['海南', '7,551.2', '109.2']
  ...

表格 18: 7行 x 5列
  行 1: ['省区', '三级医院', '二级医院', '一级及以下医疗', '合计']
  行 2: ['广东', '270', '644', '468', '1382']
  行 3: ['海南', '15', '56', '33', '104']
  ...

表格 19: 4行 x 4列
  行 1: ['医院级别', '视光类产品', '白内障产品', '眼底疾病产品']
  行 2: ['三级医院', 'ARK-1a\nARK-1s\nHandyRef-K', 'OPD-Scan III\nCV-9000 R', 'Mirante SLO/OCT\nMP-3']
  行 3: ['二级医院', 'ARK-1\nRT5100', 'CV-9000 R\nCEM-530\nAL-Scan', 'RS-3000\nAdvance']
  ...

表格 20: 3行 x 4列
  行 1: ['市场级别', '视光类产品', '白内障产品', '眼底疾病产品']
  行 2: ['高端市场', 'ARK-1a\nARK-1s', 'OPD-Scan III\n', 'MP-3\nMirante SLO/OCT']
  行 3: ['中端市场', 'HandyRef-K\nRT5100', 'CV-9000 R\nCEM-530', 'RS-3000Advance\nRS-330']

表格 21: 7行 x 4列
  行 1: ['类别', '产品名称', '型号', '主要功能']
  行 2: ['门诊检查组', '自动电脑验光仪', 'ARK-1s', '常规眼光，调节力、眩光测试']
  行 3: ['门诊检查组', '非接触眼压计', 'NT-530P', '测量眼压、角膜测厚']
  ...

表格 22: 7行 x 5列
  行 1: ['评估项目', '权重', '评估内容', '分值', '评估得分']
  行 2: ['营销能力', '40%', '1.核心客户数量\n2.医院关系网\n3.团队营销水平', '20\n10\n10', '\n\n']
  行 3: ['管理能力', '10%', '1.人力资源现状\n2.营销队伍稳定性\n3.以为合作者口碑', '4\n3\n3', '\n\n']
  ...

表格 23: 5行 x 4列
  行 1: ['新媒体类型', '合作方', '合作方式', '适合产品']
  行 2: ['抖音', '医师博主', '设备使用体验', '视光组、白内障组']
  行 3: ['小红书', '医师博主及用户博主', '设备诊疗体验', '视光组、白内障组']
  ...

表格 24: 4行 x 2列
  行 1: ['专家级别', 'KOL分级标准']
  行 2: ['全国级眼科专家', '眼科学分会各学组主委/知名三级医院专家教授']
  行 3: ['省级眼科专家', '省级三甲医院主任／省级主委或副主委／省级眼科青委\ue5d2']
  ...

表格 25: 9行 x 2列
  行 1: ['基本信息', '学术影响力信息']
  行 2: ['1、姓名', '1、对公司产品的态度']
  行 3: ['2、医院级别、名称', '2、眼科产品使用倾向']
  ...

表格 26: 23行 x 6列
  行 1: ['描述', '完全不符合', '完全不符合', '', '完全符合', '完全符合']
  行 2: ['6. 您认为Y医疗设备为高端市场定位', '1', '2', '3', '4', '5']
  行 3: ['7. Y医疗设备售后服务好', '1', '2', '3', '4', '5']
  ...

页眉页脚信息:
页眉: 无内容
页脚: 无内容
PASSED

============================== 3 passed in 10.01s ==============================
