
==================================================

==================================================
Time: 2025-02-22 18:07:20
File name: app.docx
File size: 10084 bytes
Content type: application/vnd.openxmlformats-officedocument.wordprocessingml.document
Template: sunshine

==================================================
Time: 2025-02-22 20:25:22
File name: document.zip
File size: 0 bytes
Content type: application/zip
Template: sunshine

==================================================
Time: 2025-02-22 20:28:23
File name: document.zip
File size: 0 bytes
Content type: application/zip
Template: sunshine

==================================================
Time: 2025-02-22 20:40:10
File name: document.zip
File size: 0 bytes
Content type: application/zip
Template: sunshine

==================================================
Time: 2025-02-22 21:00:48
File name: document.zip
File size: 0 bytes
Content type: application/zip
Template: sunshine

==================================================
Time: 2025-02-22 21:00:50
File name: document.zip
File size: 0 bytes
Content type: application/zip
Template: sunshine

==================================================
Time: 2025-02-22 21:14:41
File name: document.zip
File size: 0 bytes
Content type: application/zip
Template: sunshine

==================================================
Time: 2025-02-22 21:14:45
File name: document.zip
File size: 0 bytes
Content type: application/zip
Template: sunshine

==================================================
Time: 2025-02-22 21:17:07
File name: document.zip
File size: 0 bytes
Content type: application/zip
Template: xmu

==================================================
Time: 2025-02-22 21:33:21
File name: document.zip
File size: 0 bytes
Content type: application/zip
Template: xmu

==================================================
Time: 2025-02-23 14:13:04
File name: document.zip
File size: 0 bytes
Content type: application/zip
Template: sunshine

==================================================
Time: 2025-02-23 14:14:56
File name: document.zip
File size: 0 bytes
Content type: application/zip
Template: sunshine

==================================================
Time: 2025-02-23 14:22:26
File name: document.zip
File size: 0 bytes
Content type: application/zip
Template: xmu

==================================================
Time: 2025-02-23 14:24:19
File name: document.zip
File size: 0 bytes
Content type: application/zip
Template: sunshine

==================================================
Time: 2025-03-11 20:59:57
File name: document.zip
File size: 0 bytes
Content type: application/zip
Template: sunshine

==================================================
Time: 2025-03-11 21:00:01
File name: document.zip
File size: 0 bytes
Content type: application/zip
Template: sunshine

==================================================
Time: 2025-03-11 21:08:34
File name: document.zip
File size: 0 bytes
Content type: application/zip
Template: sunshine

==================================================
Time: 2025-03-11 21:26:13
File name: document.zip
File size: 0 bytes
Content type: application/zip
Template: sunshine

==================================================
Time: 2025-03-11 21:30:47
File name: document.zip
File size: 0 bytes
Content type: application/zip
Template: xmu
